=== limite de descriptores: 65536 (hard: 65536) ===
=== nmi_watchdog: 1 ===
=== perf_event_paranoid: 1 ===
=== Compilando ===
    ok

=== Campana V5: 576 ejecuciones ===
    tamanos : S0 S1 S2 S3 S4 S5
    hilos   : 8 16 32 64 128 256
    configs : 8
    reps=150  warmup=5  semilla=42  avg_nnz=32
    familia de rellenos: any  (any=trafico, dmnd=tiempo muerto)

[1/576] stencil_S0_t8_base
[2/576] spmv_static_S0_t8_base
[3/576] stencil_S0_t8_bind_close
[4/576] spmv_static_S0_t8_bind_close
[5/576] stencil_S0_t8_bind_spread
[6/576] spmv_static_S0_t8_bind_spread
[7/576] stencil_S0_t8_interleave
[8/576] spmv_static_S0_t8_interleave
[9/576] stencil_S0_t8_bind_close_il
[10/576] spmv_static_S0_t8_bind_close_il
[11/576] stencil_S0_t8_bind_spread_il
[12/576] spmv_static_S0_t8_bind_spread_il
[13/576] stencil_S0_t8_obs
[14/576] spmv_static_S0_t8_obs
[15/576] stencil_S0_t8_scheduler
[16/576] spmv_static_S0_t8_scheduler
[17/576] stencil_S0_t16_base
[18/576] spmv_static_S0_t16_base
[19/576] stencil_S0_t16_bind_close
[20/576] spmv_static_S0_t16_bind_close
[21/576] stencil_S0_t16_bind_spread
[22/576] spmv_static_S0_t16_bind_spread
[23/576] stencil_S0_t16_interleave
[24/576] spmv_static_S0_t16_interleave
[25/576] stencil_S0_t16_bind_close_il
[26/576] spmv_static_S0_t16_bind_close_il
[27/576] stencil_S0_t16_bind_spread_il
[28/576] spmv_static_S0_t16_bind_spread_il
[29/576] stencil_S0_t16_obs
[30/576] spmv_static_S0_t16_obs
[31/576] stencil_S0_t16_scheduler
[32/576] spmv_static_S0_t16_scheduler
[33/576] stencil_S0_t32_base
[34/576] spmv_static_S0_t32_base
[35/576] stencil_S0_t32_bind_close
[36/576] spmv_static_S0_t32_bind_close
[37/576] stencil_S0_t32_bind_spread
[38/576] spmv_static_S0_t32_bind_spread
[39/576] stencil_S0_t32_interleave
[40/576] spmv_static_S0_t32_interleave
[41/576] stencil_S0_t32_bind_close_il
[42/576] spmv_static_S0_t32_bind_close_il
[43/576] stencil_S0_t32_bind_spread_il
[44/576] spmv_static_S0_t32_bind_spread_il
[45/576] stencil_S0_t32_obs
[46/576] spmv_static_S0_t32_obs
[47/576] stencil_S0_t32_scheduler
[48/576] spmv_static_S0_t32_scheduler
[49/576] stencil_S0_t64_base
[50/576] spmv_static_S0_t64_base
[51/576] stencil_S0_t64_bind_close
[52/576] spmv_static_S0_t64_bind_close
[53/576] stencil_S0_t64_bind_spread
[54/576] spmv_static_S0_t64_bind_spread
[55/576] stencil_S0_t64_interleave
[56/576] spmv_static_S0_t64_interleave
[57/576] stencil_S0_t64_bind_close_il
[58/576] spmv_static_S0_t64_bind_close_il
[59/576] stencil_S0_t64_bind_spread_il
[60/576] spmv_static_S0_t64_bind_spread_il
[61/576] stencil_S0_t64_obs
[62/576] spmv_static_S0_t64_obs
[63/576] stencil_S0_t64_scheduler
[64/576] spmv_static_S0_t64_scheduler
[65/576] stencil_S0_t128_base
[66/576] spmv_static_S0_t128_base
[67/576] stencil_S0_t128_bind_close
[68/576] spmv_static_S0_t128_bind_close
[69/576] stencil_S0_t128_bind_spread
[70/576] spmv_static_S0_t128_bind_spread
[71/576] stencil_S0_t128_interleave
[72/576] spmv_static_S0_t128_interleave
[73/576] stencil_S0_t128_bind_close_il
[74/576] spmv_static_S0_t128_bind_close_il
[75/576] stencil_S0_t128_bind_spread_il
[76/576] spmv_static_S0_t128_bind_spread_il
[77/576] stencil_S0_t128_obs
[78/576] spmv_static_S0_t128_obs
[79/576] stencil_S0_t128_scheduler
[80/576] spmv_static_S0_t128_scheduler
[81/576] stencil_S0_t256_base
[82/576] spmv_static_S0_t256_base
[83/576] stencil_S0_t256_bind_close
[84/576] spmv_static_S0_t256_bind_close
[85/576] stencil_S0_t256_bind_spread
[86/576] spmv_static_S0_t256_bind_spread
[87/576] stencil_S0_t256_interleave
[88/576] spmv_static_S0_t256_interleave
[89/576] stencil_S0_t256_bind_close_il
[90/576] spmv_static_S0_t256_bind_close_il
[91/576] stencil_S0_t256_bind_spread_il
[92/576] spmv_static_S0_t256_bind_spread_il
[93/576] stencil_S0_t256_obs
[94/576] spmv_static_S0_t256_obs
[95/576] stencil_S0_t256_scheduler
[96/576] spmv_static_S0_t256_scheduler
[97/576] stencil_S1_t8_base
[98/576] spmv_static_S1_t8_base
[99/576] stencil_S1_t8_bind_close
[100/576] spmv_static_S1_t8_bind_close
[101/576] stencil_S1_t8_bind_spread
[102/576] spmv_static_S1_t8_bind_spread
[103/576] stencil_S1_t8_interleave
[104/576] spmv_static_S1_t8_interleave
[105/576] stencil_S1_t8_bind_close_il
[106/576] spmv_static_S1_t8_bind_close_il
[107/576] stencil_S1_t8_bind_spread_il
[108/576] spmv_static_S1_t8_bind_spread_il
[109/576] stencil_S1_t8_obs
[110/576] spmv_static_S1_t8_obs
[111/576] stencil_S1_t8_scheduler
[112/576] spmv_static_S1_t8_scheduler
[113/576] stencil_S1_t16_base
[114/576] spmv_static_S1_t16_base
[115/576] stencil_S1_t16_bind_close
[116/576] spmv_static_S1_t16_bind_close
[117/576] stencil_S1_t16_bind_spread
[118/576] spmv_static_S1_t16_bind_spread
[119/576] stencil_S1_t16_interleave
[120/576] spmv_static_S1_t16_interleave
[121/576] stencil_S1_t16_bind_close_il
[122/576] spmv_static_S1_t16_bind_close_il
[123/576] stencil_S1_t16_bind_spread_il
[124/576] spmv_static_S1_t16_bind_spread_il
[125/576] stencil_S1_t16_obs
[126/576] spmv_static_S1_t16_obs
[127/576] stencil_S1_t16_scheduler
[128/576] spmv_static_S1_t16_scheduler
[129/576] stencil_S1_t32_base
[130/576] spmv_static_S1_t32_base
[131/576] stencil_S1_t32_bind_close
[132/576] spmv_static_S1_t32_bind_close
[133/576] stencil_S1_t32_bind_spread
[134/576] spmv_static_S1_t32_bind_spread
[135/576] stencil_S1_t32_interleave
[136/576] spmv_static_S1_t32_interleave
[137/576] stencil_S1_t32_bind_close_il
[138/576] spmv_static_S1_t32_bind_close_il
[139/576] stencil_S1_t32_bind_spread_il
[140/576] spmv_static_S1_t32_bind_spread_il
[141/576] stencil_S1_t32_obs
[142/576] spmv_static_S1_t32_obs
[143/576] stencil_S1_t32_scheduler
[144/576] spmv_static_S1_t32_scheduler
[145/576] stencil_S1_t64_base
[146/576] spmv_static_S1_t64_base
[147/576] stencil_S1_t64_bind_close
[148/576] spmv_static_S1_t64_bind_close
[149/576] stencil_S1_t64_bind_spread
[150/576] spmv_static_S1_t64_bind_spread
[151/576] stencil_S1_t64_interleave
[152/576] spmv_static_S1_t64_interleave
[153/576] stencil_S1_t64_bind_close_il
[154/576] spmv_static_S1_t64_bind_close_il
[155/576] stencil_S1_t64_bind_spread_il
[156/576] spmv_static_S1_t64_bind_spread_il
[157/576] stencil_S1_t64_obs
[158/576] spmv_static_S1_t64_obs
[159/576] stencil_S1_t64_scheduler
[160/576] spmv_static_S1_t64_scheduler
[161/576] stencil_S1_t128_base
[162/576] spmv_static_S1_t128_base
[163/576] stencil_S1_t128_bind_close
[164/576] spmv_static_S1_t128_bind_close
[165/576] stencil_S1_t128_bind_spread
[166/576] spmv_static_S1_t128_bind_spread
[167/576] stencil_S1_t128_interleave
[168/576] spmv_static_S1_t128_interleave
[169/576] stencil_S1_t128_bind_close_il
[170/576] spmv_static_S1_t128_bind_close_il
[171/576] stencil_S1_t128_bind_spread_il
[172/576] spmv_static_S1_t128_bind_spread_il
[173/576] stencil_S1_t128_obs
[174/576] spmv_static_S1_t128_obs
[175/576] stencil_S1_t128_scheduler
[176/576] spmv_static_S1_t128_scheduler
[177/576] stencil_S1_t256_base
[178/576] spmv_static_S1_t256_base
[179/576] stencil_S1_t256_bind_close
[180/576] spmv_static_S1_t256_bind_close
[181/576] stencil_S1_t256_bind_spread
[182/576] spmv_static_S1_t256_bind_spread
[183/576] stencil_S1_t256_interleave
[184/576] spmv_static_S1_t256_interleave
[185/576] stencil_S1_t256_bind_close_il
[186/576] spmv_static_S1_t256_bind_close_il
[187/576] stencil_S1_t256_bind_spread_il
[188/576] spmv_static_S1_t256_bind_spread_il
[189/576] stencil_S1_t256_obs
[190/576] spmv_static_S1_t256_obs
[191/576] stencil_S1_t256_scheduler
[192/576] spmv_static_S1_t256_scheduler
[193/576] stencil_S2_t8_base
[194/576] spmv_static_S2_t8_base
[195/576] stencil_S2_t8_bind_close
[196/576] spmv_static_S2_t8_bind_close
[197/576] stencil_S2_t8_bind_spread
[198/576] spmv_static_S2_t8_bind_spread
[199/576] stencil_S2_t8_interleave
[200/576] spmv_static_S2_t8_interleave
[201/576] stencil_S2_t8_bind_close_il
[202/576] spmv_static_S2_t8_bind_close_il
[203/576] stencil_S2_t8_bind_spread_il
[204/576] spmv_static_S2_t8_bind_spread_il
[205/576] stencil_S2_t8_obs
[206/576] spmv_static_S2_t8_obs
[207/576] stencil_S2_t8_scheduler
[208/576] spmv_static_S2_t8_scheduler
[209/576] stencil_S2_t16_base
[210/576] spmv_static_S2_t16_base
[211/576] stencil_S2_t16_bind_close
[212/576] spmv_static_S2_t16_bind_close
[213/576] stencil_S2_t16_bind_spread
[214/576] spmv_static_S2_t16_bind_spread
[215/576] stencil_S2_t16_interleave
[216/576] spmv_static_S2_t16_interleave
[217/576] stencil_S2_t16_bind_close_il
[218/576] spmv_static_S2_t16_bind_close_il
[219/576] stencil_S2_t16_bind_spread_il
[220/576] spmv_static_S2_t16_bind_spread_il
[221/576] stencil_S2_t16_obs
[222/576] spmv_static_S2_t16_obs
[223/576] stencil_S2_t16_scheduler
[224/576] spmv_static_S2_t16_scheduler
[225/576] stencil_S2_t32_base
[226/576] spmv_static_S2_t32_base
[227/576] stencil_S2_t32_bind_close
[228/576] spmv_static_S2_t32_bind_close
[229/576] stencil_S2_t32_bind_spread
[230/576] spmv_static_S2_t32_bind_spread
[231/576] stencil_S2_t32_interleave
[232/576] spmv_static_S2_t32_interleave
[233/576] stencil_S2_t32_bind_close_il
[234/576] spmv_static_S2_t32_bind_close_il
[235/576] stencil_S2_t32_bind_spread_il
[236/576] spmv_static_S2_t32_bind_spread_il
[237/576] stencil_S2_t32_obs
[238/576] spmv_static_S2_t32_obs
[239/576] stencil_S2_t32_scheduler
[240/576] spmv_static_S2_t32_scheduler
[241/576] stencil_S2_t64_base
[242/576] spmv_static_S2_t64_base
[243/576] stencil_S2_t64_bind_close
[244/576] spmv_static_S2_t64_bind_close
[245/576] stencil_S2_t64_bind_spread
[246/576] spmv_static_S2_t64_bind_spread
[247/576] stencil_S2_t64_interleave
[248/576] spmv_static_S2_t64_interleave
[249/576] stencil_S2_t64_bind_close_il
[250/576] spmv_static_S2_t64_bind_close_il
[251/576] stencil_S2_t64_bind_spread_il
[252/576] spmv_static_S2_t64_bind_spread_il
[253/576] stencil_S2_t64_obs
[254/576] spmv_static_S2_t64_obs
[255/576] stencil_S2_t64_scheduler
[256/576] spmv_static_S2_t64_scheduler
[257/576] stencil_S2_t128_base
[258/576] spmv_static_S2_t128_base
[259/576] stencil_S2_t128_bind_close
[260/576] spmv_static_S2_t128_bind_close
[261/576] stencil_S2_t128_bind_spread
[262/576] spmv_static_S2_t128_bind_spread
[263/576] stencil_S2_t128_interleave
[264/576] spmv_static_S2_t128_interleave
[265/576] stencil_S2_t128_bind_close_il
[266/576] spmv_static_S2_t128_bind_close_il
[267/576] stencil_S2_t128_bind_spread_il
[268/576] spmv_static_S2_t128_bind_spread_il
[269/576] stencil_S2_t128_obs
[270/576] spmv_static_S2_t128_obs
[271/576] stencil_S2_t128_scheduler
[272/576] spmv_static_S2_t128_scheduler
[273/576] stencil_S2_t256_base
[274/576] spmv_static_S2_t256_base
[275/576] stencil_S2_t256_bind_close
[276/576] spmv_static_S2_t256_bind_close
[277/576] stencil_S2_t256_bind_spread
[278/576] spmv_static_S2_t256_bind_spread
[279/576] stencil_S2_t256_interleave
[280/576] spmv_static_S2_t256_interleave
[281/576] stencil_S2_t256_bind_close_il
[282/576] spmv_static_S2_t256_bind_close_il
[283/576] stencil_S2_t256_bind_spread_il
[284/576] spmv_static_S2_t256_bind_spread_il
[285/576] stencil_S2_t256_obs
[286/576] spmv_static_S2_t256_obs
[287/576] stencil_S2_t256_scheduler
[288/576] spmv_static_S2_t256_scheduler
[289/576] stencil_S3_t8_base
[290/576] spmv_static_S3_t8_base
[291/576] stencil_S3_t8_bind_close
[292/576] spmv_static_S3_t8_bind_close
[293/576] stencil_S3_t8_bind_spread
[294/576] spmv_static_S3_t8_bind_spread
[295/576] stencil_S3_t8_interleave
[296/576] spmv_static_S3_t8_interleave
[297/576] stencil_S3_t8_bind_close_il
[298/576] spmv_static_S3_t8_bind_close_il
[299/576] stencil_S3_t8_bind_spread_il
[300/576] spmv_static_S3_t8_bind_spread_il
[301/576] stencil_S3_t8_obs
[302/576] spmv_static_S3_t8_obs
[303/576] stencil_S3_t8_scheduler
[304/576] spmv_static_S3_t8_scheduler
[305/576] stencil_S3_t16_base
[306/576] spmv_static_S3_t16_base
[307/576] stencil_S3_t16_bind_close
[308/576] spmv_static_S3_t16_bind_close
[309/576] stencil_S3_t16_bind_spread
[310/576] spmv_static_S3_t16_bind_spread
[311/576] stencil_S3_t16_interleave
[312/576] spmv_static_S3_t16_interleave
[313/576] stencil_S3_t16_bind_close_il
[314/576] spmv_static_S3_t16_bind_close_il
[315/576] stencil_S3_t16_bind_spread_il
[316/576] spmv_static_S3_t16_bind_spread_il
[317/576] stencil_S3_t16_obs
[318/576] spmv_static_S3_t16_obs
[319/576] stencil_S3_t16_scheduler
[320/576] spmv_static_S3_t16_scheduler
[321/576] stencil_S3_t32_base
[322/576] spmv_static_S3_t32_base
[323/576] stencil_S3_t32_bind_close
[324/576] spmv_static_S3_t32_bind_close
[325/576] stencil_S3_t32_bind_spread
[326/576] spmv_static_S3_t32_bind_spread
[327/576] stencil_S3_t32_interleave
[328/576] spmv_static_S3_t32_interleave
[329/576] stencil_S3_t32_bind_close_il
[330/576] spmv_static_S3_t32_bind_close_il
[331/576] stencil_S3_t32_bind_spread_il
[332/576] spmv_static_S3_t32_bind_spread_il
[333/576] stencil_S3_t32_obs
[334/576] spmv_static_S3_t32_obs
[335/576] stencil_S3_t32_scheduler
[336/576] spmv_static_S3_t32_scheduler
[337/576] stencil_S3_t64_base
[338/576] spmv_static_S3_t64_base
[339/576] stencil_S3_t64_bind_close
[340/576] spmv_static_S3_t64_bind_close
[341/576] stencil_S3_t64_bind_spread
[342/576] spmv_static_S3_t64_bind_spread
[343/576] stencil_S3_t64_interleave
[344/576] spmv_static_S3_t64_interleave
[345/576] stencil_S3_t64_bind_close_il
[346/576] spmv_static_S3_t64_bind_close_il
[347/576] stencil_S3_t64_bind_spread_il
[348/576] spmv_static_S3_t64_bind_spread_il
[349/576] stencil_S3_t64_obs
[350/576] spmv_static_S3_t64_obs
[351/576] stencil_S3_t64_scheduler
[352/576] spmv_static_S3_t64_scheduler
[353/576] stencil_S3_t128_base
[354/576] spmv_static_S3_t128_base
[355/576] stencil_S3_t128_bind_close
[356/576] spmv_static_S3_t128_bind_close
[357/576] stencil_S3_t128_bind_spread
[358/576] spmv_static_S3_t128_bind_spread
[359/576] stencil_S3_t128_interleave
[360/576] spmv_static_S3_t128_interleave
[361/576] stencil_S3_t128_bind_close_il
[362/576] spmv_static_S3_t128_bind_close_il
[363/576] stencil_S3_t128_bind_spread_il
[364/576] spmv_static_S3_t128_bind_spread_il
[365/576] stencil_S3_t128_obs
[366/576] spmv_static_S3_t128_obs
[367/576] stencil_S3_t128_scheduler
[368/576] spmv_static_S3_t128_scheduler
[369/576] stencil_S3_t256_base
[370/576] spmv_static_S3_t256_base
[371/576] stencil_S3_t256_bind_close
[372/576] spmv_static_S3_t256_bind_close
[373/576] stencil_S3_t256_bind_spread
[374/576] spmv_static_S3_t256_bind_spread
[375/576] stencil_S3_t256_interleave
[376/576] spmv_static_S3_t256_interleave
[377/576] stencil_S3_t256_bind_close_il
[378/576] spmv_static_S3_t256_bind_close_il
[379/576] stencil_S3_t256_bind_spread_il
[380/576] spmv_static_S3_t256_bind_spread_il
[381/576] stencil_S3_t256_obs
[382/576] spmv_static_S3_t256_obs
[383/576] stencil_S3_t256_scheduler
[384/576] spmv_static_S3_t256_scheduler
[385/576] stencil_S4_t8_base
[386/576] spmv_static_S4_t8_base
[387/576] stencil_S4_t8_bind_close
[388/576] spmv_static_S4_t8_bind_close
[389/576] stencil_S4_t8_bind_spread
[390/576] spmv_static_S4_t8_bind_spread
[391/576] stencil_S4_t8_interleave
[392/576] spmv_static_S4_t8_interleave
[393/576] stencil_S4_t8_bind_close_il
[394/576] spmv_static_S4_t8_bind_close_il
[395/576] stencil_S4_t8_bind_spread_il
[396/576] spmv_static_S4_t8_bind_spread_il
[397/576] stencil_S4_t8_obs
[398/576] spmv_static_S4_t8_obs
[399/576] stencil_S4_t8_scheduler
[400/576] spmv_static_S4_t8_scheduler
[401/576] stencil_S4_t16_base
[402/576] spmv_static_S4_t16_base
[403/576] stencil_S4_t16_bind_close
[404/576] spmv_static_S4_t16_bind_close
[405/576] stencil_S4_t16_bind_spread
[406/576] spmv_static_S4_t16_bind_spread
[407/576] stencil_S4_t16_interleave
[408/576] spmv_static_S4_t16_interleave
[409/576] stencil_S4_t16_bind_close_il
[410/576] spmv_static_S4_t16_bind_close_il
[411/576] stencil_S4_t16_bind_spread_il
[412/576] spmv_static_S4_t16_bind_spread_il
[413/576] stencil_S4_t16_obs
[414/576] spmv_static_S4_t16_obs
[415/576] stencil_S4_t16_scheduler
[416/576] spmv_static_S4_t16_scheduler
[417/576] stencil_S4_t32_base
[418/576] spmv_static_S4_t32_base
[419/576] stencil_S4_t32_bind_close
[420/576] spmv_static_S4_t32_bind_close
[421/576] stencil_S4_t32_bind_spread
[422/576] spmv_static_S4_t32_bind_spread
[423/576] stencil_S4_t32_interleave
[424/576] spmv_static_S4_t32_interleave
[425/576] stencil_S4_t32_bind_close_il
[426/576] spmv_static_S4_t32_bind_close_il
[427/576] stencil_S4_t32_bind_spread_il
[428/576] spmv_static_S4_t32_bind_spread_il
[429/576] stencil_S4_t32_obs
[430/576] spmv_static_S4_t32_obs
[431/576] stencil_S4_t32_scheduler
[432/576] spmv_static_S4_t32_scheduler
[433/576] stencil_S4_t64_base
[434/576] spmv_static_S4_t64_base
[435/576] stencil_S4_t64_bind_close
[436/576] spmv_static_S4_t64_bind_close
[437/576] stencil_S4_t64_bind_spread
[438/576] spmv_static_S4_t64_bind_spread
[439/576] stencil_S4_t64_interleave
[440/576] spmv_static_S4_t64_interleave
[441/576] stencil_S4_t64_bind_close_il
[442/576] spmv_static_S4_t64_bind_close_il
[443/576] stencil_S4_t64_bind_spread_il
[444/576] spmv_static_S4_t64_bind_spread_il
[445/576] stencil_S4_t64_obs
[446/576] spmv_static_S4_t64_obs
[447/576] stencil_S4_t64_scheduler
[448/576] spmv_static_S4_t64_scheduler
[449/576] stencil_S4_t128_base
[450/576] spmv_static_S4_t128_base
[451/576] stencil_S4_t128_bind_close
[452/576] spmv_static_S4_t128_bind_close
[453/576] stencil_S4_t128_bind_spread
[454/576] spmv_static_S4_t128_bind_spread
[455/576] stencil_S4_t128_interleave
[456/576] spmv_static_S4_t128_interleave
[457/576] stencil_S4_t128_bind_close_il
[458/576] spmv_static_S4_t128_bind_close_il
[459/576] stencil_S4_t128_bind_spread_il
[460/576] spmv_static_S4_t128_bind_spread_il
[461/576] stencil_S4_t128_obs
[462/576] spmv_static_S4_t128_obs
[463/576] stencil_S4_t128_scheduler
[464/576] spmv_static_S4_t128_scheduler
[465/576] stencil_S4_t256_base
[466/576] spmv_static_S4_t256_base
[467/576] stencil_S4_t256_bind_close
[468/576] spmv_static_S4_t256_bind_close
[469/576] stencil_S4_t256_bind_spread
[470/576] spmv_static_S4_t256_bind_spread
[471/576] stencil_S4_t256_interleave
[472/576] spmv_static_S4_t256_interleave
[473/576] stencil_S4_t256_bind_close_il
[474/576] spmv_static_S4_t256_bind_close_il
[475/576] stencil_S4_t256_bind_spread_il
[476/576] spmv_static_S4_t256_bind_spread_il
[477/576] stencil_S4_t256_obs
[478/576] spmv_static_S4_t256_obs
[479/576] stencil_S4_t256_scheduler
[480/576] spmv_static_S4_t256_scheduler
[481/576] stencil_S5_t8_base
[482/576] spmv_static_S5_t8_base
[483/576] stencil_S5_t8_bind_close
[484/576] spmv_static_S5_t8_bind_close
[485/576] stencil_S5_t8_bind_spread
[486/576] spmv_static_S5_t8_bind_spread
[487/576] stencil_S5_t8_interleave
[488/576] spmv_static_S5_t8_interleave
[489/576] stencil_S5_t8_bind_close_il
[490/576] spmv_static_S5_t8_bind_close_il
[491/576] stencil_S5_t8_bind_spread_il
[492/576] spmv_static_S5_t8_bind_spread_il
[493/576] stencil_S5_t8_obs
[494/576] spmv_static_S5_t8_obs
[495/576] stencil_S5_t8_scheduler
[496/576] spmv_static_S5_t8_scheduler
[497/576] stencil_S5_t16_base
[498/576] spmv_static_S5_t16_base
[499/576] stencil_S5_t16_bind_close
[500/576] spmv_static_S5_t16_bind_close
[501/576] stencil_S5_t16_bind_spread
[502/576] spmv_static_S5_t16_bind_spread
[503/576] stencil_S5_t16_interleave
[504/576] spmv_static_S5_t16_interleave
[505/576] stencil_S5_t16_bind_close_il
[506/576] spmv_static_S5_t16_bind_close_il
[507/576] stencil_S5_t16_bind_spread_il
[508/576] spmv_static_S5_t16_bind_spread_il
[509/576] stencil_S5_t16_obs
[510/576] spmv_static_S5_t16_obs
[511/576] stencil_S5_t16_scheduler
[512/576] spmv_static_S5_t16_scheduler
[513/576] stencil_S5_t32_base
[514/576] spmv_static_S5_t32_base
[515/576] stencil_S5_t32_bind_close
[516/576] spmv_static_S5_t32_bind_close
[517/576] stencil_S5_t32_bind_spread
[518/576] spmv_static_S5_t32_bind_spread
[519/576] stencil_S5_t32_interleave
[520/576] spmv_static_S5_t32_interleave
[521/576] stencil_S5_t32_bind_close_il
[522/576] spmv_static_S5_t32_bind_close_il
[523/576] stencil_S5_t32_bind_spread_il
[524/576] spmv_static_S5_t32_bind_spread_il
[525/576] stencil_S5_t32_obs
[526/576] spmv_static_S5_t32_obs
[527/576] stencil_S5_t32_scheduler
[528/576] spmv_static_S5_t32_scheduler
[529/576] stencil_S5_t64_base
[530/576] spmv_static_S5_t64_base
[531/576] stencil_S5_t64_bind_close
[532/576] spmv_static_S5_t64_bind_close
[533/576] stencil_S5_t64_bind_spread
[534/576] spmv_static_S5_t64_bind_spread
[535/576] stencil_S5_t64_interleave
[536/576] spmv_static_S5_t64_interleave
[537/576] stencil_S5_t64_bind_close_il
[538/576] spmv_static_S5_t64_bind_close_il
[539/576] stencil_S5_t64_bind_spread_il
[540/576] spmv_static_S5_t64_bind_spread_il
[541/576] stencil_S5_t64_obs
[542/576] spmv_static_S5_t64_obs
[543/576] stencil_S5_t64_scheduler
[544/576] spmv_static_S5_t64_scheduler
[545/576] stencil_S5_t128_base
[546/576] spmv_static_S5_t128_base
[547/576] stencil_S5_t128_bind_close
[548/576] spmv_static_S5_t128_bind_close
[549/576] stencil_S5_t128_bind_spread
[550/576] spmv_static_S5_t128_bind_spread
[551/576] stencil_S5_t128_interleave
[552/576] spmv_static_S5_t128_interleave
[553/576] stencil_S5_t128_bind_close_il
[554/576] spmv_static_S5_t128_bind_close_il
[555/576] stencil_S5_t128_bind_spread_il
[556/576] spmv_static_S5_t128_bind_spread_il
[557/576] stencil_S5_t128_obs
[558/576] spmv_static_S5_t128_obs
[559/576] stencil_S5_t128_scheduler
[560/576] spmv_static_S5_t128_scheduler
[561/576] stencil_S5_t256_base
[562/576] spmv_static_S5_t256_base
[563/576] stencil_S5_t256_bind_close
[564/576] spmv_static_S5_t256_bind_close
[565/576] stencil_S5_t256_bind_spread
[566/576] spmv_static_S5_t256_bind_spread
[567/576] stencil_S5_t256_interleave
[568/576] spmv_static_S5_t256_interleave
[569/576] stencil_S5_t256_bind_close_il
[570/576] spmv_static_S5_t256_bind_close_il
[571/576] stencil_S5_t256_bind_spread_il
[572/576] spmv_static_S5_t256_bind_spread_il
[573/576] stencil_S5_t256_obs
[574/576] spmv_static_S5_t256_obs
[575/576] stencil_S5_t256_scheduler
[576/576] spmv_static_S5_t256_scheduler

=== Terminado ===
    ejecutadas : 576
    saltadas   : 0  (marcador .done; FORCE=1 para rehacerlas)
    fallidas   : 0
    resultados : perf_out_v5/kernel_metrics.csv
