============================================================
 Orquestador de planes de mejora
 Planes: BASE B1 C1 B3 C3 B2 C2 A1 A2 D1
 Resultados en: /scratch/CAGE/jsoterov01/Control-Dinamico-Afinidad-NUMA-con-OpenMP/planes de mejora/results
 Inicio: Thu Jul 16 14:35:13 -05 2026
============================================================

------------------------------------------------------------
[*] Plan BASE: iniciando  (Thu Jul 16 14:35:13 -05 2026)
------------------------------------------------------------
[*] Compiling OMPT tool: sched_NUMA_optC_leaky.cpp -> numa_sched_optC.so
[*] Compiling stencil_serial: Stencil_serial.cpp -> stencil_serial
[*] Compiling spmv_serial: spmv_serial.cpp -> spmv_serial
[*] Compiling stencil: Stencil.cpp -> stencil
[*] Compiling spmv_static: spmv_staticSeed.cpp -> spmv_static
[i] Stage 1 (serial) OMITIDA (RUN_SERIAL=0)

[*] Stage 2/3: OMP + numactl (sin OMPT)

[*] Stage 3/3: OMPT scheduler (sin OMP_PLACES/OMP_PROC_BIND; el scheduler decide la afinidad)

[✓] Benchmark V4 completed.
    Kernel CSV: /scratch/CAGE/jsoterov01/Control-Dinamico-Afinidad-NUMA-con-OpenMP/planes de mejora/results/BASE/kernel_metrics.csv
    Perf window CSV: /scratch/CAGE/jsoterov01/Control-Dinamico-Afinidad-NUMA-con-OpenMP/planes de mejora/results/BASE/window_metrics.csv
    OMPT window CSV: /scratch/CAGE/jsoterov01/Control-Dinamico-Afinidad-NUMA-con-OpenMP/planes de mejora/results/BASE/ompt_window_metrics.csv
    OMPT summary CSV: /scratch/CAGE/jsoterov01/Control-Dinamico-Afinidad-NUMA-con-OpenMP/planes de mejora/results/BASE/ompt_summary.csv
    Logs: /scratch/CAGE/jsoterov01/Control-Dinamico-Afinidad-NUMA-con-OpenMP/planes de mejora/results/BASE/ompt_logs/
[OK] Plan BASE: terminado en 3064 s

------------------------------------------------------------
[*] Plan B1: iniciando  (Thu Jul 16 15:26:17 -05 2026)
------------------------------------------------------------
[*] Compiling OMPT tool: sched_NUMA_optC_leaky.cpp -> numa_sched_optC.so
[*] Compiling stencil_serial: Stencil_serial.cpp -> stencil_serial
[*] Compiling spmv_serial: spmv_serial.cpp -> spmv_serial
[*] Compiling stencil: Stencil.cpp -> stencil
[*] Compiling spmv_static: spmv_staticSeed.cpp -> spmv_static
[i] Stage 1 (serial) OMITIDA (RUN_SERIAL=0)

[*] Stage 2/3: OMP + numactl (sin OMPT)

[*] Stage 3/3: OMPT scheduler (sin OMP_PLACES/OMP_PROC_BIND; el scheduler decide la afinidad)

[✓] Benchmark V4 completed.
    Kernel CSV: /scratch/CAGE/jsoterov01/Control-Dinamico-Afinidad-NUMA-con-OpenMP/planes de mejora/results/B1/kernel_metrics.csv
    Perf window CSV: /scratch/CAGE/jsoterov01/Control-Dinamico-Afinidad-NUMA-con-OpenMP/planes de mejora/results/B1/window_metrics.csv
    OMPT window CSV: /scratch/CAGE/jsoterov01/Control-Dinamico-Afinidad-NUMA-con-OpenMP/planes de mejora/results/B1/ompt_window_metrics.csv
    OMPT summary CSV: /scratch/CAGE/jsoterov01/Control-Dinamico-Afinidad-NUMA-con-OpenMP/planes de mejora/results/B1/ompt_summary.csv
    Logs: /scratch/CAGE/jsoterov01/Control-Dinamico-Afinidad-NUMA-con-OpenMP/planes de mejora/results/B1/ompt_logs/
[OK] Plan B1: terminado en 3039 s

------------------------------------------------------------
[*] Plan C1: iniciando  (Thu Jul 16 16:16:56 -05 2026)
------------------------------------------------------------
[*] Compiling OMPT tool: sched_NUMA_optC_leaky.cpp -> numa_sched_optC.so
[*] Compiling stencil_serial: Stencil_serial.cpp -> stencil_serial
[*] Compiling spmv_serial: spmv_serial.cpp -> spmv_serial
[*] Compiling stencil: Stencil.cpp -> stencil
[*] Compiling spmv_static: spmv_staticSeed.cpp -> spmv_static
[i] Stage 1 (serial) OMITIDA (RUN_SERIAL=0)

[*] Stage 2/3: OMP + numactl (sin OMPT)

[*] Stage 3/3: OMPT scheduler (sin OMP_PLACES/OMP_PROC_BIND; el scheduler decide la afinidad)

[✓] Benchmark V4 completed.
    Kernel CSV: /scratch/CAGE/jsoterov01/Control-Dinamico-Afinidad-NUMA-con-OpenMP/planes de mejora/results/C1/kernel_metrics.csv
    Perf window CSV: /scratch/CAGE/jsoterov01/Control-Dinamico-Afinidad-NUMA-con-OpenMP/planes de mejora/results/C1/window_metrics.csv
    OMPT window CSV: /scratch/CAGE/jsoterov01/Control-Dinamico-Afinidad-NUMA-con-OpenMP/planes de mejora/results/C1/ompt_window_metrics.csv
    OMPT summary CSV: /scratch/CAGE/jsoterov01/Control-Dinamico-Afinidad-NUMA-con-OpenMP/planes de mejora/results/C1/ompt_summary.csv
    Logs: /scratch/CAGE/jsoterov01/Control-Dinamico-Afinidad-NUMA-con-OpenMP/planes de mejora/results/C1/ompt_logs/
[OK] Plan C1: terminado en 3033 s

------------------------------------------------------------
[*] Plan B3: iniciando  (Thu Jul 16 17:07:29 -05 2026)
------------------------------------------------------------
[*] Compiling OMPT tool: sched_NUMA_optC_leaky.cpp -> numa_sched_optC.so
[*] Compiling stencil_serial: Stencil_serial.cpp -> stencil_serial
[*] Compiling spmv_serial: spmv_serial.cpp -> spmv_serial
[*] Compiling stencil: Stencil.cpp -> stencil
[*] Compiling spmv_static: spmv_staticSeed.cpp -> spmv_static
[i] Stage 1 (serial) OMITIDA (RUN_SERIAL=0)

[*] Stage 2/3: OMP + numactl (sin OMPT)

[*] Stage 3/3: OMPT scheduler (sin OMP_PLACES/OMP_PROC_BIND; el scheduler decide la afinidad)

[✓] Benchmark V4 completed.
    Kernel CSV: /scratch/CAGE/jsoterov01/Control-Dinamico-Afinidad-NUMA-con-OpenMP/planes de mejora/results/B3/kernel_metrics.csv
    Perf window CSV: /scratch/CAGE/jsoterov01/Control-Dinamico-Afinidad-NUMA-con-OpenMP/planes de mejora/results/B3/window_metrics.csv
    OMPT window CSV: /scratch/CAGE/jsoterov01/Control-Dinamico-Afinidad-NUMA-con-OpenMP/planes de mejora/results/B3/ompt_window_metrics.csv
    OMPT summary CSV: /scratch/CAGE/jsoterov01/Control-Dinamico-Afinidad-NUMA-con-OpenMP/planes de mejora/results/B3/ompt_summary.csv
    Logs: /scratch/CAGE/jsoterov01/Control-Dinamico-Afinidad-NUMA-con-OpenMP/planes de mejora/results/B3/ompt_logs/
[OK] Plan B3: terminado en 3045 s

------------------------------------------------------------
[*] Plan C3: iniciando  (Thu Jul 16 17:58:14 -05 2026)
------------------------------------------------------------
[*] Compiling OMPT tool: sched_NUMA_optC_leaky.cpp -> numa_sched_optC.so
[*] Compiling stencil_serial: Stencil_serial.cpp -> stencil_serial
[*] Compiling spmv_serial: spmv_serial.cpp -> spmv_serial
[*] Compiling stencil: Stencil.cpp -> stencil
[*] Compiling spmv_static: spmv_staticSeed.cpp -> spmv_static
[i] Stage 1 (serial) OMITIDA (RUN_SERIAL=0)

[*] Stage 2/3: OMP + numactl (sin OMPT)

[*] Stage 3/3: OMPT scheduler (sin OMP_PLACES/OMP_PROC_BIND; el scheduler decide la afinidad)

[✓] Benchmark V4 completed.
    Kernel CSV: /scratch/CAGE/jsoterov01/Control-Dinamico-Afinidad-NUMA-con-OpenMP/planes de mejora/results/C3/kernel_metrics.csv
    Perf window CSV: /scratch/CAGE/jsoterov01/Control-Dinamico-Afinidad-NUMA-con-OpenMP/planes de mejora/results/C3/window_metrics.csv
    OMPT window CSV: /scratch/CAGE/jsoterov01/Control-Dinamico-Afinidad-NUMA-con-OpenMP/planes de mejora/results/C3/ompt_window_metrics.csv
    OMPT summary CSV: /scratch/CAGE/jsoterov01/Control-Dinamico-Afinidad-NUMA-con-OpenMP/planes de mejora/results/C3/ompt_summary.csv
    Logs: /scratch/CAGE/jsoterov01/Control-Dinamico-Afinidad-NUMA-con-OpenMP/planes de mejora/results/C3/ompt_logs/
[OK] Plan C3: terminado en 3017 s

------------------------------------------------------------
[*] Plan B2: iniciando  (Thu Jul 16 18:48:31 -05 2026)
------------------------------------------------------------
[*] Compiling OMPT tool: sched_NUMA_optC_leaky.cpp -> numa_sched_optC.so
[*] Compiling stencil_serial: Stencil_serial.cpp -> stencil_serial
[*] Compiling spmv_serial: spmv_serial.cpp -> spmv_serial
[*] Compiling stencil: Stencil.cpp -> stencil
[*] Compiling spmv_static: spmv_staticSeed.cpp -> spmv_static
[i] Stage 1 (serial) OMITIDA (RUN_SERIAL=0)

[*] Stage 2/3: OMP + numactl (sin OMPT)

[*] Stage 3/3: OMPT scheduler (sin OMP_PLACES/OMP_PROC_BIND; el scheduler decide la afinidad)

[✓] Benchmark V4 completed.
    Kernel CSV: /scratch/CAGE/jsoterov01/Control-Dinamico-Afinidad-NUMA-con-OpenMP/planes de mejora/results/B2/kernel_metrics.csv
    Perf window CSV: /scratch/CAGE/jsoterov01/Control-Dinamico-Afinidad-NUMA-con-OpenMP/planes de mejora/results/B2/window_metrics.csv
    OMPT window CSV: /scratch/CAGE/jsoterov01/Control-Dinamico-Afinidad-NUMA-con-OpenMP/planes de mejora/results/B2/ompt_window_metrics.csv
    OMPT summary CSV: /scratch/CAGE/jsoterov01/Control-Dinamico-Afinidad-NUMA-con-OpenMP/planes de mejora/results/B2/ompt_summary.csv
    Logs: /scratch/CAGE/jsoterov01/Control-Dinamico-Afinidad-NUMA-con-OpenMP/planes de mejora/results/B2/ompt_logs/
[OK] Plan B2: terminado en 3050 s

------------------------------------------------------------
[*] Plan C2: iniciando  (Thu Jul 16 19:39:21 -05 2026)
------------------------------------------------------------
[*] Compiling OMPT tool: sched_NUMA_optC_leaky.cpp -> numa_sched_optC.so
[*] Compiling stencil_serial: Stencil_serial.cpp -> stencil_serial
[*] Compiling spmv_serial: spmv_serial.cpp -> spmv_serial
[*] Compiling stencil: Stencil.cpp -> stencil
[*] Compiling spmv_static: spmv_staticSeed.cpp -> spmv_static
[i] Stage 1 (serial) OMITIDA (RUN_SERIAL=0)

[*] Stage 2/3: OMP + numactl (sin OMPT)

[*] Stage 3/3: OMPT scheduler (sin OMP_PLACES/OMP_PROC_BIND; el scheduler decide la afinidad)

[✓] Benchmark V4 completed.
    Kernel CSV: /scratch/CAGE/jsoterov01/Control-Dinamico-Afinidad-NUMA-con-OpenMP/planes de mejora/results/C2/kernel_metrics.csv
    Perf window CSV: /scratch/CAGE/jsoterov01/Control-Dinamico-Afinidad-NUMA-con-OpenMP/planes de mejora/results/C2/window_metrics.csv
    OMPT window CSV: /scratch/CAGE/jsoterov01/Control-Dinamico-Afinidad-NUMA-con-OpenMP/planes de mejora/results/C2/ompt_window_metrics.csv
    OMPT summary CSV: /scratch/CAGE/jsoterov01/Control-Dinamico-Afinidad-NUMA-con-OpenMP/planes de mejora/results/C2/ompt_summary.csv
    Logs: /scratch/CAGE/jsoterov01/Control-Dinamico-Afinidad-NUMA-con-OpenMP/planes de mejora/results/C2/ompt_logs/
[OK] Plan C2: terminado en 3035 s

------------------------------------------------------------
[*] Plan A1: iniciando  (Thu Jul 16 20:29:56 -05 2026)
------------------------------------------------------------
[*] Compiling OMPT tool: sched_NUMA_optC_leaky.cpp -> numa_sched_optC.so
[*] Compiling stencil_serial: Stencil_serial.cpp -> stencil_serial
[*] Compiling spmv_serial: spmv_serial.cpp -> spmv_serial
[*] Compiling stencil: Stencil.cpp -> stencil
[*] Compiling spmv_static: spmv_staticSeed.cpp -> spmv_static
[i] Stage 1 (serial) OMITIDA (RUN_SERIAL=0)

[*] Stage 2/3: OMP + numactl (sin OMPT)

[*] Stage 3/3: OMPT scheduler (sin OMP_PLACES/OMP_PROC_BIND; el scheduler decide la afinidad)

[✓] Benchmark V4 completed.
    Kernel CSV: /scratch/CAGE/jsoterov01/Control-Dinamico-Afinidad-NUMA-con-OpenMP/planes de mejora/results/A1/kernel_metrics.csv
    Perf window CSV: /scratch/CAGE/jsoterov01/Control-Dinamico-Afinidad-NUMA-con-OpenMP/planes de mejora/results/A1/window_metrics.csv
    OMPT window CSV: /scratch/CAGE/jsoterov01/Control-Dinamico-Afinidad-NUMA-con-OpenMP/planes de mejora/results/A1/ompt_window_metrics.csv
    OMPT summary CSV: /scratch/CAGE/jsoterov01/Control-Dinamico-Afinidad-NUMA-con-OpenMP/planes de mejora/results/A1/ompt_summary.csv
    Logs: /scratch/CAGE/jsoterov01/Control-Dinamico-Afinidad-NUMA-con-OpenMP/planes de mejora/results/A1/ompt_logs/
[OK] Plan A1: terminado en 3030 s

------------------------------------------------------------
[*] Plan A2: iniciando  (Thu Jul 16 21:20:26 -05 2026)
------------------------------------------------------------
[*] Compiling OMPT tool: sched_NUMA_optC_leaky.cpp -> numa_sched_optC.so
[*] Compiling stencil_serial: Stencil_serial.cpp -> stencil_serial
[*] Compiling spmv_serial: spmv_serial.cpp -> spmv_serial
[*] Compiling stencil: Stencil.cpp -> stencil
[*] Compiling spmv_static: spmv_staticSeed.cpp -> spmv_static
[i] Stage 1 (serial) OMITIDA (RUN_SERIAL=0)

[*] Stage 2/3: OMP + numactl (sin OMPT)

[*] Stage 3/3: OMPT scheduler (sin OMP_PLACES/OMP_PROC_BIND; el scheduler decide la afinidad)

[✓] Benchmark V4 completed.
    Kernel CSV: /scratch/CAGE/jsoterov01/Control-Dinamico-Afinidad-NUMA-con-OpenMP/planes de mejora/results/A2/kernel_metrics.csv
    Perf window CSV: /scratch/CAGE/jsoterov01/Control-Dinamico-Afinidad-NUMA-con-OpenMP/planes de mejora/results/A2/window_metrics.csv
    OMPT window CSV: /scratch/CAGE/jsoterov01/Control-Dinamico-Afinidad-NUMA-con-OpenMP/planes de mejora/results/A2/ompt_window_metrics.csv
    OMPT summary CSV: /scratch/CAGE/jsoterov01/Control-Dinamico-Afinidad-NUMA-con-OpenMP/planes de mejora/results/A2/ompt_summary.csv
    Logs: /scratch/CAGE/jsoterov01/Control-Dinamico-Afinidad-NUMA-con-OpenMP/planes de mejora/results/A2/ompt_logs/
[OK] Plan A2: terminado en 3057 s

------------------------------------------------------------
[*] Plan D1: iniciando  (Thu Jul 16 22:11:23 -05 2026)
------------------------------------------------------------
[*] Compiling OMPT tool: sched_NUMA_optC_leaky.cpp -> numa_sched_optC.so
[*] Compiling stencil_serial: Stencil_serial.cpp -> stencil_serial
[*] Compiling spmv_serial: spmv_serial.cpp -> spmv_serial
[*] Compiling stencil: Stencil.cpp -> stencil
[*] Compiling spmv_static: spmv_staticSeed.cpp -> spmv_static
[i] Stage 1 (serial) OMITIDA (RUN_SERIAL=0)

[*] Stage 2/3: OMP + numactl (sin OMPT)

[*] Stage 3/3: OMPT scheduler (sin OMP_PLACES/OMP_PROC_BIND; el scheduler decide la afinidad)

[✓] Benchmark V4 completed.
    Kernel CSV: /scratch/CAGE/jsoterov01/Control-Dinamico-Afinidad-NUMA-con-OpenMP/planes de mejora/results/D1/kernel_metrics.csv
    Perf window CSV: /scratch/CAGE/jsoterov01/Control-Dinamico-Afinidad-NUMA-con-OpenMP/planes de mejora/results/D1/window_metrics.csv
    OMPT window CSV: /scratch/CAGE/jsoterov01/Control-Dinamico-Afinidad-NUMA-con-OpenMP/planes de mejora/results/D1/ompt_window_metrics.csv
    OMPT summary CSV: /scratch/CAGE/jsoterov01/Control-Dinamico-Afinidad-NUMA-con-OpenMP/planes de mejora/results/D1/ompt_summary.csv
    Logs: /scratch/CAGE/jsoterov01/Control-Dinamico-Afinidad-NUMA-con-OpenMP/planes de mejora/results/D1/ompt_logs/
[OK] Plan D1: terminado en 3050 s

============================================================
 Resumen
   OK   : BASE B1 C1 B3 C3 B2 C2 A1 A2 D1
   FALLO: (ninguno)
   Tiempo total: 30420 s
   Fin: Thu Jul 16 23:02:13 -05 2026
============================================================

Siguiente paso — analizar y comparar:
   python3 "/scratch/CAGE/jsoterov01/Control-Dinamico-Afinidad-NUMA-con-OpenMP/planes de mejora/analyze_plans.py" --results "/scratch/CAGE/jsoterov01/Control-Dinamico-Afinidad-NUMA-con-OpenMP/planes de mejora/results"
[i] Planes con resultados: A1, A2, B1, B2, B3, BASE, C1, C2, C3, D1
[OK] /scratch/CAGE/jsoterov01/Control-Dinamico-Afinidad-NUMA-con-OpenMP/planes de mejora/comparison_figures/combined_kernel_metrics.csv
[OK] /scratch/CAGE/jsoterov01/Control-Dinamico-Afinidad-NUMA-con-OpenMP/planes de mejora/comparison_figures/ranking.csv

=================  RESUMEN  =================
Veces que cada plan es el MEJOR (metrica principal por kernel):
=============================================

[OK] Figuras y tablas en: /scratch/CAGE/jsoterov01/Control-Dinamico-Afinidad-NUMA-con-OpenMP/planes de mejora/comparison_figures
