============================================================
 Orquestador de planes de mejora
 Planes: BASE B1 C1 B3 C3 B2 C2 A1 A2 D1
 Resultados en: /home/jsoterov01/Control-Dinamico-Afinidad-NUMA-con-OpenMP/planes_de_mejora/results
 Inicio: Sat Jul 25 20:12:13 -05 2026
============================================================

------------------------------------------------------------
[*] Plan BASE: iniciando  (Sat Jul 25 20:12:13 -05 2026)
------------------------------------------------------------
[!] Plan BASE: FALLO (continuo con el resto)

------------------------------------------------------------
[*] Plan B1: iniciando  (Sat Jul 25 20:12:13 -05 2026)
------------------------------------------------------------
[!] Plan B1: FALLO (continuo con el resto)

------------------------------------------------------------
[*] Plan C1: iniciando  (Sat Jul 25 20:12:13 -05 2026)
------------------------------------------------------------
[!] Plan C1: FALLO (continuo con el resto)

------------------------------------------------------------
[*] Plan B3: iniciando  (Sat Jul 25 20:12:14 -05 2026)
------------------------------------------------------------
[!] Plan B3: FALLO (continuo con el resto)

------------------------------------------------------------
[*] Plan C3: iniciando  (Sat Jul 25 20:12:14 -05 2026)
------------------------------------------------------------
[!] Plan C3: FALLO (continuo con el resto)

------------------------------------------------------------
[*] Plan B2: iniciando  (Sat Jul 25 20:12:14 -05 2026)
------------------------------------------------------------
[!] Plan B2: FALLO (continuo con el resto)

------------------------------------------------------------
[*] Plan C2: iniciando  (Sat Jul 25 20:12:14 -05 2026)
------------------------------------------------------------
[!] Plan C2: FALLO (continuo con el resto)

------------------------------------------------------------
[*] Plan A1: iniciando  (Sat Jul 25 20:12:14 -05 2026)
------------------------------------------------------------
[!] Plan A1: FALLO (continuo con el resto)

------------------------------------------------------------
[*] Plan A2: iniciando  (Sat Jul 25 20:12:14 -05 2026)
------------------------------------------------------------
[!] Plan A2: FALLO (continuo con el resto)

------------------------------------------------------------
[*] Plan D1: iniciando  (Sat Jul 25 20:12:14 -05 2026)
------------------------------------------------------------
[!] Plan D1: FALLO (continuo con el resto)

============================================================
 Resumen
   OK   : (ninguno)
   FALLO: BASE B1 C1 B3 C3 B2 C2 A1 A2 D1
   Tiempo total: 1 s
   Fin: Sat Jul 25 20:12:14 -05 2026
============================================================

Siguiente paso — analizar y comparar:
   python3 "/home/jsoterov01/Control-Dinamico-Afinidad-NUMA-con-OpenMP/planes_de_mejora/analyze_plans.py" --results "/home/jsoterov01/Control-Dinamico-Afinidad-NUMA-con-OpenMP/planes_de_mejora/results"
[i] Analisis diferido: corre analyze_plans.py en un nodo con matplotlib.
