awk: fatal: cannot open file `/scratch/CAGE/jsoterov01/Control-Dinamico-Afinidad-NUMA-con-OpenMP/planes de mejora/results/BASE/metrics/stencil_t8_cores_spread_interleave.csv' for reading: No such file or directory
awk: fatal: cannot open file `/scratch/CAGE/jsoterov01/Control-Dinamico-Afinidad-NUMA-con-OpenMP/planes de mejora/results/BASE/metrics/spmv_static_t8_cores_spread_interleave.csv' for reading: No such file or directory
awk: fatal: cannot open file `/scratch/CAGE/jsoterov01/Control-Dinamico-Afinidad-NUMA-con-OpenMP/planes de mejora/results/BASE/metrics/stencil_t8_cores_close_interleave.csv' for reading: No such file or directory
awk: fatal: cannot open file `/scratch/CAGE/jsoterov01/Control-Dinamico-Afinidad-NUMA-con-OpenMP/planes de mejora/results/BASE/metrics/spmv_static_t8_cores_close_interleave.csv' for reading: No such file or directory
awk: fatal: cannot open file `/scratch/CAGE/jsoterov01/Control-Dinamico-Afinidad-NUMA-con-OpenMP/planes de mejora/results/BASE/metrics/stencil_t16_cores_spread_interleave.csv' for reading: No such file or directory
awk: fatal: cannot open file `/scratch/CAGE/jsoterov01/Control-Dinamico-Afinidad-NUMA-con-OpenMP/planes de mejora/results/BASE/metrics/spmv_static_t16_cores_spread_interleave.csv' for reading: No such file or directory
awk: fatal: cannot open file `/scratch/CAGE/jsoterov01/Control-Dinamico-Afinidad-NUMA-con-OpenMP/planes de mejora/results/BASE/metrics/stencil_t16_cores_close_interleave.csv' for reading: No such file or directory
awk: fatal: cannot open file `/scratch/CAGE/jsoterov01/Control-Dinamico-Afinidad-NUMA-con-OpenMP/planes de mejora/results/BASE/metrics/spmv_static_t16_cores_close_interleave.csv' for reading: No such file or directory
awk: fatal: cannot open file `/scratch/CAGE/jsoterov01/Control-Dinamico-Afinidad-NUMA-con-OpenMP/planes de mejora/results/BASE/metrics/stencil_t32_cores_spread_interleave.csv' for reading: No such file or directory
awk: fatal: cannot open file `/scratch/CAGE/jsoterov01/Control-Dinamico-Afinidad-NUMA-con-OpenMP/planes de mejora/results/BASE/metrics/spmv_static_t32_cores_spread_interleave.csv' for reading: No such file or directory
awk: fatal: cannot open file `/scratch/CAGE/jsoterov01/Control-Dinamico-Afinidad-NUMA-con-OpenMP/planes de mejora/results/BASE/metrics/stencil_t32_cores_close_interleave.csv' for reading: No such file or directory
awk: fatal: cannot open file `/scratch/CAGE/jsoterov01/Control-Dinamico-Afinidad-NUMA-con-OpenMP/planes de mejora/results/BASE/metrics/spmv_static_t32_cores_close_interleave.csv' for reading: No such file or directory
awk: fatal: cannot open file `/scratch/CAGE/jsoterov01/Control-Dinamico-Afinidad-NUMA-con-OpenMP/planes de mejora/results/BASE/metrics/stencil_t64_cores_spread_interleave.csv' for reading: No such file or directory
awk: fatal: cannot open file `/scratch/CAGE/jsoterov01/Control-Dinamico-Afinidad-NUMA-con-OpenMP/planes de mejora/results/BASE/metrics/spmv_static_t64_cores_spread_interleave.csv' for reading: No such file or directory
awk: fatal: cannot open file `/scratch/CAGE/jsoterov01/Control-Dinamico-Afinidad-NUMA-con-OpenMP/planes de mejora/results/BASE/metrics/stencil_t64_cores_close_interleave.csv' for reading: No such file or directory
awk: fatal: cannot open file `/scratch/CAGE/jsoterov01/Control-Dinamico-Afinidad-NUMA-con-OpenMP/planes de mejora/results/BASE/metrics/spmv_static_t64_cores_close_interleave.csv' for reading: No such file or directory
awk: fatal: cannot open file `/scratch/CAGE/jsoterov01/Control-Dinamico-Afinidad-NUMA-con-OpenMP/planes de mejora/results/BASE/metrics/stencil_t128_cores_spread_interleave.csv' for reading: No such file or directory
awk: fatal: cannot open file `/scratch/CAGE/jsoterov01/Control-Dinamico-Afinidad-NUMA-con-OpenMP/planes de mejora/results/BASE/metrics/spmv_static_t128_cores_spread_interleave.csv' for reading: No such file or directory
awk: fatal: cannot open file `/scratch/CAGE/jsoterov01/Control-Dinamico-Afinidad-NUMA-con-OpenMP/planes de mejora/results/BASE/metrics/stencil_t128_cores_close_interleave.csv' for reading: No such file or directory
awk: fatal: cannot open file `/scratch/CAGE/jsoterov01/Control-Dinamico-Afinidad-NUMA-con-OpenMP/planes de mejora/results/BASE/metrics/spmv_static_t128_cores_close_interleave.csv' for reading: No such file or directory
awk: fatal: cannot open file `/scratch/CAGE/jsoterov01/Control-Dinamico-Afinidad-NUMA-con-OpenMP/planes de mejora/results/BASE/metrics/stencil_t8_scheduler.csv' for reading: No such file or directory
awk: fatal: cannot open file `/scratch/CAGE/jsoterov01/Control-Dinamico-Afinidad-NUMA-con-OpenMP/planes de mejora/results/BASE/metrics/spmv_static_t8_scheduler.csv' for reading: No such file or directory
awk: fatal: cannot open file `/scratch/CAGE/jsoterov01/Control-Dinamico-Afinidad-NUMA-con-OpenMP/planes de mejora/results/BASE/metrics/stencil_t16_scheduler.csv' for reading: No such file or directory
awk: fatal: cannot open file `/scratch/CAGE/jsoterov01/Control-Dinamico-Afinidad-NUMA-con-OpenMP/planes de mejora/results/BASE/metrics/spmv_static_t16_scheduler.csv' for reading: No such file or directory
awk: fatal: cannot open file `/scratch/CAGE/jsoterov01/Control-Dinamico-Afinidad-NUMA-con-OpenMP/planes de mejora/results/BASE/metrics/stencil_t32_scheduler.csv' for reading: No such file or directory
awk: fatal: cannot open file `/scratch/CAGE/jsoterov01/Control-Dinamico-Afinidad-NUMA-con-OpenMP/planes de mejora/results/BASE/metrics/spmv_static_t32_scheduler.csv' for reading: No such file or directory
awk: fatal: cannot open file `/scratch/CAGE/jsoterov01/Control-Dinamico-Afinidad-NUMA-con-OpenMP/planes de mejora/results/BASE/metrics/stencil_t64_scheduler.csv' for reading: No such file or directory
awk: fatal: cannot open file `/scratch/CAGE/jsoterov01/Control-Dinamico-Afinidad-NUMA-con-OpenMP/planes de mejora/results/BASE/metrics/spmv_static_t64_scheduler.csv' for reading: No such file or directory
awk: fatal: cannot open file `/scratch/CAGE/jsoterov01/Control-Dinamico-Afinidad-NUMA-con-OpenMP/planes de mejora/results/BASE/metrics/stencil_t128_scheduler.csv' for reading: No such file or directory
awk: fatal: cannot open file `/scratch/CAGE/jsoterov01/Control-Dinamico-Afinidad-NUMA-con-OpenMP/planes de mejora/results/BASE/metrics/spmv_static_t128_scheduler.csv' for reading: No such file or directory
awk: fatal: cannot open file `/scratch/CAGE/jsoterov01/Control-Dinamico-Afinidad-NUMA-con-OpenMP/planes de mejora/results/B1/metrics/stencil_t8_cores_spread_interleave.csv' for reading: No such file or directory
awk: fatal: cannot open file `/scratch/CAGE/jsoterov01/Control-Dinamico-Afinidad-NUMA-con-OpenMP/planes de mejora/results/B1/metrics/spmv_static_t8_cores_spread_interleave.csv' for reading: No such file or directory
awk: fatal: cannot open file `/scratch/CAGE/jsoterov01/Control-Dinamico-Afinidad-NUMA-con-OpenMP/planes de mejora/results/B1/metrics/stencil_t8_cores_close_interleave.csv' for reading: No such file or directory
awk: fatal: cannot open file `/scratch/CAGE/jsoterov01/Control-Dinamico-Afinidad-NUMA-con-OpenMP/planes de mejora/results/B1/metrics/spmv_static_t8_cores_close_interleave.csv' for reading: No such file or directory
awk: fatal: cannot open file `/scratch/CAGE/jsoterov01/Control-Dinamico-Afinidad-NUMA-con-OpenMP/planes de mejora/results/B1/metrics/stencil_t16_cores_spread_interleave.csv' for reading: No such file or directory
awk: fatal: cannot open file `/scratch/CAGE/jsoterov01/Control-Dinamico-Afinidad-NUMA-con-OpenMP/planes de mejora/results/B1/metrics/spmv_static_t16_cores_spread_interleave.csv' for reading: No such file or directory
awk: fatal: cannot open file `/scratch/CAGE/jsoterov01/Control-Dinamico-Afinidad-NUMA-con-OpenMP/planes de mejora/results/B1/metrics/stencil_t16_cores_close_interleave.csv' for reading: No such file or directory
awk: fatal: cannot open file `/scratch/CAGE/jsoterov01/Control-Dinamico-Afinidad-NUMA-con-OpenMP/planes de mejora/results/B1/metrics/spmv_static_t16_cores_close_interleave.csv' for reading: No such file or directory
awk: fatal: cannot open file `/scratch/CAGE/jsoterov01/Control-Dinamico-Afinidad-NUMA-con-OpenMP/planes de mejora/results/B1/metrics/stencil_t32_cores_spread_interleave.csv' for reading: No such file or directory
awk: fatal: cannot open file `/scratch/CAGE/jsoterov01/Control-Dinamico-Afinidad-NUMA-con-OpenMP/planes de mejora/results/B1/metrics/spmv_static_t32_cores_spread_interleave.csv' for reading: No such file or directory
awk: fatal: cannot open file `/scratch/CAGE/jsoterov01/Control-Dinamico-Afinidad-NUMA-con-OpenMP/planes de mejora/results/B1/metrics/stencil_t32_cores_close_interleave.csv' for reading: No such file or directory
awk: fatal: cannot open file `/scratch/CAGE/jsoterov01/Control-Dinamico-Afinidad-NUMA-con-OpenMP/planes de mejora/results/B1/metrics/spmv_static_t32_cores_close_interleave.csv' for reading: No such file or directory
awk: fatal: cannot open file `/scratch/CAGE/jsoterov01/Control-Dinamico-Afinidad-NUMA-con-OpenMP/planes de mejora/results/B1/metrics/stencil_t64_cores_spread_interleave.csv' for reading: No such file or directory
awk: fatal: cannot open file `/scratch/CAGE/jsoterov01/Control-Dinamico-Afinidad-NUMA-con-OpenMP/planes de mejora/results/B1/metrics/spmv_static_t64_cores_spread_interleave.csv' for reading: No such file or directory
awk: fatal: cannot open file `/scratch/CAGE/jsoterov01/Control-Dinamico-Afinidad-NUMA-con-OpenMP/planes de mejora/results/B1/metrics/stencil_t64_cores_close_interleave.csv' for reading: No such file or directory
awk: fatal: cannot open file `/scratch/CAGE/jsoterov01/Control-Dinamico-Afinidad-NUMA-con-OpenMP/planes de mejora/results/B1/metrics/spmv_static_t64_cores_close_interleave.csv' for reading: No such file or directory
awk: fatal: cannot open file `/scratch/CAGE/jsoterov01/Control-Dinamico-Afinidad-NUMA-con-OpenMP/planes de mejora/results/B1/metrics/stencil_t128_cores_spread_interleave.csv' for reading: No such file or directory
awk: fatal: cannot open file `/scratch/CAGE/jsoterov01/Control-Dinamico-Afinidad-NUMA-con-OpenMP/planes de mejora/results/B1/metrics/spmv_static_t128_cores_spread_interleave.csv' for reading: No such file or directory
awk: fatal: cannot open file `/scratch/CAGE/jsoterov01/Control-Dinamico-Afinidad-NUMA-con-OpenMP/planes de mejora/results/B1/metrics/stencil_t128_cores_close_interleave.csv' for reading: No such file or directory
awk: fatal: cannot open file `/scratch/CAGE/jsoterov01/Control-Dinamico-Afinidad-NUMA-con-OpenMP/planes de mejora/results/B1/metrics/spmv_static_t128_cores_close_interleave.csv' for reading: No such file or directory
awk: fatal: cannot open file `/scratch/CAGE/jsoterov01/Control-Dinamico-Afinidad-NUMA-con-OpenMP/planes de mejora/results/B1/metrics/stencil_t8_scheduler.csv' for reading: No such file or directory
awk: fatal: cannot open file `/scratch/CAGE/jsoterov01/Control-Dinamico-Afinidad-NUMA-con-OpenMP/planes de mejora/results/B1/metrics/spmv_static_t8_scheduler.csv' for reading: No such file or directory
awk: fatal: cannot open file `/scratch/CAGE/jsoterov01/Control-Dinamico-Afinidad-NUMA-con-OpenMP/planes de mejora/results/B1/metrics/stencil_t16_scheduler.csv' for reading: No such file or directory
awk: fatal: cannot open file `/scratch/CAGE/jsoterov01/Control-Dinamico-Afinidad-NUMA-con-OpenMP/planes de mejora/results/B1/metrics/spmv_static_t16_scheduler.csv' for reading: No such file or directory
awk: fatal: cannot open file `/scratch/CAGE/jsoterov01/Control-Dinamico-Afinidad-NUMA-con-OpenMP/planes de mejora/results/B1/metrics/stencil_t32_scheduler.csv' for reading: No such file or directory
awk: fatal: cannot open file `/scratch/CAGE/jsoterov01/Control-Dinamico-Afinidad-NUMA-con-OpenMP/planes de mejora/results/B1/metrics/spmv_static_t32_scheduler.csv' for reading: No such file or directory
awk: fatal: cannot open file `/scratch/CAGE/jsoterov01/Control-Dinamico-Afinidad-NUMA-con-OpenMP/planes de mejora/results/B1/metrics/stencil_t64_scheduler.csv' for reading: No such file or directory
awk: fatal: cannot open file `/scratch/CAGE/jsoterov01/Control-Dinamico-Afinidad-NUMA-con-OpenMP/planes de mejora/results/B1/metrics/spmv_static_t64_scheduler.csv' for reading: No such file or directory
awk: fatal: cannot open file `/scratch/CAGE/jsoterov01/Control-Dinamico-Afinidad-NUMA-con-OpenMP/planes de mejora/results/B1/metrics/stencil_t128_scheduler.csv' for reading: No such file or directory
awk: fatal: cannot open file `/scratch/CAGE/jsoterov01/Control-Dinamico-Afinidad-NUMA-con-OpenMP/planes de mejora/results/B1/metrics/spmv_static_t128_scheduler.csv' for reading: No such file or directory
awk: fatal: cannot open file `/scratch/CAGE/jsoterov01/Control-Dinamico-Afinidad-NUMA-con-OpenMP/planes de mejora/results/C1/metrics/stencil_t8_cores_spread_interleave.csv' for reading: No such file or directory
awk: fatal: cannot open file `/scratch/CAGE/jsoterov01/Control-Dinamico-Afinidad-NUMA-con-OpenMP/planes de mejora/results/C1/metrics/spmv_static_t8_cores_spread_interleave.csv' for reading: No such file or directory
awk: fatal: cannot open file `/scratch/CAGE/jsoterov01/Control-Dinamico-Afinidad-NUMA-con-OpenMP/planes de mejora/results/C1/metrics/stencil_t8_cores_close_interleave.csv' for reading: No such file or directory
awk: fatal: cannot open file `/scratch/CAGE/jsoterov01/Control-Dinamico-Afinidad-NUMA-con-OpenMP/planes de mejora/results/C1/metrics/spmv_static_t8_cores_close_interleave.csv' for reading: No such file or directory
awk: fatal: cannot open file `/scratch/CAGE/jsoterov01/Control-Dinamico-Afinidad-NUMA-con-OpenMP/planes de mejora/results/C1/metrics/stencil_t16_cores_spread_interleave.csv' for reading: No such file or directory
awk: fatal: cannot open file `/scratch/CAGE/jsoterov01/Control-Dinamico-Afinidad-NUMA-con-OpenMP/planes de mejora/results/C1/metrics/spmv_static_t16_cores_spread_interleave.csv' for reading: No such file or directory
awk: fatal: cannot open file `/scratch/CAGE/jsoterov01/Control-Dinamico-Afinidad-NUMA-con-OpenMP/planes de mejora/results/C1/metrics/stencil_t16_cores_close_interleave.csv' for reading: No such file or directory
awk: fatal: cannot open file `/scratch/CAGE/jsoterov01/Control-Dinamico-Afinidad-NUMA-con-OpenMP/planes de mejora/results/C1/metrics/spmv_static_t16_cores_close_interleave.csv' for reading: No such file or directory
awk: fatal: cannot open file `/scratch/CAGE/jsoterov01/Control-Dinamico-Afinidad-NUMA-con-OpenMP/planes de mejora/results/C1/metrics/stencil_t32_cores_spread_interleave.csv' for reading: No such file or directory
awk: fatal: cannot open file `/scratch/CAGE/jsoterov01/Control-Dinamico-Afinidad-NUMA-con-OpenMP/planes de mejora/results/C1/metrics/spmv_static_t32_cores_spread_interleave.csv' for reading: No such file or directory
awk: fatal: cannot open file `/scratch/CAGE/jsoterov01/Control-Dinamico-Afinidad-NUMA-con-OpenMP/planes de mejora/results/C1/metrics/stencil_t32_cores_close_interleave.csv' for reading: No such file or directory
awk: fatal: cannot open file `/scratch/CAGE/jsoterov01/Control-Dinamico-Afinidad-NUMA-con-OpenMP/planes de mejora/results/C1/metrics/spmv_static_t32_cores_close_interleave.csv' for reading: No such file or directory
awk: fatal: cannot open file `/scratch/CAGE/jsoterov01/Control-Dinamico-Afinidad-NUMA-con-OpenMP/planes de mejora/results/C1/metrics/stencil_t64_cores_spread_interleave.csv' for reading: No such file or directory
awk: fatal: cannot open file `/scratch/CAGE/jsoterov01/Control-Dinamico-Afinidad-NUMA-con-OpenMP/planes de mejora/results/C1/metrics/spmv_static_t64_cores_spread_interleave.csv' for reading: No such file or directory
awk: fatal: cannot open file `/scratch/CAGE/jsoterov01/Control-Dinamico-Afinidad-NUMA-con-OpenMP/planes de mejora/results/C1/metrics/stencil_t64_cores_close_interleave.csv' for reading: No such file or directory
awk: fatal: cannot open file `/scratch/CAGE/jsoterov01/Control-Dinamico-Afinidad-NUMA-con-OpenMP/planes de mejora/results/C1/metrics/spmv_static_t64_cores_close_interleave.csv' for reading: No such file or directory
awk: fatal: cannot open file `/scratch/CAGE/jsoterov01/Control-Dinamico-Afinidad-NUMA-con-OpenMP/planes de mejora/results/C1/metrics/stencil_t128_cores_spread_interleave.csv' for reading: No such file or directory
awk: fatal: cannot open file `/scratch/CAGE/jsoterov01/Control-Dinamico-Afinidad-NUMA-con-OpenMP/planes de mejora/results/C1/metrics/spmv_static_t128_cores_spread_interleave.csv' for reading: No such file or directory
awk: fatal: cannot open file `/scratch/CAGE/jsoterov01/Control-Dinamico-Afinidad-NUMA-con-OpenMP/planes de mejora/results/C1/metrics/stencil_t128_cores_close_interleave.csv' for reading: No such file or directory
awk: fatal: cannot open file `/scratch/CAGE/jsoterov01/Control-Dinamico-Afinidad-NUMA-con-OpenMP/planes de mejora/results/C1/metrics/spmv_static_t128_cores_close_interleave.csv' for reading: No such file or directory
awk: fatal: cannot open file `/scratch/CAGE/jsoterov01/Control-Dinamico-Afinidad-NUMA-con-OpenMP/planes de mejora/results/C1/metrics/stencil_t8_scheduler.csv' for reading: No such file or directory
awk: fatal: cannot open file `/scratch/CAGE/jsoterov01/Control-Dinamico-Afinidad-NUMA-con-OpenMP/planes de mejora/results/C1/metrics/spmv_static_t8_scheduler.csv' for reading: No such file or directory
awk: fatal: cannot open file `/scratch/CAGE/jsoterov01/Control-Dinamico-Afinidad-NUMA-con-OpenMP/planes de mejora/results/C1/metrics/stencil_t16_scheduler.csv' for reading: No such file or directory
awk: fatal: cannot open file `/scratch/CAGE/jsoterov01/Control-Dinamico-Afinidad-NUMA-con-OpenMP/planes de mejora/results/C1/metrics/spmv_static_t16_scheduler.csv' for reading: No such file or directory
awk: fatal: cannot open file `/scratch/CAGE/jsoterov01/Control-Dinamico-Afinidad-NUMA-con-OpenMP/planes de mejora/results/C1/metrics/stencil_t32_scheduler.csv' for reading: No such file or directory
awk: fatal: cannot open file `/scratch/CAGE/jsoterov01/Control-Dinamico-Afinidad-NUMA-con-OpenMP/planes de mejora/results/C1/metrics/spmv_static_t32_scheduler.csv' for reading: No such file or directory
awk: fatal: cannot open file `/scratch/CAGE/jsoterov01/Control-Dinamico-Afinidad-NUMA-con-OpenMP/planes de mejora/results/C1/metrics/stencil_t64_scheduler.csv' for reading: No such file or directory
awk: fatal: cannot open file `/scratch/CAGE/jsoterov01/Control-Dinamico-Afinidad-NUMA-con-OpenMP/planes de mejora/results/C1/metrics/spmv_static_t64_scheduler.csv' for reading: No such file or directory
awk: fatal: cannot open file `/scratch/CAGE/jsoterov01/Control-Dinamico-Afinidad-NUMA-con-OpenMP/planes de mejora/results/C1/metrics/stencil_t128_scheduler.csv' for reading: No such file or directory
awk: fatal: cannot open file `/scratch/CAGE/jsoterov01/Control-Dinamico-Afinidad-NUMA-con-OpenMP/planes de mejora/results/C1/metrics/spmv_static_t128_scheduler.csv' for reading: No such file or directory
awk: fatal: cannot open file `/scratch/CAGE/jsoterov01/Control-Dinamico-Afinidad-NUMA-con-OpenMP/planes de mejora/results/B3/metrics/stencil_t8_cores_spread_interleave.csv' for reading: No such file or directory
awk: fatal: cannot open file `/scratch/CAGE/jsoterov01/Control-Dinamico-Afinidad-NUMA-con-OpenMP/planes de mejora/results/B3/metrics/spmv_static_t8_cores_spread_interleave.csv' for reading: No such file or directory
awk: fatal: cannot open file `/scratch/CAGE/jsoterov01/Control-Dinamico-Afinidad-NUMA-con-OpenMP/planes de mejora/results/B3/metrics/stencil_t8_cores_close_interleave.csv' for reading: No such file or directory
awk: fatal: cannot open file `/scratch/CAGE/jsoterov01/Control-Dinamico-Afinidad-NUMA-con-OpenMP/planes de mejora/results/B3/metrics/spmv_static_t8_cores_close_interleave.csv' for reading: No such file or directory
awk: fatal: cannot open file `/scratch/CAGE/jsoterov01/Control-Dinamico-Afinidad-NUMA-con-OpenMP/planes de mejora/results/B3/metrics/stencil_t16_cores_spread_interleave.csv' for reading: No such file or directory
awk: fatal: cannot open file `/scratch/CAGE/jsoterov01/Control-Dinamico-Afinidad-NUMA-con-OpenMP/planes de mejora/results/B3/metrics/spmv_static_t16_cores_spread_interleave.csv' for reading: No such file or directory
awk: fatal: cannot open file `/scratch/CAGE/jsoterov01/Control-Dinamico-Afinidad-NUMA-con-OpenMP/planes de mejora/results/B3/metrics/stencil_t16_cores_close_interleave.csv' for reading: No such file or directory
awk: fatal: cannot open file `/scratch/CAGE/jsoterov01/Control-Dinamico-Afinidad-NUMA-con-OpenMP/planes de mejora/results/B3/metrics/spmv_static_t16_cores_close_interleave.csv' for reading: No such file or directory
awk: fatal: cannot open file `/scratch/CAGE/jsoterov01/Control-Dinamico-Afinidad-NUMA-con-OpenMP/planes de mejora/results/B3/metrics/stencil_t32_cores_spread_interleave.csv' for reading: No such file or directory
awk: fatal: cannot open file `/scratch/CAGE/jsoterov01/Control-Dinamico-Afinidad-NUMA-con-OpenMP/planes de mejora/results/B3/metrics/spmv_static_t32_cores_spread_interleave.csv' for reading: No such file or directory
awk: fatal: cannot open file `/scratch/CAGE/jsoterov01/Control-Dinamico-Afinidad-NUMA-con-OpenMP/planes de mejora/results/B3/metrics/stencil_t32_cores_close_interleave.csv' for reading: No such file or directory
awk: fatal: cannot open file `/scratch/CAGE/jsoterov01/Control-Dinamico-Afinidad-NUMA-con-OpenMP/planes de mejora/results/B3/metrics/spmv_static_t32_cores_close_interleave.csv' for reading: No such file or directory
awk: fatal: cannot open file `/scratch/CAGE/jsoterov01/Control-Dinamico-Afinidad-NUMA-con-OpenMP/planes de mejora/results/B3/metrics/stencil_t64_cores_spread_interleave.csv' for reading: No such file or directory
awk: fatal: cannot open file `/scratch/CAGE/jsoterov01/Control-Dinamico-Afinidad-NUMA-con-OpenMP/planes de mejora/results/B3/metrics/spmv_static_t64_cores_spread_interleave.csv' for reading: No such file or directory
awk: fatal: cannot open file `/scratch/CAGE/jsoterov01/Control-Dinamico-Afinidad-NUMA-con-OpenMP/planes de mejora/results/B3/metrics/stencil_t64_cores_close_interleave.csv' for reading: No such file or directory
awk: fatal: cannot open file `/scratch/CAGE/jsoterov01/Control-Dinamico-Afinidad-NUMA-con-OpenMP/planes de mejora/results/B3/metrics/spmv_static_t64_cores_close_interleave.csv' for reading: No such file or directory
awk: fatal: cannot open file `/scratch/CAGE/jsoterov01/Control-Dinamico-Afinidad-NUMA-con-OpenMP/planes de mejora/results/B3/metrics/stencil_t128_cores_spread_interleave.csv' for reading: No such file or directory
awk: fatal: cannot open file `/scratch/CAGE/jsoterov01/Control-Dinamico-Afinidad-NUMA-con-OpenMP/planes de mejora/results/B3/metrics/spmv_static_t128_cores_spread_interleave.csv' for reading: No such file or directory
awk: fatal: cannot open file `/scratch/CAGE/jsoterov01/Control-Dinamico-Afinidad-NUMA-con-OpenMP/planes de mejora/results/B3/metrics/stencil_t128_cores_close_interleave.csv' for reading: No such file or directory
awk: fatal: cannot open file `/scratch/CAGE/jsoterov01/Control-Dinamico-Afinidad-NUMA-con-OpenMP/planes de mejora/results/B3/metrics/spmv_static_t128_cores_close_interleave.csv' for reading: No such file or directory
awk: fatal: cannot open file `/scratch/CAGE/jsoterov01/Control-Dinamico-Afinidad-NUMA-con-OpenMP/planes de mejora/results/B3/metrics/stencil_t8_scheduler.csv' for reading: No such file or directory
awk: fatal: cannot open file `/scratch/CAGE/jsoterov01/Control-Dinamico-Afinidad-NUMA-con-OpenMP/planes de mejora/results/B3/metrics/spmv_static_t8_scheduler.csv' for reading: No such file or directory
awk: fatal: cannot open file `/scratch/CAGE/jsoterov01/Control-Dinamico-Afinidad-NUMA-con-OpenMP/planes de mejora/results/B3/metrics/stencil_t16_scheduler.csv' for reading: No such file or directory
awk: fatal: cannot open file `/scratch/CAGE/jsoterov01/Control-Dinamico-Afinidad-NUMA-con-OpenMP/planes de mejora/results/B3/metrics/spmv_static_t16_scheduler.csv' for reading: No such file or directory
awk: fatal: cannot open file `/scratch/CAGE/jsoterov01/Control-Dinamico-Afinidad-NUMA-con-OpenMP/planes de mejora/results/B3/metrics/stencil_t32_scheduler.csv' for reading: No such file or directory
awk: fatal: cannot open file `/scratch/CAGE/jsoterov01/Control-Dinamico-Afinidad-NUMA-con-OpenMP/planes de mejora/results/B3/metrics/spmv_static_t32_scheduler.csv' for reading: No such file or directory
awk: fatal: cannot open file `/scratch/CAGE/jsoterov01/Control-Dinamico-Afinidad-NUMA-con-OpenMP/planes de mejora/results/B3/metrics/stencil_t64_scheduler.csv' for reading: No such file or directory
awk: fatal: cannot open file `/scratch/CAGE/jsoterov01/Control-Dinamico-Afinidad-NUMA-con-OpenMP/planes de mejora/results/B3/metrics/spmv_static_t64_scheduler.csv' for reading: No such file or directory
awk: fatal: cannot open file `/scratch/CAGE/jsoterov01/Control-Dinamico-Afinidad-NUMA-con-OpenMP/planes de mejora/results/B3/metrics/stencil_t128_scheduler.csv' for reading: No such file or directory
awk: fatal: cannot open file `/scratch/CAGE/jsoterov01/Control-Dinamico-Afinidad-NUMA-con-OpenMP/planes de mejora/results/B3/metrics/spmv_static_t128_scheduler.csv' for reading: No such file or directory
awk: fatal: cannot open file `/scratch/CAGE/jsoterov01/Control-Dinamico-Afinidad-NUMA-con-OpenMP/planes de mejora/results/C3/metrics/stencil_t8_cores_spread_interleave.csv' for reading: No such file or directory
awk: fatal: cannot open file `/scratch/CAGE/jsoterov01/Control-Dinamico-Afinidad-NUMA-con-OpenMP/planes de mejora/results/C3/metrics/spmv_static_t8_cores_spread_interleave.csv' for reading: No such file or directory
awk: fatal: cannot open file `/scratch/CAGE/jsoterov01/Control-Dinamico-Afinidad-NUMA-con-OpenMP/planes de mejora/results/C3/metrics/stencil_t8_cores_close_interleave.csv' for reading: No such file or directory
awk: fatal: cannot open file `/scratch/CAGE/jsoterov01/Control-Dinamico-Afinidad-NUMA-con-OpenMP/planes de mejora/results/C3/metrics/spmv_static_t8_cores_close_interleave.csv' for reading: No such file or directory
awk: fatal: cannot open file `/scratch/CAGE/jsoterov01/Control-Dinamico-Afinidad-NUMA-con-OpenMP/planes de mejora/results/C3/metrics/stencil_t16_cores_spread_interleave.csv' for reading: No such file or directory
awk: fatal: cannot open file `/scratch/CAGE/jsoterov01/Control-Dinamico-Afinidad-NUMA-con-OpenMP/planes de mejora/results/C3/metrics/spmv_static_t16_cores_spread_interleave.csv' for reading: No such file or directory
awk: fatal: cannot open file `/scratch/CAGE/jsoterov01/Control-Dinamico-Afinidad-NUMA-con-OpenMP/planes de mejora/results/C3/metrics/stencil_t16_cores_close_interleave.csv' for reading: No such file or directory
awk: fatal: cannot open file `/scratch/CAGE/jsoterov01/Control-Dinamico-Afinidad-NUMA-con-OpenMP/planes de mejora/results/C3/metrics/spmv_static_t16_cores_close_interleave.csv' for reading: No such file or directory
awk: fatal: cannot open file `/scratch/CAGE/jsoterov01/Control-Dinamico-Afinidad-NUMA-con-OpenMP/planes de mejora/results/C3/metrics/stencil_t32_cores_spread_interleave.csv' for reading: No such file or directory
awk: fatal: cannot open file `/scratch/CAGE/jsoterov01/Control-Dinamico-Afinidad-NUMA-con-OpenMP/planes de mejora/results/C3/metrics/spmv_static_t32_cores_spread_interleave.csv' for reading: No such file or directory
awk: fatal: cannot open file `/scratch/CAGE/jsoterov01/Control-Dinamico-Afinidad-NUMA-con-OpenMP/planes de mejora/results/C3/metrics/stencil_t32_cores_close_interleave.csv' for reading: No such file or directory
awk: fatal: cannot open file `/scratch/CAGE/jsoterov01/Control-Dinamico-Afinidad-NUMA-con-OpenMP/planes de mejora/results/C3/metrics/spmv_static_t32_cores_close_interleave.csv' for reading: No such file or directory
awk: fatal: cannot open file `/scratch/CAGE/jsoterov01/Control-Dinamico-Afinidad-NUMA-con-OpenMP/planes de mejora/results/C3/metrics/stencil_t64_cores_spread_interleave.csv' for reading: No such file or directory
awk: fatal: cannot open file `/scratch/CAGE/jsoterov01/Control-Dinamico-Afinidad-NUMA-con-OpenMP/planes de mejora/results/C3/metrics/spmv_static_t64_cores_spread_interleave.csv' for reading: No such file or directory
awk: fatal: cannot open file `/scratch/CAGE/jsoterov01/Control-Dinamico-Afinidad-NUMA-con-OpenMP/planes de mejora/results/C3/metrics/stencil_t64_cores_close_interleave.csv' for reading: No such file or directory
awk: fatal: cannot open file `/scratch/CAGE/jsoterov01/Control-Dinamico-Afinidad-NUMA-con-OpenMP/planes de mejora/results/C3/metrics/spmv_static_t64_cores_close_interleave.csv' for reading: No such file or directory
awk: fatal: cannot open file `/scratch/CAGE/jsoterov01/Control-Dinamico-Afinidad-NUMA-con-OpenMP/planes de mejora/results/C3/metrics/stencil_t128_cores_spread_interleave.csv' for reading: No such file or directory
awk: fatal: cannot open file `/scratch/CAGE/jsoterov01/Control-Dinamico-Afinidad-NUMA-con-OpenMP/planes de mejora/results/C3/metrics/spmv_static_t128_cores_spread_interleave.csv' for reading: No such file or directory
awk: fatal: cannot open file `/scratch/CAGE/jsoterov01/Control-Dinamico-Afinidad-NUMA-con-OpenMP/planes de mejora/results/C3/metrics/stencil_t128_cores_close_interleave.csv' for reading: No such file or directory
awk: fatal: cannot open file `/scratch/CAGE/jsoterov01/Control-Dinamico-Afinidad-NUMA-con-OpenMP/planes de mejora/results/C3/metrics/spmv_static_t128_cores_close_interleave.csv' for reading: No such file or directory
awk: fatal: cannot open file `/scratch/CAGE/jsoterov01/Control-Dinamico-Afinidad-NUMA-con-OpenMP/planes de mejora/results/C3/metrics/stencil_t8_scheduler.csv' for reading: No such file or directory
awk: fatal: cannot open file `/scratch/CAGE/jsoterov01/Control-Dinamico-Afinidad-NUMA-con-OpenMP/planes de mejora/results/C3/metrics/spmv_static_t8_scheduler.csv' for reading: No such file or directory
awk: fatal: cannot open file `/scratch/CAGE/jsoterov01/Control-Dinamico-Afinidad-NUMA-con-OpenMP/planes de mejora/results/C3/metrics/stencil_t16_scheduler.csv' for reading: No such file or directory
awk: fatal: cannot open file `/scratch/CAGE/jsoterov01/Control-Dinamico-Afinidad-NUMA-con-OpenMP/planes de mejora/results/C3/metrics/spmv_static_t16_scheduler.csv' for reading: No such file or directory
awk: fatal: cannot open file `/scratch/CAGE/jsoterov01/Control-Dinamico-Afinidad-NUMA-con-OpenMP/planes de mejora/results/C3/metrics/stencil_t32_scheduler.csv' for reading: No such file or directory
awk: fatal: cannot open file `/scratch/CAGE/jsoterov01/Control-Dinamico-Afinidad-NUMA-con-OpenMP/planes de mejora/results/C3/metrics/spmv_static_t32_scheduler.csv' for reading: No such file or directory
awk: fatal: cannot open file `/scratch/CAGE/jsoterov01/Control-Dinamico-Afinidad-NUMA-con-OpenMP/planes de mejora/results/C3/metrics/stencil_t64_scheduler.csv' for reading: No such file or directory
awk: fatal: cannot open file `/scratch/CAGE/jsoterov01/Control-Dinamico-Afinidad-NUMA-con-OpenMP/planes de mejora/results/C3/metrics/spmv_static_t64_scheduler.csv' for reading: No such file or directory
awk: fatal: cannot open file `/scratch/CAGE/jsoterov01/Control-Dinamico-Afinidad-NUMA-con-OpenMP/planes de mejora/results/C3/metrics/stencil_t128_scheduler.csv' for reading: No such file or directory
awk: fatal: cannot open file `/scratch/CAGE/jsoterov01/Control-Dinamico-Afinidad-NUMA-con-OpenMP/planes de mejora/results/C3/metrics/spmv_static_t128_scheduler.csv' for reading: No such file or directory
awk: fatal: cannot open file `/scratch/CAGE/jsoterov01/Control-Dinamico-Afinidad-NUMA-con-OpenMP/planes de mejora/results/B2/metrics/stencil_t8_cores_spread_interleave.csv' for reading: No such file or directory
awk: fatal: cannot open file `/scratch/CAGE/jsoterov01/Control-Dinamico-Afinidad-NUMA-con-OpenMP/planes de mejora/results/B2/metrics/spmv_static_t8_cores_spread_interleave.csv' for reading: No such file or directory
awk: fatal: cannot open file `/scratch/CAGE/jsoterov01/Control-Dinamico-Afinidad-NUMA-con-OpenMP/planes de mejora/results/B2/metrics/stencil_t8_cores_close_interleave.csv' for reading: No such file or directory
awk: fatal: cannot open file `/scratch/CAGE/jsoterov01/Control-Dinamico-Afinidad-NUMA-con-OpenMP/planes de mejora/results/B2/metrics/spmv_static_t8_cores_close_interleave.csv' for reading: No such file or directory
awk: fatal: cannot open file `/scratch/CAGE/jsoterov01/Control-Dinamico-Afinidad-NUMA-con-OpenMP/planes de mejora/results/B2/metrics/stencil_t16_cores_spread_interleave.csv' for reading: No such file or directory
awk: fatal: cannot open file `/scratch/CAGE/jsoterov01/Control-Dinamico-Afinidad-NUMA-con-OpenMP/planes de mejora/results/B2/metrics/spmv_static_t16_cores_spread_interleave.csv' for reading: No such file or directory
awk: fatal: cannot open file `/scratch/CAGE/jsoterov01/Control-Dinamico-Afinidad-NUMA-con-OpenMP/planes de mejora/results/B2/metrics/stencil_t16_cores_close_interleave.csv' for reading: No such file or directory
awk: fatal: cannot open file `/scratch/CAGE/jsoterov01/Control-Dinamico-Afinidad-NUMA-con-OpenMP/planes de mejora/results/B2/metrics/spmv_static_t16_cores_close_interleave.csv' for reading: No such file or directory
awk: fatal: cannot open file `/scratch/CAGE/jsoterov01/Control-Dinamico-Afinidad-NUMA-con-OpenMP/planes de mejora/results/B2/metrics/stencil_t32_cores_spread_interleave.csv' for reading: No such file or directory
awk: fatal: cannot open file `/scratch/CAGE/jsoterov01/Control-Dinamico-Afinidad-NUMA-con-OpenMP/planes de mejora/results/B2/metrics/spmv_static_t32_cores_spread_interleave.csv' for reading: No such file or directory
awk: fatal: cannot open file `/scratch/CAGE/jsoterov01/Control-Dinamico-Afinidad-NUMA-con-OpenMP/planes de mejora/results/B2/metrics/stencil_t32_cores_close_interleave.csv' for reading: No such file or directory
awk: fatal: cannot open file `/scratch/CAGE/jsoterov01/Control-Dinamico-Afinidad-NUMA-con-OpenMP/planes de mejora/results/B2/metrics/spmv_static_t32_cores_close_interleave.csv' for reading: No such file or directory
awk: fatal: cannot open file `/scratch/CAGE/jsoterov01/Control-Dinamico-Afinidad-NUMA-con-OpenMP/planes de mejora/results/B2/metrics/stencil_t64_cores_spread_interleave.csv' for reading: No such file or directory
awk: fatal: cannot open file `/scratch/CAGE/jsoterov01/Control-Dinamico-Afinidad-NUMA-con-OpenMP/planes de mejora/results/B2/metrics/spmv_static_t64_cores_spread_interleave.csv' for reading: No such file or directory
awk: fatal: cannot open file `/scratch/CAGE/jsoterov01/Control-Dinamico-Afinidad-NUMA-con-OpenMP/planes de mejora/results/B2/metrics/stencil_t64_cores_close_interleave.csv' for reading: No such file or directory
awk: fatal: cannot open file `/scratch/CAGE/jsoterov01/Control-Dinamico-Afinidad-NUMA-con-OpenMP/planes de mejora/results/B2/metrics/spmv_static_t64_cores_close_interleave.csv' for reading: No such file or directory
awk: fatal: cannot open file `/scratch/CAGE/jsoterov01/Control-Dinamico-Afinidad-NUMA-con-OpenMP/planes de mejora/results/B2/metrics/stencil_t128_cores_spread_interleave.csv' for reading: No such file or directory
awk: fatal: cannot open file `/scratch/CAGE/jsoterov01/Control-Dinamico-Afinidad-NUMA-con-OpenMP/planes de mejora/results/B2/metrics/spmv_static_t128_cores_spread_interleave.csv' for reading: No such file or directory
awk: fatal: cannot open file `/scratch/CAGE/jsoterov01/Control-Dinamico-Afinidad-NUMA-con-OpenMP/planes de mejora/results/B2/metrics/stencil_t128_cores_close_interleave.csv' for reading: No such file or directory
awk: fatal: cannot open file `/scratch/CAGE/jsoterov01/Control-Dinamico-Afinidad-NUMA-con-OpenMP/planes de mejora/results/B2/metrics/spmv_static_t128_cores_close_interleave.csv' for reading: No such file or directory
awk: fatal: cannot open file `/scratch/CAGE/jsoterov01/Control-Dinamico-Afinidad-NUMA-con-OpenMP/planes de mejora/results/B2/metrics/stencil_t8_scheduler.csv' for reading: No such file or directory
awk: fatal: cannot open file `/scratch/CAGE/jsoterov01/Control-Dinamico-Afinidad-NUMA-con-OpenMP/planes de mejora/results/B2/metrics/spmv_static_t8_scheduler.csv' for reading: No such file or directory
awk: fatal: cannot open file `/scratch/CAGE/jsoterov01/Control-Dinamico-Afinidad-NUMA-con-OpenMP/planes de mejora/results/B2/metrics/stencil_t16_scheduler.csv' for reading: No such file or directory
awk: fatal: cannot open file `/scratch/CAGE/jsoterov01/Control-Dinamico-Afinidad-NUMA-con-OpenMP/planes de mejora/results/B2/metrics/spmv_static_t16_scheduler.csv' for reading: No such file or directory
awk: fatal: cannot open file `/scratch/CAGE/jsoterov01/Control-Dinamico-Afinidad-NUMA-con-OpenMP/planes de mejora/results/B2/metrics/stencil_t32_scheduler.csv' for reading: No such file or directory
awk: fatal: cannot open file `/scratch/CAGE/jsoterov01/Control-Dinamico-Afinidad-NUMA-con-OpenMP/planes de mejora/results/B2/metrics/spmv_static_t32_scheduler.csv' for reading: No such file or directory
awk: fatal: cannot open file `/scratch/CAGE/jsoterov01/Control-Dinamico-Afinidad-NUMA-con-OpenMP/planes de mejora/results/B2/metrics/stencil_t64_scheduler.csv' for reading: No such file or directory
awk: fatal: cannot open file `/scratch/CAGE/jsoterov01/Control-Dinamico-Afinidad-NUMA-con-OpenMP/planes de mejora/results/B2/metrics/spmv_static_t64_scheduler.csv' for reading: No such file or directory
awk: fatal: cannot open file `/scratch/CAGE/jsoterov01/Control-Dinamico-Afinidad-NUMA-con-OpenMP/planes de mejora/results/B2/metrics/stencil_t128_scheduler.csv' for reading: No such file or directory
awk: fatal: cannot open file `/scratch/CAGE/jsoterov01/Control-Dinamico-Afinidad-NUMA-con-OpenMP/planes de mejora/results/B2/metrics/spmv_static_t128_scheduler.csv' for reading: No such file or directory
awk: fatal: cannot open file `/scratch/CAGE/jsoterov01/Control-Dinamico-Afinidad-NUMA-con-OpenMP/planes de mejora/results/C2/metrics/stencil_t8_cores_spread_interleave.csv' for reading: No such file or directory
awk: fatal: cannot open file `/scratch/CAGE/jsoterov01/Control-Dinamico-Afinidad-NUMA-con-OpenMP/planes de mejora/results/C2/metrics/spmv_static_t8_cores_spread_interleave.csv' for reading: No such file or directory
awk: fatal: cannot open file `/scratch/CAGE/jsoterov01/Control-Dinamico-Afinidad-NUMA-con-OpenMP/planes de mejora/results/C2/metrics/stencil_t8_cores_close_interleave.csv' for reading: No such file or directory
awk: fatal: cannot open file `/scratch/CAGE/jsoterov01/Control-Dinamico-Afinidad-NUMA-con-OpenMP/planes de mejora/results/C2/metrics/spmv_static_t8_cores_close_interleave.csv' for reading: No such file or directory
awk: fatal: cannot open file `/scratch/CAGE/jsoterov01/Control-Dinamico-Afinidad-NUMA-con-OpenMP/planes de mejora/results/C2/metrics/stencil_t16_cores_spread_interleave.csv' for reading: No such file or directory
awk: fatal: cannot open file `/scratch/CAGE/jsoterov01/Control-Dinamico-Afinidad-NUMA-con-OpenMP/planes de mejora/results/C2/metrics/spmv_static_t16_cores_spread_interleave.csv' for reading: No such file or directory
awk: fatal: cannot open file `/scratch/CAGE/jsoterov01/Control-Dinamico-Afinidad-NUMA-con-OpenMP/planes de mejora/results/C2/metrics/stencil_t16_cores_close_interleave.csv' for reading: No such file or directory
awk: fatal: cannot open file `/scratch/CAGE/jsoterov01/Control-Dinamico-Afinidad-NUMA-con-OpenMP/planes de mejora/results/C2/metrics/spmv_static_t16_cores_close_interleave.csv' for reading: No such file or directory
awk: fatal: cannot open file `/scratch/CAGE/jsoterov01/Control-Dinamico-Afinidad-NUMA-con-OpenMP/planes de mejora/results/C2/metrics/stencil_t32_cores_spread_interleave.csv' for reading: No such file or directory
awk: fatal: cannot open file `/scratch/CAGE/jsoterov01/Control-Dinamico-Afinidad-NUMA-con-OpenMP/planes de mejora/results/C2/metrics/spmv_static_t32_cores_spread_interleave.csv' for reading: No such file or directory
awk: fatal: cannot open file `/scratch/CAGE/jsoterov01/Control-Dinamico-Afinidad-NUMA-con-OpenMP/planes de mejora/results/C2/metrics/stencil_t32_cores_close_interleave.csv' for reading: No such file or directory
awk: fatal: cannot open file `/scratch/CAGE/jsoterov01/Control-Dinamico-Afinidad-NUMA-con-OpenMP/planes de mejora/results/C2/metrics/spmv_static_t32_cores_close_interleave.csv' for reading: No such file or directory
awk: fatal: cannot open file `/scratch/CAGE/jsoterov01/Control-Dinamico-Afinidad-NUMA-con-OpenMP/planes de mejora/results/C2/metrics/stencil_t64_cores_spread_interleave.csv' for reading: No such file or directory
awk: fatal: cannot open file `/scratch/CAGE/jsoterov01/Control-Dinamico-Afinidad-NUMA-con-OpenMP/planes de mejora/results/C2/metrics/spmv_static_t64_cores_spread_interleave.csv' for reading: No such file or directory
awk: fatal: cannot open file `/scratch/CAGE/jsoterov01/Control-Dinamico-Afinidad-NUMA-con-OpenMP/planes de mejora/results/C2/metrics/stencil_t64_cores_close_interleave.csv' for reading: No such file or directory
awk: fatal: cannot open file `/scratch/CAGE/jsoterov01/Control-Dinamico-Afinidad-NUMA-con-OpenMP/planes de mejora/results/C2/metrics/spmv_static_t64_cores_close_interleave.csv' for reading: No such file or directory
awk: fatal: cannot open file `/scratch/CAGE/jsoterov01/Control-Dinamico-Afinidad-NUMA-con-OpenMP/planes de mejora/results/C2/metrics/stencil_t128_cores_spread_interleave.csv' for reading: No such file or directory
awk: fatal: cannot open file `/scratch/CAGE/jsoterov01/Control-Dinamico-Afinidad-NUMA-con-OpenMP/planes de mejora/results/C2/metrics/spmv_static_t128_cores_spread_interleave.csv' for reading: No such file or directory
awk: fatal: cannot open file `/scratch/CAGE/jsoterov01/Control-Dinamico-Afinidad-NUMA-con-OpenMP/planes de mejora/results/C2/metrics/stencil_t128_cores_close_interleave.csv' for reading: No such file or directory
awk: fatal: cannot open file `/scratch/CAGE/jsoterov01/Control-Dinamico-Afinidad-NUMA-con-OpenMP/planes de mejora/results/C2/metrics/spmv_static_t128_cores_close_interleave.csv' for reading: No such file or directory
awk: fatal: cannot open file `/scratch/CAGE/jsoterov01/Control-Dinamico-Afinidad-NUMA-con-OpenMP/planes de mejora/results/C2/metrics/stencil_t8_scheduler.csv' for reading: No such file or directory
awk: fatal: cannot open file `/scratch/CAGE/jsoterov01/Control-Dinamico-Afinidad-NUMA-con-OpenMP/planes de mejora/results/C2/metrics/spmv_static_t8_scheduler.csv' for reading: No such file or directory
awk: fatal: cannot open file `/scratch/CAGE/jsoterov01/Control-Dinamico-Afinidad-NUMA-con-OpenMP/planes de mejora/results/C2/metrics/stencil_t16_scheduler.csv' for reading: No such file or directory
awk: fatal: cannot open file `/scratch/CAGE/jsoterov01/Control-Dinamico-Afinidad-NUMA-con-OpenMP/planes de mejora/results/C2/metrics/spmv_static_t16_scheduler.csv' for reading: No such file or directory
awk: fatal: cannot open file `/scratch/CAGE/jsoterov01/Control-Dinamico-Afinidad-NUMA-con-OpenMP/planes de mejora/results/C2/metrics/stencil_t32_scheduler.csv' for reading: No such file or directory
awk: fatal: cannot open file `/scratch/CAGE/jsoterov01/Control-Dinamico-Afinidad-NUMA-con-OpenMP/planes de mejora/results/C2/metrics/spmv_static_t32_scheduler.csv' for reading: No such file or directory
awk: fatal: cannot open file `/scratch/CAGE/jsoterov01/Control-Dinamico-Afinidad-NUMA-con-OpenMP/planes de mejora/results/C2/metrics/stencil_t64_scheduler.csv' for reading: No such file or directory
awk: fatal: cannot open file `/scratch/CAGE/jsoterov01/Control-Dinamico-Afinidad-NUMA-con-OpenMP/planes de mejora/results/C2/metrics/spmv_static_t64_scheduler.csv' for reading: No such file or directory
awk: fatal: cannot open file `/scratch/CAGE/jsoterov01/Control-Dinamico-Afinidad-NUMA-con-OpenMP/planes de mejora/results/C2/metrics/stencil_t128_scheduler.csv' for reading: No such file or directory
awk: fatal: cannot open file `/scratch/CAGE/jsoterov01/Control-Dinamico-Afinidad-NUMA-con-OpenMP/planes de mejora/results/C2/metrics/spmv_static_t128_scheduler.csv' for reading: No such file or directory
awk: fatal: cannot open file `/scratch/CAGE/jsoterov01/Control-Dinamico-Afinidad-NUMA-con-OpenMP/planes de mejora/results/A1/metrics/stencil_t8_cores_spread_interleave.csv' for reading: No such file or directory
awk: fatal: cannot open file `/scratch/CAGE/jsoterov01/Control-Dinamico-Afinidad-NUMA-con-OpenMP/planes de mejora/results/A1/metrics/spmv_static_t8_cores_spread_interleave.csv' for reading: No such file or directory
awk: fatal: cannot open file `/scratch/CAGE/jsoterov01/Control-Dinamico-Afinidad-NUMA-con-OpenMP/planes de mejora/results/A1/metrics/stencil_t8_cores_close_interleave.csv' for reading: No such file or directory
awk: fatal: cannot open file `/scratch/CAGE/jsoterov01/Control-Dinamico-Afinidad-NUMA-con-OpenMP/planes de mejora/results/A1/metrics/spmv_static_t8_cores_close_interleave.csv' for reading: No such file or directory
awk: fatal: cannot open file `/scratch/CAGE/jsoterov01/Control-Dinamico-Afinidad-NUMA-con-OpenMP/planes de mejora/results/A1/metrics/stencil_t16_cores_spread_interleave.csv' for reading: No such file or directory
awk: fatal: cannot open file `/scratch/CAGE/jsoterov01/Control-Dinamico-Afinidad-NUMA-con-OpenMP/planes de mejora/results/A1/metrics/spmv_static_t16_cores_spread_interleave.csv' for reading: No such file or directory
awk: fatal: cannot open file `/scratch/CAGE/jsoterov01/Control-Dinamico-Afinidad-NUMA-con-OpenMP/planes de mejora/results/A1/metrics/stencil_t16_cores_close_interleave.csv' for reading: No such file or directory
awk: fatal: cannot open file `/scratch/CAGE/jsoterov01/Control-Dinamico-Afinidad-NUMA-con-OpenMP/planes de mejora/results/A1/metrics/spmv_static_t16_cores_close_interleave.csv' for reading: No such file or directory
awk: fatal: cannot open file `/scratch/CAGE/jsoterov01/Control-Dinamico-Afinidad-NUMA-con-OpenMP/planes de mejora/results/A1/metrics/stencil_t32_cores_spread_interleave.csv' for reading: No such file or directory
awk: fatal: cannot open file `/scratch/CAGE/jsoterov01/Control-Dinamico-Afinidad-NUMA-con-OpenMP/planes de mejora/results/A1/metrics/spmv_static_t32_cores_spread_interleave.csv' for reading: No such file or directory
awk: fatal: cannot open file `/scratch/CAGE/jsoterov01/Control-Dinamico-Afinidad-NUMA-con-OpenMP/planes de mejora/results/A1/metrics/stencil_t32_cores_close_interleave.csv' for reading: No such file or directory
awk: fatal: cannot open file `/scratch/CAGE/jsoterov01/Control-Dinamico-Afinidad-NUMA-con-OpenMP/planes de mejora/results/A1/metrics/spmv_static_t32_cores_close_interleave.csv' for reading: No such file or directory
awk: fatal: cannot open file `/scratch/CAGE/jsoterov01/Control-Dinamico-Afinidad-NUMA-con-OpenMP/planes de mejora/results/A1/metrics/stencil_t64_cores_spread_interleave.csv' for reading: No such file or directory
awk: fatal: cannot open file `/scratch/CAGE/jsoterov01/Control-Dinamico-Afinidad-NUMA-con-OpenMP/planes de mejora/results/A1/metrics/spmv_static_t64_cores_spread_interleave.csv' for reading: No such file or directory
awk: fatal: cannot open file `/scratch/CAGE/jsoterov01/Control-Dinamico-Afinidad-NUMA-con-OpenMP/planes de mejora/results/A1/metrics/stencil_t64_cores_close_interleave.csv' for reading: No such file or directory
awk: fatal: cannot open file `/scratch/CAGE/jsoterov01/Control-Dinamico-Afinidad-NUMA-con-OpenMP/planes de mejora/results/A1/metrics/spmv_static_t64_cores_close_interleave.csv' for reading: No such file or directory
awk: fatal: cannot open file `/scratch/CAGE/jsoterov01/Control-Dinamico-Afinidad-NUMA-con-OpenMP/planes de mejora/results/A1/metrics/stencil_t128_cores_spread_interleave.csv' for reading: No such file or directory
awk: fatal: cannot open file `/scratch/CAGE/jsoterov01/Control-Dinamico-Afinidad-NUMA-con-OpenMP/planes de mejora/results/A1/metrics/spmv_static_t128_cores_spread_interleave.csv' for reading: No such file or directory
awk: fatal: cannot open file `/scratch/CAGE/jsoterov01/Control-Dinamico-Afinidad-NUMA-con-OpenMP/planes de mejora/results/A1/metrics/stencil_t128_cores_close_interleave.csv' for reading: No such file or directory
awk: fatal: cannot open file `/scratch/CAGE/jsoterov01/Control-Dinamico-Afinidad-NUMA-con-OpenMP/planes de mejora/results/A1/metrics/spmv_static_t128_cores_close_interleave.csv' for reading: No such file or directory
awk: fatal: cannot open file `/scratch/CAGE/jsoterov01/Control-Dinamico-Afinidad-NUMA-con-OpenMP/planes de mejora/results/A1/metrics/stencil_t8_scheduler.csv' for reading: No such file or directory
awk: fatal: cannot open file `/scratch/CAGE/jsoterov01/Control-Dinamico-Afinidad-NUMA-con-OpenMP/planes de mejora/results/A1/metrics/spmv_static_t8_scheduler.csv' for reading: No such file or directory
awk: fatal: cannot open file `/scratch/CAGE/jsoterov01/Control-Dinamico-Afinidad-NUMA-con-OpenMP/planes de mejora/results/A1/metrics/stencil_t16_scheduler.csv' for reading: No such file or directory
awk: fatal: cannot open file `/scratch/CAGE/jsoterov01/Control-Dinamico-Afinidad-NUMA-con-OpenMP/planes de mejora/results/A1/metrics/spmv_static_t16_scheduler.csv' for reading: No such file or directory
awk: fatal: cannot open file `/scratch/CAGE/jsoterov01/Control-Dinamico-Afinidad-NUMA-con-OpenMP/planes de mejora/results/A1/metrics/stencil_t32_scheduler.csv' for reading: No such file or directory
awk: fatal: cannot open file `/scratch/CAGE/jsoterov01/Control-Dinamico-Afinidad-NUMA-con-OpenMP/planes de mejora/results/A1/metrics/spmv_static_t32_scheduler.csv' for reading: No such file or directory
awk: fatal: cannot open file `/scratch/CAGE/jsoterov01/Control-Dinamico-Afinidad-NUMA-con-OpenMP/planes de mejora/results/A1/metrics/stencil_t64_scheduler.csv' for reading: No such file or directory
awk: fatal: cannot open file `/scratch/CAGE/jsoterov01/Control-Dinamico-Afinidad-NUMA-con-OpenMP/planes de mejora/results/A1/metrics/spmv_static_t64_scheduler.csv' for reading: No such file or directory
awk: fatal: cannot open file `/scratch/CAGE/jsoterov01/Control-Dinamico-Afinidad-NUMA-con-OpenMP/planes de mejora/results/A1/metrics/stencil_t128_scheduler.csv' for reading: No such file or directory
awk: fatal: cannot open file `/scratch/CAGE/jsoterov01/Control-Dinamico-Afinidad-NUMA-con-OpenMP/planes de mejora/results/A1/metrics/spmv_static_t128_scheduler.csv' for reading: No such file or directory
awk: fatal: cannot open file `/scratch/CAGE/jsoterov01/Control-Dinamico-Afinidad-NUMA-con-OpenMP/planes de mejora/results/A2/metrics/stencil_t8_cores_spread_interleave.csv' for reading: No such file or directory
awk: fatal: cannot open file `/scratch/CAGE/jsoterov01/Control-Dinamico-Afinidad-NUMA-con-OpenMP/planes de mejora/results/A2/metrics/spmv_static_t8_cores_spread_interleave.csv' for reading: No such file or directory
awk: fatal: cannot open file `/scratch/CAGE/jsoterov01/Control-Dinamico-Afinidad-NUMA-con-OpenMP/planes de mejora/results/A2/metrics/stencil_t8_cores_close_interleave.csv' for reading: No such file or directory
awk: fatal: cannot open file `/scratch/CAGE/jsoterov01/Control-Dinamico-Afinidad-NUMA-con-OpenMP/planes de mejora/results/A2/metrics/spmv_static_t8_cores_close_interleave.csv' for reading: No such file or directory
awk: fatal: cannot open file `/scratch/CAGE/jsoterov01/Control-Dinamico-Afinidad-NUMA-con-OpenMP/planes de mejora/results/A2/metrics/stencil_t16_cores_spread_interleave.csv' for reading: No such file or directory
awk: fatal: cannot open file `/scratch/CAGE/jsoterov01/Control-Dinamico-Afinidad-NUMA-con-OpenMP/planes de mejora/results/A2/metrics/spmv_static_t16_cores_spread_interleave.csv' for reading: No such file or directory
awk: fatal: cannot open file `/scratch/CAGE/jsoterov01/Control-Dinamico-Afinidad-NUMA-con-OpenMP/planes de mejora/results/A2/metrics/stencil_t16_cores_close_interleave.csv' for reading: No such file or directory
awk: fatal: cannot open file `/scratch/CAGE/jsoterov01/Control-Dinamico-Afinidad-NUMA-con-OpenMP/planes de mejora/results/A2/metrics/spmv_static_t16_cores_close_interleave.csv' for reading: No such file or directory
awk: fatal: cannot open file `/scratch/CAGE/jsoterov01/Control-Dinamico-Afinidad-NUMA-con-OpenMP/planes de mejora/results/A2/metrics/stencil_t32_cores_spread_interleave.csv' for reading: No such file or directory
awk: fatal: cannot open file `/scratch/CAGE/jsoterov01/Control-Dinamico-Afinidad-NUMA-con-OpenMP/planes de mejora/results/A2/metrics/spmv_static_t32_cores_spread_interleave.csv' for reading: No such file or directory
awk: fatal: cannot open file `/scratch/CAGE/jsoterov01/Control-Dinamico-Afinidad-NUMA-con-OpenMP/planes de mejora/results/A2/metrics/stencil_t32_cores_close_interleave.csv' for reading: No such file or directory
awk: fatal: cannot open file `/scratch/CAGE/jsoterov01/Control-Dinamico-Afinidad-NUMA-con-OpenMP/planes de mejora/results/A2/metrics/spmv_static_t32_cores_close_interleave.csv' for reading: No such file or directory
awk: fatal: cannot open file `/scratch/CAGE/jsoterov01/Control-Dinamico-Afinidad-NUMA-con-OpenMP/planes de mejora/results/A2/metrics/stencil_t64_cores_spread_interleave.csv' for reading: No such file or directory
awk: fatal: cannot open file `/scratch/CAGE/jsoterov01/Control-Dinamico-Afinidad-NUMA-con-OpenMP/planes de mejora/results/A2/metrics/spmv_static_t64_cores_spread_interleave.csv' for reading: No such file or directory
awk: fatal: cannot open file `/scratch/CAGE/jsoterov01/Control-Dinamico-Afinidad-NUMA-con-OpenMP/planes de mejora/results/A2/metrics/stencil_t64_cores_close_interleave.csv' for reading: No such file or directory
awk: fatal: cannot open file `/scratch/CAGE/jsoterov01/Control-Dinamico-Afinidad-NUMA-con-OpenMP/planes de mejora/results/A2/metrics/spmv_static_t64_cores_close_interleave.csv' for reading: No such file or directory
awk: fatal: cannot open file `/scratch/CAGE/jsoterov01/Control-Dinamico-Afinidad-NUMA-con-OpenMP/planes de mejora/results/A2/metrics/stencil_t128_cores_spread_interleave.csv' for reading: No such file or directory
awk: fatal: cannot open file `/scratch/CAGE/jsoterov01/Control-Dinamico-Afinidad-NUMA-con-OpenMP/planes de mejora/results/A2/metrics/spmv_static_t128_cores_spread_interleave.csv' for reading: No such file or directory
awk: fatal: cannot open file `/scratch/CAGE/jsoterov01/Control-Dinamico-Afinidad-NUMA-con-OpenMP/planes de mejora/results/A2/metrics/stencil_t128_cores_close_interleave.csv' for reading: No such file or directory
awk: fatal: cannot open file `/scratch/CAGE/jsoterov01/Control-Dinamico-Afinidad-NUMA-con-OpenMP/planes de mejora/results/A2/metrics/spmv_static_t128_cores_close_interleave.csv' for reading: No such file or directory
awk: fatal: cannot open file `/scratch/CAGE/jsoterov01/Control-Dinamico-Afinidad-NUMA-con-OpenMP/planes de mejora/results/A2/metrics/stencil_t8_scheduler.csv' for reading: No such file or directory
awk: fatal: cannot open file `/scratch/CAGE/jsoterov01/Control-Dinamico-Afinidad-NUMA-con-OpenMP/planes de mejora/results/A2/metrics/spmv_static_t8_scheduler.csv' for reading: No such file or directory
awk: fatal: cannot open file `/scratch/CAGE/jsoterov01/Control-Dinamico-Afinidad-NUMA-con-OpenMP/planes de mejora/results/A2/metrics/stencil_t16_scheduler.csv' for reading: No such file or directory
awk: fatal: cannot open file `/scratch/CAGE/jsoterov01/Control-Dinamico-Afinidad-NUMA-con-OpenMP/planes de mejora/results/A2/metrics/spmv_static_t16_scheduler.csv' for reading: No such file or directory
awk: fatal: cannot open file `/scratch/CAGE/jsoterov01/Control-Dinamico-Afinidad-NUMA-con-OpenMP/planes de mejora/results/A2/metrics/stencil_t32_scheduler.csv' for reading: No such file or directory
awk: fatal: cannot open file `/scratch/CAGE/jsoterov01/Control-Dinamico-Afinidad-NUMA-con-OpenMP/planes de mejora/results/A2/metrics/spmv_static_t32_scheduler.csv' for reading: No such file or directory
awk: fatal: cannot open file `/scratch/CAGE/jsoterov01/Control-Dinamico-Afinidad-NUMA-con-OpenMP/planes de mejora/results/A2/metrics/stencil_t64_scheduler.csv' for reading: No such file or directory
awk: fatal: cannot open file `/scratch/CAGE/jsoterov01/Control-Dinamico-Afinidad-NUMA-con-OpenMP/planes de mejora/results/A2/metrics/spmv_static_t64_scheduler.csv' for reading: No such file or directory
awk: fatal: cannot open file `/scratch/CAGE/jsoterov01/Control-Dinamico-Afinidad-NUMA-con-OpenMP/planes de mejora/results/A2/metrics/stencil_t128_scheduler.csv' for reading: No such file or directory
awk: fatal: cannot open file `/scratch/CAGE/jsoterov01/Control-Dinamico-Afinidad-NUMA-con-OpenMP/planes de mejora/results/A2/metrics/spmv_static_t128_scheduler.csv' for reading: No such file or directory
awk: fatal: cannot open file `/scratch/CAGE/jsoterov01/Control-Dinamico-Afinidad-NUMA-con-OpenMP/planes de mejora/results/D1/metrics/stencil_t8_cores_spread_interleave.csv' for reading: No such file or directory
awk: fatal: cannot open file `/scratch/CAGE/jsoterov01/Control-Dinamico-Afinidad-NUMA-con-OpenMP/planes de mejora/results/D1/metrics/spmv_static_t8_cores_spread_interleave.csv' for reading: No such file or directory
awk: fatal: cannot open file `/scratch/CAGE/jsoterov01/Control-Dinamico-Afinidad-NUMA-con-OpenMP/planes de mejora/results/D1/metrics/stencil_t8_cores_close_interleave.csv' for reading: No such file or directory
awk: fatal: cannot open file `/scratch/CAGE/jsoterov01/Control-Dinamico-Afinidad-NUMA-con-OpenMP/planes de mejora/results/D1/metrics/spmv_static_t8_cores_close_interleave.csv' for reading: No such file or directory
awk: fatal: cannot open file `/scratch/CAGE/jsoterov01/Control-Dinamico-Afinidad-NUMA-con-OpenMP/planes de mejora/results/D1/metrics/stencil_t16_cores_spread_interleave.csv' for reading: No such file or directory
awk: fatal: cannot open file `/scratch/CAGE/jsoterov01/Control-Dinamico-Afinidad-NUMA-con-OpenMP/planes de mejora/results/D1/metrics/spmv_static_t16_cores_spread_interleave.csv' for reading: No such file or directory
awk: fatal: cannot open file `/scratch/CAGE/jsoterov01/Control-Dinamico-Afinidad-NUMA-con-OpenMP/planes de mejora/results/D1/metrics/stencil_t16_cores_close_interleave.csv' for reading: No such file or directory
awk: fatal: cannot open file `/scratch/CAGE/jsoterov01/Control-Dinamico-Afinidad-NUMA-con-OpenMP/planes de mejora/results/D1/metrics/spmv_static_t16_cores_close_interleave.csv' for reading: No such file or directory
awk: fatal: cannot open file `/scratch/CAGE/jsoterov01/Control-Dinamico-Afinidad-NUMA-con-OpenMP/planes de mejora/results/D1/metrics/stencil_t32_cores_spread_interleave.csv' for reading: No such file or directory
awk: fatal: cannot open file `/scratch/CAGE/jsoterov01/Control-Dinamico-Afinidad-NUMA-con-OpenMP/planes de mejora/results/D1/metrics/spmv_static_t32_cores_spread_interleave.csv' for reading: No such file or directory
awk: fatal: cannot open file `/scratch/CAGE/jsoterov01/Control-Dinamico-Afinidad-NUMA-con-OpenMP/planes de mejora/results/D1/metrics/stencil_t32_cores_close_interleave.csv' for reading: No such file or directory
awk: fatal: cannot open file `/scratch/CAGE/jsoterov01/Control-Dinamico-Afinidad-NUMA-con-OpenMP/planes de mejora/results/D1/metrics/spmv_static_t32_cores_close_interleave.csv' for reading: No such file or directory
awk: fatal: cannot open file `/scratch/CAGE/jsoterov01/Control-Dinamico-Afinidad-NUMA-con-OpenMP/planes de mejora/results/D1/metrics/stencil_t64_cores_spread_interleave.csv' for reading: No such file or directory
awk: fatal: cannot open file `/scratch/CAGE/jsoterov01/Control-Dinamico-Afinidad-NUMA-con-OpenMP/planes de mejora/results/D1/metrics/spmv_static_t64_cores_spread_interleave.csv' for reading: No such file or directory
awk: fatal: cannot open file `/scratch/CAGE/jsoterov01/Control-Dinamico-Afinidad-NUMA-con-OpenMP/planes de mejora/results/D1/metrics/stencil_t64_cores_close_interleave.csv' for reading: No such file or directory
awk: fatal: cannot open file `/scratch/CAGE/jsoterov01/Control-Dinamico-Afinidad-NUMA-con-OpenMP/planes de mejora/results/D1/metrics/spmv_static_t64_cores_close_interleave.csv' for reading: No such file or directory
awk: fatal: cannot open file `/scratch/CAGE/jsoterov01/Control-Dinamico-Afinidad-NUMA-con-OpenMP/planes de mejora/results/D1/metrics/stencil_t128_cores_spread_interleave.csv' for reading: No such file or directory
awk: fatal: cannot open file `/scratch/CAGE/jsoterov01/Control-Dinamico-Afinidad-NUMA-con-OpenMP/planes de mejora/results/D1/metrics/spmv_static_t128_cores_spread_interleave.csv' for reading: No such file or directory
awk: fatal: cannot open file `/scratch/CAGE/jsoterov01/Control-Dinamico-Afinidad-NUMA-con-OpenMP/planes de mejora/results/D1/metrics/stencil_t128_cores_close_interleave.csv' for reading: No such file or directory
awk: fatal: cannot open file `/scratch/CAGE/jsoterov01/Control-Dinamico-Afinidad-NUMA-con-OpenMP/planes de mejora/results/D1/metrics/spmv_static_t128_cores_close_interleave.csv' for reading: No such file or directory
awk: fatal: cannot open file `/scratch/CAGE/jsoterov01/Control-Dinamico-Afinidad-NUMA-con-OpenMP/planes de mejora/results/D1/metrics/stencil_t8_scheduler.csv' for reading: No such file or directory
awk: fatal: cannot open file `/scratch/CAGE/jsoterov01/Control-Dinamico-Afinidad-NUMA-con-OpenMP/planes de mejora/results/D1/metrics/spmv_static_t8_scheduler.csv' for reading: No such file or directory
awk: fatal: cannot open file `/scratch/CAGE/jsoterov01/Control-Dinamico-Afinidad-NUMA-con-OpenMP/planes de mejora/results/D1/metrics/stencil_t16_scheduler.csv' for reading: No such file or directory
awk: fatal: cannot open file `/scratch/CAGE/jsoterov01/Control-Dinamico-Afinidad-NUMA-con-OpenMP/planes de mejora/results/D1/metrics/spmv_static_t16_scheduler.csv' for reading: No such file or directory
awk: fatal: cannot open file `/scratch/CAGE/jsoterov01/Control-Dinamico-Afinidad-NUMA-con-OpenMP/planes de mejora/results/D1/metrics/stencil_t32_scheduler.csv' for reading: No such file or directory
awk: fatal: cannot open file `/scratch/CAGE/jsoterov01/Control-Dinamico-Afinidad-NUMA-con-OpenMP/planes de mejora/results/D1/metrics/spmv_static_t32_scheduler.csv' for reading: No such file or directory
awk: fatal: cannot open file `/scratch/CAGE/jsoterov01/Control-Dinamico-Afinidad-NUMA-con-OpenMP/planes de mejora/results/D1/metrics/stencil_t64_scheduler.csv' for reading: No such file or directory
awk: fatal: cannot open file `/scratch/CAGE/jsoterov01/Control-Dinamico-Afinidad-NUMA-con-OpenMP/planes de mejora/results/D1/metrics/spmv_static_t64_scheduler.csv' for reading: No such file or directory
awk: fatal: cannot open file `/scratch/CAGE/jsoterov01/Control-Dinamico-Afinidad-NUMA-con-OpenMP/planes de mejora/results/D1/metrics/stencil_t128_scheduler.csv' for reading: No such file or directory
awk: fatal: cannot open file `/scratch/CAGE/jsoterov01/Control-Dinamico-Afinidad-NUMA-con-OpenMP/planes de mejora/results/D1/metrics/spmv_static_t128_scheduler.csv' for reading: No such file or directory
