[OMPT] ompt_initialize (OPCIÓN C: integrador con fugas)  verbose=0  migracion=activa
[HWLOC] Nodos NUMA detectados: 2 (usados: 2)
[HWLOC] Nodo 0: 128 CPUs
[HWLOC] Nodo 1: 128 CPUs
[OMPT] callback 'ompt_callback_thread_begin' registrado (result=5)
[OMPT] callback 'ompt_callback_thread_end' registrado (result=5)
[OMPT] callback 'ompt_callback_parallel_begin' registrado (result=5)
[OMPT] callback 'ompt_callback_parallel_end' registrado (result=5)
[OMPT] callback 'ompt_callback_implicit_task' registrado (result=5)
[OMPT] callback 'ompt_callback_control_tool' registrado (result=5)
[OMPT] Callbacks registrados
[OMPT] Sistema: 0 procesadores lógicos
[OMPT][MON] Monitor (C: integrador con fugas)  período=100ms  warmup=5  T=ref+1.00*MAD  leak=0.50*MAD  cap=8.00*MAD  max_mig=1  migracion=activa
[OMPT] control_tool: INICIANDO medicion
[OMPT] control_tool: PAUSANDO medicion
[OMPT] ompt_finalize
[OMPT][MON] Monitor detenido tras 1018 ventanas
[OMPT] CSV de ventanas: 1088 filas volcadas (0 descartadas)
[OMPT] ===== Tabla final: 32 hilos =====
[OMPT] tid=183458 ompt_id=281474976710657 tipo=ompt_thread_initial    last_cpu=255 numa=1 mig=0 fallos=0 perf=full ipc=0.743 ratio_rm=0.1238
[OMPT] tid=183460 ompt_id=562949953421313 tipo=ompt_thread_worker     last_cpu=215 numa=1 mig=0 fallos=0 perf=full ipc=0.750 ratio_rm=0.1245
[OMPT] tid=183461 ompt_id=844424930131969 tipo=ompt_thread_worker     last_cpu=223 numa=1 mig=0 fallos=0 perf=full ipc=0.751 ratio_rm=0.1264
[OMPT] tid=183462 ompt_id=1125899906842625 tipo=ompt_thread_worker     last_cpu=231 numa=1 mig=0 fallos=0 perf=full ipc=0.782 ratio_rm=0.1233
[OMPT] tid=183463 ompt_id=1407374883553281 tipo=ompt_thread_worker     last_cpu= 89 numa=1 mig=0 fallos=0 perf=full ipc=0.746 ratio_rm=0.1240
[OMPT] tid=183464 ompt_id=1688849860263937 tipo=ompt_thread_worker     last_cpu= 17 numa=0 mig=0 fallos=0 perf=full ipc=0.856 ratio_rm=0.1189
[OMPT] tid=183465 ompt_id=1970324836974593 tipo=ompt_thread_worker     last_cpu= 74 numa=1 mig=0 fallos=0 perf=full ipc=0.769 ratio_rm=0.1248
[OMPT] tid=183466 ompt_id=2251799813685249 tipo=ompt_thread_worker     last_cpu= 56 numa=0 mig=0 fallos=0 perf=full ipc=1.007 ratio_rm=0.0936
[OMPT] tid=183467 ompt_id=2533274790395905 tipo=ompt_thread_worker     last_cpu=199 numa=1 mig=0 fallos=0 perf=full ipc=0.882 ratio_rm=0.1167
[OMPT] tid=183469 ompt_id=2814749767106561 tipo=ompt_thread_worker     last_cpu= 24 numa=0 mig=0 fallos=0 perf=full ipc=0.996 ratio_rm=0.0942
[OMPT] tid=183468 ompt_id=3096224743817217 tipo=ompt_thread_worker     last_cpu= 79 numa=1 mig=0 fallos=0 perf=full ipc=0.762 ratio_rm=0.1235
[OMPT] tid=183470 ompt_id=3377699720527873 tipo=ompt_thread_worker     last_cpu=128 numa=0 mig=0 fallos=0 perf=full ipc=0.905 ratio_rm=0.1097
[OMPT] tid=183471 ompt_id=3659174697238529 tipo=ompt_thread_worker     last_cpu=  8 numa=0 mig=0 fallos=0 perf=full ipc=0.996 ratio_rm=0.0949
[OMPT] tid=183472 ompt_id=3940649673949185 tipo=ompt_thread_worker     last_cpu= 48 numa=0 mig=0 fallos=0 perf=full ipc=0.988 ratio_rm=0.0940
[OMPT] tid=183473 ompt_id=4222124650659841 tipo=ompt_thread_worker     last_cpu= 16 numa=0 mig=0 fallos=0 perf=full ipc=0.970 ratio_rm=0.1019
[OMPT] tid=183474 ompt_id=4503599627370497 tipo=ompt_thread_worker     last_cpu=239 numa=1 mig=0 fallos=0 perf=full ipc=0.754 ratio_rm=0.1242
[OMPT] tid=183475 ompt_id=4785074604081153 tipo=ompt_thread_worker     last_cpu= 97 numa=1 mig=0 fallos=0 perf=full ipc=0.714 ratio_rm=0.1242
[OMPT] tid=183476 ompt_id=5066549580791809 tipo=ompt_thread_worker     last_cpu=233 numa=1 mig=0 fallos=0 perf=full ipc=0.761 ratio_rm=0.1237
[OMPT] tid=183477 ompt_id=5348024557502465 tipo=ompt_thread_worker     last_cpu= 88 numa=1 mig=0 fallos=0 perf=full ipc=0.733 ratio_rm=0.1223
[OMPT] tid=183478 ompt_id=5629499534213121 tipo=ompt_thread_worker     last_cpu= 80 numa=1 mig=0 fallos=0 perf=full ipc=0.765 ratio_rm=0.1231
[OMPT] tid=183479 ompt_id=5910974510923777 tipo=ompt_thread_worker     last_cpu=113 numa=1 mig=0 fallos=0 perf=full ipc=0.745 ratio_rm=0.1217
[OMPT] tid=183480 ompt_id=6192449487634433 tipo=ompt_thread_worker     last_cpu=254 numa=1 mig=0 fallos=0 perf=full ipc=0.730 ratio_rm=0.1217
[OMPT] tid=183481 ompt_id=6473924464345089 tipo=ompt_thread_worker     last_cpu= 81 numa=1 mig=0 fallos=0 perf=full ipc=0.743 ratio_rm=0.1237
[OMPT] tid=183482 ompt_id=6755399441055745 tipo=ompt_thread_worker     last_cpu=114 numa=1 mig=0 fallos=0 perf=full ipc=0.749 ratio_rm=0.1241
[OMPT] tid=183483 ompt_id=7036874417766401 tipo=ompt_thread_worker     last_cpu= 64 numa=1 mig=0 fallos=0 perf=full ipc=0.751 ratio_rm=0.1240
[OMPT] tid=183484 ompt_id=7318349394477057 tipo=ompt_thread_worker     last_cpu= 40 numa=0 mig=0 fallos=0 perf=full ipc=0.997 ratio_rm=0.0952
[OMPT] tid=183485 ompt_id=7599824371187713 tipo=ompt_thread_worker     last_cpu= 32 numa=0 mig=0 fallos=0 perf=full ipc=0.995 ratio_rm=0.0947
[OMPT] tid=183486 ompt_id=7881299347898369 tipo=ompt_thread_worker     last_cpu=253 numa=1 mig=0 fallos=0 perf=full ipc=0.745 ratio_rm=0.1209
[OMPT] tid=183487 ompt_id=8162774324609025 tipo=ompt_thread_worker     last_cpu=104 numa=1 mig=0 fallos=0 perf=full ipc=0.737 ratio_rm=0.1227
[OMPT] tid=183488 ompt_id=8444249301319681 tipo=ompt_thread_worker     last_cpu=  2 numa=0 mig=0 fallos=0 perf=full ipc=0.836 ratio_rm=0.1199
[OMPT] tid=183489 ompt_id=8725724278030337 tipo=ompt_thread_worker     last_cpu= 96 numa=1 mig=0 fallos=0 perf=full ipc=0.769 ratio_rm=0.1246
[OMPT] tid=183490 ompt_id=9007199254740993 tipo=ompt_thread_worker     last_cpu=247 numa=1 mig=0 fallos=0 perf=full ipc=0.725 ratio_rm=0.1218
[OMPT] ===== Overhead intrínseco =====
  monitor: 1018 ticks, 30049.6 us total (max 1197.9 us/tick)
  callbacks implicit_task: 5185, 1257830.0 us total
  migraciones: 0 (0.0 us total)
  resyncs=0  lecturas escaladas por multiplexado=0
  hilos con perf fallido=0  parcial(ipc_only)=0
  ventanas con ciclos=1088  con fills=1088
