[OMPT] ompt_initialize (OPCIÓN C: integrador con fugas)  verbose=0  migracion=DESACTIVADA
[HWLOC] Nodos NUMA detectados: 2 (usados: 2)
[HWLOC] Nodo 0: 128 CPUs
[HWLOC] Nodo 1: 128 CPUs
[OMPT] callback 'ompt_callback_thread_begin' registrado (result=5)
[OMPT] callback 'ompt_callback_thread_end' registrado (result=5)
[OMPT] callback 'ompt_callback_parallel_begin' registrado (result=5)
[OMPT] callback 'ompt_callback_parallel_end' registrado (result=5)
[OMPT] callback 'ompt_callback_implicit_task' registrado (result=5)
[OMPT] callback 'ompt_callback_control_tool' registrado (result=5)
[OMPT] Callbacks registrados
[OMPT] Sistema: 0 procesadores lógicos
[OMPT][MON] Monitor (C: integrador con fugas)  período=100ms  warmup=5  T=ref+1.00*MAD  leak=0.50*MAD  cap=8.00*MAD  max_mig=1  migracion=DESACTIVADA
[OMPT] control_tool: INICIANDO medicion
[OMPT] control_tool: PAUSANDO medicion
[OMPT] ompt_finalize
[OMPT][MON] Monitor detenido tras 1000 ventanas
[OMPT] CSV de ventanas: 2944 filas volcadas (0 descartadas)
[OMPT] ===== Tabla final: 128 hilos =====
[OMPT] tid=185714 ompt_id=281474976710657 tipo=ompt_thread_initial    last_cpu=128 numa=0 mig=0 fallos=0 perf=full ipc=0.313 ratio_rm=0.1549
[OMPT] tid=185716 ompt_id=562949953421313 tipo=ompt_thread_worker     last_cpu=  1 numa=0 mig=0 fallos=0 perf=full ipc=0.327 ratio_rm=0.1633
[OMPT] tid=185717 ompt_id=844424930131969 tipo=ompt_thread_worker     last_cpu=130 numa=0 mig=0 fallos=0 perf=full ipc=0.330 ratio_rm=0.1584
[OMPT] tid=185718 ompt_id=1125899906842625 tipo=ompt_thread_worker     last_cpu=131 numa=0 mig=0 fallos=0 perf=full ipc=0.331 ratio_rm=0.1565
[OMPT] tid=185719 ompt_id=1407374883553281 tipo=ompt_thread_worker     last_cpu=132 numa=0 mig=0 fallos=0 perf=full ipc=0.337 ratio_rm=0.1707
[OMPT] tid=185720 ompt_id=1688849860263937 tipo=ompt_thread_worker     last_cpu=133 numa=0 mig=0 fallos=0 perf=full ipc=0.338 ratio_rm=0.1696
[OMPT] tid=185721 ompt_id=1970324836974593 tipo=ompt_thread_worker     last_cpu=134 numa=0 mig=0 fallos=0 perf=full ipc=0.340 ratio_rm=0.1752
[OMPT] tid=185722 ompt_id=2251799813685249 tipo=ompt_thread_worker     last_cpu=135 numa=0 mig=0 fallos=0 perf=full ipc=0.332 ratio_rm=0.1682
[OMPT] tid=185723 ompt_id=2533274790395905 tipo=ompt_thread_worker     last_cpu=176 numa=0 mig=0 fallos=0 perf=full ipc=0.320 ratio_rm=0.1755
[OMPT] tid=185724 ompt_id=2814749767106561 tipo=ompt_thread_worker     last_cpu=177 numa=0 mig=0 fallos=0 perf=full ipc=0.330 ratio_rm=0.1704
[OMPT] tid=185726 ompt_id=3096224743817217 tipo=ompt_thread_worker     last_cpu= 51 numa=0 mig=0 fallos=0 perf=full ipc=0.332 ratio_rm=0.1579
[OMPT] tid=185725 ompt_id=3377699720527873 tipo=ompt_thread_worker     last_cpu=178 numa=0 mig=0 fallos=0 perf=full ipc=0.331 ratio_rm=0.1657
[OMPT] tid=185727 ompt_id=3659174697238529 tipo=ompt_thread_worker     last_cpu= 52 numa=0 mig=0 fallos=0 perf=full ipc=0.334 ratio_rm=0.1699
[OMPT] tid=185728 ompt_id=3940649673949185 tipo=ompt_thread_worker     last_cpu= 53 numa=0 mig=0 fallos=0 perf=full ipc=0.334 ratio_rm=0.1650
[OMPT] tid=185729 ompt_id=4222124650659841 tipo=ompt_thread_worker     last_cpu=182 numa=0 mig=0 fallos=0 perf=full ipc=0.327 ratio_rm=0.1670
[OMPT] tid=185730 ompt_id=4503599627370497 tipo=ompt_thread_worker     last_cpu= 55 numa=0 mig=0 fallos=0 perf=full ipc=0.320 ratio_rm=0.1572
[OMPT] tid=185731 ompt_id=4785074604081153 tipo=ompt_thread_worker     last_cpu=144 numa=0 mig=0 fallos=0 perf=full ipc=0.293 ratio_rm=0.1620
[OMPT] tid=185732 ompt_id=5066549580791809 tipo=ompt_thread_worker     last_cpu=145 numa=0 mig=0 fallos=0 perf=full ipc=0.297 ratio_rm=0.1811
[OMPT] tid=185733 ompt_id=5348024557502465 tipo=ompt_thread_worker     last_cpu= 18 numa=0 mig=0 fallos=0 perf=full ipc=0.300 ratio_rm=0.1838
[OMPT] tid=185734 ompt_id=5629499534213121 tipo=ompt_thread_worker     last_cpu=147 numa=0 mig=0 fallos=0 perf=full ipc=0.301 ratio_rm=0.1708
[OMPT] tid=185735 ompt_id=5910974510923777 tipo=ompt_thread_worker     last_cpu= 20 numa=0 mig=0 fallos=0 perf=full ipc=0.304 ratio_rm=0.1814
[OMPT] tid=185736 ompt_id=6192449487634433 tipo=ompt_thread_worker     last_cpu=149 numa=0 mig=0 fallos=0 perf=full ipc=0.306 ratio_rm=0.1768
[OMPT] tid=185737 ompt_id=6473924464345089 tipo=ompt_thread_worker     last_cpu= 22 numa=0 mig=0 fallos=0 perf=full ipc=0.297 ratio_rm=0.1858
[OMPT] tid=185738 ompt_id=6755399441055745 tipo=ompt_thread_worker     last_cpu=151 numa=0 mig=0 fallos=0 perf=full ipc=0.297 ratio_rm=0.1788
[OMPT] tid=185739 ompt_id=7036874417766401 tipo=ompt_thread_worker     last_cpu= 32 numa=0 mig=0 fallos=0 perf=full ipc=0.299 ratio_rm=0.1750
[OMPT] tid=185740 ompt_id=7318349394477057 tipo=ompt_thread_worker     last_cpu=161 numa=0 mig=0 fallos=0 perf=full ipc=0.302 ratio_rm=0.1757
[OMPT] tid=185741 ompt_id=7599824371187713 tipo=ompt_thread_worker     last_cpu=162 numa=0 mig=0 fallos=0 perf=full ipc=0.302 ratio_rm=0.1793
[OMPT] tid=185742 ompt_id=7881299347898369 tipo=ompt_thread_worker     last_cpu= 35 numa=0 mig=0 fallos=0 perf=full ipc=0.307 ratio_rm=0.1765
[OMPT] tid=185743 ompt_id=8162774324609025 tipo=ompt_thread_worker     last_cpu= 36 numa=0 mig=0 fallos=0 perf=full ipc=0.303 ratio_rm=0.1765
[OMPT] tid=185744 ompt_id=8444249301319681 tipo=ompt_thread_worker     last_cpu=165 numa=0 mig=0 fallos=0 perf=full ipc=0.307 ratio_rm=0.1731
[OMPT] tid=185745 ompt_id=8725724278030337 tipo=ompt_thread_worker     last_cpu= 38 numa=0 mig=0 fallos=0 perf=full ipc=0.304 ratio_rm=0.1789
[OMPT] tid=185746 ompt_id=9007199254740993 tipo=ompt_thread_worker     last_cpu=167 numa=0 mig=0 fallos=0 perf=full ipc=0.301 ratio_rm=0.1829
[OMPT] tid=185747 ompt_id=9288674231451649 tipo=ompt_thread_worker     last_cpu=136 numa=0 mig=0 fallos=0 perf=full ipc=0.302 ratio_rm=0.1703
[OMPT] tid=185748 ompt_id=9570149208162305 tipo=ompt_thread_worker     last_cpu=  9 numa=0 mig=0 fallos=0 perf=full ipc=0.311 ratio_rm=0.1746
[OMPT] tid=185749 ompt_id=9851624184872961 tipo=ompt_thread_worker     last_cpu=138 numa=0 mig=0 fallos=0 perf=full ipc=0.314 ratio_rm=0.1704
[OMPT] tid=185750 ompt_id=10133099161583617 tipo=ompt_thread_worker     last_cpu= 11 numa=0 mig=0 fallos=0 perf=full ipc=0.312 ratio_rm=0.1719
[OMPT] tid=185751 ompt_id=10414574138294273 tipo=ompt_thread_worker     last_cpu=140 numa=0 mig=0 fallos=0 perf=full ipc=0.307 ratio_rm=0.1743
[OMPT] tid=185752 ompt_id=10696049115004929 tipo=ompt_thread_worker     last_cpu=141 numa=0 mig=0 fallos=0 perf=full ipc=0.312 ratio_rm=0.1635
[OMPT] tid=185753 ompt_id=10977524091715585 tipo=ompt_thread_worker     last_cpu= 14 numa=0 mig=0 fallos=0 perf=full ipc=0.314 ratio_rm=0.1711
[OMPT] tid=185754 ompt_id=11258999068426241 tipo=ompt_thread_worker     last_cpu= 15 numa=0 mig=0 fallos=0 perf=full ipc=0.311 ratio_rm=0.1734
[OMPT] tid=185755 ompt_id=11540474045136897 tipo=ompt_thread_worker     last_cpu=184 numa=0 mig=0 fallos=0 perf=full ipc=0.299 ratio_rm=0.1691
[OMPT] tid=185756 ompt_id=11821949021847553 tipo=ompt_thread_worker     last_cpu=185 numa=0 mig=0 fallos=0 perf=full ipc=0.304 ratio_rm=0.1674
[OMPT] tid=185757 ompt_id=12103423998558209 tipo=ompt_thread_worker     last_cpu= 58 numa=0 mig=0 fallos=0 perf=full ipc=0.306 ratio_rm=0.1707
[OMPT] tid=185758 ompt_id=12384898975268865 tipo=ompt_thread_worker     last_cpu=187 numa=0 mig=0 fallos=0 perf=full ipc=0.306 ratio_rm=0.1716
[OMPT] tid=185759 ompt_id=12666373951979521 tipo=ompt_thread_worker     last_cpu= 60 numa=0 mig=0 fallos=0 perf=full ipc=0.304 ratio_rm=0.1625
[OMPT] tid=185760 ompt_id=12947848928690177 tipo=ompt_thread_worker     last_cpu=189 numa=0 mig=0 fallos=0 perf=full ipc=0.306 ratio_rm=0.1887
[OMPT] tid=185761 ompt_id=13229323905400833 tipo=ompt_thread_worker     last_cpu=190 numa=0 mig=0 fallos=0 perf=full ipc=0.306 ratio_rm=0.1813
[OMPT] tid=185762 ompt_id=13510798882111489 tipo=ompt_thread_worker     last_cpu=191 numa=0 mig=0 fallos=0 perf=full ipc=0.303 ratio_rm=0.1862
[OMPT] tid=185763 ompt_id=13792273858822145 tipo=ompt_thread_worker     last_cpu=152 numa=0 mig=0 fallos=0 perf=full ipc=0.291 ratio_rm=0.1713
[OMPT] tid=185764 ompt_id=14073748835532801 tipo=ompt_thread_worker     last_cpu= 25 numa=0 mig=0 fallos=0 perf=full ipc=0.301 ratio_rm=0.1541
[OMPT] tid=185765 ompt_id=14355223812243457 tipo=ompt_thread_worker     last_cpu=154 numa=0 mig=0 fallos=0 perf=full ipc=0.300 ratio_rm=0.1654
[OMPT] tid=185766 ompt_id=14636698788954113 tipo=ompt_thread_worker     last_cpu= 27 numa=0 mig=0 fallos=0 perf=full ipc=0.299 ratio_rm=0.1776
[OMPT] tid=185767 ompt_id=14918173765664769 tipo=ompt_thread_worker     last_cpu=156 numa=0 mig=0 fallos=0 perf=full ipc=0.298 ratio_rm=0.1971
[OMPT] tid=185768 ompt_id=15199648742375425 tipo=ompt_thread_worker     last_cpu= 29 numa=0 mig=0 fallos=0 perf=full ipc=0.302 ratio_rm=0.1897
[OMPT] tid=185769 ompt_id=15481123719086081 tipo=ompt_thread_worker     last_cpu= 30 numa=0 mig=0 fallos=0 perf=full ipc=0.303 ratio_rm=0.1870
[OMPT] tid=185770 ompt_id=15762598695796737 tipo=ompt_thread_worker     last_cpu= 31 numa=0 mig=0 fallos=0 perf=full ipc=0.300 ratio_rm=0.1720
[OMPT] tid=185771 ompt_id=16044073672507393 tipo=ompt_thread_worker     last_cpu= 40 numa=0 mig=0 fallos=0 perf=full ipc=0.289 ratio_rm=0.1604
[OMPT] tid=185772 ompt_id=16325548649218049 tipo=ompt_thread_worker     last_cpu= 41 numa=0 mig=0 fallos=0 perf=full ipc=0.294 ratio_rm=0.1622
[OMPT] tid=185773 ompt_id=16607023625928705 tipo=ompt_thread_worker     last_cpu= 42 numa=0 mig=0 fallos=0 perf=full ipc=0.296 ratio_rm=0.1714
[OMPT] tid=185774 ompt_id=16888498602639361 tipo=ompt_thread_worker     last_cpu= 43 numa=0 mig=0 fallos=0 perf=full ipc=0.291 ratio_rm=0.1846
[OMPT] tid=185775 ompt_id=17169973579350017 tipo=ompt_thread_worker     last_cpu=172 numa=0 mig=0 fallos=0 perf=full ipc=0.292 ratio_rm=0.1893
[OMPT] tid=185776 ompt_id=17451448556060673 tipo=ompt_thread_worker     last_cpu=173 numa=0 mig=0 fallos=0 perf=full ipc=0.292 ratio_rm=0.1839
[OMPT] tid=185777 ompt_id=17732923532771329 tipo=ompt_thread_worker     last_cpu= 46 numa=0 mig=0 fallos=0 perf=full ipc=0.294 ratio_rm=0.1740
[OMPT] tid=185801 ompt_id=24488322973827073 tipo=ompt_thread_worker     last_cpu= 86 numa=1 mig=0 fallos=0 perf=full ipc=0.301 ratio_rm=0.1698
[OMPT] tid=185817 ompt_id=28991922601197569 tipo=ompt_thread_worker     last_cpu= 78 numa=1 mig=0 fallos=0 perf=full ipc=0.299 ratio_rm=0.1740
[OMPT] tid=185842 ompt_id=36028797018963969 tipo=ompt_thread_worker     last_cpu=111 numa=1 mig=0 fallos=0 perf=full ipc=0.303 ratio_rm=0.1723
[OMPT] tid=185822 ompt_id=30399297484750849 tipo=ompt_thread_worker     last_cpu=251 numa=1 mig=0 fallos=0 perf=full ipc=0.299 ratio_rm=0.1724
[OMPT] tid=185838 ompt_id=34902897112121345 tipo=ompt_thread_worker     last_cpu=235 numa=1 mig=0 fallos=0 perf=full ipc=0.305 ratio_rm=0.1715
[OMPT] tid=185824 ompt_id=30962247438172161 tipo=ompt_thread_worker     last_cpu=253 numa=1 mig=0 fallos=0 perf=full ipc=0.310 ratio_rm=0.1739
[OMPT] tid=185799 ompt_id=23925373020405761 tipo=ompt_thread_worker     last_cpu= 84 numa=1 mig=0 fallos=0 perf=full ipc=0.291 ratio_rm=0.1751
[OMPT] tid=185794 ompt_id=22517998136852481 tipo=ompt_thread_worker     last_cpu=247 numa=1 mig=0 fallos=0 perf=full ipc=0.287 ratio_rm=0.1723
[OMPT] tid=185812 ompt_id=27584547717644289 tipo=ompt_thread_worker     last_cpu= 73 numa=1 mig=0 fallos=0 perf=full ipc=0.290 ratio_rm=0.1678
[OMPT] tid=185832 ompt_id=33214047251857409 tipo=ompt_thread_worker     last_cpu= 93 numa=1 mig=0 fallos=0 perf=full ipc=0.318 ratio_rm=0.1669
[OMPT] tid=185791 ompt_id=21673573206720513 tipo=ompt_thread_worker     last_cpu=244 numa=1 mig=0 fallos=0 perf=full ipc=0.297 ratio_rm=0.1797
[OMPT] tid=185820 ompt_id=29836347531329537 tipo=ompt_thread_worker     last_cpu=249 numa=1 mig=0 fallos=0 perf=full ipc=0.295 ratio_rm=0.1686
[OMPT] tid=185790 ompt_id=21392098230009857 tipo=ompt_thread_worker     last_cpu=243 numa=1 mig=0 fallos=0 perf=full ipc=0.291 ratio_rm=0.1701
[OMPT] tid=185810 ompt_id=27021597764222977 tipo=ompt_thread_worker     last_cpu=103 numa=1 mig=0 fallos=0 perf=full ipc=0.294 ratio_rm=0.1544
[OMPT] tid=185796 ompt_id=23080948090273793 tipo=ompt_thread_worker     last_cpu= 81 numa=1 mig=0 fallos=0 perf=full ipc=0.288 ratio_rm=0.1519
[OMPT] tid=185782 ompt_id=19421773393035265 tipo=ompt_thread_worker     last_cpu= 67 numa=1 mig=0 fallos=0 perf=full ipc=0.312 ratio_rm=0.1516
[OMPT] tid=185798 ompt_id=23643898043695105 tipo=ompt_thread_worker     last_cpu=211 numa=1 mig=0 fallos=0 perf=full ipc=0.290 ratio_rm=0.1708
[OMPT] tid=185829 ompt_id=32369622321725441 tipo=ompt_thread_worker     last_cpu= 90 numa=1 mig=0 fallos=0 perf=full ipc=0.307 ratio_rm=0.1658
[OMPT] tid=185826 ompt_id=31525197391593473 tipo=ompt_thread_worker     last_cpu=255 numa=1 mig=0 fallos=0 perf=full ipc=0.309 ratio_rm=0.1721
[OMPT] tid=185780 ompt_id=18577348462903297 tipo=ompt_thread_worker     last_cpu=193 numa=1 mig=0 fallos=0 perf=full ipc=0.301 ratio_rm=0.1678
[OMPT] tid=185787 ompt_id=20266198323167233 tipo=ompt_thread_worker     last_cpu=240 numa=1 mig=0 fallos=0 perf=full ipc=0.279 ratio_rm=0.1767
[OMPT] tid=185833 ompt_id=33495522228568065 tipo=ompt_thread_worker     last_cpu=222 numa=1 mig=0 fallos=0 perf=full ipc=0.315 ratio_rm=0.1681
[OMPT] tid=185797 ompt_id=23362423066984449 tipo=ompt_thread_worker     last_cpu=210 numa=1 mig=0 fallos=0 perf=full ipc=0.292 ratio_rm=0.1551
[OMPT] tid=185778 ompt_id=18014398509481985 tipo=ompt_thread_worker     last_cpu= 47 numa=0 mig=0 fallos=0 perf=full ipc=0.294 ratio_rm=0.1663
[OMPT] tid=185805 ompt_id=25614222880669697 tipo=ompt_thread_worker     last_cpu=226 numa=1 mig=0 fallos=0 perf=full ipc=0.291 ratio_rm=0.1684
[OMPT] tid=185783 ompt_id=19140298416324609 tipo=ompt_thread_worker     last_cpu=196 numa=1 mig=0 fallos=0 perf=full ipc=0.311 ratio_rm=0.1562
[OMPT] tid=185839 ompt_id=35184372088832001 tipo=ompt_thread_worker     last_cpu=108 numa=1 mig=0 fallos=0 perf=full ipc=0.310 ratio_rm=0.1772
[OMPT] tid=185786 ompt_id=20547673299877889 tipo=ompt_thread_worker     last_cpu= 71 numa=1 mig=0 fallos=0 perf=full ipc=0.304 ratio_rm=0.1772
[OMPT] tid=185800 ompt_id=24206847997116417 tipo=ompt_thread_worker     last_cpu= 85 numa=1 mig=0 fallos=0 perf=full ipc=0.301 ratio_rm=0.1725
[OMPT] tid=185808 ompt_id=26458647810801665 tipo=ompt_thread_worker     last_cpu=229 numa=1 mig=0 fallos=0 perf=full ipc=0.310 ratio_rm=0.1609
[OMPT] tid=185827 ompt_id=31806672368304129 tipo=ompt_thread_worker     last_cpu= 88 numa=1 mig=0 fallos=0 perf=full ipc=0.295 ratio_rm=0.1725
[OMPT] tid=185795 ompt_id=22799473113563137 tipo=ompt_thread_worker     last_cpu=208 numa=1 mig=0 fallos=0 perf=full ipc=0.280 ratio_rm=0.1541
[OMPT] tid=185815 ompt_id=28428972647776257 tipo=ompt_thread_worker     last_cpu=204 numa=1 mig=0 fallos=0 perf=full ipc=0.298 ratio_rm=0.1669
[OMPT] tid=185813 ompt_id=27866022694354945 tipo=ompt_thread_worker     last_cpu= 74 numa=1 mig=0 fallos=0 perf=full ipc=0.288 ratio_rm=0.1734
[OMPT] tid=185835 ompt_id=34058472181989377 tipo=ompt_thread_worker     last_cpu=232 numa=1 mig=0 fallos=0 perf=full ipc=0.293 ratio_rm=0.1762
[OMPT] tid=185807 ompt_id=26177172834091009 tipo=ompt_thread_worker     last_cpu=228 numa=1 mig=0 fallos=0 perf=full ipc=0.298 ratio_rm=0.1698
[OMPT] tid=185821 ompt_id=30117822508040193 tipo=ompt_thread_worker     last_cpu=122 numa=1 mig=0 fallos=0 perf=full ipc=0.299 ratio_rm=0.1793
[OMPT] tid=185811 ompt_id=27303072740933633 tipo=ompt_thread_worker     last_cpu= 72 numa=1 mig=0 fallos=0 perf=full ipc=0.285 ratio_rm=0.1585
[OMPT] tid=185781 ompt_id=18858823439613953 tipo=ompt_thread_worker     last_cpu=194 numa=1 mig=0 fallos=0 perf=full ipc=0.310 ratio_rm=0.1564
[OMPT] tid=185841 ompt_id=35747322042253313 tipo=ompt_thread_worker     last_cpu=238 numa=1 mig=0 fallos=0 perf=full ipc=0.308 ratio_rm=0.1803
[OMPT] tid=185793 ompt_id=22236523160141825 tipo=ompt_thread_worker     last_cpu=246 numa=1 mig=0 fallos=0 perf=full ipc=0.291 ratio_rm=0.1773
[OMPT] tid=185809 ompt_id=26740122787512321 tipo=ompt_thread_worker     last_cpu=230 numa=1 mig=0 fallos=0 perf=full ipc=0.305 ratio_rm=0.1551
[OMPT] tid=185825 ompt_id=31243722414882817 tipo=ompt_thread_worker     last_cpu=126 numa=1 mig=0 fallos=0 perf=full ipc=0.305 ratio_rm=0.1746
[OMPT] tid=185819 ompt_id=29554872554618881 tipo=ompt_thread_worker     last_cpu=248 numa=1 mig=0 fallos=0 perf=full ipc=0.291 ratio_rm=0.1703
[OMPT] tid=185789 ompt_id=20829148276588545 tipo=ompt_thread_worker     last_cpu=242 numa=1 mig=0 fallos=0 perf=full ipc=0.290 ratio_rm=0.1717
[OMPT] tid=185792 ompt_id=21955048183431169 tipo=ompt_thread_worker     last_cpu=245 numa=1 mig=0 fallos=0 perf=full ipc=0.287 ratio_rm=0.1887
[OMPT] tid=185840 ompt_id=35465847065542657 tipo=ompt_thread_worker     last_cpu=237 numa=1 mig=0 fallos=0 perf=full ipc=0.322 ratio_rm=0.1698
[OMPT] tid=185818 ompt_id=29273397577908225 tipo=ompt_thread_worker     last_cpu= 79 numa=1 mig=0 fallos=0 perf=full ipc=0.291 ratio_rm=0.1631
[OMPT] tid=185814 ompt_id=28147497671065601 tipo=ompt_thread_worker     last_cpu= 75 numa=1 mig=0 fallos=0 perf=full ipc=0.297 ratio_rm=0.1723
[OMPT] tid=185804 ompt_id=25332747903959041 tipo=ompt_thread_worker     last_cpu= 97 numa=1 mig=0 fallos=0 perf=full ipc=0.287 ratio_rm=0.1612
[OMPT] tid=185788 ompt_id=21110623253299201 tipo=ompt_thread_worker     last_cpu=113 numa=1 mig=0 fallos=0 perf=full ipc=0.291 ratio_rm=0.1700
[OMPT] tid=185823 ompt_id=30680772461461505 tipo=ompt_thread_worker     last_cpu=124 numa=1 mig=0 fallos=0 perf=full ipc=0.296 ratio_rm=0.1729
[OMPT] tid=185785 ompt_id=19703248369745921 tipo=ompt_thread_worker     last_cpu= 70 numa=1 mig=0 fallos=0 perf=full ipc=0.317 ratio_rm=0.1832
[OMPT] tid=185816 ompt_id=28710447624486913 tipo=ompt_thread_worker     last_cpu= 77 numa=1 mig=0 fallos=0 perf=full ipc=0.298 ratio_rm=0.1722
[OMPT] tid=185834 ompt_id=33776997205278721 tipo=ompt_thread_worker     last_cpu=223 numa=1 mig=0 fallos=0 perf=full ipc=0.314 ratio_rm=0.1721
[OMPT] tid=185803 ompt_id=25051272927248385 tipo=ompt_thread_worker     last_cpu=224 numa=1 mig=0 fallos=0 perf=full ipc=0.286 ratio_rm=0.1583
[OMPT] tid=185836 ompt_id=34339947158700033 tipo=ompt_thread_worker     last_cpu=105 numa=1 mig=0 fallos=0 perf=full ipc=0.301 ratio_rm=0.1807
[OMPT] tid=185802 ompt_id=24769797950537729 tipo=ompt_thread_worker     last_cpu= 87 numa=1 mig=0 fallos=0 perf=full ipc=0.299 ratio_rm=0.1582
[OMPT] tid=185806 ompt_id=25895697857380353 tipo=ompt_thread_worker     last_cpu= 99 numa=1 mig=0 fallos=0 perf=full ipc=0.292 ratio_rm=0.1709
[OMPT] tid=185830 ompt_id=32651097298436097 tipo=ompt_thread_worker     last_cpu= 91 numa=1 mig=0 fallos=0 perf=full ipc=0.302 ratio_rm=0.1681
[OMPT] tid=185837 ompt_id=34621422135410689 tipo=ompt_thread_worker     last_cpu=234 numa=1 mig=0 fallos=0 perf=full ipc=0.301 ratio_rm=0.1795
[OMPT] tid=185779 ompt_id=18295873486192641 tipo=ompt_thread_worker     last_cpu=192 numa=1 mig=0 fallos=0 perf=full ipc=0.294 ratio_rm=0.1762
[OMPT] tid=185828 ompt_id=32088147345014785 tipo=ompt_thread_worker     last_cpu=217 numa=1 mig=0 fallos=0 perf=full ipc=0.301 ratio_rm=0.1749
[OMPT] tid=185784 ompt_id=19984723346456577 tipo=ompt_thread_worker     last_cpu=197 numa=1 mig=0 fallos=0 perf=full ipc=0.314 ratio_rm=0.1735
[OMPT] tid=185831 ompt_id=32932572275146753 tipo=ompt_thread_worker     last_cpu=220 numa=1 mig=0 fallos=0 perf=full ipc=0.309 ratio_rm=0.1632
[OMPT] ===== Overhead intrínseco =====
  monitor: 1000 ticks, 136705.8 us total (max 7137.0 us/tick)
  callbacks implicit_task: 20737, 24943017.9 us total
  migraciones: 0 (0.0 us total)
  resyncs=0  lecturas escaladas por multiplexado=0
  hilos con perf fallido=0  parcial(ipc_only)=0
  ventanas con ciclos=2944  con fills=2944
