[OMPT] ompt_initialize (OPCIÓN C: integrador con fugas)  verbose=0  migracion=DESACTIVADA
[HWLOC] Nodos NUMA detectados: 2 (usados: 2)
[HWLOC] Nodo 0: 128 CPUs
[HWLOC] Nodo 1: 128 CPUs
[OMPT] callback 'ompt_callback_thread_begin' registrado (result=5)
[OMPT] callback 'ompt_callback_thread_end' registrado (result=5)
[OMPT] callback 'ompt_callback_parallel_begin' registrado (result=5)
[OMPT] callback 'ompt_callback_parallel_end' registrado (result=5)
[OMPT] callback 'ompt_callback_implicit_task' registrado (result=5)
[OMPT] callback 'ompt_callback_control_tool' registrado (result=5)
[OMPT] Callbacks registrados
[OMPT] Sistema: 0 procesadores lógicos
[OMPT][MON] Monitor (C: integrador con fugas)  período=100ms  warmup=5  T=ref+1.00*MAD  leak=0.50*MAD  cap=8.00*MAD  max_mig=1  migracion=DESACTIVADA
[OMPT] control_tool: INICIANDO medicion
[OMPT] control_tool: PAUSANDO medicion
[OMPT] ompt_finalize
[OMPT][MON] Monitor detenido tras 1015 ventanas
[OMPT] CSV de ventanas: 2240 filas volcadas (0 descartadas)
[OMPT] ===== Tabla final: 64 hilos =====
[OMPT] tid=184046 ompt_id=281474976710657 tipo=ompt_thread_initial    last_cpu=255 numa=1 mig=0 fallos=0 perf=full ipc=0.380 ratio_rm=0.1167
[OMPT] tid=184048 ompt_id=562949953421313 tipo=ompt_thread_worker     last_cpu=123 numa=1 mig=0 fallos=0 perf=full ipc=0.386 ratio_rm=0.1159
[OMPT] tid=184050 ompt_id=1125899906842625 tipo=ompt_thread_worker     last_cpu=121 numa=1 mig=0 fallos=0 perf=full ipc=0.390 ratio_rm=0.1155
[OMPT] tid=184049 ompt_id=844424930131969 tipo=ompt_thread_worker     last_cpu=122 numa=1 mig=0 fallos=0 perf=full ipc=0.389 ratio_rm=0.1159
[OMPT] tid=184051 ompt_id=1407374883553281 tipo=ompt_thread_worker     last_cpu=116 numa=1 mig=0 fallos=0 perf=full ipc=0.375 ratio_rm=0.1155
[OMPT] tid=184052 ompt_id=1688849860263937 tipo=ompt_thread_worker     last_cpu=191 numa=0 mig=0 fallos=0 perf=full ipc=0.880 ratio_rm=0.0890
[OMPT] tid=184054 ompt_id=1970324836974593 tipo=ompt_thread_worker     last_cpu=124 numa=1 mig=0 fallos=0 perf=full ipc=0.386 ratio_rm=0.1169
[OMPT] tid=184053 ompt_id=2251799813685249 tipo=ompt_thread_worker     last_cpu=125 numa=1 mig=0 fallos=0 perf=full ipc=0.384 ratio_rm=0.1167
[OMPT] tid=184055 ompt_id=2533274790395905 tipo=ompt_thread_worker     last_cpu=247 numa=1 mig=0 fallos=0 perf=full ipc=0.399 ratio_rm=0.1215
[OMPT] tid=184056 ompt_id=2814749767106561 tipo=ompt_thread_worker     last_cpu= 48 numa=0 mig=0 fallos=0 perf=full ipc=0.895 ratio_rm=0.0827
[OMPT] tid=184057 ompt_id=3096224743817217 tipo=ompt_thread_worker     last_cpu=112 numa=1 mig=0 fallos=0 perf=full ipc=0.393 ratio_rm=0.1233
[OMPT] tid=184058 ompt_id=3377699720527873 tipo=ompt_thread_worker     last_cpu=117 numa=1 mig=0 fallos=0 perf=full ipc=0.350 ratio_rm=0.1215
[OMPT] tid=184059 ompt_id=3659174697238529 tipo=ompt_thread_worker     last_cpu=  8 numa=0 mig=0 fallos=0 perf=full ipc=0.894 ratio_rm=0.0821
[OMPT] tid=184060 ompt_id=3940649673949185 tipo=ompt_thread_worker     last_cpu= 16 numa=0 mig=0 fallos=0 perf=full ipc=0.860 ratio_rm=0.0950
[OMPT] tid=184061 ompt_id=4222124650659841 tipo=ompt_thread_worker     last_cpu= 32 numa=0 mig=0 fallos=0 perf=full ipc=0.886 ratio_rm=0.0823
[OMPT] tid=184062 ompt_id=4503599627370497 tipo=ompt_thread_worker     last_cpu= 40 numa=0 mig=0 fallos=0 perf=full ipc=0.891 ratio_rm=0.0813
[OMPT] tid=184063 ompt_id=4785074604081153 tipo=ompt_thread_worker     last_cpu=239 numa=1 mig=0 fallos=0 perf=full ipc=0.362 ratio_rm=0.1130
[OMPT] tid=184064 ompt_id=5066549580791809 tipo=ompt_thread_worker     last_cpu=113 numa=1 mig=0 fallos=0 perf=full ipc=0.392 ratio_rm=0.1127
[OMPT] tid=184065 ompt_id=5348024557502465 tipo=ompt_thread_worker     last_cpu= 69 numa=1 mig=0 fallos=0 perf=full ipc=0.380 ratio_rm=0.1141
[OMPT] tid=184066 ompt_id=5629499534213121 tipo=ompt_thread_worker     last_cpu= 73 numa=1 mig=0 fallos=0 perf=full ipc=0.356 ratio_rm=0.1164
[OMPT] tid=184067 ompt_id=5910974510923777 tipo=ompt_thread_worker     last_cpu= 17 numa=0 mig=0 fallos=0 perf=full ipc=0.797 ratio_rm=0.1089
[OMPT] tid=184068 ompt_id=6192449487634433 tipo=ompt_thread_worker     last_cpu= 99 numa=1 mig=0 fallos=0 perf=full ipc=0.449 ratio_rm=0.1192
[OMPT] tid=184069 ompt_id=6473924464345089 tipo=ompt_thread_worker     last_cpu=234 numa=1 mig=0 fallos=0 perf=full ipc=0.368 ratio_rm=0.1120
[OMPT] tid=184070 ompt_id=6755399441055745 tipo=ompt_thread_worker     last_cpu=109 numa=1 mig=0 fallos=0 perf=full ipc=0.368 ratio_rm=0.1121
[OMPT] tid=184071 ompt_id=7036874417766401 tipo=ompt_thread_worker     last_cpu=215 numa=1 mig=0 fallos=0 perf=full ipc=0.467 ratio_rm=0.1116
[OMPT] tid=184072 ompt_id=7318349394477057 tipo=ompt_thread_worker     last_cpu= 84 numa=1 mig=0 fallos=0 perf=full ipc=0.466 ratio_rm=0.1131
[OMPT] tid=184073 ompt_id=7599824371187713 tipo=ompt_thread_worker     last_cpu= 83 numa=1 mig=0 fallos=0 perf=full ipc=0.470 ratio_rm=0.1135
[OMPT] tid=184074 ompt_id=7881299347898369 tipo=ompt_thread_worker     last_cpu=210 numa=1 mig=0 fallos=0 perf=full ipc=0.469 ratio_rm=0.1118
[OMPT] tid=184075 ompt_id=8162774324609025 tipo=ompt_thread_worker     last_cpu= 94 numa=1 mig=0 fallos=0 perf=full ipc=0.349 ratio_rm=0.1176
[OMPT] tid=184076 ompt_id=8444249301319681 tipo=ompt_thread_worker     last_cpu=110 numa=1 mig=0 fallos=0 perf=full ipc=0.369 ratio_rm=0.1105
[OMPT] tid=184077 ompt_id=8725724278030337 tipo=ompt_thread_worker     last_cpu=108 numa=1 mig=0 fallos=0 perf=full ipc=0.366 ratio_rm=0.1112
[OMPT] tid=184078 ompt_id=9007199254740993 tipo=ompt_thread_worker     last_cpu=107 numa=1 mig=0 fallos=0 perf=full ipc=0.369 ratio_rm=0.1106
[OMPT] tid=184079 ompt_id=9288674231451649 tipo=ompt_thread_worker     last_cpu=199 numa=1 mig=0 fallos=0 perf=full ipc=0.378 ratio_rm=0.1162
[OMPT] tid=184080 ompt_id=9570149208162305 tipo=ompt_thread_worker     last_cpu= 76 numa=1 mig=0 fallos=0 perf=full ipc=0.355 ratio_rm=0.1172
[OMPT] tid=184081 ompt_id=9851624184872961 tipo=ompt_thread_worker     last_cpu= 81 numa=1 mig=0 fallos=0 perf=full ipc=0.458 ratio_rm=0.1186
[OMPT] tid=184082 ompt_id=10133099161583617 tipo=ompt_thread_worker     last_cpu=126 numa=1 mig=0 fallos=0 perf=full ipc=0.369 ratio_rm=0.1213
[OMPT] tid=184083 ompt_id=10414574138294273 tipo=ompt_thread_worker     last_cpu= 77 numa=1 mig=0 fallos=0 perf=full ipc=0.368 ratio_rm=0.1130
[OMPT] tid=184084 ompt_id=10696049115004929 tipo=ompt_thread_worker     last_cpu=193 numa=1 mig=0 fallos=0 perf=full ipc=0.382 ratio_rm=0.1221
[OMPT] tid=184085 ompt_id=10977524091715585 tipo=ompt_thread_worker     last_cpu=  5 numa=0 mig=0 fallos=0 perf=full ipc=0.841 ratio_rm=0.1069
[OMPT] tid=184086 ompt_id=11258999068426241 tipo=ompt_thread_worker     last_cpu=198 numa=1 mig=0 fallos=0 perf=full ipc=0.383 ratio_rm=0.1145
[OMPT] tid=184087 ompt_id=11540474045136897 tipo=ompt_thread_worker     last_cpu= 97 numa=1 mig=0 fallos=0 perf=full ipc=0.512 ratio_rm=0.1245
[OMPT] tid=184088 ompt_id=11821949021847553 tipo=ompt_thread_worker     last_cpu=  1 numa=0 mig=0 fallos=0 perf=full ipc=0.705 ratio_rm=0.1110
[OMPT] tid=184089 ompt_id=12103423998558209 tipo=ompt_thread_worker     last_cpu= 98 numa=1 mig=0 fallos=0 perf=full ipc=0.511 ratio_rm=0.1265
[OMPT] tid=184090 ompt_id=12384898975268865 tipo=ompt_thread_worker     last_cpu= 56 numa=0 mig=0 fallos=0 perf=full ipc=0.505 ratio_rm=0.1126
[OMPT] tid=184091 ompt_id=12666373951979521 tipo=ompt_thread_worker     last_cpu=207 numa=1 mig=0 fallos=0 perf=full ipc=0.367 ratio_rm=0.1111
[OMPT] tid=184092 ompt_id=12947848928690177 tipo=ompt_thread_worker     last_cpu= 75 numa=1 mig=0 fallos=0 perf=full ipc=0.370 ratio_rm=0.1111
[OMPT] tid=184093 ompt_id=13229323905400833 tipo=ompt_thread_worker     last_cpu= 74 numa=1 mig=0 fallos=0 perf=full ipc=0.370 ratio_rm=0.1094
[OMPT] tid=184094 ompt_id=13510798882111489 tipo=ompt_thread_worker     last_cpu= 78 numa=1 mig=0 fallos=0 perf=full ipc=0.369 ratio_rm=0.1109
[OMPT] tid=184095 ompt_id=13792273858822145 tipo=ompt_thread_worker     last_cpu=223 numa=1 mig=0 fallos=0 perf=full ipc=0.357 ratio_rm=0.1161
[OMPT] tid=184096 ompt_id=14073748835532801 tipo=ompt_thread_worker     last_cpu= 85 numa=1 mig=0 fallos=0 perf=full ipc=0.455 ratio_rm=0.1232
[OMPT] tid=184097 ompt_id=14355223812243457 tipo=ompt_thread_worker     last_cpu= 96 numa=1 mig=0 fallos=0 perf=full ipc=0.508 ratio_rm=0.1240
[OMPT] tid=184098 ompt_id=14636698788954113 tipo=ompt_thread_worker     last_cpu=115 numa=1 mig=0 fallos=0 perf=full ipc=0.394 ratio_rm=0.1162
[OMPT] tid=184099 ompt_id=14918173765664769 tipo=ompt_thread_worker     last_cpu=114 numa=1 mig=0 fallos=0 perf=full ipc=0.394 ratio_rm=0.1163
[OMPT] tid=184100 ompt_id=15199648742375425 tipo=ompt_thread_worker     last_cpu=192 numa=1 mig=0 fallos=0 perf=full ipc=0.383 ratio_rm=0.1114
[OMPT] tid=184101 ompt_id=15481123719086081 tipo=ompt_thread_worker     last_cpu=194 numa=1 mig=0 fallos=0 perf=full ipc=0.386 ratio_rm=0.1127
[OMPT] tid=184102 ompt_id=15762598695796737 tipo=ompt_thread_worker     last_cpu=158 numa=0 mig=0 fallos=0 perf=full ipc=0.888 ratio_rm=0.0837
[OMPT] tid=184103 ompt_id=16044073672507393 tipo=ompt_thread_worker     last_cpu= 89 numa=1 mig=0 fallos=0 perf=full ipc=0.362 ratio_rm=0.1162
[OMPT] tid=184104 ompt_id=16325548649218049 tipo=ompt_thread_worker     last_cpu= 93 numa=1 mig=0 fallos=0 perf=full ipc=0.363 ratio_rm=0.1171
[OMPT] tid=184105 ompt_id=16607023625928705 tipo=ompt_thread_worker     last_cpu= 92 numa=1 mig=0 fallos=0 perf=full ipc=0.362 ratio_rm=0.1166
[OMPT] tid=184106 ompt_id=16888498602639361 tipo=ompt_thread_worker     last_cpu= 91 numa=1 mig=0 fallos=0 perf=full ipc=0.364 ratio_rm=0.1098
[OMPT] tid=184107 ompt_id=17169973579350017 tipo=ompt_thread_worker     last_cpu=100 numa=1 mig=0 fallos=0 perf=full ipc=0.421 ratio_rm=0.1143
[OMPT] tid=184108 ompt_id=17451448556060673 tipo=ompt_thread_worker     last_cpu= 90 numa=1 mig=0 fallos=0 perf=full ipc=0.361 ratio_rm=0.1129
[OMPT] tid=184109 ompt_id=17732923532771329 tipo=ompt_thread_worker     last_cpu=232 numa=1 mig=0 fallos=0 perf=full ipc=0.357 ratio_rm=0.1205
[OMPT] tid=184110 ompt_id=18014398509481985 tipo=ompt_thread_worker     last_cpu=231 numa=1 mig=0 fallos=0 perf=full ipc=0.503 ratio_rm=0.1246
[OMPT] ===== Overhead intrínseco =====
  monitor: 1015 ticks, 125001.1 us total (max 4440.3 us/tick)
  callbacks implicit_task: 10369, 7867515.8 us total
  migraciones: 0 (0.0 us total)
  resyncs=0  lecturas escaladas por multiplexado=0
  hilos con perf fallido=0  parcial(ipc_only)=0
  ventanas con ciclos=2240  con fills=2240
