[OMPT] ompt_initialize (OPCIÓN C: integrador con fugas)  verbose=0  migracion=activa
[HWLOC] Nodos NUMA detectados: 2 (usados: 2)
[HWLOC] Nodo 0: 128 CPUs
[HWLOC] Nodo 1: 128 CPUs
[OMPT] callback 'ompt_callback_thread_begin' registrado (result=5)
[OMPT] callback 'ompt_callback_thread_end' registrado (result=5)
[OMPT] callback 'ompt_callback_parallel_begin' registrado (result=5)
[OMPT] callback 'ompt_callback_parallel_end' registrado (result=5)
[OMPT] callback 'ompt_callback_implicit_task' registrado (result=5)
[OMPT] callback 'ompt_callback_control_tool' registrado (result=5)
[OMPT] Callbacks registrados
[OMPT] Sistema: 0 procesadores lógicos
[OMPT][MON] Monitor (C: integrador con fugas)  período=100ms  warmup=5  T=ref+1.00*MAD  leak=0.50*MAD  cap=8.00*MAD  max_mig=1  migracion=activa
[OMPT] control_tool: INICIANDO medicion
[OMPT] control_tool: PAUSANDO medicion
[OMPT] ompt_finalize
[OMPT][MON] Monitor detenido tras 1036 ventanas
[OMPT] CSV de ventanas: 718 filas volcadas (0 descartadas)
[OMPT] ===== Tabla final: 16 hilos =====
[OMPT] tid=182941 ompt_id=281474976710657 tipo=ompt_thread_initial    last_cpu= 24 numa=0 mig=0 fallos=0 perf=full ipc=1.151 ratio_rm=0.1070
[OMPT] tid=182943 ompt_id=562949953421313 tipo=ompt_thread_worker     last_cpu=103 numa=1 mig=0 fallos=0 perf=full ipc=1.161 ratio_rm=0.1055
[OMPT] tid=182944 ompt_id=844424930131969 tipo=ompt_thread_worker     last_cpu=207 numa=1 mig=0 fallos=0 perf=full ipc=1.170 ratio_rm=0.1054
[OMPT] tid=182945 ompt_id=1125899906842625 tipo=ompt_thread_worker     last_cpu=215 numa=1 mig=0 fallos=0 perf=full ipc=1.131 ratio_rm=0.1095
[OMPT] tid=182946 ompt_id=1407374883553281 tipo=ompt_thread_worker     last_cpu= 32 numa=0 mig=0 fallos=0 perf=full ipc=1.185 ratio_rm=0.1044
[OMPT] tid=182947 ompt_id=1688849860263937 tipo=ompt_thread_worker     last_cpu= 56 numa=0 mig=0 fallos=0 perf=full ipc=1.182 ratio_rm=0.1035
[OMPT] tid=182949 ompt_id=2251799813685249 tipo=ompt_thread_worker     last_cpu= 40 numa=0 mig=0 fallos=0 perf=full ipc=1.194 ratio_rm=0.1026
[OMPT] tid=182948 ompt_id=1970324836974593 tipo=ompt_thread_worker     last_cpu=199 numa=1 mig=0 fallos=0 perf=full ipc=1.157 ratio_rm=0.1062
[OMPT] tid=182950 ompt_id=2533274790395905 tipo=ompt_thread_worker     last_cpu=247 numa=1 mig=0 fallos=0 perf=full ipc=1.122 ratio_rm=0.1152
[OMPT] tid=182951 ompt_id=2814749767106561 tipo=ompt_thread_worker     last_cpu=128 numa=0 mig=1 fallos=0 perf=full ipc=1.092 ratio_rm=0.1145
[OMPT] tid=182952 ompt_id=3096224743817217 tipo=ompt_thread_worker     last_cpu= 48 numa=0 mig=1 fallos=0 perf=full ipc=1.094 ratio_rm=0.1154
[OMPT] tid=182953 ompt_id=3377699720527873 tipo=ompt_thread_worker     last_cpu= 88 numa=1 mig=0 fallos=0 perf=full ipc=1.122 ratio_rm=0.1145
[OMPT] tid=182954 ompt_id=3659174697238529 tipo=ompt_thread_worker     last_cpu=  8 numa=0 mig=0 fallos=0 perf=full ipc=1.183 ratio_rm=0.1039
[OMPT] tid=182955 ompt_id=3940649673949185 tipo=ompt_thread_worker     last_cpu=120 numa=1 mig=0 fallos=0 perf=full ipc=1.154 ratio_rm=0.1077
[OMPT] tid=182956 ompt_id=4222124650659841 tipo=ompt_thread_worker     last_cpu= 16 numa=0 mig=0 fallos=0 perf=full ipc=1.136 ratio_rm=0.1107
[OMPT] tid=182957 ompt_id=4503599627370497 tipo=ompt_thread_worker     last_cpu=239 numa=1 mig=0 fallos=0 perf=full ipc=1.162 ratio_rm=0.1057
[OMPT] ===== Overhead intrínseco =====
  monitor: 1036 ticks, 15044.6 us total (max 380.6 us/tick)
  callbacks implicit_task: 2593, 413384.7 us total
  migraciones: 2 (584.5 us total)
  resyncs=0  lecturas escaladas por multiplexado=0
  hilos con perf fallido=0  parcial(ipc_only)=0
  ventanas con ciclos=718  con fills=718
