[OMPT] ompt_initialize (OPCIÓN C: integrador con fugas)  verbose=0  migracion=activa
[HWLOC] Nodos NUMA detectados: 2 (usados: 2)
[HWLOC] Nodo 0: 128 CPUs
[HWLOC] Nodo 1: 128 CPUs
[OMPT] callback 'ompt_callback_thread_begin' registrado (result=5)
[OMPT] callback 'ompt_callback_thread_end' registrado (result=5)
[OMPT] callback 'ompt_callback_parallel_begin' registrado (result=5)
[OMPT] callback 'ompt_callback_parallel_end' registrado (result=5)
[OMPT] callback 'ompt_callback_implicit_task' registrado (result=5)
[OMPT] callback 'ompt_callback_control_tool' registrado (result=5)
[OMPT] Callbacks registrados
[OMPT] Sistema: 0 procesadores lógicos
[OMPT][MON] Monitor (C: integrador con fugas)  período=100ms  warmup=5  T=ref+1.00*MAD  leak=0.50*MAD  cap=8.00*MAD  max_mig=1  migracion=activa
[OMPT] control_tool: INICIANDO medicion
[OMPT] control_tool: PAUSANDO medicion
[OMPT] ompt_finalize
[OMPT][MON] Monitor detenido tras 1015 ventanas
[OMPT] CSV de ventanas: 3664 filas volcadas (0 descartadas)
[OMPT] ===== Tabla final: 128 hilos =====
[OMPT] tid=185989 ompt_id=281474976710657 tipo=ompt_thread_initial    last_cpu=255 numa=1 mig=0 fallos=0 perf=full ipc=0.382 ratio_rm=0.1428
[OMPT] tid=185991 ompt_id=562949953421313 tipo=ompt_thread_worker     last_cpu=  3 numa=0 mig=1 fallos=0 perf=full ipc=0.464 ratio_rm=0.1592
[OMPT] tid=185992 ompt_id=844424930131969 tipo=ompt_thread_worker     last_cpu=165 numa=0 mig=0 fallos=0 perf=full ipc=0.455 ratio_rm=0.1484
[OMPT] tid=185993 ompt_id=1125899906842625 tipo=ompt_thread_worker     last_cpu= 32 numa=0 mig=1 fallos=0 perf=full ipc=0.366 ratio_rm=0.1350
[OMPT] tid=185994 ompt_id=1407374883553281 tipo=ompt_thread_worker     last_cpu= 10 numa=0 mig=0 fallos=0 perf=full ipc=0.354 ratio_rm=0.1507
[OMPT] tid=185995 ompt_id=1688849860263937 tipo=ompt_thread_worker     last_cpu=151 numa=0 mig=0 fallos=0 perf=full ipc=0.387 ratio_rm=0.1489
[OMPT] tid=185996 ompt_id=1970324836974593 tipo=ompt_thread_worker     last_cpu= 72 numa=1 mig=0 fallos=0 perf=full ipc=0.511 ratio_rm=0.1589
[OMPT] tid=185997 ompt_id=2251799813685249 tipo=ompt_thread_worker     last_cpu=190 numa=0 mig=0 fallos=0 perf=full ipc=0.522 ratio_rm=0.1565
[OMPT] tid=185998 ompt_id=2533274790395905 tipo=ompt_thread_worker     last_cpu=191 numa=0 mig=0 fallos=0 perf=full ipc=0.539 ratio_rm=0.1585
[OMPT] tid=185999 ompt_id=2814749767106561 tipo=ompt_thread_worker     last_cpu= 21 numa=0 mig=0 fallos=0 perf=full ipc=0.386 ratio_rm=0.1479
[OMPT] tid=186000 ompt_id=3096224743817217 tipo=ompt_thread_worker     last_cpu=133 numa=0 mig=1 fallos=0 perf=full ipc=0.341 ratio_rm=0.1474
[OMPT] tid=186001 ompt_id=3377699720527873 tipo=ompt_thread_worker     last_cpu= 11 numa=0 mig=0 fallos=0 perf=full ipc=0.351 ratio_rm=0.1433
[OMPT] tid=186002 ompt_id=3659174697238529 tipo=ompt_thread_worker     last_cpu= 57 numa=0 mig=0 fallos=0 perf=full ipc=0.499 ratio_rm=0.1586
[OMPT] tid=186003 ompt_id=3940649673949185 tipo=ompt_thread_worker     last_cpu= 26 numa=0 mig=1 fallos=0 perf=full ipc=0.403 ratio_rm=0.1463
[OMPT] tid=186004 ompt_id=4222124650659841 tipo=ompt_thread_worker     last_cpu= 29 numa=0 mig=1 fallos=0 perf=full ipc=0.377 ratio_rm=0.1534
[OMPT] tid=186005 ompt_id=4503599627370497 tipo=ompt_thread_worker     last_cpu= 50 numa=0 mig=1 fallos=0 perf=full ipc=0.361 ratio_rm=0.1357
[OMPT] tid=186006 ompt_id=4785074604081153 tipo=ompt_thread_worker     last_cpu= 35 numa=0 mig=1 fallos=0 perf=full ipc=0.403 ratio_rm=0.1540
[OMPT] tid=186007 ompt_id=5066549580791809 tipo=ompt_thread_worker     last_cpu= 75 numa=1 mig=1 fallos=0 perf=full ipc=0.402 ratio_rm=0.1577
[OMPT] tid=186008 ompt_id=5348024557502465 tipo=ompt_thread_worker     last_cpu=192 numa=1 mig=1 fallos=0 perf=full ipc=0.306 ratio_rm=0.1496
[OMPT] tid=186009 ompt_id=5629499534213121 tipo=ompt_thread_worker     last_cpu= 95 numa=1 mig=0 fallos=0 perf=full ipc=0.295 ratio_rm=0.1286
[OMPT] tid=186010 ompt_id=5910974510923777 tipo=ompt_thread_worker     last_cpu=194 numa=1 mig=1 fallos=0 perf=full ipc=0.353 ratio_rm=0.1477
[OMPT] tid=186011 ompt_id=6192449487634433 tipo=ompt_thread_worker     last_cpu= 42 numa=0 mig=0 fallos=0 perf=full ipc=0.468 ratio_rm=0.1574
[OMPT] tid=186012 ompt_id=6473924464345089 tipo=ompt_thread_worker     last_cpu= 96 numa=1 mig=1 fallos=0 perf=full ipc=0.385 ratio_rm=0.1626
[OMPT] tid=186013 ompt_id=6755399441055745 tipo=ompt_thread_worker     last_cpu= 79 numa=1 mig=1 fallos=0 perf=full ipc=0.381 ratio_rm=0.1549
[OMPT] tid=186014 ompt_id=7036874417766401 tipo=ompt_thread_worker     last_cpu= 77 numa=1 mig=1 fallos=0 perf=full ipc=0.358 ratio_rm=0.1527
[OMPT] tid=186015 ompt_id=7318349394477057 tipo=ompt_thread_worker     last_cpu=103 numa=1 mig=1 fallos=0 perf=full ipc=0.428 ratio_rm=0.1607
[OMPT] tid=186016 ompt_id=7599824371187713 tipo=ompt_thread_worker     last_cpu=113 numa=1 mig=0 fallos=0 perf=full ipc=0.445 ratio_rm=0.1585
[OMPT] tid=186017 ompt_id=7881299347898369 tipo=ompt_thread_worker     last_cpu= 19 numa=0 mig=0 fallos=0 perf=full ipc=0.400 ratio_rm=0.1585
[OMPT] tid=186018 ompt_id=8162774324609025 tipo=ompt_thread_worker     last_cpu=182 numa=0 mig=0 fallos=0 perf=full ipc=0.492 ratio_rm=0.1600
[OMPT] tid=186019 ompt_id=8444249301319681 tipo=ompt_thread_worker     last_cpu= 59 numa=0 mig=1 fallos=0 perf=full ipc=0.447 ratio_rm=0.1588
[OMPT] tid=186020 ompt_id=8725724278030337 tipo=ompt_thread_worker     last_cpu= 41 numa=0 mig=1 fallos=0 perf=full ipc=0.398 ratio_rm=0.1552
[OMPT] tid=186021 ompt_id=9007199254740993 tipo=ompt_thread_worker     last_cpu=117 numa=1 mig=1 fallos=0 perf=full ipc=0.396 ratio_rm=0.1563
[OMPT] tid=186022 ompt_id=9288674231451649 tipo=ompt_thread_worker     last_cpu=197 numa=1 mig=0 fallos=0 perf=full ipc=0.346 ratio_rm=0.1570
[OMPT] tid=186023 ompt_id=9570149208162305 tipo=ompt_thread_worker     last_cpu= 14 numa=0 mig=0 fallos=0 perf=full ipc=0.317 ratio_rm=0.1379
[OMPT] tid=186024 ompt_id=9851624184872961 tipo=ompt_thread_worker     last_cpu= 40 numa=0 mig=0 fallos=0 perf=full ipc=0.510 ratio_rm=0.1565
[OMPT] tid=186025 ompt_id=10133099161583617 tipo=ompt_thread_worker     last_cpu=128 numa=0 mig=1 fallos=0 perf=full ipc=0.331 ratio_rm=0.1393
[OMPT] tid=186026 ompt_id=10414574138294273 tipo=ompt_thread_worker     last_cpu=  7 numa=0 mig=0 fallos=0 perf=full ipc=0.369 ratio_rm=0.1485
[OMPT] tid=186027 ompt_id=10696049115004929 tipo=ompt_thread_worker     last_cpu=130 numa=0 mig=0 fallos=0 perf=full ipc=0.346 ratio_rm=0.1344
[OMPT] tid=186028 ompt_id=10977524091715585 tipo=ompt_thread_worker     last_cpu= 58 numa=0 mig=0 fallos=0 perf=full ipc=0.345 ratio_rm=0.1379
[OMPT] tid=186029 ompt_id=11258999068426241 tipo=ompt_thread_worker     last_cpu= 27 numa=0 mig=0 fallos=0 perf=full ipc=0.364 ratio_rm=0.1560
[OMPT] tid=186030 ompt_id=11540474045136897 tipo=ompt_thread_worker     last_cpu=120 numa=1 mig=1 fallos=0 perf=full ipc=0.480 ratio_rm=0.1600
[OMPT] tid=186031 ompt_id=11821949021847553 tipo=ompt_thread_worker     last_cpu=145 numa=0 mig=0 fallos=0 perf=full ipc=0.422 ratio_rm=0.1560
[OMPT] tid=186032 ompt_id=12103423998558209 tipo=ompt_thread_worker     last_cpu=144 numa=0 mig=0 fallos=0 perf=full ipc=0.426 ratio_rm=0.1543
[OMPT] tid=186033 ompt_id=12384898975268865 tipo=ompt_thread_worker     last_cpu= 33 numa=0 mig=0 fallos=0 perf=full ipc=0.432 ratio_rm=0.1562
[OMPT] tid=186034 ompt_id=12666373951979521 tipo=ompt_thread_worker     last_cpu= 80 numa=1 mig=1 fallos=0 perf=full ipc=0.419 ratio_rm=0.1654
[OMPT] tid=186035 ompt_id=12947848928690177 tipo=ompt_thread_worker     last_cpu=193 numa=1 mig=1 fallos=0 perf=full ipc=0.299 ratio_rm=0.1460
[OMPT] tid=186036 ompt_id=13229323905400833 tipo=ompt_thread_worker     last_cpu=123 numa=1 mig=1 fallos=0 perf=full ipc=0.404 ratio_rm=0.1401
[OMPT] tid=186037 ompt_id=13510798882111489 tipo=ompt_thread_worker     last_cpu=254 numa=1 mig=0 fallos=0 perf=full ipc=0.417 ratio_rm=0.1502
[OMPT] tid=186038 ompt_id=13792273858822145 tipo=ompt_thread_worker     last_cpu=  8 numa=0 mig=0 fallos=0 perf=full ipc=0.341 ratio_rm=0.1499
[OMPT] tid=186039 ompt_id=14073748835532801 tipo=ompt_thread_worker     last_cpu=166 numa=0 mig=0 fallos=0 perf=full ipc=0.446 ratio_rm=0.1452
[OMPT] tid=186040 ompt_id=14355223812243457 tipo=ompt_thread_worker     last_cpu=150 numa=0 mig=0 fallos=0 perf=full ipc=0.405 ratio_rm=0.1525
[OMPT] tid=186041 ompt_id=14636698788954113 tipo=ompt_thread_worker     last_cpu=119 numa=1 mig=0 fallos=0 perf=full ipc=0.284 ratio_rm=0.1355
[OMPT] tid=186042 ompt_id=14918173765664769 tipo=ompt_thread_worker     last_cpu= 88 numa=1 mig=0 fallos=0 perf=full ipc=0.350 ratio_rm=0.1395
[OMPT] tid=186043 ompt_id=15199648742375425 tipo=ompt_thread_worker     last_cpu= 90 numa=1 mig=0 fallos=0 perf=full ipc=0.375 ratio_rm=0.1491
[OMPT] tid=186044 ompt_id=15481123719086081 tipo=ompt_thread_worker     last_cpu= 73 numa=1 mig=0 fallos=0 perf=full ipc=0.487 ratio_rm=0.1495
[OMPT] tid=186045 ompt_id=15762598695796737 tipo=ompt_thread_worker     last_cpu= 89 numa=1 mig=0 fallos=0 perf=full ipc=0.358 ratio_rm=0.1546
[OMPT] tid=186046 ompt_id=16044073672507393 tipo=ompt_thread_worker     last_cpu=129 numa=0 mig=1 fallos=0 perf=full ipc=0.384 ratio_rm=0.1500
[OMPT] tid=186047 ompt_id=16325548649218049 tipo=ompt_thread_worker     last_cpu=132 numa=0 mig=1 fallos=0 perf=full ipc=0.369 ratio_rm=0.1406
[OMPT] tid=186048 ompt_id=16607023625928705 tipo=ompt_thread_worker     last_cpu=180 numa=0 mig=0 fallos=0 perf=full ipc=0.489 ratio_rm=0.1591
[OMPT] tid=186049 ompt_id=16888498602639361 tipo=ompt_thread_worker     last_cpu=253 numa=1 mig=0 fallos=0 perf=full ipc=0.418 ratio_rm=0.1426
[OMPT] tid=186050 ompt_id=17169973579350017 tipo=ompt_thread_worker     last_cpu=196 numa=1 mig=0 fallos=0 perf=full ipc=0.336 ratio_rm=0.1382
[OMPT] tid=186052 ompt_id=17451448556060673 tipo=ompt_thread_worker     last_cpu=124 numa=1 mig=0 fallos=0 perf=full ipc=0.377 ratio_rm=0.1456
[OMPT] tid=186051 ompt_id=17732923532771329 tipo=ompt_thread_worker     last_cpu= 70 numa=1 mig=1 fallos=0 perf=full ipc=0.369 ratio_rm=0.1488
[OMPT] tid=186083 ompt_id=26458647810801665 tipo=ompt_thread_worker     last_cpu=102 numa=1 mig=1 fallos=0 perf=full ipc=0.322 ratio_rm=0.1499
[OMPT] tid=186099 ompt_id=30962247438172161 tipo=ompt_thread_worker     last_cpu=118 numa=1 mig=1 fallos=0 perf=full ipc=0.397 ratio_rm=0.1600
[OMPT] tid=186055 ompt_id=18577348462903297 tipo=ompt_thread_worker     last_cpu=232 numa=1 mig=0 fallos=0 perf=full ipc=0.356 ratio_rm=0.1411
[OMPT] tid=186081 ompt_id=25895697857380353 tipo=ompt_thread_worker     last_cpu=106 numa=1 mig=0 fallos=0 perf=full ipc=0.357 ratio_rm=0.1479
[OMPT] tid=186105 ompt_id=32651097298436097 tipo=ompt_thread_worker     last_cpu=112 numa=1 mig=0 fallos=0 perf=full ipc=0.445 ratio_rm=0.1557
[OMPT] tid=186089 ompt_id=28147497671065601 tipo=ompt_thread_worker     last_cpu=111 numa=1 mig=0 fallos=0 perf=full ipc=0.287 ratio_rm=0.1212
[OMPT] tid=186066 ompt_id=21673573206720513 tipo=ompt_thread_worker     last_cpu= 46 numa=0 mig=1 fallos=0 perf=full ipc=0.488 ratio_rm=0.1491
[OMPT] tid=186079 ompt_id=25332747903959041 tipo=ompt_thread_worker     last_cpu=105 numa=1 mig=0 fallos=0 perf=full ipc=0.354 ratio_rm=0.1488
[OMPT] tid=186103 ompt_id=32088147345014785 tipo=ompt_thread_worker     last_cpu=188 numa=0 mig=0 fallos=0 perf=full ipc=0.507 ratio_rm=0.1503
[OMPT] tid=186093 ompt_id=29273397577908225 tipo=ompt_thread_worker     last_cpu= 83 numa=1 mig=0 fallos=0 perf=full ipc=0.370 ratio_rm=0.1557
[OMPT] tid=186063 ompt_id=20829148276588545 tipo=ompt_thread_worker     last_cpu=167 numa=0 mig=0 fallos=0 perf=full ipc=0.444 ratio_rm=0.1573
[OMPT] tid=186075 ompt_id=24206847997116417 tipo=ompt_thread_worker     last_cpu= 82 numa=1 mig=0 fallos=0 perf=full ipc=0.394 ratio_rm=0.1575
[OMPT] tid=186109 ompt_id=33776997205278721 tipo=ompt_thread_worker     last_cpu=164 numa=0 mig=0 fallos=0 perf=full ipc=0.425 ratio_rm=0.1473
[OMPT] tid=186094 ompt_id=29554872554618881 tipo=ompt_thread_worker     last_cpu= 86 numa=1 mig=0 fallos=0 perf=full ipc=0.327 ratio_rm=0.1341
[OMPT] tid=186078 ompt_id=25051272927248385 tipo=ompt_thread_worker     last_cpu= 98 numa=1 mig=0 fallos=0 perf=full ipc=0.473 ratio_rm=0.1482
[OMPT] tid=186112 ompt_id=34621422135410689 tipo=ompt_thread_worker     last_cpu= 43 numa=0 mig=1 fallos=0 perf=full ipc=0.445 ratio_rm=0.1554
[OMPT] tid=186060 ompt_id=19703248369745921 tipo=ompt_thread_worker     last_cpu=159 numa=0 mig=0 fallos=0 perf=full ipc=0.383 ratio_rm=0.1437
[OMPT] tid=186073 ompt_id=23643898043695105 tipo=ompt_thread_worker     last_cpu=158 numa=0 mig=0 fallos=0 perf=full ipc=0.395 ratio_rm=0.1534
[OMPT] tid=186111 ompt_id=34339947158700033 tipo=ompt_thread_worker     last_cpu=156 numa=0 mig=0 fallos=0 perf=full ipc=0.379 ratio_rm=0.1472
[OMPT] tid=186067 ompt_id=21955048183431169 tipo=ompt_thread_worker     last_cpu=183 numa=0 mig=0 fallos=0 perf=full ipc=0.491 ratio_rm=0.1413
[OMPT] tid=186064 ompt_id=21110623253299201 tipo=ompt_thread_worker     last_cpu= 91 numa=1 mig=0 fallos=0 perf=full ipc=0.360 ratio_rm=0.1551
[OMPT] tid=186056 ompt_id=18858823439613953 tipo=ompt_thread_worker     last_cpu=107 numa=1 mig=0 fallos=0 perf=full ipc=0.377 ratio_rm=0.1410
[OMPT] tid=186095 ompt_id=29836347531329537 tipo=ompt_thread_worker     last_cpu= 71 numa=1 mig=1 fallos=0 perf=full ipc=0.289 ratio_rm=0.1350
[OMPT] tid=186115 ompt_id=35465847065542657 tipo=ompt_thread_worker     last_cpu= 84 numa=1 mig=1 fallos=0 perf=full ipc=0.390 ratio_rm=0.1630
[OMPT] tid=186088 ompt_id=27866022694354945 tipo=ompt_thread_worker     last_cpu=221 numa=1 mig=0 fallos=0 perf=full ipc=0.297 ratio_rm=0.1332
[OMPT] tid=186090 ompt_id=28428972647776257 tipo=ompt_thread_worker     last_cpu=213 numa=1 mig=0 fallos=0 perf=full ipc=0.318 ratio_rm=0.1322
[OMPT] tid=186110 ompt_id=34058472181989377 tipo=ompt_thread_worker     last_cpu=179 numa=0 mig=1 fallos=0 perf=full ipc=0.415 ratio_rm=0.1573
[OMPT] tid=186058 ompt_id=19421773393035265 tipo=ompt_thread_worker     last_cpu=215 numa=1 mig=0 fallos=0 perf=full ipc=0.371 ratio_rm=0.1474
[OMPT] tid=186113 ompt_id=34902897112121345 tipo=ompt_thread_worker     last_cpu=140 numa=0 mig=0 fallos=0 perf=full ipc=0.346 ratio_rm=0.1482
[OMPT] tid=186061 ompt_id=20266198323167233 tipo=ompt_thread_worker     last_cpu=199 numa=1 mig=0 fallos=0 perf=full ipc=0.286 ratio_rm=0.1407
[OMPT] tid=186091 ompt_id=28710447624486913 tipo=ompt_thread_worker     last_cpu=114 numa=1 mig=1 fallos=0 perf=full ipc=0.468 ratio_rm=0.1624
[OMPT] tid=186092 ompt_id=28991922601197569 tipo=ompt_thread_worker     last_cpu=229 numa=1 mig=0 fallos=0 perf=full ipc=0.464 ratio_rm=0.1604
[OMPT] tid=186053 ompt_id=18014398509481985 tipo=ompt_thread_worker     last_cpu=148 numa=0 mig=1 fallos=0 perf=full ipc=0.481 ratio_rm=0.1579
[OMPT] tid=186096 ompt_id=30117822508040193 tipo=ompt_thread_worker     last_cpu= 56 numa=0 mig=1 fallos=0 perf=full ipc=0.493 ratio_rm=0.1585
[OMPT] tid=186080 ompt_id=25614222880669697 tipo=ompt_thread_worker     last_cpu=206 numa=1 mig=0 fallos=0 perf=full ipc=0.514 ratio_rm=0.1549
[OMPT] tid=186054 ompt_id=18295873486192641 tipo=ompt_thread_worker     last_cpu=239 numa=1 mig=0 fallos=0 perf=full ipc=0.292 ratio_rm=0.1202
[OMPT] tid=186070 ompt_id=22799473113563137 tipo=ompt_thread_worker     last_cpu=238 numa=1 mig=0 fallos=0 perf=full ipc=0.363 ratio_rm=0.1436
[OMPT] tid=186068 ompt_id=22236523160141825 tipo=ompt_thread_worker     last_cpu= 13 numa=0 mig=1 fallos=0 perf=full ipc=0.367 ratio_rm=0.1510
[OMPT] tid=186102 ompt_id=31806672368304129 tipo=ompt_thread_worker     last_cpu= 24 numa=0 mig=1 fallos=0 perf=full ipc=0.434 ratio_rm=0.1591
[OMPT] tid=186072 ompt_id=23362423066984449 tipo=ompt_thread_worker     last_cpu=222 numa=1 mig=0 fallos=0 perf=full ipc=0.361 ratio_rm=0.1443
[OMPT] tid=186062 ompt_id=20547673299877889 tipo=ompt_thread_worker     last_cpu= 25 numa=0 mig=1 fallos=0 perf=full ipc=0.362 ratio_rm=0.1578
[OMPT] tid=186076 ompt_id=24488322973827073 tipo=ompt_thread_worker     last_cpu= 81 numa=1 mig=0 fallos=0 perf=full ipc=0.389 ratio_rm=0.1555
[OMPT] tid=186104 ompt_id=32369622321725441 tipo=ompt_thread_worker     last_cpu=228 numa=1 mig=0 fallos=0 perf=full ipc=0.460 ratio_rm=0.1527
[OMPT] tid=186087 ompt_id=27584547717644289 tipo=ompt_thread_worker     last_cpu= 74 numa=1 mig=1 fallos=0 perf=full ipc=0.481 ratio_rm=0.1582
[OMPT] tid=186077 ompt_id=24769797950537729 tipo=ompt_thread_worker     last_cpu= 99 numa=1 mig=1 fallos=0 perf=full ipc=0.404 ratio_rm=0.1417
[OMPT] tid=186107 ompt_id=33214047251857409 tipo=ompt_thread_worker     last_cpu=195 numa=1 mig=1 fallos=0 perf=full ipc=0.338 ratio_rm=0.1432
[OMPT] tid=186065 ompt_id=21392098230009857 tipo=ompt_thread_worker     last_cpu=175 numa=0 mig=0 fallos=0 perf=full ipc=0.524 ratio_rm=0.1525
[OMPT] tid=186085 ompt_id=27021597764222977 tipo=ompt_thread_worker     last_cpu= 97 numa=1 mig=1 fallos=0 perf=full ipc=0.414 ratio_rm=0.1492
[OMPT] tid=186069 ompt_id=22517998136852481 tipo=ompt_thread_worker     last_cpu= 49 numa=0 mig=0 fallos=0 perf=full ipc=0.373 ratio_rm=0.1453
[OMPT] tid=186117 ompt_id=36028797018963969 tipo=ompt_thread_worker     last_cpu=  6 numa=0 mig=0 fallos=0 perf=full ipc=0.349 ratio_rm=0.1585
[OMPT] tid=186074 ompt_id=23925373020405761 tipo=ompt_thread_worker     last_cpu=  9 numa=0 mig=1 fallos=0 perf=full ipc=0.383 ratio_rm=0.1578
[OMPT] tid=186106 ompt_id=32932572275146753 tipo=ompt_thread_worker     last_cpu=236 numa=1 mig=0 fallos=0 perf=full ipc=0.357 ratio_rm=0.1578
[OMPT] tid=186086 ompt_id=27303072740933633 tipo=ompt_thread_worker     last_cpu=237 numa=1 mig=0 fallos=0 perf=full ipc=0.363 ratio_rm=0.1462
[OMPT] tid=186101 ompt_id=31525197391593473 tipo=ompt_thread_worker     last_cpu= 44 numa=0 mig=0 fallos=0 perf=full ipc=0.368 ratio_rm=0.1556
[OMPT] tid=186114 ompt_id=35184372088832001 tipo=ompt_thread_worker     last_cpu=  0 numa=0 mig=1 fallos=0 perf=full ipc=0.510 ratio_rm=0.1591
[OMPT] tid=186082 ompt_id=26177172834091009 tipo=ompt_thread_worker     last_cpu=116 numa=1 mig=0 fallos=0 perf=full ipc=0.440 ratio_rm=0.1570
[OMPT] tid=186100 ompt_id=31243722414882817 tipo=ompt_thread_worker     last_cpu= 53 numa=0 mig=1 fallos=0 perf=full ipc=0.373 ratio_rm=0.1586
[OMPT] tid=186097 ompt_id=30399297484750849 tipo=ompt_thread_worker     last_cpu= 85 numa=1 mig=1 fallos=0 perf=full ipc=0.332 ratio_rm=0.1529
[OMPT] tid=186059 ompt_id=19984723346456577 tipo=ompt_thread_worker     last_cpu=143 numa=0 mig=0 fallos=0 perf=full ipc=0.316 ratio_rm=0.1318
[OMPT] tid=186098 ompt_id=30680772461461505 tipo=ompt_thread_worker     last_cpu=247 numa=1 mig=0 fallos=0 perf=full ipc=0.445 ratio_rm=0.1528
[OMPT] tid=186071 ompt_id=23080948090273793 tipo=ompt_thread_worker     last_cpu= 92 numa=1 mig=1 fallos=0 perf=full ipc=0.280 ratio_rm=0.1383
[OMPT] tid=186057 ompt_id=19140298416324609 tipo=ompt_thread_worker     last_cpu=115 numa=1 mig=1 fallos=0 perf=full ipc=0.405 ratio_rm=0.1523
[OMPT] tid=186108 ompt_id=33495522228568065 tipo=ompt_thread_worker     last_cpu=220 numa=1 mig=0 fallos=0 perf=full ipc=0.322 ratio_rm=0.1446
[OMPT] tid=186116 ompt_id=35747322042253313 tipo=ompt_thread_worker     last_cpu=146 numa=0 mig=1 fallos=0 perf=full ipc=0.387 ratio_rm=0.1628
[OMPT] tid=186084 ompt_id=26740122787512321 tipo=ompt_thread_worker     last_cpu=249 numa=1 mig=0 fallos=0 perf=full ipc=0.404 ratio_rm=0.1433
[OMPT] ===== Overhead intrínseco =====
  monitor: 1015 ticks, 162378.7 us total (max 8259.0 us/tick)
  callbacks implicit_task: 20737, 20451325.0 us total
  migraciones: 49 (48467.5 us total)
  resyncs=0  lecturas escaladas por multiplexado=0
  hilos con perf fallido=0  parcial(ipc_only)=0
  ventanas con ciclos=3664  con fills=3664
