[OMPT] ompt_initialize (OPCIÓN C: integrador con fugas)  verbose=0  migracion=DESACTIVADA
[HWLOC] Nodos NUMA detectados: 2 (usados: 2)
[HWLOC] Nodo 0: 128 CPUs
[HWLOC] Nodo 1: 128 CPUs
[OMPT] callback 'ompt_callback_thread_begin' registrado (result=5)
[OMPT] callback 'ompt_callback_thread_end' registrado (result=5)
[OMPT] callback 'ompt_callback_parallel_begin' registrado (result=5)
[OMPT] callback 'ompt_callback_parallel_end' registrado (result=5)
[OMPT] callback 'ompt_callback_implicit_task' registrado (result=5)
[OMPT] callback 'ompt_callback_control_tool' registrado (result=5)
[OMPT] Callbacks registrados
[OMPT] Sistema: 0 procesadores lógicos
[OMPT][MON] Monitor (C: integrador con fugas)  período=100ms  warmup=5  T=ref+1.00*MAD  leak=0.50*MAD  cap=8.00*MAD  max_mig=1  migracion=DESACTIVADA
[OMPT] control_tool: INICIANDO medicion
[OMPT] control_tool: PAUSANDO medicion
[OMPT] ompt_finalize
[OMPT][MON] Monitor detenido tras 991 ventanas
[OMPT] CSV de ventanas: 3584 filas volcadas (0 descartadas)
[OMPT] ===== Tabla final: 128 hilos =====
[OMPT] tid=185426 ompt_id=281474976710657 tipo=ompt_thread_initial    last_cpu=167 numa=0 mig=0 fallos=0 perf=full ipc=0.509 ratio_rm=0.1520
[OMPT] tid=185428 ompt_id=562949953421313 tipo=ompt_thread_worker     last_cpu= 79 numa=1 mig=0 fallos=0 perf=full ipc=0.226 ratio_rm=0.1298
[OMPT] tid=185429 ompt_id=844424930131969 tipo=ompt_thread_worker     last_cpu=255 numa=1 mig=0 fallos=0 perf=full ipc=0.237 ratio_rm=0.1321
[OMPT] tid=185430 ompt_id=1125899906842625 tipo=ompt_thread_worker     last_cpu=104 numa=1 mig=0 fallos=0 perf=full ipc=0.402 ratio_rm=0.1662
[OMPT] tid=185431 ompt_id=1407374883553281 tipo=ompt_thread_worker     last_cpu= 10 numa=0 mig=0 fallos=0 perf=full ipc=0.427 ratio_rm=0.1614
[OMPT] tid=185432 ompt_id=1688849860263937 tipo=ompt_thread_worker     last_cpu= 27 numa=0 mig=0 fallos=0 perf=full ipc=0.423 ratio_rm=0.1618
[OMPT] tid=185433 ompt_id=1970324836974593 tipo=ompt_thread_worker     last_cpu= 82 numa=1 mig=0 fallos=0 perf=full ipc=0.334 ratio_rm=0.1623
[OMPT] tid=185434 ompt_id=2251799813685249 tipo=ompt_thread_worker     last_cpu=246 numa=1 mig=0 fallos=0 perf=full ipc=0.329 ratio_rm=0.1650
[OMPT] tid=185435 ompt_id=2533274790395905 tipo=ompt_thread_worker     last_cpu= 56 numa=0 mig=0 fallos=0 perf=full ipc=0.456 ratio_rm=0.1679
[OMPT] tid=185437 ompt_id=2814749767106561 tipo=ompt_thread_worker     last_cpu=165 numa=0 mig=0 fallos=0 perf=full ipc=0.524 ratio_rm=0.1494
[OMPT] tid=185436 ompt_id=3096224743817217 tipo=ompt_thread_worker     last_cpu=112 numa=1 mig=0 fallos=0 perf=full ipc=0.278 ratio_rm=0.1443
[OMPT] tid=185438 ompt_id=3377699720527873 tipo=ompt_thread_worker     last_cpu= 57 numa=0 mig=0 fallos=0 perf=full ipc=0.447 ratio_rm=0.1521
[OMPT] tid=185439 ompt_id=3659174697238529 tipo=ompt_thread_worker     last_cpu=166 numa=0 mig=0 fallos=0 perf=full ipc=0.552 ratio_rm=0.1508
[OMPT] tid=185440 ompt_id=3940649673949185 tipo=ompt_thread_worker     last_cpu=  3 numa=0 mig=0 fallos=0 perf=full ipc=0.431 ratio_rm=0.1606
[OMPT] tid=185441 ompt_id=4222124650659841 tipo=ompt_thread_worker     last_cpu= 81 numa=1 mig=0 fallos=0 perf=full ipc=0.360 ratio_rm=0.1699
[OMPT] tid=185442 ompt_id=4503599627370497 tipo=ompt_thread_worker     last_cpu=108 numa=1 mig=0 fallos=0 perf=full ipc=0.246 ratio_rm=0.1482
[OMPT] tid=185443 ompt_id=4785074604081153 tipo=ompt_thread_worker     last_cpu=  9 numa=0 mig=0 fallos=0 perf=full ipc=0.434 ratio_rm=0.1526
[OMPT] tid=185444 ompt_id=5066549580791809 tipo=ompt_thread_worker     last_cpu= 33 numa=0 mig=0 fallos=0 perf=full ipc=0.471 ratio_rm=0.1658
[OMPT] tid=185445 ompt_id=5348024557502465 tipo=ompt_thread_worker     last_cpu=106 numa=1 mig=0 fallos=0 perf=full ipc=0.297 ratio_rm=0.1493
[OMPT] tid=185446 ompt_id=5629499534213121 tipo=ompt_thread_worker     last_cpu=128 numa=0 mig=0 fallos=0 perf=full ipc=0.433 ratio_rm=0.1536
[OMPT] tid=185447 ompt_id=5910974510923777 tipo=ompt_thread_worker     last_cpu=  2 numa=0 mig=0 fallos=0 perf=full ipc=0.441 ratio_rm=0.1614
[OMPT] tid=185448 ompt_id=6192449487634433 tipo=ompt_thread_worker     last_cpu=  7 numa=0 mig=0 fallos=0 perf=full ipc=0.456 ratio_rm=0.1630
[OMPT] tid=185449 ompt_id=6473924464345089 tipo=ompt_thread_worker     last_cpu=  6 numa=0 mig=0 fallos=0 perf=full ipc=0.456 ratio_rm=0.1691
[OMPT] tid=185450 ompt_id=6755399441055745 tipo=ompt_thread_worker     last_cpu=  5 numa=0 mig=0 fallos=0 perf=full ipc=0.451 ratio_rm=0.1672
[OMPT] tid=185451 ompt_id=7036874417766401 tipo=ompt_thread_worker     last_cpu=158 numa=0 mig=0 fallos=0 perf=full ipc=0.429 ratio_rm=0.1643
[OMPT] tid=185452 ompt_id=7318349394477057 tipo=ompt_thread_worker     last_cpu=  1 numa=0 mig=0 fallos=0 perf=full ipc=0.369 ratio_rm=0.1613
[OMPT] tid=185453 ompt_id=7599824371187713 tipo=ompt_thread_worker     last_cpu=203 numa=1 mig=0 fallos=0 perf=full ipc=0.305 ratio_rm=0.1563
[OMPT] tid=185454 ompt_id=7881299347898369 tipo=ompt_thread_worker     last_cpu= 91 numa=1 mig=0 fallos=0 perf=full ipc=0.363 ratio_rm=0.1629
[OMPT] tid=185455 ompt_id=8162774324609025 tipo=ompt_thread_worker     last_cpu= 49 numa=0 mig=0 fallos=0 perf=full ipc=0.452 ratio_rm=0.1619
[OMPT] tid=185456 ompt_id=8444249301319681 tipo=ompt_thread_worker     last_cpu= 20 numa=0 mig=0 fallos=0 perf=full ipc=0.463 ratio_rm=0.1558
[OMPT] tid=185457 ompt_id=8725724278030337 tipo=ompt_thread_worker     last_cpu= 19 numa=0 mig=0 fallos=0 perf=full ipc=0.480 ratio_rm=0.1540
[OMPT] tid=185458 ompt_id=9007199254740993 tipo=ompt_thread_worker     last_cpu= 18 numa=0 mig=0 fallos=0 perf=full ipc=0.474 ratio_rm=0.1669
[OMPT] tid=185459 ompt_id=9288674231451649 tipo=ompt_thread_worker     last_cpu= 64 numa=1 mig=0 fallos=0 perf=full ipc=0.265 ratio_rm=0.1321
[OMPT] tid=185460 ompt_id=9570149208162305 tipo=ompt_thread_worker     last_cpu=159 numa=0 mig=0 fallos=0 perf=full ipc=0.443 ratio_rm=0.1627
[OMPT] tid=185461 ompt_id=9851624184872961 tipo=ompt_thread_worker     last_cpu= 11 numa=0 mig=0 fallos=0 perf=full ipc=0.436 ratio_rm=0.1587
[OMPT] tid=185462 ompt_id=10133099161583617 tipo=ompt_thread_worker     last_cpu= 84 numa=1 mig=0 fallos=0 perf=full ipc=0.236 ratio_rm=0.1284
[OMPT] tid=185463 ompt_id=10414574138294273 tipo=ompt_thread_worker     last_cpu=245 numa=1 mig=0 fallos=0 perf=full ipc=0.264 ratio_rm=0.1299
[OMPT] tid=185464 ompt_id=10696049115004929 tipo=ompt_thread_worker     last_cpu= 66 numa=1 mig=0 fallos=0 perf=full ipc=0.366 ratio_rm=0.1811
[OMPT] tid=185465 ompt_id=10977524091715585 tipo=ompt_thread_worker     last_cpu= 80 numa=1 mig=0 fallos=0 perf=full ipc=0.363 ratio_rm=0.1672
[OMPT] tid=185466 ompt_id=11258999068426241 tipo=ompt_thread_worker     last_cpu=216 numa=1 mig=0 fallos=0 perf=full ipc=0.331 ratio_rm=0.1345
[OMPT] tid=185467 ompt_id=11540474045136897 tipo=ompt_thread_worker     last_cpu=204 numa=1 mig=0 fallos=0 perf=full ipc=0.309 ratio_rm=0.1613
[OMPT] tid=185468 ompt_id=11821949021847553 tipo=ompt_thread_worker     last_cpu= 90 numa=1 mig=0 fallos=0 perf=full ipc=0.331 ratio_rm=0.1706
[OMPT] tid=185469 ompt_id=12103423998558209 tipo=ompt_thread_worker     last_cpu= 67 numa=1 mig=0 fallos=0 perf=full ipc=0.346 ratio_rm=0.1706
[OMPT] tid=185470 ompt_id=12384898975268865 tipo=ompt_thread_worker     last_cpu=205 numa=1 mig=0 fallos=0 perf=full ipc=0.279 ratio_rm=0.1553
[OMPT] tid=185471 ompt_id=12666373951979521 tipo=ompt_thread_worker     last_cpu= 40 numa=0 mig=0 fallos=0 perf=full ipc=0.465 ratio_rm=0.1658
[OMPT] tid=185472 ompt_id=12947848928690177 tipo=ompt_thread_worker     last_cpu=156 numa=0 mig=0 fallos=0 perf=full ipc=0.426 ratio_rm=0.1726
[OMPT] tid=185473 ompt_id=13229323905400833 tipo=ompt_thread_worker     last_cpu=252 numa=1 mig=0 fallos=0 perf=full ipc=0.307 ratio_rm=0.1514
[OMPT] tid=185474 ompt_id=13510798882111489 tipo=ompt_thread_worker     last_cpu=220 numa=1 mig=0 fallos=0 perf=full ipc=0.365 ratio_rm=0.1565
[OMPT] tid=185475 ompt_id=13792273858822145 tipo=ompt_thread_worker     last_cpu= 72 numa=1 mig=0 fallos=0 perf=full ipc=0.243 ratio_rm=0.1381
[OMPT] tid=185476 ompt_id=14073748835532801 tipo=ompt_thread_worker     last_cpu=117 numa=1 mig=0 fallos=0 perf=full ipc=0.246 ratio_rm=0.1297
[OMPT] tid=185477 ompt_id=14355223812243457 tipo=ompt_thread_worker     last_cpu=113 numa=1 mig=0 fallos=0 perf=full ipc=0.326 ratio_rm=0.1725
[OMPT] tid=185478 ompt_id=14636698788954113 tipo=ompt_thread_worker     last_cpu=157 numa=0 mig=0 fallos=0 perf=full ipc=0.430 ratio_rm=0.1642
[OMPT] tid=185479 ompt_id=14918173765664769 tipo=ompt_thread_worker     last_cpu= 41 numa=0 mig=0 fallos=0 perf=full ipc=0.448 ratio_rm=0.1802
[OMPT] tid=185480 ompt_id=15199648742375425 tipo=ompt_thread_worker     last_cpu=180 numa=0 mig=0 fallos=0 perf=full ipc=0.456 ratio_rm=0.1731
[OMPT] tid=185481 ompt_id=15481123719086081 tipo=ompt_thread_worker     last_cpu= 32 numa=0 mig=0 fallos=0 perf=full ipc=0.509 ratio_rm=0.1640
[OMPT] tid=185482 ompt_id=15762598695796737 tipo=ompt_thread_worker     last_cpu=254 numa=1 mig=0 fallos=0 perf=full ipc=0.284 ratio_rm=0.1485
[OMPT] tid=185483 ompt_id=16044073672507393 tipo=ompt_thread_worker     last_cpu=237 numa=1 mig=0 fallos=0 perf=full ipc=0.444 ratio_rm=0.1646
[OMPT] tid=185484 ompt_id=16325548649218049 tipo=ompt_thread_worker     last_cpu=183 numa=0 mig=0 fallos=0 perf=full ipc=0.458 ratio_rm=0.1539
[OMPT] tid=185485 ompt_id=16607023625928705 tipo=ompt_thread_worker     last_cpu=150 numa=0 mig=0 fallos=0 perf=full ipc=0.446 ratio_rm=0.1628
[OMPT] tid=185486 ompt_id=16888498602639361 tipo=ompt_thread_worker     last_cpu=253 numa=1 mig=0 fallos=0 perf=full ipc=0.283 ratio_rm=0.1365
[OMPT] tid=185487 ompt_id=17169973579350017 tipo=ompt_thread_worker     last_cpu=247 numa=1 mig=0 fallos=0 perf=full ipc=0.334 ratio_rm=0.1478
[OMPT] tid=185488 ompt_id=17451448556060673 tipo=ompt_thread_worker     last_cpu=127 numa=1 mig=0 fallos=0 perf=full ipc=0.241 ratio_rm=0.1178
[OMPT] tid=185489 ompt_id=17732923532771329 tipo=ompt_thread_worker     last_cpu=107 numa=1 mig=0 fallos=0 perf=full ipc=0.336 ratio_rm=0.1617
[OMPT] tid=185526 ompt_id=28147497671065601 tipo=ompt_thread_worker     last_cpu=225 numa=1 mig=0 fallos=0 perf=full ipc=0.305 ratio_rm=0.1588
[OMPT] tid=185494 ompt_id=19140298416324609 tipo=ompt_thread_worker     last_cpu= 34 numa=0 mig=0 fallos=0 perf=full ipc=0.366 ratio_rm=0.1589
[OMPT] tid=185543 ompt_id=32932572275146753 tipo=ompt_thread_worker     last_cpu=132 numa=0 mig=0 fallos=0 perf=full ipc=0.421 ratio_rm=0.1702
[OMPT] tid=185522 ompt_id=27021597764222977 tipo=ompt_thread_worker     last_cpu=105 numa=1 mig=0 fallos=0 perf=full ipc=0.356 ratio_rm=0.1443
[OMPT] tid=185506 ompt_id=22517998136852481 tipo=ompt_thread_worker     last_cpu=145 numa=0 mig=0 fallos=0 perf=full ipc=0.439 ratio_rm=0.1601
[OMPT] tid=185533 ompt_id=30117822508040193 tipo=ompt_thread_worker     last_cpu= 26 numa=0 mig=0 fallos=0 perf=full ipc=0.427 ratio_rm=0.1587
[OMPT] tid=185498 ompt_id=20547673299877889 tipo=ompt_thread_worker     last_cpu= 25 numa=0 mig=0 fallos=0 perf=full ipc=0.425 ratio_rm=0.1566
[OMPT] tid=185512 ompt_id=24206847997116417 tipo=ompt_thread_worker     last_cpu= 65 numa=1 mig=0 fallos=0 perf=full ipc=0.380 ratio_rm=0.1622
[OMPT] tid=185541 ompt_id=32369622321725441 tipo=ompt_thread_worker     last_cpu= 42 numa=0 mig=0 fallos=0 perf=full ipc=0.442 ratio_rm=0.1623
[OMPT] tid=185535 ompt_id=30680772461461505 tipo=ompt_thread_worker     last_cpu= 88 numa=1 mig=0 fallos=0 perf=full ipc=0.248 ratio_rm=0.1218
[OMPT] tid=185492 ompt_id=18577348462903297 tipo=ompt_thread_worker     last_cpu=224 numa=1 mig=0 fallos=0 perf=full ipc=0.318 ratio_rm=0.1579
[OMPT] tid=185516 ompt_id=25332747903959041 tipo=ompt_thread_worker     last_cpu= 50 numa=0 mig=0 fallos=0 perf=full ipc=0.439 ratio_rm=0.1753
[OMPT] tid=185531 ompt_id=29554872554618881 tipo=ompt_thread_worker     last_cpu= 98 numa=1 mig=0 fallos=0 perf=full ipc=0.276 ratio_rm=0.1429
[OMPT] tid=185547 ompt_id=34058472181989377 tipo=ompt_thread_worker     last_cpu=164 numa=0 mig=0 fallos=0 perf=full ipc=0.508 ratio_rm=0.1526
[OMPT] tid=185503 ompt_id=21673573206720513 tipo=ompt_thread_worker     last_cpu= 99 numa=1 mig=0 fallos=0 perf=full ipc=0.314 ratio_rm=0.1638
[OMPT] tid=185508 ompt_id=23080948090273793 tipo=ompt_thread_worker     last_cpu=191 numa=0 mig=0 fallos=0 perf=full ipc=0.473 ratio_rm=0.1675
[OMPT] tid=185523 ompt_id=27303072740933633 tipo=ompt_thread_worker     last_cpu= 83 numa=1 mig=0 fallos=0 perf=full ipc=0.322 ratio_rm=0.1481
[OMPT] tid=185499 ompt_id=20266198323167233 tipo=ompt_thread_worker     last_cpu=114 numa=1 mig=0 fallos=0 perf=full ipc=0.337 ratio_rm=0.1665
[OMPT] tid=185544 ompt_id=33214047251857409 tipo=ompt_thread_worker     last_cpu=221 numa=1 mig=0 fallos=0 perf=full ipc=0.364 ratio_rm=0.1617
[OMPT] tid=185502 ompt_id=21392098230009857 tipo=ompt_thread_worker     last_cpu= 48 numa=0 mig=0 fallos=0 perf=full ipc=0.450 ratio_rm=0.1591
[OMPT] tid=185549 ompt_id=34621422135410689 tipo=ompt_thread_worker     last_cpu=181 numa=0 mig=0 fallos=0 perf=full ipc=0.456 ratio_rm=0.1578
[OMPT] tid=185527 ompt_id=28428972647776257 tipo=ompt_thread_worker     last_cpu=103 numa=1 mig=0 fallos=0 perf=full ipc=0.240 ratio_rm=0.1188
[OMPT] tid=185514 ompt_id=24769797950537729 tipo=ompt_thread_worker     last_cpu=182 numa=0 mig=0 fallos=0 perf=full ipc=0.457 ratio_rm=0.1770
[OMPT] tid=185546 ompt_id=33776997205278721 tipo=ompt_thread_worker     last_cpu=228 numa=1 mig=0 fallos=0 perf=full ipc=0.282 ratio_rm=0.1580
[OMPT] tid=185552 ompt_id=35465847065542657 tipo=ompt_thread_worker     last_cpu=251 numa=1 mig=0 fallos=0 perf=full ipc=0.301 ratio_rm=0.1589
[OMPT] tid=185528 ompt_id=28710447624486913 tipo=ompt_thread_worker     last_cpu=197 numa=1 mig=0 fallos=0 perf=full ipc=0.363 ratio_rm=0.1632
[OMPT] tid=185495 ompt_id=19421773393035265 tipo=ompt_thread_worker     last_cpu=199 numa=1 mig=0 fallos=0 perf=full ipc=0.364 ratio_rm=0.1496
[OMPT] tid=185511 ompt_id=23925373020405761 tipo=ompt_thread_worker     last_cpu=198 numa=1 mig=0 fallos=0 perf=full ipc=0.388 ratio_rm=0.1644
[OMPT] tid=185553 ompt_id=35747322042253313 tipo=ompt_thread_worker     last_cpu=187 numa=0 mig=0 fallos=0 perf=full ipc=0.451 ratio_rm=0.1631
[OMPT] tid=185500 ompt_id=21110623253299201 tipo=ompt_thread_worker     last_cpu=115 numa=1 mig=0 fallos=0 perf=full ipc=0.348 ratio_rm=0.1557
[OMPT] tid=185504 ompt_id=22236523160141825 tipo=ompt_thread_worker     last_cpu=175 numa=0 mig=0 fallos=0 perf=full ipc=0.470 ratio_rm=0.1413
[OMPT] tid=185525 ompt_id=27866022694354945 tipo=ompt_thread_worker     last_cpu=173 numa=0 mig=0 fallos=0 perf=full ipc=0.466 ratio_rm=0.1608
[OMPT] tid=185518 ompt_id=25895697857380353 tipo=ompt_thread_worker     last_cpu=174 numa=0 mig=0 fallos=0 perf=full ipc=0.466 ratio_rm=0.1591
[OMPT] tid=185539 ompt_id=31806672368304129 tipo=ompt_thread_worker     last_cpu=172 numa=0 mig=0 fallos=0 perf=full ipc=0.468 ratio_rm=0.1565
[OMPT] tid=185507 ompt_id=22799473113563137 tipo=ompt_thread_worker     last_cpu=190 numa=0 mig=0 fallos=0 perf=full ipc=0.464 ratio_rm=0.1656
[OMPT] tid=185524 ompt_id=27584547717644289 tipo=ompt_thread_worker     last_cpu=189 numa=0 mig=0 fallos=0 perf=full ipc=0.452 ratio_rm=0.1726
[OMPT] tid=185537 ompt_id=31243722414882817 tipo=ompt_thread_worker     last_cpu=188 numa=0 mig=0 fallos=0 perf=full ipc=0.447 ratio_rm=0.1709
[OMPT] tid=185493 ompt_id=18858823439613953 tipo=ompt_thread_worker     last_cpu=239 numa=1 mig=0 fallos=0 perf=full ipc=0.446 ratio_rm=0.1471
[OMPT] tid=185509 ompt_id=23362423066984449 tipo=ompt_thread_worker     last_cpu=238 numa=1 mig=0 fallos=0 perf=full ipc=0.444 ratio_rm=0.1449
[OMPT] tid=185515 ompt_id=25051272927248385 tipo=ompt_thread_worker     last_cpu=230 numa=1 mig=0 fallos=0 perf=full ipc=0.269 ratio_rm=0.1384
[OMPT] tid=185532 ompt_id=29836347531329537 tipo=ompt_thread_worker     last_cpu=229 numa=1 mig=0 fallos=0 perf=full ipc=0.293 ratio_rm=0.1471
[OMPT] tid=185534 ompt_id=30399297484750849 tipo=ompt_thread_worker     last_cpu= 89 numa=1 mig=0 fallos=0 perf=full ipc=0.368 ratio_rm=0.1617
[OMPT] tid=185497 ompt_id=19703248369745921 tipo=ompt_thread_worker     last_cpu=223 numa=1 mig=0 fallos=0 perf=full ipc=0.365 ratio_rm=0.1699
[OMPT] tid=185490 ompt_id=18014398509481985 tipo=ompt_thread_worker     last_cpu=215 numa=1 mig=0 fallos=0 perf=full ipc=0.364 ratio_rm=0.1679
[OMPT] tid=185542 ompt_id=32651097298436097 tipo=ompt_thread_worker     last_cpu=196 numa=1 mig=0 fallos=0 perf=full ipc=0.327 ratio_rm=0.1388
[OMPT] tid=185491 ompt_id=18295873486192641 tipo=ompt_thread_worker     last_cpu=231 numa=1 mig=0 fallos=0 perf=full ipc=0.242 ratio_rm=0.1257
[OMPT] tid=185519 ompt_id=26177172834091009 tipo=ompt_thread_worker     last_cpu=202 numa=1 mig=0 fallos=0 perf=full ipc=0.271 ratio_rm=0.1472
[OMPT] tid=185517 ompt_id=25614222880669697 tipo=ompt_thread_worker     last_cpu=222 numa=1 mig=0 fallos=0 perf=full ipc=0.362 ratio_rm=0.1618
[OMPT] tid=185530 ompt_id=29273397577908225 tipo=ompt_thread_worker     last_cpu=213 numa=1 mig=0 fallos=0 perf=full ipc=0.368 ratio_rm=0.1566
[OMPT] tid=185548 ompt_id=34339947158700033 tipo=ompt_thread_worker     last_cpu=212 numa=1 mig=0 fallos=0 perf=full ipc=0.326 ratio_rm=0.1432
[OMPT] tid=185513 ompt_id=24488322973827073 tipo=ompt_thread_worker     last_cpu=214 numa=1 mig=0 fallos=0 perf=full ipc=0.371 ratio_rm=0.1575
[OMPT] tid=185501 ompt_id=20829148276588545 tipo=ompt_thread_worker     last_cpu=201 numa=1 mig=0 fallos=0 perf=full ipc=0.285 ratio_rm=0.1534
[OMPT] tid=185550 ompt_id=34902897112121345 tipo=ompt_thread_worker     last_cpu=207 numa=1 mig=0 fallos=0 perf=full ipc=0.227 ratio_rm=0.1319
[OMPT] tid=185520 ompt_id=26740122787512321 tipo=ompt_thread_worker     last_cpu=151 numa=0 mig=0 fallos=0 perf=full ipc=0.441 ratio_rm=0.0943
[OMPT] tid=185551 ompt_id=35184372088832001 tipo=ompt_thread_worker     last_cpu=149 numa=0 mig=0 fallos=0 perf=full ipc=0.441 ratio_rm=0.1621
[OMPT] tid=185554 ompt_id=36028797018963969 tipo=ompt_thread_worker     last_cpu=206 numa=1 mig=0 fallos=0 perf=full ipc=0.244 ratio_rm=0.1394
[OMPT] tid=185545 ompt_id=33495522228568065 tipo=ompt_thread_worker     last_cpu=140 numa=0 mig=0 fallos=0 perf=full ipc=0.433 ratio_rm=0.1653
[OMPT] tid=185529 ompt_id=28991922601197569 tipo=ompt_thread_worker     last_cpu=141 numa=0 mig=0 fallos=0 perf=full ipc=0.437 ratio_rm=0.1653
[OMPT] tid=185510 ompt_id=23643898043695105 tipo=ompt_thread_worker     last_cpu=142 numa=0 mig=0 fallos=0 perf=full ipc=0.433 ratio_rm=0.1543
[OMPT] tid=185496 ompt_id=19984723346456577 tipo=ompt_thread_worker     last_cpu=143 numa=0 mig=0 fallos=0 perf=full ipc=0.437 ratio_rm=0.1564
[OMPT] tid=185538 ompt_id=31525197391593473 tipo=ompt_thread_worker     last_cpu=244 numa=1 mig=0 fallos=0 perf=full ipc=0.273 ratio_rm=0.1433
[OMPT] tid=185540 ompt_id=32088147345014785 tipo=ompt_thread_worker     last_cpu=236 numa=1 mig=0 fallos=0 perf=full ipc=0.420 ratio_rm=0.1517
[OMPT] tid=185505 ompt_id=21955048183431169 tipo=ompt_thread_worker     last_cpu=248 numa=1 mig=0 fallos=0 perf=full ipc=0.304 ratio_rm=0.1643
[OMPT] tid=185521 ompt_id=26458647810801665 tipo=ompt_thread_worker     last_cpu=249 numa=1 mig=0 fallos=0 perf=full ipc=0.311 ratio_rm=0.1438
[OMPT] tid=185536 ompt_id=30962247438172161 tipo=ompt_thread_worker     last_cpu=250 numa=1 mig=0 fallos=0 perf=full ipc=0.305 ratio_rm=0.1611
[OMPT] ===== Overhead intrínseco =====
  monitor: 991 ticks, 146495.6 us total (max 6833.1 us/tick)
  callbacks implicit_task: 20737, 21560108.6 us total
  migraciones: 0 (0.0 us total)
  resyncs=0  lecturas escaladas por multiplexado=0
  hilos con perf fallido=0  parcial(ipc_only)=0
  ventanas con ciclos=3584  con fills=3584
