[OMPT] ompt_initialize (OPCIÓN C: integrador con fugas)  verbose=0  migracion=activa
[HWLOC] Nodos NUMA detectados: 2 (usados: 2)
[HWLOC] Nodo 0: 128 CPUs
[HWLOC] Nodo 1: 128 CPUs
[OMPT] callback 'ompt_callback_thread_begin' registrado (result=5)
[OMPT] callback 'ompt_callback_thread_end' registrado (result=5)
[OMPT] callback 'ompt_callback_parallel_begin' registrado (result=5)
[OMPT] callback 'ompt_callback_parallel_end' registrado (result=5)
[OMPT] callback 'ompt_callback_implicit_task' registrado (result=5)
[OMPT] callback 'ompt_callback_control_tool' registrado (result=5)
[OMPT] Callbacks registrados
[OMPT] Sistema: 0 procesadores lógicos
[OMPT][MON] Monitor (C: integrador con fugas)  período=100ms  warmup=5  T=ref+1.00*MAD  leak=0.50*MAD  cap=8.00*MAD  max_mig=1  migracion=activa
[OMPT] control_tool: INICIANDO medicion
[OMPT] control_tool: PAUSANDO medicion
[OMPT] ompt_finalize
[OMPT][MON] Monitor detenido tras 40 ventanas
[OMPT] CSV de ventanas: 4094 filas volcadas (0 descartadas)
[OMPT] ===== Tabla final: 128 hilos =====
[OMPT] tid=185854 ompt_id=281474976710657 tipo=ompt_thread_initial    last_cpu=255 numa=1 mig=0 fallos=0 perf=full ipc=0.249 ratio_rm=0.1657
[OMPT] tid=185856 ompt_id=562949953421313 tipo=ompt_thread_worker     last_cpu=157 numa=0 mig=0 fallos=0 perf=full ipc=0.494 ratio_rm=0.0957
[OMPT] tid=185857 ompt_id=844424930131969 tipo=ompt_thread_worker     last_cpu=239 numa=1 mig=0 fallos=0 perf=full ipc=0.328 ratio_rm=0.1517
[OMPT] tid=185858 ompt_id=1125899906842625 tipo=ompt_thread_worker     last_cpu= 83 numa=1 mig=0 fallos=0 perf=full ipc=0.299 ratio_rm=0.1533
[OMPT] tid=185859 ompt_id=1407374883553281 tipo=ompt_thread_worker     last_cpu=104 numa=1 mig=0 fallos=0 perf=full ipc=0.265 ratio_rm=0.1588
[OMPT] tid=185860 ompt_id=1688849860263937 tipo=ompt_thread_worker     last_cpu=227 numa=1 mig=0 fallos=0 perf=full ipc=0.365 ratio_rm=0.1393
[OMPT] tid=185861 ompt_id=1970324836974593 tipo=ompt_thread_worker     last_cpu=243 numa=1 mig=0 fallos=0 perf=full ipc=0.272 ratio_rm=0.1572
[OMPT] tid=185862 ompt_id=2251799813685249 tipo=ompt_thread_worker     last_cpu=  3 numa=0 mig=0 fallos=0 perf=full ipc=0.383 ratio_rm=0.1369
[OMPT] tid=185863 ompt_id=2533274790395905 tipo=ompt_thread_worker     last_cpu=158 numa=0 mig=0 fallos=0 perf=full ipc=0.491 ratio_rm=0.1078
[OMPT] tid=185864 ompt_id=2814749767106561 tipo=ompt_thread_worker     last_cpu=  9 numa=0 mig=0 fallos=0 perf=full ipc=0.418 ratio_rm=0.1204
[OMPT] tid=185865 ompt_id=3096224743817217 tipo=ompt_thread_worker     last_cpu=112 numa=1 mig=0 fallos=0 perf=full ipc=0.312 ratio_rm=0.1524
[OMPT] tid=185866 ompt_id=3377699720527873 tipo=ompt_thread_worker     last_cpu= 33 numa=0 mig=0 fallos=0 perf=full ipc=0.447 ratio_rm=0.1138
[OMPT] tid=185867 ompt_id=3659174697238529 tipo=ompt_thread_worker     last_cpu=222 numa=1 mig=0 fallos=0 perf=full ipc=0.308 ratio_rm=0.1454
[OMPT] tid=185868 ompt_id=3940649673949185 tipo=ompt_thread_worker     last_cpu=233 numa=1 mig=0 fallos=0 perf=full ipc=0.312 ratio_rm=0.1537
[OMPT] tid=185869 ompt_id=4222124650659841 tipo=ompt_thread_worker     last_cpu=248 numa=1 mig=0 fallos=0 perf=full ipc=0.267 ratio_rm=0.1510
[OMPT] tid=185870 ompt_id=4503599627370497 tipo=ompt_thread_worker     last_cpu=174 numa=0 mig=0 fallos=0 perf=full ipc=0.448 ratio_rm=0.1244
[OMPT] tid=185871 ompt_id=4785074604081153 tipo=ompt_thread_worker     last_cpu=240 numa=1 mig=0 fallos=0 perf=full ipc=0.280 ratio_rm=0.1556
[OMPT] tid=185872 ompt_id=5066549580791809 tipo=ompt_thread_worker     last_cpu=190 numa=0 mig=0 fallos=0 perf=full ipc=0.533 ratio_rm=0.0851
[OMPT] tid=185873 ompt_id=5348024557502465 tipo=ompt_thread_worker     last_cpu=241 numa=1 mig=0 fallos=0 perf=full ipc=0.276 ratio_rm=0.1490
[OMPT] tid=185874 ompt_id=5629499534213121 tipo=ompt_thread_worker     last_cpu=242 numa=1 mig=0 fallos=0 perf=full ipc=0.294 ratio_rm=0.1319
[OMPT] tid=185875 ompt_id=5910974510923777 tipo=ompt_thread_worker     last_cpu=173 numa=0 mig=0 fallos=0 perf=full ipc=0.451 ratio_rm=0.1189
[OMPT] tid=185876 ompt_id=6192449487634433 tipo=ompt_thread_worker     last_cpu= 99 numa=1 mig=0 fallos=0 perf=full ipc=0.260 ratio_rm=0.1540
[OMPT] tid=185877 ompt_id=6473924464345089 tipo=ompt_thread_worker     last_cpu= 25 numa=0 mig=0 fallos=0 perf=full ipc=0.469 ratio_rm=0.1095
[OMPT] tid=185878 ompt_id=6755399441055745 tipo=ompt_thread_worker     last_cpu= 72 numa=1 mig=0 fallos=0 perf=full ipc=0.369 ratio_rm=0.1345
[OMPT] tid=185879 ompt_id=7036874417766401 tipo=ompt_thread_worker     last_cpu= 11 numa=0 mig=0 fallos=0 perf=full ipc=0.426 ratio_rm=0.1043
[OMPT] tid=185880 ompt_id=7318349394477057 tipo=ompt_thread_worker     last_cpu= 57 numa=0 mig=0 fallos=0 perf=full ipc=0.451 ratio_rm=0.0981
[OMPT] tid=185881 ompt_id=7599824371187713 tipo=ompt_thread_worker     last_cpu= 75 numa=1 mig=0 fallos=0 perf=full ipc=0.289 ratio_rm=0.1566
[OMPT] tid=185882 ompt_id=7881299347898369 tipo=ompt_thread_worker     last_cpu= 48 numa=0 mig=0 fallos=0 perf=full ipc=0.491 ratio_rm=0.1025
[OMPT] tid=185883 ompt_id=8162774324609025 tipo=ompt_thread_worker     last_cpu= 10 numa=0 mig=0 fallos=0 perf=full ipc=0.421 ratio_rm=0.1261
[OMPT] tid=185884 ompt_id=8444249301319681 tipo=ompt_thread_worker     last_cpu=253 numa=1 mig=0 fallos=0 perf=full ipc=0.266 ratio_rm=0.1582
[OMPT] tid=185885 ompt_id=8725724278030337 tipo=ompt_thread_worker     last_cpu= 15 numa=0 mig=0 fallos=0 perf=full ipc=0.422 ratio_rm=0.1180
[OMPT] tid=185886 ompt_id=9007199254740993 tipo=ompt_thread_worker     last_cpu=221 numa=1 mig=0 fallos=0 perf=full ipc=0.275 ratio_rm=0.1598
[OMPT] tid=185887 ompt_id=9288674231451649 tipo=ompt_thread_worker     last_cpu=189 numa=0 mig=0 fallos=0 perf=full ipc=0.549 ratio_rm=0.1023
[OMPT] tid=185888 ompt_id=9570149208162305 tipo=ompt_thread_worker     last_cpu= 76 numa=1 mig=0 fallos=0 perf=full ipc=0.247 ratio_rm=0.1709
[OMPT] tid=185889 ompt_id=9851624184872961 tipo=ompt_thread_worker     last_cpu=244 numa=1 mig=0 fallos=0 perf=full ipc=0.293 ratio_rm=0.1282
[OMPT] tid=185890 ompt_id=10133099161583617 tipo=ompt_thread_worker     last_cpu=229 numa=1 mig=0 fallos=0 perf=full ipc=0.375 ratio_rm=0.1386
[OMPT] tid=185891 ompt_id=10414574138294273 tipo=ompt_thread_worker     last_cpu=  4 numa=0 mig=0 fallos=0 perf=full ipc=0.387 ratio_rm=0.1331
[OMPT] tid=185892 ompt_id=10696049115004929 tipo=ompt_thread_worker     last_cpu=133 numa=0 mig=0 fallos=0 perf=full ipc=0.384 ratio_rm=0.1449
[OMPT] tid=185893 ompt_id=10977524091715585 tipo=ompt_thread_worker     last_cpu= 17 numa=0 mig=0 fallos=0 perf=full ipc=0.452 ratio_rm=0.1000
[OMPT] tid=185894 ompt_id=11258999068426241 tipo=ompt_thread_worker     last_cpu= 34 numa=0 mig=0 fallos=0 perf=full ipc=0.387 ratio_rm=0.1388
[OMPT] tid=185895 ompt_id=11540474045136897 tipo=ompt_thread_worker     last_cpu=254 numa=1 mig=0 fallos=0 perf=full ipc=0.267 ratio_rm=0.1649
[OMPT] tid=185896 ompt_id=11821949021847553 tipo=ompt_thread_worker     last_cpu= 97 numa=1 mig=0 fallos=0 perf=full ipc=0.366 ratio_rm=0.1412
[OMPT] tid=185897 ompt_id=12103423998558209 tipo=ompt_thread_worker     last_cpu= 65 numa=1 mig=0 fallos=0 perf=full ipc=0.348 ratio_rm=0.1364
[OMPT] tid=185898 ompt_id=12384898975268865 tipo=ompt_thread_worker     last_cpu= 80 numa=1 mig=0 fallos=0 perf=full ipc=0.360 ratio_rm=0.1372
[OMPT] tid=185899 ompt_id=12666373951979521 tipo=ompt_thread_worker     last_cpu= 56 numa=0 mig=0 fallos=0 perf=full ipc=0.501 ratio_rm=0.0793
[OMPT] tid=185900 ompt_id=12947848928690177 tipo=ompt_thread_worker     last_cpu= 16 numa=0 mig=0 fallos=0 perf=full ipc=0.479 ratio_rm=0.1090
[OMPT] tid=185901 ompt_id=13229323905400833 tipo=ompt_thread_worker     last_cpu=127 numa=1 mig=0 fallos=0 perf=full ipc=0.253 ratio_rm=0.1567
[OMPT] tid=185902 ompt_id=13510798882111489 tipo=ompt_thread_worker     last_cpu=175 numa=0 mig=0 fallos=0 perf=full ipc=0.456 ratio_rm=0.1225
[OMPT] tid=185903 ompt_id=13792273858822145 tipo=ompt_thread_worker     last_cpu=159 numa=0 mig=0 fallos=0 perf=full ipc=0.506 ratio_rm=0.1017
[OMPT] tid=185904 ompt_id=14073748835532801 tipo=ompt_thread_worker     last_cpu= 26 numa=0 mig=0 fallos=0 perf=full ipc=0.435 ratio_rm=0.1082
[OMPT] tid=185905 ompt_id=14355223812243457 tipo=ompt_thread_worker     last_cpu= 67 numa=1 mig=0 fallos=0 perf=full ipc=0.348 ratio_rm=0.1480
[OMPT] tid=185906 ompt_id=14636698788954113 tipo=ompt_thread_worker     last_cpu= 58 numa=0 mig=0 fallos=0 perf=full ipc=0.402 ratio_rm=0.1238
[OMPT] tid=185907 ompt_id=14918173765664769 tipo=ompt_thread_worker     last_cpu=142 numa=0 mig=0 fallos=0 perf=full ipc=0.418 ratio_rm=0.1327
[OMPT] tid=185908 ompt_id=15199648742375425 tipo=ompt_thread_worker     last_cpu=118 numa=1 mig=0 fallos=0 perf=full ipc=0.278 ratio_rm=0.1586
[OMPT] tid=185909 ompt_id=15481123719086081 tipo=ompt_thread_worker     last_cpu= 96 numa=1 mig=0 fallos=0 perf=full ipc=0.364 ratio_rm=0.1390
[OMPT] tid=185910 ompt_id=15762598695796737 tipo=ompt_thread_worker     last_cpu= 64 numa=1 mig=0 fallos=0 perf=full ipc=0.295 ratio_rm=0.1441
[OMPT] tid=185911 ompt_id=16044073672507393 tipo=ompt_thread_worker     last_cpu= 49 numa=0 mig=0 fallos=0 perf=full ipc=0.449 ratio_rm=0.1130
[OMPT] tid=185912 ompt_id=16325548649218049 tipo=ompt_thread_worker     last_cpu=213 numa=1 mig=0 fallos=0 perf=full ipc=0.369 ratio_rm=0.1545
[OMPT] tid=185913 ompt_id=16607023625928705 tipo=ompt_thread_worker     last_cpu= 98 numa=1 mig=0 fallos=0 perf=full ipc=0.294 ratio_rm=0.1485
[OMPT] tid=185914 ompt_id=16888498602639361 tipo=ompt_thread_worker     last_cpu=231 numa=1 mig=0 fallos=0 perf=full ipc=0.371 ratio_rm=0.1362
[OMPT] tid=185915 ompt_id=17169973579350017 tipo=ompt_thread_worker     last_cpu=156 numa=0 mig=0 fallos=0 perf=full ipc=0.495 ratio_rm=0.1175
[OMPT] tid=185916 ompt_id=17451448556060673 tipo=ompt_thread_worker     last_cpu=  1 numa=0 mig=0 fallos=0 perf=full ipc=0.347 ratio_rm=0.1354
[OMPT] tid=185917 ompt_id=17732923532771329 tipo=ompt_thread_worker     last_cpu= 81 numa=1 mig=0 fallos=0 perf=full ipc=0.366 ratio_rm=0.1288
[OMPT] tid=185957 ompt_id=28991922601197569 tipo=ompt_thread_worker     last_cpu= 86 numa=1 mig=0 fallos=0 perf=full ipc=0.370 ratio_rm=0.1292
[OMPT] tid=185950 ompt_id=27021597764222977 tipo=ompt_thread_worker     last_cpu=238 numa=1 mig=0 fallos=0 perf=full ipc=0.329 ratio_rm=0.1324
[OMPT] tid=185935 ompt_id=22799473113563137 tipo=ompt_thread_worker     last_cpu= 89 numa=1 mig=0 fallos=0 perf=full ipc=0.304 ratio_rm=0.1494
[OMPT] tid=185943 ompt_id=25051272927248385 tipo=ompt_thread_worker     last_cpu= 91 numa=1 mig=0 fallos=0 perf=full ipc=0.302 ratio_rm=0.1535
[OMPT] tid=185959 ompt_id=29554872554618881 tipo=ompt_thread_worker     last_cpu= 78 numa=1 mig=0 fallos=0 perf=full ipc=0.375 ratio_rm=0.1362
[OMPT] tid=185956 ompt_id=28710447624486913 tipo=ompt_thread_worker     last_cpu= 24 numa=0 mig=0 fallos=0 perf=full ipc=0.486 ratio_rm=0.1000
[OMPT] tid=185929 ompt_id=21110623253299201 tipo=ompt_thread_worker     last_cpu= 88 numa=1 mig=0 fallos=0 perf=full ipc=0.275 ratio_rm=0.1704
[OMPT] tid=185938 ompt_id=23643898043695105 tipo=ompt_thread_worker     last_cpu=218 numa=1 mig=0 fallos=0 perf=full ipc=0.280 ratio_rm=0.1638
[OMPT] tid=185974 ompt_id=33776997205278721 tipo=ompt_thread_worker     last_cpu=128 numa=0 mig=1 fallos=0 perf=full ipc=0.299 ratio_rm=0.1583
[OMPT] tid=185927 ompt_id=20266198323167233 tipo=ompt_thread_worker     last_cpu= 84 numa=1 mig=0 fallos=0 perf=full ipc=0.281 ratio_rm=0.1612
[OMPT] tid=185953 ompt_id=27866022694354945 tipo=ompt_thread_worker     last_cpu=207 numa=1 mig=0 fallos=0 perf=full ipc=0.379 ratio_rm=0.1351
[OMPT] tid=185952 ompt_id=27584547717644289 tipo=ompt_thread_worker     last_cpu= 73 numa=1 mig=0 fallos=0 perf=full ipc=0.370 ratio_rm=0.1293
[OMPT] tid=185931 ompt_id=21673573206720513 tipo=ompt_thread_worker     last_cpu= 18 numa=0 mig=0 fallos=0 perf=full ipc=0.448 ratio_rm=0.1047
[OMPT] tid=185942 ompt_id=24769797950537729 tipo=ompt_thread_worker     last_cpu= 42 numa=0 mig=0 fallos=0 perf=full ipc=0.451 ratio_rm=0.1208
[OMPT] tid=185924 ompt_id=19984723346456577 tipo=ompt_thread_worker     last_cpu= 82 numa=1 mig=0 fallos=0 perf=full ipc=0.367 ratio_rm=0.1227
[OMPT] tid=185946 ompt_id=25895697857380353 tipo=ompt_thread_worker     last_cpu= 93 numa=1 mig=0 fallos=0 perf=full ipc=0.277 ratio_rm=0.1636
[OMPT] tid=185962 ompt_id=30399297484750849 tipo=ompt_thread_worker     last_cpu=141 numa=0 mig=0 fallos=0 perf=full ipc=0.422 ratio_rm=0.1074
[OMPT] tid=185972 ompt_id=33214047251857409 tipo=ompt_thread_worker     last_cpu=140 numa=0 mig=0 fallos=0 perf=full ipc=0.420 ratio_rm=0.0946
[OMPT] tid=185979 ompt_id=35184372088832001 tipo=ompt_thread_worker     last_cpu=234 numa=1 mig=0 fallos=0 perf=full ipc=0.312 ratio_rm=0.1472
[OMPT] tid=185928 ompt_id=20829148276588545 tipo=ompt_thread_worker     last_cpu=235 numa=1 mig=0 fallos=0 perf=full ipc=0.318 ratio_rm=0.1555
[OMPT] tid=185941 ompt_id=24488322973827073 tipo=ompt_thread_worker     last_cpu=166 numa=0 mig=0 fallos=0 perf=full ipc=0.510 ratio_rm=0.0986
[OMPT] tid=185976 ompt_id=34339947158700033 tipo=ompt_thread_worker     last_cpu=164 numa=0 mig=0 fallos=0 perf=full ipc=0.508 ratio_rm=0.0963
[OMPT] tid=185958 ompt_id=29273397577908225 tipo=ompt_thread_worker     last_cpu=165 numa=0 mig=0 fallos=0 perf=full ipc=0.513 ratio_rm=0.1056
[OMPT] tid=185930 ompt_id=21392098230009857 tipo=ompt_thread_worker     last_cpu=167 numa=0 mig=0 fallos=0 perf=full ipc=0.512 ratio_rm=0.0938
[OMPT] tid=185965 ompt_id=31243722414882817 tipo=ompt_thread_worker     last_cpu=251 numa=1 mig=0 fallos=0 perf=full ipc=0.267 ratio_rm=0.1583
[OMPT] tid=185967 ompt_id=31806672368304129 tipo=ompt_thread_worker     last_cpu=204 numa=1 mig=0 fallos=0 perf=full ipc=0.357 ratio_rm=0.1509
[OMPT] tid=185980 ompt_id=35465847065542657 tipo=ompt_thread_worker     last_cpu=134 numa=0 mig=0 fallos=0 perf=full ipc=0.383 ratio_rm=0.1335
[OMPT] tid=185948 ompt_id=26458647810801665 tipo=ompt_thread_worker     last_cpu=  7 numa=0 mig=0 fallos=0 perf=full ipc=0.381 ratio_rm=0.1441
[OMPT] tid=185954 ompt_id=28147497671065601 tipo=ompt_thread_worker     last_cpu= 43 numa=0 mig=0 fallos=0 perf=full ipc=0.437 ratio_rm=0.1149
[OMPT] tid=185982 ompt_id=36028797018963969 tipo=ompt_thread_worker     last_cpu=  2 numa=0 mig=0 fallos=0 perf=full ipc=0.388 ratio_rm=0.1381
[OMPT] tid=185920 ompt_id=18577348462903297 tipo=ompt_thread_worker     last_cpu= 32 numa=0 mig=0 fallos=0 perf=full ipc=0.491 ratio_rm=0.0848
[OMPT] tid=185940 ompt_id=24206847997116417 tipo=ompt_thread_worker     last_cpu= 66 numa=1 mig=0 fallos=0 perf=full ipc=0.351 ratio_rm=0.1458
[OMPT] tid=185971 ompt_id=32932572275146753 tipo=ompt_thread_worker     last_cpu=245 numa=1 mig=0 fallos=0 perf=full ipc=0.307 ratio_rm=0.1513
[OMPT] tid=185945 ompt_id=25614222880669697 tipo=ompt_thread_worker     last_cpu=106 numa=1 mig=0 fallos=0 perf=full ipc=0.244 ratio_rm=0.1678
[OMPT] tid=185921 ompt_id=18858823439613953 tipo=ompt_thread_worker     last_cpu=247 numa=1 mig=0 fallos=0 perf=full ipc=0.270 ratio_rm=0.1627
[OMPT] tid=185961 ompt_id=30117822508040193 tipo=ompt_thread_worker     last_cpu= 50 numa=0 mig=1 fallos=0 perf=full ipc=0.301 ratio_rm=0.1504
[OMPT] tid=185937 ompt_id=23080948090273793 tipo=ompt_thread_worker     last_cpu=230 numa=1 mig=0 fallos=0 perf=full ipc=0.375 ratio_rm=0.1492
[OMPT] tid=185947 ompt_id=26177172834091009 tipo=ompt_thread_worker     last_cpu=237 numa=1 mig=0 fallos=0 perf=full ipc=0.331 ratio_rm=0.1568
[OMPT] tid=185918 ompt_id=18014398509481985 tipo=ompt_thread_worker     last_cpu=199 numa=1 mig=0 fallos=0 perf=full ipc=0.355 ratio_rm=0.1484
[OMPT] tid=185955 ompt_id=28428972647776257 tipo=ompt_thread_worker     last_cpu= 69 numa=1 mig=0 fallos=0 perf=full ipc=0.357 ratio_rm=0.1447
[OMPT] tid=185939 ompt_id=23925373020405761 tipo=ompt_thread_worker     last_cpu=198 numa=1 mig=0 fallos=0 perf=full ipc=0.354 ratio_rm=0.1575
[OMPT] tid=185969 ompt_id=32369622321725441 tipo=ompt_thread_worker     last_cpu=228 numa=1 mig=0 fallos=0 perf=full ipc=0.364 ratio_rm=0.1273
[OMPT] tid=185925 ompt_id=19703248369745921 tipo=ompt_thread_worker     last_cpu= 74 numa=1 mig=0 fallos=0 perf=full ipc=0.360 ratio_rm=0.1231
[OMPT] tid=185951 ompt_id=27303072740933633 tipo=ompt_thread_worker     last_cpu=205 numa=1 mig=0 fallos=0 perf=full ipc=0.373 ratio_rm=0.1539
[OMPT] tid=185966 ompt_id=31525197391593473 tipo=ompt_thread_worker     last_cpu=188 numa=0 mig=0 fallos=0 perf=full ipc=0.527 ratio_rm=0.0907
[OMPT] tid=185922 ompt_id=19140298416324609 tipo=ompt_thread_worker     last_cpu=191 numa=0 mig=0 fallos=0 perf=full ipc=0.535 ratio_rm=0.0865
[OMPT] tid=185977 ompt_id=34621422135410689 tipo=ompt_thread_worker     last_cpu=212 numa=1 mig=0 fallos=0 perf=full ipc=0.361 ratio_rm=0.1478
[OMPT] tid=185923 ompt_id=19421773393035265 tipo=ompt_thread_worker     last_cpu=215 numa=1 mig=0 fallos=0 perf=full ipc=0.370 ratio_rm=0.1405
[OMPT] tid=185968 ompt_id=32088147345014785 tipo=ompt_thread_worker     last_cpu=172 numa=0 mig=0 fallos=0 perf=full ipc=0.454 ratio_rm=0.1129
[OMPT] tid=185926 ompt_id=20547673299877889 tipo=ompt_thread_worker     last_cpu=151 numa=0 mig=0 fallos=0 perf=full ipc=0.493 ratio_rm=0.1080
[OMPT] tid=185978 ompt_id=34902897112121345 tipo=ompt_thread_worker     last_cpu=148 numa=0 mig=0 fallos=0 perf=full ipc=0.486 ratio_rm=0.1005
[OMPT] tid=185933 ompt_id=22236523160141825 tipo=ompt_thread_worker     last_cpu=249 numa=1 mig=0 fallos=0 perf=full ipc=0.277 ratio_rm=0.1524
[OMPT] tid=185934 ompt_id=22517998136852481 tipo=ompt_thread_worker     last_cpu= 41 numa=0 mig=0 fallos=0 perf=full ipc=0.451 ratio_rm=0.1063
[OMPT] tid=185970 ompt_id=32651097298436097 tipo=ompt_thread_worker     last_cpu=180 numa=0 mig=0 fallos=0 perf=full ipc=0.524 ratio_rm=0.0945
[OMPT] tid=185944 ompt_id=25332747903959041 tipo=ompt_thread_worker     last_cpu=182 numa=0 mig=0 fallos=0 perf=full ipc=0.532 ratio_rm=0.0797
[OMPT] tid=185932 ompt_id=21955048183431169 tipo=ompt_thread_worker     last_cpu=183 numa=0 mig=0 fallos=0 perf=full ipc=0.532 ratio_rm=0.1032
[OMPT] tid=185960 ompt_id=29836347531329537 tipo=ompt_thread_worker     last_cpu=181 numa=0 mig=0 fallos=0 perf=full ipc=0.527 ratio_rm=0.1052
[OMPT] tid=185963 ompt_id=30680772461461505 tipo=ompt_thread_worker     last_cpu=236 numa=1 mig=0 fallos=0 perf=full ipc=0.329 ratio_rm=0.1365
[OMPT] tid=185936 ompt_id=23362423066984449 tipo=ompt_thread_worker     last_cpu=150 numa=0 mig=0 fallos=0 perf=full ipc=0.482 ratio_rm=0.1031
[OMPT] tid=185964 ompt_id=30962247438172161 tipo=ompt_thread_worker     last_cpu=149 numa=0 mig=0 fallos=0 perf=full ipc=0.486 ratio_rm=0.0935
[OMPT] tid=185949 ompt_id=26740122787512321 tipo=ompt_thread_worker     last_cpu=250 numa=1 mig=0 fallos=0 perf=full ipc=0.263 ratio_rm=0.1641
[OMPT] tid=185975 ompt_id=34058472181989377 tipo=ompt_thread_worker     last_cpu=220 numa=1 mig=0 fallos=0 perf=full ipc=0.280 ratio_rm=0.1637
[OMPT] tid=185919 ompt_id=18295873486192641 tipo=ompt_thread_worker     last_cpu=223 numa=1 mig=0 fallos=0 perf=full ipc=0.313 ratio_rm=0.1561
[OMPT] tid=185981 ompt_id=35747322042253313 tipo=ompt_thread_worker     last_cpu=252 numa=1 mig=0 fallos=0 perf=full ipc=0.265 ratio_rm=0.1658
[OMPT] tid=185973 ompt_id=33495522228568065 tipo=ompt_thread_worker     last_cpu=196 numa=1 mig=0 fallos=0 perf=full ipc=0.336 ratio_rm=0.1559
[OMPT] ===== Overhead intrínseco =====
  monitor: 40 ticks, 195934.8 us total (max 9030.1 us/tick)
  callbacks implicit_task: 19841, 24535295.8 us total
  migraciones: 2 (1841.7 us total)
  resyncs=0  lecturas escaladas por multiplexado=0
  hilos con perf fallido=0  parcial(ipc_only)=0
  ventanas con ciclos=4094  con fills=4094
