[OMPT] ompt_initialize (OPCIÓN C: integrador con fugas)  verbose=0  migracion=activa
[HWLOC] Nodos NUMA detectados: 2 (usados: 2)
[HWLOC] Nodo 0: 128 CPUs
[HWLOC] Nodo 1: 128 CPUs
[OMPT] callback 'ompt_callback_thread_begin' registrado (result=5)
[OMPT] callback 'ompt_callback_thread_end' registrado (result=5)
[OMPT] callback 'ompt_callback_parallel_begin' registrado (result=5)
[OMPT] callback 'ompt_callback_parallel_end' registrado (result=5)
[OMPT] callback 'ompt_callback_implicit_task' registrado (result=5)
[OMPT] callback 'ompt_callback_control_tool' registrado (result=5)
[OMPT] Callbacks registrados
[OMPT] Sistema: 0 procesadores lógicos
[OMPT][MON] Monitor (C: integrador con fugas)  período=100ms  warmup=5  T=ref+1.00*MAD  leak=0.50*MAD  cap=8.00*MAD  max_mig=1  migracion=activa
[OMPT] control_tool: INICIANDO medicion
[OMPT] control_tool: PAUSANDO medicion
[OMPT] ompt_finalize
[OMPT][MON] Monitor detenido tras 46 ventanas
[OMPT] CSV de ventanas: 1180 filas volcadas (0 descartadas)
[OMPT] ===== Tabla final: 32 hilos =====
[OMPT] tid=183419 ompt_id=281474976710657 tipo=ompt_thread_initial    last_cpu=255 numa=1 mig=0 fallos=0 perf=full ipc=0.775 ratio_rm=0.0747
[OMPT] tid=183422 ompt_id=562949953421313 tipo=ompt_thread_worker     last_cpu= 32 numa=0 mig=0 fallos=0 perf=full ipc=1.268 ratio_rm=0.0977
[OMPT] tid=183421 ompt_id=844424930131969 tipo=ompt_thread_worker     last_cpu= 96 numa=1 mig=0 fallos=0 perf=full ipc=0.896 ratio_rm=0.0846
[OMPT] tid=183423 ompt_id=1125899906842625 tipo=ompt_thread_worker     last_cpu= 82 numa=1 mig=0 fallos=0 perf=full ipc=0.831 ratio_rm=0.0793
[OMPT] tid=183424 ompt_id=1407374883553281 tipo=ompt_thread_worker     last_cpu=  6 numa=0 mig=1 fallos=0 perf=full ipc=1.066 ratio_rm=0.1255
[OMPT] tid=183425 ompt_id=1688849860263937 tipo=ompt_thread_worker     last_cpu= 89 numa=1 mig=0 fallos=0 perf=full ipc=0.841 ratio_rm=0.0730
[OMPT] tid=183426 ompt_id=1970324836974593 tipo=ompt_thread_worker     last_cpu=250 numa=1 mig=0 fallos=0 perf=full ipc=0.775 ratio_rm=0.0854
[OMPT] tid=183428 ompt_id=2533274790395905 tipo=ompt_thread_worker     last_cpu= 48 numa=0 mig=0 fallos=0 perf=full ipc=1.185 ratio_rm=0.1006
[OMPT] tid=183427 ompt_id=2251799813685249 tipo=ompt_thread_worker     last_cpu=126 numa=1 mig=0 fallos=0 perf=full ipc=0.780 ratio_rm=0.0826
[OMPT] tid=183429 ompt_id=2814749767106561 tipo=ompt_thread_worker     last_cpu= 24 numa=0 mig=0 fallos=0 perf=full ipc=1.262 ratio_rm=0.0973
[OMPT] tid=183430 ompt_id=3096224743817217 tipo=ompt_thread_worker     last_cpu=192 numa=1 mig=0 fallos=0 perf=full ipc=0.850 ratio_rm=0.0834
[OMPT] tid=183432 ompt_id=3659174697238529 tipo=ompt_thread_worker     last_cpu=191 numa=0 mig=0 fallos=0 perf=full ipc=1.260 ratio_rm=0.0960
[OMPT] tid=183431 ompt_id=3377699720527873 tipo=ompt_thread_worker     last_cpu=199 numa=1 mig=0 fallos=0 perf=full ipc=0.936 ratio_rm=0.0853
[OMPT] tid=183433 ompt_id=3940649673949185 tipo=ompt_thread_worker     last_cpu= 40 numa=0 mig=1 fallos=0 perf=full ipc=1.180 ratio_rm=0.1074
[OMPT] tid=183434 ompt_id=4222124650659841 tipo=ompt_thread_worker     last_cpu= 16 numa=0 mig=0 fallos=0 perf=full ipc=1.256 ratio_rm=0.0976
[OMPT] tid=183435 ompt_id=4503599627370497 tipo=ompt_thread_worker     last_cpu=215 numa=1 mig=0 fallos=0 perf=full ipc=0.847 ratio_rm=0.0685
[OMPT] tid=183436 ompt_id=4785074604081153 tipo=ompt_thread_worker     last_cpu=128 numa=0 mig=1 fallos=0 perf=full ipc=0.893 ratio_rm=0.0960
[OMPT] tid=183437 ompt_id=5066549580791809 tipo=ompt_thread_worker     last_cpu= 73 numa=1 mig=0 fallos=0 perf=full ipc=0.926 ratio_rm=0.0834
[OMPT] tid=183438 ompt_id=5348024557502465 tipo=ompt_thread_worker     last_cpu= 74 numa=1 mig=0 fallos=0 perf=full ipc=0.797 ratio_rm=0.0785
[OMPT] tid=183439 ompt_id=5629499534213121 tipo=ompt_thread_worker     last_cpu=  9 numa=0 mig=0 fallos=0 perf=full ipc=1.074 ratio_rm=0.0876
[OMPT] tid=183440 ompt_id=5910974510923777 tipo=ompt_thread_worker     last_cpu=106 numa=1 mig=0 fallos=0 perf=full ipc=0.829 ratio_rm=0.0653
[OMPT] tid=183441 ompt_id=6192449487634433 tipo=ompt_thread_worker     last_cpu= 88 numa=1 mig=0 fallos=0 perf=full ipc=0.895 ratio_rm=0.0788
[OMPT] tid=183442 ompt_id=6473924464345089 tipo=ompt_thread_worker     last_cpu= 81 numa=1 mig=0 fallos=0 perf=full ipc=0.851 ratio_rm=0.0641
[OMPT] tid=183443 ompt_id=6755399441055745 tipo=ompt_thread_worker     last_cpu=105 numa=1 mig=0 fallos=0 perf=full ipc=0.846 ratio_rm=0.0766
[OMPT] tid=183444 ompt_id=7036874417766401 tipo=ompt_thread_worker     last_cpu=247 numa=1 mig=0 fallos=0 perf=full ipc=0.816 ratio_rm=0.0675
[OMPT] tid=183445 ompt_id=7318349394477057 tipo=ompt_thread_worker     last_cpu= 68 numa=1 mig=1 fallos=0 perf=full ipc=0.893 ratio_rm=0.0892
[OMPT] tid=183446 ompt_id=7599824371187713 tipo=ompt_thread_worker     last_cpu=113 numa=1 mig=0 fallos=0 perf=full ipc=0.816 ratio_rm=0.0685
[OMPT] tid=183447 ompt_id=7881299347898369 tipo=ompt_thread_worker     last_cpu=239 numa=1 mig=0 fallos=0 perf=full ipc=0.845 ratio_rm=0.0726
[OMPT] tid=183448 ompt_id=8162774324609025 tipo=ompt_thread_worker     last_cpu=231 numa=1 mig=0 fallos=0 perf=full ipc=0.917 ratio_rm=0.0825
[OMPT] tid=183449 ompt_id=8444249301319681 tipo=ompt_thread_worker     last_cpu=114 numa=1 mig=0 fallos=0 perf=full ipc=0.818 ratio_rm=0.0717
[OMPT] tid=183450 ompt_id=8725724278030337 tipo=ompt_thread_worker     last_cpu= 97 numa=1 mig=0 fallos=0 perf=full ipc=0.850 ratio_rm=0.0706
[OMPT] tid=183451 ompt_id=9007199254740993 tipo=ompt_thread_worker     last_cpu=223 numa=1 mig=0 fallos=0 perf=full ipc=0.894 ratio_rm=0.0749
[OMPT] ===== Overhead intrínseco =====
  monitor: 46 ticks, 31756.3 us total (max 1054.1 us/tick)
  callbacks implicit_task: 4961, 921155.4 us total
  migraciones: 4 (1459.6 us total)
  resyncs=0  lecturas escaladas por multiplexado=0
  hilos con perf fallido=0  parcial(ipc_only)=0
  ventanas con ciclos=1180  con fills=1180
