[OMPT] ompt_initialize (OPCIÓN C: integrador con fugas)  verbose=0  migracion=activa
[HWLOC] Nodos NUMA detectados: 2 (usados: 2)
[HWLOC] Nodo 0: 128 CPUs
[HWLOC] Nodo 1: 128 CPUs
[OMPT] callback 'ompt_callback_thread_begin' registrado (result=5)
[OMPT] callback 'ompt_callback_thread_end' registrado (result=5)
[OMPT] callback 'ompt_callback_parallel_begin' registrado (result=5)
[OMPT] callback 'ompt_callback_parallel_end' registrado (result=5)
[OMPT] callback 'ompt_callback_implicit_task' registrado (result=5)
[OMPT] callback 'ompt_callback_control_tool' registrado (result=5)
[OMPT] Callbacks registrados
[OMPT] Sistema: 0 procesadores lógicos
[OMPT][MON] Monitor (C: integrador con fugas)  período=100ms  warmup=5  T=ref+1.00*MAD  leak=0.50*MAD  cap=8.00*MAD  max_mig=1  migracion=activa
[OMPT] control_tool: INICIANDO medicion
[OMPT] control_tool: PAUSANDO medicion
[OMPT] ompt_finalize
[OMPT][MON] Monitor detenido tras 50 ventanas
[OMPT] CSV de ventanas: 2621 filas volcadas (0 descartadas)
[OMPT] ===== Tabla final: 64 hilos =====
[OMPT] tid=184294 ompt_id=281474976710657 tipo=ompt_thread_initial    last_cpu=255 numa=1 mig=0 fallos=0 perf=full ipc=0.349 ratio_rm=0.1311
[OMPT] tid=184296 ompt_id=562949953421313 tipo=ompt_thread_worker     last_cpu= 83 numa=1 mig=0 fallos=0 perf=full ipc=0.468 ratio_rm=0.0974
[OMPT] tid=184298 ompt_id=844424930131969 tipo=ompt_thread_worker     last_cpu= 73 numa=1 mig=0 fallos=0 perf=full ipc=0.597 ratio_rm=0.0747
[OMPT] tid=184297 ompt_id=1125899906842625 tipo=ompt_thread_worker     last_cpu= 66 numa=1 mig=0 fallos=0 perf=full ipc=0.563 ratio_rm=0.0738
[OMPT] tid=184299 ompt_id=1407374883553281 tipo=ompt_thread_worker     last_cpu=  8 numa=0 mig=0 fallos=0 perf=full ipc=0.968 ratio_rm=0.1093
[OMPT] tid=184301 ompt_id=1688849860263937 tipo=ompt_thread_worker     last_cpu=105 numa=1 mig=0 fallos=0 perf=full ipc=0.409 ratio_rm=0.0906
[OMPT] tid=184300 ompt_id=1970324836974593 tipo=ompt_thread_worker     last_cpu= 97 numa=1 mig=0 fallos=0 perf=full ipc=0.436 ratio_rm=0.1095
[OMPT] tid=184302 ompt_id=2251799813685249 tipo=ompt_thread_worker     last_cpu= 16 numa=0 mig=0 fallos=0 perf=full ipc=0.965 ratio_rm=0.1122
[OMPT] tid=184303 ompt_id=2533274790395905 tipo=ompt_thread_worker     last_cpu=247 numa=1 mig=0 fallos=0 perf=full ipc=0.448 ratio_rm=0.1188
[OMPT] tid=184304 ompt_id=2814749767106561 tipo=ompt_thread_worker     last_cpu=114 numa=1 mig=0 fallos=0 perf=full ipc=0.451 ratio_rm=0.1072
[OMPT] tid=184306 ompt_id=3377699720527873 tipo=ompt_thread_worker     last_cpu= 74 numa=1 mig=0 fallos=0 perf=full ipc=0.538 ratio_rm=0.1066
[OMPT] tid=184305 ompt_id=3096224743817217 tipo=ompt_thread_worker     last_cpu= 56 numa=0 mig=0 fallos=0 perf=full ipc=1.013 ratio_rm=0.0726
[OMPT] tid=184307 ompt_id=3659174697238529 tipo=ompt_thread_worker     last_cpu=215 numa=1 mig=0 fallos=0 perf=full ipc=0.554 ratio_rm=0.0891
[OMPT] tid=184308 ompt_id=3940649673949185 tipo=ompt_thread_worker     last_cpu= 64 numa=1 mig=0 fallos=0 perf=full ipc=0.554 ratio_rm=0.0891
[OMPT] tid=184309 ompt_id=4222124650659841 tipo=ompt_thread_worker     last_cpu=  9 numa=0 mig=1 fallos=0 perf=full ipc=0.797 ratio_rm=0.1257
[OMPT] tid=184310 ompt_id=4503599627370497 tipo=ompt_thread_worker     last_cpu=  5 numa=0 mig=1 fallos=0 perf=full ipc=0.772 ratio_rm=0.1132
[OMPT] tid=184311 ompt_id=4785074604081153 tipo=ompt_thread_worker     last_cpu=239 numa=1 mig=0 fallos=0 perf=full ipc=0.412 ratio_rm=0.1277
[OMPT] tid=184312 ompt_id=5066549580791809 tipo=ompt_thread_worker     last_cpu=108 numa=1 mig=0 fallos=0 perf=full ipc=0.412 ratio_rm=0.1222
[OMPT] tid=184313 ompt_id=5348024557502465 tipo=ompt_thread_worker     last_cpu= 89 numa=1 mig=0 fallos=0 perf=full ipc=0.450 ratio_rm=0.1189
[OMPT] tid=184314 ompt_id=5629499534213121 tipo=ompt_thread_worker     last_cpu=106 numa=1 mig=0 fallos=0 perf=full ipc=0.411 ratio_rm=0.1218
[OMPT] tid=184315 ompt_id=5910974510923777 tipo=ompt_thread_worker     last_cpu= 24 numa=0 mig=0 fallos=0 perf=full ipc=1.005 ratio_rm=0.0804
[OMPT] tid=184316 ompt_id=6192449487634433 tipo=ompt_thread_worker     last_cpu= 48 numa=0 mig=0 fallos=0 perf=full ipc=1.005 ratio_rm=0.0740
[OMPT] tid=184317 ompt_id=6473924464345089 tipo=ompt_thread_worker     last_cpu= 40 numa=0 mig=0 fallos=0 perf=full ipc=0.981 ratio_rm=0.0939
[OMPT] tid=184318 ompt_id=6755399441055745 tipo=ompt_thread_worker     last_cpu= 32 numa=0 mig=0 fallos=0 perf=full ipc=0.981 ratio_rm=0.0905
[OMPT] tid=184319 ompt_id=7036874417766401 tipo=ompt_thread_worker     last_cpu= 85 numa=1 mig=0 fallos=0 perf=full ipc=0.434 ratio_rm=0.1083
[OMPT] tid=184320 ompt_id=7318349394477057 tipo=ompt_thread_worker     last_cpu=118 numa=1 mig=0 fallos=0 perf=full ipc=0.453 ratio_rm=0.1130
[OMPT] tid=184321 ompt_id=7599824371187713 tipo=ompt_thread_worker     last_cpu=117 numa=1 mig=0 fallos=0 perf=full ipc=0.456 ratio_rm=0.0955
[OMPT] tid=184322 ompt_id=7881299347898369 tipo=ompt_thread_worker     last_cpu=116 numa=1 mig=0 fallos=0 perf=full ipc=0.454 ratio_rm=0.1071
[OMPT] tid=184323 ompt_id=8162774324609025 tipo=ompt_thread_worker     last_cpu= 75 numa=1 mig=0 fallos=0 perf=full ipc=0.492 ratio_rm=0.1096
[OMPT] tid=184324 ompt_id=8444249301319681 tipo=ompt_thread_worker     last_cpu=110 numa=1 mig=0 fallos=0 perf=full ipc=0.412 ratio_rm=0.1242
[OMPT] tid=184325 ompt_id=8725724278030337 tipo=ompt_thread_worker     last_cpu=109 numa=1 mig=0 fallos=0 perf=full ipc=0.414 ratio_rm=0.1160
[OMPT] tid=184326 ompt_id=9007199254740993 tipo=ompt_thread_worker     last_cpu=235 numa=1 mig=0 fallos=0 perf=full ipc=0.399 ratio_rm=0.1268
[OMPT] tid=184327 ompt_id=9288674231451649 tipo=ompt_thread_worker     last_cpu=223 numa=1 mig=0 fallos=0 perf=full ipc=0.453 ratio_rm=0.1131
[OMPT] tid=184328 ompt_id=9570149208162305 tipo=ompt_thread_worker     last_cpu= 41 numa=0 mig=1 fallos=0 perf=full ipc=0.778 ratio_rm=0.1230
[OMPT] tid=184329 ompt_id=9851624184872961 tipo=ompt_thread_worker     last_cpu= 17 numa=0 mig=0 fallos=0 perf=full ipc=0.903 ratio_rm=0.1070
[OMPT] tid=184330 ompt_id=10133099161583617 tipo=ompt_thread_worker     last_cpu= 81 numa=1 mig=0 fallos=0 perf=full ipc=0.553 ratio_rm=0.0964
[OMPT] tid=184331 ompt_id=10414574138294273 tipo=ompt_thread_worker     last_cpu= 94 numa=1 mig=0 fallos=0 perf=full ipc=0.405 ratio_rm=0.1014
[OMPT] tid=184332 ompt_id=10696049115004929 tipo=ompt_thread_worker     last_cpu=102 numa=1 mig=0 fallos=0 perf=full ipc=0.440 ratio_rm=0.1292
[OMPT] tid=184333 ompt_id=10977524091715585 tipo=ompt_thread_worker     last_cpu=101 numa=1 mig=0 fallos=0 perf=full ipc=0.441 ratio_rm=0.0986
[OMPT] tid=184334 ompt_id=11258999068426241 tipo=ompt_thread_worker     last_cpu=100 numa=1 mig=0 fallos=0 perf=full ipc=0.438 ratio_rm=0.1316
[OMPT] tid=184335 ompt_id=11540474045136897 tipo=ompt_thread_worker     last_cpu= 33 numa=0 mig=0 fallos=0 perf=full ipc=0.739 ratio_rm=0.1013
[OMPT] tid=184336 ompt_id=11821949021847553 tipo=ompt_thread_worker     last_cpu= 92 numa=1 mig=0 fallos=0 perf=full ipc=0.449 ratio_rm=0.1244
[OMPT] tid=184337 ompt_id=12103423998558209 tipo=ompt_thread_worker     last_cpu= 91 numa=1 mig=0 fallos=0 perf=full ipc=0.452 ratio_rm=0.1158
[OMPT] tid=184338 ompt_id=12384898975268865 tipo=ompt_thread_worker     last_cpu= 90 numa=1 mig=0 fallos=0 perf=full ipc=0.450 ratio_rm=0.1051
[OMPT] tid=184339 ompt_id=12666373951979521 tipo=ompt_thread_worker     last_cpu=231 numa=1 mig=0 fallos=0 perf=full ipc=0.438 ratio_rm=0.1047
[OMPT] tid=184340 ompt_id=12947848928690177 tipo=ompt_thread_worker     last_cpu=115 numa=1 mig=0 fallos=0 perf=full ipc=0.453 ratio_rm=0.1180
[OMPT] tid=184341 ompt_id=13229323905400833 tipo=ompt_thread_worker     last_cpu= 99 numa=1 mig=0 fallos=0 perf=full ipc=0.438 ratio_rm=0.1182
[OMPT] tid=184342 ompt_id=13510798882111489 tipo=ompt_thread_worker     last_cpu=128 numa=0 mig=0 fallos=0 perf=full ipc=0.545 ratio_rm=0.1205
[OMPT] tid=184343 ompt_id=13792273858822145 tipo=ompt_thread_worker     last_cpu= 82 numa=1 mig=0 fallos=0 perf=full ipc=0.554 ratio_rm=0.1099
[OMPT] tid=184344 ompt_id=14073748835532801 tipo=ompt_thread_worker     last_cpu= 84 numa=1 mig=0 fallos=0 perf=full ipc=0.420 ratio_rm=0.1251
[OMPT] tid=184345 ompt_id=14355223812243457 tipo=ompt_thread_worker     last_cpu=249 numa=1 mig=0 fallos=0 perf=full ipc=0.363 ratio_rm=0.1355
[OMPT] tid=184346 ompt_id=14636698788954113 tipo=ompt_thread_worker     last_cpu= 67 numa=1 mig=0 fallos=0 perf=full ipc=0.505 ratio_rm=0.0890
[OMPT] tid=184347 ompt_id=14918173765664769 tipo=ompt_thread_worker     last_cpu= 68 numa=1 mig=0 fallos=0 perf=full ipc=0.422 ratio_rm=0.0978
[OMPT] tid=184348 ompt_id=15199648742375425 tipo=ompt_thread_worker     last_cpu=254 numa=1 mig=0 fallos=0 perf=full ipc=0.352 ratio_rm=0.1236
[OMPT] tid=184349 ompt_id=15481123719086081 tipo=ompt_thread_worker     last_cpu=253 numa=1 mig=0 fallos=0 perf=full ipc=0.356 ratio_rm=0.1350
[OMPT] tid=184350 ompt_id=15762598695796737 tipo=ompt_thread_worker     last_cpu=251 numa=1 mig=0 fallos=0 perf=full ipc=0.357 ratio_rm=0.1204
[OMPT] tid=184351 ompt_id=16044073672507393 tipo=ompt_thread_worker     last_cpu= 93 numa=1 mig=0 fallos=0 perf=full ipc=0.402 ratio_rm=0.1324
[OMPT] tid=184352 ompt_id=16325548649218049 tipo=ompt_thread_worker     last_cpu=252 numa=1 mig=0 fallos=0 perf=full ipc=0.353 ratio_rm=0.1344
[OMPT] tid=184353 ompt_id=16607023625928705 tipo=ompt_thread_worker     last_cpu=250 numa=1 mig=0 fallos=0 perf=full ipc=0.363 ratio_rm=0.1233
[OMPT] tid=184354 ompt_id=16888498602639361 tipo=ompt_thread_worker     last_cpu= 76 numa=1 mig=0 fallos=0 perf=full ipc=0.423 ratio_rm=0.1133
[OMPT] tid=184355 ompt_id=17169973579350017 tipo=ompt_thread_worker     last_cpu=199 numa=1 mig=0 fallos=0 perf=full ipc=0.609 ratio_rm=0.0808
[OMPT] tid=184356 ompt_id=17451448556060673 tipo=ompt_thread_worker     last_cpu= 72 numa=1 mig=0 fallos=0 perf=full ipc=0.619 ratio_rm=0.0840
[OMPT] tid=184357 ompt_id=17732923532771329 tipo=ompt_thread_worker     last_cpu= 65 numa=1 mig=0 fallos=0 perf=full ipc=0.605 ratio_rm=0.0801
[OMPT] tid=184358 ompt_id=18014398509481985 tipo=ompt_thread_worker     last_cpu=207 numa=1 mig=0 fallos=0 perf=full ipc=0.622 ratio_rm=0.0950
[OMPT] ===== Overhead intrínseco =====
  monitor: 50 ticks, 78873.4 us total (max 3025.0 us/tick)
  callbacks implicit_task: 9921, 6948201.4 us total
  migraciones: 3 (1728.7 us total)
  resyncs=0  lecturas escaladas por multiplexado=0
  hilos con perf fallido=0  parcial(ipc_only)=0
  ventanas con ciclos=2621  con fills=2621
