[OMPT] ompt_initialize (OPCIÓN C: integrador con fugas)  verbose=0  migracion=DESACTIVADA
[HWLOC] Nodos NUMA detectados: 2 (usados: 2)
[HWLOC] Nodo 0: 128 CPUs
[HWLOC] Nodo 1: 128 CPUs
[OMPT] callback 'ompt_callback_thread_begin' registrado (result=5)
[OMPT] callback 'ompt_callback_thread_end' registrado (result=5)
[OMPT] callback 'ompt_callback_parallel_begin' registrado (result=5)
[OMPT] callback 'ompt_callback_parallel_end' registrado (result=5)
[OMPT] callback 'ompt_callback_implicit_task' registrado (result=5)
[OMPT] callback 'ompt_callback_control_tool' registrado (result=5)
[OMPT] Callbacks registrados
[OMPT] Sistema: 0 procesadores lógicos
[OMPT][MON] Monitor (C: integrador con fugas)  período=100ms  warmup=5  T=ref+1.00*MAD  leak=0.50*MAD  cap=8.00*MAD  max_mig=1  migracion=DESACTIVADA
[OMPT] control_tool: INICIANDO medicion
[OMPT] control_tool: PAUSANDO medicion
[OMPT] ompt_finalize
[OMPT][MON] Monitor detenido tras 39 ventanas
[OMPT] CSV de ventanas: 3968 filas volcadas (0 descartadas)
[OMPT] ===== Tabla final: 128 hilos =====
[OMPT] tid=185291 ompt_id=281474976710657 tipo=ompt_thread_initial    last_cpu=255 numa=1 mig=0 fallos=0 perf=full ipc=0.272 ratio_rm=0.1630
[OMPT] tid=185293 ompt_id=562949953421313 tipo=ompt_thread_worker     last_cpu=254 numa=1 mig=0 fallos=0 perf=full ipc=0.282 ratio_rm=0.1598
[OMPT] tid=185294 ompt_id=844424930131969 tipo=ompt_thread_worker     last_cpu= 21 numa=0 mig=0 fallos=0 perf=full ipc=0.354 ratio_rm=0.1320
[OMPT] tid=185296 ompt_id=1125899906842625 tipo=ompt_thread_worker     last_cpu=134 numa=0 mig=0 fallos=0 perf=full ipc=0.353 ratio_rm=0.1159
[OMPT] tid=185295 ompt_id=1407374883553281 tipo=ompt_thread_worker     last_cpu=114 numa=1 mig=0 fallos=0 perf=full ipc=0.393 ratio_rm=0.1170
[OMPT] tid=185298 ompt_id=1688849860263937 tipo=ompt_thread_worker     last_cpu= 43 numa=0 mig=0 fallos=0 perf=full ipc=0.472 ratio_rm=0.0809
[OMPT] tid=185297 ompt_id=1970324836974593 tipo=ompt_thread_worker     last_cpu=108 numa=1 mig=0 fallos=0 perf=full ipc=0.293 ratio_rm=0.1500
[OMPT] tid=185300 ompt_id=2251799813685249 tipo=ompt_thread_worker     last_cpu= 13 numa=0 mig=0 fallos=0 perf=full ipc=0.349 ratio_rm=0.1451
[OMPT] tid=185299 ompt_id=2533274790395905 tipo=ompt_thread_worker     last_cpu= 36 numa=0 mig=0 fallos=0 perf=full ipc=0.384 ratio_rm=0.1214
[OMPT] tid=185302 ompt_id=2814749767106561 tipo=ompt_thread_worker     last_cpu= 45 numa=0 mig=0 fallos=0 perf=full ipc=0.469 ratio_rm=0.0994
[OMPT] tid=185301 ompt_id=3096224743817217 tipo=ompt_thread_worker     last_cpu= 83 numa=1 mig=0 fallos=0 perf=full ipc=0.304 ratio_rm=0.1538
[OMPT] tid=185303 ompt_id=3377699720527873 tipo=ompt_thread_worker     last_cpu=243 numa=1 mig=0 fallos=0 perf=full ipc=0.424 ratio_rm=0.1192
[OMPT] tid=185304 ompt_id=3659174697238529 tipo=ompt_thread_worker     last_cpu= 11 numa=0 mig=0 fallos=0 perf=full ipc=0.342 ratio_rm=0.1409
[OMPT] tid=185305 ompt_id=3940649673949185 tipo=ompt_thread_worker     last_cpu= 74 numa=1 mig=0 fallos=0 perf=full ipc=0.369 ratio_rm=0.1281
[OMPT] tid=185306 ompt_id=4222124650659841 tipo=ompt_thread_worker     last_cpu= 44 numa=0 mig=0 fallos=0 perf=full ipc=0.468 ratio_rm=0.1088
[OMPT] tid=185307 ompt_id=4503599627370497 tipo=ompt_thread_worker     last_cpu=246 numa=1 mig=0 fallos=0 perf=full ipc=0.433 ratio_rm=0.0986
[OMPT] tid=185308 ompt_id=4785074604081153 tipo=ompt_thread_worker     last_cpu=116 numa=1 mig=0 fallos=0 perf=full ipc=0.338 ratio_rm=0.1338
[OMPT] tid=185309 ompt_id=5066549580791809 tipo=ompt_thread_worker     last_cpu=237 numa=1 mig=0 fallos=0 perf=full ipc=0.313 ratio_rm=0.1518
[OMPT] tid=185310 ompt_id=5348024557502465 tipo=ompt_thread_worker     last_cpu=240 numa=1 mig=0 fallos=0 perf=full ipc=0.423 ratio_rm=0.1101
[OMPT] tid=185311 ompt_id=5629499534213121 tipo=ompt_thread_worker     last_cpu= 41 numa=0 mig=0 fallos=0 perf=full ipc=0.385 ratio_rm=0.1269
[OMPT] tid=185312 ompt_id=5910974510923777 tipo=ompt_thread_worker     last_cpu=191 numa=0 mig=0 fallos=0 perf=full ipc=0.506 ratio_rm=0.0946
[OMPT] tid=185313 ompt_id=6192449487634433 tipo=ompt_thread_worker     last_cpu= 91 numa=1 mig=0 fallos=0 perf=full ipc=0.319 ratio_rm=0.1526
[OMPT] tid=185314 ompt_id=6473924464345089 tipo=ompt_thread_worker     last_cpu= 80 numa=1 mig=0 fallos=0 perf=full ipc=0.308 ratio_rm=0.1520
[OMPT] tid=185315 ompt_id=6755399441055745 tipo=ompt_thread_worker     last_cpu=104 numa=1 mig=0 fallos=0 perf=full ipc=0.317 ratio_rm=0.1519
[OMPT] tid=185316 ompt_id=7036874417766401 tipo=ompt_thread_worker     last_cpu=248 numa=1 mig=0 fallos=0 perf=full ipc=0.282 ratio_rm=0.1506
[OMPT] tid=185317 ompt_id=7318349394477057 tipo=ompt_thread_worker     last_cpu= 69 numa=1 mig=0 fallos=0 perf=full ipc=0.360 ratio_rm=0.1273
[OMPT] tid=185318 ompt_id=7599824371187713 tipo=ompt_thread_worker     last_cpu=128 numa=0 mig=0 fallos=0 perf=full ipc=0.378 ratio_rm=0.1120
[OMPT] tid=185319 ompt_id=7881299347898369 tipo=ompt_thread_worker     last_cpu=196 numa=1 mig=0 fallos=0 perf=full ipc=0.392 ratio_rm=0.1241
[OMPT] tid=185320 ompt_id=8162774324609025 tipo=ompt_thread_worker     last_cpu= 10 numa=0 mig=0 fallos=0 perf=full ipc=0.342 ratio_rm=0.1334
[OMPT] tid=185321 ompt_id=8444249301319681 tipo=ompt_thread_worker     last_cpu= 38 numa=0 mig=0 fallos=0 perf=full ipc=0.385 ratio_rm=0.1288
[OMPT] tid=185322 ompt_id=8725724278030337 tipo=ompt_thread_worker     last_cpu=238 numa=1 mig=0 fallos=0 perf=full ipc=0.314 ratio_rm=0.1345
[OMPT] tid=185323 ompt_id=9007199254740993 tipo=ompt_thread_worker     last_cpu= 18 numa=0 mig=0 fallos=0 perf=full ipc=0.343 ratio_rm=0.1245
[OMPT] tid=185324 ompt_id=9288674231451649 tipo=ompt_thread_worker     last_cpu=  8 numa=0 mig=0 fallos=0 perf=full ipc=0.346 ratio_rm=0.1325
[OMPT] tid=185325 ompt_id=9570149208162305 tipo=ompt_thread_worker     last_cpu=135 numa=0 mig=0 fallos=0 perf=full ipc=0.356 ratio_rm=0.1349
[OMPT] tid=185326 ompt_id=9851624184872961 tipo=ompt_thread_worker     last_cpu= 84 numa=1 mig=0 fallos=0 perf=full ipc=0.264 ratio_rm=0.1632
[OMPT] tid=185327 ompt_id=10133099161583617 tipo=ompt_thread_worker     last_cpu=133 numa=0 mig=0 fallos=0 perf=full ipc=0.353 ratio_rm=0.1398
[OMPT] tid=185328 ompt_id=10414574138294273 tipo=ompt_thread_worker     last_cpu= 35 numa=0 mig=0 fallos=0 perf=full ipc=0.381 ratio_rm=0.1149
[OMPT] tid=185329 ompt_id=10696049115004929 tipo=ompt_thread_worker     last_cpu=217 numa=1 mig=0 fallos=0 perf=full ipc=0.300 ratio_rm=0.1504
[OMPT] tid=185330 ompt_id=10977524091715585 tipo=ompt_thread_worker     last_cpu=233 numa=1 mig=0 fallos=0 perf=full ipc=0.308 ratio_rm=0.1390
[OMPT] tid=185331 ompt_id=11258999068426241 tipo=ompt_thread_worker     last_cpu=113 numa=1 mig=0 fallos=0 perf=full ipc=0.414 ratio_rm=0.1224
[OMPT] tid=185332 ompt_id=11540474045136897 tipo=ompt_thread_worker     last_cpu= 34 numa=0 mig=0 fallos=0 perf=full ipc=0.353 ratio_rm=0.1165
[OMPT] tid=185333 ompt_id=11821949021847553 tipo=ompt_thread_worker     last_cpu= 60 numa=0 mig=0 fallos=0 perf=full ipc=0.363 ratio_rm=0.1221
[OMPT] tid=185334 ompt_id=12103423998558209 tipo=ompt_thread_worker     last_cpu= 40 numa=0 mig=0 fallos=0 perf=full ipc=0.415 ratio_rm=0.1233
[OMPT] tid=185335 ompt_id=12384898975268865 tipo=ompt_thread_worker     last_cpu= 29 numa=0 mig=0 fallos=0 perf=full ipc=0.386 ratio_rm=0.1254
[OMPT] tid=185336 ompt_id=12666373951979521 tipo=ompt_thread_worker     last_cpu= 75 numa=1 mig=0 fallos=0 perf=full ipc=0.327 ratio_rm=0.1225
[OMPT] tid=185337 ompt_id=12947848928690177 tipo=ompt_thread_worker     last_cpu= 89 numa=1 mig=0 fallos=0 perf=full ipc=0.283 ratio_rm=0.1427
[OMPT] tid=185338 ompt_id=13229323905400833 tipo=ompt_thread_worker     last_cpu= 67 numa=1 mig=0 fallos=0 perf=full ipc=0.401 ratio_rm=0.1276
[OMPT] tid=185339 ompt_id=13510798882111489 tipo=ompt_thread_worker     last_cpu= 88 numa=1 mig=0 fallos=0 perf=full ipc=0.308 ratio_rm=0.1560
[OMPT] tid=185340 ompt_id=13792273858822145 tipo=ompt_thread_worker     last_cpu=251 numa=1 mig=0 fallos=0 perf=full ipc=0.329 ratio_rm=0.1457
[OMPT] tid=185341 ompt_id=14073748835532801 tipo=ompt_thread_worker     last_cpu= 56 numa=0 mig=0 fallos=0 perf=full ipc=0.501 ratio_rm=0.0966
[OMPT] tid=185342 ompt_id=14355223812243457 tipo=ompt_thread_worker     last_cpu= 14 numa=0 mig=0 fallos=0 perf=full ipc=0.355 ratio_rm=0.1389
[OMPT] tid=185343 ompt_id=14636698788954113 tipo=ompt_thread_worker     last_cpu=252 numa=1 mig=0 fallos=0 perf=full ipc=0.297 ratio_rm=0.1603
[OMPT] tid=185344 ompt_id=14918173765664769 tipo=ompt_thread_worker     last_cpu= 58 numa=0 mig=0 fallos=0 perf=full ipc=0.466 ratio_rm=0.0855
[OMPT] tid=185345 ompt_id=15199648742375425 tipo=ompt_thread_worker     last_cpu=  1 numa=0 mig=0 fallos=0 perf=full ipc=0.351 ratio_rm=0.1446
[OMPT] tid=185346 ompt_id=15481123719086081 tipo=ompt_thread_worker     last_cpu= 59 numa=0 mig=0 fallos=0 perf=full ipc=0.421 ratio_rm=0.1192
[OMPT] tid=185347 ompt_id=15762598695796737 tipo=ompt_thread_worker     last_cpu= 28 numa=0 mig=0 fallos=0 perf=full ipc=0.419 ratio_rm=0.1135
[OMPT] tid=185348 ompt_id=16044073672507393 tipo=ompt_thread_worker     last_cpu= 20 numa=0 mig=0 fallos=0 perf=full ipc=0.348 ratio_rm=0.1440
[OMPT] tid=185349 ompt_id=16325548649218049 tipo=ompt_thread_worker     last_cpu=167 numa=0 mig=0 fallos=0 perf=full ipc=0.379 ratio_rm=0.1328
[OMPT] tid=185350 ompt_id=16607023625928705 tipo=ompt_thread_worker     last_cpu=253 numa=1 mig=0 fallos=0 perf=full ipc=0.280 ratio_rm=0.1591
[OMPT] tid=185351 ompt_id=16888498602639361 tipo=ompt_thread_worker     last_cpu=147 numa=0 mig=0 fallos=0 perf=full ipc=0.340 ratio_rm=0.1396
[OMPT] tid=185352 ompt_id=17169973579350017 tipo=ompt_thread_worker     last_cpu= 49 numa=0 mig=0 fallos=0 perf=full ipc=0.472 ratio_rm=0.1060
[OMPT] tid=185353 ompt_id=17451448556060673 tipo=ompt_thread_worker     last_cpu=127 numa=1 mig=0 fallos=0 perf=full ipc=0.273 ratio_rm=0.1581
[OMPT] tid=185354 ompt_id=17732923532771329 tipo=ompt_thread_worker     last_cpu=106 numa=1 mig=0 fallos=0 perf=full ipc=0.307 ratio_rm=0.1527
[OMPT] tid=185356 ompt_id=18295873486192641 tipo=ompt_thread_worker     last_cpu=239 numa=1 mig=0 fallos=0 perf=full ipc=0.329 ratio_rm=0.1588
[OMPT] tid=185396 ompt_id=29554872554618881 tipo=ompt_thread_worker     last_cpu=229 numa=1 mig=0 fallos=0 perf=full ipc=0.260 ratio_rm=0.1700
[OMPT] tid=185382 ompt_id=25614222880669697 tipo=ompt_thread_worker     last_cpu= 73 numa=1 mig=0 fallos=0 perf=full ipc=0.376 ratio_rm=0.1142
[OMPT] tid=185399 ompt_id=30399297484750849 tipo=ompt_thread_worker     last_cpu= 70 numa=1 mig=0 fallos=0 perf=full ipc=0.323 ratio_rm=0.1270
[OMPT] tid=185376 ompt_id=23925373020405761 tipo=ompt_thread_worker     last_cpu= 97 numa=1 mig=0 fallos=0 perf=full ipc=0.260 ratio_rm=0.1626
[OMPT] tid=185368 ompt_id=21673573206720513 tipo=ompt_thread_worker     last_cpu=175 numa=0 mig=0 fallos=0 perf=full ipc=0.472 ratio_rm=0.0969
[OMPT] tid=185409 ompt_id=33214047251857409 tipo=ompt_thread_worker     last_cpu= 46 numa=0 mig=0 fallos=0 perf=full ipc=0.474 ratio_rm=0.1179
[OMPT] tid=185391 ompt_id=28147497671065601 tipo=ompt_thread_worker     last_cpu=231 numa=1 mig=0 fallos=0 perf=full ipc=0.272 ratio_rm=0.1578
[OMPT] tid=185361 ompt_id=19703248369745921 tipo=ompt_thread_worker     last_cpu= 82 numa=1 mig=0 fallos=0 perf=full ipc=0.311 ratio_rm=0.1492
[OMPT] tid=185371 ompt_id=22517998136852481 tipo=ompt_thread_worker     last_cpu=190 numa=0 mig=0 fallos=0 perf=full ipc=0.500 ratio_rm=0.1073
[OMPT] tid=185407 ompt_id=32651097298436097 tipo=ompt_thread_worker     last_cpu=160 numa=0 mig=0 fallos=0 perf=full ipc=0.382 ratio_rm=0.1270
[OMPT] tid=185365 ompt_id=20829148276588545 tipo=ompt_thread_worker     last_cpu= 33 numa=0 mig=0 fallos=0 perf=full ipc=0.375 ratio_rm=0.1124
[OMPT] tid=185418 ompt_id=35747322042253313 tipo=ompt_thread_worker     last_cpu=107 numa=1 mig=0 fallos=0 perf=full ipc=0.313 ratio_rm=0.1426
[OMPT] tid=185370 ompt_id=22236523160141825 tipo=ompt_thread_worker     last_cpu=249 numa=1 mig=0 fallos=0 perf=full ipc=0.283 ratio_rm=0.1560
[OMPT] tid=185417 ompt_id=35465847065542657 tipo=ompt_thread_worker     last_cpu= 17 numa=0 mig=0 fallos=0 perf=full ipc=0.344 ratio_rm=0.1284
[OMPT] tid=185385 ompt_id=26458647810801665 tipo=ompt_thread_worker     last_cpu= 23 numa=0 mig=0 fallos=0 perf=full ipc=0.348 ratio_rm=0.1408
[OMPT] tid=185357 ompt_id=18577348462903297 tipo=ompt_thread_worker     last_cpu=150 numa=0 mig=0 fallos=0 perf=full ipc=0.353 ratio_rm=0.1276
[OMPT] tid=185401 ompt_id=30962247438172161 tipo=ompt_thread_worker     last_cpu=144 numa=0 mig=0 fallos=0 perf=full ipc=0.348 ratio_rm=0.1403
[OMPT] tid=185355 ompt_id=18014398509481985 tipo=ompt_thread_worker     last_cpu=247 numa=1 mig=0 fallos=0 perf=full ipc=0.429 ratio_rm=0.1257
[OMPT] tid=185374 ompt_id=23362423066984449 tipo=ompt_thread_worker     last_cpu= 72 numa=1 mig=0 fallos=0 perf=full ipc=0.297 ratio_rm=0.1471
[OMPT] tid=185400 ompt_id=30680772461461505 tipo=ompt_thread_worker     last_cpu=228 numa=1 mig=0 fallos=0 perf=full ipc=0.259 ratio_rm=0.1568
[OMPT] tid=185392 ompt_id=28428972647776257 tipo=ompt_thread_worker     last_cpu= 65 numa=1 mig=0 fallos=0 perf=full ipc=0.391 ratio_rm=0.1237
[OMPT] tid=185363 ompt_id=20266198323167233 tipo=ompt_thread_worker     last_cpu= 81 numa=1 mig=0 fallos=0 perf=full ipc=0.309 ratio_rm=0.1594
[OMPT] tid=185379 ompt_id=24769797950537729 tipo=ompt_thread_worker     last_cpu=102 numa=1 mig=0 fallos=0 perf=full ipc=0.256 ratio_rm=0.1613
[OMPT] tid=185397 ompt_id=29836347531329537 tipo=ompt_thread_worker     last_cpu= 37 numa=0 mig=0 fallos=0 perf=full ipc=0.390 ratio_rm=0.1243
[OMPT] tid=185408 ompt_id=32932572275146753 tipo=ompt_thread_worker     last_cpu= 90 numa=1 mig=0 fallos=0 perf=full ipc=0.302 ratio_rm=0.1466
[OMPT] tid=185403 ompt_id=31525197391593473 tipo=ompt_thread_worker     last_cpu= 96 numa=1 mig=0 fallos=0 perf=full ipc=0.262 ratio_rm=0.1659
[OMPT] tid=185389 ompt_id=27584547717644289 tipo=ompt_thread_worker     last_cpu=131 numa=0 mig=0 fallos=0 perf=full ipc=0.354 ratio_rm=0.1293
[OMPT] tid=185404 ompt_id=31806672368304129 tipo=ompt_thread_worker     last_cpu=220 numa=1 mig=0 fallos=0 perf=full ipc=0.316 ratio_rm=0.1444
[OMPT] tid=185412 ompt_id=34058472181989377 tipo=ompt_thread_worker     last_cpu=204 numa=1 mig=0 fallos=0 perf=full ipc=0.378 ratio_rm=0.1332
[OMPT] tid=185364 ompt_id=20547673299877889 tipo=ompt_thread_worker     last_cpu=143 numa=0 mig=0 fallos=0 perf=full ipc=0.336 ratio_rm=0.1358
[OMPT] tid=185388 ompt_id=27303072740933633 tipo=ompt_thread_worker     last_cpu=227 numa=1 mig=0 fallos=0 perf=full ipc=0.265 ratio_rm=0.1519
[OMPT] tid=185372 ompt_id=22799473113563137 tipo=ompt_thread_worker     last_cpu=230 numa=1 mig=0 fallos=0 perf=full ipc=0.253 ratio_rm=0.1607
[OMPT] tid=185402 ompt_id=31243722414882817 tipo=ompt_thread_worker     last_cpu=250 numa=1 mig=0 fallos=0 perf=full ipc=0.283 ratio_rm=0.1590
[OMPT] tid=185416 ompt_id=35184372088832001 tipo=ompt_thread_worker     last_cpu=236 numa=1 mig=0 fallos=0 perf=full ipc=0.304 ratio_rm=0.1500
[OMPT] tid=185386 ompt_id=26740122787512321 tipo=ompt_thread_worker     last_cpu= 27 numa=0 mig=0 fallos=0 perf=full ipc=0.465 ratio_rm=0.0911
[OMPT] tid=185405 ompt_id=32088147345014785 tipo=ompt_thread_worker     last_cpu= 57 numa=0 mig=0 fallos=0 perf=full ipc=0.501 ratio_rm=0.0904
[OMPT] tid=185387 ompt_id=27021597764222977 tipo=ompt_thread_worker     last_cpu=182 numa=0 mig=0 fallos=0 perf=full ipc=0.470 ratio_rm=0.1089
[OMPT] tid=185367 ompt_id=21392098230009857 tipo=ompt_thread_worker     last_cpu=183 numa=0 mig=0 fallos=0 perf=full ipc=0.476 ratio_rm=0.0953
[OMPT] tid=185390 ompt_id=27866022694354945 tipo=ompt_thread_worker     last_cpu=221 numa=1 mig=0 fallos=0 perf=full ipc=0.326 ratio_rm=0.1410
[OMPT] tid=185419 ompt_id=36028797018963969 tipo=ompt_thread_worker     last_cpu=132 numa=0 mig=0 fallos=0 perf=full ipc=0.354 ratio_rm=0.1348
[OMPT] tid=185414 ompt_id=34621422135410689 tipo=ompt_thread_worker     last_cpu= 66 numa=1 mig=0 fallos=0 perf=full ipc=0.392 ratio_rm=0.1189
[OMPT] tid=185358 ompt_id=18858823439613953 tipo=ompt_thread_worker     last_cpu=199 numa=1 mig=0 fallos=0 perf=full ipc=0.396 ratio_rm=0.1274
[OMPT] tid=185398 ompt_id=30117822508040193 tipo=ompt_thread_worker     last_cpu=213 numa=1 mig=0 fallos=0 perf=full ipc=0.322 ratio_rm=0.1525
[OMPT] tid=185410 ompt_id=33495522228568065 tipo=ompt_thread_worker     last_cpu=212 numa=1 mig=0 fallos=0 perf=full ipc=0.307 ratio_rm=0.1539
[OMPT] tid=185369 ompt_id=21955048183431169 tipo=ompt_thread_worker     last_cpu=159 numa=0 mig=0 fallos=0 perf=full ipc=0.470 ratio_rm=0.1041
[OMPT] tid=185393 ompt_id=28710447624486913 tipo=ompt_thread_worker     last_cpu=153 numa=0 mig=0 fallos=0 perf=full ipc=0.463 ratio_rm=0.1238
[OMPT] tid=185380 ompt_id=25051272927248385 tipo=ompt_thread_worker     last_cpu=206 numa=1 mig=0 fallos=0 perf=full ipc=0.387 ratio_rm=0.1271
[OMPT] tid=185366 ompt_id=21110623253299201 tipo=ompt_thread_worker     last_cpu=207 numa=1 mig=0 fallos=0 perf=full ipc=0.383 ratio_rm=0.1146
[OMPT] tid=185394 ompt_id=28991922601197569 tipo=ompt_thread_worker     last_cpu=205 numa=1 mig=0 fallos=0 perf=full ipc=0.378 ratio_rm=0.1223
[OMPT] tid=185406 ompt_id=32369622321725441 tipo=ompt_thread_worker     last_cpu=226 numa=1 mig=0 fallos=0 perf=full ipc=0.257 ratio_rm=0.1677
[OMPT] tid=185377 ompt_id=24206847997116417 tipo=ompt_thread_worker     last_cpu=181 numa=0 mig=0 fallos=0 perf=full ipc=0.482 ratio_rm=0.1052
[OMPT] tid=185415 ompt_id=34902897112121345 tipo=ompt_thread_worker     last_cpu= 48 numa=0 mig=0 fallos=0 perf=full ipc=0.475 ratio_rm=0.0953
[OMPT] tid=185362 ompt_id=19984723346456577 tipo=ompt_thread_worker     last_cpu=223 numa=1 mig=0 fallos=0 perf=full ipc=0.324 ratio_rm=0.1491
[OMPT] tid=185359 ompt_id=19140298416324609 tipo=ompt_thread_worker     last_cpu= 51 numa=0 mig=0 fallos=0 perf=full ipc=0.373 ratio_rm=0.1257
[OMPT] tid=185381 ompt_id=25332747903959041 tipo=ompt_thread_worker     last_cpu=130 numa=0 mig=0 fallos=0 perf=full ipc=0.357 ratio_rm=0.1211
[OMPT] tid=185360 ompt_id=19421773393035265 tipo=ompt_thread_worker     last_cpu=215 numa=1 mig=0 fallos=0 perf=full ipc=0.321 ratio_rm=0.1625
[OMPT] tid=185384 ompt_id=26177172834091009 tipo=ompt_thread_worker     last_cpu=214 numa=1 mig=0 fallos=0 perf=full ipc=0.325 ratio_rm=0.1564
[OMPT] tid=185383 ompt_id=25895697857380353 tipo=ompt_thread_worker     last_cpu= 24 numa=0 mig=0 fallos=0 perf=full ipc=0.454 ratio_rm=0.1171
[OMPT] tid=185373 ompt_id=23080948090273793 tipo=ompt_thread_worker     last_cpu=222 numa=1 mig=0 fallos=0 perf=full ipc=0.320 ratio_rm=0.1433
[OMPT] tid=185378 ompt_id=24488322973827073 tipo=ompt_thread_worker     last_cpu= 64 numa=1 mig=0 fallos=0 perf=full ipc=0.384 ratio_rm=0.1093
[OMPT] tid=185395 ompt_id=29273397577908225 tipo=ompt_thread_worker     last_cpu= 50 numa=0 mig=0 fallos=0 perf=full ipc=0.422 ratio_rm=0.1057
[OMPT] tid=185411 ompt_id=33776997205278721 tipo=ompt_thread_worker     last_cpu=137 numa=0 mig=0 fallos=0 perf=full ipc=0.337 ratio_rm=0.1388
[OMPT] tid=185375 ompt_id=23643898043695105 tipo=ompt_thread_worker     last_cpu= 12 numa=0 mig=0 fallos=0 perf=full ipc=0.344 ratio_rm=0.1435
[OMPT] tid=185413 ompt_id=34339947158700033 tipo=ompt_thread_worker     last_cpu=154 numa=0 mig=0 fallos=0 perf=full ipc=0.460 ratio_rm=0.0953
[OMPT] ===== Overhead intrínseco =====
  monitor: 39 ticks, 153195.7 us total (max 7203.4 us/tick)
  callbacks implicit_task: 19841, 24647544.4 us total
  migraciones: 0 (0.0 us total)
  resyncs=0  lecturas escaladas por multiplexado=0
  hilos con perf fallido=0  parcial(ipc_only)=0
  ventanas con ciclos=3968  con fills=3968
