[OMPT] ompt_initialize (OPCIÓN C: integrador con fugas)  verbose=0  migracion=DESACTIVADA
[HWLOC] Nodos NUMA detectados: 2 (usados: 2)
[HWLOC] Nodo 0: 128 CPUs
[HWLOC] Nodo 1: 128 CPUs
[OMPT] callback 'ompt_callback_thread_begin' registrado (result=5)
[OMPT] callback 'ompt_callback_thread_end' registrado (result=5)
[OMPT] callback 'ompt_callback_parallel_begin' registrado (result=5)
[OMPT] callback 'ompt_callback_parallel_end' registrado (result=5)
[OMPT] callback 'ompt_callback_implicit_task' registrado (result=5)
[OMPT] callback 'ompt_callback_control_tool' registrado (result=5)
[OMPT] Callbacks registrados
[OMPT] Sistema: 0 procesadores lógicos
[OMPT][MON] Monitor (C: integrador con fugas)  período=100ms  warmup=5  T=ref+1.00*MAD  leak=0.50*MAD  cap=8.00*MAD  max_mig=1  migracion=DESACTIVADA
[OMPT] control_tool: INICIANDO medicion
[OMPT] control_tool: PAUSANDO medicion
[OMPT] ompt_finalize
[OMPT][MON] Monitor detenido tras 35 ventanas
[OMPT] CSV de ventanas: 3328 filas volcadas (0 descartadas)
[OMPT] ===== Tabla final: 128 hilos =====
[OMPT] tid=185579 ompt_id=281474976710657 tipo=ompt_thread_initial    last_cpu=128 numa=0 mig=0 fallos=0 perf=full ipc=0.313 ratio_rm=0.1478
[OMPT] tid=185581 ompt_id=562949953421313 tipo=ompt_thread_worker     last_cpu=129 numa=0 mig=0 fallos=0 perf=full ipc=0.298 ratio_rm=0.1268
[OMPT] tid=185582 ompt_id=844424930131969 tipo=ompt_thread_worker     last_cpu=  2 numa=0 mig=0 fallos=0 perf=full ipc=0.294 ratio_rm=0.1388
[OMPT] tid=185583 ompt_id=1125899906842625 tipo=ompt_thread_worker     last_cpu=  3 numa=0 mig=0 fallos=0 perf=full ipc=0.302 ratio_rm=0.1386
[OMPT] tid=185584 ompt_id=1407374883553281 tipo=ompt_thread_worker     last_cpu=  4 numa=0 mig=0 fallos=0 perf=full ipc=0.295 ratio_rm=0.1195
[OMPT] tid=185585 ompt_id=1688849860263937 tipo=ompt_thread_worker     last_cpu=  5 numa=0 mig=0 fallos=0 perf=full ipc=0.306 ratio_rm=0.1212
[OMPT] tid=185586 ompt_id=1970324836974593 tipo=ompt_thread_worker     last_cpu=134 numa=0 mig=0 fallos=0 perf=full ipc=0.302 ratio_rm=0.1174
[OMPT] tid=185587 ompt_id=2251799813685249 tipo=ompt_thread_worker     last_cpu=  7 numa=0 mig=0 fallos=0 perf=full ipc=0.302 ratio_rm=0.1499
[OMPT] tid=185588 ompt_id=2533274790395905 tipo=ompt_thread_worker     last_cpu= 48 numa=0 mig=0 fallos=0 perf=full ipc=0.298 ratio_rm=0.1263
[OMPT] tid=185589 ompt_id=2814749767106561 tipo=ompt_thread_worker     last_cpu= 49 numa=0 mig=0 fallos=0 perf=full ipc=0.305 ratio_rm=0.1324
[OMPT] tid=185591 ompt_id=3096224743817217 tipo=ompt_thread_worker     last_cpu= 51 numa=0 mig=0 fallos=0 perf=full ipc=0.304 ratio_rm=0.1187
[OMPT] tid=185590 ompt_id=3377699720527873 tipo=ompt_thread_worker     last_cpu=178 numa=0 mig=0 fallos=0 perf=full ipc=0.299 ratio_rm=0.1331
[OMPT] tid=185592 ompt_id=3659174697238529 tipo=ompt_thread_worker     last_cpu= 52 numa=0 mig=0 fallos=0 perf=full ipc=0.303 ratio_rm=0.1264
[OMPT] tid=185593 ompt_id=3940649673949185 tipo=ompt_thread_worker     last_cpu= 53 numa=0 mig=0 fallos=0 perf=full ipc=0.308 ratio_rm=0.1166
[OMPT] tid=185594 ompt_id=4222124650659841 tipo=ompt_thread_worker     last_cpu=182 numa=0 mig=0 fallos=0 perf=full ipc=0.314 ratio_rm=0.1261
[OMPT] tid=185595 ompt_id=4503599627370497 tipo=ompt_thread_worker     last_cpu= 55 numa=0 mig=0 fallos=0 perf=full ipc=0.306 ratio_rm=0.1324
[OMPT] tid=185596 ompt_id=4785074604081153 tipo=ompt_thread_worker     last_cpu=144 numa=0 mig=0 fallos=0 perf=full ipc=0.296 ratio_rm=0.1357
[OMPT] tid=185597 ompt_id=5066549580791809 tipo=ompt_thread_worker     last_cpu=145 numa=0 mig=0 fallos=0 perf=full ipc=0.288 ratio_rm=0.1314
[OMPT] tid=185598 ompt_id=5348024557502465 tipo=ompt_thread_worker     last_cpu=146 numa=0 mig=0 fallos=0 perf=full ipc=0.293 ratio_rm=0.1216
[OMPT] tid=185599 ompt_id=5629499534213121 tipo=ompt_thread_worker     last_cpu=147 numa=0 mig=0 fallos=0 perf=full ipc=0.295 ratio_rm=0.1190
[OMPT] tid=185600 ompt_id=5910974510923777 tipo=ompt_thread_worker     last_cpu= 20 numa=0 mig=0 fallos=0 perf=full ipc=0.298 ratio_rm=0.1339
[OMPT] tid=185601 ompt_id=6192449487634433 tipo=ompt_thread_worker     last_cpu=149 numa=0 mig=0 fallos=0 perf=full ipc=0.303 ratio_rm=0.1338
[OMPT] tid=185602 ompt_id=6473924464345089 tipo=ompt_thread_worker     last_cpu=150 numa=0 mig=0 fallos=0 perf=full ipc=0.300 ratio_rm=0.1159
[OMPT] tid=185603 ompt_id=6755399441055745 tipo=ompt_thread_worker     last_cpu= 23 numa=0 mig=0 fallos=0 perf=full ipc=0.303 ratio_rm=0.1277
[OMPT] tid=185604 ompt_id=7036874417766401 tipo=ompt_thread_worker     last_cpu=160 numa=0 mig=0 fallos=0 perf=full ipc=0.292 ratio_rm=0.1128
[OMPT] tid=185605 ompt_id=7318349394477057 tipo=ompt_thread_worker     last_cpu= 33 numa=0 mig=0 fallos=0 perf=full ipc=0.295 ratio_rm=0.1255
[OMPT] tid=185606 ompt_id=7599824371187713 tipo=ompt_thread_worker     last_cpu= 34 numa=0 mig=0 fallos=0 perf=full ipc=0.300 ratio_rm=0.1285
[OMPT] tid=185607 ompt_id=7881299347898369 tipo=ompt_thread_worker     last_cpu= 35 numa=0 mig=0 fallos=0 perf=full ipc=0.297 ratio_rm=0.1041
[OMPT] tid=185608 ompt_id=8162774324609025 tipo=ompt_thread_worker     last_cpu= 36 numa=0 mig=0 fallos=0 perf=full ipc=0.298 ratio_rm=0.1114
[OMPT] tid=185609 ompt_id=8444249301319681 tipo=ompt_thread_worker     last_cpu= 37 numa=0 mig=0 fallos=0 perf=full ipc=0.300 ratio_rm=0.1119
[OMPT] tid=185610 ompt_id=8725724278030337 tipo=ompt_thread_worker     last_cpu=166 numa=0 mig=0 fallos=0 perf=full ipc=0.299 ratio_rm=0.1321
[OMPT] tid=185611 ompt_id=9007199254740993 tipo=ompt_thread_worker     last_cpu= 39 numa=0 mig=0 fallos=0 perf=full ipc=0.297 ratio_rm=0.1293
[OMPT] tid=185612 ompt_id=9288674231451649 tipo=ompt_thread_worker     last_cpu=136 numa=0 mig=0 fallos=0 perf=full ipc=0.301 ratio_rm=0.1289
[OMPT] tid=185613 ompt_id=9570149208162305 tipo=ompt_thread_worker     last_cpu=137 numa=0 mig=0 fallos=0 perf=full ipc=0.300 ratio_rm=0.1243
[OMPT] tid=185614 ompt_id=9851624184872961 tipo=ompt_thread_worker     last_cpu= 10 numa=0 mig=0 fallos=0 perf=full ipc=0.296 ratio_rm=0.1272
[OMPT] tid=185615 ompt_id=10133099161583617 tipo=ompt_thread_worker     last_cpu=139 numa=0 mig=0 fallos=0 perf=full ipc=0.310 ratio_rm=0.1023
[OMPT] tid=185616 ompt_id=10414574138294273 tipo=ompt_thread_worker     last_cpu= 12 numa=0 mig=0 fallos=0 perf=full ipc=0.303 ratio_rm=0.1316
[OMPT] tid=185617 ompt_id=10696049115004929 tipo=ompt_thread_worker     last_cpu= 13 numa=0 mig=0 fallos=0 perf=full ipc=0.303 ratio_rm=0.1243
[OMPT] tid=185618 ompt_id=10977524091715585 tipo=ompt_thread_worker     last_cpu=142 numa=0 mig=0 fallos=0 perf=full ipc=0.309 ratio_rm=0.1255
[OMPT] tid=185619 ompt_id=11258999068426241 tipo=ompt_thread_worker     last_cpu= 15 numa=0 mig=0 fallos=0 perf=full ipc=0.304 ratio_rm=0.1262
[OMPT] tid=185620 ompt_id=11540474045136897 tipo=ompt_thread_worker     last_cpu= 56 numa=0 mig=0 fallos=0 perf=full ipc=0.298 ratio_rm=0.1220
[OMPT] tid=185621 ompt_id=11821949021847553 tipo=ompt_thread_worker     last_cpu= 57 numa=0 mig=0 fallos=0 perf=full ipc=0.299 ratio_rm=0.0993
[OMPT] tid=185622 ompt_id=12103423998558209 tipo=ompt_thread_worker     last_cpu=186 numa=0 mig=0 fallos=0 perf=full ipc=0.302 ratio_rm=0.1285
[OMPT] tid=185623 ompt_id=12384898975268865 tipo=ompt_thread_worker     last_cpu= 59 numa=0 mig=0 fallos=0 perf=full ipc=0.299 ratio_rm=0.1298
[OMPT] tid=185624 ompt_id=12666373951979521 tipo=ompt_thread_worker     last_cpu= 60 numa=0 mig=0 fallos=0 perf=full ipc=0.301 ratio_rm=0.1222
[OMPT] tid=185625 ompt_id=12947848928690177 tipo=ompt_thread_worker     last_cpu= 61 numa=0 mig=0 fallos=0 perf=full ipc=0.303 ratio_rm=0.1202
[OMPT] tid=185626 ompt_id=13229323905400833 tipo=ompt_thread_worker     last_cpu=190 numa=0 mig=0 fallos=0 perf=full ipc=0.305 ratio_rm=0.1209
[OMPT] tid=185627 ompt_id=13510798882111489 tipo=ompt_thread_worker     last_cpu= 63 numa=0 mig=0 fallos=0 perf=full ipc=0.304 ratio_rm=0.1286
[OMPT] tid=185628 ompt_id=13792273858822145 tipo=ompt_thread_worker     last_cpu=152 numa=0 mig=0 fallos=0 perf=full ipc=0.304 ratio_rm=0.1321
[OMPT] tid=185629 ompt_id=14073748835532801 tipo=ompt_thread_worker     last_cpu= 25 numa=0 mig=0 fallos=0 perf=full ipc=0.301 ratio_rm=0.1258
[OMPT] tid=185630 ompt_id=14355223812243457 tipo=ompt_thread_worker     last_cpu= 26 numa=0 mig=0 fallos=0 perf=full ipc=0.307 ratio_rm=0.1324
[OMPT] tid=185631 ompt_id=14636698788954113 tipo=ompt_thread_worker     last_cpu=155 numa=0 mig=0 fallos=0 perf=full ipc=0.303 ratio_rm=0.1060
[OMPT] tid=185632 ompt_id=14918173765664769 tipo=ompt_thread_worker     last_cpu=156 numa=0 mig=0 fallos=0 perf=full ipc=0.299 ratio_rm=0.1219
[OMPT] tid=185633 ompt_id=15199648742375425 tipo=ompt_thread_worker     last_cpu=157 numa=0 mig=0 fallos=0 perf=full ipc=0.310 ratio_rm=0.1251
[OMPT] tid=185634 ompt_id=15481123719086081 tipo=ompt_thread_worker     last_cpu= 30 numa=0 mig=0 fallos=0 perf=full ipc=0.302 ratio_rm=0.1123
[OMPT] tid=185635 ompt_id=15762598695796737 tipo=ompt_thread_worker     last_cpu= 31 numa=0 mig=0 fallos=0 perf=full ipc=0.305 ratio_rm=0.1160
[OMPT] tid=185636 ompt_id=16044073672507393 tipo=ompt_thread_worker     last_cpu= 40 numa=0 mig=0 fallos=0 perf=full ipc=0.300 ratio_rm=0.1351
[OMPT] tid=185637 ompt_id=16325548649218049 tipo=ompt_thread_worker     last_cpu=169 numa=0 mig=0 fallos=0 perf=full ipc=0.298 ratio_rm=0.1244
[OMPT] tid=185638 ompt_id=16607023625928705 tipo=ompt_thread_worker     last_cpu=170 numa=0 mig=0 fallos=0 perf=full ipc=0.296 ratio_rm=0.1183
[OMPT] tid=185640 ompt_id=16888498602639361 tipo=ompt_thread_worker     last_cpu= 44 numa=0 mig=0 fallos=0 perf=full ipc=0.299 ratio_rm=0.1238
[OMPT] tid=185639 ompt_id=17169973579350017 tipo=ompt_thread_worker     last_cpu=171 numa=0 mig=0 fallos=0 perf=full ipc=0.307 ratio_rm=0.1133
[OMPT] tid=185642 ompt_id=17732923532771329 tipo=ompt_thread_worker     last_cpu= 46 numa=0 mig=0 fallos=0 perf=full ipc=0.306 ratio_rm=0.1221
[OMPT] tid=185641 ompt_id=17451448556060673 tipo=ompt_thread_worker     last_cpu= 45 numa=0 mig=0 fallos=0 perf=full ipc=0.307 ratio_rm=0.1138
[OMPT] tid=185662 ompt_id=23362423066984449 tipo=ompt_thread_worker     last_cpu= 82 numa=1 mig=0 fallos=0 perf=full ipc=0.299 ratio_rm=0.1292
[OMPT] tid=185678 ompt_id=27866022694354945 tipo=ompt_thread_worker     last_cpu=202 numa=1 mig=0 fallos=0 perf=full ipc=0.303 ratio_rm=0.1276
[OMPT] tid=185682 ompt_id=28991922601197569 tipo=ompt_thread_worker     last_cpu=206 numa=1 mig=0 fallos=0 perf=full ipc=0.315 ratio_rm=0.1176
[OMPT] tid=185643 ompt_id=18014398509481985 tipo=ompt_thread_worker     last_cpu=175 numa=0 mig=0 fallos=0 perf=full ipc=0.307 ratio_rm=0.1028
[OMPT] tid=185705 ompt_id=35465847065542657 tipo=ompt_thread_worker     last_cpu=237 numa=1 mig=0 fallos=0 perf=full ipc=0.304 ratio_rm=0.1221
[OMPT] tid=185689 ompt_id=30962247438172161 tipo=ompt_thread_worker     last_cpu=253 numa=1 mig=0 fallos=0 perf=full ipc=0.310 ratio_rm=0.1250
[OMPT] tid=185677 ompt_id=27584547717644289 tipo=ompt_thread_worker     last_cpu= 73 numa=1 mig=0 fallos=0 perf=full ipc=0.298 ratio_rm=0.1136
[OMPT] tid=185695 ompt_id=32651097298436097 tipo=ompt_thread_worker     last_cpu= 91 numa=1 mig=0 fallos=0 perf=full ipc=0.303 ratio_rm=0.1305
[OMPT] tid=185660 ompt_id=22799473113563137 tipo=ompt_thread_worker     last_cpu= 80 numa=1 mig=0 fallos=0 perf=full ipc=0.296 ratio_rm=0.1193
[OMPT] tid=185692 ompt_id=31806672368304129 tipo=ompt_thread_worker     last_cpu=216 numa=1 mig=0 fallos=0 perf=full ipc=0.301 ratio_rm=0.1262
[OMPT] tid=185685 ompt_id=29836347531329537 tipo=ompt_thread_worker     last_cpu=249 numa=1 mig=0 fallos=0 perf=full ipc=0.307 ratio_rm=0.1296
[OMPT] tid=185649 ompt_id=19984723346456577 tipo=ompt_thread_worker     last_cpu= 69 numa=1 mig=0 fallos=0 perf=full ipc=0.317 ratio_rm=0.1208
[OMPT] tid=185669 ompt_id=25332747903959041 tipo=ompt_thread_worker     last_cpu=225 numa=1 mig=0 fallos=0 perf=full ipc=0.299 ratio_rm=0.1167
[OMPT] tid=185693 ompt_id=32088147345014785 tipo=ompt_thread_worker     last_cpu=217 numa=1 mig=0 fallos=0 perf=full ipc=0.301 ratio_rm=0.1117
[OMPT] tid=185679 ompt_id=28147497671065601 tipo=ompt_thread_worker     last_cpu= 75 numa=1 mig=0 fallos=0 perf=full ipc=0.302 ratio_rm=0.1204
[OMPT] tid=185656 ompt_id=21955048183431169 tipo=ompt_thread_worker     last_cpu=244 numa=1 mig=0 fallos=0 perf=full ipc=0.304 ratio_rm=0.1013
[OMPT] tid=185698 ompt_id=33495522228568065 tipo=ompt_thread_worker     last_cpu=222 numa=1 mig=0 fallos=0 perf=full ipc=0.313 ratio_rm=0.1161
[OMPT] tid=185655 ompt_id=21392098230009857 tipo=ompt_thread_worker     last_cpu=243 numa=1 mig=0 fallos=0 perf=full ipc=0.315 ratio_rm=0.1262
[OMPT] tid=185667 ompt_id=24769797950537729 tipo=ompt_thread_worker     last_cpu= 87 numa=1 mig=0 fallos=0 perf=full ipc=0.308 ratio_rm=0.1119
[OMPT] tid=185671 ompt_id=25895697857380353 tipo=ompt_thread_worker     last_cpu=227 numa=1 mig=0 fallos=0 perf=full ipc=0.309 ratio_rm=0.1190
[OMPT] tid=185687 ompt_id=30399297484750849 tipo=ompt_thread_worker     last_cpu=251 numa=1 mig=0 fallos=0 perf=full ipc=0.307 ratio_rm=0.1088
[OMPT] tid=185657 ompt_id=21673573206720513 tipo=ompt_thread_worker     last_cpu=245 numa=1 mig=0 fallos=0 perf=full ipc=0.317 ratio_rm=0.1120
[OMPT] tid=185703 ompt_id=34902897112121345 tipo=ompt_thread_worker     last_cpu=235 numa=1 mig=0 fallos=0 perf=full ipc=0.313 ratio_rm=0.1192
[OMPT] tid=185673 ompt_id=26458647810801665 tipo=ompt_thread_worker     last_cpu=101 numa=1 mig=0 fallos=0 perf=full ipc=0.314 ratio_rm=0.1102
[OMPT] tid=185645 ompt_id=18577348462903297 tipo=ompt_thread_worker     last_cpu= 65 numa=1 mig=0 fallos=0 perf=full ipc=0.312 ratio_rm=0.1090
[OMPT] tid=185644 ompt_id=18295873486192641 tipo=ompt_thread_worker     last_cpu= 64 numa=1 mig=0 fallos=0 perf=full ipc=0.327 ratio_rm=0.1174
[OMPT] tid=185694 ompt_id=32369622321725441 tipo=ompt_thread_worker     last_cpu=218 numa=1 mig=0 fallos=0 perf=full ipc=0.296 ratio_rm=0.1193
[OMPT] tid=185668 ompt_id=25051272927248385 tipo=ompt_thread_worker     last_cpu=224 numa=1 mig=0 fallos=0 perf=full ipc=0.298 ratio_rm=0.0939
[OMPT] tid=185661 ompt_id=23080948090273793 tipo=ompt_thread_worker     last_cpu= 81 numa=1 mig=0 fallos=0 perf=full ipc=0.296 ratio_rm=0.1323
[OMPT] tid=185699 ompt_id=33776997205278721 tipo=ompt_thread_worker     last_cpu=223 numa=1 mig=0 fallos=0 perf=full ipc=0.309 ratio_rm=0.1264
[OMPT] tid=185683 ompt_id=29554872554618881 tipo=ompt_thread_worker     last_cpu= 79 numa=1 mig=0 fallos=0 perf=full ipc=0.317 ratio_rm=0.1273
[OMPT] tid=185663 ompt_id=23643898043695105 tipo=ompt_thread_worker     last_cpu= 83 numa=1 mig=0 fallos=0 perf=full ipc=0.302 ratio_rm=0.1088
[OMPT] tid=185701 ompt_id=34339947158700033 tipo=ompt_thread_worker     last_cpu=105 numa=1 mig=0 fallos=0 perf=full ipc=0.298 ratio_rm=0.1071
[OMPT] tid=185704 ompt_id=35184372088832001 tipo=ompt_thread_worker     last_cpu=108 numa=1 mig=0 fallos=0 perf=full ipc=0.314 ratio_rm=0.1227
[OMPT] tid=185646 ompt_id=18858823439613953 tipo=ompt_thread_worker     last_cpu=194 numa=1 mig=0 fallos=0 perf=full ipc=0.315 ratio_rm=0.1151
[OMPT] tid=185659 ompt_id=22517998136852481 tipo=ompt_thread_worker     last_cpu=119 numa=1 mig=0 fallos=0 perf=full ipc=0.308 ratio_rm=0.1206
[OMPT] tid=185666 ompt_id=24488322973827073 tipo=ompt_thread_worker     last_cpu= 86 numa=1 mig=0 fallos=0 perf=full ipc=0.308 ratio_rm=0.1322
[OMPT] tid=185690 ompt_id=31243722414882817 tipo=ompt_thread_worker     last_cpu=254 numa=1 mig=0 fallos=0 perf=full ipc=0.313 ratio_rm=0.1287
[OMPT] tid=185658 ompt_id=22236523160141825 tipo=ompt_thread_worker     last_cpu=118 numa=1 mig=0 fallos=0 perf=full ipc=0.303 ratio_rm=0.1164
[OMPT] tid=185702 ompt_id=34621422135410689 tipo=ompt_thread_worker     last_cpu=106 numa=1 mig=0 fallos=0 perf=full ipc=0.305 ratio_rm=0.1265
[OMPT] tid=185652 ompt_id=20266198323167233 tipo=ompt_thread_worker     last_cpu=240 numa=1 mig=0 fallos=0 perf=full ipc=0.299 ratio_rm=0.1183
[OMPT] tid=185686 ompt_id=30117822508040193 tipo=ompt_thread_worker     last_cpu=122 numa=1 mig=0 fallos=0 perf=full ipc=0.300 ratio_rm=0.1287
[OMPT] tid=185670 ompt_id=25614222880669697 tipo=ompt_thread_worker     last_cpu=226 numa=1 mig=0 fallos=0 perf=full ipc=0.300 ratio_rm=0.1082
[OMPT] tid=185680 ompt_id=28428972647776257 tipo=ompt_thread_worker     last_cpu=204 numa=1 mig=0 fallos=0 perf=full ipc=0.306 ratio_rm=0.1102
[OMPT] tid=185696 ompt_id=32932572275146753 tipo=ompt_thread_worker     last_cpu=220 numa=1 mig=0 fallos=0 perf=full ipc=0.300 ratio_rm=0.1242
[OMPT] tid=185664 ompt_id=23925373020405761 tipo=ompt_thread_worker     last_cpu= 84 numa=1 mig=0 fallos=0 perf=full ipc=0.306 ratio_rm=0.1285
[OMPT] tid=185684 ompt_id=29273397577908225 tipo=ompt_thread_worker     last_cpu=120 numa=1 mig=0 fallos=0 perf=full ipc=0.295 ratio_rm=0.1113
[OMPT] tid=185700 ompt_id=34058472181989377 tipo=ompt_thread_worker     last_cpu=232 numa=1 mig=0 fallos=0 perf=full ipc=0.306 ratio_rm=0.1351
[OMPT] tid=185688 ompt_id=30680772461461505 tipo=ompt_thread_worker     last_cpu=252 numa=1 mig=0 fallos=0 perf=full ipc=0.299 ratio_rm=0.1055
[OMPT] tid=185672 ompt_id=26177172834091009 tipo=ompt_thread_worker     last_cpu=228 numa=1 mig=0 fallos=0 perf=full ipc=0.304 ratio_rm=0.1093
[OMPT] tid=185654 ompt_id=21110623253299201 tipo=ompt_thread_worker     last_cpu=242 numa=1 mig=0 fallos=0 perf=full ipc=0.307 ratio_rm=0.1041
[OMPT] tid=185651 ompt_id=20547673299877889 tipo=ompt_thread_worker     last_cpu=199 numa=1 mig=0 fallos=0 perf=full ipc=0.330 ratio_rm=0.1228
[OMPT] tid=185648 ompt_id=19421773393035265 tipo=ompt_thread_worker     last_cpu=196 numa=1 mig=0 fallos=0 perf=full ipc=0.310 ratio_rm=0.1283
[OMPT] tid=185676 ompt_id=27303072740933633 tipo=ompt_thread_worker     last_cpu=200 numa=1 mig=0 fallos=0 perf=full ipc=0.299 ratio_rm=0.1105
[OMPT] tid=185650 ompt_id=19703248369745921 tipo=ompt_thread_worker     last_cpu=198 numa=1 mig=0 fallos=0 perf=full ipc=0.317 ratio_rm=0.1426
[OMPT] tid=185674 ompt_id=26740122787512321 tipo=ompt_thread_worker     last_cpu=230 numa=1 mig=0 fallos=0 perf=full ipc=0.321 ratio_rm=0.0887
[OMPT] tid=185706 ompt_id=35747322042253313 tipo=ompt_thread_worker     last_cpu=238 numa=1 mig=0 fallos=0 perf=full ipc=0.329 ratio_rm=0.1174
[OMPT] tid=185691 ompt_id=31525197391593473 tipo=ompt_thread_worker     last_cpu=255 numa=1 mig=0 fallos=0 perf=full ipc=0.305 ratio_rm=0.1187
[OMPT] tid=185665 ompt_id=24206847997116417 tipo=ompt_thread_worker     last_cpu= 85 numa=1 mig=0 fallos=0 perf=full ipc=0.313 ratio_rm=0.1134
[OMPT] tid=185653 ompt_id=20829148276588545 tipo=ompt_thread_worker     last_cpu=241 numa=1 mig=0 fallos=0 perf=full ipc=0.297 ratio_rm=0.1186
[OMPT] tid=185681 ompt_id=28710447624486913 tipo=ompt_thread_worker     last_cpu= 77 numa=1 mig=0 fallos=0 perf=full ipc=0.314 ratio_rm=0.1179
[OMPT] tid=185675 ompt_id=27021597764222977 tipo=ompt_thread_worker     last_cpu=103 numa=1 mig=0 fallos=0 perf=full ipc=0.310 ratio_rm=0.1329
[OMPT] tid=185697 ompt_id=33214047251857409 tipo=ompt_thread_worker     last_cpu= 93 numa=1 mig=0 fallos=0 perf=full ipc=0.315 ratio_rm=0.1141
[OMPT] tid=185707 ompt_id=36028797018963969 tipo=ompt_thread_worker     last_cpu=239 numa=1 mig=0 fallos=0 perf=full ipc=0.312 ratio_rm=0.1305
[OMPT] tid=185647 ompt_id=19140298416324609 tipo=ompt_thread_worker     last_cpu=195 numa=1 mig=0 fallos=0 perf=full ipc=0.342 ratio_rm=0.1241
[OMPT] ===== Overhead intrínseco =====
  monitor: 35 ticks, 169749.7 us total (max 7708.9 us/tick)
  callbacks implicit_task: 19841, 21782174.8 us total
  migraciones: 0 (0.0 us total)
  resyncs=0  lecturas escaladas por multiplexado=0
  hilos con perf fallido=0  parcial(ipc_only)=0
  ventanas con ciclos=3328  con fills=3328
