[OMPT] ompt_initialize (OPCIÓN C: integrador con fugas)  verbose=0  migracion=DESACTIVADA
[HWLOC] Nodos NUMA detectados: 2 (usados: 2)
[HWLOC] Nodo 0: 128 CPUs
[HWLOC] Nodo 1: 128 CPUs
[OMPT] callback 'ompt_callback_thread_begin' registrado (result=5)
[OMPT] callback 'ompt_callback_thread_end' registrado (result=5)
[OMPT] callback 'ompt_callback_parallel_begin' registrado (result=5)
[OMPT] callback 'ompt_callback_parallel_end' registrado (result=5)
[OMPT] callback 'ompt_callback_implicit_task' registrado (result=5)
[OMPT] callback 'ompt_callback_control_tool' registrado (result=5)
[OMPT] Callbacks registrados
[OMPT] Sistema: 0 procesadores lógicos
[OMPT][MON] Monitor (C: integrador con fugas)  período=100ms  warmup=5  T=ref+1.00*MAD  leak=0.50*MAD  cap=8.00*MAD  max_mig=1  migracion=DESACTIVADA
[OMPT] control_tool: INICIANDO medicion
[OMPT] control_tool: PAUSANDO medicion
[OMPT] ompt_finalize
[OMPT][MON] Monitor detenido tras 51 ventanas
[OMPT] CSV de ventanas: 2752 filas volcadas (0 descartadas)
[OMPT] ===== Tabla final: 64 hilos =====
[OMPT] tid=183975 ompt_id=281474976710657 tipo=ompt_thread_initial    last_cpu=255 numa=1 mig=0 fallos=0 perf=full ipc=0.376 ratio_rm=0.1297
[OMPT] tid=183977 ompt_id=562949953421313 tipo=ompt_thread_worker     last_cpu=123 numa=1 mig=0 fallos=0 perf=full ipc=0.377 ratio_rm=0.1312
[OMPT] tid=183979 ompt_id=844424930131969 tipo=ompt_thread_worker     last_cpu=121 numa=1 mig=0 fallos=0 perf=full ipc=0.380 ratio_rm=0.1337
[OMPT] tid=183978 ompt_id=1125899906842625 tipo=ompt_thread_worker     last_cpu=122 numa=1 mig=0 fallos=0 perf=full ipc=0.377 ratio_rm=0.1294
[OMPT] tid=183980 ompt_id=1407374883553281 tipo=ompt_thread_worker     last_cpu= 16 numa=0 mig=0 fallos=0 perf=full ipc=1.032 ratio_rm=0.0792
[OMPT] tid=183981 ompt_id=1688849860263937 tipo=ompt_thread_worker     last_cpu= 80 numa=1 mig=0 fallos=0 perf=full ipc=0.603 ratio_rm=0.1049
[OMPT] tid=183982 ompt_id=1970324836974593 tipo=ompt_thread_worker     last_cpu=113 numa=1 mig=0 fallos=0 perf=full ipc=0.371 ratio_rm=0.1301
[OMPT] tid=183983 ompt_id=2251799813685249 tipo=ompt_thread_worker     last_cpu=  8 numa=0 mig=0 fallos=0 perf=full ipc=1.031 ratio_rm=0.0836
[OMPT] tid=183984 ompt_id=2533274790395905 tipo=ompt_thread_worker     last_cpu= 40 numa=0 mig=0 fallos=0 perf=full ipc=0.808 ratio_rm=0.1119
[OMPT] tid=183985 ompt_id=2814749767106561 tipo=ompt_thread_worker     last_cpu= 73 numa=1 mig=0 fallos=0 perf=full ipc=0.394 ratio_rm=0.1256
[OMPT] tid=183986 ompt_id=3096224743817217 tipo=ompt_thread_worker     last_cpu= 66 numa=1 mig=0 fallos=0 perf=full ipc=0.449 ratio_rm=0.1226
[OMPT] tid=183987 ompt_id=3377699720527873 tipo=ompt_thread_worker     last_cpu= 64 numa=1 mig=0 fallos=0 perf=full ipc=0.449 ratio_rm=0.1254
[OMPT] tid=183988 ompt_id=3659174697238529 tipo=ompt_thread_worker     last_cpu= 98 numa=1 mig=0 fallos=0 perf=full ipc=0.409 ratio_rm=0.1346
[OMPT] tid=183989 ompt_id=3940649673949185 tipo=ompt_thread_worker     last_cpu=126 numa=1 mig=0 fallos=0 perf=full ipc=0.377 ratio_rm=0.1493
[OMPT] tid=183990 ompt_id=4222124650659841 tipo=ompt_thread_worker     last_cpu=125 numa=1 mig=0 fallos=0 perf=full ipc=0.378 ratio_rm=0.1384
[OMPT] tid=183991 ompt_id=4503599627370497 tipo=ompt_thread_worker     last_cpu=124 numa=1 mig=0 fallos=0 perf=full ipc=0.377 ratio_rm=0.1331
[OMPT] tid=183992 ompt_id=4785074604081153 tipo=ompt_thread_worker     last_cpu=231 numa=1 mig=0 fallos=0 perf=full ipc=0.446 ratio_rm=0.1291
[OMPT] tid=183993 ompt_id=5066549580791809 tipo=ompt_thread_worker     last_cpu= 74 numa=1 mig=0 fallos=0 perf=full ipc=0.393 ratio_rm=0.1347
[OMPT] tid=183994 ompt_id=5348024557502465 tipo=ompt_thread_worker     last_cpu= 84 numa=1 mig=0 fallos=0 perf=full ipc=0.454 ratio_rm=0.1251
[OMPT] tid=183995 ompt_id=5629499534213121 tipo=ompt_thread_worker     last_cpu= 81 numa=1 mig=0 fallos=0 perf=full ipc=0.547 ratio_rm=0.0992
[OMPT] tid=183996 ompt_id=5910974510923777 tipo=ompt_thread_worker     last_cpu= 32 numa=0 mig=0 fallos=0 perf=full ipc=1.030 ratio_rm=0.0792
[OMPT] tid=183997 ompt_id=6192449487634433 tipo=ompt_thread_worker     last_cpu=233 numa=1 mig=0 fallos=0 perf=full ipc=0.391 ratio_rm=0.1386
[OMPT] tid=183998 ompt_id=6473924464345089 tipo=ompt_thread_worker     last_cpu= 85 numa=1 mig=0 fallos=0 perf=full ipc=0.391 ratio_rm=0.1070
[OMPT] tid=183999 ompt_id=6755399441055745 tipo=ompt_thread_worker     last_cpu=110 numa=1 mig=0 fallos=0 perf=full ipc=0.398 ratio_rm=0.1338
[OMPT] tid=184000 ompt_id=7036874417766401 tipo=ompt_thread_worker     last_cpu= 82 numa=1 mig=0 fallos=0 perf=full ipc=0.506 ratio_rm=0.1082
[OMPT] tid=184001 ompt_id=7318349394477057 tipo=ompt_thread_worker     last_cpu= 77 numa=1 mig=0 fallos=0 perf=full ipc=0.398 ratio_rm=0.1348
[OMPT] tid=184002 ompt_id=7599824371187713 tipo=ompt_thread_worker     last_cpu= 76 numa=1 mig=0 fallos=0 perf=full ipc=0.395 ratio_rm=0.1246
[OMPT] tid=184003 ompt_id=7881299347898369 tipo=ompt_thread_worker     last_cpu=203 numa=1 mig=0 fallos=0 perf=full ipc=0.391 ratio_rm=0.1343
[OMPT] tid=184004 ompt_id=8162774324609025 tipo=ompt_thread_worker     last_cpu= 70 numa=1 mig=0 fallos=0 perf=full ipc=0.381 ratio_rm=0.1412
[OMPT] tid=184005 ompt_id=8444249301319681 tipo=ompt_thread_worker     last_cpu= 92 numa=1 mig=0 fallos=0 perf=full ipc=0.429 ratio_rm=0.1217
[OMPT] tid=184006 ompt_id=8725724278030337 tipo=ompt_thread_worker     last_cpu= 91 numa=1 mig=0 fallos=0 perf=full ipc=0.428 ratio_rm=0.1269
[OMPT] tid=184007 ompt_id=9007199254740993 tipo=ompt_thread_worker     last_cpu= 83 numa=1 mig=0 fallos=0 perf=full ipc=0.453 ratio_rm=0.1230
[OMPT] tid=184008 ompt_id=9288674231451649 tipo=ompt_thread_worker     last_cpu=215 numa=1 mig=0 fallos=0 perf=full ipc=0.670 ratio_rm=0.0850
[OMPT] tid=184009 ompt_id=9570149208162305 tipo=ompt_thread_worker     last_cpu= 78 numa=1 mig=0 fallos=0 perf=full ipc=0.400 ratio_rm=0.1269
[OMPT] tid=184010 ompt_id=9851624184872961 tipo=ompt_thread_worker     last_cpu=101 numa=1 mig=0 fallos=0 perf=full ipc=0.445 ratio_rm=0.0875
[OMPT] tid=184011 ompt_id=10133099161583617 tipo=ompt_thread_worker     last_cpu= 65 numa=1 mig=0 fallos=0 perf=full ipc=0.448 ratio_rm=0.1069
[OMPT] tid=184012 ompt_id=10414574138294273 tipo=ompt_thread_worker     last_cpu=100 numa=1 mig=0 fallos=0 perf=full ipc=0.429 ratio_rm=0.1423
[OMPT] tid=184013 ompt_id=10696049115004929 tipo=ompt_thread_worker     last_cpu= 94 numa=1 mig=0 fallos=0 perf=full ipc=0.431 ratio_rm=0.1209
[OMPT] tid=184014 ompt_id=10977524091715585 tipo=ompt_thread_worker     last_cpu=234 numa=1 mig=0 fallos=0 perf=full ipc=0.390 ratio_rm=0.1204
[OMPT] tid=184015 ompt_id=11258999068426241 tipo=ompt_thread_worker     last_cpu=  1 numa=0 mig=0 fallos=0 perf=full ipc=0.480 ratio_rm=0.1238
[OMPT] tid=184016 ompt_id=11540474045136897 tipo=ompt_thread_worker     last_cpu=247 numa=1 mig=0 fallos=0 perf=full ipc=0.368 ratio_rm=0.1434
[OMPT] tid=184017 ompt_id=11821949021847553 tipo=ompt_thread_worker     last_cpu=115 numa=1 mig=0 fallos=0 perf=full ipc=0.372 ratio_rm=0.1384
[OMPT] tid=184018 ompt_id=12103423998558209 tipo=ompt_thread_worker     last_cpu=108 numa=1 mig=0 fallos=0 perf=full ipc=0.398 ratio_rm=0.1318
[OMPT] tid=184019 ompt_id=12384898975268865 tipo=ompt_thread_worker     last_cpu=225 numa=1 mig=0 fallos=0 perf=full ipc=0.442 ratio_rm=0.1143
[OMPT] tid=184020 ompt_id=12666373951979521 tipo=ompt_thread_worker     last_cpu=  0 numa=0 mig=0 fallos=0 perf=full ipc=0.669 ratio_rm=0.1207
[OMPT] tid=184021 ompt_id=12947848928690177 tipo=ompt_thread_worker     last_cpu= 69 numa=1 mig=0 fallos=0 perf=full ipc=0.453 ratio_rm=0.1266
[OMPT] tid=184022 ompt_id=13229323905400833 tipo=ompt_thread_worker     last_cpu= 68 numa=1 mig=0 fallos=0 perf=full ipc=0.451 ratio_rm=0.1230
[OMPT] tid=184023 ompt_id=13510798882111489 tipo=ompt_thread_worker     last_cpu= 67 numa=1 mig=0 fallos=0 perf=full ipc=0.449 ratio_rm=0.1191
[OMPT] tid=184024 ompt_id=13792273858822145 tipo=ompt_thread_worker     last_cpu=223 numa=1 mig=0 fallos=0 perf=full ipc=0.428 ratio_rm=0.1316
[OMPT] tid=184025 ompt_id=14073748835532801 tipo=ompt_thread_worker     last_cpu=120 numa=1 mig=0 fallos=0 perf=full ipc=0.352 ratio_rm=0.1408
[OMPT] tid=184026 ompt_id=14355223812243457 tipo=ompt_thread_worker     last_cpu=114 numa=1 mig=0 fallos=0 perf=full ipc=0.370 ratio_rm=0.1440
[OMPT] tid=184027 ompt_id=14636698788954113 tipo=ompt_thread_worker     last_cpu=112 numa=1 mig=0 fallos=0 perf=full ipc=0.354 ratio_rm=0.1258
[OMPT] tid=184028 ompt_id=14918173765664769 tipo=ompt_thread_worker     last_cpu=102 numa=1 mig=0 fallos=0 perf=full ipc=0.422 ratio_rm=0.1271
[OMPT] tid=184029 ompt_id=15199648742375425 tipo=ompt_thread_worker     last_cpu=118 numa=1 mig=0 fallos=0 perf=full ipc=0.371 ratio_rm=0.1405
[OMPT] tid=184030 ompt_id=15481123719086081 tipo=ompt_thread_worker     last_cpu=117 numa=1 mig=0 fallos=0 perf=full ipc=0.373 ratio_rm=0.1310
[OMPT] tid=184031 ompt_id=15762598695796737 tipo=ompt_thread_worker     last_cpu=116 numa=1 mig=0 fallos=0 perf=full ipc=0.373 ratio_rm=0.1241
[OMPT] tid=184032 ompt_id=16044073672507393 tipo=ompt_thread_worker     last_cpu=239 numa=1 mig=0 fallos=0 perf=full ipc=0.390 ratio_rm=0.1453
[OMPT] tid=184033 ompt_id=16325548649218049 tipo=ompt_thread_worker     last_cpu=232 numa=1 mig=0 fallos=0 perf=full ipc=0.393 ratio_rm=0.1315
[OMPT] tid=184034 ompt_id=16607023625928705 tipo=ompt_thread_worker     last_cpu=109 numa=1 mig=0 fallos=0 perf=full ipc=0.398 ratio_rm=0.1283
[OMPT] tid=184035 ompt_id=16888498602639361 tipo=ompt_thread_worker     last_cpu= 24 numa=0 mig=0 fallos=0 perf=full ipc=0.931 ratio_rm=0.0932
[OMPT] tid=184036 ompt_id=17169973579350017 tipo=ompt_thread_worker     last_cpu=216 numa=1 mig=0 fallos=0 perf=full ipc=0.426 ratio_rm=0.0992
[OMPT] tid=184037 ompt_id=17451448556060673 tipo=ompt_thread_worker     last_cpu=217 numa=1 mig=0 fallos=0 perf=full ipc=0.423 ratio_rm=0.1320
[OMPT] tid=184038 ompt_id=17732923532771329 tipo=ompt_thread_worker     last_cpu= 99 numa=1 mig=0 fallos=0 perf=full ipc=0.443 ratio_rm=0.1232
[OMPT] tid=184039 ompt_id=18014398509481985 tipo=ompt_thread_worker     last_cpu=207 numa=1 mig=0 fallos=0 perf=full ipc=0.394 ratio_rm=0.1281
[OMPT] ===== Overhead intrínseco =====
  monitor: 51 ticks, 106242.5 us total (max 3259.7 us/tick)
  callbacks implicit_task: 9921, 7236168.6 us total
  migraciones: 0 (0.0 us total)
  resyncs=0  lecturas escaladas por multiplexado=0
  hilos con perf fallido=0  parcial(ipc_only)=0
  ventanas con ciclos=2752  con fills=2752
