[OMPT] ompt_initialize (OPCIÓN C: integrador con fugas)  verbose=0  migracion=activa
[HWLOC] Nodos NUMA detectados: 2 (usados: 2)
[HWLOC] Nodo 0: 128 CPUs
[HWLOC] Nodo 1: 128 CPUs
[OMPT] callback 'ompt_callback_thread_begin' registrado (result=5)
[OMPT] callback 'ompt_callback_thread_end' registrado (result=5)
[OMPT] callback 'ompt_callback_parallel_begin' registrado (result=5)
[OMPT] callback 'ompt_callback_parallel_end' registrado (result=5)
[OMPT] callback 'ompt_callback_implicit_task' registrado (result=5)
[OMPT] callback 'ompt_callback_control_tool' registrado (result=5)
[OMPT] Callbacks registrados
[OMPT] Sistema: 0 procesadores lógicos
[OMPT][MON] Monitor (C: integrador con fugas)  período=100ms  warmup=5  T=ref+1.00*MAD  leak=0.50*MAD  cap=8.00*MAD  max_mig=1  migracion=activa
[OMPT] control_tool: INICIANDO medicion
[OMPT] control_tool: PAUSANDO medicion
[OMPT] ompt_finalize
[OMPT][MON] Monitor detenido tras 56 ventanas
[OMPT] CSV de ventanas: 382 filas volcadas (0 descartadas)
[OMPT] ===== Tabla final: 8 hilos =====
[OMPT] tid=182573 ompt_id=281474976710657 tipo=ompt_thread_initial    last_cpu=255 numa=1 mig=0 fallos=0 perf=full ipc=2.446 ratio_rm=0.1641
[OMPT] tid=182575 ompt_id=562949953421313 tipo=ompt_thread_worker     last_cpu=231 numa=1 mig=0 fallos=0 perf=full ipc=2.442 ratio_rm=0.1636
[OMPT] tid=182576 ompt_id=844424930131969 tipo=ompt_thread_worker     last_cpu=239 numa=1 mig=0 fallos=0 perf=full ipc=2.442 ratio_rm=0.1626
[OMPT] tid=182577 ompt_id=1125899906842625 tipo=ompt_thread_worker     last_cpu=247 numa=1 mig=0 fallos=0 perf=full ipc=2.440 ratio_rm=0.1664
[OMPT] tid=182578 ompt_id=1407374883553281 tipo=ompt_thread_worker     last_cpu= 80 numa=1 mig=1 fallos=0 perf=full ipc=2.396 ratio_rm=0.1677
[OMPT] tid=182580 ompt_id=1688849860263937 tipo=ompt_thread_worker     last_cpu=192 numa=1 mig=1 fallos=0 perf=full ipc=2.393 ratio_rm=0.1658
[OMPT] tid=182579 ompt_id=1970324836974593 tipo=ompt_thread_worker     last_cpu=223 numa=1 mig=0 fallos=0 perf=full ipc=2.442 ratio_rm=0.1650
[OMPT] tid=182581 ompt_id=2251799813685249 tipo=ompt_thread_worker     last_cpu= 16 numa=0 mig=0 fallos=0 perf=full ipc=2.440 ratio_rm=0.1622
[OMPT] ===== Overhead intrínseco =====
  monitor: 56 ticks, 8149.5 us total (max 194.2 us/tick)
  callbacks implicit_task: 1241, 142798.7 us total
  migraciones: 2 (220.1 us total)
  resyncs=0  lecturas escaladas por multiplexado=0
  hilos con perf fallido=0  parcial(ipc_only)=0
  ventanas con ciclos=382  con fills=382
