[OMPT] ompt_initialize (OPCIÓN C: integrador con fugas)  verbose=0  migracion=DESACTIVADA
[HWLOC] Nodos NUMA detectados: 2 (usados: 2)
[HWLOC] Nodo 0: 128 CPUs
[HWLOC] Nodo 1: 128 CPUs
[OMPT] callback 'ompt_callback_thread_begin' registrado (result=5)
[OMPT] callback 'ompt_callback_thread_end' registrado (result=5)
[OMPT] callback 'ompt_callback_parallel_begin' registrado (result=5)
[OMPT] callback 'ompt_callback_parallel_end' registrado (result=5)
[OMPT] callback 'ompt_callback_implicit_task' registrado (result=5)
[OMPT] callback 'ompt_callback_control_tool' registrado (result=5)
[OMPT] Callbacks registrados
[OMPT] Sistema: 0 procesadores lógicos
[OMPT][MON] Monitor (C: integrador con fugas)  período=100ms  warmup=5  T=ref+1.00*MAD  leak=0.50*MAD  cap=8.00*MAD  max_mig=1  migracion=DESACTIVADA
[OMPT][PERF] tid=400578 SIN eventos NUMA (solo IPC). Este hilo no podrá disparar migraciones.
    modo=6 mascaras por origen  primer errno: Invalid argument / Invalid argument
  → los eventos crudos son específicos de AMD Zen; en otra PMU no existen
  → con OMPT_MASCARAS=0 se vuelve al par 0xFF44/0xD044
[OMPT][PERF] tid=400580 SIN eventos NUMA (solo IPC). Este hilo no podrá disparar migraciones.
    modo=6 mascaras por origen  primer errno: Invalid argument / Invalid argument
  → los eventos crudos son específicos de AMD Zen; en otra PMU no existen
  → con OMPT_MASCARAS=0 se vuelve al par 0xFF44/0xD044
[OMPT][PERF] tid=400581 SIN eventos NUMA (solo IPC). Este hilo no podrá disparar migraciones.
    modo=6 mascaras por origen  primer errno: Invalid argument / Invalid argument
  → los eventos crudos son específicos de AMD Zen; en otra PMU no existen
  → con OMPT_MASCARAS=0 se vuelve al par 0xFF44/0xD044
[OMPT][PERF] tid=400582 SIN eventos NUMA (solo IPC). Este hilo no podrá disparar migraciones.
    modo=6 mascaras por origen  primer errno: Invalid argument / Invalid argument
  → los eventos crudos son específicos de AMD Zen; en otra PMU no existen
  → con OMPT_MASCARAS=0 se vuelve al par 0xFF44/0xD044
[OMPT][PERF] tid=400583 SIN eventos NUMA (solo IPC). Este hilo no podrá disparar migraciones.
    modo=6 mascaras por origen  primer errno: Invalid argument / Invalid argument
  → los eventos crudos son específicos de AMD Zen; en otra PMU no existen
  → con OMPT_MASCARAS=0 se vuelve al par 0xFF44/0xD044
[OMPT][PERF] tid=400585 SIN eventos NUMA (solo IPC). Este hilo no podrá disparar migraciones.
    modo=6 mascaras por origen  primer errno: Invalid argument / Invalid argument
  → los eventos crudos son específicos de AMD Zen; en otra PMU no existen
  → con OMPT_MASCARAS=0 se vuelve al par 0xFF44/0xD044
[OMPT][PERF] tid=400587 SIN eventos NUMA (solo IPC). Este hilo no podrá disparar migraciones.
    modo=6 mascaras por origen  primer errno: Invalid argument / Invalid argument
  → los eventos crudos son específicos de AMD Zen; en otra PMU no existen
  → con OMPT_MASCARAS=0 se vuelve al par 0xFF44/0xD044
[OMPT][PERF] tid=400584 SIN eventos NUMA (solo IPC). Este hilo no podrá disparar migraciones.
    modo=6 mascaras por origen  primer errno: Invalid argument / Invalid argument
  → los eventos crudos son específicos de AMD Zen; en otra PMU no existen
  → con OMPT_MASCARAS=0 se vuelve al par 0xFF44/0xD044
[OMPT][PERF] tid=400590 SIN eventos NUMA (solo IPC). Este hilo no podrá disparar migraciones.
    modo=6 mascaras por origen  primer errno: Invalid argument / Invalid argument
  → los eventos crudos son específicos de AMD Zen; en otra PMU no existen
  → con OMPT_MASCARAS=0 se vuelve al par 0xFF44/0xD044
[OMPT][PERF] tid=400588 SIN eventos NUMA (solo IPC). Este hilo no podrá disparar migraciones.
    modo=6 mascaras por origen  primer errno: Invalid argument / Invalid argument
  → los eventos crudos son específicos de AMD Zen; en otra PMU no existen
  → con OMPT_MASCARAS=0 se vuelve al par 0xFF44/0xD044
[OMPT][PERF] tid=400591 SIN eventos NUMA (solo IPC). Este hilo no podrá disparar migraciones.
    modo=6 mascaras por origen  primer errno: Invalid argument / Invalid argument
  → los eventos crudos son específicos de AMD Zen; en otra PMU no existen
  → con OMPT_MASCARAS=0 se vuelve al par 0xFF44/0xD044
[OMPT][PERF] tid=400592 SIN eventos NUMA (solo IPC). Este hilo no podrá disparar migraciones.
    modo=6 mascaras por origen  primer errno: Invalid argument / Invalid argument
  → los eventos crudos son específicos de AMD Zen; en otra PMU no existen
  → con OMPT_MASCARAS=0 se vuelve al par 0xFF44/0xD044
[OMPT][PERF] tid=400589 SIN eventos NUMA (solo IPC). Este hilo no podrá disparar migraciones.
    modo=6 mascaras por origen  primer errno: Invalid argument / Invalid argument
  → los eventos crudos son específicos de AMD Zen; en otra PMU no existen
  → con OMPT_MASCARAS=0 se vuelve al par 0xFF44/0xD044
[OMPT][PERF] tid=400593 SIN eventos NUMA (solo IPC). Este hilo no podrá disparar migraciones.
    modo=6 mascaras por origen  primer errno: Invalid argument / Invalid argument
  → los eventos crudos son específicos de AMD Zen; en otra PMU no existen
  → con OMPT_MASCARAS=0 se vuelve al par 0xFF44/0xD044
[OMPT][PERF] tid=400595 SIN eventos NUMA (solo IPC). Este hilo no podrá disparar migraciones.
    modo=6 mascaras por origen  primer errno: Invalid argument / Invalid argument
  → los eventos crudos son específicos de AMD Zen; en otra PMU no existen
  → con OMPT_MASCARAS=0 se vuelve al par 0xFF44/0xD044
[OMPT][PERF] tid=400596 SIN eventos NUMA (solo IPC). Este hilo no podrá disparar migraciones.
    modo=6 mascaras por origen  primer errno: Invalid argument / Invalid argument
  → los eventos crudos son específicos de AMD Zen; en otra PMU no existen
  → con OMPT_MASCARAS=0 se vuelve al par 0xFF44/0xD044
[OMPT][PERF] tid=400597 SIN eventos NUMA (solo IPC). Este hilo no podrá disparar migraciones.
    modo=6 mascaras por origen  primer errno: Invalid argument / Invalid argument
  → los eventos crudos son específicos de AMD Zen; en otra PMU no existen
  → con OMPT_MASCARAS=0 se vuelve al par 0xFF44/0xD044
[OMPT][PERF] tid=400594 SIN eventos NUMA (solo IPC). Este hilo no podrá disparar migraciones.
    modo=6 mascaras por origen  primer errno: Invalid argument / Invalid argument
  → los eventos crudos son específicos de AMD Zen; en otra PMU no existen
  → con OMPT_MASCARAS=0 se vuelve al par 0xFF44/0xD044
[OMPT][PERF] tid=400598 SIN eventos NUMA (solo IPC). Este hilo no podrá disparar migraciones.
    modo=6 mascaras por origen  primer errno: Invalid argument / Invalid argument
  → los eventos crudos son específicos de AMD Zen; en otra PMU no existen
  → con OMPT_MASCARAS=0 se vuelve al par 0xFF44/0xD044
[OMPT][PERF] tid=400600 SIN eventos NUMA (solo IPC). Este hilo no podrá disparar migraciones.
    modo=6 mascaras por origen  primer errno: Invalid argument / Invalid argument
  → los eventos crudos son específicos de AMD Zen; en otra PMU no existen
  → con OMPT_MASCARAS=0 se vuelve al par 0xFF44/0xD044
[OMPT][PERF] tid=400602 SIN eventos NUMA (solo IPC). Este hilo no podrá disparar migraciones.
    modo=6 mascaras por origen  primer errno: Invalid argument / Invalid argument
  → los eventos crudos son específicos de AMD Zen; en otra PMU no existen
  → con OMPT_MASCARAS=0 se vuelve al par 0xFF44/0xD044
[OMPT][PERF] tid=400601 SIN eventos NUMA (solo IPC). Este hilo no podrá disparar migraciones.
    modo=6 mascaras por origen  primer errno: Invalid argument / Invalid argument
  → los eventos crudos son específicos de AMD Zen; en otra PMU no existen
  → con OMPT_MASCARAS=0 se vuelve al par 0xFF44/0xD044
[OMPT][PERF] tid=400603 SIN eventos NUMA (solo IPC). Este hilo no podrá disparar migraciones.
    modo=6 mascaras por origen  primer errno: Invalid argument / Invalid argument
  → los eventos crudos son específicos de AMD Zen; en otra PMU no existen
  → con OMPT_MASCARAS=0 se vuelve al par 0xFF44/0xD044
[OMPT][PERF] tid=400604 SIN eventos NUMA (solo IPC). Este hilo no podrá disparar migraciones.
    modo=6 mascaras por origen  primer errno: Invalid argument / Invalid argument
  → los eventos crudos son específicos de AMD Zen; en otra PMU no existen
  → con OMPT_MASCARAS=0 se vuelve al par 0xFF44/0xD044
[OMPT][PERF] tid=400586 SIN eventos NUMA (solo IPC). Este hilo no podrá disparar migraciones.
    modo=6 mascaras por origen  primer errno: Invalid argument / Invalid argument
  → los eventos crudos son específicos de AMD Zen; en otra PMU no existen
  → con OMPT_MASCARAS=0 se vuelve al par 0xFF44/0xD044
[OMPT][PERF] tid=400606 SIN eventos NUMA (solo IPC). Este hilo no podrá disparar migraciones.
    modo=6 mascaras por origen  primer errno: Invalid argument / Invalid argument
  → los eventos crudos son específicos de AMD Zen; en otra PMU no existen
  → con OMPT_MASCARAS=0 se vuelve al par 0xFF44/0xD044
[OMPT][PERF] tid=400599 SIN eventos NUMA (solo IPC). Este hilo no podrá disparar migraciones.
    modo=6 mascaras por origen  primer errno: Invalid argument / Invalid argument
  → los eventos crudos son específicos de AMD Zen; en otra PMU no existen
  → con OMPT_MASCARAS=0 se vuelve al par 0xFF44/0xD044
[OMPT][PERF] tid=400607 SIN eventos NUMA (solo IPC). Este hilo no podrá disparar migraciones.
    modo=6 mascaras por origen  primer errno: Invalid argument / Invalid argument
  → los eventos crudos son específicos de AMD Zen; en otra PMU no existen
  → con OMPT_MASCARAS=0 se vuelve al par 0xFF44/0xD044
[OMPT][PERF] tid=400610 SIN eventos NUMA (solo IPC). Este hilo no podrá disparar migraciones.
    modo=6 mascaras por origen  primer errno: Invalid argument / Invalid argument
  → los eventos crudos son específicos de AMD Zen; en otra PMU no existen
  → con OMPT_MASCARAS=0 se vuelve al par 0xFF44/0xD044
[OMPT][PERF] tid=400609 SIN eventos NUMA (solo IPC). Este hilo no podrá disparar migraciones.
    modo=6 mascaras por origen  primer errno: Invalid argument / Invalid argument
  → los eventos crudos son específicos de AMD Zen; en otra PMU no existen
  → con OMPT_MASCARAS=0 se vuelve al par 0xFF44/0xD044
[OMPT][PERF] tid=400605 SIN eventos NUMA (solo IPC). Este hilo no podrá disparar migraciones.
    modo=6 mascaras por origen  primer errno: Invalid argument / Invalid argument
  → los eventos crudos son específicos de AMD Zen; en otra PMU no existen
  → con OMPT_MASCARAS=0 se vuelve al par 0xFF44/0xD044
[OMPT][PERF] tid=400608 SIN eventos NUMA (solo IPC). Este hilo no podrá disparar migraciones.
    modo=6 mascaras por origen  primer errno: Invalid argument / Invalid argument
  → los eventos crudos son específicos de AMD Zen; en otra PMU no existen
  → con OMPT_MASCARAS=0 se vuelve al par 0xFF44/0xD044
[perf_region] tool OMPT detectado: los contadores los lleva el tool, no se abren aqui
[OMPT] control_tool: INICIANDO medicion
[OMPT] control_tool: PAUSANDO medicion
[OMPT] ompt_finalize
[OMPT][MON] Monitor detenido tras 1 ventanas
[OMPT] CSV de ventanas: 0 filas volcadas (0 descartadas)
[OMPT] ===== Tabla final: 32 hilos =====
[OMPT] tid=400578 ompt_id=281474976710657 tipo=ompt_thread_initial    last_cpu=255 numa=1 mig=0 fallos=0 perf=ipc_only ipc=0.453 ratio_rm=-1.0000
[OMPT] tid=400580 ompt_id=562949953421313 tipo=ompt_thread_worker     last_cpu= 96 numa=1 mig=0 fallos=0 perf=ipc_only ipc=0.450 ratio_rm=-1.0000
[OMPT] tid=400581 ompt_id=844424930131969 tipo=ompt_thread_worker     last_cpu=104 numa=1 mig=0 fallos=0 perf=ipc_only ipc=0.393 ratio_rm=-1.0000
[OMPT] tid=400582 ompt_id=1125899906842625 tipo=ompt_thread_worker     last_cpu=  4 numa=0 mig=0 fallos=0 perf=ipc_only ipc=0.494 ratio_rm=-1.0000
[OMPT] tid=400583 ompt_id=1407374883553281 tipo=ompt_thread_worker     last_cpu=215 numa=1 mig=0 fallos=0 perf=ipc_only ipc=0.328 ratio_rm=-1.0000
[OMPT] tid=400585 ompt_id=1970324836974593 tipo=ompt_thread_worker     last_cpu= 56 numa=0 mig=0 fallos=0 perf=ipc_only ipc=0.403 ratio_rm=-1.0000
[OMPT] tid=400587 ompt_id=2533274790395905 tipo=ompt_thread_worker     last_cpu=  3 numa=0 mig=0 fallos=0 perf=ipc_only ipc=0.470 ratio_rm=-1.0000
[OMPT] tid=400584 ompt_id=1688849860263937 tipo=ompt_thread_worker     last_cpu= 88 numa=1 mig=0 fallos=0 perf=ipc_only ipc=0.389 ratio_rm=-1.0000
[OMPT] tid=400590 ompt_id=2814749767106561 tipo=ompt_thread_worker     last_cpu=191 numa=0 mig=0 fallos=0 perf=ipc_only ipc=0.375 ratio_rm=-1.0000
[OMPT] tid=400588 ompt_id=3377699720527873 tipo=ompt_thread_worker     last_cpu=199 numa=1 mig=0 fallos=0 perf=ipc_only ipc=0.300 ratio_rm=-1.0000
[OMPT] tid=400591 ompt_id=3659174697238529 tipo=ompt_thread_worker     last_cpu=  2 numa=0 mig=0 fallos=0 perf=ipc_only ipc=0.368 ratio_rm=-1.0000
[OMPT] tid=400592 ompt_id=3940649673949185 tipo=ompt_thread_worker     last_cpu=  7 numa=0 mig=0 fallos=0 perf=ipc_only ipc=0.454 ratio_rm=-1.0000
[OMPT] tid=400589 ompt_id=3096224743817217 tipo=ompt_thread_worker     last_cpu=207 numa=1 mig=0 fallos=0 perf=ipc_only ipc=0.295 ratio_rm=-1.0000
[OMPT] tid=400593 ompt_id=4222124650659841 tipo=ompt_thread_worker     last_cpu=  6 numa=0 mig=0 fallos=0 perf=ipc_only ipc=0.451 ratio_rm=-1.0000
[OMPT] tid=400595 ompt_id=4785074604081153 tipo=ompt_thread_worker     last_cpu=  0 numa=0 mig=0 fallos=0 perf=ipc_only ipc=0.602 ratio_rm=-1.0000
[OMPT] tid=400596 ompt_id=5066549580791809 tipo=ompt_thread_worker     last_cpu= 57 numa=0 mig=0 fallos=0 perf=ipc_only ipc=0.409 ratio_rm=-1.0000
[OMPT] tid=400597 ompt_id=5348024557502465 tipo=ompt_thread_worker     last_cpu= 80 numa=1 mig=0 fallos=0 perf=ipc_only ipc=0.336 ratio_rm=-1.0000
[OMPT] tid=400594 ompt_id=4503599627370497 tipo=ompt_thread_worker     last_cpu=  5 numa=0 mig=0 fallos=0 perf=ipc_only ipc=0.518 ratio_rm=-1.0000
[OMPT] tid=400598 ompt_id=5910974510923777 tipo=ompt_thread_worker     last_cpu= 22 numa=0 mig=0 fallos=0 perf=ipc_only ipc=0.440 ratio_rm=-1.0000
[OMPT] tid=400600 ompt_id=6192449487634433 tipo=ompt_thread_worker     last_cpu= 58 numa=0 mig=0 fallos=0 perf=ipc_only ipc=0.408 ratio_rm=-1.0000
[OMPT] tid=400602 ompt_id=6755399441055745 tipo=ompt_thread_worker     last_cpu= 72 numa=1 mig=0 fallos=0 perf=ipc_only ipc=0.309 ratio_rm=-1.0000
[OMPT] tid=400601 ompt_id=6473924464345089 tipo=ompt_thread_worker     last_cpu= 64 numa=1 mig=0 fallos=0 perf=ipc_only ipc=0.315 ratio_rm=-1.0000
[OMPT] tid=400603 ompt_id=7036874417766401 tipo=ompt_thread_worker     last_cpu= 21 numa=0 mig=0 fallos=0 perf=ipc_only ipc=0.429 ratio_rm=-1.0000
[OMPT] tid=400604 ompt_id=7318349394477057 tipo=ompt_thread_worker     last_cpu=130 numa=0 mig=0 fallos=0 perf=ipc_only ipc=0.366 ratio_rm=-1.0000
[OMPT] tid=400586 ompt_id=2251799813685249 tipo=ompt_thread_worker     last_cpu=112 numa=1 mig=0 fallos=0 perf=ipc_only ipc=0.332 ratio_rm=-1.0000
[OMPT] tid=400606 ompt_id=7881299347898369 tipo=ompt_thread_worker     last_cpu= 23 numa=0 mig=0 fallos=0 perf=ipc_only ipc=0.428 ratio_rm=-1.0000
[OMPT] tid=400599 ompt_id=5629499534213121 tipo=ompt_thread_worker     last_cpu=223 numa=1 mig=0 fallos=0 perf=ipc_only ipc=0.374 ratio_rm=-1.0000
[OMPT] tid=400607 ompt_id=8162774324609025 tipo=ompt_thread_worker     last_cpu=  1 numa=0 mig=0 fallos=0 perf=ipc_only ipc=0.533 ratio_rm=-1.0000
[OMPT] tid=400610 ompt_id=9007199254740993 tipo=ompt_thread_worker     last_cpu= 20 numa=0 mig=0 fallos=0 perf=ipc_only ipc=0.437 ratio_rm=-1.0000
[OMPT] tid=400609 ompt_id=8725724278030337 tipo=ompt_thread_worker     last_cpu=247 numa=1 mig=0 fallos=0 perf=ipc_only ipc=0.323 ratio_rm=-1.0000
[OMPT] tid=400605 ompt_id=7599824371187713 tipo=ompt_thread_worker     last_cpu=231 numa=1 mig=0 fallos=0 perf=ipc_only ipc=0.291 ratio_rm=-1.0000
[OMPT] tid=400608 ompt_id=8444249301319681 tipo=ompt_thread_worker     last_cpu=239 numa=1 mig=0 fallos=0 perf=ipc_only ipc=0.306 ratio_rm=-1.0000
[OMPT] ===== Overhead intrínseco =====
  monitor: 1 ticks, 8.2 us total (max 8.2 us/tick)
  callbacks implicit_task: 5249, 194045.8 us total
  migraciones: 0 (0.0 us total)
  resyncs=0  lecturas escaladas por multiplexado=0
  hilos con perf fallido=0  parcial(ipc_only)=32
  ventanas con ciclos=0  con fills=0
