[OMPT] ompt_initialize (OPCIÓN C: integrador con fugas)  verbose=0  migracion=activa
[HWLOC] Nodos NUMA detectados: 2 (usados: 2)
[HWLOC] Nodo 0: 128 CPUs
[HWLOC] Nodo 1: 128 CPUs
[OMPT] callback 'ompt_callback_thread_begin' registrado (result=5)
[OMPT] callback 'ompt_callback_thread_end' registrado (result=5)
[OMPT] callback 'ompt_callback_parallel_begin' registrado (result=5)
[OMPT] callback 'ompt_callback_parallel_end' registrado (result=5)
[OMPT] callback 'ompt_callback_implicit_task' registrado (result=5)
[OMPT] callback 'ompt_callback_control_tool' registrado (result=5)
[OMPT] Callbacks registrados
[OMPT] Sistema: 0 procesadores lógicos
[OMPT][MON] Monitor (C: integrador con fugas)  período=100ms  warmup=5  T=ref+1.00*MAD  leak=0.50*MAD  cap=8.00*MAD  max_mig=1  migracion=activa
[perf_region] tool OMPT detectado: los contadores los lleva el tool, no se abren aqui
[OMPT] control_tool: INICIANDO medicion
[OMPT] control_tool: PAUSANDO medicion
[OMPT] ompt_finalize
[OMPT][MON] Monitor detenido tras 68 ventanas
[OMPT] CSV de ventanas: 313 filas volcadas (0 descartadas)
[OMPT] ===== Tabla final: 8 hilos =====
[OMPT] tid=653110 ompt_id=281474976710657 tipo=ompt_thread_initial    last_cpu=255 numa=1 mig=0 fallos=0 perf=full ipc=0.588 ratio_rm=0.0000
[OMPT] tid=653112 ompt_id=562949953421313 tipo=ompt_thread_worker     last_cpu=223 numa=1 mig=0 fallos=0 perf=full ipc=0.581 ratio_rm=0.0000
[OMPT] tid=653113 ompt_id=844424930131969 tipo=ompt_thread_worker     last_cpu=207 numa=1 mig=0 fallos=0 perf=full ipc=0.586 ratio_rm=0.0000
[OMPT] tid=653114 ompt_id=1125899906842625 tipo=ompt_thread_worker     last_cpu= 96 numa=1 mig=1 fallos=0 perf=full ipc=0.534 ratio_rm=0.0162
[OMPT] tid=653115 ompt_id=1407374883553281 tipo=ompt_thread_worker     last_cpu=215 numa=1 mig=0 fallos=0 perf=full ipc=0.577 ratio_rm=0.0000
[OMPT] tid=653116 ompt_id=1688849860263937 tipo=ompt_thread_worker     last_cpu=192 numa=1 mig=1 fallos=0 perf=full ipc=0.536 ratio_rm=0.0161
[OMPT] tid=653117 ompt_id=1970324836974593 tipo=ompt_thread_worker     last_cpu=239 numa=1 mig=0 fallos=0 perf=full ipc=0.585 ratio_rm=0.0000
[OMPT] tid=653118 ompt_id=2251799813685249 tipo=ompt_thread_worker     last_cpu=247 numa=1 mig=0 fallos=0 perf=full ipc=0.577 ratio_rm=0.0000
[OMPT] ===== Overhead intrínseco =====
  monitor: 68 ticks, 4534.7 us total (max 139.7 us/tick)
  callbacks implicit_task: 1313, 101897.2 us total
  migraciones: 2 (190.4 us total)
  resyncs=37  lecturas escaladas por multiplexado=1472
  hilos con perf fallido=0  parcial(ipc_only)=0
  ventanas con ciclos=313  con fills=313
