[OMPT] ompt_initialize (OPCIÓN C: integrador con fugas)  verbose=0  migracion=DESACTIVADA
[HWLOC] Nodos NUMA detectados: 2 (usados: 2)
[HWLOC] Nodo 0: 128 CPUs
[HWLOC] Nodo 1: 128 CPUs
[OMPT] callback 'ompt_callback_thread_begin' registrado (result=5)
[OMPT] callback 'ompt_callback_thread_end' registrado (result=5)
[OMPT] callback 'ompt_callback_parallel_begin' registrado (result=5)
[OMPT] callback 'ompt_callback_parallel_end' registrado (result=5)
[OMPT] callback 'ompt_callback_implicit_task' registrado (result=5)
[OMPT] callback 'ompt_callback_control_tool' registrado (result=5)
[OMPT] Callbacks registrados
[OMPT] Sistema: 0 procesadores lógicos
[OMPT][MON] Monitor (C: integrador con fugas)  período=100ms  warmup=5  T=ref+1.00*MAD  leak=0.50*MAD  cap=8.00*MAD  max_mig=1  migracion=DESACTIVADA
[perf_region] tool OMPT detectado: los contadores los lleva el tool, no se abren aqui
[OMPT] control_tool: INICIANDO medicion
[OMPT] control_tool: PAUSANDO medicion
[OMPT] ompt_finalize
[OMPT][MON] Monitor detenido tras 11 ventanas
[OMPT] CSV de ventanas: 48 filas volcadas (0 descartadas)
[OMPT] ===== Tabla final: 8 hilos =====
[OMPT] tid=643411 ompt_id=281474976710657 tipo=ompt_thread_initial    last_cpu=255 numa=1 mig=0 fallos=0 perf=full ipc=0.967 ratio_rm=0.0001
[OMPT] tid=643415 ompt_id=562949953421313 tipo=ompt_thread_worker     last_cpu=207 numa=1 mig=0 fallos=0 perf=full ipc=0.908 ratio_rm=0.0000
[OMPT] tid=643416 ompt_id=844424930131969 tipo=ompt_thread_worker     last_cpu=215 numa=1 mig=0 fallos=0 perf=full ipc=0.974 ratio_rm=0.0001
[OMPT] tid=643417 ompt_id=1125899906842625 tipo=ompt_thread_worker     last_cpu= 24 numa=0 mig=0 fallos=0 perf=full ipc=0.651 ratio_rm=0.0406
[OMPT] tid=643418 ompt_id=1407374883553281 tipo=ompt_thread_worker     last_cpu=231 numa=1 mig=0 fallos=0 perf=full ipc=0.858 ratio_rm=0.0001
[OMPT] tid=643419 ompt_id=1688849860263937 tipo=ompt_thread_worker     last_cpu=239 numa=1 mig=0 fallos=0 perf=full ipc=0.907 ratio_rm=0.0001
[OMPT] tid=643420 ompt_id=2251799813685249 tipo=ompt_thread_worker     last_cpu=247 numa=1 mig=0 fallos=0 perf=full ipc=0.862 ratio_rm=0.0001
[OMPT] tid=643421 ompt_id=1970324836974593 tipo=ompt_thread_worker     last_cpu=  8 numa=0 mig=0 fallos=0 perf=full ipc=0.650 ratio_rm=0.0428
[OMPT] ===== Overhead intrínseco =====
  monitor: 11 ticks, 833.5 us total (max 148.5 us/tick)
  callbacks implicit_task: 1313, 56505.2 us total
  migraciones: 0 (0.0 us total)
  resyncs=0  lecturas escaladas por multiplexado=256
  hilos con perf fallido=0  parcial(ipc_only)=0
  ventanas con ciclos=48  con fills=48
