[OMPT] ompt_initialize (OPCIÓN C: integrador con fugas)  verbose=0  migracion=DESACTIVADA
[HWLOC] Nodos NUMA detectados: 2 (usados: 2)
[HWLOC] Nodo 0: 128 CPUs
[HWLOC] Nodo 1: 128 CPUs
[OMPT] callback 'ompt_callback_thread_begin' registrado (result=5)
[OMPT] callback 'ompt_callback_thread_end' registrado (result=5)
[OMPT] callback 'ompt_callback_parallel_begin' registrado (result=5)
[OMPT] callback 'ompt_callback_parallel_end' registrado (result=5)
[OMPT] callback 'ompt_callback_implicit_task' registrado (result=5)
[OMPT] callback 'ompt_callback_control_tool' registrado (result=5)
[OMPT] Callbacks registrados
[OMPT] Sistema: 0 procesadores lógicos
[OMPT][MON] Monitor (C: integrador con fugas)  período=100ms  warmup=5  T=ref+1.00*MAD  leak=0.50*MAD  cap=8.00*MAD  max_mig=1  migracion=DESACTIVADA
[perf_region] tool OMPT detectado: los contadores los lleva el tool, no se abren aqui
[OMPT] control_tool: INICIANDO medicion
[OMPT] control_tool: PAUSANDO medicion
[OMPT] ompt_finalize
[OMPT][MON] Monitor detenido tras 255 ventanas
[OMPT] CSV de ventanas: 5981 filas volcadas (0 descartadas)
[OMPT] ===== Tabla final: 32 hilos =====
[OMPT] tid=664048 ompt_id=281474976710657 tipo=ompt_thread_initial    last_cpu=127 numa=1 mig=0 fallos=0 perf=full ipc=0.306 ratio_rm=0.0001
[OMPT] tid=664051 ompt_id=562949953421313 tipo=ompt_thread_worker     last_cpu=215 numa=1 mig=0 fallos=0 perf=full ipc=0.309 ratio_rm=0.0000
[OMPT] tid=664050 ompt_id=844424930131969 tipo=ompt_thread_worker     last_cpu= 25 numa=0 mig=0 fallos=0 perf=full ipc=0.215 ratio_rm=0.3183
[OMPT] tid=664052 ompt_id=1125899906842625 tipo=ompt_thread_worker     last_cpu= 81 numa=1 mig=0 fallos=0 perf=full ipc=0.312 ratio_rm=0.0000
[OMPT] tid=664054 ompt_id=1688849860263937 tipo=ompt_thread_worker     last_cpu= 16 numa=0 mig=0 fallos=0 perf=full ipc=0.133 ratio_rm=0.6176
[OMPT] tid=664055 ompt_id=1970324836974593 tipo=ompt_thread_worker     last_cpu= 24 numa=0 mig=0 fallos=0 perf=full ipc=0.134 ratio_rm=0.6215
[OMPT] tid=664056 ompt_id=2251799813685249 tipo=ompt_thread_worker     last_cpu= 32 numa=0 mig=0 fallos=0 perf=full ipc=0.143 ratio_rm=0.6161
[OMPT] tid=664057 ompt_id=2533274790395905 tipo=ompt_thread_worker     last_cpu=247 numa=1 mig=0 fallos=0 perf=full ipc=0.307 ratio_rm=0.0000
[OMPT] tid=664060 ompt_id=3377699720527873 tipo=ompt_thread_worker     last_cpu= 17 numa=0 mig=0 fallos=0 perf=full ipc=0.186 ratio_rm=0.4243
[OMPT] tid=664061 ompt_id=3659174697238529 tipo=ompt_thread_worker     last_cpu=223 numa=1 mig=0 fallos=0 perf=full ipc=0.310 ratio_rm=0.0000
[OMPT] tid=664059 ompt_id=3096224743817217 tipo=ompt_thread_worker     last_cpu=199 numa=1 mig=0 fallos=0 perf=full ipc=0.305 ratio_rm=0.0000
[OMPT] tid=664053 ompt_id=1407374883553281 tipo=ompt_thread_worker     last_cpu=  8 numa=0 mig=0 fallos=0 perf=full ipc=0.144 ratio_rm=0.6183
[OMPT] tid=664064 ompt_id=4503599627370497 tipo=ompt_thread_worker     last_cpu=207 numa=1 mig=0 fallos=0 perf=full ipc=0.307 ratio_rm=0.0000
[OMPT] tid=664058 ompt_id=2814749767106561 tipo=ompt_thread_worker     last_cpu= 40 numa=0 mig=0 fallos=0 perf=full ipc=0.142 ratio_rm=0.6160
[OMPT] tid=664065 ompt_id=4785074604081153 tipo=ompt_thread_worker     last_cpu=128 numa=0 mig=0 fallos=0 perf=full ipc=0.132 ratio_rm=0.6237
[OMPT] tid=664066 ompt_id=5066549580791809 tipo=ompt_thread_worker     last_cpu= 33 numa=0 mig=0 fallos=0 perf=full ipc=0.158 ratio_rm=0.5532
[OMPT] tid=664063 ompt_id=3940649673949185 tipo=ompt_thread_worker     last_cpu=239 numa=1 mig=0 fallos=0 perf=full ipc=0.306 ratio_rm=0.0000
[OMPT] tid=664067 ompt_id=5348024557502465 tipo=ompt_thread_worker     last_cpu= 97 numa=1 mig=0 fallos=0 perf=full ipc=0.307 ratio_rm=0.0001
[OMPT] tid=664062 ompt_id=4222124650659841 tipo=ompt_thread_worker     last_cpu=191 numa=0 mig=0 fallos=0 perf=full ipc=0.132 ratio_rm=0.6230
[OMPT] tid=664068 ompt_id=5629499534213121 tipo=ompt_thread_worker     last_cpu= 56 numa=0 mig=0 fallos=0 perf=full ipc=0.161 ratio_rm=0.5252
[OMPT] tid=664069 ompt_id=5910974510923777 tipo=ompt_thread_worker     last_cpu= 41 numa=0 mig=0 fallos=0 perf=full ipc=0.208 ratio_rm=0.3682
[OMPT] tid=664070 ompt_id=6192449487634433 tipo=ompt_thread_worker     last_cpu= 89 numa=1 mig=0 fallos=0 perf=full ipc=0.313 ratio_rm=0.0000
[OMPT] tid=664071 ompt_id=6473924464345089 tipo=ompt_thread_worker     last_cpu=251 numa=1 mig=0 fallos=0 perf=full ipc=0.314 ratio_rm=0.0000
[OMPT] tid=664072 ompt_id=6755399441055745 tipo=ompt_thread_worker     last_cpu= 64 numa=1 mig=0 fallos=0 perf=full ipc=0.311 ratio_rm=0.0000
[OMPT] tid=664073 ompt_id=7036874417766401 tipo=ompt_thread_worker     last_cpu=  1 numa=0 mig=0 fallos=0 perf=full ipc=0.248 ratio_rm=0.2146
[OMPT] tid=664074 ompt_id=7318349394477057 tipo=ompt_thread_worker     last_cpu=203 numa=1 mig=0 fallos=0 perf=full ipc=0.308 ratio_rm=0.0000
[OMPT] tid=664075 ompt_id=7599824371187713 tipo=ompt_thread_worker     last_cpu=  9 numa=0 mig=0 fallos=0 perf=full ipc=0.179 ratio_rm=0.4729
[OMPT] tid=664076 ompt_id=7881299347898369 tipo=ompt_thread_worker     last_cpu= 48 numa=0 mig=0 fallos=0 perf=full ipc=0.140 ratio_rm=0.6081
[OMPT] tid=664077 ompt_id=8162774324609025 tipo=ompt_thread_worker     last_cpu= 49 numa=0 mig=0 fallos=0 perf=full ipc=0.232 ratio_rm=0.2674
[OMPT] tid=664078 ompt_id=8444249301319681 tipo=ompt_thread_worker     last_cpu=113 numa=1 mig=0 fallos=0 perf=full ipc=0.311 ratio_rm=0.0000
[OMPT] tid=664079 ompt_id=8725724278030337 tipo=ompt_thread_worker     last_cpu=105 numa=1 mig=0 fallos=0 perf=full ipc=0.310 ratio_rm=0.0000
[OMPT] tid=664080 ompt_id=9007199254740993 tipo=ompt_thread_worker     last_cpu=231 numa=1 mig=0 fallos=0 perf=full ipc=0.305 ratio_rm=0.0000
[OMPT] ===== Overhead intrínseco =====
  monitor: 255 ticks, 87535.1 us total (max 1138.5 us/tick)
  callbacks implicit_task: 5249, 1527278.6 us total
  migraciones: 0 (0.0 us total)
  resyncs=3  lecturas escaladas por multiplexado=24192
  hilos con perf fallido=0  parcial(ipc_only)=0
  ventanas con ciclos=5981  con fills=5981
