[OMPT] ompt_initialize (OPCIÓN C: integrador con fugas)  verbose=0  migracion=activa
[HWLOC] Nodos NUMA detectados: 2 (usados: 2)
[HWLOC] Nodo 0: 128 CPUs
[HWLOC] Nodo 1: 128 CPUs
[OMPT] callback 'ompt_callback_thread_begin' registrado (result=5)
[OMPT] callback 'ompt_callback_thread_end' registrado (result=5)
[OMPT] callback 'ompt_callback_parallel_begin' registrado (result=5)
[OMPT] callback 'ompt_callback_parallel_end' registrado (result=5)
[OMPT] callback 'ompt_callback_implicit_task' registrado (result=5)
[OMPT] callback 'ompt_callback_control_tool' registrado (result=5)
[OMPT] Callbacks registrados
[OMPT] Sistema: 0 procesadores lógicos
[OMPT][MON] Monitor (C: integrador con fugas)  período=100ms  warmup=5  T=ref+1.00*MAD  leak=0.50*MAD  cap=8.00*MAD  max_mig=1  migracion=activa
[perf_region] tool OMPT detectado: los contadores los lleva el tool, no se abren aqui
[OMPT] control_tool: INICIANDO medicion
[OMPT] control_tool: PAUSANDO medicion
[OMPT] ompt_finalize
[OMPT][MON] Monitor detenido tras 5 ventanas
[OMPT] CSV de ventanas: 128 filas volcadas (0 descartadas)
[OMPT] ===== Tabla final: 128 hilos =====
[OMPT] tid=648226 ompt_id=281474976710657 tipo=ompt_thread_initial    last_cpu=255 numa=1 mig=0 fallos=0 perf=full ipc=0.378 ratio_rm=0.0002
[OMPT] tid=648228 ompt_id=562949953421313 tipo=ompt_thread_worker     last_cpu=122 numa=1 mig=0 fallos=0 perf=full ipc=0.358 ratio_rm=0.0002
[OMPT] tid=648229 ompt_id=844424930131969 tipo=ompt_thread_worker     last_cpu=121 numa=1 mig=0 fallos=0 perf=full ipc=0.375 ratio_rm=0.0002
[OMPT] tid=648231 ompt_id=1407374883553281 tipo=ompt_thread_worker     last_cpu= 72 numa=1 mig=0 fallos=0 perf=full ipc=0.390 ratio_rm=0.0002
[OMPT] tid=648230 ompt_id=1125899906842625 tipo=ompt_thread_worker     last_cpu=  4 numa=0 mig=0 fallos=0 perf=full ipc=0.413 ratio_rm=0.0065
[OMPT] tid=648232 ompt_id=1688849860263937 tipo=ompt_thread_worker     last_cpu=104 numa=1 mig=0 fallos=0 perf=full ipc=0.387 ratio_rm=0.0002
[OMPT] tid=648233 ompt_id=1970324836974593 tipo=ompt_thread_worker     last_cpu= 56 numa=0 mig=0 fallos=0 perf=full ipc=0.477 ratio_rm=0.0150
[OMPT] tid=648235 ompt_id=2533274790395905 tipo=ompt_thread_worker     last_cpu= 85 numa=1 mig=0 fallos=0 perf=full ipc=0.354 ratio_rm=0.0002
[OMPT] tid=648234 ompt_id=2251799813685249 tipo=ompt_thread_worker     last_cpu=  5 numa=0 mig=0 fallos=0 perf=full ipc=0.411 ratio_rm=0.0110
[OMPT] tid=648236 ompt_id=3096224743817217 tipo=ompt_thread_worker     last_cpu= 80 numa=1 mig=0 fallos=0 perf=full ipc=0.362 ratio_rm=0.0002
[OMPT] tid=648237 ompt_id=2814749767106561 tipo=ompt_thread_worker     last_cpu=212 numa=1 mig=0 fallos=0 perf=full ipc=0.391 ratio_rm=0.0001
[OMPT] tid=648240 ompt_id=3940649673949185 tipo=ompt_thread_worker     last_cpu=126 numa=1 mig=0 fallos=0 perf=full ipc=0.391 ratio_rm=0.0002
[OMPT] tid=648241 ompt_id=4222124650659841 tipo=ompt_thread_worker     last_cpu=124 numa=1 mig=0 fallos=0 perf=full ipc=0.352 ratio_rm=0.0002
[OMPT] tid=648239 ompt_id=3659174697238529 tipo=ompt_thread_worker     last_cpu=156 numa=0 mig=0 fallos=0 perf=full ipc=0.305 ratio_rm=0.0511
[OMPT] tid=648242 ompt_id=4503599627370497 tipo=ompt_thread_worker     last_cpu=254 numa=1 mig=0 fallos=0 perf=full ipc=0.367 ratio_rm=0.0002
[OMPT] tid=648243 ompt_id=4785074604081153 tipo=ompt_thread_worker     last_cpu=154 numa=0 mig=0 fallos=0 perf=full ipc=0.408 ratio_rm=0.0127
[OMPT] tid=648244 ompt_id=5066549580791809 tipo=ompt_thread_worker     last_cpu= 81 numa=1 mig=0 fallos=0 perf=full ipc=0.394 ratio_rm=0.0002
[OMPT] tid=648238 ompt_id=3377699720527873 tipo=ompt_thread_worker     last_cpu= 87 numa=1 mig=0 fallos=0 perf=full ipc=0.372 ratio_rm=0.0002
[OMPT] tid=648245 ompt_id=5348024557502465 tipo=ompt_thread_worker     last_cpu=125 numa=1 mig=0 fallos=0 perf=full ipc=0.378 ratio_rm=0.0002
[OMPT] tid=648246 ompt_id=5629499534213121 tipo=ompt_thread_worker     last_cpu= 83 numa=1 mig=0 fallos=0 perf=full ipc=0.380 ratio_rm=0.0002
[OMPT] tid=648247 ompt_id=5910974510923777 tipo=ompt_thread_worker     last_cpu=123 numa=1 mig=0 fallos=0 perf=full ipc=0.357 ratio_rm=0.0002
[OMPT] tid=648248 ompt_id=6192449487634433 tipo=ompt_thread_worker     last_cpu=232 numa=1 mig=0 fallos=0 perf=full ipc=0.388 ratio_rm=0.0002
[OMPT] tid=648249 ompt_id=6473924464345089 tipo=ompt_thread_worker     last_cpu=  8 numa=0 mig=0 fallos=0 perf=full ipc=0.438 ratio_rm=0.0032
[OMPT] tid=648250 ompt_id=6755399441055745 tipo=ompt_thread_worker     last_cpu=  0 numa=0 mig=0 fallos=0 perf=full ipc=0.353 ratio_rm=0.0026
[OMPT] tid=648251 ompt_id=7036874417766401 tipo=ompt_thread_worker     last_cpu=221 numa=1 mig=0 fallos=0 perf=full ipc=0.587 ratio_rm=0.0002
[OMPT] tid=648252 ompt_id=7318349394477057 tipo=ompt_thread_worker     last_cpu= 82 numa=1 mig=0 fallos=0 perf=full ipc=0.389 ratio_rm=0.0002
[OMPT] tid=648253 ompt_id=7599824371187713 tipo=ompt_thread_worker     last_cpu=253 numa=1 mig=0 fallos=0 perf=full ipc=0.341 ratio_rm=0.0002
[OMPT] tid=648254 ompt_id=7881299347898369 tipo=ompt_thread_worker     last_cpu=  7 numa=0 mig=0 fallos=0 perf=full ipc=0.302 ratio_rm=0.0035
[OMPT] tid=648255 ompt_id=8162774324609025 tipo=ompt_thread_worker     last_cpu=127 numa=1 mig=0 fallos=0 perf=full ipc=0.365 ratio_rm=0.0002
[OMPT] tid=648256 ompt_id=8444249301319681 tipo=ompt_thread_worker     last_cpu= 96 numa=1 mig=0 fallos=0 perf=full ipc=0.518 ratio_rm=0.0003
[OMPT] tid=648257 ompt_id=8725724278030337 tipo=ompt_thread_worker     last_cpu=105 numa=1 mig=0 fallos=0 perf=full ipc=0.512 ratio_rm=0.0003
[OMPT] tid=648258 ompt_id=9007199254740993 tipo=ompt_thread_worker     last_cpu=165 numa=0 mig=0 fallos=0 perf=full ipc=0.447 ratio_rm=0.0033
[OMPT] tid=648259 ompt_id=9288674231451649 tipo=ompt_thread_worker     last_cpu= 84 numa=1 mig=0 fallos=0 perf=full ipc=0.356 ratio_rm=0.0002
[OMPT] tid=648260 ompt_id=9570149208162305 tipo=ompt_thread_worker     last_cpu= 86 numa=1 mig=0 fallos=0 perf=full ipc=0.363 ratio_rm=0.0002
[OMPT] tid=648261 ompt_id=9851624184872961 tipo=ompt_thread_worker     last_cpu=213 numa=1 mig=0 fallos=0 perf=full ipc=0.375 ratio_rm=0.0002
[OMPT] tid=648262 ompt_id=10133099161583617 tipo=ompt_thread_worker     last_cpu= 88 numa=1 mig=0 fallos=0 perf=full ipc=0.619 ratio_rm=0.0006
[OMPT] tid=648322 ompt_id=27021597764222977 tipo=ompt_thread_worker     last_cpu=220 numa=1 mig=0 fallos=0 perf=full ipc=0.599 ratio_rm=0.0002
[OMPT] tid=648335 ompt_id=30680772461461505 tipo=ompt_thread_worker     last_cpu=147 numa=0 mig=0 fallos=0 perf=full ipc=0.467 ratio_rm=0.0028
[OMPT] tid=648342 ompt_id=32651097298436097 tipo=ompt_thread_worker     last_cpu=252 numa=1 mig=0 fallos=0 perf=full ipc=0.332 ratio_rm=0.0002
[OMPT] tid=648330 ompt_id=29273397577908225 tipo=ompt_thread_worker     last_cpu=235 numa=1 mig=0 fallos=0 perf=full ipc=0.524 ratio_rm=0.0002
[OMPT] tid=648347 ompt_id=34339947158700033 tipo=ompt_thread_worker     last_cpu=159 numa=0 mig=0 fallos=0 perf=full ipc=0.418 ratio_rm=0.0024
[OMPT] tid=648319 ompt_id=26177172834091009 tipo=ompt_thread_worker     last_cpu=  9 numa=0 mig=0 fallos=0 perf=full ipc=0.456 ratio_rm=0.0047
[OMPT] tid=648303 ompt_id=21673573206720513 tipo=ompt_thread_worker     last_cpu=157 numa=0 mig=0 fallos=0 perf=full ipc=0.321 ratio_rm=0.0482
[OMPT] tid=648301 ompt_id=21110623253299201 tipo=ompt_thread_worker     last_cpu=181 numa=0 mig=0 fallos=0 perf=full ipc=0.542 ratio_rm=0.0026
[OMPT] tid=648305 ompt_id=22236523160141825 tipo=ompt_thread_worker     last_cpu=158 numa=0 mig=0 fallos=0 perf=full ipc=0.313 ratio_rm=0.0565
[OMPT] tid=648354 ompt_id=36028797018963969 tipo=ompt_thread_worker     last_cpu=194 numa=1 mig=0 fallos=0 perf=full ipc=0.624 ratio_rm=0.0007
[OMPT] tid=648316 ompt_id=25332747903959041 tipo=ompt_thread_worker     last_cpu=236 numa=1 mig=0 fallos=0 perf=full ipc=0.510 ratio_rm=0.0003
[OMPT] tid=648344 ompt_id=33214047251857409 tipo=ompt_thread_worker     last_cpu=234 numa=1 mig=0 fallos=0 perf=full ipc=0.549 ratio_rm=0.0004
[OMPT] tid=648282 ompt_id=15762598695796737 tipo=ompt_thread_worker     last_cpu=238 numa=1 mig=0 fallos=0 perf=full ipc=0.526 ratio_rm=0.0002
[OMPT] tid=648350 ompt_id=34902897112121345 tipo=ompt_thread_worker     last_cpu=242 numa=1 mig=0 fallos=0 perf=full ipc=0.605 ratio_rm=0.0008
[OMPT] tid=648288 ompt_id=17451448556060673 tipo=ompt_thread_worker     last_cpu=246 numa=1 mig=0 fallos=0 perf=full ipc=0.552 ratio_rm=0.0002
[OMPT] tid=648266 ompt_id=11258999068426241 tipo=ompt_thread_worker     last_cpu=247 numa=1 mig=0 fallos=0 perf=full ipc=0.536 ratio_rm=0.0002
[OMPT] tid=648302 ompt_id=21392098230009857 tipo=ompt_thread_worker     last_cpu=245 numa=1 mig=0 fallos=0 perf=full ipc=0.538 ratio_rm=0.0001
[OMPT] tid=648336 ompt_id=30962247438172161 tipo=ompt_thread_worker     last_cpu=243 numa=1 mig=0 fallos=0 perf=full ipc=0.554 ratio_rm=0.0002
[OMPT] tid=648318 ompt_id=25895697857380353 tipo=ompt_thread_worker     last_cpu=244 numa=1 mig=0 fallos=0 perf=full ipc=0.555 ratio_rm=0.0002
[OMPT] tid=648348 ompt_id=34058472181989377 tipo=ompt_thread_worker     last_cpu=226 numa=1 mig=0 fallos=0 perf=full ipc=0.534 ratio_rm=0.0005
[OMPT] tid=648263 ompt_id=10414574138294273 tipo=ompt_thread_worker     last_cpu=231 numa=1 mig=0 fallos=0 perf=full ipc=0.513 ratio_rm=0.0003
[OMPT] tid=648325 ompt_id=27866022694354945 tipo=ompt_thread_worker     last_cpu=135 numa=0 mig=0 fallos=0 perf=full ipc=0.303 ratio_rm=0.0051
[OMPT] tid=648265 ompt_id=10977524091715585 tipo=ompt_thread_worker     last_cpu=  1 numa=0 mig=0 fallos=0 perf=full ipc=0.463 ratio_rm=0.0130
[OMPT] tid=648317 ompt_id=25614222880669697 tipo=ompt_thread_worker     last_cpu=148 numa=0 mig=0 fallos=0 perf=full ipc=0.469 ratio_rm=0.0120
[OMPT] tid=648349 ompt_id=34621422135410689 tipo=ompt_thread_worker     last_cpu=146 numa=0 mig=0 fallos=0 perf=full ipc=0.484 ratio_rm=0.0095
[OMPT] tid=648299 ompt_id=20547673299877889 tipo=ompt_thread_worker     last_cpu=149 numa=0 mig=0 fallos=0 perf=full ipc=0.479 ratio_rm=0.0024
[OMPT] tid=648275 ompt_id=13792273858822145 tipo=ompt_thread_worker     last_cpu=151 numa=0 mig=0 fallos=0 perf=full ipc=0.491 ratio_rm=0.0037
[OMPT] tid=648352 ompt_id=35465847065542657 tipo=ompt_thread_worker     last_cpu=202 numa=1 mig=0 fallos=0 perf=full ipc=0.601 ratio_rm=0.0010
[OMPT] tid=648346 ompt_id=33776997205278721 tipo=ompt_thread_worker     last_cpu=211 numa=1 mig=0 fallos=0 perf=full ipc=0.366 ratio_rm=0.0002
[OMPT] tid=648298 ompt_id=20266198323167233 tipo=ompt_thread_worker     last_cpu=208 numa=1 mig=0 fallos=0 perf=full ipc=0.350 ratio_rm=0.0002
[OMPT] tid=648332 ompt_id=29836347531329537 tipo=ompt_thread_worker     last_cpu=210 numa=1 mig=0 fallos=0 perf=full ipc=0.403 ratio_rm=0.0002
[OMPT] tid=648351 ompt_id=35184372088832001 tipo=ompt_thread_worker     last_cpu=163 numa=0 mig=0 fallos=0 perf=full ipc=0.423 ratio_rm=0.0332
[OMPT] tid=648323 ompt_id=27303072740933633 tipo=ompt_thread_worker     last_cpu=172 numa=0 mig=0 fallos=0 perf=full ipc=0.417 ratio_rm=0.0092
[OMPT] tid=648273 ompt_id=13510798882111489 tipo=ompt_thread_worker     last_cpu= 25 numa=0 mig=0 fallos=0 perf=full ipc=0.418 ratio_rm=0.0284
[OMPT] tid=648285 ompt_id=16607023625928705 tipo=ompt_thread_worker     last_cpu= 24 numa=0 mig=0 fallos=0 perf=full ipc=0.467 ratio_rm=0.0030
[OMPT] tid=648331 ompt_id=29554872554618881 tipo=ompt_thread_worker     last_cpu=155 numa=0 mig=0 fallos=0 perf=full ipc=0.440 ratio_rm=0.0022
[OMPT] tid=648353 ompt_id=35747322042253313 tipo=ompt_thread_worker     last_cpu=  3 numa=0 mig=0 fallos=0 perf=full ipc=0.405 ratio_rm=0.0071
[OMPT] tid=648279 ompt_id=14918173765664769 tipo=ompt_thread_worker     last_cpu= 16 numa=0 mig=0 fallos=0 perf=full ipc=0.492 ratio_rm=0.0048
[OMPT] tid=648289 ompt_id=17732923532771329 tipo=ompt_thread_worker     last_cpu=150 numa=0 mig=0 fallos=0 perf=full ipc=0.427 ratio_rm=0.0030
[OMPT] tid=648296 ompt_id=19703248369745921 tipo=ompt_thread_worker     last_cpu=237 numa=1 mig=0 fallos=0 perf=full ipc=0.511 ratio_rm=0.0003
[OMPT] tid=648264 ompt_id=10696049115004929 tipo=ompt_thread_worker     last_cpu=239 numa=1 mig=0 fallos=0 perf=full ipc=0.502 ratio_rm=0.0004
[OMPT] tid=648291 ompt_id=18295873486192641 tipo=ompt_thread_worker     last_cpu=182 numa=0 mig=0 fallos=0 perf=full ipc=0.536 ratio_rm=0.0037
[OMPT] tid=648339 ompt_id=31806672368304129 tipo=ompt_thread_worker     last_cpu=176 numa=0 mig=0 fallos=0 perf=full ipc=0.535 ratio_rm=0.0116
[OMPT] tid=648311 ompt_id=23925373020405761 tipo=ompt_thread_worker     last_cpu= 52 numa=0 mig=0 fallos=0 perf=full ipc=0.435 ratio_rm=0.0170
[OMPT] tid=648297 ompt_id=19984723346456577 tipo=ompt_thread_worker     last_cpu=189 numa=0 mig=0 fallos=0 perf=full ipc=0.462 ratio_rm=0.0080
[OMPT] tid=648267 ompt_id=11540474045136897 tipo=ompt_thread_worker     last_cpu=191 numa=0 mig=0 fallos=0 perf=full ipc=0.460 ratio_rm=0.0026
[OMPT] tid=648295 ompt_id=19421773393035265 tipo=ompt_thread_worker     last_cpu=  2 numa=0 mig=0 fallos=0 perf=full ipc=0.468 ratio_rm=0.0097
[OMPT] tid=648324 ompt_id=27584547717644289 tipo=ompt_thread_worker     last_cpu=204 numa=1 mig=0 fallos=0 perf=full ipc=0.551 ratio_rm=0.0003
[OMPT] tid=648343 ompt_id=32932572275146753 tipo=ompt_thread_worker     last_cpu=186 numa=0 mig=0 fallos=0 perf=full ipc=0.512 ratio_rm=0.0029
[OMPT] tid=648292 ompt_id=18577348462903297 tipo=ompt_thread_worker     last_cpu=222 numa=1 mig=0 fallos=0 perf=full ipc=0.589 ratio_rm=0.0003
[OMPT] tid=648308 ompt_id=23080948090273793 tipo=ompt_thread_worker     last_cpu= 10 numa=0 mig=0 fallos=0 perf=full ipc=0.423 ratio_rm=0.0111
[OMPT] tid=648338 ompt_id=31525197391593473 tipo=ompt_thread_worker     last_cpu=219 numa=1 mig=0 fallos=0 perf=full ipc=0.583 ratio_rm=0.0004
[OMPT] tid=648274 ompt_id=13229323905400833 tipo=ompt_thread_worker     last_cpu=223 numa=1 mig=0 fallos=0 perf=full ipc=0.566 ratio_rm=0.0003
[OMPT] tid=648314 ompt_id=24769797950537729 tipo=ompt_thread_worker     last_cpu=209 numa=1 mig=0 fallos=0 perf=full ipc=0.402 ratio_rm=0.0002
[OMPT] tid=648280 ompt_id=15199648742375425 tipo=ompt_thread_worker     last_cpu=214 numa=1 mig=0 fallos=0 perf=full ipc=0.379 ratio_rm=0.0003
[OMPT] tid=648268 ompt_id=11821949021847553 tipo=ompt_thread_worker     last_cpu=215 numa=1 mig=0 fallos=0 perf=full ipc=0.391 ratio_rm=0.0002
[OMPT] tid=648270 ompt_id=12103423998558209 tipo=ompt_thread_worker     last_cpu=207 numa=1 mig=0 fallos=0 perf=full ipc=0.529 ratio_rm=0.0002
[OMPT] tid=648290 ompt_id=18014398509481985 tipo=ompt_thread_worker     last_cpu=206 numa=1 mig=0 fallos=0 perf=full ipc=0.533 ratio_rm=0.0002
[OMPT] tid=648340 ompt_id=32088147345014785 tipo=ompt_thread_worker     last_cpu=203 numa=1 mig=0 fallos=0 perf=full ipc=0.540 ratio_rm=0.0003
[OMPT] tid=648306 ompt_id=22517998136852481 tipo=ompt_thread_worker     last_cpu=205 numa=1 mig=0 fallos=0 perf=full ipc=0.530 ratio_rm=0.0002
[OMPT] tid=648315 ompt_id=25051272927248385 tipo=ompt_thread_worker     last_cpu=140 numa=0 mig=0 fallos=0 perf=full ipc=0.396 ratio_rm=0.0127
[OMPT] tid=648329 ompt_id=28991922601197569 tipo=ompt_thread_worker     last_cpu=171 numa=0 mig=0 fallos=0 perf=full ipc=0.445 ratio_rm=0.0027
[OMPT] tid=648284 ompt_id=16325548649218049 tipo=ompt_thread_worker     last_cpu=198 numa=1 mig=0 fallos=0 perf=full ipc=0.534 ratio_rm=0.0002
[OMPT] tid=648312 ompt_id=24206847997116417 tipo=ompt_thread_worker     last_cpu=196 numa=1 mig=0 fallos=0 perf=full ipc=0.538 ratio_rm=0.0003
[OMPT] tid=648300 ompt_id=20829148276588545 tipo=ompt_thread_worker     last_cpu=197 numa=1 mig=0 fallos=0 perf=full ipc=0.537 ratio_rm=0.0002
[OMPT] tid=648272 ompt_id=12947848928690177 tipo=ompt_thread_worker     last_cpu=199 numa=1 mig=0 fallos=0 perf=full ipc=0.531 ratio_rm=0.0002
[OMPT] tid=648328 ompt_id=28710447624486913 tipo=ompt_thread_worker     last_cpu=195 numa=1 mig=0 fallos=0 perf=full ipc=0.549 ratio_rm=0.0003
[OMPT] tid=648321 ompt_id=26740122787512321 tipo=ompt_thread_worker     last_cpu=164 numa=0 mig=0 fallos=0 perf=full ipc=0.465 ratio_rm=0.0046
[OMPT] tid=648287 ompt_id=17169973579350017 tipo=ompt_thread_worker     last_cpu=166 numa=0 mig=0 fallos=0 perf=full ipc=0.418 ratio_rm=0.0331
[OMPT] tid=648341 ompt_id=32369622321725441 tipo=ompt_thread_worker     last_cpu=134 numa=0 mig=0 fallos=0 perf=full ipc=0.354 ratio_rm=0.0028
[OMPT] tid=648334 ompt_id=30399297484750849 tipo=ompt_thread_worker     last_cpu=227 numa=1 mig=0 fallos=0 perf=full ipc=0.501 ratio_rm=0.0004
[OMPT] tid=648276 ompt_id=14073748835532801 tipo=ompt_thread_worker     last_cpu=183 numa=0 mig=0 fallos=0 perf=full ipc=0.518 ratio_rm=0.0094
[OMPT] tid=648327 ompt_id=28428972647776257 tipo=ompt_thread_worker     last_cpu=187 numa=0 mig=0 fallos=0 perf=full ipc=0.467 ratio_rm=0.0031
[OMPT] tid=648293 ompt_id=18858823439613953 tipo=ompt_thread_worker     last_cpu=174 numa=0 mig=0 fallos=0 perf=full ipc=0.407 ratio_rm=0.0036
[OMPT] tid=648345 ompt_id=33495522228568065 tipo=ompt_thread_worker     last_cpu=170 numa=0 mig=0 fallos=0 perf=full ipc=0.444 ratio_rm=0.0049
[OMPT] tid=648320 ompt_id=26458647810801665 tipo=ompt_thread_worker     last_cpu=228 numa=1 mig=0 fallos=0 perf=full ipc=0.522 ratio_rm=0.0004
[OMPT] tid=648286 ompt_id=16888498602639361 tipo=ompt_thread_worker     last_cpu=230 numa=1 mig=0 fallos=0 perf=full ipc=0.492 ratio_rm=0.0002
[OMPT] tid=648304 ompt_id=21955048183431169 tipo=ompt_thread_worker     last_cpu=229 numa=1 mig=0 fallos=0 perf=full ipc=0.534 ratio_rm=0.0003
[OMPT] tid=648269 ompt_id=12384898975268865 tipo=ompt_thread_worker     last_cpu=143 numa=0 mig=0 fallos=0 perf=full ipc=0.394 ratio_rm=0.0053
[OMPT] tid=648307 ompt_id=22799473113563137 tipo=ompt_thread_worker     last_cpu=141 numa=0 mig=0 fallos=0 perf=full ipc=0.370 ratio_rm=0.0117
[OMPT] tid=648283 ompt_id=16044073672507393 tipo=ompt_thread_worker     last_cpu=142 numa=0 mig=0 fallos=0 perf=full ipc=0.391 ratio_rm=0.0122
[OMPT] tid=648337 ompt_id=31243722414882817 tipo=ompt_thread_worker     last_cpu=139 numa=0 mig=0 fallos=0 perf=full ipc=0.407 ratio_rm=0.0051
[OMPT] tid=648310 ompt_id=23643898043695105 tipo=ompt_thread_worker     last_cpu=173 numa=0 mig=0 fallos=0 perf=full ipc=0.431 ratio_rm=0.0034
[OMPT] tid=648277 ompt_id=14355223812243457 tipo=ompt_thread_worker     last_cpu=175 numa=0 mig=0 fallos=0 perf=full ipc=0.394 ratio_rm=0.0045
[OMPT] tid=648309 ompt_id=23362423066984449 tipo=ompt_thread_worker     last_cpu=250 numa=1 mig=0 fallos=0 perf=full ipc=0.347 ratio_rm=0.0003
[OMPT] tid=648333 ompt_id=30117822508040193 tipo=ompt_thread_worker     last_cpu=162 numa=0 mig=0 fallos=0 perf=full ipc=0.392 ratio_rm=0.0133
[OMPT] tid=648271 ompt_id=12666373951979521 tipo=ompt_thread_worker     last_cpu=167 numa=0 mig=0 fallos=0 perf=full ipc=0.355 ratio_rm=0.0128
[OMPT] tid=648281 ompt_id=15481123719086081 tipo=ompt_thread_worker     last_cpu=190 numa=0 mig=0 fallos=0 perf=full ipc=0.435 ratio_rm=0.0078
[OMPT] tid=648313 ompt_id=24488322973827073 tipo=ompt_thread_worker     last_cpu=188 numa=0 mig=0 fallos=0 perf=full ipc=0.435 ratio_rm=0.0165
[OMPT] tid=648278 ompt_id=14636698788954113 tipo=ompt_thread_worker     last_cpu=248 numa=1 mig=0 fallos=0 perf=full ipc=0.383 ratio_rm=0.0003
[OMPT] tid=648326 ompt_id=28147497671065601 tipo=ompt_thread_worker     last_cpu=251 numa=1 mig=0 fallos=0 perf=full ipc=0.384 ratio_rm=0.0003
[OMPT] tid=648294 ompt_id=19140298416324609 tipo=ompt_thread_worker     last_cpu=249 numa=1 mig=0 fallos=0 perf=full ipc=0.381 ratio_rm=0.0004
[OMPT] ===== Overhead intrínseco =====
  monitor: 5 ticks, 11247.4 us total (max 6045.2 us/tick)
  callbacks implicit_task: 20993, 11697142.0 us total
  migraciones: 0 (0.0 us total)
  resyncs=0  lecturas escaladas por multiplexado=1536
  hilos con perf fallido=0  parcial(ipc_only)=0
  ventanas con ciclos=128  con fills=128
