[OMPT] ompt_initialize (OPCIÓN C: integrador con fugas)  verbose=0  migracion=DESACTIVADA
[HWLOC] Nodos NUMA detectados: 2 (usados: 2)
[HWLOC] Nodo 0: 128 CPUs
[HWLOC] Nodo 1: 128 CPUs
[OMPT] callback 'ompt_callback_thread_begin' registrado (result=5)
[OMPT] callback 'ompt_callback_thread_end' registrado (result=5)
[OMPT] callback 'ompt_callback_parallel_begin' registrado (result=5)
[OMPT] callback 'ompt_callback_parallel_end' registrado (result=5)
[OMPT] callback 'ompt_callback_implicit_task' registrado (result=5)
[OMPT] callback 'ompt_callback_control_tool' registrado (result=5)
[OMPT] Callbacks registrados
[OMPT] Sistema: 0 procesadores lógicos
[OMPT][MON] Monitor (C: integrador con fugas)  período=100ms  warmup=5  T=ref+1.00*MAD  leak=0.50*MAD  cap=8.00*MAD  max_mig=1  migracion=DESACTIVADA
[perf_region] tool OMPT detectado: los contadores los lleva el tool, no se abren aqui
[OMPT] control_tool: INICIANDO medicion
[OMPT] control_tool: PAUSANDO medicion
[OMPT] ompt_finalize
[OMPT][MON] Monitor detenido tras 2 ventanas
[OMPT] CSV de ventanas: 0 filas volcadas (0 descartadas)
[OMPT] ===== Tabla final: 128 hilos =====
[OMPT] tid=619054 ompt_id=281474976710657 tipo=ompt_thread_initial    last_cpu=255 numa=1 mig=0 fallos=0 perf=full ipc=0.508 ratio_rm=0.0039
[OMPT] tid=619056 ompt_id=562949953421313 tipo=ompt_thread_worker     last_cpu=254 numa=1 mig=0 fallos=0 perf=full ipc=0.347 ratio_rm=0.0043
[OMPT] tid=619058 ompt_id=1125899906842625 tipo=ompt_thread_worker     last_cpu=123 numa=1 mig=0 fallos=0 perf=full ipc=0.397 ratio_rm=0.0188
[OMPT] tid=619057 ompt_id=844424930131969 tipo=ompt_thread_worker     last_cpu=124 numa=1 mig=0 fallos=0 perf=full ipc=0.354 ratio_rm=0.0082
[OMPT] tid=619059 ompt_id=1407374883553281 tipo=ompt_thread_worker     last_cpu=218 numa=1 mig=0 fallos=0 perf=full ipc=0.494 ratio_rm=0.1343
[OMPT] tid=619060 ompt_id=1688849860263937 tipo=ompt_thread_worker     last_cpu= 80 numa=1 mig=0 fallos=0 perf=full ipc=0.270 ratio_rm=0.0721
[OMPT] tid=619061 ompt_id=1970324836974593 tipo=ompt_thread_worker     last_cpu= 10 numa=0 mig=0 fallos=0 perf=full ipc=0.137 ratio_rm=0.0136
[OMPT] tid=619062 ompt_id=2251799813685249 tipo=ompt_thread_worker     last_cpu=122 numa=1 mig=0 fallos=0 perf=full ipc=0.316 ratio_rm=0.0278
[OMPT] tid=619063 ompt_id=2533274790395905 tipo=ompt_thread_worker     last_cpu=121 numa=1 mig=0 fallos=0 perf=full ipc=0.331 ratio_rm=0.0249
[OMPT] tid=619065 ompt_id=3096224743817217 tipo=ompt_thread_worker     last_cpu=161 numa=0 mig=0 fallos=0 perf=full ipc=0.287 ratio_rm=0.0109
[OMPT] tid=619066 ompt_id=3377699720527873 tipo=ompt_thread_worker     last_cpu=  9 numa=0 mig=0 fallos=0 perf=full ipc=0.307 ratio_rm=0.0134
[OMPT] tid=619067 ompt_id=3659174697238529 tipo=ompt_thread_worker     last_cpu=182 numa=0 mig=0 fallos=0 perf=full ipc=0.225 ratio_rm=0.0254
[OMPT] tid=619064 ompt_id=2814749767106561 tipo=ompt_thread_worker     last_cpu=206 numa=1 mig=0 fallos=0 perf=full ipc=0.299 ratio_rm=0.0447
[OMPT] tid=619068 ompt_id=3940649673949185 tipo=ompt_thread_worker     last_cpu= 12 numa=0 mig=0 fallos=0 perf=full ipc=0.136 ratio_rm=0.0166
[OMPT] tid=619069 ompt_id=4222124650659841 tipo=ompt_thread_worker     last_cpu=120 numa=1 mig=0 fallos=0 perf=full ipc=0.319 ratio_rm=0.0258
[OMPT] tid=619070 ompt_id=4503599627370497 tipo=ompt_thread_worker     last_cpu=  8 numa=0 mig=0 fallos=0 perf=full ipc=0.264 ratio_rm=0.0192
[OMPT] tid=619071 ompt_id=4785074604081153 tipo=ompt_thread_worker     last_cpu=228 numa=1 mig=0 fallos=0 perf=full ipc=0.356 ratio_rm=0.0362
[OMPT] tid=619072 ompt_id=5066549580791809 tipo=ompt_thread_worker     last_cpu= 13 numa=0 mig=0 fallos=0 perf=full ipc=0.173 ratio_rm=0.0240
[OMPT] tid=619073 ompt_id=5348024557502465 tipo=ompt_thread_worker     last_cpu= 11 numa=0 mig=0 fallos=0 perf=full ipc=0.149 ratio_rm=0.0265
[OMPT] tid=619074 ompt_id=5629499534213121 tipo=ompt_thread_worker     last_cpu=126 numa=1 mig=0 fallos=0 perf=full ipc=0.334 ratio_rm=0.0177
[OMPT] tid=619075 ompt_id=5910974510923777 tipo=ompt_thread_worker     last_cpu=130 numa=0 mig=0 fallos=0 perf=full ipc=0.146 ratio_rm=0.0309
[OMPT] tid=619076 ompt_id=6192449487634433 tipo=ompt_thread_worker     last_cpu= 72 numa=1 mig=0 fallos=0 perf=full ipc=0.413 ratio_rm=0.1043
[OMPT] tid=619077 ompt_id=6473924464345089 tipo=ompt_thread_worker     last_cpu=133 numa=0 mig=0 fallos=0 perf=full ipc=0.176 ratio_rm=0.0167
[OMPT] tid=619078 ompt_id=6755399441055745 tipo=ompt_thread_worker     last_cpu=131 numa=0 mig=0 fallos=0 perf=full ipc=0.161 ratio_rm=0.0152
[OMPT] tid=619079 ompt_id=7036874417766401 tipo=ompt_thread_worker     last_cpu=  6 numa=0 mig=0 fallos=0 perf=full ipc=0.168 ratio_rm=0.0288
[OMPT] tid=619080 ompt_id=7318349394477057 tipo=ompt_thread_worker     last_cpu=129 numa=0 mig=0 fallos=0 perf=full ipc=0.162 ratio_rm=0.0153
[OMPT] tid=619081 ompt_id=7599824371187713 tipo=ompt_thread_worker     last_cpu=128 numa=0 mig=0 fallos=0 perf=full ipc=0.172 ratio_rm=0.0169
[OMPT] tid=619082 ompt_id=7881299347898369 tipo=ompt_thread_worker     last_cpu=  7 numa=0 mig=0 fallos=0 perf=full ipc=0.172 ratio_rm=0.0152
[OMPT] tid=619083 ompt_id=8162774324609025 tipo=ompt_thread_worker     last_cpu=  3 numa=0 mig=0 fallos=0 perf=full ipc=0.165 ratio_rm=0.0313
[OMPT] tid=619084 ompt_id=8444249301319681 tipo=ompt_thread_worker     last_cpu=132 numa=0 mig=0 fallos=0 perf=full ipc=0.166 ratio_rm=0.0137
[OMPT] tid=619085 ompt_id=8725724278030337 tipo=ompt_thread_worker     last_cpu=  5 numa=0 mig=0 fallos=0 perf=full ipc=0.175 ratio_rm=0.0172
[OMPT] tid=619086 ompt_id=9007199254740993 tipo=ompt_thread_worker     last_cpu=  4 numa=0 mig=0 fallos=0 perf=full ipc=0.145 ratio_rm=0.0171
[OMPT] tid=619087 ompt_id=9288674231451649 tipo=ompt_thread_worker     last_cpu=125 numa=1 mig=0 fallos=0 perf=full ipc=0.353 ratio_rm=0.0148
[OMPT] tid=619088 ompt_id=9570149208162305 tipo=ompt_thread_worker     last_cpu=253 numa=1 mig=0 fallos=0 perf=full ipc=0.357 ratio_rm=0.0169
[OMPT] tid=619089 ompt_id=9851624184872961 tipo=ompt_thread_worker     last_cpu=127 numa=1 mig=0 fallos=0 perf=full ipc=0.443 ratio_rm=0.0167
[OMPT] tid=619090 ompt_id=10133099161583617 tipo=ompt_thread_worker     last_cpu=112 numa=1 mig=0 fallos=0 perf=full ipc=0.298 ratio_rm=0.0442
[OMPT] tid=619111 ompt_id=16044073672507393 tipo=ompt_thread_worker     last_cpu= 49 numa=0 mig=0 fallos=0 perf=full ipc=0.255 ratio_rm=0.0340
[OMPT] tid=619118 ompt_id=18014398509481985 tipo=ompt_thread_worker     last_cpu= 40 numa=0 mig=0 fallos=0 perf=full ipc=0.320 ratio_rm=0.0185
[OMPT] tid=619143 ompt_id=25051272927248385 tipo=ompt_thread_worker     last_cpu=172 numa=0 mig=0 fallos=0 perf=full ipc=0.273 ratio_rm=0.0347
[OMPT] tid=619182 ompt_id=36028797018963969 tipo=ompt_thread_worker     last_cpu=179 numa=0 mig=0 fallos=0 perf=full ipc=0.261 ratio_rm=0.0163
[OMPT] tid=619148 ompt_id=26458647810801665 tipo=ompt_thread_worker     last_cpu= 48 numa=0 mig=0 fallos=0 perf=full ipc=0.260 ratio_rm=0.0154
[OMPT] tid=619180 ompt_id=35465847065542657 tipo=ompt_thread_worker     last_cpu=226 numa=1 mig=0 fallos=0 perf=full ipc=0.452 ratio_rm=0.1102
[OMPT] tid=619160 ompt_id=29836347531329537 tipo=ompt_thread_worker     last_cpu=227 numa=1 mig=0 fallos=0 perf=full ipc=0.377 ratio_rm=0.0299
[OMPT] tid=619094 ompt_id=11258999068426241 tipo=ompt_thread_worker     last_cpu=231 numa=1 mig=0 fallos=0 perf=full ipc=0.357 ratio_rm=0.0226
[OMPT] tid=619132 ompt_id=21955048183431169 tipo=ompt_thread_worker     last_cpu=229 numa=1 mig=0 fallos=0 perf=full ipc=0.363 ratio_rm=0.0218
[OMPT] tid=619114 ompt_id=16888498602639361 tipo=ompt_thread_worker     last_cpu=230 numa=1 mig=0 fallos=0 perf=full ipc=0.356 ratio_rm=0.0238
[OMPT] tid=619156 ompt_id=28710447624486913 tipo=ompt_thread_worker     last_cpu=211 numa=1 mig=0 fallos=0 perf=full ipc=0.292 ratio_rm=0.0453
[OMPT] tid=619177 ompt_id=34621422135410689 tipo=ompt_thread_worker     last_cpu=154 numa=0 mig=0 fallos=0 perf=full ipc=0.317 ratio_rm=0.0347
[OMPT] tid=619174 ompt_id=33776997205278721 tipo=ompt_thread_worker     last_cpu=234 numa=1 mig=0 fallos=0 perf=full ipc=0.477 ratio_rm=0.1049
[OMPT] tid=619162 ompt_id=30399297484750849 tipo=ompt_thread_worker     last_cpu=235 numa=1 mig=0 fallos=0 perf=full ipc=0.369 ratio_rm=0.0309
[OMPT] tid=619130 ompt_id=21392098230009857 tipo=ompt_thread_worker     last_cpu=237 numa=1 mig=0 fallos=0 perf=full ipc=0.370 ratio_rm=0.0232
[OMPT] tid=619096 ompt_id=11821949021847553 tipo=ompt_thread_worker     last_cpu=239 numa=1 mig=0 fallos=0 perf=full ipc=0.368 ratio_rm=0.0212
[OMPT] tid=619144 ompt_id=25332747903959041 tipo=ompt_thread_worker     last_cpu=236 numa=1 mig=0 fallos=0 perf=full ipc=0.375 ratio_rm=0.0299
[OMPT] tid=619116 ompt_id=17451448556060673 tipo=ompt_thread_worker     last_cpu=238 numa=1 mig=0 fallos=0 perf=full ipc=0.372 ratio_rm=0.0245
[OMPT] tid=619129 ompt_id=21110623253299201 tipo=ompt_thread_worker     last_cpu=141 numa=0 mig=0 fallos=0 perf=full ipc=0.166 ratio_rm=0.0347
[OMPT] tid=619176 ompt_id=34339947158700033 tipo=ompt_thread_worker     last_cpu=194 numa=1 mig=0 fallos=0 perf=full ipc=0.490 ratio_rm=0.1333
[OMPT] tid=619146 ompt_id=25895697857380353 tipo=ompt_thread_worker     last_cpu=196 numa=1 mig=0 fallos=0 perf=full ipc=0.366 ratio_rm=0.0381
[OMPT] tid=619164 ompt_id=30962247438172161 tipo=ompt_thread_worker     last_cpu=195 numa=1 mig=0 fallos=0 perf=full ipc=0.345 ratio_rm=0.0549
[OMPT] tid=619110 ompt_id=15762598695796737 tipo=ompt_thread_worker     last_cpu=198 numa=1 mig=0 fallos=0 perf=full ipc=0.375 ratio_rm=0.0277
[OMPT] tid=619137 ompt_id=23362423066984449 tipo=ompt_thread_worker     last_cpu=165 numa=0 mig=0 fallos=0 perf=full ipc=0.223 ratio_rm=0.0250
[OMPT] tid=619165 ompt_id=31243722414882817 tipo=ompt_thread_worker     last_cpu=155 numa=0 mig=0 fallos=0 perf=full ipc=0.260 ratio_rm=0.0359
[OMPT] tid=619097 ompt_id=12384898975268865 tipo=ompt_thread_worker     last_cpu=159 numa=0 mig=0 fallos=0 perf=full ipc=0.223 ratio_rm=0.0008
[OMPT] tid=619131 ompt_id=21673573206720513 tipo=ompt_thread_worker     last_cpu=157 numa=0 mig=0 fallos=0 perf=full ipc=0.241 ratio_rm=0.0483
[OMPT] tid=619147 ompt_id=26177172834091009 tipo=ompt_thread_worker     last_cpu=180 numa=0 mig=0 fallos=0 perf=full ipc=0.168 ratio_rm=0.0304
[OMPT] tid=619135 ompt_id=22799473113563137 tipo=ompt_thread_worker     last_cpu=181 numa=0 mig=0 fallos=0 perf=full ipc=0.236 ratio_rm=0.0465
[OMPT] tid=619099 ompt_id=12947848928690177 tipo=ompt_thread_worker     last_cpu=183 numa=0 mig=0 fallos=0 perf=full ipc=0.246 ratio_rm=0.0339
[OMPT] tid=619179 ompt_id=35184372088832001 tipo=ompt_thread_worker     last_cpu=178 numa=0 mig=0 fallos=0 perf=full ipc=0.315 ratio_rm=0.0440
[OMPT] tid=619157 ompt_id=28991922601197569 tipo=ompt_thread_worker     last_cpu= 52 numa=0 mig=0 fallos=0 perf=full ipc=0.135 ratio_rm=0.0265
[OMPT] tid=619113 ompt_id=16607023625928705 tipo=ompt_thread_worker     last_cpu=142 numa=0 mig=0 fallos=0 perf=full ipc=0.206 ratio_rm=0.0361
[OMPT] tid=619181 ompt_id=35747322042253313 tipo=ompt_thread_worker     last_cpu=138 numa=0 mig=0 fallos=0 perf=full ipc=0.153 ratio_rm=0.0387
[OMPT] tid=619145 ompt_id=25614222880669697 tipo=ompt_thread_worker     last_cpu=140 numa=0 mig=0 fallos=0 perf=full ipc=0.145 ratio_rm=0.0415
[OMPT] tid=619101 ompt_id=13510798882111489 tipo=ompt_thread_worker     last_cpu=143 numa=0 mig=0 fallos=0 perf=full ipc=0.174 ratio_rm=0.0376
[OMPT] tid=619167 ompt_id=31806672368304129 tipo=ompt_thread_worker     last_cpu=139 numa=0 mig=0 fallos=0 perf=full ipc=0.149 ratio_rm=0.0707
[OMPT] tid=619105 ompt_id=14636698788954113 tipo=ompt_thread_worker     last_cpu=151 numa=0 mig=0 fallos=0 perf=full ipc=0.292 ratio_rm=0.0406
[OMPT] tid=619159 ompt_id=29554872554618881 tipo=ompt_thread_worker     last_cpu=147 numa=0 mig=0 fallos=0 perf=full ipc=0.322 ratio_rm=0.0608
[OMPT] tid=619121 ompt_id=18858823439613953 tipo=ompt_thread_worker     last_cpu=150 numa=0 mig=0 fallos=0 perf=full ipc=0.331 ratio_rm=0.0354
[OMPT] tid=619172 ompt_id=33214047251857409 tipo=ompt_thread_worker     last_cpu=210 numa=1 mig=0 fallos=0 perf=full ipc=0.360 ratio_rm=0.0984
[OMPT] tid=619119 ompt_id=18295873486192641 tipo=ompt_thread_worker     last_cpu=166 numa=0 mig=0 fallos=0 perf=full ipc=0.214 ratio_rm=0.0634
[OMPT] tid=619104 ompt_id=14073748835532801 tipo=ompt_thread_worker     last_cpu=167 numa=0 mig=0 fallos=0 perf=full ipc=0.215 ratio_rm=0.0245
[OMPT] tid=619175 ompt_id=34058472181989377 tipo=ompt_thread_worker     last_cpu=170 numa=0 mig=0 fallos=0 perf=full ipc=0.303 ratio_rm=0.0477
[OMPT] tid=619100 ompt_id=12666373951979521 tipo=ompt_thread_worker     last_cpu=207 numa=1 mig=0 fallos=0 perf=full ipc=0.300 ratio_rm=0.0397
[OMPT] tid=619152 ompt_id=27584547717644289 tipo=ompt_thread_worker     last_cpu=204 numa=1 mig=0 fallos=0 perf=full ipc=0.310 ratio_rm=0.0524
[OMPT] tid=619134 ompt_id=22517998136852481 tipo=ompt_thread_worker     last_cpu=205 numa=1 mig=0 fallos=0 perf=full ipc=0.314 ratio_rm=0.0373
[OMPT] tid=619106 ompt_id=14355223812243457 tipo=ompt_thread_worker     last_cpu=248 numa=1 mig=0 fallos=0 perf=full ipc=0.320 ratio_rm=0.0278
[OMPT] tid=619122 ompt_id=19140298416324609 tipo=ompt_thread_worker     last_cpu=249 numa=1 mig=0 fallos=0 perf=full ipc=0.349 ratio_rm=0.0247
[OMPT] tid=619154 ompt_id=28147497671065601 tipo=ompt_thread_worker     last_cpu=251 numa=1 mig=0 fallos=0 perf=full ipc=0.374 ratio_rm=0.0202
[OMPT] tid=619170 ompt_id=32651097298436097 tipo=ompt_thread_worker     last_cpu=252 numa=1 mig=0 fallos=0 perf=full ipc=0.343 ratio_rm=0.0213
[OMPT] tid=619138 ompt_id=23643898043695105 tipo=ompt_thread_worker     last_cpu=250 numa=1 mig=0 fallos=0 perf=full ipc=0.344 ratio_rm=0.0266
[OMPT] tid=619108 ompt_id=15199648742375425 tipo=ompt_thread_worker     last_cpu=214 numa=1 mig=0 fallos=0 perf=full ipc=0.264 ratio_rm=0.0285
[OMPT] tid=619140 ompt_id=24206847997116417 tipo=ompt_thread_worker     last_cpu=212 numa=1 mig=0 fallos=0 perf=full ipc=0.297 ratio_rm=0.0400
[OMPT] tid=619124 ompt_id=19703248369745921 tipo=ompt_thread_worker     last_cpu=213 numa=1 mig=0 fallos=0 perf=full ipc=0.268 ratio_rm=0.0343
[OMPT] tid=619098 ompt_id=12103423998558209 tipo=ompt_thread_worker     last_cpu=215 numa=1 mig=0 fallos=0 perf=full ipc=0.265 ratio_rm=0.0256
[OMPT] tid=619091 ompt_id=10414574138294273 tipo=ompt_thread_worker     last_cpu=199 numa=1 mig=0 fallos=0 perf=full ipc=0.331 ratio_rm=0.0455
[OMPT] tid=619126 ompt_id=20266198323167233 tipo=ompt_thread_worker     last_cpu=197 numa=1 mig=0 fallos=0 perf=full ipc=0.371 ratio_rm=0.0395
[OMPT] tid=619163 ompt_id=30680772461461505 tipo=ompt_thread_worker     last_cpu=171 numa=0 mig=0 fallos=0 perf=full ipc=0.261 ratio_rm=0.0423
[OMPT] tid=619169 ompt_id=32369622321725441 tipo=ompt_thread_worker     last_cpu=135 numa=0 mig=0 fallos=0 perf=full ipc=0.184 ratio_rm=0.0431
[OMPT] tid=619168 ompt_id=32088147345014785 tipo=ompt_thread_worker     last_cpu=203 numa=1 mig=0 fallos=0 perf=full ipc=0.315 ratio_rm=0.0579
[OMPT] tid=619178 ompt_id=34902897112121345 tipo=ompt_thread_worker     last_cpu=242 numa=1 mig=0 fallos=0 perf=full ipc=0.319 ratio_rm=0.0809
[OMPT] tid=619092 ompt_id=10696049115004929 tipo=ompt_thread_worker     last_cpu=223 numa=1 mig=0 fallos=0 perf=full ipc=0.374 ratio_rm=0.0282
[OMPT] tid=619158 ompt_id=29273397577908225 tipo=ompt_thread_worker     last_cpu=219 numa=1 mig=0 fallos=0 perf=full ipc=0.396 ratio_rm=0.0290
[OMPT] tid=619142 ompt_id=24769797950537729 tipo=ompt_thread_worker     last_cpu=220 numa=1 mig=0 fallos=0 perf=full ipc=0.376 ratio_rm=0.0366
[OMPT] tid=619112 ompt_id=16325548649218049 tipo=ompt_thread_worker     last_cpu=222 numa=1 mig=0 fallos=0 perf=full ipc=0.374 ratio_rm=0.0255
[OMPT] tid=619153 ompt_id=27866022694354945 tipo=ompt_thread_worker     last_cpu=156 numa=0 mig=0 fallos=0 perf=full ipc=0.300 ratio_rm=0.0447
[OMPT] tid=619173 ompt_id=33495522228568065 tipo=ompt_thread_worker     last_cpu=162 numa=0 mig=0 fallos=0 perf=full ipc=0.314 ratio_rm=0.0479
[OMPT] tid=619151 ompt_id=27303072740933633 tipo=ompt_thread_worker     last_cpu=164 numa=0 mig=0 fallos=0 perf=full ipc=0.286 ratio_rm=0.0527
[OMPT] tid=619166 ompt_id=31525197391593473 tipo=ompt_thread_worker     last_cpu=243 numa=1 mig=0 fallos=0 perf=full ipc=0.314 ratio_rm=0.0388
[OMPT] tid=619149 ompt_id=26740122787512321 tipo=ompt_thread_worker     last_cpu=148 numa=0 mig=0 fallos=0 perf=full ipc=0.310 ratio_rm=0.0406
[OMPT] tid=619133 ompt_id=22236523160141825 tipo=ompt_thread_worker     last_cpu=149 numa=0 mig=0 fallos=0 perf=full ipc=0.314 ratio_rm=0.0521
[OMPT] tid=619103 ompt_id=13792273858822145 tipo=ompt_thread_worker     last_cpu=175 numa=0 mig=0 fallos=0 perf=full ipc=0.303 ratio_rm=0.0509
[OMPT] tid=619171 ompt_id=32932572275146753 tipo=ompt_thread_worker     last_cpu=186 numa=0 mig=0 fallos=0 perf=full ipc=0.296 ratio_rm=0.0429
[OMPT] tid=619136 ompt_id=23080948090273793 tipo=ompt_thread_worker     last_cpu=245 numa=1 mig=0 fallos=0 perf=full ipc=0.281 ratio_rm=0.0361
[OMPT] tid=619150 ompt_id=27021597764222977 tipo=ompt_thread_worker     last_cpu=244 numa=1 mig=0 fallos=0 perf=full ipc=0.296 ratio_rm=0.0348
[OMPT] tid=619120 ompt_id=18577348462903297 tipo=ompt_thread_worker     last_cpu=246 numa=1 mig=0 fallos=0 perf=full ipc=0.294 ratio_rm=0.0232
[OMPT] tid=619102 ompt_id=13229323905400833 tipo=ompt_thread_worker     last_cpu=247 numa=1 mig=0 fallos=0 perf=full ipc=0.266 ratio_rm=0.0220
[OMPT] tid=619123 ompt_id=19421773393035265 tipo=ompt_thread_worker     last_cpu=  1 numa=0 mig=0 fallos=0 perf=full ipc=0.173 ratio_rm=0.0535
[OMPT] tid=619161 ompt_id=30117822508040193 tipo=ompt_thread_worker     last_cpu=163 numa=0 mig=0 fallos=0 perf=full ipc=0.231 ratio_rm=0.0369
[OMPT] tid=619117 ompt_id=17732923532771329 tipo=ompt_thread_worker     last_cpu=158 numa=0 mig=0 fallos=0 perf=full ipc=0.221 ratio_rm=0.0488
[OMPT] tid=619127 ompt_id=20547673299877889 tipo=ompt_thread_worker     last_cpu=173 numa=0 mig=0 fallos=0 perf=full ipc=0.224 ratio_rm=0.0418
[OMPT] tid=619093 ompt_id=10977524091715585 tipo=ompt_thread_worker     last_cpu=191 numa=0 mig=0 fallos=0 perf=full ipc=0.236 ratio_rm=0.0205
[OMPT] tid=619107 ompt_id=14918173765664769 tipo=ompt_thread_worker     last_cpu=190 numa=0 mig=0 fallos=0 perf=full ipc=0.215 ratio_rm=0.0323
[OMPT] tid=619155 ompt_id=28428972647776257 tipo=ompt_thread_worker     last_cpu=187 numa=0 mig=0 fallos=0 perf=full ipc=0.266 ratio_rm=0.0361
[OMPT] tid=619125 ompt_id=19984723346456577 tipo=ompt_thread_worker     last_cpu=189 numa=0 mig=0 fallos=0 perf=full ipc=0.203 ratio_rm=0.0195
[OMPT] tid=619095 ompt_id=11540474045136897 tipo=ompt_thread_worker     last_cpu=  0 numa=0 mig=0 fallos=0 perf=full ipc=0.157 ratio_rm=0.0661
[OMPT] tid=619115 ompt_id=17169973579350017 tipo=ompt_thread_worker     last_cpu=174 numa=0 mig=0 fallos=0 perf=full ipc=0.250 ratio_rm=0.0303
[OMPT] tid=619128 ompt_id=20829148276588545 tipo=ompt_thread_worker     last_cpu=221 numa=1 mig=0 fallos=0 perf=full ipc=0.379 ratio_rm=0.0357
[OMPT] tid=619141 ompt_id=24488322973827073 tipo=ompt_thread_worker     last_cpu=188 numa=0 mig=0 fallos=0 perf=full ipc=0.241 ratio_rm=0.0264
[OMPT] tid=619139 ompt_id=23925373020405761 tipo=ompt_thread_worker     last_cpu=  2 numa=0 mig=0 fallos=0 perf=full ipc=0.156 ratio_rm=0.0595
[OMPT] tid=619109 ompt_id=15481123719086081 tipo=ompt_thread_worker     last_cpu=134 numa=0 mig=0 fallos=0 perf=full ipc=0.199 ratio_rm=0.0454
[OMPT] ===== Overhead intrínseco =====
  monitor: 2 ticks, 3601.3 us total (max 3599.2 us/tick)
  callbacks implicit_task: 20993, 9060487.0 us total
  migraciones: 0 (0.0 us total)
  resyncs=0  lecturas escaladas por multiplexado=1024
  hilos con perf fallido=0  parcial(ipc_only)=0
  ventanas con ciclos=0  con fills=0
