[OMPT] ompt_initialize (OPCIÓN C: integrador con fugas)  verbose=0  migracion=activa
[HWLOC] Nodos NUMA detectados: 2 (usados: 2)
[HWLOC] Nodo 0: 128 CPUs
[HWLOC] Nodo 1: 128 CPUs
[OMPT] callback 'ompt_callback_thread_begin' registrado (result=5)
[OMPT] callback 'ompt_callback_thread_end' registrado (result=5)
[OMPT] callback 'ompt_callback_parallel_begin' registrado (result=5)
[OMPT] callback 'ompt_callback_parallel_end' registrado (result=5)
[OMPT] callback 'ompt_callback_implicit_task' registrado (result=5)
[OMPT] callback 'ompt_callback_control_tool' registrado (result=5)
[OMPT] Callbacks registrados
[OMPT] Sistema: 0 procesadores lógicos
[OMPT][MON] Monitor (C: integrador con fugas)  período=100ms  warmup=5  T=ref+1.00*MAD  leak=0.50*MAD  cap=8.00*MAD  max_mig=1  migracion=activa
[perf_region] tool OMPT detectado: los contadores los lleva el tool, no se abren aqui
[OMPT] control_tool: INICIANDO medicion
[OMPT] control_tool: PAUSANDO medicion
[OMPT] ompt_finalize
[OMPT][MON] Monitor detenido tras 7 ventanas
[OMPT] CSV de ventanas: 48 filas volcadas (0 descartadas)
[OMPT] ===== Tabla final: 16 hilos =====
[OMPT] tid=643971 ompt_id=281474976710657 tipo=ompt_thread_initial    last_cpu=255 numa=1 mig=0 fallos=0 perf=full ipc=0.954 ratio_rm=0.0001
[OMPT] tid=643974 ompt_id=562949953421313 tipo=ompt_thread_worker     last_cpu= 80 numa=1 mig=0 fallos=0 perf=full ipc=0.970 ratio_rm=0.0000
[OMPT] tid=643975 ompt_id=1125899906842625 tipo=ompt_thread_worker     last_cpu=112 numa=1 mig=0 fallos=0 perf=full ipc=0.891 ratio_rm=0.0000
[OMPT] tid=643973 ompt_id=844424930131969 tipo=ompt_thread_worker     last_cpu=207 numa=1 mig=0 fallos=0 perf=full ipc=0.951 ratio_rm=0.0000
[OMPT] tid=643976 ompt_id=1407374883553281 tipo=ompt_thread_worker     last_cpu= 64 numa=1 mig=0 fallos=0 perf=full ipc=0.905 ratio_rm=0.0000
[OMPT] tid=643977 ompt_id=1688849860263937 tipo=ompt_thread_worker     last_cpu=231 numa=1 mig=0 fallos=0 perf=full ipc=1.005 ratio_rm=0.0001
[OMPT] tid=643979 ompt_id=2251799813685249 tipo=ompt_thread_worker     last_cpu=239 numa=1 mig=0 fallos=0 perf=full ipc=1.005 ratio_rm=0.0001
[OMPT] tid=643980 ompt_id=2533274790395905 tipo=ompt_thread_worker     last_cpu= 16 numa=0 mig=0 fallos=0 perf=full ipc=0.797 ratio_rm=0.0452
[OMPT] tid=643978 ompt_id=1970324836974593 tipo=ompt_thread_worker     last_cpu= 89 numa=1 mig=0 fallos=0 perf=full ipc=0.971 ratio_rm=0.0001
[OMPT] tid=643983 ompt_id=2814749767106561 tipo=ompt_thread_worker     last_cpu= 72 numa=1 mig=0 fallos=0 perf=full ipc=0.902 ratio_rm=0.0001
[OMPT] tid=643981 ompt_id=3096224743817217 tipo=ompt_thread_worker     last_cpu=247 numa=1 mig=0 fallos=0 perf=full ipc=0.926 ratio_rm=0.0001
[OMPT] tid=643982 ompt_id=3377699720527873 tipo=ompt_thread_worker     last_cpu=199 numa=1 mig=0 fallos=0 perf=full ipc=0.926 ratio_rm=0.0001
[OMPT] tid=643986 ompt_id=4222124650659841 tipo=ompt_thread_worker     last_cpu=143 numa=0 mig=0 fallos=0 perf=full ipc=0.610 ratio_rm=0.0671
[OMPT] tid=643984 ompt_id=3659174697238529 tipo=ompt_thread_worker     last_cpu=128 numa=0 mig=0 fallos=0 perf=full ipc=0.602 ratio_rm=0.0662
[OMPT] tid=643987 ompt_id=4503599627370497 tipo=ompt_thread_worker     last_cpu= 95 numa=1 mig=0 fallos=0 perf=full ipc=0.764 ratio_rm=0.0000
[OMPT] tid=643985 ompt_id=3940649673949185 tipo=ompt_thread_worker     last_cpu=215 numa=1 mig=0 fallos=0 perf=full ipc=0.897 ratio_rm=0.0000
[OMPT] ===== Overhead intrínseco =====
  monitor: 7 ticks, 920.6 us total (max 278.3 us/tick)
  callbacks implicit_task: 2625, 116670.8 us total
  migraciones: 0 (0.0 us total)
  resyncs=0  lecturas escaladas por multiplexado=320
  hilos con perf fallido=0  parcial(ipc_only)=0
  ventanas con ciclos=48  con fills=48
