[OMPT] ompt_initialize (OPCIÓN C: integrador con fugas)  verbose=0  migracion=activa
[HWLOC] Nodos NUMA detectados: 2 (usados: 2)
[HWLOC] Nodo 0: 128 CPUs
[HWLOC] Nodo 1: 128 CPUs
[OMPT] callback 'ompt_callback_thread_begin' registrado (result=5)
[OMPT] callback 'ompt_callback_thread_end' registrado (result=5)
[OMPT] callback 'ompt_callback_parallel_begin' registrado (result=5)
[OMPT] callback 'ompt_callback_parallel_end' registrado (result=5)
[OMPT] callback 'ompt_callback_implicit_task' registrado (result=5)
[OMPT] callback 'ompt_callback_control_tool' registrado (result=5)
[OMPT] Callbacks registrados
[OMPT] Sistema: 0 procesadores lógicos
[OMPT][MON] Monitor (C: integrador con fugas)  período=100ms  warmup=5  T=ref+1.00*MAD  leak=0.50*MAD  cap=8.00*MAD  max_mig=1  migracion=activa
[perf_region] tool OMPT detectado: los contadores los lleva el tool, no se abren aqui
[OMPT] control_tool: INICIANDO medicion
[OMPT] control_tool: PAUSANDO medicion
[OMPT] ompt_finalize
[OMPT][MON] Monitor detenido tras 225 ventanas
[OMPT] CSV de ventanas: 4721 filas volcadas (0 descartadas)
[OMPT] ===== Tabla final: 32 hilos =====
[OMPT] tid=664149 ompt_id=281474976710657 tipo=ompt_thread_initial    last_cpu=255 numa=1 mig=0 fallos=0 perf=full ipc=0.173 ratio_rm=0.0000
[OMPT] tid=664151 ompt_id=562949953421313 tipo=ompt_thread_worker     last_cpu=114 numa=1 mig=0 fallos=0 perf=full ipc=0.172 ratio_rm=0.0000
[OMPT] tid=664152 ompt_id=844424930131969 tipo=ompt_thread_worker     last_cpu= 89 numa=1 mig=0 fallos=0 perf=full ipc=0.175 ratio_rm=0.0000
[OMPT] tid=664154 ompt_id=1407374883553281 tipo=ompt_thread_worker     last_cpu= 74 numa=1 mig=0 fallos=0 perf=full ipc=0.170 ratio_rm=0.0000
[OMPT] tid=664155 ompt_id=1688849860263937 tipo=ompt_thread_worker     last_cpu=250 numa=1 mig=0 fallos=0 perf=full ipc=0.177 ratio_rm=0.0000
[OMPT] tid=664153 ompt_id=1125899906842625 tipo=ompt_thread_worker     last_cpu= 84 numa=1 mig=0 fallos=0 perf=full ipc=0.169 ratio_rm=0.0000
[OMPT] tid=664157 ompt_id=2251799813685249 tipo=ompt_thread_worker     last_cpu=125 numa=1 mig=0 fallos=0 perf=full ipc=0.175 ratio_rm=0.0000
[OMPT] tid=664158 ompt_id=2533274790395905 tipo=ompt_thread_worker     last_cpu=207 numa=1 mig=0 fallos=0 perf=full ipc=0.168 ratio_rm=0.0000
[OMPT] tid=664156 ompt_id=1970324836974593 tipo=ompt_thread_worker     last_cpu=126 numa=1 mig=0 fallos=0 perf=full ipc=0.176 ratio_rm=0.0000
[OMPT] tid=664159 ompt_id=3377699720527873 tipo=ompt_thread_worker     last_cpu=199 numa=1 mig=0 fallos=0 perf=full ipc=0.164 ratio_rm=0.0000
[OMPT] tid=664160 ompt_id=2814749767106561 tipo=ompt_thread_worker     last_cpu=106 numa=1 mig=1 fallos=0 perf=full ipc=0.160 ratio_rm=0.0208
[OMPT] tid=664163 ompt_id=3940649673949185 tipo=ompt_thread_worker     last_cpu=239 numa=1 mig=0 fallos=0 perf=full ipc=0.169 ratio_rm=0.0000
[OMPT] tid=664161 ompt_id=3096224743817217 tipo=ompt_thread_worker     last_cpu=223 numa=1 mig=0 fallos=0 perf=full ipc=0.171 ratio_rm=0.0000
[OMPT] tid=664162 ompt_id=3659174697238529 tipo=ompt_thread_worker     last_cpu=112 numa=1 mig=0 fallos=0 perf=full ipc=0.168 ratio_rm=0.0000
[OMPT] tid=664165 ompt_id=4503599627370497 tipo=ompt_thread_worker     last_cpu=247 numa=1 mig=0 fallos=0 perf=full ipc=0.169 ratio_rm=0.0000
[OMPT] tid=664167 ompt_id=5066549580791809 tipo=ompt_thread_worker     last_cpu= 73 numa=1 mig=0 fallos=0 perf=full ipc=0.172 ratio_rm=0.0000
[OMPT] tid=664164 ompt_id=4222124650659841 tipo=ompt_thread_worker     last_cpu=192 numa=1 mig=1 fallos=0 perf=full ipc=0.159 ratio_rm=0.0207
[OMPT] tid=664168 ompt_id=5348024557502465 tipo=ompt_thread_worker     last_cpu=113 numa=1 mig=0 fallos=0 perf=full ipc=0.174 ratio_rm=0.0000
[OMPT] tid=664169 ompt_id=5629499534213121 tipo=ompt_thread_worker     last_cpu= 70 numa=1 mig=1 fallos=0 perf=full ipc=0.160 ratio_rm=0.0085
[OMPT] tid=664166 ompt_id=4785074604081153 tipo=ompt_thread_worker     last_cpu=194 numa=1 mig=1 fallos=0 perf=full ipc=0.158 ratio_rm=0.0208
[OMPT] tid=664170 ompt_id=5910974510923777 tipo=ompt_thread_worker     last_cpu= 90 numa=1 mig=0 fallos=0 perf=full ipc=0.173 ratio_rm=0.0000
[OMPT] tid=664171 ompt_id=6192449487634433 tipo=ompt_thread_worker     last_cpu= 99 numa=1 mig=0 fallos=0 perf=full ipc=0.169 ratio_rm=0.0000
[OMPT] tid=664172 ompt_id=6473924464345089 tipo=ompt_thread_worker     last_cpu= 98 numa=1 mig=0 fallos=0 perf=full ipc=0.169 ratio_rm=0.0000
[OMPT] tid=664173 ompt_id=6755399441055745 tipo=ompt_thread_worker     last_cpu= 97 numa=1 mig=0 fallos=0 perf=full ipc=0.170 ratio_rm=0.0000
[OMPT] tid=664174 ompt_id=7036874417766401 tipo=ompt_thread_worker     last_cpu=104 numa=1 mig=0 fallos=0 perf=full ipc=0.172 ratio_rm=0.0000
[OMPT] tid=664175 ompt_id=7318349394477057 tipo=ompt_thread_worker     last_cpu= 88 numa=1 mig=0 fallos=0 perf=full ipc=0.175 ratio_rm=0.0000
[OMPT] tid=664176 ompt_id=7599824371187713 tipo=ompt_thread_worker     last_cpu= 83 numa=1 mig=0 fallos=0 perf=full ipc=0.172 ratio_rm=0.0000
[OMPT] tid=664177 ompt_id=7881299347898369 tipo=ompt_thread_worker     last_cpu= 82 numa=1 mig=0 fallos=0 perf=full ipc=0.172 ratio_rm=0.0000
[OMPT] tid=664178 ompt_id=8162774324609025 tipo=ompt_thread_worker     last_cpu=215 numa=1 mig=0 fallos=0 perf=full ipc=0.171 ratio_rm=0.0000
[OMPT] tid=664179 ompt_id=8444249301319681 tipo=ompt_thread_worker     last_cpu= 72 numa=1 mig=0 fallos=0 perf=full ipc=0.171 ratio_rm=0.0000
[OMPT] tid=664180 ompt_id=8725724278030337 tipo=ompt_thread_worker     last_cpu=105 numa=1 mig=0 fallos=0 perf=full ipc=0.173 ratio_rm=0.0000
[OMPT] tid=664181 ompt_id=9007199254740993 tipo=ompt_thread_worker     last_cpu=231 numa=1 mig=0 fallos=0 perf=full ipc=0.167 ratio_rm=0.0000
[OMPT] ===== Overhead intrínseco =====
  monitor: 225 ticks, 82226.4 us total (max 1048.0 us/tick)
  callbacks implicit_task: 5249, 1333762.6 us total
  migraciones: 4 (25745.5 us total)
  resyncs=299  lecturas escaladas por multiplexado=20352
  hilos con perf fallido=0  parcial(ipc_only)=0
  ventanas con ciclos=4721  con fills=4721
