[OMPT] ompt_initialize (OPCIÓN C: integrador con fugas)  verbose=0  migracion=activa
[HWLOC] Nodos NUMA detectados: 2 (usados: 2)
[HWLOC] Nodo 0: 128 CPUs
[HWLOC] Nodo 1: 128 CPUs
[OMPT] callback 'ompt_callback_thread_begin' registrado (result=5)
[OMPT] callback 'ompt_callback_thread_end' registrado (result=5)
[OMPT] callback 'ompt_callback_parallel_begin' registrado (result=5)
[OMPT] callback 'ompt_callback_parallel_end' registrado (result=5)
[OMPT] callback 'ompt_callback_implicit_task' registrado (result=5)
[OMPT] callback 'ompt_callback_control_tool' registrado (result=5)
[OMPT] Callbacks registrados
[OMPT] Sistema: 0 procesadores lógicos
[OMPT][MON] Monitor (C: integrador con fugas)  período=100ms  warmup=5  T=ref+1.00*MAD  leak=0.50*MAD  cap=8.00*MAD  max_mig=1  migracion=activa
[perf_region] tool OMPT detectado: los contadores los lleva el tool, no se abren aqui
[OMPT] control_tool: INICIANDO medicion
[OMPT] control_tool: PAUSANDO medicion
[OMPT] ompt_finalize
[OMPT][MON] Monitor detenido tras 2 ventanas
[OMPT] CSV de ventanas: 0 filas volcadas (0 descartadas)
[OMPT] ===== Tabla final: 128 hilos =====
[OMPT] tid=619344 ompt_id=281474976710657 tipo=ompt_thread_initial    last_cpu=255 numa=1 mig=0 fallos=0 perf=full ipc=0.314 ratio_rm=0.0051
[OMPT] tid=619347 ompt_id=562949953421313 tipo=ompt_thread_worker     last_cpu= 81 numa=1 mig=0 fallos=0 perf=full ipc=0.276 ratio_rm=0.0149
[OMPT] tid=619346 ompt_id=844424930131969 tipo=ompt_thread_worker     last_cpu=121 numa=1 mig=0 fallos=0 perf=full ipc=0.301 ratio_rm=0.0069
[OMPT] tid=619349 ompt_id=1407374883553281 tipo=ompt_thread_worker     last_cpu=120 numa=1 mig=0 fallos=0 perf=full ipc=0.263 ratio_rm=0.0303
[OMPT] tid=619350 ompt_id=1688849860263937 tipo=ompt_thread_worker     last_cpu=  3 numa=0 mig=0 fallos=0 perf=full ipc=0.175 ratio_rm=0.0135
[OMPT] tid=619351 ompt_id=1970324836974593 tipo=ompt_thread_worker     last_cpu=129 numa=0 mig=0 fallos=0 perf=full ipc=0.201 ratio_rm=0.0169
[OMPT] tid=619352 ompt_id=2251799813685249 tipo=ompt_thread_worker     last_cpu=140 numa=0 mig=0 fallos=0 perf=full ipc=0.165 ratio_rm=0.0139
[OMPT] tid=619353 ompt_id=2533274790395905 tipo=ompt_thread_worker     last_cpu=112 numa=1 mig=0 fallos=0 perf=full ipc=0.360 ratio_rm=0.0513
[OMPT] tid=619356 ompt_id=3377699720527873 tipo=ompt_thread_worker     last_cpu=113 numa=1 mig=0 fallos=0 perf=full ipc=0.242 ratio_rm=0.0259
[OMPT] tid=619355 ompt_id=3096224743817217 tipo=ompt_thread_worker     last_cpu=241 numa=1 mig=0 fallos=0 perf=full ipc=0.241 ratio_rm=0.0230
[OMPT] tid=619357 ompt_id=3659174697238529 tipo=ompt_thread_worker     last_cpu= 80 numa=1 mig=0 fallos=0 perf=full ipc=0.499 ratio_rm=0.0580
[OMPT] tid=619359 ompt_id=3940649673949185 tipo=ompt_thread_worker     last_cpu= 82 numa=1 mig=0 fallos=0 perf=full ipc=0.304 ratio_rm=0.0361
[OMPT] tid=619358 ompt_id=4222124650659841 tipo=ompt_thread_worker     last_cpu= 83 numa=1 mig=0 fallos=0 perf=full ipc=0.299 ratio_rm=0.0236
[OMPT] tid=619360 ompt_id=4503599627370497 tipo=ompt_thread_worker     last_cpu=209 numa=1 mig=0 fallos=0 perf=full ipc=0.310 ratio_rm=0.0285
[OMPT] tid=619361 ompt_id=4785074604081153 tipo=ompt_thread_worker     last_cpu=126 numa=1 mig=0 fallos=0 perf=full ipc=0.305 ratio_rm=0.0181
[OMPT] tid=619348 ompt_id=1125899906842625 tipo=ompt_thread_worker     last_cpu=  0 numa=0 mig=0 fallos=0 perf=full ipc=0.283 ratio_rm=0.0213
[OMPT] tid=619362 ompt_id=5066549580791809 tipo=ompt_thread_worker     last_cpu=146 numa=0 mig=0 fallos=0 perf=full ipc=0.342 ratio_rm=0.0224
[OMPT] tid=619364 ompt_id=5629499534213121 tipo=ompt_thread_worker     last_cpu=123 numa=1 mig=0 fallos=0 perf=full ipc=0.292 ratio_rm=0.0215
[OMPT] tid=619363 ompt_id=5348024557502465 tipo=ompt_thread_worker     last_cpu=124 numa=1 mig=0 fallos=0 perf=full ipc=0.278 ratio_rm=0.0194
[OMPT] tid=619354 ompt_id=2814749767106561 tipo=ompt_thread_worker     last_cpu=114 numa=1 mig=0 fallos=0 perf=full ipc=0.256 ratio_rm=0.0273
[OMPT] tid=619365 ompt_id=5910974510923777 tipo=ompt_thread_worker     last_cpu=235 numa=1 mig=0 fallos=0 perf=full ipc=0.303 ratio_rm=0.0449
[OMPT] tid=619366 ompt_id=6192449487634433 tipo=ompt_thread_worker     last_cpu= 87 numa=1 mig=0 fallos=0 perf=full ipc=0.305 ratio_rm=0.0309
[OMPT] tid=619367 ompt_id=6473924464345089 tipo=ompt_thread_worker     last_cpu=105 numa=1 mig=0 fallos=0 perf=full ipc=0.363 ratio_rm=0.0695
[OMPT] tid=619368 ompt_id=6755399441055745 tipo=ompt_thread_worker     last_cpu=122 numa=1 mig=0 fallos=0 perf=full ipc=0.297 ratio_rm=0.0241
[OMPT] tid=619369 ompt_id=7036874417766401 tipo=ompt_thread_worker     last_cpu=254 numa=1 mig=0 fallos=0 perf=full ipc=0.299 ratio_rm=0.0218
[OMPT] tid=619370 ompt_id=7318349394477057 tipo=ompt_thread_worker     last_cpu=202 numa=1 mig=0 fallos=0 perf=full ipc=0.513 ratio_rm=0.1307
[OMPT] tid=619371 ompt_id=7599824371187713 tipo=ompt_thread_worker     last_cpu=135 numa=0 mig=0 fallos=0 perf=full ipc=0.191 ratio_rm=0.0238
[OMPT] tid=619372 ompt_id=7881299347898369 tipo=ompt_thread_worker     last_cpu=  2 numa=0 mig=0 fallos=0 perf=full ipc=0.195 ratio_rm=0.0219
[OMPT] tid=619373 ompt_id=8162774324609025 tipo=ompt_thread_worker     last_cpu=138 numa=0 mig=0 fallos=0 perf=full ipc=0.315 ratio_rm=0.0446
[OMPT] tid=619374 ompt_id=8444249301319681 tipo=ompt_thread_worker     last_cpu= 88 numa=1 mig=0 fallos=0 perf=full ipc=0.286 ratio_rm=0.0496
[OMPT] tid=619375 ompt_id=8725724278030337 tipo=ompt_thread_worker     last_cpu=  4 numa=0 mig=0 fallos=0 perf=full ipc=0.188 ratio_rm=0.0240
[OMPT] tid=619376 ompt_id=9007199254740993 tipo=ompt_thread_worker     last_cpu= 96 numa=1 mig=0 fallos=0 perf=full ipc=0.311 ratio_rm=0.0495
[OMPT] tid=619377 ompt_id=9288674231451649 tipo=ompt_thread_worker     last_cpu=125 numa=1 mig=0 fallos=0 perf=full ipc=0.345 ratio_rm=0.0167
[OMPT] tid=619378 ompt_id=9570149208162305 tipo=ompt_thread_worker     last_cpu=253 numa=1 mig=0 fallos=0 perf=full ipc=0.312 ratio_rm=0.0172
[OMPT] tid=619379 ompt_id=9851624184872961 tipo=ompt_thread_worker     last_cpu=127 numa=1 mig=0 fallos=0 perf=full ipc=0.331 ratio_rm=0.0157
[OMPT] tid=619380 ompt_id=10133099161583617 tipo=ompt_thread_worker     last_cpu=104 numa=1 mig=0 fallos=0 perf=full ipc=0.311 ratio_rm=0.0508
[OMPT] tid=619458 ompt_id=32088147345014785 tipo=ompt_thread_worker     last_cpu= 33 numa=0 mig=0 fallos=0 perf=full ipc=0.341 ratio_rm=0.0190
[OMPT] tid=619469 ompt_id=35184372088832001 tipo=ompt_thread_worker     last_cpu= 32 numa=0 mig=0 fallos=0 perf=full ipc=0.350 ratio_rm=0.0345
[OMPT] tid=619439 ompt_id=26740122787512321 tipo=ompt_thread_worker     last_cpu=141 numa=0 mig=0 fallos=0 perf=full ipc=0.236 ratio_rm=0.0228
[OMPT] tid=619464 ompt_id=33776997205278721 tipo=ompt_thread_worker     last_cpu=  7 numa=0 mig=0 fallos=0 perf=full ipc=0.206 ratio_rm=0.0216
[OMPT] tid=619411 ompt_id=18858823439613953 tipo=ompt_thread_worker     last_cpu=190 numa=0 mig=0 fallos=0 perf=full ipc=0.366 ratio_rm=0.0240
[OMPT] tid=619395 ompt_id=14355223812243457 tipo=ompt_thread_worker     last_cpu=191 numa=0 mig=0 fallos=0 perf=full ipc=0.378 ratio_rm=0.0194
[OMPT] tid=619459 ompt_id=32369622321725441 tipo=ompt_thread_worker     last_cpu=187 numa=0 mig=0 fallos=0 perf=full ipc=0.419 ratio_rm=0.0251
[OMPT] tid=619430 ompt_id=24206847997116417 tipo=ompt_thread_worker     last_cpu=220 numa=1 mig=0 fallos=0 perf=full ipc=0.310 ratio_rm=0.0354
[OMPT] tid=619450 ompt_id=29836347531329537 tipo=ompt_thread_worker     last_cpu=219 numa=1 mig=0 fallos=0 perf=full ipc=0.345 ratio_rm=0.0344
[OMPT] tid=619400 ompt_id=15762598695796737 tipo=ompt_thread_worker     last_cpu=222 numa=1 mig=0 fallos=0 perf=full ipc=0.292 ratio_rm=0.0288
[OMPT] tid=619466 ompt_id=34339947158700033 tipo=ompt_thread_worker     last_cpu=218 numa=1 mig=0 fallos=0 perf=full ipc=0.327 ratio_rm=0.0969
[OMPT] tid=619386 ompt_id=11821949021847553 tipo=ompt_thread_worker     last_cpu=223 numa=1 mig=0 fallos=0 perf=full ipc=0.277 ratio_rm=0.0281
[OMPT] tid=619414 ompt_id=19703248369745921 tipo=ompt_thread_worker     last_cpu=221 numa=1 mig=0 fallos=0 perf=full ipc=0.301 ratio_rm=0.0324
[OMPT] tid=619462 ompt_id=33214047251857409 tipo=ompt_thread_worker     last_cpu=194 numa=1 mig=0 fallos=0 perf=full ipc=0.481 ratio_rm=0.1260
[OMPT] tid=619398 ompt_id=15199648742375425 tipo=ompt_thread_worker     last_cpu=198 numa=1 mig=0 fallos=0 perf=full ipc=0.343 ratio_rm=0.0333
[OMPT] tid=619416 ompt_id=20266198323167233 tipo=ompt_thread_worker     last_cpu=197 numa=1 mig=0 fallos=0 perf=full ipc=0.335 ratio_rm=0.0322
[OMPT] tid=619446 ompt_id=28710447624486913 tipo=ompt_thread_worker     last_cpu=195 numa=1 mig=0 fallos=0 perf=full ipc=0.347 ratio_rm=0.0408
[OMPT] tid=619381 ompt_id=10414574138294273 tipo=ompt_thread_worker     last_cpu=199 numa=1 mig=0 fallos=0 perf=full ipc=0.334 ratio_rm=0.0369
[OMPT] tid=619434 ompt_id=25332747903959041 tipo=ompt_thread_worker     last_cpu=196 numa=1 mig=0 fallos=0 perf=full ipc=0.347 ratio_rm=0.0409
[OMPT] tid=619419 ompt_id=21110623253299201 tipo=ompt_thread_worker     last_cpu=137 numa=0 mig=0 fallos=0 perf=full ipc=0.306 ratio_rm=0.0432
[OMPT] tid=619405 ompt_id=17169973579350017 tipo=ompt_thread_worker     last_cpu=136 numa=0 mig=0 fallos=0 perf=full ipc=0.320 ratio_rm=0.0621
[OMPT] tid=619412 ompt_id=19140298416324609 tipo=ompt_thread_worker     last_cpu=249 numa=1 mig=0 fallos=0 perf=full ipc=0.285 ratio_rm=0.0237
[OMPT] tid=619428 ompt_id=23643898043695105 tipo=ompt_thread_worker     last_cpu=250 numa=1 mig=0 fallos=0 perf=full ipc=0.286 ratio_rm=0.0228
[OMPT] tid=619396 ompt_id=14636698788954113 tipo=ompt_thread_worker     last_cpu=248 numa=1 mig=0 fallos=0 perf=full ipc=0.279 ratio_rm=0.0238
[OMPT] tid=619470 ompt_id=35465847065542657 tipo=ompt_thread_worker     last_cpu=242 numa=1 mig=0 fallos=0 perf=full ipc=0.265 ratio_rm=0.0271
[OMPT] tid=619438 ompt_id=26458647810801665 tipo=ompt_thread_worker     last_cpu=244 numa=1 mig=0 fallos=0 perf=full ipc=0.353 ratio_rm=0.0333
[OMPT] tid=619408 ompt_id=18014398509481985 tipo=ompt_thread_worker     last_cpu=230 numa=1 mig=0 fallos=0 perf=full ipc=0.288 ratio_rm=0.0278
[OMPT] tid=619420 ompt_id=21392098230009857 tipo=ompt_thread_worker     last_cpu=213 numa=1 mig=0 fallos=0 perf=full ipc=0.415 ratio_rm=0.0349
[OMPT] tid=619436 ompt_id=25895697857380353 tipo=ompt_thread_worker     last_cpu=212 numa=1 mig=0 fallos=0 perf=full ipc=0.421 ratio_rm=0.0318
[OMPT] tid=619435 ompt_id=25614222880669697 tipo=ompt_thread_worker     last_cpu=148 numa=0 mig=0 fallos=0 perf=full ipc=0.289 ratio_rm=0.0442
[OMPT] tid=619440 ompt_id=27021597764222977 tipo=ompt_thread_worker     last_cpu=236 numa=1 mig=0 fallos=0 perf=full ipc=0.352 ratio_rm=0.0347
[OMPT] tid=619410 ompt_id=18577348462903297 tipo=ompt_thread_worker     last_cpu=238 numa=1 mig=0 fallos=0 perf=full ipc=0.304 ratio_rm=0.0257
[OMPT] tid=619463 ompt_id=33495522228568065 tipo=ompt_thread_worker     last_cpu= 14 numa=0 mig=0 fallos=0 perf=full ipc=0.170 ratio_rm=0.0361
[OMPT] tid=619472 ompt_id=36028797018963969 tipo=ompt_thread_worker     last_cpu=226 numa=1 mig=0 fallos=0 perf=full ipc=0.357 ratio_rm=0.0779
[OMPT] tid=619426 ompt_id=23080948090273793 tipo=ompt_thread_worker     last_cpu=229 numa=1 mig=0 fallos=0 perf=full ipc=0.308 ratio_rm=0.0329
[OMPT] tid=619456 ompt_id=31525197391593473 tipo=ompt_thread_worker     last_cpu=227 numa=1 mig=0 fallos=0 perf=full ipc=0.316 ratio_rm=0.0318
[OMPT] tid=619390 ompt_id=12947848928690177 tipo=ompt_thread_worker     last_cpu=231 numa=1 mig=0 fallos=0 perf=full ipc=0.298 ratio_rm=0.0201
[OMPT] tid=619442 ompt_id=27584547717644289 tipo=ompt_thread_worker     last_cpu=228 numa=1 mig=0 fallos=0 perf=full ipc=0.301 ratio_rm=0.0421
[OMPT] tid=619392 ompt_id=13510798882111489 tipo=ompt_thread_worker     last_cpu=239 numa=1 mig=0 fallos=0 perf=full ipc=0.279 ratio_rm=0.0213
[OMPT] tid=619424 ompt_id=22517998136852481 tipo=ompt_thread_worker     last_cpu=237 numa=1 mig=0 fallos=0 perf=full ipc=0.300 ratio_rm=0.0250
[OMPT] tid=619421 ompt_id=21673573206720513 tipo=ompt_thread_worker     last_cpu=181 numa=0 mig=0 fallos=0 perf=full ipc=0.251 ratio_rm=0.0326
[OMPT] tid=619427 ompt_id=23362423066984449 tipo=ompt_thread_worker     last_cpu=189 numa=0 mig=0 fallos=0 perf=full ipc=0.336 ratio_rm=0.0480
[OMPT] tid=619443 ompt_id=27866022694354945 tipo=ompt_thread_worker     last_cpu=188 numa=0 mig=0 fallos=0 perf=full ipc=0.428 ratio_rm=0.0522
[OMPT] tid=619441 ompt_id=27303072740933633 tipo=ompt_thread_worker     last_cpu=164 numa=0 mig=0 fallos=0 perf=full ipc=0.281 ratio_rm=0.0565
[OMPT] tid=619394 ompt_id=14073748835532801 tipo=ompt_thread_worker     last_cpu=167 numa=0 mig=0 fallos=0 perf=full ipc=0.281 ratio_rm=0.0367
[OMPT] tid=619457 ompt_id=31806672368304129 tipo=ompt_thread_worker     last_cpu=163 numa=0 mig=0 fallos=0 perf=full ipc=0.299 ratio_rm=0.0510
[OMPT] tid=619429 ompt_id=23925373020405761 tipo=ompt_thread_worker     last_cpu=132 numa=0 mig=0 fallos=0 perf=full ipc=0.176 ratio_rm=0.0620
[OMPT] tid=619384 ompt_id=11258999068426241 tipo=ompt_thread_worker     last_cpu=130 numa=0 mig=0 fallos=0 perf=full ipc=0.184 ratio_rm=0.0432
[OMPT] tid=619397 ompt_id=14918173765664769 tipo=ompt_thread_worker     last_cpu=  1 numa=0 mig=0 fallos=0 perf=full ipc=0.235 ratio_rm=0.0589
[OMPT] tid=619444 ompt_id=28147497671065601 tipo=ompt_thread_worker     last_cpu=251 numa=1 mig=0 fallos=0 perf=full ipc=0.270 ratio_rm=0.0225
[OMPT] tid=619468 ompt_id=34902897112121345 tipo=ompt_thread_worker     last_cpu=210 numa=1 mig=0 fallos=0 perf=full ipc=0.281 ratio_rm=0.0344
[OMPT] tid=619387 ompt_id=12103423998558209 tipo=ompt_thread_worker     last_cpu=175 numa=0 mig=0 fallos=0 perf=full ipc=0.217 ratio_rm=0.0305
[OMPT] tid=619385 ompt_id=11540474045136897 tipo=ompt_thread_worker     last_cpu=183 numa=0 mig=0 fallos=0 perf=full ipc=0.221 ratio_rm=0.0023
[OMPT] tid=619399 ompt_id=15481123719086081 tipo=ompt_thread_worker     last_cpu=182 numa=0 mig=0 fallos=0 perf=full ipc=0.261 ratio_rm=0.0266
[OMPT] tid=619471 ompt_id=35747322042253313 tipo=ompt_thread_worker     last_cpu=178 numa=0 mig=0 fallos=0 perf=full ipc=0.334 ratio_rm=0.0451
[OMPT] tid=619431 ompt_id=24488322973827073 tipo=ompt_thread_worker     last_cpu=180 numa=0 mig=0 fallos=0 perf=full ipc=0.247 ratio_rm=0.0264
[OMPT] tid=619393 ompt_id=13792273858822145 tipo=ompt_thread_worker     last_cpu=159 numa=0 mig=0 fallos=0 perf=full ipc=0.323 ratio_rm=0.0597
[OMPT] tid=619460 ompt_id=32651097298436097 tipo=ompt_thread_worker     last_cpu=252 numa=1 mig=0 fallos=0 perf=full ipc=0.256 ratio_rm=0.0268
[OMPT] tid=619454 ompt_id=30962247438172161 tipo=ompt_thread_worker     last_cpu=243 numa=1 mig=0 fallos=0 perf=full ipc=0.354 ratio_rm=0.0364
[OMPT] tid=619461 ompt_id=32932572275146753 tipo=ompt_thread_worker     last_cpu=134 numa=0 mig=0 fallos=0 perf=full ipc=0.279 ratio_rm=0.0541
[OMPT] tid=619455 ompt_id=31243722414882817 tipo=ompt_thread_worker     last_cpu=179 numa=0 mig=0 fallos=0 perf=full ipc=0.284 ratio_rm=0.0369
[OMPT] tid=619453 ompt_id=30680772461461505 tipo=ompt_thread_worker     last_cpu=171 numa=0 mig=0 fallos=0 perf=full ipc=0.308 ratio_rm=0.0510
[OMPT] tid=619418 ompt_id=20829148276588545 tipo=ompt_thread_worker     last_cpu=205 numa=1 mig=0 fallos=0 perf=full ipc=0.344 ratio_rm=0.0292
[OMPT] tid=619383 ompt_id=10977524091715585 tipo=ompt_thread_worker     last_cpu=207 numa=1 mig=0 fallos=0 perf=full ipc=0.343 ratio_rm=0.0308
[OMPT] tid=619401 ompt_id=16044073672507393 tipo=ompt_thread_worker     last_cpu=206 numa=1 mig=0 fallos=0 perf=full ipc=0.342 ratio_rm=0.0380
[OMPT] tid=619448 ompt_id=29273397577908225 tipo=ompt_thread_worker     last_cpu=203 numa=1 mig=0 fallos=0 perf=full ipc=0.351 ratio_rm=0.0358
[OMPT] tid=619432 ompt_id=24769797950537729 tipo=ompt_thread_worker     last_cpu=204 numa=1 mig=0 fallos=0 perf=full ipc=0.362 ratio_rm=0.0357
[OMPT] tid=619449 ompt_id=29554872554618881 tipo=ompt_thread_worker     last_cpu=139 numa=0 mig=0 fallos=0 perf=full ipc=0.264 ratio_rm=0.0723
[OMPT] tid=619407 ompt_id=17732923532771329 tipo=ompt_thread_worker     last_cpu=158 numa=0 mig=0 fallos=0 perf=full ipc=0.253 ratio_rm=0.0378
[OMPT] tid=619467 ompt_id=34621422135410689 tipo=ompt_thread_worker     last_cpu=170 numa=0 mig=0 fallos=0 perf=full ipc=0.318 ratio_rm=0.0420
[OMPT] tid=619437 ompt_id=26177172834091009 tipo=ompt_thread_worker     last_cpu=172 numa=0 mig=0 fallos=0 perf=full ipc=0.277 ratio_rm=0.0399
[OMPT] tid=619404 ompt_id=16888498602639361 tipo=ompt_thread_worker     last_cpu=214 numa=1 mig=0 fallos=0 perf=full ipc=0.412 ratio_rm=0.0377
[OMPT] tid=619382 ompt_id=10696049115004929 tipo=ompt_thread_worker     last_cpu=215 numa=1 mig=0 fallos=0 perf=full ipc=0.303 ratio_rm=0.0348
[OMPT] tid=619452 ompt_id=30399297484750849 tipo=ompt_thread_worker     last_cpu=211 numa=1 mig=0 fallos=0 perf=full ipc=0.275 ratio_rm=0.0333
[OMPT] tid=619403 ompt_id=16607023625928705 tipo=ompt_thread_worker     last_cpu=174 numa=0 mig=0 fallos=0 perf=full ipc=0.243 ratio_rm=0.0285
[OMPT] tid=619417 ompt_id=20547673299877889 tipo=ompt_thread_worker     last_cpu=173 numa=0 mig=0 fallos=0 perf=full ipc=0.233 ratio_rm=0.0363
[OMPT] tid=619409 ompt_id=18295873486192641 tipo=ompt_thread_worker     last_cpu=166 numa=0 mig=0 fallos=0 perf=full ipc=0.299 ratio_rm=0.0543
[OMPT] tid=619425 ompt_id=22799473113563137 tipo=ompt_thread_worker     last_cpu=165 numa=0 mig=0 fallos=0 perf=full ipc=0.236 ratio_rm=0.0537
[OMPT] tid=619422 ompt_id=21955048183431169 tipo=ompt_thread_worker     last_cpu=245 numa=1 mig=0 fallos=0 perf=full ipc=0.331 ratio_rm=0.0333
[OMPT] tid=619433 ompt_id=25051272927248385 tipo=ompt_thread_worker     last_cpu=156 numa=0 mig=0 fallos=0 perf=full ipc=0.267 ratio_rm=0.0405
[OMPT] tid=619423 ompt_id=22236523160141825 tipo=ompt_thread_worker     last_cpu=157 numa=0 mig=0 fallos=0 perf=full ipc=0.242 ratio_rm=0.0268
[OMPT] tid=619445 ompt_id=28428972647776257 tipo=ompt_thread_worker     last_cpu=133 numa=0 mig=0 fallos=0 perf=full ipc=0.294 ratio_rm=0.0575
[OMPT] tid=619388 ompt_id=12384898975268865 tipo=ompt_thread_worker     last_cpu=247 numa=1 mig=0 fallos=0 perf=full ipc=0.348 ratio_rm=0.0307
[OMPT] tid=619406 ompt_id=17451448556060673 tipo=ompt_thread_worker     last_cpu=246 numa=1 mig=0 fallos=0 perf=full ipc=0.355 ratio_rm=0.0318
[OMPT] tid=619451 ompt_id=30117822508040193 tipo=ompt_thread_worker     last_cpu=147 numa=0 mig=0 fallos=0 perf=full ipc=0.291 ratio_rm=0.0457
[OMPT] tid=619402 ompt_id=16325548649218049 tipo=ompt_thread_worker     last_cpu=150 numa=0 mig=0 fallos=0 perf=full ipc=0.248 ratio_rm=0.0372
[OMPT] tid=619391 ompt_id=13229323905400833 tipo=ompt_thread_worker     last_cpu= 15 numa=0 mig=0 fallos=0 perf=full ipc=0.217 ratio_rm=0.0611
[OMPT] tid=619465 ompt_id=34058472181989377 tipo=ompt_thread_worker     last_cpu=154 numa=0 mig=0 fallos=0 perf=full ipc=0.351 ratio_rm=0.0661
[OMPT] tid=619447 ompt_id=28991922601197569 tipo=ompt_thread_worker     last_cpu=155 numa=0 mig=0 fallos=0 perf=full ipc=0.308 ratio_rm=0.0468
[OMPT] tid=619413 ompt_id=19421773393035265 tipo=ompt_thread_worker     last_cpu=131 numa=0 mig=0 fallos=0 perf=full ipc=0.189 ratio_rm=0.0684
[OMPT] tid=619389 ompt_id=12666373951979521 tipo=ompt_thread_worker     last_cpu=151 numa=0 mig=0 fallos=0 perf=full ipc=0.261 ratio_rm=0.0575
[OMPT] tid=619415 ompt_id=19984723346456577 tipo=ompt_thread_worker     last_cpu=149 numa=0 mig=0 fallos=0 perf=full ipc=0.244 ratio_rm=0.0465
[OMPT] ===== Overhead intrínseco =====
  monitor: 2 ticks, 1957.1 us total (max 1955.1 us/tick)
  callbacks implicit_task: 20993, 7972207.7 us total
  migraciones: 0 (0.0 us total)
  resyncs=0  lecturas escaladas por multiplexado=1024
  hilos con perf fallido=0  parcial(ipc_only)=0
  ventanas con ciclos=0  con fills=0
