[OMPT] ompt_initialize (OPCIÓN C: integrador con fugas)  verbose=0  migracion=activa
[HWLOC] Nodos NUMA detectados: 2 (usados: 2)
[HWLOC] Nodo 0: 128 CPUs
[HWLOC] Nodo 1: 128 CPUs
[OMPT] callback 'ompt_callback_thread_begin' registrado (result=5)
[OMPT] callback 'ompt_callback_thread_end' registrado (result=5)
[OMPT] callback 'ompt_callback_parallel_begin' registrado (result=5)
[OMPT] callback 'ompt_callback_parallel_end' registrado (result=5)
[OMPT] callback 'ompt_callback_implicit_task' registrado (result=5)
[OMPT] callback 'ompt_callback_control_tool' registrado (result=5)
[OMPT] Callbacks registrados
[OMPT] Sistema: 0 procesadores lógicos
[OMPT][MON] Monitor (C: integrador con fugas)  período=100ms  warmup=5  T=ref+1.00*MAD  leak=0.50*MAD  cap=8.00*MAD  max_mig=1  migracion=activa
[perf_region] tool OMPT detectado: los contadores los lleva el tool, no se abren aqui
[OMPT] control_tool: INICIANDO medicion
[OMPT] control_tool: PAUSANDO medicion
[OMPT] ompt_finalize
[OMPT][MON] Monitor detenido tras 208 ventanas
[OMPT] CSV de ventanas: 38141 filas volcadas (0 descartadas)
[OMPT] ===== Tabla final: 256 hilos =====
[OMPT] tid=671931 ompt_id=281474976710657 tipo=ompt_thread_initial    last_cpu=199 numa=1 mig=0 fallos=0 perf=full ipc=0.276 ratio_rm=0.0003
[OMPT] tid=671933 ompt_id=562949953421313 tipo=ompt_thread_worker     last_cpu= 74 numa=1 mig=0 fallos=0 perf=full ipc=0.261 ratio_rm=0.0001
[OMPT] tid=671934 ompt_id=1125899906842625 tipo=ompt_thread_worker     last_cpu= 80 numa=1 mig=0 fallos=0 perf=full ipc=0.275 ratio_rm=0.0001
[OMPT] tid=671935 ompt_id=844424930131969 tipo=ompt_thread_worker     last_cpu=  0 numa=0 mig=0 fallos=0 perf=full ipc=0.029 ratio_rm=0.6276
[OMPT] tid=671936 ompt_id=1407374883553281 tipo=ompt_thread_worker     last_cpu=228 numa=1 mig=0 fallos=0 perf=full ipc=0.267 ratio_rm=0.0001
[OMPT] tid=671937 ompt_id=1688849860263937 tipo=ompt_thread_worker     last_cpu= 96 numa=1 mig=0 fallos=0 perf=full ipc=0.268 ratio_rm=0.0001
[OMPT] tid=671939 ompt_id=2251799813685249 tipo=ompt_thread_worker     last_cpu= 97 numa=1 mig=0 fallos=0 perf=full ipc=0.268 ratio_rm=0.0001
[OMPT] tid=671938 ompt_id=1970324836974593 tipo=ompt_thread_worker     last_cpu=204 numa=1 mig=0 fallos=0 perf=full ipc=0.267 ratio_rm=0.0001
[OMPT] tid=671941 ompt_id=2814749767106561 tipo=ompt_thread_worker     last_cpu=  1 numa=0 mig=0 fallos=0 perf=full ipc=0.030 ratio_rm=0.6279
[OMPT] tid=671943 ompt_id=3377699720527873 tipo=ompt_thread_worker     last_cpu= 89 numa=1 mig=0 fallos=0 perf=full ipc=0.273 ratio_rm=0.0001
[OMPT] tid=671942 ompt_id=3096224743817217 tipo=ompt_thread_worker     last_cpu=202 numa=1 mig=0 fallos=0 perf=full ipc=0.261 ratio_rm=0.0001
[OMPT] tid=671944 ompt_id=3659174697238529 tipo=ompt_thread_worker     last_cpu=255 numa=1 mig=0 fallos=0 perf=full ipc=0.278 ratio_rm=0.0001
[OMPT] tid=671940 ompt_id=2533274790395905 tipo=ompt_thread_worker     last_cpu= 88 numa=1 mig=0 fallos=0 perf=full ipc=0.277 ratio_rm=0.0001
[OMPT] tid=671945 ompt_id=3940649673949185 tipo=ompt_thread_worker     last_cpu= 56 numa=0 mig=0 fallos=0 perf=full ipc=0.028 ratio_rm=0.6306
[OMPT] tid=671947 ompt_id=4503599627370497 tipo=ompt_thread_worker     last_cpu=231 numa=1 mig=0 fallos=0 perf=full ipc=0.268 ratio_rm=0.0001
[OMPT] tid=671946 ompt_id=4222124650659841 tipo=ompt_thread_worker     last_cpu=129 numa=0 mig=0 fallos=0 perf=full ipc=0.031 ratio_rm=0.6278
[OMPT] tid=671948 ompt_id=4785074604081153 tipo=ompt_thread_worker     last_cpu=121 numa=1 mig=0 fallos=0 perf=full ipc=0.283 ratio_rm=0.0001
[OMPT] tid=671949 ompt_id=5066549580791809 tipo=ompt_thread_worker     last_cpu=112 numa=1 mig=0 fallos=0 perf=full ipc=0.283 ratio_rm=0.0001
[OMPT] tid=671950 ompt_id=5348024557502465 tipo=ompt_thread_worker     last_cpu= 77 numa=1 mig=0 fallos=0 perf=full ipc=0.265 ratio_rm=0.0001
[OMPT] tid=671951 ompt_id=5629499534213121 tipo=ompt_thread_worker     last_cpu=130 numa=0 mig=0 fallos=0 perf=full ipc=0.030 ratio_rm=0.6278
[OMPT] tid=671952 ompt_id=5910974510923777 tipo=ompt_thread_worker     last_cpu= 79 numa=1 mig=0 fallos=0 perf=full ipc=0.264 ratio_rm=0.0001
[OMPT] tid=671953 ompt_id=6192449487634433 tipo=ompt_thread_worker     last_cpu= 24 numa=0 mig=0 fallos=0 perf=full ipc=0.030 ratio_rm=0.6260
[OMPT] tid=671954 ompt_id=6473924464345089 tipo=ompt_thread_worker     last_cpu=113 numa=1 mig=0 fallos=0 perf=full ipc=0.281 ratio_rm=0.0001
[OMPT] tid=671955 ompt_id=6755399441055745 tipo=ompt_thread_worker     last_cpu=104 numa=1 mig=0 fallos=0 perf=full ipc=0.265 ratio_rm=0.0001
[OMPT] tid=671956 ompt_id=7036874417766401 tipo=ompt_thread_worker     last_cpu= 69 numa=1 mig=0 fallos=0 perf=full ipc=0.270 ratio_rm=0.0001
[OMPT] tid=671957 ompt_id=7318349394477057 tipo=ompt_thread_worker     last_cpu=197 numa=1 mig=0 fallos=0 perf=full ipc=0.269 ratio_rm=0.0000
[OMPT] tid=671958 ompt_id=7599824371187713 tipo=ompt_thread_worker     last_cpu= 66 numa=1 mig=0 fallos=0 perf=full ipc=0.268 ratio_rm=0.0001
[OMPT] tid=671959 ompt_id=7881299347898369 tipo=ompt_thread_worker     last_cpu= 65 numa=1 mig=0 fallos=0 perf=full ipc=0.272 ratio_rm=0.0001
[OMPT] tid=671960 ompt_id=8162774324609025 tipo=ompt_thread_worker     last_cpu=  9 numa=0 mig=0 fallos=0 perf=full ipc=0.031 ratio_rm=0.6286
[OMPT] tid=671961 ompt_id=8444249301319681 tipo=ompt_thread_worker     last_cpu= 17 numa=0 mig=0 fallos=0 perf=full ipc=0.023 ratio_rm=0.6341
[OMPT] tid=671962 ompt_id=8725724278030337 tipo=ompt_thread_worker     last_cpu= 16 numa=0 mig=0 fallos=0 perf=full ipc=0.024 ratio_rm=0.6340
[OMPT] tid=671963 ompt_id=9007199254740993 tipo=ompt_thread_worker     last_cpu= 10 numa=0 mig=0 fallos=0 perf=full ipc=0.030 ratio_rm=0.6290
[OMPT] tid=671964 ompt_id=9288674231451649 tipo=ompt_thread_worker     last_cpu=120 numa=1 mig=0 fallos=0 perf=full ipc=0.281 ratio_rm=0.0001
[OMPT] tid=671965 ompt_id=9570149208162305 tipo=ompt_thread_worker     last_cpu= 71 numa=1 mig=0 fallos=0 perf=full ipc=0.280 ratio_rm=0.0001
[OMPT] tid=671966 ompt_id=9851624184872961 tipo=ompt_thread_worker     last_cpu=192 numa=1 mig=0 fallos=0 perf=full ipc=0.271 ratio_rm=0.0001
[OMPT] tid=671967 ompt_id=10133099161583617 tipo=ompt_thread_worker     last_cpu= 64 numa=1 mig=0 fallos=0 perf=full ipc=0.273 ratio_rm=0.0001
[OMPT] tid=672083 ompt_id=42784196460019713 tipo=ompt_thread_worker     last_cpu=184 numa=0 mig=0 fallos=0 perf=full ipc=0.027 ratio_rm=0.6314
[OMPT] tid=672141 ompt_id=59109745109237761 tipo=ompt_thread_worker     last_cpu=139 numa=0 mig=0 fallos=0 perf=full ipc=0.032 ratio_rm=0.6279
[OMPT] tid=672009 ompt_id=21955048183431169 tipo=ompt_thread_worker     last_cpu=165 numa=0 mig=0 fallos=0 perf=full ipc=0.028 ratio_rm=0.6318
[OMPT] tid=671979 ompt_id=13229323905400833 tipo=ompt_thread_worker     last_cpu= 48 numa=0 mig=0 fallos=0 perf=full ipc=0.030 ratio_rm=0.6296
[OMPT] tid=672103 ompt_id=48413695994232833 tipo=ompt_thread_worker     last_cpu=156 numa=0 mig=0 fallos=0 perf=full ipc=0.028 ratio_rm=0.6258
[OMPT] tid=672023 ompt_id=25895697857380353 tipo=ompt_thread_worker     last_cpu= 73 numa=1 mig=0 fallos=0 perf=full ipc=0.266 ratio_rm=0.0001
[OMPT] tid=672099 ompt_id=47287796087390209 tipo=ompt_thread_worker     last_cpu=160 numa=0 mig=0 fallos=0 perf=full ipc=0.032 ratio_rm=0.6316
[OMPT] tid=672007 ompt_id=21392098230009857 tipo=ompt_thread_worker     last_cpu=205 numa=1 mig=0 fallos=0 perf=full ipc=0.265 ratio_rm=0.0001
[OMPT] tid=672139 ompt_id=58546795155816449 tipo=ompt_thread_worker     last_cpu= 41 numa=0 mig=0 fallos=0 perf=full ipc=0.032 ratio_rm=0.6276
[OMPT] tid=672049 ompt_id=33214047251857409 tipo=ompt_thread_worker     last_cpu=  6 numa=0 mig=0 fallos=0 perf=full ipc=0.029 ratio_rm=0.6281
[OMPT] tid=672179 ompt_id=70087269200953345 tipo=ompt_thread_worker     last_cpu= 98 numa=1 mig=0 fallos=0 perf=full ipc=0.269 ratio_rm=0.0001
[OMPT] tid=672017 ompt_id=24206847997116417 tipo=ompt_thread_worker     last_cpu= 57 numa=0 mig=0 fallos=0 perf=full ipc=0.026 ratio_rm=0.6316
[OMPT] tid=672003 ompt_id=20266198323167233 tipo=ompt_thread_worker     last_cpu=229 numa=1 mig=0 fallos=0 perf=full ipc=0.269 ratio_rm=0.0001
[OMPT] tid=672133 ompt_id=56857945295552513 tipo=ompt_thread_worker     last_cpu=101 numa=1 mig=0 fallos=0 perf=full ipc=0.270 ratio_rm=0.0001
[OMPT] tid=672159 ompt_id=64176294690029569 tipo=ompt_thread_worker     last_cpu=100 numa=1 mig=0 fallos=0 perf=full ipc=0.268 ratio_rm=0.0001
[OMPT] tid=672055 ompt_id=34902897112121345 tipo=ompt_thread_worker     last_cpu=226 numa=1 mig=0 fallos=0 perf=full ipc=0.267 ratio_rm=0.0001
[OMPT] tid=672068 ompt_id=38562071809359873 tipo=ompt_thread_worker     last_cpu=170 numa=0 mig=0 fallos=0 perf=full ipc=0.030 ratio_rm=0.6287
[OMPT] tid=672061 ompt_id=36591746972385281 tipo=ompt_thread_worker     last_cpu=218 numa=1 mig=0 fallos=0 perf=full ipc=0.272 ratio_rm=0.0001
[OMPT] tid=671977 ompt_id=12666373951979521 tipo=ompt_thread_worker     last_cpu=223 numa=1 mig=0 fallos=0 perf=full ipc=0.273 ratio_rm=0.0001
[OMPT] tid=671985 ompt_id=15199648742375425 tipo=ompt_thread_worker     last_cpu=222 numa=1 mig=0 fallos=0 perf=full ipc=0.273 ratio_rm=0.0001
[OMPT] tid=672163 ompt_id=65302194596872193 tipo=ompt_thread_worker     last_cpu= 91 numa=1 mig=0 fallos=0 perf=full ipc=0.279 ratio_rm=0.0001
[OMPT] tid=672044 ompt_id=31806672368304129 tipo=ompt_thread_worker     last_cpu=157 numa=0 mig=0 fallos=0 perf=full ipc=0.028 ratio_rm=0.6263
[OMPT] tid=672020 ompt_id=25051272927248385 tipo=ompt_thread_worker     last_cpu= 30 numa=0 mig=0 fallos=0 perf=full ipc=0.028 ratio_rm=0.6259
[OMPT] tid=671992 ompt_id=17169973579350017 tipo=ompt_thread_worker     last_cpu= 27 numa=0 mig=0 fallos=0 perf=full ipc=0.029 ratio_rm=0.6265
[OMPT] tid=672154 ompt_id=62768919806476289 tipo=ompt_thread_worker     last_cpu=105 numa=1 mig=0 fallos=0 perf=full ipc=0.266 ratio_rm=0.0001
[OMPT] tid=671984 ompt_id=14918173765664769 tipo=ompt_thread_worker     last_cpu= 28 numa=0 mig=0 fallos=0 perf=full ipc=0.030 ratio_rm=0.6267
[OMPT] tid=672143 ompt_id=59954170039369729 tipo=ompt_thread_worker     last_cpu=124 numa=1 mig=0 fallos=0 perf=full ipc=0.280 ratio_rm=0.0001
[OMPT] tid=672047 ompt_id=32651097298436097 tipo=ompt_thread_worker     last_cpu=252 numa=1 mig=0 fallos=0 perf=full ipc=0.276 ratio_rm=0.0001
[OMPT] tid=672175 ompt_id=68679894317400065 tipo=ompt_thread_worker     last_cpu=122 numa=1 mig=0 fallos=0 perf=full ipc=0.280 ratio_rm=0.0001
[OMPT] tid=671983 ompt_id=14636698788954113 tipo=ompt_thread_worker     last_cpu=248 numa=1 mig=0 fallos=0 perf=full ipc=0.276 ratio_rm=0.0001
[OMPT] tid=672015 ompt_id=23643898043695105 tipo=ompt_thread_worker     last_cpu=250 numa=1 mig=0 fallos=0 perf=full ipc=0.279 ratio_rm=0.0001
[OMPT] tid=672095 ompt_id=46161896180547585 tipo=ompt_thread_worker     last_cpu=127 numa=1 mig=0 fallos=0 perf=full ipc=0.279 ratio_rm=0.0001
[OMPT] tid=672063 ompt_id=37154696925806593 tipo=ompt_thread_worker     last_cpu=253 numa=1 mig=0 fallos=0 perf=full ipc=0.278 ratio_rm=0.0001
[OMPT] tid=672127 ompt_id=55169095435288577 tipo=ompt_thread_worker     last_cpu=125 numa=1 mig=0 fallos=0 perf=full ipc=0.280 ratio_rm=0.0001
[OMPT] tid=672144 ompt_id=59672695062659073 tipo=ompt_thread_worker     last_cpu=123 numa=1 mig=0 fallos=0 perf=full ipc=0.279 ratio_rm=0.0001
[OMPT] tid=672111 ompt_id=50384020831207425 tipo=ompt_thread_worker     last_cpu=126 numa=1 mig=0 fallos=0 perf=full ipc=0.278 ratio_rm=0.0001
[OMPT] tid=672031 ompt_id=28147497671065601 tipo=ompt_thread_worker     last_cpu=251 numa=1 mig=0 fallos=0 perf=full ipc=0.276 ratio_rm=0.0001
[OMPT] tid=671999 ompt_id=19140298416324609 tipo=ompt_thread_worker     last_cpu=249 numa=1 mig=0 fallos=0 perf=full ipc=0.281 ratio_rm=0.0001
[OMPT] tid=672079 ompt_id=41658296553177089 tipo=ompt_thread_worker     last_cpu=254 numa=1 mig=0 fallos=0 perf=full ipc=0.276 ratio_rm=0.0001
[OMPT] tid=672067 ompt_id=38280596832649217 tipo=ompt_thread_worker     last_cpu=225 numa=1 mig=0 fallos=0 perf=full ipc=0.268 ratio_rm=0.0001
[OMPT] tid=671973 ompt_id=11821949021847553 tipo=ompt_thread_worker     last_cpu=209 numa=1 mig=0 fallos=0 perf=full ipc=0.276 ratio_rm=0.0001
[OMPT] tid=672101 ompt_id=47850746040811521 tipo=ompt_thread_worker     last_cpu=103 numa=1 mig=0 fallos=0 perf=full ipc=0.268 ratio_rm=0.0001
[OMPT] tid=672182 ompt_id=70650219154374657 tipo=ompt_thread_worker     last_cpu= 42 numa=0 mig=0 fallos=0 perf=full ipc=0.031 ratio_rm=0.6288
[OMPT] tid=672040 ompt_id=30680772461461505 tipo=ompt_thread_worker     last_cpu=171 numa=0 mig=0 fallos=0 perf=full ipc=0.031 ratio_rm=0.6292
[OMPT] tid=672052 ompt_id=34058472181989377 tipo=ompt_thread_worker     last_cpu=158 numa=0 mig=0 fallos=0 perf=full ipc=0.027 ratio_rm=0.6264
[OMPT] tid=672080 ompt_id=41939771529887745 tipo=ompt_thread_worker     last_cpu=238 numa=1 mig=0 fallos=0 perf=full ipc=0.267 ratio_rm=0.0001
[OMPT] tid=672114 ompt_id=51509920738050049 tipo=ompt_thread_worker     last_cpu=  7 numa=0 mig=0 fallos=0 perf=full ipc=0.031 ratio_rm=0.6287
[OMPT] tid=672000 ompt_id=19421773393035265 tipo=ompt_thread_worker     last_cpu=  2 numa=0 mig=0 fallos=0 perf=full ipc=0.030 ratio_rm=0.6277
[OMPT] tid=672178 ompt_id=69524319247532033 tipo=ompt_thread_worker     last_cpu=131 numa=0 mig=0 fallos=0 perf=full ipc=0.030 ratio_rm=0.6284
[OMPT] tid=672024 ompt_id=26177172834091009 tipo=ompt_thread_worker     last_cpu=  3 numa=0 mig=0 fallos=0 perf=full ipc=0.030 ratio_rm=0.6284
[OMPT] tid=672128 ompt_id=55450570411999233 tipo=ompt_thread_worker     last_cpu=133 numa=0 mig=0 fallos=0 perf=full ipc=0.030 ratio_rm=0.6280
[OMPT] tid=672046 ompt_id=32369622321725441 tipo=ompt_thread_worker     last_cpu=135 numa=0 mig=0 fallos=0 perf=full ipc=0.029 ratio_rm=0.6285
[OMPT] tid=672094 ompt_id=45880421203836929 tipo=ompt_thread_worker     last_cpu=134 numa=0 mig=0 fallos=0 perf=full ipc=0.029 ratio_rm=0.6287
[OMPT] tid=672064 ompt_id=37436171902517249 tipo=ompt_thread_worker     last_cpu=  5 numa=0 mig=0 fallos=0 perf=full ipc=0.029 ratio_rm=0.6286
[OMPT] tid=671976 ompt_id=12947848928690177 tipo=ompt_thread_worker     last_cpu=183 numa=0 mig=0 fallos=0 perf=full ipc=0.027 ratio_rm=0.6303
[OMPT] tid=672072 ompt_id=39687971716202497 tipo=ompt_thread_worker     last_cpu=177 numa=0 mig=0 fallos=0 perf=full ipc=0.028 ratio_rm=0.6308
[OMPT] tid=672036 ompt_id=29554872554618881 tipo=ompt_thread_worker     last_cpu=179 numa=0 mig=0 fallos=0 perf=full ipc=0.028 ratio_rm=0.6304
[OMPT] tid=672108 ompt_id=49821070877786113 tipo=ompt_thread_worker     last_cpu= 55 numa=0 mig=0 fallos=0 perf=full ipc=0.028 ratio_rm=0.6302
[OMPT] tid=672004 ompt_id=20547673299877889 tipo=ompt_thread_worker     last_cpu=141 numa=0 mig=0 fallos=0 perf=full ipc=0.031 ratio_rm=0.6283
[OMPT] tid=672140 ompt_id=58828270132527105 tipo=ompt_thread_worker     last_cpu= 13 numa=0 mig=0 fallos=0 perf=full ipc=0.034 ratio_rm=0.6278
[OMPT] tid=671988 ompt_id=16044073672507393 tipo=ompt_thread_worker     last_cpu=142 numa=0 mig=0 fallos=0 perf=full ipc=0.030 ratio_rm=0.6290
[OMPT] tid=672120 ompt_id=53198770598313985 tipo=ompt_thread_worker     last_cpu= 14 numa=0 mig=0 fallos=0 perf=full ipc=0.032 ratio_rm=0.6293
[OMPT] tid=672148 ompt_id=61080069946212353 tipo=ompt_thread_worker     last_cpu= 12 numa=0 mig=0 fallos=0 perf=full ipc=0.031 ratio_rm=0.6289
[OMPT] tid=671974 ompt_id=12384898975268865 tipo=ompt_thread_worker     last_cpu=143 numa=0 mig=0 fallos=0 perf=full ipc=0.029 ratio_rm=0.6287
[OMPT] tid=672102 ompt_id=48132221017522177 tipo=ompt_thread_worker     last_cpu= 15 numa=0 mig=0 fallos=0 perf=full ipc=0.030 ratio_rm=0.6292
[OMPT] tid=672146 ompt_id=60517119992791041 tipo=ompt_thread_worker     last_cpu= 20 numa=0 mig=0 fallos=0 perf=full ipc=0.026 ratio_rm=0.6334
[OMPT] tid=672115 ompt_id=51791395714760705 tipo=ompt_thread_worker     last_cpu=102 numa=1 mig=0 fallos=0 perf=full ipc=0.267 ratio_rm=0.0001
[OMPT] tid=672043 ompt_id=31525197391593473 tipo=ompt_thread_worker     last_cpu=227 numa=1 mig=0 fallos=0 perf=full ipc=0.270 ratio_rm=0.0001
[OMPT] tid=671987 ompt_id=15762598695796737 tipo=ompt_thread_worker     last_cpu=230 numa=1 mig=0 fallos=0 perf=full ipc=0.267 ratio_rm=0.0001
[OMPT] tid=672091 ompt_id=45035996273704961 tipo=ompt_thread_worker     last_cpu=224 numa=1 mig=0 fallos=0 perf=full ipc=0.269 ratio_rm=0.0001
[OMPT] tid=672171 ompt_id=67553994410557441 tipo=ompt_thread_worker     last_cpu= 99 numa=1 mig=0 fallos=0 perf=full ipc=0.271 ratio_rm=0.0001
[OMPT] tid=672097 ompt_id=46724846133968897 tipo=ompt_thread_worker     last_cpu= 95 numa=1 mig=0 fallos=0 perf=full ipc=0.273 ratio_rm=0.0001
[OMPT] tid=672125 ompt_id=54606145481867265 tipo=ompt_thread_worker     last_cpu= 94 numa=1 mig=0 fallos=0 perf=full ipc=0.274 ratio_rm=0.0001
[OMPT] tid=672156 ompt_id=63331869759897601 tipo=ompt_thread_worker     last_cpu= 92 numa=1 mig=0 fallos=0 perf=full ipc=0.275 ratio_rm=0.0001
[OMPT] tid=672135 ompt_id=57139420272263169 tipo=ompt_thread_worker     last_cpu=117 numa=1 mig=0 fallos=0 perf=full ipc=0.282 ratio_rm=0.0001
[OMPT] tid=671970 ompt_id=10977524091715585 tipo=ompt_thread_worker     last_cpu=169 numa=0 mig=0 fallos=0 perf=full ipc=0.030 ratio_rm=0.6287
[OMPT] tid=672118 ompt_id=52635820644892673 tipo=ompt_thread_worker     last_cpu= 46 numa=0 mig=0 fallos=0 perf=full ipc=0.030 ratio_rm=0.6289
[OMPT] tid=671998 ompt_id=18858823439613953 tipo=ompt_thread_worker     last_cpu=174 numa=0 mig=0 fallos=0 perf=full ipc=0.029 ratio_rm=0.6294
[OMPT] tid=672084 ompt_id=43065671436730369 tipo=ompt_thread_worker     last_cpu=168 numa=0 mig=0 fallos=0 perf=full ipc=0.030 ratio_rm=0.6287
[OMPT] tid=672134 ompt_id=57420895248973825 tipo=ompt_thread_worker     last_cpu=181 numa=0 mig=0 fallos=0 perf=full ipc=0.029 ratio_rm=0.6303
[OMPT] tid=672033 ompt_id=28710447624486913 tipo=ompt_thread_worker     last_cpu=195 numa=1 mig=0 fallos=0 perf=full ipc=0.269 ratio_rm=0.0001
[OMPT] tid=672153 ompt_id=62487444829765633 tipo=ompt_thread_worker     last_cpu= 68 numa=1 mig=0 fallos=0 perf=full ipc=0.275 ratio_rm=0.0001
[OMPT] tid=671993 ompt_id=17451448556060673 tipo=ompt_thread_worker     last_cpu=198 numa=1 mig=0 fallos=0 perf=full ipc=0.273 ratio_rm=0.0001
[OMPT] tid=672165 ompt_id=65865144550293505 tipo=ompt_thread_worker     last_cpu= 67 numa=1 mig=0 fallos=0 perf=full ipc=0.270 ratio_rm=0.0001
[OMPT] tid=672025 ompt_id=26458647810801665 tipo=ompt_thread_worker     last_cpu=196 numa=1 mig=0 fallos=0 perf=full ipc=0.275 ratio_rm=0.0001
[OMPT] tid=672077 ompt_id=41095346599755777 tipo=ompt_thread_worker     last_cpu=193 numa=1 mig=0 fallos=0 perf=full ipc=0.269 ratio_rm=0.0001
[OMPT] tid=672113 ompt_id=51228445761339393 tipo=ompt_thread_worker     last_cpu= 70 numa=1 mig=0 fallos=0 perf=full ipc=0.274 ratio_rm=0.0001
[OMPT] tid=672053 ompt_id=34339947158700033 tipo=ompt_thread_worker     last_cpu=194 numa=1 mig=0 fallos=0 perf=full ipc=0.268 ratio_rm=0.0001
[OMPT] tid=671969 ompt_id=10696049115004929 tipo=ompt_thread_worker     last_cpu=207 numa=1 mig=0 fallos=0 perf=full ipc=0.264 ratio_rm=0.0001
[OMPT] tid=672089 ompt_id=44473046320283649 tipo=ompt_thread_worker     last_cpu=200 numa=1 mig=0 fallos=0 perf=full ipc=0.274 ratio_rm=0.0001
[OMPT] tid=671991 ompt_id=16888498602639361 tipo=ompt_thread_worker     last_cpu=206 numa=1 mig=0 fallos=0 perf=full ipc=0.268 ratio_rm=0.0001
[OMPT] tid=672183 ompt_id=70931694131085313 tipo=ompt_thread_worker     last_cpu= 75 numa=1 mig=0 fallos=0 perf=full ipc=0.266 ratio_rm=0.0001
[OMPT] tid=672119 ompt_id=52917295621603329 tipo=ompt_thread_worker     last_cpu= 78 numa=1 mig=0 fallos=0 perf=full ipc=0.269 ratio_rm=0.0001
[OMPT] tid=672185 ompt_id=71494644084506625 tipo=ompt_thread_worker     last_cpu= 90 numa=1 mig=0 fallos=0 perf=full ipc=0.274 ratio_rm=0.0001
[OMPT] tid=672137 ompt_id=57983845202395137 tipo=ompt_thread_worker     last_cpu= 93 numa=1 mig=0 fallos=0 perf=full ipc=0.274 ratio_rm=0.0001
[OMPT] tid=672021 ompt_id=25332747903959041 tipo=ompt_thread_worker     last_cpu=220 numa=1 mig=0 fallos=0 perf=full ipc=0.273 ratio_rm=0.0001
[OMPT] tid=672039 ompt_id=30399297484750849 tipo=ompt_thread_worker     last_cpu=219 numa=1 mig=0 fallos=0 perf=full ipc=0.277 ratio_rm=0.0001
[OMPT] tid=672087 ompt_id=43910096366862337 tipo=ompt_thread_worker     last_cpu=216 numa=1 mig=0 fallos=0 perf=full ipc=0.277 ratio_rm=0.0001
[OMPT] tid=672001 ompt_id=19703248369745921 tipo=ompt_thread_worker     last_cpu=221 numa=1 mig=0 fallos=0 perf=full ipc=0.273 ratio_rm=0.0001
[OMPT] tid=672073 ompt_id=39969446692913153 tipo=ompt_thread_worker     last_cpu=217 numa=1 mig=0 fallos=0 perf=full ipc=0.272 ratio_rm=0.0001
[OMPT] tid=672035 ompt_id=29273397577908225 tipo=ompt_thread_worker     last_cpu=243 numa=1 mig=0 fallos=0 perf=full ipc=0.285 ratio_rm=0.0001
[OMPT] tid=672019 ompt_id=24769797950537729 tipo=ompt_thread_worker     last_cpu=244 numa=1 mig=0 fallos=0 perf=full ipc=0.282 ratio_rm=0.0001
[OMPT] tid=672161 ompt_id=64739244643450881 tipo=ompt_thread_worker     last_cpu=115 numa=1 mig=0 fallos=0 perf=full ipc=0.286 ratio_rm=0.0001
[OMPT] tid=672005 ompt_id=20829148276588545 tipo=ompt_thread_worker     last_cpu=245 numa=1 mig=0 fallos=0 perf=full ipc=0.280 ratio_rm=0.0001
[OMPT] tid=672180 ompt_id=69805794224242689 tipo=ompt_thread_worker     last_cpu=114 numa=1 mig=0 fallos=0 perf=full ipc=0.280 ratio_rm=0.0001
[OMPT] tid=671975 ompt_id=12103423998558209 tipo=ompt_thread_worker     last_cpu=247 numa=1 mig=0 fallos=0 perf=full ipc=0.278 ratio_rm=0.0001
[OMPT] tid=672059 ompt_id=36028797018963969 tipo=ompt_thread_worker     last_cpu=242 numa=1 mig=0 fallos=0 perf=full ipc=0.281 ratio_rm=0.0001
[OMPT] tid=672167 ompt_id=66428094503714817 tipo=ompt_thread_worker     last_cpu= 83 numa=1 mig=0 fallos=0 perf=full ipc=0.280 ratio_rm=0.0001
[OMPT] tid=672051 ompt_id=33776997205278721 tipo=ompt_thread_worker     last_cpu=210 numa=1 mig=0 fallos=0 perf=full ipc=0.276 ratio_rm=0.0001
[OMPT] tid=672045 ompt_id=32088147345014785 tipo=ompt_thread_worker     last_cpu=235 numa=1 mig=0 fallos=0 perf=full ipc=0.270 ratio_rm=0.0001
[OMPT] tid=672093 ompt_id=45598946227126273 tipo=ompt_thread_worker     last_cpu=232 numa=1 mig=0 fallos=0 perf=full ipc=0.265 ratio_rm=0.0001
[OMPT] tid=671968 ompt_id=10414574138294273 tipo=ompt_thread_worker     last_cpu=239 numa=1 mig=0 fallos=0 perf=full ipc=0.269 ratio_rm=0.0001
[OMPT] tid=672129 ompt_id=55732045388709889 tipo=ompt_thread_worker     last_cpu=109 numa=1 mig=0 fallos=0 perf=full ipc=0.266 ratio_rm=0.0001
[OMPT] tid=672013 ompt_id=23080948090273793 tipo=ompt_thread_worker     last_cpu=237 numa=1 mig=0 fallos=0 perf=full ipc=0.266 ratio_rm=0.0001
[OMPT] tid=672057 ompt_id=35465847065542657 tipo=ompt_thread_worker     last_cpu=234 numa=1 mig=0 fallos=0 perf=full ipc=0.269 ratio_rm=0.0001
[OMPT] tid=672065 ompt_id=37717646879227905 tipo=ompt_thread_worker     last_cpu=233 numa=1 mig=0 fallos=0 perf=full ipc=0.265 ratio_rm=0.0001
[OMPT] tid=671990 ompt_id=16607023625928705 tipo=ompt_thread_worker     last_cpu=150 numa=0 mig=0 fallos=0 perf=full ipc=0.023 ratio_rm=0.6348
[OMPT] tid=672092 ompt_id=45317471250415617 tipo=ompt_thread_worker     last_cpu=136 numa=0 mig=0 fallos=0 perf=full ipc=0.031 ratio_rm=0.6286
[OMPT] tid=672030 ompt_id=27866022694354945 tipo=ompt_thread_worker     last_cpu=140 numa=0 mig=0 fallos=0 perf=full ipc=0.030 ratio_rm=0.6284
[OMPT] tid=672048 ompt_id=32932572275146753 tipo=ompt_thread_worker     last_cpu=  4 numa=0 mig=0 fallos=0 perf=full ipc=0.029 ratio_rm=0.6271
[OMPT] tid=672098 ompt_id=47006321110679553 tipo=ompt_thread_worker     last_cpu= 58 numa=0 mig=0 fallos=0 perf=full ipc=0.028 ratio_rm=0.6315
[OMPT] tid=672107 ompt_id=49539595901075457 tipo=ompt_thread_worker     last_cpu=119 numa=1 mig=0 fallos=0 perf=full ipc=0.278 ratio_rm=0.0001
[OMPT] tid=672151 ompt_id=61643019899633665 tipo=ompt_thread_worker     last_cpu=116 numa=1 mig=0 fallos=0 perf=full ipc=0.285 ratio_rm=0.0001
[OMPT] tid=671989 ompt_id=16325548649218049 tipo=ompt_thread_worker     last_cpu=246 numa=1 mig=0 fallos=0 perf=full ipc=0.282 ratio_rm=0.0001
[OMPT] tid=672071 ompt_id=39406496739491841 tipo=ompt_thread_worker     last_cpu=241 numa=1 mig=0 fallos=0 perf=full ipc=0.280 ratio_rm=0.0001
[OMPT] tid=672121 ompt_id=53480245575024641 tipo=ompt_thread_worker     last_cpu=118 numa=1 mig=0 fallos=0 perf=full ipc=0.284 ratio_rm=0.0001
[OMPT] tid=672085 ompt_id=43347146413441025 tipo=ompt_thread_worker     last_cpu=240 numa=1 mig=0 fallos=0 perf=full ipc=0.283 ratio_rm=0.0001
[OMPT] tid=672166 ompt_id=66146619527004161 tipo=ompt_thread_worker     last_cpu= 11 numa=0 mig=0 fallos=0 perf=full ipc=0.031 ratio_rm=0.6290
[OMPT] tid=672062 ompt_id=36873221949095937 tipo=ompt_thread_worker     last_cpu= 35 numa=0 mig=0 fallos=0 perf=full ipc=0.030 ratio_rm=0.6317
[OMPT] tid=672032 ompt_id=28428972647776257 tipo=ompt_thread_worker     last_cpu=173 numa=0 mig=0 fallos=0 perf=full ipc=0.028 ratio_rm=0.6289
[OMPT] tid=672160 ompt_id=64457769666740225 tipo=ompt_thread_worker     last_cpu=132 numa=0 mig=0 fallos=0 perf=full ipc=0.030 ratio_rm=0.6279
[OMPT] tid=672145 ompt_id=60235645016080385 tipo=ompt_thread_worker     last_cpu=128 numa=0 mig=0 fallos=0 perf=full ipc=0.032 ratio_rm=0.6278
[OMPT] tid=672069 ompt_id=38843546786070529 tipo=ompt_thread_worker     last_cpu= 81 numa=1 mig=0 fallos=0 perf=full ipc=0.276 ratio_rm=0.0001
[OMPT] tid=672081 ompt_id=42221246506598401 tipo=ompt_thread_worker     last_cpu=208 numa=1 mig=0 fallos=0 perf=full ipc=0.274 ratio_rm=0.0001
[OMPT] tid=671971 ompt_id=11258999068426241 tipo=ompt_thread_worker     last_cpu=215 numa=1 mig=0 fallos=0 perf=full ipc=0.270 ratio_rm=0.0001
[OMPT] tid=671995 ompt_id=18014398509481985 tipo=ompt_thread_worker     last_cpu=214 numa=1 mig=0 fallos=0 perf=full ipc=0.273 ratio_rm=0.0001
[OMPT] tid=672123 ompt_id=54043195528445953 tipo=ompt_thread_worker     last_cpu= 86 numa=1 mig=0 fallos=0 perf=full ipc=0.275 ratio_rm=0.0001
[OMPT] tid=672172 ompt_id=67835469387268097 tipo=ompt_thread_worker     last_cpu= 32 numa=0 mig=0 fallos=0 perf=full ipc=0.033 ratio_rm=0.6323
[OMPT] tid=672184 ompt_id=71213169107795969 tipo=ompt_thread_worker     last_cpu= 31 numa=0 mig=0 fallos=0 perf=full ipc=0.029 ratio_rm=0.6263
[OMPT] tid=671980 ompt_id=13792273858822145 tipo=ompt_thread_worker     last_cpu= 26 numa=0 mig=0 fallos=0 perf=full ipc=0.029 ratio_rm=0.6266
[OMPT] tid=672075 ompt_id=40532396646334465 tipo=ompt_thread_worker     last_cpu=201 numa=1 mig=0 fallos=0 perf=full ipc=0.266 ratio_rm=0.0001
[OMPT] tid=672173 ompt_id=68116944363978753 tipo=ompt_thread_worker     last_cpu= 72 numa=1 mig=0 fallos=0 perf=full ipc=0.275 ratio_rm=0.0001
[OMPT] tid=672122 ompt_id=53761720551735297 tipo=ompt_thread_worker     last_cpu= 22 numa=0 mig=0 fallos=0 perf=full ipc=0.024 ratio_rm=0.6350
[OMPT] tid=672002 ompt_id=19984723346456577 tipo=ompt_thread_worker     last_cpu=189 numa=0 mig=0 fallos=0 perf=full ipc=0.026 ratio_rm=0.6316
[OMPT] tid=672147 ompt_id=60798594969501697 tipo=ompt_thread_worker     last_cpu= 76 numa=1 mig=0 fallos=0 perf=full ipc=0.269 ratio_rm=0.0001
[OMPT] tid=672037 ompt_id=29836347531329537 tipo=ompt_thread_worker     last_cpu=203 numa=1 mig=0 fallos=0 perf=full ipc=0.265 ratio_rm=0.0001
[OMPT] tid=672054 ompt_id=34621422135410689 tipo=ompt_thread_worker     last_cpu= 25 numa=0 mig=0 fallos=0 perf=full ipc=0.028 ratio_rm=0.6266
[OMPT] tid=672076 ompt_id=40813871623045121 tipo=ompt_thread_worker     last_cpu=137 numa=0 mig=0 fallos=0 perf=full ipc=0.031 ratio_rm=0.6289
[OMPT] tid=672042 ompt_id=31243722414882817 tipo=ompt_thread_worker     last_cpu= 45 numa=0 mig=0 fallos=0 perf=full ipc=0.029 ratio_rm=0.6287
[OMPT] tid=672088 ompt_id=44191571343572993 tipo=ompt_thread_worker     last_cpu=153 numa=0 mig=0 fallos=0 perf=full ipc=0.028 ratio_rm=0.6267
[OMPT] tid=672100 ompt_id=47569271064100865 tipo=ompt_thread_worker     last_cpu=154 numa=0 mig=0 fallos=0 perf=full ipc=0.028 ratio_rm=0.6245
[OMPT] tid=672112 ompt_id=50946970784628737 tipo=ompt_thread_worker     last_cpu= 29 numa=0 mig=0 fallos=0 perf=full ipc=0.030 ratio_rm=0.6269
[OMPT] tid=672086 ompt_id=43628621390151681 tipo=ompt_thread_worker     last_cpu=161 numa=0 mig=0 fallos=0 perf=full ipc=0.029 ratio_rm=0.6321
[OMPT] tid=672078 ompt_id=41376821576466433 tipo=ompt_thread_worker     last_cpu=162 numa=0 mig=0 fallos=0 perf=full ipc=0.029 ratio_rm=0.6322
[OMPT] tid=672152 ompt_id=62205969853054977 tipo=ompt_thread_worker     last_cpu= 52 numa=0 mig=0 fallos=0 perf=full ipc=0.029 ratio_rm=0.6299
[OMPT] tid=672170 ompt_id=67272519433846785 tipo=ompt_thread_worker     last_cpu= 51 numa=0 mig=0 fallos=0 perf=full ipc=0.029 ratio_rm=0.6303
[OMPT] tid=671982 ompt_id=14355223812243457 tipo=ompt_thread_worker     last_cpu=175 numa=0 mig=0 fallos=0 perf=full ipc=0.029 ratio_rm=0.6289
[OMPT] tid=672104 ompt_id=48695170970943489 tipo=ompt_thread_worker     last_cpu= 47 numa=0 mig=0 fallos=0 perf=full ipc=0.030 ratio_rm=0.6287
[OMPT] tid=672168 ompt_id=66709569480425473 tipo=ompt_thread_worker     last_cpu= 43 numa=0 mig=0 fallos=0 perf=full ipc=0.031 ratio_rm=0.6287
[OMPT] tid=672074 ompt_id=40250921669623809 tipo=ompt_thread_worker     last_cpu=152 numa=0 mig=0 fallos=0 perf=full ipc=0.029 ratio_rm=0.6262
[OMPT] tid=672060 ompt_id=36310271995674625 tipo=ompt_thread_worker     last_cpu=155 numa=0 mig=0 fallos=0 perf=full ipc=0.027 ratio_rm=0.6266
[OMPT] tid=672006 ompt_id=21110623253299201 tipo=ompt_thread_worker     last_cpu=138 numa=0 mig=0 fallos=0 perf=full ipc=0.031 ratio_rm=0.6291
[OMPT] tid=672056 ompt_id=35184372088832001 tipo=ompt_thread_worker     last_cpu=146 numa=0 mig=0 fallos=0 perf=full ipc=0.025 ratio_rm=0.6341
[OMPT] tid=672176 ompt_id=68961369294110721 tipo=ompt_thread_worker     last_cpu=  8 numa=0 mig=0 fallos=0 perf=full ipc=0.032 ratio_rm=0.6287
[OMPT] tid=672066 ompt_id=37999121855938561 tipo=ompt_thread_worker     last_cpu=185 numa=0 mig=0 fallos=0 perf=full ipc=0.026 ratio_rm=0.6314
[OMPT] tid=671981 ompt_id=14073748835532801 tipo=ompt_thread_worker     last_cpu=167 numa=0 mig=0 fallos=0 perf=full ipc=0.028 ratio_rm=0.6330
[OMPT] tid=672124 ompt_id=54324670505156609 tipo=ompt_thread_worker     last_cpu= 39 numa=0 mig=0 fallos=0 perf=full ipc=0.030 ratio_rm=0.6327
[OMPT] tid=672105 ompt_id=48976645947654145 tipo=ompt_thread_worker     last_cpu=111 numa=1 mig=0 fallos=0 perf=full ipc=0.273 ratio_rm=0.0001
[OMPT] tid=671997 ompt_id=18577348462903297 tipo=ompt_thread_worker     last_cpu= 33 numa=0 mig=0 fallos=0 perf=full ipc=0.028 ratio_rm=0.6322
[OMPT] tid=672117 ompt_id=52354345668182017 tipo=ompt_thread_worker     last_cpu=110 numa=1 mig=0 fallos=0 perf=full ipc=0.268 ratio_rm=0.0001
[OMPT] tid=672041 ompt_id=30962247438172161 tipo=ompt_thread_worker     last_cpu=211 numa=1 mig=0 fallos=0 perf=full ipc=0.278 ratio_rm=0.0001
[OMPT] tid=672027 ompt_id=27021597764222977 tipo=ompt_thread_worker     last_cpu=212 numa=1 mig=0 fallos=0 perf=full ipc=0.275 ratio_rm=0.0001
[OMPT] tid=672177 ompt_id=69242844270821377 tipo=ompt_thread_worker     last_cpu= 82 numa=1 mig=0 fallos=0 perf=full ipc=0.279 ratio_rm=0.0001
[OMPT] tid=671972 ompt_id=11540474045136897 tipo=ompt_thread_worker     last_cpu=191 numa=0 mig=0 fallos=0 perf=full ipc=0.027 ratio_rm=0.6313
[OMPT] tid=672110 ompt_id=50665495807918081 tipo=ompt_thread_worker     last_cpu= 63 numa=0 mig=0 fallos=0 perf=full ipc=0.029 ratio_rm=0.6317
[OMPT] tid=672130 ompt_id=56013520365420545 tipo=ompt_thread_worker     last_cpu=159 numa=0 mig=0 fallos=0 perf=full ipc=0.028 ratio_rm=0.6264
[OMPT] tid=672011 ompt_id=22517998136852481 tipo=ompt_thread_worker     last_cpu=213 numa=1 mig=0 fallos=0 perf=full ipc=0.271 ratio_rm=0.0001
[OMPT] tid=672131 ompt_id=56294995342131201 tipo=ompt_thread_worker     last_cpu= 85 numa=1 mig=0 fallos=0 perf=full ipc=0.274 ratio_rm=0.0001
[OMPT] tid=672157 ompt_id=63613344736608257 tipo=ompt_thread_worker     last_cpu= 84 numa=1 mig=0 fallos=0 perf=full ipc=0.278 ratio_rm=0.0001
[OMPT] tid=672050 ompt_id=33495522228568065 tipo=ompt_thread_worker     last_cpu=186 numa=0 mig=0 fallos=0 perf=full ipc=0.028 ratio_rm=0.6238
[OMPT] tid=672034 ompt_id=28991922601197569 tipo=ompt_thread_worker     last_cpu=187 numa=0 mig=0 fallos=0 perf=full ipc=0.026 ratio_rm=0.6313
[OMPT] tid=672070 ompt_id=39125021762781185 tipo=ompt_thread_worker     last_cpu=145 numa=0 mig=0 fallos=0 perf=full ipc=0.023 ratio_rm=0.6348
[OMPT] tid=672029 ompt_id=27584547717644289 tipo=ompt_thread_worker     last_cpu=236 numa=1 mig=0 fallos=0 perf=full ipc=0.266 ratio_rm=0.0001
[OMPT] tid=672186 ompt_id=71776119061217281 tipo=ompt_thread_worker     last_cpu= 50 numa=0 mig=0 fallos=0 perf=full ipc=0.030 ratio_rm=0.6302
[OMPT] tid=672010 ompt_id=22236523160141825 tipo=ompt_thread_worker     last_cpu= 49 numa=0 mig=0 fallos=0 perf=full ipc=0.028 ratio_rm=0.6302
[OMPT] tid=672149 ompt_id=61361544922923009 tipo=ompt_thread_worker     last_cpu=108 numa=1 mig=0 fallos=0 perf=full ipc=0.268 ratio_rm=0.0001
[OMPT] tid=671994 ompt_id=17732923532771329 tipo=ompt_thread_worker     last_cpu=182 numa=0 mig=0 fallos=0 perf=full ipc=0.028 ratio_rm=0.6301
[OMPT] tid=672116 ompt_id=52072870691471361 tipo=ompt_thread_worker     last_cpu= 54 numa=0 mig=0 fallos=0 perf=full ipc=0.029 ratio_rm=0.6299
[OMPT] tid=672022 ompt_id=25614222880669697 tipo=ompt_thread_worker     last_cpu=180 numa=0 mig=0 fallos=0 perf=full ipc=0.028 ratio_rm=0.6302
[OMPT] tid=672058 ompt_id=35747322042253313 tipo=ompt_thread_worker     last_cpu=178 numa=0 mig=0 fallos=0 perf=full ipc=0.029 ratio_rm=0.6303
[OMPT] tid=672109 ompt_id=50102545854496769 tipo=ompt_thread_worker     last_cpu= 87 numa=1 mig=0 fallos=0 perf=full ipc=0.272 ratio_rm=0.0001
[OMPT] tid=671996 ompt_id=18295873486192641 tipo=ompt_thread_worker     last_cpu=166 numa=0 mig=0 fallos=0 perf=full ipc=0.029 ratio_rm=0.6320
[OMPT] tid=672018 ompt_id=24488322973827073 tipo=ompt_thread_worker     last_cpu=164 numa=0 mig=0 fallos=0 perf=full ipc=0.029 ratio_rm=0.6323
[OMPT] tid=672181 ompt_id=70368744177664001 tipo=ompt_thread_worker     last_cpu= 18 numa=0 mig=0 fallos=0 perf=full ipc=0.026 ratio_rm=0.6339
[OMPT] tid=672014 ompt_id=23362423066984449 tipo=ompt_thread_worker     last_cpu= 38 numa=0 mig=0 fallos=0 perf=full ipc=0.029 ratio_rm=0.6320
[OMPT] tid=672028 ompt_id=27303072740933633 tipo=ompt_thread_worker     last_cpu=172 numa=0 mig=0 fallos=0 perf=full ipc=0.029 ratio_rm=0.6279
[OMPT] tid=672150 ompt_id=61924494876344321 tipo=ompt_thread_worker     last_cpu= 37 numa=0 mig=0 fallos=0 perf=full ipc=0.029 ratio_rm=0.6325
[OMPT] tid=672164 ompt_id=65583669573582849 tipo=ompt_thread_worker     last_cpu= 19 numa=0 mig=0 fallos=0 perf=full ipc=0.025 ratio_rm=0.6350
[OMPT] tid=672012 ompt_id=22799473113563137 tipo=ompt_thread_worker     last_cpu=149 numa=0 mig=0 fallos=0 perf=full ipc=0.023 ratio_rm=0.6343
[OMPT] tid=672169 ompt_id=66991044457136129 tipo=ompt_thread_worker     last_cpu=107 numa=1 mig=0 fallos=0 perf=full ipc=0.272 ratio_rm=0.0001
[OMPT] tid=672187 ompt_id=72057594037927937 tipo=ompt_thread_worker     last_cpu=106 numa=1 mig=0 fallos=0 perf=full ipc=0.271 ratio_rm=0.0001
[OMPT] tid=672138 ompt_id=58265320179105793 tipo=ompt_thread_worker     last_cpu= 21 numa=0 mig=0 fallos=0 perf=full ipc=0.024 ratio_rm=0.6349
[OMPT] tid=672162 ompt_id=65020719620161537 tipo=ompt_thread_worker     last_cpu= 36 numa=0 mig=0 fallos=0 perf=full ipc=0.030 ratio_rm=0.6328
[OMPT] tid=672008 ompt_id=21673573206720513 tipo=ompt_thread_worker     last_cpu= 34 numa=0 mig=0 fallos=0 perf=full ipc=0.030 ratio_rm=0.6322
[OMPT] tid=671986 ompt_id=15481123719086081 tipo=ompt_thread_worker     last_cpu=190 numa=0 mig=0 fallos=0 perf=full ipc=0.027 ratio_rm=0.6314
[OMPT] tid=672038 ompt_id=30117822508040193 tipo=ompt_thread_worker     last_cpu=147 numa=0 mig=0 fallos=0 perf=full ipc=0.024 ratio_rm=0.6346
[OMPT] tid=672174 ompt_id=68398419340689409 tipo=ompt_thread_worker     last_cpu= 59 numa=0 mig=0 fallos=0 perf=full ipc=0.029 ratio_rm=0.6321
[OMPT] tid=672026 ompt_id=26740122787512321 tipo=ompt_thread_worker     last_cpu=148 numa=0 mig=0 fallos=0 perf=full ipc=0.024 ratio_rm=0.6342
[OMPT] tid=672090 ompt_id=44754521296994305 tipo=ompt_thread_worker     last_cpu=144 numa=0 mig=0 fallos=0 perf=full ipc=0.023 ratio_rm=0.6348
[OMPT] tid=672096 ompt_id=46443371157258241 tipo=ompt_thread_worker     last_cpu=163 numa=0 mig=0 fallos=0 perf=full ipc=0.028 ratio_rm=0.6321
[OMPT] tid=671978 ompt_id=13510798882111489 tipo=ompt_thread_worker     last_cpu=151 numa=0 mig=0 fallos=0 perf=full ipc=0.023 ratio_rm=0.6346
[OMPT] tid=672106 ompt_id=49258120924364801 tipo=ompt_thread_worker     last_cpu= 23 numa=0 mig=0 fallos=0 perf=full ipc=0.024 ratio_rm=0.6347
[OMPT] tid=672136 ompt_id=57702370225684481 tipo=ompt_thread_worker     last_cpu= 40 numa=0 mig=0 fallos=0 perf=full ipc=0.031 ratio_rm=0.6288
[OMPT] tid=672082 ompt_id=42502721483309057 tipo=ompt_thread_worker     last_cpu=176 numa=0 mig=0 fallos=0 perf=full ipc=0.029 ratio_rm=0.6296
[OMPT] tid=672132 ompt_id=56576470318841857 tipo=ompt_thread_worker     last_cpu= 53 numa=0 mig=0 fallos=0 perf=full ipc=0.030 ratio_rm=0.6305
[OMPT] tid=672158 ompt_id=63894819713318913 tipo=ompt_thread_worker     last_cpu= 60 numa=0 mig=0 fallos=0 perf=full ipc=0.028 ratio_rm=0.6317
[OMPT] tid=672142 ompt_id=59391220085948417 tipo=ompt_thread_worker     last_cpu= 61 numa=0 mig=0 fallos=0 perf=full ipc=0.028 ratio_rm=0.6313
[OMPT] tid=672126 ompt_id=54887620458577921 tipo=ompt_thread_worker     last_cpu= 62 numa=0 mig=0 fallos=0 perf=full ipc=0.028 ratio_rm=0.6316
[OMPT] tid=672155 ompt_id=63050394783186945 tipo=ompt_thread_worker     last_cpu= 44 numa=0 mig=0 fallos=0 perf=full ipc=0.031 ratio_rm=0.6293
[OMPT] tid=672016 ompt_id=23925373020405761 tipo=ompt_thread_worker     last_cpu=188 numa=0 mig=0 fallos=0 perf=full ipc=0.027 ratio_rm=0.6307
[OMPT] ===== Overhead intrínseco =====
  monitor: 208 ticks, 1226639.2 us total (max 11669.2 us/tick)
  callbacks implicit_task: 41985, 70202572.9 us total
  migraciones: 0 (0.0 us total)
  resyncs=3  lecturas escaladas por multiplexado=154624
  hilos con perf fallido=0  parcial(ipc_only)=0
  ventanas con ciclos=38141  con fills=38141
