[OMPT] ompt_initialize (OPCIÓN C: integrador con fugas)  verbose=0  migracion=DESACTIVADA
[HWLOC] Nodos NUMA detectados: 2 (usados: 2)
[HWLOC] Nodo 0: 128 CPUs
[HWLOC] Nodo 1: 128 CPUs
[OMPT] callback 'ompt_callback_thread_begin' registrado (result=5)
[OMPT] callback 'ompt_callback_thread_end' registrado (result=5)
[OMPT] callback 'ompt_callback_parallel_begin' registrado (result=5)
[OMPT] callback 'ompt_callback_parallel_end' registrado (result=5)
[OMPT] callback 'ompt_callback_implicit_task' registrado (result=5)
[OMPT] callback 'ompt_callback_control_tool' registrado (result=5)
[OMPT] Callbacks registrados
[OMPT] Sistema: 0 procesadores lógicos
[OMPT][MON] Monitor (C: integrador con fugas)  período=100ms  warmup=5  T=ref+1.00*MAD  leak=0.50*MAD  cap=8.00*MAD  max_mig=1  migracion=DESACTIVADA
[perf_region] tool OMPT detectado: los contadores los lleva el tool, no se abren aqui
[OMPT] control_tool: INICIANDO medicion
[OMPT] control_tool: PAUSANDO medicion
[OMPT] ompt_finalize
[OMPT][MON] Monitor detenido tras 2 ventanas
[OMPT] CSV de ventanas: 0 filas volcadas (0 descartadas)
[OMPT] ===== Tabla final: 128 hilos =====
[OMPT] tid=628683 ompt_id=281474976710657 tipo=ompt_thread_initial    last_cpu=185 numa=0 mig=0 fallos=0 perf=full ipc=0.337 ratio_rm=0.0206
[OMPT] tid=628685 ompt_id=562949953421313 tipo=ompt_thread_worker     last_cpu=255 numa=1 mig=0 fallos=0 perf=full ipc=0.318 ratio_rm=0.0033
[OMPT] tid=628686 ompt_id=844424930131969 tipo=ompt_thread_worker     last_cpu=124 numa=1 mig=0 fallos=0 perf=full ipc=0.272 ratio_rm=0.0026
[OMPT] tid=628687 ompt_id=1125899906842625 tipo=ompt_thread_worker     last_cpu=123 numa=1 mig=0 fallos=0 perf=full ipc=0.297 ratio_rm=0.0033
[OMPT] tid=628688 ompt_id=1407374883553281 tipo=ompt_thread_worker     last_cpu=210 numa=1 mig=0 fallos=0 perf=full ipc=0.501 ratio_rm=0.0110
[OMPT] tid=628690 ompt_id=1970324836974593 tipo=ompt_thread_worker     last_cpu= 16 numa=0 mig=0 fallos=0 perf=full ipc=0.179 ratio_rm=0.0004
[OMPT] tid=628689 ompt_id=1688849860263937 tipo=ompt_thread_worker     last_cpu= 96 numa=1 mig=0 fallos=0 perf=full ipc=0.351 ratio_rm=0.0062
[OMPT] tid=628691 ompt_id=2251799813685249 tipo=ompt_thread_worker     last_cpu=122 numa=1 mig=0 fallos=0 perf=full ipc=0.266 ratio_rm=0.0044
[OMPT] tid=628692 ompt_id=2533274790395905 tipo=ompt_thread_worker     last_cpu=226 numa=1 mig=0 fallos=0 perf=full ipc=0.362 ratio_rm=0.0086
[OMPT] tid=628696 ompt_id=3659174697238529 tipo=ompt_thread_worker     last_cpu=120 numa=1 mig=0 fallos=0 perf=full ipc=0.271 ratio_rm=0.0046
[OMPT] tid=628697 ompt_id=3940649673949185 tipo=ompt_thread_worker     last_cpu= 19 numa=0 mig=0 fallos=0 perf=full ipc=0.250 ratio_rm=0.0005
[OMPT] tid=628693 ompt_id=2814749767106561 tipo=ompt_thread_worker     last_cpu=121 numa=1 mig=0 fallos=0 perf=full ipc=0.293 ratio_rm=0.0039
[OMPT] tid=628698 ompt_id=4222124650659841 tipo=ompt_thread_worker     last_cpu= 14 numa=0 mig=0 fallos=0 perf=full ipc=0.206 ratio_rm=0.0004
[OMPT] tid=628694 ompt_id=3096224743817217 tipo=ompt_thread_worker     last_cpu= 15 numa=0 mig=0 fallos=0 perf=full ipc=0.224 ratio_rm=0.0005
[OMPT] tid=628699 ompt_id=4503599627370497 tipo=ompt_thread_worker     last_cpu=146 numa=0 mig=0 fallos=0 perf=full ipc=0.196 ratio_rm=0.0005
[OMPT] tid=628695 ompt_id=3377699720527873 tipo=ompt_thread_worker     last_cpu= 11 numa=0 mig=0 fallos=0 perf=full ipc=0.206 ratio_rm=0.0003
[OMPT] tid=628700 ompt_id=4785074604081153 tipo=ompt_thread_worker     last_cpu=212 numa=1 mig=0 fallos=0 perf=full ipc=0.390 ratio_rm=0.0045
[OMPT] tid=628702 ompt_id=5348024557502465 tipo=ompt_thread_worker     last_cpu=126 numa=1 mig=0 fallos=0 perf=full ipc=0.307 ratio_rm=0.0036
[OMPT] tid=628701 ompt_id=5066549580791809 tipo=ompt_thread_worker     last_cpu=136 numa=0 mig=0 fallos=0 perf=full ipc=0.209 ratio_rm=0.0005
[OMPT] tid=628703 ompt_id=5629499534213121 tipo=ompt_thread_worker     last_cpu= 12 numa=0 mig=0 fallos=0 perf=full ipc=0.227 ratio_rm=0.0005
[OMPT] tid=628704 ompt_id=5910974510923777 tipo=ompt_thread_worker     last_cpu=  8 numa=0 mig=0 fallos=0 perf=full ipc=0.208 ratio_rm=0.0009
[OMPT] tid=628705 ompt_id=6192449487634433 tipo=ompt_thread_worker     last_cpu= 10 numa=0 mig=0 fallos=0 perf=full ipc=0.200 ratio_rm=0.0004
[OMPT] tid=628706 ompt_id=6473924464345089 tipo=ompt_thread_worker     last_cpu=137 numa=0 mig=0 fallos=0 perf=full ipc=0.194 ratio_rm=0.0004
[OMPT] tid=628707 ompt_id=6755399441055745 tipo=ompt_thread_worker     last_cpu=  9 numa=0 mig=0 fallos=0 perf=full ipc=0.199 ratio_rm=0.0004
[OMPT] tid=628708 ompt_id=7036874417766401 tipo=ompt_thread_worker     last_cpu=  5 numa=0 mig=0 fallos=0 perf=full ipc=0.185 ratio_rm=0.0010
[OMPT] tid=628709 ompt_id=7318349394477057 tipo=ompt_thread_worker     last_cpu=  7 numa=0 mig=0 fallos=0 perf=full ipc=0.223 ratio_rm=0.0005
[OMPT] tid=628710 ompt_id=7599824371187713 tipo=ompt_thread_worker     last_cpu=  6 numa=0 mig=0 fallos=0 perf=full ipc=0.237 ratio_rm=0.0006
[OMPT] tid=628711 ompt_id=7881299347898369 tipo=ompt_thread_worker     last_cpu= 72 numa=1 mig=0 fallos=0 perf=full ipc=0.377 ratio_rm=0.0068
[OMPT] tid=628712 ompt_id=8162774324609025 tipo=ompt_thread_worker     last_cpu=211 numa=1 mig=0 fallos=0 perf=full ipc=0.399 ratio_rm=0.0051
[OMPT] tid=628713 ompt_id=8444249301319681 tipo=ompt_thread_worker     last_cpu= 17 numa=0 mig=0 fallos=0 perf=full ipc=0.206 ratio_rm=0.0007
[OMPT] tid=628714 ompt_id=8725724278030337 tipo=ompt_thread_worker     last_cpu=253 numa=1 mig=0 fallos=0 perf=full ipc=0.323 ratio_rm=0.0031
[OMPT] tid=628715 ompt_id=9007199254740993 tipo=ompt_thread_worker     last_cpu= 13 numa=0 mig=0 fallos=0 perf=full ipc=0.208 ratio_rm=0.0007
[OMPT] tid=628716 ompt_id=9288674231451649 tipo=ompt_thread_worker     last_cpu=125 numa=1 mig=0 fallos=0 perf=full ipc=0.284 ratio_rm=0.0040
[OMPT] tid=628717 ompt_id=9570149208162305 tipo=ompt_thread_worker     last_cpu=254 numa=1 mig=0 fallos=0 perf=full ipc=0.310 ratio_rm=0.0028
[OMPT] tid=628718 ompt_id=9851624184872961 tipo=ompt_thread_worker     last_cpu=127 numa=1 mig=0 fallos=0 perf=full ipc=0.335 ratio_rm=0.0027
[OMPT] tid=628719 ompt_id=10133099161583617 tipo=ompt_thread_worker     last_cpu= 64 numa=1 mig=0 fallos=0 perf=full ipc=0.364 ratio_rm=0.0075
[OMPT] tid=628811 ompt_id=36028797018963969 tipo=ompt_thread_worker     last_cpu=194 numa=1 mig=0 fallos=0 perf=full ipc=0.394 ratio_rm=0.0908
[OMPT] tid=628780 ompt_id=27303072740933633 tipo=ompt_thread_worker     last_cpu=  3 numa=0 mig=0 fallos=0 perf=full ipc=0.323 ratio_rm=0.0641
[OMPT] tid=628749 ompt_id=18577348462903297 tipo=ompt_thread_worker     last_cpu=238 numa=1 mig=0 fallos=0 perf=full ipc=0.523 ratio_rm=0.0327
[OMPT] tid=628731 ompt_id=13510798882111489 tipo=ompt_thread_worker     last_cpu=239 numa=1 mig=0 fallos=0 perf=full ipc=0.522 ratio_rm=0.0285
[OMPT] tid=628797 ompt_id=32088147345014785 tipo=ompt_thread_worker     last_cpu=235 numa=1 mig=0 fallos=0 perf=full ipc=0.526 ratio_rm=0.0399
[OMPT] tid=628763 ompt_id=22517998136852481 tipo=ompt_thread_worker     last_cpu=237 numa=1 mig=0 fallos=0 perf=full ipc=0.523 ratio_rm=0.0369
[OMPT] tid=628779 ompt_id=27021597764222977 tipo=ompt_thread_worker     last_cpu=236 numa=1 mig=0 fallos=0 perf=full ipc=0.523 ratio_rm=0.0379
[OMPT] tid=628803 ompt_id=33776997205278721 tipo=ompt_thread_worker     last_cpu= 97 numa=1 mig=0 fallos=0 perf=full ipc=0.354 ratio_rm=0.0652
[OMPT] tid=628809 ompt_id=35465847065542657 tipo=ompt_thread_worker     last_cpu=138 numa=0 mig=0 fallos=0 perf=full ipc=0.178 ratio_rm=0.0205
[OMPT] tid=628781 ompt_id=27584547717644289 tipo=ompt_thread_worker     last_cpu=  4 numa=0 mig=0 fallos=0 perf=full ipc=0.282 ratio_rm=0.0264
[OMPT] tid=628795 ompt_id=31525197391593473 tipo=ompt_thread_worker     last_cpu=139 numa=0 mig=0 fallos=0 perf=full ipc=0.220 ratio_rm=0.0232
[OMPT] tid=628747 ompt_id=18014398509481985 tipo=ompt_thread_worker     last_cpu=214 numa=1 mig=0 fallos=0 perf=full ipc=0.380 ratio_rm=0.0306
[OMPT] tid=628761 ompt_id=21955048183431169 tipo=ompt_thread_worker     last_cpu=213 numa=1 mig=0 fallos=0 perf=full ipc=0.375 ratio_rm=0.0278
[OMPT] tid=628729 ompt_id=12947848928690177 tipo=ompt_thread_worker     last_cpu=215 numa=1 mig=0 fallos=0 perf=full ipc=0.376 ratio_rm=0.0257
[OMPT] tid=628793 ompt_id=30962247438172161 tipo=ompt_thread_worker     last_cpu=203 numa=1 mig=0 fallos=0 perf=full ipc=0.338 ratio_rm=0.0422
[OMPT] tid=628730 ompt_id=13229323905400833 tipo=ompt_thread_worker     last_cpu=183 numa=0 mig=0 fallos=0 perf=full ipc=0.247 ratio_rm=0.0189
[OMPT] tid=628728 ompt_id=12666373951979521 tipo=ompt_thread_worker     last_cpu=175 numa=0 mig=0 fallos=0 perf=full ipc=0.305 ratio_rm=0.0325
[OMPT] tid=628802 ompt_id=33495522228568065 tipo=ompt_thread_worker     last_cpu=170 numa=0 mig=0 fallos=0 perf=full ipc=0.357 ratio_rm=0.0348
[OMPT] tid=628722 ompt_id=10977524091715585 tipo=ompt_thread_worker     last_cpu=  1 numa=0 mig=0 fallos=0 perf=full ipc=0.248 ratio_rm=0.0498
[OMPT] tid=628767 ompt_id=23643898043695105 tipo=ompt_thread_worker     last_cpu=250 numa=1 mig=0 fallos=0 perf=full ipc=0.276 ratio_rm=0.0256
[OMPT] tid=628807 ompt_id=34902897112121345 tipo=ompt_thread_worker     last_cpu=202 numa=1 mig=0 fallos=0 perf=full ipc=0.369 ratio_rm=0.1079
[OMPT] tid=628805 ompt_id=34339947158700033 tipo=ompt_thread_worker     last_cpu=218 numa=1 mig=0 fallos=0 perf=full ipc=0.479 ratio_rm=0.0988
[OMPT] tid=628753 ompt_id=19703248369745921 tipo=ompt_thread_worker     last_cpu=221 numa=1 mig=0 fallos=0 perf=full ipc=0.410 ratio_rm=0.0219
[OMPT] tid=628737 ompt_id=15199648742375425 tipo=ompt_thread_worker     last_cpu=222 numa=1 mig=0 fallos=0 perf=full ipc=0.403 ratio_rm=0.0202
[OMPT] tid=628723 ompt_id=11258999068426241 tipo=ompt_thread_worker     last_cpu=223 numa=1 mig=0 fallos=0 perf=full ipc=0.401 ratio_rm=0.0227
[OMPT] tid=628785 ompt_id=28710447624486913 tipo=ompt_thread_worker     last_cpu=219 numa=1 mig=0 fallos=0 perf=full ipc=0.404 ratio_rm=0.0334
[OMPT] tid=628771 ompt_id=24769797950537729 tipo=ompt_thread_worker     last_cpu=220 numa=1 mig=0 fallos=0 perf=full ipc=0.417 ratio_rm=0.0303
[OMPT] tid=628724 ompt_id=11540474045136897 tipo=ompt_thread_worker     last_cpu=191 numa=0 mig=0 fallos=0 perf=full ipc=0.228 ratio_rm=0.0305
[OMPT] tid=628784 ompt_id=28428972647776257 tipo=ompt_thread_worker     last_cpu=186 numa=0 mig=0 fallos=0 perf=full ipc=0.366 ratio_rm=0.0388
[OMPT] tid=628772 ompt_id=25051272927248385 tipo=ompt_thread_worker     last_cpu=156 numa=0 mig=0 fallos=0 perf=full ipc=0.303 ratio_rm=0.0431
[OMPT] tid=628801 ompt_id=33214047251857409 tipo=ompt_thread_worker     last_cpu=242 numa=1 mig=0 fallos=0 perf=full ipc=0.518 ratio_rm=0.0941
[OMPT] tid=628778 ompt_id=26740122787512321 tipo=ompt_thread_worker     last_cpu=140 numa=0 mig=0 fallos=0 perf=full ipc=0.210 ratio_rm=0.0347
[OMPT] tid=628794 ompt_id=31243722414882817 tipo=ompt_thread_worker     last_cpu=133 numa=0 mig=0 fallos=0 perf=full ipc=0.133 ratio_rm=0.0265
[OMPT] tid=628776 ompt_id=26177172834091009 tipo=ompt_thread_worker     last_cpu= 34 numa=0 mig=0 fallos=0 perf=full ipc=0.337 ratio_rm=0.0583
[OMPT] tid=628764 ompt_id=22799473113563137 tipo=ompt_thread_worker     last_cpu=173 numa=0 mig=0 fallos=0 perf=full ipc=0.322 ratio_rm=0.0516
[OMPT] tid=628744 ompt_id=17169973579350017 tipo=ompt_thread_worker     last_cpu=174 numa=0 mig=0 fallos=0 perf=full ipc=0.369 ratio_rm=0.0439
[OMPT] tid=628798 ompt_id=32369622321725441 tipo=ompt_thread_worker     last_cpu=149 numa=0 mig=0 fallos=0 perf=full ipc=0.206 ratio_rm=0.0270
[OMPT] tid=628810 ompt_id=35747322042253313 tipo=ompt_thread_worker     last_cpu=178 numa=0 mig=0 fallos=0 perf=full ipc=0.340 ratio_rm=0.0344
[OMPT] tid=628804 ompt_id=34058472181989377 tipo=ompt_thread_worker     last_cpu=163 numa=0 mig=0 fallos=0 perf=full ipc=0.282 ratio_rm=0.0432
[OMPT] tid=628746 ompt_id=17732923532771329 tipo=ompt_thread_worker     last_cpu=166 numa=0 mig=0 fallos=0 perf=full ipc=0.206 ratio_rm=0.0294
[OMPT] tid=628762 ompt_id=22236523160141825 tipo=ompt_thread_worker     last_cpu=165 numa=0 mig=0 fallos=0 perf=full ipc=0.251 ratio_rm=0.0315
[OMPT] tid=628787 ompt_id=29273397577908225 tipo=ompt_thread_worker     last_cpu=227 numa=1 mig=0 fallos=0 perf=full ipc=0.347 ratio_rm=0.0285
[OMPT] tid=628755 ompt_id=20266198323167233 tipo=ompt_thread_worker     last_cpu=229 numa=1 mig=0 fallos=0 perf=full ipc=0.283 ratio_rm=0.0273
[OMPT] tid=628769 ompt_id=24206847997116417 tipo=ompt_thread_worker     last_cpu=228 numa=1 mig=0 fallos=0 perf=full ipc=0.330 ratio_rm=0.0326
[OMPT] tid=628739 ompt_id=15762598695796737 tipo=ompt_thread_worker     last_cpu=230 numa=1 mig=0 fallos=0 perf=full ipc=0.325 ratio_rm=0.0265
[OMPT] tid=628725 ompt_id=11821949021847553 tipo=ompt_thread_worker     last_cpu=231 numa=1 mig=0 fallos=0 perf=full ipc=0.295 ratio_rm=0.0253
[OMPT] tid=628790 ompt_id=30117822508040193 tipo=ompt_thread_worker     last_cpu=171 numa=0 mig=0 fallos=0 perf=full ipc=0.326 ratio_rm=0.0352
[OMPT] tid=628783 ompt_id=28147497671065601 tipo=ompt_thread_worker     last_cpu=251 numa=1 mig=0 fallos=0 perf=full ipc=0.309 ratio_rm=0.0260
[OMPT] tid=628806 ompt_id=34621422135410689 tipo=ompt_thread_worker     last_cpu=154 numa=0 mig=0 fallos=0 perf=full ipc=0.351 ratio_rm=0.0457
[OMPT] tid=628732 ompt_id=13792273858822145 tipo=ompt_thread_worker     last_cpu=159 numa=0 mig=0 fallos=0 perf=full ipc=0.351 ratio_rm=0.0566
[OMPT] tid=628760 ompt_id=21673573206720513 tipo=ompt_thread_worker     last_cpu=157 numa=0 mig=0 fallos=0 perf=full ipc=0.342 ratio_rm=0.0562
[OMPT] tid=628786 ompt_id=28991922601197569 tipo=ompt_thread_worker     last_cpu=155 numa=0 mig=0 fallos=0 perf=full ipc=0.327 ratio_rm=0.0349
[OMPT] tid=628742 ompt_id=16607023625928705 tipo=ompt_thread_worker     last_cpu=158 numa=0 mig=0 fallos=0 perf=full ipc=0.286 ratio_rm=0.0327
[OMPT] tid=628789 ompt_id=29836347531329537 tipo=ompt_thread_worker     last_cpu=243 numa=1 mig=0 fallos=0 perf=full ipc=0.444 ratio_rm=0.0273
[OMPT] tid=628759 ompt_id=21392098230009857 tipo=ompt_thread_worker     last_cpu=245 numa=1 mig=0 fallos=0 perf=full ipc=0.442 ratio_rm=0.0213
[OMPT] tid=628720 ompt_id=10414574138294273 tipo=ompt_thread_worker     last_cpu=247 numa=1 mig=0 fallos=0 perf=full ipc=0.458 ratio_rm=0.0045
[OMPT] tid=628743 ompt_id=16888498602639361 tipo=ompt_thread_worker     last_cpu=246 numa=1 mig=0 fallos=0 perf=full ipc=0.447 ratio_rm=0.0238
[OMPT] tid=628775 ompt_id=25895697857380353 tipo=ompt_thread_worker     last_cpu=244 numa=1 mig=0 fallos=0 perf=full ipc=0.446 ratio_rm=0.0227
[OMPT] tid=628758 ompt_id=21110623253299201 tipo=ompt_thread_worker     last_cpu=144 numa=0 mig=0 fallos=0 perf=full ipc=0.222 ratio_rm=0.0334
[OMPT] tid=628734 ompt_id=14355223812243457 tipo=ompt_thread_worker     last_cpu=145 numa=0 mig=0 fallos=0 perf=full ipc=0.183 ratio_rm=0.0293
[OMPT] tid=628748 ompt_id=18295873486192641 tipo=ompt_thread_worker     last_cpu=142 numa=0 mig=0 fallos=0 perf=full ipc=0.183 ratio_rm=0.0714
[OMPT] tid=628740 ompt_id=16044073672507393 tipo=ompt_thread_worker     last_cpu=182 numa=0 mig=0 fallos=0 perf=full ipc=0.241 ratio_rm=0.0388
[OMPT] tid=628796 ompt_id=31806672368304129 tipo=ompt_thread_worker     last_cpu=179 numa=0 mig=0 fallos=0 perf=full ipc=0.363 ratio_rm=0.0614
[OMPT] tid=628757 ompt_id=20829148276588545 tipo=ompt_thread_worker     last_cpu=205 numa=1 mig=0 fallos=0 perf=full ipc=0.324 ratio_rm=0.0420
[OMPT] tid=628773 ompt_id=25332747903959041 tipo=ompt_thread_worker     last_cpu=204 numa=1 mig=0 fallos=0 perf=full ipc=0.333 ratio_rm=0.0463
[OMPT] tid=628791 ompt_id=30399297484750849 tipo=ompt_thread_worker     last_cpu=195 numa=1 mig=0 fallos=0 perf=full ipc=0.332 ratio_rm=0.0534
[OMPT] tid=628727 ompt_id=12384898975268865 tipo=ompt_thread_worker     last_cpu=199 numa=1 mig=0 fallos=0 perf=full ipc=0.289 ratio_rm=0.0259
[OMPT] tid=628777 ompt_id=26458647810801665 tipo=ompt_thread_worker     last_cpu=196 numa=1 mig=0 fallos=0 perf=full ipc=0.333 ratio_rm=0.0570
[OMPT] tid=628765 ompt_id=23080948090273793 tipo=ompt_thread_worker     last_cpu=197 numa=1 mig=0 fallos=0 perf=full ipc=0.346 ratio_rm=0.0371
[OMPT] tid=628745 ompt_id=17451448556060673 tipo=ompt_thread_worker     last_cpu=198 numa=1 mig=0 fallos=0 perf=full ipc=0.328 ratio_rm=0.0334
[OMPT] tid=628782 ompt_id=27866022694354945 tipo=ompt_thread_worker     last_cpu=150 numa=0 mig=0 fallos=0 perf=full ipc=0.268 ratio_rm=0.0481
[OMPT] tid=628750 ompt_id=18858823439613953 tipo=ompt_thread_worker     last_cpu=151 numa=0 mig=0 fallos=0 perf=full ipc=0.249 ratio_rm=0.0390
[OMPT] tid=628752 ompt_id=19421773393035265 tipo=ompt_thread_worker     last_cpu=  2 numa=0 mig=0 fallos=0 perf=full ipc=0.326 ratio_rm=0.0966
[OMPT] tid=628736 ompt_id=14918173765664769 tipo=ompt_thread_worker     last_cpu=  0 numa=0 mig=0 fallos=0 perf=full ipc=0.262 ratio_rm=0.0973
[OMPT] tid=628721 ompt_id=10696049115004929 tipo=ompt_thread_worker     last_cpu=207 numa=1 mig=0 fallos=0 perf=full ipc=0.314 ratio_rm=0.0048
[OMPT] tid=628741 ompt_id=16325548649218049 tipo=ompt_thread_worker     last_cpu=206 numa=1 mig=0 fallos=0 perf=full ipc=0.316 ratio_rm=0.0347
[OMPT] tid=628770 ompt_id=24488322973827073 tipo=ompt_thread_worker     last_cpu=180 numa=0 mig=0 fallos=0 perf=full ipc=0.271 ratio_rm=0.0423
[OMPT] tid=628756 ompt_id=20547673299877889 tipo=ompt_thread_worker     last_cpu=181 numa=0 mig=0 fallos=0 perf=full ipc=0.263 ratio_rm=0.0461
[OMPT] tid=628792 ompt_id=30680772461461505 tipo=ompt_thread_worker     last_cpu= 20 numa=0 mig=0 fallos=0 perf=full ipc=0.263 ratio_rm=0.0624
[OMPT] tid=628768 ompt_id=23925373020405761 tipo=ompt_thread_worker     last_cpu=188 numa=0 mig=0 fallos=0 perf=full ipc=0.303 ratio_rm=0.0421
[OMPT] tid=628738 ompt_id=15481123719086081 tipo=ompt_thread_worker     last_cpu=190 numa=0 mig=0 fallos=0 perf=full ipc=0.259 ratio_rm=0.0328
[OMPT] tid=628800 ompt_id=32932572275146753 tipo=ompt_thread_worker     last_cpu=187 numa=0 mig=0 fallos=0 perf=full ipc=0.285 ratio_rm=0.0502
[OMPT] tid=628799 ompt_id=32651097298436097 tipo=ompt_thread_worker     last_cpu=252 numa=1 mig=0 fallos=0 perf=full ipc=0.265 ratio_rm=0.0234
[OMPT] tid=628751 ompt_id=19140298416324609 tipo=ompt_thread_worker     last_cpu=249 numa=1 mig=0 fallos=0 perf=full ipc=0.289 ratio_rm=0.0239
[OMPT] tid=628735 ompt_id=14636698788954113 tipo=ompt_thread_worker     last_cpu=248 numa=1 mig=0 fallos=0 perf=full ipc=0.315 ratio_rm=0.0275
[OMPT] tid=628774 ompt_id=25614222880669697 tipo=ompt_thread_worker     last_cpu=172 numa=0 mig=0 fallos=0 perf=full ipc=0.310 ratio_rm=0.0758
[OMPT] tid=628726 ompt_id=12103423998558209 tipo=ompt_thread_worker     last_cpu=167 numa=0 mig=0 fallos=0 perf=full ipc=0.212 ratio_rm=0.0477
[OMPT] tid=628808 ompt_id=35184372088832001 tipo=ompt_thread_worker     last_cpu= 18 numa=0 mig=0 fallos=0 perf=full ipc=0.157 ratio_rm=0.0484
[OMPT] tid=628766 ompt_id=23362423066984449 tipo=ompt_thread_worker     last_cpu=141 numa=0 mig=0 fallos=0 perf=full ipc=0.193 ratio_rm=0.0568
[OMPT] tid=628733 ompt_id=14073748835532801 tipo=ompt_thread_worker     last_cpu=143 numa=0 mig=0 fallos=0 perf=full ipc=0.231 ratio_rm=0.0657
[OMPT] tid=628754 ompt_id=19984723346456577 tipo=ompt_thread_worker     last_cpu=189 numa=0 mig=0 fallos=0 perf=full ipc=0.255 ratio_rm=0.0336
[OMPT] tid=628788 ompt_id=29554872554618881 tipo=ompt_thread_worker     last_cpu=164 numa=0 mig=0 fallos=0 perf=full ipc=0.275 ratio_rm=0.0025
[OMPT] ===== Overhead intrínseco =====
  monitor: 2 ticks, 3738.2 us total (max 3736.9 us/tick)
  callbacks implicit_task: 20993, 8501053.0 us total
  migraciones: 0 (0.0 us total)
  resyncs=0  lecturas escaladas por multiplexado=1024
  hilos con perf fallido=0  parcial(ipc_only)=0
  ventanas con ciclos=0  con fills=0
