[OMPT] ompt_initialize (OPCIÓN C: integrador con fugas)  verbose=0  migracion=DESACTIVADA
[HWLOC] Nodos NUMA detectados: 2 (usados: 2)
[HWLOC] Nodo 0: 128 CPUs
[HWLOC] Nodo 1: 128 CPUs
[OMPT] callback 'ompt_callback_thread_begin' registrado (result=5)
[OMPT] callback 'ompt_callback_thread_end' registrado (result=5)
[OMPT] callback 'ompt_callback_parallel_begin' registrado (result=5)
[OMPT] callback 'ompt_callback_parallel_end' registrado (result=5)
[OMPT] callback 'ompt_callback_implicit_task' registrado (result=5)
[OMPT] callback 'ompt_callback_control_tool' registrado (result=5)
[OMPT] Callbacks registrados
[OMPT] Sistema: 0 procesadores lógicos
[OMPT][MON] Monitor (C: integrador con fugas)  período=100ms  warmup=5  T=ref+1.00*MAD  leak=0.50*MAD  cap=8.00*MAD  max_mig=1  migracion=DESACTIVADA
[OMPT][PERF] tid=439114 SIN eventos NUMA (solo IPC). Este hilo no podrá disparar migraciones.
    modo=6 mascaras por origen  primer errno: Invalid argument / Invalid argument
  → los eventos crudos son específicos de AMD Zen; en otra PMU no existen
  → con OMPT_MASCARAS=0 se vuelve al par 0xFF44/0xD044
[OMPT][PERF] tid=439116 SIN eventos NUMA (solo IPC). Este hilo no podrá disparar migraciones.
    modo=6 mascaras por origen  primer errno: Invalid argument / Invalid argument
  → los eventos crudos son específicos de AMD Zen; en otra PMU no existen
  → con OMPT_MASCARAS=0 se vuelve al par 0xFF44/0xD044
[OMPT][PERF] tid=439118 SIN eventos NUMA (solo IPC). Este hilo no podrá disparar migraciones.
    modo=6 mascaras por origen  primer errno: Invalid argument / Invalid argument
  → los eventos crudos son específicos de AMD Zen; en otra PMU no existen
  → con OMPT_MASCARAS=0 se vuelve al par 0xFF44/0xD044
[OMPT][PERF] tid=439117 SIN eventos NUMA (solo IPC). Este hilo no podrá disparar migraciones.
    modo=6 mascaras por origen  primer errno: Invalid argument / Invalid argument
  → los eventos crudos son específicos de AMD Zen; en otra PMU no existen
  → con OMPT_MASCARAS=0 se vuelve al par 0xFF44/0xD044
[OMPT][PERF] tid=439120 SIN eventos NUMA (solo IPC). Este hilo no podrá disparar migraciones.
    modo=6 mascaras por origen  primer errno: Invalid argument / Invalid argument
  → los eventos crudos son específicos de AMD Zen; en otra PMU no existen
  → con OMPT_MASCARAS=0 se vuelve al par 0xFF44/0xD044
[OMPT][PERF] tid=439121 SIN eventos NUMA (solo IPC). Este hilo no podrá disparar migraciones.
    modo=6 mascaras por origen  primer errno: Invalid argument / Invalid argument
  → los eventos crudos son específicos de AMD Zen; en otra PMU no existen
  → con OMPT_MASCARAS=0 se vuelve al par 0xFF44/0xD044
[OMPT][PERF] tid=439123 SIN eventos NUMA (solo IPC). Este hilo no podrá disparar migraciones.
    modo=6 mascaras por origen  primer errno: Invalid argument / Invalid argument
  → los eventos crudos son específicos de AMD Zen; en otra PMU no existen
  → con OMPT_MASCARAS=0 se vuelve al par 0xFF44/0xD044
[OMPT][PERF] tid=439119 SIN eventos NUMA (solo IPC). Este hilo no podrá disparar migraciones.
    modo=6 mascaras por origen  primer errno: Invalid argument / Invalid argument
  → los eventos crudos son específicos de AMD Zen; en otra PMU no existen
  → con OMPT_MASCARAS=0 se vuelve al par 0xFF44/0xD044
[OMPT][PERF] tid=439124 SIN eventos NUMA (solo IPC). Este hilo no podrá disparar migraciones.
    modo=6 mascaras por origen  primer errno: Invalid argument / Invalid argument
  → los eventos crudos son específicos de AMD Zen; en otra PMU no existen
  → con OMPT_MASCARAS=0 se vuelve al par 0xFF44/0xD044
[OMPT][PERF] tid=439126 SIN eventos NUMA (solo IPC). Este hilo no podrá disparar migraciones.
    modo=6 mascaras por origen  primer errno: Invalid argument / Invalid argument
  → los eventos crudos son específicos de AMD Zen; en otra PMU no existen
  → con OMPT_MASCARAS=0 se vuelve al par 0xFF44/0xD044
[OMPT][PERF] tid=439130 SIN eventos NUMA (solo IPC). Este hilo no podrá disparar migraciones.
    modo=6 mascaras por origen  primer errno: Invalid argument / Invalid argument
  → los eventos crudos son específicos de AMD Zen; en otra PMU no existen
  → con OMPT_MASCARAS=0 se vuelve al par 0xFF44/0xD044
[OMPT][PERF] tid=439129 SIN eventos NUMA (solo IPC). Este hilo no podrá disparar migraciones.
    modo=6 mascaras por origen  primer errno: Invalid argument / Invalid argument
  → los eventos crudos son específicos de AMD Zen; en otra PMU no existen
  → con OMPT_MASCARAS=0 se vuelve al par 0xFF44/0xD044
[OMPT][PERF] tid=439132 SIN eventos NUMA (solo IPC). Este hilo no podrá disparar migraciones.
    modo=6 mascaras por origen  primer errno: Invalid argument / Invalid argument
  → los eventos crudos son específicos de AMD Zen; en otra PMU no existen
  → con OMPT_MASCARAS=0 se vuelve al par 0xFF44/0xD044
[OMPT][PERF] tid=439127 SIN eventos NUMA (solo IPC). Este hilo no podrá disparar migraciones.
    modo=6 mascaras por origen  primer errno: Invalid argument / Invalid argument
  → los eventos crudos son específicos de AMD Zen; en otra PMU no existen
  → con OMPT_MASCARAS=0 se vuelve al par 0xFF44/0xD044
[OMPT][PERF] tid=439133 SIN eventos NUMA (solo IPC). Este hilo no podrá disparar migraciones.
    modo=6 mascaras por origen  primer errno: Invalid argument / Invalid argument
  → los eventos crudos son específicos de AMD Zen; en otra PMU no existen
  → con OMPT_MASCARAS=0 se vuelve al par 0xFF44/0xD044
[OMPT][PERF] tid=439135 SIN eventos NUMA (solo IPC). Este hilo no podrá disparar migraciones.
    modo=6 mascaras por origen  primer errno: Invalid argument / Invalid argument
  → los eventos crudos son específicos de AMD Zen; en otra PMU no existen
  → con OMPT_MASCARAS=0 se vuelve al par 0xFF44/0xD044
[OMPT][PERF] tid=439125 SIN eventos NUMA (solo IPC). Este hilo no podrá disparar migraciones.
    modo=6 mascaras por origen  primer errno: Invalid argument / Invalid argument
  → los eventos crudos son específicos de AMD Zen; en otra PMU no existen
  → con OMPT_MASCARAS=0 se vuelve al par 0xFF44/0xD044
[OMPT][PERF] tid=439137 SIN eventos NUMA (solo IPC). Este hilo no podrá disparar migraciones.
    modo=6 mascaras por origen  primer errno: Invalid argument / Invalid argument
  → los eventos crudos son específicos de AMD Zen; en otra PMU no existen
  → con OMPT_MASCARAS=0 se vuelve al par 0xFF44/0xD044
[OMPT][PERF] tid=439128 SIN eventos NUMA (solo IPC). Este hilo no podrá disparar migraciones.
    modo=6 mascaras por origen  primer errno: Invalid argument / Invalid argument
  → los eventos crudos son específicos de AMD Zen; en otra PMU no existen
  → con OMPT_MASCARAS=0 se vuelve al par 0xFF44/0xD044
[OMPT][PERF] tid=439131 SIN eventos NUMA (solo IPC). Este hilo no podrá disparar migraciones.
    modo=6 mascaras por origen  primer errno: Invalid argument / Invalid argument
  → los eventos crudos son específicos de AMD Zen; en otra PMU no existen
  → con OMPT_MASCARAS=0 se vuelve al par 0xFF44/0xD044
[OMPT][PERF] tid=439134 SIN eventos NUMA (solo IPC). Este hilo no podrá disparar migraciones.
    modo=6 mascaras por origen  primer errno: Invalid argument / Invalid argument
  → los eventos crudos son específicos de AMD Zen; en otra PMU no existen
  → con OMPT_MASCARAS=0 se vuelve al par 0xFF44/0xD044
[OMPT][PERF] tid=439143 SIN eventos NUMA (solo IPC). Este hilo no podrá disparar migraciones.
    modo=6 mascaras por origen  primer errno: Invalid argument / Invalid argument
  → los eventos crudos son específicos de AMD Zen; en otra PMU no existen
  → con OMPT_MASCARAS=0 se vuelve al par 0xFF44/0xD044
[OMPT][PERF] tid=439136 SIN eventos NUMA (solo IPC). Este hilo no podrá disparar migraciones.
    modo=6 mascaras por origen  primer errno: Invalid argument / Invalid argument
  → los eventos crudos son específicos de AMD Zen; en otra PMU no existen
  → con OMPT_MASCARAS=0 se vuelve al par 0xFF44/0xD044
[OMPT][PERF] tid=439142 SIN eventos NUMA (solo IPC). Este hilo no podrá disparar migraciones.
    modo=6 mascaras por origen  primer errno: Invalid argument / Invalid argument
  → los eventos crudos son específicos de AMD Zen; en otra PMU no existen
  → con OMPT_MASCARAS=0 se vuelve al par 0xFF44/0xD044
[OMPT][PERF] tid=439145 SIN eventos NUMA (solo IPC). Este hilo no podrá disparar migraciones.
    modo=6 mascaras por origen  primer errno: Invalid argument / Invalid argument
  → los eventos crudos son específicos de AMD Zen; en otra PMU no existen
  → con OMPT_MASCARAS=0 se vuelve al par 0xFF44/0xD044
[OMPT][PERF] tid=439138 SIN eventos NUMA (solo IPC). Este hilo no podrá disparar migraciones.
    modo=6 mascaras por origen  primer errno: Invalid argument / Invalid argument
  → los eventos crudos son específicos de AMD Zen; en otra PMU no existen
  → con OMPT_MASCARAS=0 se vuelve al par 0xFF44/0xD044
[OMPT][PERF] tid=439141 SIN eventos NUMA (solo IPC). Este hilo no podrá disparar migraciones.
    modo=6 mascaras por origen  primer errno: Invalid argument / Invalid argument
  → los eventos crudos son específicos de AMD Zen; en otra PMU no existen
  → con OMPT_MASCARAS=0 se vuelve al par 0xFF44/0xD044
[OMPT][PERF] tid=439144 SIN eventos NUMA (solo IPC). Este hilo no podrá disparar migraciones.
    modo=6 mascaras por origen  primer errno: Invalid argument / Invalid argument
  → los eventos crudos son específicos de AMD Zen; en otra PMU no existen
  → con OMPT_MASCARAS=0 se vuelve al par 0xFF44/0xD044
[OMPT][PERF] tid=439139 SIN eventos NUMA (solo IPC). Este hilo no podrá disparar migraciones.
    modo=6 mascaras por origen  primer errno: Invalid argument / Invalid argument
  → los eventos crudos son específicos de AMD Zen; en otra PMU no existen
  → con OMPT_MASCARAS=0 se vuelve al par 0xFF44/0xD044
[OMPT][PERF] tid=439122 SIN eventos NUMA (solo IPC). Este hilo no podrá disparar migraciones.
    modo=6 mascaras por origen  primer errno: Invalid argument / Invalid argument
  → los eventos crudos son específicos de AMD Zen; en otra PMU no existen
  → con OMPT_MASCARAS=0 se vuelve al par 0xFF44/0xD044
[OMPT][PERF] tid=439140 SIN eventos NUMA (solo IPC). Este hilo no podrá disparar migraciones.
    modo=6 mascaras por origen  primer errno: Invalid argument / Invalid argument
  → los eventos crudos son específicos de AMD Zen; en otra PMU no existen
  → con OMPT_MASCARAS=0 se vuelve al par 0xFF44/0xD044
[OMPT][PERF] tid=439146 SIN eventos NUMA (solo IPC). Este hilo no podrá disparar migraciones.
    modo=6 mascaras por origen  primer errno: Invalid argument / Invalid argument
  → los eventos crudos son específicos de AMD Zen; en otra PMU no existen
  → con OMPT_MASCARAS=0 se vuelve al par 0xFF44/0xD044
[perf_region] tool OMPT detectado: los contadores los lleva el tool, no se abren aqui
[OMPT] control_tool: INICIANDO medicion
[OMPT] control_tool: PAUSANDO medicion
[OMPT] ompt_finalize
[OMPT][MON] Monitor detenido tras 33 ventanas
[OMPT] CSV de ventanas: 544 filas volcadas (0 descartadas)
[OMPT] ===== Tabla final: 32 hilos =====
[OMPT] tid=439114 ompt_id=281474976710657 tipo=ompt_thread_initial    last_cpu=255 numa=1 mig=0 fallos=0 perf=ipc_only ipc=0.617 ratio_rm=-1.0000
[OMPT] tid=439116 ompt_id=562949953421313 tipo=ompt_thread_worker     last_cpu= 88 numa=1 mig=0 fallos=0 perf=ipc_only ipc=0.638 ratio_rm=-1.0000
[OMPT] tid=439118 ompt_id=1125899906842625 tipo=ompt_thread_worker     last_cpu=104 numa=1 mig=0 fallos=0 perf=ipc_only ipc=0.635 ratio_rm=-1.0000
[OMPT] tid=439117 ompt_id=844424930131969 tipo=ompt_thread_worker     last_cpu= 74 numa=1 mig=0 fallos=0 perf=ipc_only ipc=0.651 ratio_rm=-1.0000
[OMPT] tid=439120 ompt_id=1688849860263937 tipo=ompt_thread_worker     last_cpu=113 numa=1 mig=0 fallos=0 perf=ipc_only ipc=0.623 ratio_rm=-1.0000
[OMPT] tid=439121 ompt_id=1970324836974593 tipo=ompt_thread_worker     last_cpu=112 numa=1 mig=0 fallos=0 perf=ipc_only ipc=0.644 ratio_rm=-1.0000
[OMPT] tid=439123 ompt_id=2533274790395905 tipo=ompt_thread_worker     last_cpu= 81 numa=1 mig=0 fallos=0 perf=ipc_only ipc=0.644 ratio_rm=-1.0000
[OMPT] tid=439119 ompt_id=1407374883553281 tipo=ompt_thread_worker     last_cpu= 96 numa=1 mig=0 fallos=0 perf=ipc_only ipc=0.637 ratio_rm=-1.0000
[OMPT] tid=439124 ompt_id=3377699720527873 tipo=ompt_thread_worker     last_cpu=247 numa=1 mig=0 fallos=0 perf=ipc_only ipc=0.641 ratio_rm=-1.0000
[OMPT] tid=439126 ompt_id=2814749767106561 tipo=ompt_thread_worker     last_cpu=215 numa=1 mig=0 fallos=0 perf=ipc_only ipc=0.640 ratio_rm=-1.0000
[OMPT] tid=439130 ompt_id=4503599627370497 tipo=ompt_thread_worker     last_cpu= 64 numa=1 mig=0 fallos=0 perf=ipc_only ipc=0.645 ratio_rm=-1.0000
[OMPT] tid=439129 ompt_id=4222124650659841 tipo=ompt_thread_worker     last_cpu= 73 numa=1 mig=0 fallos=0 perf=ipc_only ipc=0.647 ratio_rm=-1.0000
[OMPT] tid=439132 ompt_id=4785074604081153 tipo=ompt_thread_worker     last_cpu= 89 numa=1 mig=0 fallos=0 perf=ipc_only ipc=0.638 ratio_rm=-1.0000
[OMPT] tid=439127 ompt_id=3659174697238529 tipo=ompt_thread_worker     last_cpu=207 numa=1 mig=0 fallos=0 perf=ipc_only ipc=0.643 ratio_rm=-1.0000
[OMPT] tid=439133 ompt_id=5348024557502465 tipo=ompt_thread_worker     last_cpu= 97 numa=1 mig=0 fallos=0 perf=ipc_only ipc=0.636 ratio_rm=-1.0000
[OMPT] tid=439135 ompt_id=5910974510923777 tipo=ompt_thread_worker     last_cpu=105 numa=1 mig=0 fallos=0 perf=ipc_only ipc=0.631 ratio_rm=-1.0000
[OMPT] tid=439125 ompt_id=3096224743817217 tipo=ompt_thread_worker     last_cpu=254 numa=1 mig=0 fallos=0 perf=ipc_only ipc=0.648 ratio_rm=-1.0000
[OMPT] tid=439137 ompt_id=6473924464345089 tipo=ompt_thread_worker     last_cpu=252 numa=1 mig=0 fallos=0 perf=ipc_only ipc=0.644 ratio_rm=-1.0000
[OMPT] tid=439128 ompt_id=3940649673949185 tipo=ompt_thread_worker     last_cpu= 24 numa=0 mig=0 fallos=0 perf=ipc_only ipc=0.339 ratio_rm=-1.0000
[OMPT] tid=439131 ompt_id=5066549580791809 tipo=ompt_thread_worker     last_cpu=128 numa=0 mig=0 fallos=0 perf=ipc_only ipc=0.424 ratio_rm=-1.0000
[OMPT] tid=439134 ompt_id=5629499534213121 tipo=ompt_thread_worker     last_cpu= 65 numa=1 mig=0 fallos=0 perf=ipc_only ipc=0.628 ratio_rm=-1.0000
[OMPT] tid=439143 ompt_id=8162774324609025 tipo=ompt_thread_worker     last_cpu=191 numa=0 mig=0 fallos=0 perf=ipc_only ipc=0.328 ratio_rm=-1.0000
[OMPT] tid=439136 ompt_id=6192449487634433 tipo=ompt_thread_worker     last_cpu=253 numa=1 mig=0 fallos=0 perf=ipc_only ipc=0.642 ratio_rm=-1.0000
[OMPT] tid=439142 ompt_id=7881299347898369 tipo=ompt_thread_worker     last_cpu=239 numa=1 mig=0 fallos=0 perf=ipc_only ipc=0.635 ratio_rm=-1.0000
[OMPT] tid=439145 ompt_id=8725724278030337 tipo=ompt_thread_worker     last_cpu=167 numa=0 mig=0 fallos=0 perf=ipc_only ipc=0.330 ratio_rm=-1.0000
[OMPT] tid=439138 ompt_id=6755399441055745 tipo=ompt_thread_worker     last_cpu=231 numa=1 mig=0 fallos=0 perf=ipc_only ipc=0.631 ratio_rm=-1.0000
[OMPT] tid=439141 ompt_id=7599824371187713 tipo=ompt_thread_worker     last_cpu= 80 numa=1 mig=0 fallos=0 perf=ipc_only ipc=0.650 ratio_rm=-1.0000
[OMPT] tid=439144 ompt_id=8444249301319681 tipo=ompt_thread_worker     last_cpu= 23 numa=0 mig=0 fallos=0 perf=ipc_only ipc=0.323 ratio_rm=-1.0000
[OMPT] tid=439139 ompt_id=7036874417766401 tipo=ompt_thread_worker     last_cpu= 48 numa=0 mig=0 fallos=0 perf=ipc_only ipc=0.335 ratio_rm=-1.0000
[OMPT] tid=439122 ompt_id=2251799813685249 tipo=ompt_thread_worker     last_cpu=173 numa=0 mig=0 fallos=0 perf=ipc_only ipc=0.318 ratio_rm=-1.0000
[OMPT] tid=439140 ompt_id=7318349394477057 tipo=ompt_thread_worker     last_cpu=199 numa=1 mig=0 fallos=0 perf=ipc_only ipc=0.632 ratio_rm=-1.0000
[OMPT] tid=439146 ompt_id=9007199254740993 tipo=ompt_thread_worker     last_cpu=223 numa=1 mig=0 fallos=0 perf=ipc_only ipc=0.630 ratio_rm=-1.0000
[OMPT] ===== Overhead intrínseco =====
  monitor: 33 ticks, 5872.3 us total (max 515.7 us/tick)
  callbacks implicit_task: 5249, 783663.6 us total
  migraciones: 0 (0.0 us total)
  resyncs=0  lecturas escaladas por multiplexado=0
  hilos con perf fallido=0  parcial(ipc_only)=32
  ventanas con ciclos=544  con fills=0

[OMPT] *** AVISO GRAVE ***
  Se midieron 544 ventanas con ciclos pero NINGUNA con data cache fills.
  Los eventos crudos 0xD044/0xFF44 abrieron pero cuentan siempre 0:
  esta PMU no los implementa (son de AMD Zen). ratio_rm no existe y el
  scheduler NO PUEDE decidir migraciones. Los resultados de localidad de
  esta corrida no son válidos.

