[OMPT] ompt_initialize (OPCIÓN C: integrador con fugas)  verbose=0  migracion=activa
[HWLOC] Nodos NUMA detectados: 2 (usados: 2)
[HWLOC] Nodo 0: 128 CPUs
[HWLOC] Nodo 1: 128 CPUs
[OMPT] callback 'ompt_callback_thread_begin' registrado (result=5)
[OMPT] callback 'ompt_callback_thread_end' registrado (result=5)
[OMPT] callback 'ompt_callback_parallel_begin' registrado (result=5)
[OMPT] callback 'ompt_callback_parallel_end' registrado (result=5)
[OMPT] callback 'ompt_callback_implicit_task' registrado (result=5)
[OMPT] callback 'ompt_callback_control_tool' registrado (result=5)
[OMPT] Callbacks registrados
[OMPT] Sistema: 0 procesadores lógicos
[OMPT][MON] Monitor (C: integrador con fugas)  período=100ms  warmup=5  T=ref+1.00*MAD  leak=0.50*MAD  cap=8.00*MAD  max_mig=1  migracion=activa
[perf_region] tool OMPT detectado: los contadores los lleva el tool, no se abren aqui
[OMPT] control_tool: INICIANDO medicion
[OMPT] control_tool: PAUSANDO medicion
[OMPT] ompt_finalize
[OMPT][MON] Monitor detenido tras 1 ventanas
[OMPT] CSV de ventanas: 0 filas volcadas (0 descartadas)
[OMPT] ===== Tabla final: 64 hilos =====
[OMPT] tid=617098 ompt_id=281474976710657 tipo=ompt_thread_initial    last_cpu=255 numa=1 mig=0 fallos=0 perf=full ipc=0.387 ratio_rm=0.0025
[OMPT] tid=617100 ompt_id=562949953421313 tipo=ompt_thread_worker     last_cpu=221 numa=1 mig=0 fallos=0 perf=full ipc=0.191 ratio_rm=0.0051
[OMPT] tid=617102 ompt_id=844424930131969 tipo=ompt_thread_worker     last_cpu=120 numa=1 mig=0 fallos=0 perf=full ipc=0.456 ratio_rm=0.0129
[OMPT] tid=617101 ompt_id=1125899906842625 tipo=ompt_thread_worker     last_cpu=250 numa=1 mig=0 fallos=0 perf=full ipc=0.407 ratio_rm=0.0060
[OMPT] tid=617103 ompt_id=1407374883553281 tipo=ompt_thread_worker     last_cpu=125 numa=1 mig=0 fallos=0 perf=full ipc=0.332 ratio_rm=0.0109
[OMPT] tid=617104 ompt_id=1688849860263937 tipo=ompt_thread_worker     last_cpu=  7 numa=0 mig=0 fallos=0 perf=full ipc=0.103 ratio_rm=0.0280
[OMPT] tid=617106 ompt_id=2251799813685249 tipo=ompt_thread_worker     last_cpu=159 numa=0 mig=0 fallos=0 perf=full ipc=0.199 ratio_rm=0.0179
[OMPT] tid=617107 ompt_id=2533274790395905 tipo=ompt_thread_worker     last_cpu=124 numa=1 mig=0 fallos=0 perf=full ipc=0.361 ratio_rm=0.0137
[OMPT] tid=617108 ompt_id=2814749767106561 tipo=ompt_thread_worker     last_cpu=254 numa=1 mig=0 fallos=0 perf=full ipc=0.376 ratio_rm=0.0096
[OMPT] tid=617109 ompt_id=3096224743817217 tipo=ompt_thread_worker     last_cpu=253 numa=1 mig=0 fallos=0 perf=full ipc=0.352 ratio_rm=0.0109
[OMPT] tid=617111 ompt_id=3377699720527873 tipo=ompt_thread_worker     last_cpu=123 numa=1 mig=0 fallos=0 perf=full ipc=0.331 ratio_rm=0.0139
[OMPT] tid=617112 ompt_id=3940649673949185 tipo=ompt_thread_worker     last_cpu= 56 numa=0 mig=0 fallos=0 perf=full ipc=0.170 ratio_rm=0.0124
[OMPT] tid=617113 ompt_id=4222124650659841 tipo=ompt_thread_worker     last_cpu=  4 numa=0 mig=0 fallos=0 perf=full ipc=0.137 ratio_rm=0.0253
[OMPT] tid=617114 ompt_id=4503599627370497 tipo=ompt_thread_worker     last_cpu=249 numa=1 mig=0 fallos=0 perf=full ipc=0.443 ratio_rm=0.0150
[OMPT] tid=617115 ompt_id=4785074604081153 tipo=ompt_thread_worker     last_cpu=122 numa=1 mig=0 fallos=0 perf=full ipc=0.338 ratio_rm=0.0121
[OMPT] tid=617105 ompt_id=1970324836974593 tipo=ompt_thread_worker     last_cpu=  3 numa=0 mig=0 fallos=0 perf=full ipc=0.128 ratio_rm=0.0330
[OMPT] tid=617110 ompt_id=3659174697238529 tipo=ompt_thread_worker     last_cpu= 93 numa=1 mig=0 fallos=0 perf=full ipc=0.146 ratio_rm=0.0204
[OMPT] tid=617116 ompt_id=5066549580791809 tipo=ompt_thread_worker     last_cpu=218 numa=1 mig=0 fallos=0 perf=full ipc=0.157 ratio_rm=0.0264
[OMPT] tid=617117 ompt_id=5348024557502465 tipo=ompt_thread_worker     last_cpu= 13 numa=0 mig=0 fallos=0 perf=full ipc=0.155 ratio_rm=0.0311
[OMPT] tid=617118 ompt_id=5629499534213121 tipo=ompt_thread_worker     last_cpu=  6 numa=0 mig=0 fallos=0 perf=full ipc=0.121 ratio_rm=0.0433
[OMPT] tid=617119 ompt_id=5910974510923777 tipo=ompt_thread_worker     last_cpu=252 numa=1 mig=0 fallos=0 perf=full ipc=0.322 ratio_rm=0.0124
[OMPT] tid=617120 ompt_id=6192449487634433 tipo=ompt_thread_worker     last_cpu= 72 numa=1 mig=0 fallos=0 perf=full ipc=0.354 ratio_rm=0.0873
[OMPT] tid=617121 ompt_id=6473924464345089 tipo=ompt_thread_worker     last_cpu= 80 numa=1 mig=0 fallos=0 perf=full ipc=0.340 ratio_rm=0.0777
[OMPT] tid=617122 ompt_id=6755399441055745 tipo=ompt_thread_worker     last_cpu=104 numa=1 mig=0 fallos=0 perf=full ipc=0.350 ratio_rm=0.0615
[OMPT] tid=617123 ompt_id=7036874417766401 tipo=ompt_thread_worker     last_cpu= 88 numa=1 mig=0 fallos=0 perf=full ipc=0.226 ratio_rm=0.0401
[OMPT] tid=617124 ompt_id=7318349394477057 tipo=ompt_thread_worker     last_cpu= 92 numa=1 mig=0 fallos=0 perf=full ipc=0.220 ratio_rm=0.0263
[OMPT] tid=617125 ompt_id=7599824371187713 tipo=ompt_thread_worker     last_cpu= 91 numa=1 mig=0 fallos=0 perf=full ipc=0.222 ratio_rm=0.0244
[OMPT] tid=617126 ompt_id=7881299347898369 tipo=ompt_thread_worker     last_cpu= 90 numa=1 mig=0 fallos=0 perf=full ipc=0.147 ratio_rm=0.0194
[OMPT] tid=617127 ompt_id=8162774324609025 tipo=ompt_thread_worker     last_cpu=251 numa=1 mig=0 fallos=0 perf=full ipc=0.336 ratio_rm=0.0119
[OMPT] tid=617128 ompt_id=8444249301319681 tipo=ompt_thread_worker     last_cpu=  5 numa=0 mig=0 fallos=0 perf=full ipc=0.115 ratio_rm=0.0443
[OMPT] tid=617129 ompt_id=8725724278030337 tipo=ompt_thread_worker     last_cpu=  2 numa=0 mig=0 fallos=0 perf=full ipc=0.165 ratio_rm=0.0543
[OMPT] tid=617130 ompt_id=9007199254740993 tipo=ompt_thread_worker     last_cpu= 89 numa=1 mig=0 fallos=0 perf=full ipc=0.246 ratio_rm=0.0441
[OMPT] tid=617131 ompt_id=9288674231451649 tipo=ompt_thread_worker     last_cpu=121 numa=1 mig=0 fallos=0 perf=full ipc=0.347 ratio_rm=0.0124
[OMPT] tid=617132 ompt_id=9570149208162305 tipo=ompt_thread_worker     last_cpu=127 numa=1 mig=0 fallos=0 perf=full ipc=0.337 ratio_rm=0.0078
[OMPT] tid=617133 ompt_id=9851624184872961 tipo=ompt_thread_worker     last_cpu=126 numa=1 mig=0 fallos=0 perf=full ipc=0.334 ratio_rm=0.0097
[OMPT] tid=617134 ompt_id=10133099161583617 tipo=ompt_thread_worker     last_cpu= 96 numa=1 mig=0 fallos=0 perf=full ipc=0.339 ratio_rm=0.0694
[OMPT] tid=617146 ompt_id=13510798882111489 tipo=ompt_thread_worker     last_cpu=231 numa=1 mig=0 fallos=0 perf=full ipc=0.336 ratio_rm=0.0440
[OMPT] tid=617156 ompt_id=16325548649218049 tipo=ompt_thread_worker     last_cpu=198 numa=1 mig=0 fallos=0 perf=full ipc=0.330 ratio_rm=0.0888
[OMPT] tid=617144 ompt_id=12947848928690177 tipo=ompt_thread_worker     last_cpu=199 numa=1 mig=0 fallos=0 perf=full ipc=0.326 ratio_rm=0.0569
[OMPT] tid=617136 ompt_id=10696049115004929 tipo=ompt_thread_worker     last_cpu=223 numa=1 mig=0 fallos=0 perf=full ipc=0.192 ratio_rm=0.0275
[OMPT] tid=617160 ompt_id=17451448556060673 tipo=ompt_thread_worker     last_cpu=222 numa=1 mig=0 fallos=0 perf=full ipc=0.215 ratio_rm=0.0300
[OMPT] tid=617138 ompt_id=11258999068426241 tipo=ompt_thread_worker     last_cpu=239 numa=1 mig=0 fallos=0 perf=full ipc=0.350 ratio_rm=0.0281
[OMPT] tid=617162 ompt_id=18014398509481985 tipo=ompt_thread_worker     last_cpu=238 numa=1 mig=0 fallos=0 perf=full ipc=0.353 ratio_rm=0.0341
[OMPT] tid=617139 ompt_id=11540474045136897 tipo=ompt_thread_worker     last_cpu=191 numa=0 mig=0 fallos=0 perf=full ipc=0.137 ratio_rm=0.0458
[OMPT] tid=617153 ompt_id=15481123719086081 tipo=ompt_thread_worker     last_cpu=190 numa=0 mig=0 fallos=0 perf=full ipc=0.191 ratio_rm=0.0534
[OMPT] tid=617149 ompt_id=14636698788954113 tipo=ompt_thread_worker     last_cpu=167 numa=0 mig=0 fallos=0 perf=full ipc=0.301 ratio_rm=0.1129
[OMPT] tid=617140 ompt_id=11821949021847553 tipo=ompt_thread_worker     last_cpu=215 numa=1 mig=0 fallos=0 perf=full ipc=0.344 ratio_rm=0.0410
[OMPT] tid=617152 ompt_id=15199648742375425 tipo=ompt_thread_worker     last_cpu=214 numa=1 mig=0 fallos=0 perf=full ipc=0.348 ratio_rm=0.0436
[OMPT] tid=617151 ompt_id=14918173765664769 tipo=ompt_thread_worker     last_cpu=  1 numa=0 mig=0 fallos=0 perf=full ipc=0.192 ratio_rm=0.0987
[OMPT] tid=617148 ompt_id=14073748835532801 tipo=ompt_thread_worker     last_cpu= 31 numa=0 mig=0 fallos=0 perf=full ipc=0.214 ratio_rm=0.1146
[OMPT] tid=617141 ompt_id=12103423998558209 tipo=ompt_thread_worker     last_cpu=175 numa=0 mig=0 fallos=0 perf=full ipc=0.264 ratio_rm=0.0371
[OMPT] tid=617155 ompt_id=16044073672507393 tipo=ompt_thread_worker     last_cpu=174 numa=0 mig=0 fallos=0 perf=full ipc=0.277 ratio_rm=0.0672
[OMPT] tid=617145 ompt_id=13229323905400833 tipo=ompt_thread_worker     last_cpu=142 numa=0 mig=0 fallos=0 perf=full ipc=0.264 ratio_rm=0.0922
[OMPT] tid=617143 ompt_id=12666373951979521 tipo=ompt_thread_worker     last_cpu=183 numa=0 mig=0 fallos=0 perf=full ipc=0.292 ratio_rm=0.0390
[OMPT] tid=617157 ompt_id=16607023625928705 tipo=ompt_thread_worker     last_cpu=182 numa=0 mig=0 fallos=0 perf=full ipc=0.298 ratio_rm=0.0552
[OMPT] tid=617158 ompt_id=16888498602639361 tipo=ompt_thread_worker     last_cpu=206 numa=1 mig=0 fallos=0 perf=full ipc=0.363 ratio_rm=0.0529
[OMPT] tid=617135 ompt_id=10414574138294273 tipo=ompt_thread_worker     last_cpu=207 numa=1 mig=0 fallos=0 perf=full ipc=0.362 ratio_rm=0.0531
[OMPT] tid=617137 ompt_id=10977524091715585 tipo=ompt_thread_worker     last_cpu=  0 numa=0 mig=0 fallos=0 perf=full ipc=0.174 ratio_rm=0.0631
[OMPT] tid=617147 ompt_id=13792273858822145 tipo=ompt_thread_worker     last_cpu=151 numa=0 mig=0 fallos=0 perf=full ipc=0.237 ratio_rm=0.0900
[OMPT] tid=617161 ompt_id=17732923532771329 tipo=ompt_thread_worker     last_cpu=150 numa=0 mig=0 fallos=0 perf=full ipc=0.282 ratio_rm=0.0610
[OMPT] tid=617154 ompt_id=15762598695796737 tipo=ompt_thread_worker     last_cpu=246 numa=1 mig=0 fallos=0 perf=full ipc=0.347 ratio_rm=0.0028
[OMPT] tid=617142 ompt_id=12384898975268865 tipo=ompt_thread_worker     last_cpu=247 numa=1 mig=0 fallos=0 perf=full ipc=0.342 ratio_rm=0.0477
[OMPT] tid=617159 ompt_id=17169973579350017 tipo=ompt_thread_worker     last_cpu=143 numa=0 mig=0 fallos=0 perf=full ipc=0.143 ratio_rm=0.0579
[OMPT] tid=617150 ompt_id=14355223812243457 tipo=ompt_thread_worker     last_cpu=248 numa=1 mig=0 fallos=0 perf=full ipc=0.343 ratio_rm=0.0400
[OMPT] ===== Overhead intrínseco =====
  monitor: 1 ticks, 7.8 us total (max 7.8 us/tick)
  callbacks implicit_task: 10497, 2297956.2 us total
  migraciones: 0 (0.0 us total)
  resyncs=0  lecturas escaladas por multiplexado=256
  hilos con perf fallido=0  parcial(ipc_only)=0
  ventanas con ciclos=0  con fills=0
