[OMPT] ompt_initialize (OPCIÓN C: integrador con fugas)  verbose=0  migracion=DESACTIVADA
[HWLOC] Nodos NUMA detectados: 2 (usados: 2)
[HWLOC] Nodo 0: 128 CPUs
[HWLOC] Nodo 1: 128 CPUs
[OMPT] callback 'ompt_callback_thread_begin' registrado (result=5)
[OMPT] callback 'ompt_callback_thread_end' registrado (result=5)
[OMPT] callback 'ompt_callback_parallel_begin' registrado (result=5)
[OMPT] callback 'ompt_callback_parallel_end' registrado (result=5)
[OMPT] callback 'ompt_callback_implicit_task' registrado (result=5)
[OMPT] callback 'ompt_callback_control_tool' registrado (result=5)
[OMPT] Callbacks registrados
[OMPT] Sistema: 0 procesadores lógicos
[OMPT][MON] Monitor (C: integrador con fugas)  período=100ms  warmup=5  T=ref+1.00*MAD  leak=0.50*MAD  cap=8.00*MAD  max_mig=1  migracion=DESACTIVADA
[perf_region] tool OMPT detectado: los contadores los lleva el tool, no se abren aqui
[OMPT] control_tool: INICIANDO medicion
[OMPT] control_tool: PAUSANDO medicion
[OMPT] ompt_finalize
[OMPT][MON] Monitor detenido tras 1 ventanas
[OMPT] CSV de ventanas: 0 filas volcadas (0 descartadas)
[OMPT] ===== Tabla final: 32 hilos =====
[OMPT] tid=635003 ompt_id=281474976710657 tipo=ompt_thread_initial    last_cpu=255 numa=1 mig=0 fallos=0 perf=full ipc=0.847 ratio_rm=0.0008
[OMPT] tid=635005 ompt_id=562949953421313 tipo=ompt_thread_worker     last_cpu=207 numa=1 mig=0 fallos=0 perf=full ipc=0.856 ratio_rm=0.0003
[OMPT] tid=635006 ompt_id=844424930131969 tipo=ompt_thread_worker     last_cpu= 81 numa=1 mig=0 fallos=0 perf=full ipc=1.019 ratio_rm=0.0001
[OMPT] tid=635008 ompt_id=1407374883553281 tipo=ompt_thread_worker     last_cpu=  0 numa=0 mig=0 fallos=0 perf=full ipc=0.748 ratio_rm=0.0007
[OMPT] tid=635007 ompt_id=1125899906842625 tipo=ompt_thread_worker     last_cpu=231 numa=1 mig=0 fallos=0 perf=full ipc=0.878 ratio_rm=0.0008
[OMPT] tid=635009 ompt_id=1688849860263937 tipo=ompt_thread_worker     last_cpu=  2 numa=0 mig=0 fallos=0 perf=full ipc=0.754 ratio_rm=0.0002
[OMPT] tid=635010 ompt_id=1970324836974593 tipo=ompt_thread_worker     last_cpu=247 numa=1 mig=0 fallos=0 perf=full ipc=0.853 ratio_rm=0.0008
[OMPT] tid=635012 ompt_id=2533274790395905 tipo=ompt_thread_worker     last_cpu=223 numa=1 mig=0 fallos=0 perf=full ipc=0.835 ratio_rm=0.0002
[OMPT] tid=635011 ompt_id=2251799813685249 tipo=ompt_thread_worker     last_cpu=  1 numa=0 mig=0 fallos=0 perf=full ipc=0.745 ratio_rm=0.0007
[OMPT] tid=635014 ompt_id=3096224743817217 tipo=ompt_thread_worker     last_cpu=199 numa=1 mig=0 fallos=0 perf=full ipc=0.869 ratio_rm=0.0004
[OMPT] tid=635015 ompt_id=3377699720527873 tipo=ompt_thread_worker     last_cpu= 88 numa=1 mig=0 fallos=0 perf=full ipc=0.867 ratio_rm=0.0003
[OMPT] tid=635016 ompt_id=3659174697238529 tipo=ompt_thread_worker     last_cpu= 80 numa=1 mig=0 fallos=0 perf=full ipc=1.038 ratio_rm=0.0002
[OMPT] tid=635013 ompt_id=2814749767106561 tipo=ompt_thread_worker     last_cpu=191 numa=0 mig=0 fallos=0 perf=full ipc=0.815 ratio_rm=0.0009
[OMPT] tid=635018 ompt_id=4222124650659841 tipo=ompt_thread_worker     last_cpu= 83 numa=1 mig=0 fallos=0 perf=full ipc=1.029 ratio_rm=0.0001
[OMPT] tid=635017 ompt_id=3940649673949185 tipo=ompt_thread_worker     last_cpu= 84 numa=1 mig=0 fallos=0 perf=full ipc=1.023 ratio_rm=0.0001
[OMPT] tid=635019 ompt_id=4503599627370497 tipo=ompt_thread_worker     last_cpu= 82 numa=1 mig=0 fallos=0 perf=full ipc=1.059 ratio_rm=0.0002
[OMPT] tid=635020 ompt_id=4785074604081153 tipo=ompt_thread_worker     last_cpu=239 numa=1 mig=0 fallos=0 perf=full ipc=0.625 ratio_rm=0.0002
[OMPT] tid=635021 ompt_id=5066549580791809 tipo=ompt_thread_worker     last_cpu=110 numa=1 mig=0 fallos=0 perf=full ipc=0.811 ratio_rm=0.0001
[OMPT] tid=635022 ompt_id=5348024557502465 tipo=ompt_thread_worker     last_cpu=108 numa=1 mig=0 fallos=0 perf=full ipc=0.804 ratio_rm=0.0002
[OMPT] tid=635023 ompt_id=5629499534213121 tipo=ompt_thread_worker     last_cpu=107 numa=1 mig=0 fallos=0 perf=full ipc=0.617 ratio_rm=0.0001
[OMPT] tid=635024 ompt_id=5910974510923777 tipo=ompt_thread_worker     last_cpu=106 numa=1 mig=0 fallos=0 perf=full ipc=0.842 ratio_rm=0.0002
[OMPT] tid=635025 ompt_id=6192449487634433 tipo=ompt_thread_worker     last_cpu=111 numa=1 mig=0 fallos=0 perf=full ipc=0.616 ratio_rm=0.0001
[OMPT] tid=635026 ompt_id=6473924464345089 tipo=ompt_thread_worker     last_cpu=235 numa=1 mig=0 fallos=0 perf=full ipc=0.623 ratio_rm=0.0001
[OMPT] tid=635027 ompt_id=6755399441055745 tipo=ompt_thread_worker     last_cpu=109 numa=1 mig=0 fallos=0 perf=full ipc=0.810 ratio_rm=0.0002
[OMPT] tid=635028 ompt_id=7036874417766401 tipo=ompt_thread_worker     last_cpu=105 numa=1 mig=0 fallos=0 perf=full ipc=0.875 ratio_rm=0.0002
[OMPT] tid=635029 ompt_id=7318349394477057 tipo=ompt_thread_worker     last_cpu=232 numa=1 mig=0 fallos=0 perf=full ipc=0.636 ratio_rm=0.0002
[OMPT] tid=635030 ompt_id=7599824371187713 tipo=ompt_thread_worker     last_cpu= 90 numa=1 mig=0 fallos=0 perf=full ipc=0.831 ratio_rm=0.0004
[OMPT] tid=635031 ompt_id=7881299347898369 tipo=ompt_thread_worker     last_cpu= 64 numa=1 mig=0 fallos=0 perf=full ipc=0.836 ratio_rm=0.0006
[OMPT] tid=635032 ompt_id=8162774324609025 tipo=ompt_thread_worker     last_cpu=104 numa=1 mig=0 fallos=0 perf=full ipc=0.595 ratio_rm=0.0002
[OMPT] tid=635033 ompt_id=8444249301319681 tipo=ompt_thread_worker     last_cpu= 72 numa=1 mig=0 fallos=0 perf=full ipc=0.820 ratio_rm=0.0007
[OMPT] tid=635034 ompt_id=8725724278030337 tipo=ompt_thread_worker     last_cpu= 89 numa=1 mig=0 fallos=0 perf=full ipc=0.828 ratio_rm=0.0004
[OMPT] tid=635035 ompt_id=9007199254740993 tipo=ompt_thread_worker     last_cpu=215 numa=1 mig=0 fallos=0 perf=full ipc=0.964 ratio_rm=0.0002
[OMPT] ===== Overhead intrínseco =====
  monitor: 1 ticks, 8.3 us total (max 8.3 us/tick)
  callbacks implicit_task: 5249, 359913.7 us total
  migraciones: 0 (0.0 us total)
  resyncs=0  lecturas escaladas por multiplexado=128
  hilos con perf fallido=0  parcial(ipc_only)=0
  ventanas con ciclos=0  con fills=0
