[OMPT] ompt_initialize (OPCIÓN C: integrador con fugas)  verbose=0  migracion=DESACTIVADA
[HWLOC] Nodos NUMA detectados: 2 (usados: 2)
[HWLOC] Nodo 0: 128 CPUs
[HWLOC] Nodo 1: 128 CPUs
[OMPT] callback 'ompt_callback_thread_begin' registrado (result=5)
[OMPT] callback 'ompt_callback_thread_end' registrado (result=5)
[OMPT] callback 'ompt_callback_parallel_begin' registrado (result=5)
[OMPT] callback 'ompt_callback_parallel_end' registrado (result=5)
[OMPT] callback 'ompt_callback_implicit_task' registrado (result=5)
[OMPT] callback 'ompt_callback_control_tool' registrado (result=5)
[OMPT] Callbacks registrados
[OMPT] Sistema: 0 procesadores lógicos
[OMPT][MON] Monitor (C: integrador con fugas)  período=100ms  warmup=5  T=ref+1.00*MAD  leak=0.50*MAD  cap=8.00*MAD  max_mig=1  migracion=DESACTIVADA
[perf_region] tool OMPT detectado: los contadores los lleva el tool, no se abren aqui
[OMPT] control_tool: INICIANDO medicion
[OMPT] control_tool: PAUSANDO medicion
[OMPT] ompt_finalize
[OMPT][MON] Monitor detenido tras 3 ventanas
[OMPT] CSV de ventanas: 0 filas volcadas (0 descartadas)
[OMPT] ===== Tabla final: 128 hilos =====
[OMPT] tid=638307 ompt_id=281474976710657 tipo=ompt_thread_initial    last_cpu=198 numa=1 mig=0 fallos=0 perf=full ipc=0.343 ratio_rm=0.0014
[OMPT] tid=638309 ompt_id=562949953421313 tipo=ompt_thread_worker     last_cpu=255 numa=1 mig=0 fallos=0 perf=full ipc=0.316 ratio_rm=0.0008
[OMPT] tid=638310 ompt_id=844424930131969 tipo=ompt_thread_worker     last_cpu=124 numa=1 mig=0 fallos=0 perf=full ipc=0.309 ratio_rm=0.0008
[OMPT] tid=638311 ompt_id=1125899906842625 tipo=ompt_thread_worker     last_cpu=123 numa=1 mig=0 fallos=0 perf=full ipc=0.280 ratio_rm=0.0008
[OMPT] tid=638312 ompt_id=1407374883553281 tipo=ompt_thread_worker     last_cpu=247 numa=1 mig=0 fallos=0 perf=full ipc=0.413 ratio_rm=0.0013
[OMPT] tid=638313 ompt_id=1688849860263937 tipo=ompt_thread_worker     last_cpu=104 numa=1 mig=0 fallos=0 perf=full ipc=0.400 ratio_rm=0.0019
[OMPT] tid=638314 ompt_id=1970324836974593 tipo=ompt_thread_worker     last_cpu=122 numa=1 mig=0 fallos=0 perf=full ipc=0.273 ratio_rm=0.0010
[OMPT] tid=638316 ompt_id=2533274790395905 tipo=ompt_thread_worker     last_cpu=243 numa=1 mig=0 fallos=0 perf=full ipc=0.423 ratio_rm=0.0017
[OMPT] tid=638315 ompt_id=2251799813685249 tipo=ompt_thread_worker     last_cpu=202 numa=1 mig=0 fallos=0 perf=full ipc=0.321 ratio_rm=0.0011
[OMPT] tid=638317 ompt_id=2814749767106561 tipo=ompt_thread_worker     last_cpu=121 numa=1 mig=0 fallos=0 perf=full ipc=0.299 ratio_rm=0.0011
[OMPT] tid=638320 ompt_id=3659174697238529 tipo=ompt_thread_worker     last_cpu=167 numa=0 mig=0 fallos=0 perf=full ipc=0.272 ratio_rm=0.0020
[OMPT] tid=638319 ompt_id=3377699720527873 tipo=ompt_thread_worker     last_cpu= 88 numa=1 mig=0 fallos=0 perf=full ipc=0.356 ratio_rm=0.0021
[OMPT] tid=638318 ompt_id=3096224743817217 tipo=ompt_thread_worker     last_cpu=  9 numa=0 mig=0 fallos=0 perf=full ipc=0.350 ratio_rm=0.0019
[OMPT] tid=638322 ompt_id=4222124650659841 tipo=ompt_thread_worker     last_cpu=  8 numa=0 mig=0 fallos=0 perf=full ipc=0.282 ratio_rm=0.0019
[OMPT] tid=638321 ompt_id=3940649673949185 tipo=ompt_thread_worker     last_cpu=120 numa=1 mig=0 fallos=0 perf=full ipc=0.278 ratio_rm=0.0012
[OMPT] tid=638323 ompt_id=4503599627370497 tipo=ompt_thread_worker     last_cpu= 73 numa=1 mig=0 fallos=0 perf=full ipc=0.472 ratio_rm=0.0021
[OMPT] tid=638324 ompt_id=4785074604081153 tipo=ompt_thread_worker     last_cpu=245 numa=1 mig=0 fallos=0 perf=full ipc=0.408 ratio_rm=0.0014
[OMPT] tid=638325 ompt_id=5066549580791809 tipo=ompt_thread_worker     last_cpu= 56 numa=0 mig=0 fallos=0 perf=full ipc=0.309 ratio_rm=0.0020
[OMPT] tid=638326 ompt_id=5348024557502465 tipo=ompt_thread_worker     last_cpu=126 numa=1 mig=0 fallos=0 perf=full ipc=0.310 ratio_rm=0.0008
[OMPT] tid=638327 ompt_id=5629499534213121 tipo=ompt_thread_worker     last_cpu= 10 numa=0 mig=0 fallos=0 perf=full ipc=0.383 ratio_rm=0.0022
[OMPT] tid=638328 ompt_id=5910974510923777 tipo=ompt_thread_worker     last_cpu= 74 numa=1 mig=0 fallos=0 perf=full ipc=0.305 ratio_rm=0.0010
[OMPT] tid=638329 ompt_id=6192449487634433 tipo=ompt_thread_worker     last_cpu= 77 numa=1 mig=0 fallos=0 perf=full ipc=0.344 ratio_rm=0.0006
[OMPT] tid=638330 ompt_id=6473924464345089 tipo=ompt_thread_worker     last_cpu= 76 numa=1 mig=0 fallos=0 perf=full ipc=0.323 ratio_rm=0.0007
[OMPT] tid=638331 ompt_id=6755399441055745 tipo=ompt_thread_worker     last_cpu= 75 numa=1 mig=0 fallos=0 perf=full ipc=0.339 ratio_rm=0.0007
[OMPT] tid=638332 ompt_id=7036874417766401 tipo=ompt_thread_worker     last_cpu=  4 numa=0 mig=0 fallos=0 perf=full ipc=0.308 ratio_rm=0.0023
[OMPT] tid=638333 ompt_id=7318349394477057 tipo=ompt_thread_worker     last_cpu=209 numa=1 mig=0 fallos=0 perf=full ipc=0.400 ratio_rm=0.0027
[OMPT] tid=638334 ompt_id=7599824371187713 tipo=ompt_thread_worker     last_cpu=  6 numa=0 mig=0 fallos=0 perf=full ipc=0.301 ratio_rm=0.0018
[OMPT] tid=638335 ompt_id=7881299347898369 tipo=ompt_thread_worker     last_cpu=  5 numa=0 mig=0 fallos=0 perf=full ipc=0.269 ratio_rm=0.0014
[OMPT] tid=638336 ompt_id=8162774324609025 tipo=ompt_thread_worker     last_cpu=244 numa=1 mig=0 fallos=0 perf=full ipc=0.416 ratio_rm=0.0016
[OMPT] tid=638337 ompt_id=8444249301319681 tipo=ompt_thread_worker     last_cpu= 11 numa=0 mig=0 fallos=0 perf=full ipc=0.193 ratio_rm=0.0013
[OMPT] tid=638338 ompt_id=8725724278030337 tipo=ompt_thread_worker     last_cpu=253 numa=1 mig=0 fallos=0 perf=full ipc=0.301 ratio_rm=0.0009
[OMPT] tid=638339 ompt_id=9007199254740993 tipo=ompt_thread_worker     last_cpu=  7 numa=0 mig=0 fallos=0 perf=full ipc=0.209 ratio_rm=0.0014
[OMPT] tid=638340 ompt_id=9288674231451649 tipo=ompt_thread_worker     last_cpu=125 numa=1 mig=0 fallos=0 perf=full ipc=0.307 ratio_rm=0.0009
[OMPT] tid=638341 ompt_id=9570149208162305 tipo=ompt_thread_worker     last_cpu=254 numa=1 mig=0 fallos=0 perf=full ipc=0.321 ratio_rm=0.0007
[OMPT] tid=638342 ompt_id=9851624184872961 tipo=ompt_thread_worker     last_cpu=127 numa=1 mig=0 fallos=0 perf=full ipc=0.320 ratio_rm=0.0007
[OMPT] tid=638343 ompt_id=10133099161583617 tipo=ompt_thread_worker     last_cpu= 96 numa=1 mig=0 fallos=0 perf=full ipc=0.378 ratio_rm=0.0021
[OMPT] tid=638357 ompt_id=14073748835532801 tipo=ompt_thread_worker     last_cpu= 40 numa=0 mig=0 fallos=0 perf=full ipc=0.488 ratio_rm=0.0016
[OMPT] tid=638409 ompt_id=28710447624486913 tipo=ompt_thread_worker     last_cpu= 58 numa=0 mig=0 fallos=0 perf=full ipc=0.152 ratio_rm=0.0008
[OMPT] tid=638349 ompt_id=11821949021847553 tipo=ompt_thread_worker     last_cpu=112 numa=1 mig=0 fallos=0 perf=full ipc=0.478 ratio_rm=0.0029
[OMPT] tid=638379 ompt_id=20266198323167233 tipo=ompt_thread_worker     last_cpu= 57 numa=0 mig=0 fallos=0 perf=full ipc=0.323 ratio_rm=0.0024
[OMPT] tid=638393 ompt_id=24206847997116417 tipo=ompt_thread_worker     last_cpu= 61 numa=0 mig=0 fallos=0 perf=full ipc=0.183 ratio_rm=0.0005
[OMPT] tid=638365 ompt_id=16325548649218049 tipo=ompt_thread_worker     last_cpu=246 numa=1 mig=0 fallos=0 perf=full ipc=0.399 ratio_rm=0.0006
[OMPT] tid=638427 ompt_id=33776997205278721 tipo=ompt_thread_worker     last_cpu=194 numa=1 mig=0 fallos=0 perf=full ipc=0.426 ratio_rm=0.0027
[OMPT] tid=638351 ompt_id=12103423998558209 tipo=ompt_thread_worker     last_cpu=199 numa=1 mig=0 fallos=0 perf=full ipc=0.385 ratio_rm=0.0008
[OMPT] tid=638403 ompt_id=27021597764222977 tipo=ompt_thread_worker     last_cpu=196 numa=1 mig=0 fallos=0 perf=full ipc=0.389 ratio_rm=0.0016
[OMPT] tid=638367 ompt_id=16888498602639361 tipo=ompt_thread_worker     last_cpu= 64 numa=1 mig=0 fallos=0 perf=full ipc=0.425 ratio_rm=0.0019
[OMPT] tid=638385 ompt_id=21955048183431169 tipo=ompt_thread_worker     last_cpu=197 numa=1 mig=0 fallos=0 perf=full ipc=0.395 ratio_rm=0.0011
[OMPT] tid=638413 ompt_id=29836347531329537 tipo=ompt_thread_worker     last_cpu=195 numa=1 mig=0 fallos=0 perf=full ipc=0.392 ratio_rm=0.0014
[OMPT] tid=638388 ompt_id=22799473113563137 tipo=ompt_thread_worker     last_cpu=149 numa=0 mig=0 fallos=0 perf=full ipc=0.307 ratio_rm=0.0025
[OMPT] tid=638432 ompt_id=35184372088832001 tipo=ompt_thread_worker     last_cpu=146 numa=0 mig=0 fallos=0 perf=full ipc=0.362 ratio_rm=0.0045
[OMPT] tid=638410 ompt_id=28991922601197569 tipo=ompt_thread_worker     last_cpu=147 numa=0 mig=0 fallos=0 perf=full ipc=0.347 ratio_rm=0.0026
[OMPT] tid=638400 ompt_id=26177172834091009 tipo=ompt_thread_worker     last_cpu=148 numa=0 mig=0 fallos=0 perf=full ipc=0.294 ratio_rm=0.0025
[OMPT] tid=638377 ompt_id=19703248369745921 tipo=ompt_thread_worker     last_cpu=229 numa=1 mig=0 fallos=0 perf=full ipc=0.365 ratio_rm=0.0013
[OMPT] tid=638383 ompt_id=21392098230009857 tipo=ompt_thread_worker     last_cpu=237 numa=1 mig=0 fallos=0 perf=full ipc=0.341 ratio_rm=0.0013
[OMPT] tid=638376 ompt_id=19421773393035265 tipo=ompt_thread_worker     last_cpu=189 numa=0 mig=0 fallos=0 perf=full ipc=0.199 ratio_rm=0.0017
[OMPT] tid=638346 ompt_id=10977524091715585 tipo=ompt_thread_worker     last_cpu=191 numa=0 mig=0 fallos=0 perf=full ipc=0.247 ratio_rm=0.0022
[OMPT] tid=638425 ompt_id=33214047251857409 tipo=ompt_thread_worker     last_cpu=218 numa=1 mig=0 fallos=0 perf=full ipc=0.370 ratio_rm=0.0036
[OMPT] tid=638418 ompt_id=31243722414882817 tipo=ompt_thread_worker     last_cpu=171 numa=0 mig=0 fallos=0 perf=full ipc=0.385 ratio_rm=0.0021
[OMPT] tid=638348 ompt_id=11540474045136897 tipo=ompt_thread_worker     last_cpu=  0 numa=0 mig=0 fallos=0 perf=full ipc=0.361 ratio_rm=0.0018
[OMPT] tid=638390 ompt_id=23362423066984449 tipo=ompt_thread_worker     last_cpu=135 numa=0 mig=0 fallos=0 perf=full ipc=0.221 ratio_rm=0.0012
[OMPT] tid=638402 ompt_id=26740122787512321 tipo=ompt_thread_worker     last_cpu=  2 numa=0 mig=0 fallos=0 perf=full ipc=0.383 ratio_rm=0.0025
[OMPT] tid=638429 ompt_id=34339947158700033 tipo=ompt_thread_worker     last_cpu=234 numa=1 mig=0 fallos=0 perf=full ipc=0.403 ratio_rm=0.0032
[OMPT] tid=638369 ompt_id=17451448556060673 tipo=ompt_thread_worker     last_cpu=238 numa=1 mig=0 fallos=0 perf=full ipc=0.355 ratio_rm=0.0014
[OMPT] tid=638344 ompt_id=10414574138294273 tipo=ompt_thread_worker     last_cpu=239 numa=1 mig=0 fallos=0 perf=full ipc=0.333 ratio_rm=0.0014
[OMPT] tid=638399 ompt_id=25895697857380353 tipo=ompt_thread_worker     last_cpu=236 numa=1 mig=0 fallos=0 perf=full ipc=0.385 ratio_rm=0.0015
[OMPT] tid=638415 ompt_id=30399297484750849 tipo=ompt_thread_worker     last_cpu=235 numa=1 mig=0 fallos=0 perf=full ipc=0.360 ratio_rm=0.0017
[OMPT] tid=638359 ompt_id=14636698788954113 tipo=ompt_thread_worker     last_cpu=248 numa=1 mig=0 fallos=0 perf=full ipc=0.300 ratio_rm=0.0012
[OMPT] tid=638423 ompt_id=32651097298436097 tipo=ompt_thread_worker     last_cpu=252 numa=1 mig=0 fallos=0 perf=full ipc=0.331 ratio_rm=0.0004
[OMPT] tid=638375 ompt_id=19140298416324609 tipo=ompt_thread_worker     last_cpu=249 numa=1 mig=0 fallos=0 perf=full ipc=0.319 ratio_rm=0.0012
[OMPT] tid=638391 ompt_id=23643898043695105 tipo=ompt_thread_worker     last_cpu=250 numa=1 mig=0 fallos=0 perf=full ipc=0.279 ratio_rm=0.0013
[OMPT] tid=638407 ompt_id=28147497671065601 tipo=ompt_thread_worker     last_cpu=251 numa=1 mig=0 fallos=0 perf=full ipc=0.278 ratio_rm=0.0011
[OMPT] tid=638356 ompt_id=13792273858822145 tipo=ompt_thread_worker     last_cpu=175 numa=0 mig=0 fallos=0 perf=full ipc=0.428 ratio_rm=0.0027
[OMPT] tid=638378 ompt_id=19984723346456577 tipo=ompt_thread_worker     last_cpu=173 numa=0 mig=0 fallos=0 perf=full ipc=0.318 ratio_rm=0.0025
[OMPT] tid=638426 ompt_id=33495522228568065 tipo=ompt_thread_worker     last_cpu=170 numa=0 mig=0 fallos=0 perf=full ipc=0.456 ratio_rm=0.0023
[OMPT] tid=638404 ompt_id=27303072740933633 tipo=ompt_thread_worker     last_cpu=172 numa=0 mig=0 fallos=0 perf=full ipc=0.375 ratio_rm=0.0030
[OMPT] tid=638411 ompt_id=29273397577908225 tipo=ompt_thread_worker     last_cpu=204 numa=1 mig=0 fallos=0 perf=full ipc=0.331 ratio_rm=0.0011
[OMPT] tid=638431 ompt_id=34902897112121345 tipo=ompt_thread_worker     last_cpu=203 numa=1 mig=0 fallos=0 perf=full ipc=0.314 ratio_rm=0.0020
[OMPT] tid=638380 ompt_id=20547673299877889 tipo=ompt_thread_worker     last_cpu=181 numa=0 mig=0 fallos=0 perf=full ipc=0.376 ratio_rm=0.0025
[OMPT] tid=638354 ompt_id=13510798882111489 tipo=ompt_thread_worker     last_cpu=151 numa=0 mig=0 fallos=0 perf=full ipc=0.310 ratio_rm=0.0021
[OMPT] tid=638368 ompt_id=17169973579350017 tipo=ompt_thread_worker     last_cpu=150 numa=0 mig=0 fallos=0 perf=full ipc=0.289 ratio_rm=0.0024
[OMPT] tid=638387 ompt_id=22517998136852481 tipo=ompt_thread_worker     last_cpu= 72 numa=1 mig=0 fallos=0 perf=full ipc=0.455 ratio_rm=0.0020
[OMPT] tid=638361 ompt_id=15199648742375425 tipo=ompt_thread_worker     last_cpu=206 numa=1 mig=0 fallos=0 perf=full ipc=0.435 ratio_rm=0.0014
[OMPT] tid=638401 ompt_id=26458647810801665 tipo=ompt_thread_worker     last_cpu=205 numa=1 mig=0 fallos=0 perf=full ipc=0.329 ratio_rm=0.0011
[OMPT] tid=638345 ompt_id=10696049115004929 tipo=ompt_thread_worker     last_cpu=207 numa=1 mig=0 fallos=0 perf=full ipc=0.417 ratio_rm=0.0014
[OMPT] tid=638419 ompt_id=31525197391593473 tipo=ompt_thread_worker     last_cpu=219 numa=1 mig=0 fallos=0 perf=full ipc=0.331 ratio_rm=0.0020
[OMPT] tid=638353 ompt_id=12666373951979521 tipo=ompt_thread_worker     last_cpu=223 numa=1 mig=0 fallos=0 perf=full ipc=0.308 ratio_rm=0.0013
[OMPT] tid=638373 ompt_id=18577348462903297 tipo=ompt_thread_worker     last_cpu=222 numa=1 mig=0 fallos=0 perf=full ipc=0.309 ratio_rm=0.0013
[OMPT] tid=638405 ompt_id=27584547717644289 tipo=ompt_thread_worker     last_cpu=220 numa=1 mig=0 fallos=0 perf=full ipc=0.340 ratio_rm=0.0026
[OMPT] tid=638389 ompt_id=23080948090273793 tipo=ompt_thread_worker     last_cpu=221 numa=1 mig=0 fallos=0 perf=full ipc=0.329 ratio_rm=0.0015
[OMPT] tid=638364 ompt_id=16044073672507393 tipo=ompt_thread_worker     last_cpu=174 numa=0 mig=0 fallos=0 perf=full ipc=0.358 ratio_rm=0.0022
[OMPT] tid=638420 ompt_id=31806672368304129 tipo=ompt_thread_worker     last_cpu=  3 numa=0 mig=0 fallos=0 perf=full ipc=0.320 ratio_rm=0.0028
[OMPT] tid=638360 ompt_id=14918173765664769 tipo=ompt_thread_worker     last_cpu=190 numa=0 mig=0 fallos=0 perf=full ipc=0.235 ratio_rm=0.0025
[OMPT] tid=638424 ompt_id=32932572275146753 tipo=ompt_thread_worker     last_cpu=186 numa=0 mig=0 fallos=0 perf=full ipc=0.160 ratio_rm=0.0018
[OMPT] tid=638392 ompt_id=23925373020405761 tipo=ompt_thread_worker     last_cpu=188 numa=0 mig=0 fallos=0 perf=full ipc=0.286 ratio_rm=0.0027
[OMPT] tid=638428 ompt_id=34058472181989377 tipo=ompt_thread_worker     last_cpu=162 numa=0 mig=0 fallos=0 perf=full ipc=0.349 ratio_rm=0.0027
[OMPT] tid=638430 ompt_id=34621422135410689 tipo=ompt_thread_worker     last_cpu=178 numa=0 mig=0 fallos=0 perf=full ipc=0.397 ratio_rm=0.0039
[OMPT] tid=638406 ompt_id=27866022694354945 tipo=ompt_thread_worker     last_cpu=180 numa=0 mig=0 fallos=0 perf=full ipc=0.294 ratio_rm=0.0024
[OMPT] tid=638434 ompt_id=35747322042253313 tipo=ompt_thread_worker     last_cpu=153 numa=0 mig=0 fallos=0 perf=full ipc=0.363 ratio_rm=0.0043
[OMPT] tid=638358 ompt_id=14355223812243457 tipo=ompt_thread_worker     last_cpu=159 numa=0 mig=0 fallos=0 perf=full ipc=0.317 ratio_rm=0.0022
[OMPT] tid=638372 ompt_id=18295873486192641 tipo=ompt_thread_worker     last_cpu=158 numa=0 mig=0 fallos=0 perf=full ipc=0.316 ratio_rm=0.0031
[OMPT] tid=638382 ompt_id=21110623253299201 tipo=ompt_thread_worker     last_cpu= 28 numa=0 mig=0 fallos=0 perf=full ipc=0.323 ratio_rm=0.0022
[OMPT] tid=638416 ompt_id=30680772461461505 tipo=ompt_thread_worker     last_cpu=152 numa=0 mig=0 fallos=0 perf=full ipc=0.361 ratio_rm=0.0027
[OMPT] tid=638435 ompt_id=36028797018963969 tipo=ompt_thread_worker     last_cpu=226 numa=1 mig=0 fallos=0 perf=full ipc=0.367 ratio_rm=0.0073
[OMPT] tid=638370 ompt_id=17732923532771329 tipo=ompt_thread_worker     last_cpu=  1 numa=0 mig=0 fallos=0 perf=full ipc=0.353 ratio_rm=0.0023
[OMPT] tid=638394 ompt_id=24488322973827073 tipo=ompt_thread_worker     last_cpu=140 numa=0 mig=0 fallos=0 perf=full ipc=0.293 ratio_rm=0.0022
[OMPT] tid=638414 ompt_id=30117822508040193 tipo=ompt_thread_worker     last_cpu=163 numa=0 mig=0 fallos=0 perf=full ipc=0.306 ratio_rm=0.0026
[OMPT] tid=638366 ompt_id=16607023625928705 tipo=ompt_thread_worker     last_cpu=166 numa=0 mig=0 fallos=0 perf=full ipc=0.309 ratio_rm=0.0025
[OMPT] tid=638395 ompt_id=24769797950537729 tipo=ompt_thread_worker     last_cpu=213 numa=1 mig=0 fallos=0 perf=full ipc=0.361 ratio_rm=0.0015
[OMPT] tid=638412 ompt_id=29554872554618881 tipo=ompt_thread_worker     last_cpu=139 numa=0 mig=0 fallos=0 perf=full ipc=0.198 ratio_rm=0.0017
[OMPT] tid=638417 ompt_id=30962247438172161 tipo=ompt_thread_worker     last_cpu=212 numa=1 mig=0 fallos=0 perf=full ipc=0.357 ratio_rm=0.0020
[OMPT] tid=638398 ompt_id=25614222880669697 tipo=ompt_thread_worker     last_cpu=157 numa=0 mig=0 fallos=0 perf=full ipc=0.320 ratio_rm=0.0021
[OMPT] tid=638386 ompt_id=22236523160141825 tipo=ompt_thread_worker     last_cpu=165 numa=0 mig=0 fallos=0 perf=full ipc=0.303 ratio_rm=0.0023
[OMPT] tid=638396 ompt_id=25051272927248385 tipo=ompt_thread_worker     last_cpu=164 numa=0 mig=0 fallos=0 perf=full ipc=0.305 ratio_rm=0.0026
[OMPT] tid=638347 ompt_id=11258999068426241 tipo=ompt_thread_worker     last_cpu= 83 numa=1 mig=0 fallos=0 perf=full ipc=0.369 ratio_rm=0.0023
[OMPT] tid=638421 ompt_id=32088147345014785 tipo=ompt_thread_worker     last_cpu=227 numa=1 mig=0 fallos=0 perf=full ipc=0.415 ratio_rm=0.0027
[OMPT] tid=638363 ompt_id=15762598695796737 tipo=ompt_thread_worker     last_cpu=230 numa=1 mig=0 fallos=0 perf=full ipc=0.360 ratio_rm=0.0018
[OMPT] tid=638397 ompt_id=25332747903959041 tipo=ompt_thread_worker     last_cpu=228 numa=1 mig=0 fallos=0 perf=full ipc=0.392 ratio_rm=0.0019
[OMPT] tid=638384 ompt_id=21673573206720513 tipo=ompt_thread_worker     last_cpu=141 numa=0 mig=0 fallos=0 perf=full ipc=0.310 ratio_rm=0.0025
[OMPT] tid=638433 ompt_id=35465847065542657 tipo=ompt_thread_worker     last_cpu=208 numa=1 mig=0 fallos=0 perf=full ipc=0.366 ratio_rm=0.0053
[OMPT] tid=638371 ompt_id=18014398509481985 tipo=ompt_thread_worker     last_cpu=215 numa=1 mig=0 fallos=0 perf=full ipc=0.350 ratio_rm=0.0014
[OMPT] tid=638381 ompt_id=20829148276588545 tipo=ompt_thread_worker     last_cpu=214 numa=1 mig=0 fallos=0 perf=full ipc=0.361 ratio_rm=0.0016
[OMPT] tid=638408 ompt_id=28428972647776257 tipo=ompt_thread_worker     last_cpu=187 numa=0 mig=0 fallos=0 perf=full ipc=0.267 ratio_rm=0.0026
[OMPT] tid=638355 ompt_id=13229323905400833 tipo=ompt_thread_worker     last_cpu=231 numa=1 mig=0 fallos=0 perf=full ipc=0.374 ratio_rm=0.0014
[OMPT] tid=638362 ompt_id=15481123719086081 tipo=ompt_thread_worker     last_cpu=182 numa=0 mig=0 fallos=0 perf=full ipc=0.336 ratio_rm=0.0023
[OMPT] tid=638352 ompt_id=12947848928690177 tipo=ompt_thread_worker     last_cpu=183 numa=0 mig=0 fallos=0 perf=full ipc=0.303 ratio_rm=0.0024
[OMPT] tid=638350 ompt_id=12384898975268865 tipo=ompt_thread_worker     last_cpu=143 numa=0 mig=0 fallos=0 perf=full ipc=0.268 ratio_rm=0.0024
[OMPT] tid=638422 ompt_id=32369622321725441 tipo=ompt_thread_worker     last_cpu=179 numa=0 mig=0 fallos=0 perf=full ipc=0.326 ratio_rm=0.0025
[OMPT] tid=638374 ompt_id=18858823439613953 tipo=ompt_thread_worker     last_cpu=142 numa=0 mig=0 fallos=0 perf=full ipc=0.286 ratio_rm=0.0025
[OMPT] ===== Overhead intrínseco =====
  monitor: 3 ticks, 3142.4 us total (max 3139.6 us/tick)
  callbacks implicit_task: 20993, 9216000.3 us total
  migraciones: 0 (0.0 us total)
  resyncs=0  lecturas escaladas por multiplexado=1024
  hilos con perf fallido=0  parcial(ipc_only)=0
  ventanas con ciclos=0  con fills=0
