[OMPT] ompt_initialize (OPCIÓN C: integrador con fugas)  verbose=0  migracion=activa
[HWLOC] Nodos NUMA detectados: 2 (usados: 2)
[HWLOC] Nodo 0: 128 CPUs
[HWLOC] Nodo 1: 128 CPUs
[OMPT] callback 'ompt_callback_thread_begin' registrado (result=5)
[OMPT] callback 'ompt_callback_thread_end' registrado (result=5)
[OMPT] callback 'ompt_callback_parallel_begin' registrado (result=5)
[OMPT] callback 'ompt_callback_parallel_end' registrado (result=5)
[OMPT] callback 'ompt_callback_implicit_task' registrado (result=5)
[OMPT] callback 'ompt_callback_control_tool' registrado (result=5)
[OMPT] Callbacks registrados
[OMPT] Sistema: 0 procesadores lógicos
[OMPT][MON] Monitor (C: integrador con fugas)  período=100ms  warmup=5  T=ref+1.00*MAD  leak=0.50*MAD  cap=8.00*MAD  max_mig=1  migracion=activa
[perf_region] tool OMPT detectado: los contadores los lleva el tool, no se abren aqui
[OMPT] control_tool: INICIANDO medicion
[OMPT] control_tool: PAUSANDO medicion
[OMPT] ompt_finalize
[OMPT][MON] Monitor detenido tras 2 ventanas
[OMPT] CSV de ventanas: 0 filas volcadas (0 descartadas)
[OMPT] ===== Tabla final: 64 hilos =====
[OMPT] tid=636353 ompt_id=281474976710657 tipo=ompt_thread_initial    last_cpu=255 numa=1 mig=0 fallos=0 perf=full ipc=0.433 ratio_rm=0.0003
[OMPT] tid=636355 ompt_id=562949953421313 tipo=ompt_thread_worker     last_cpu=174 numa=0 mig=0 fallos=0 perf=full ipc=0.565 ratio_rm=0.0012
[OMPT] tid=636356 ompt_id=844424930131969 tipo=ompt_thread_worker     last_cpu=120 numa=1 mig=0 fallos=0 perf=full ipc=0.419 ratio_rm=0.0004
[OMPT] tid=636357 ompt_id=1125899906842625 tipo=ompt_thread_worker     last_cpu=126 numa=1 mig=0 fallos=0 perf=full ipc=0.435 ratio_rm=0.0003
[OMPT] tid=636358 ompt_id=1407374883553281 tipo=ompt_thread_worker     last_cpu=214 numa=1 mig=0 fallos=0 perf=full ipc=0.566 ratio_rm=0.0006
[OMPT] tid=636359 ompt_id=1688849860263937 tipo=ompt_thread_worker     last_cpu=  6 numa=0 mig=0 fallos=0 perf=full ipc=0.273 ratio_rm=0.0007
[OMPT] tid=636360 ompt_id=1970324836974593 tipo=ompt_thread_worker     last_cpu=125 numa=1 mig=0 fallos=0 perf=full ipc=0.453 ratio_rm=0.0003
[OMPT] tid=636362 ompt_id=2533274790395905 tipo=ompt_thread_worker     last_cpu=183 numa=0 mig=0 fallos=0 perf=full ipc=0.454 ratio_rm=0.0016
[OMPT] tid=636361 ompt_id=2251799813685249 tipo=ompt_thread_worker     last_cpu=134 numa=0 mig=0 fallos=0 perf=full ipc=0.259 ratio_rm=0.0007
[OMPT] tid=636364 ompt_id=3096224743817217 tipo=ompt_thread_worker     last_cpu=124 numa=1 mig=0 fallos=0 perf=full ipc=0.435 ratio_rm=0.0003
[OMPT] tid=636363 ompt_id=2814749767106561 tipo=ompt_thread_worker     last_cpu=133 numa=0 mig=0 fallos=0 perf=full ipc=0.275 ratio_rm=0.0007
[OMPT] tid=636365 ompt_id=3377699720527873 tipo=ompt_thread_worker     last_cpu=  1 numa=0 mig=0 fallos=0 perf=full ipc=0.387 ratio_rm=0.0008
[OMPT] tid=636366 ompt_id=3659174697238529 tipo=ompt_thread_worker     last_cpu=238 numa=1 mig=0 fallos=0 perf=full ipc=0.609 ratio_rm=0.0008
[OMPT] tid=636368 ompt_id=4222124650659841 tipo=ompt_thread_worker     last_cpu=253 numa=1 mig=0 fallos=0 perf=full ipc=0.440 ratio_rm=0.0002
[OMPT] tid=636367 ompt_id=3940649673949185 tipo=ompt_thread_worker     last_cpu=123 numa=1 mig=0 fallos=0 perf=full ipc=0.439 ratio_rm=0.0003
[OMPT] tid=636369 ompt_id=4503599627370497 tipo=ompt_thread_worker     last_cpu=251 numa=1 mig=0 fallos=0 perf=full ipc=0.481 ratio_rm=0.0003
[OMPT] tid=636370 ompt_id=4785074604081153 tipo=ompt_thread_worker     last_cpu=247 numa=1 mig=0 fallos=0 perf=full ipc=0.565 ratio_rm=0.0006
[OMPT] tid=636371 ompt_id=5066549580791809 tipo=ompt_thread_worker     last_cpu=  5 numa=0 mig=0 fallos=0 perf=full ipc=0.266 ratio_rm=0.0008
[OMPT] tid=636372 ompt_id=5348024557502465 tipo=ompt_thread_worker     last_cpu=122 numa=1 mig=0 fallos=0 perf=full ipc=0.436 ratio_rm=0.0003
[OMPT] tid=636373 ompt_id=5629499534213121 tipo=ompt_thread_worker     last_cpu=216 numa=1 mig=0 fallos=0 perf=full ipc=0.612 ratio_rm=0.0011
[OMPT] tid=636374 ompt_id=5910974510923777 tipo=ompt_thread_worker     last_cpu=  4 numa=0 mig=0 fallos=0 perf=full ipc=0.358 ratio_rm=0.0013
[OMPT] tid=636375 ompt_id=6192449487634433 tipo=ompt_thread_worker     last_cpu=246 numa=1 mig=0 fallos=0 perf=full ipc=0.580 ratio_rm=0.0007
[OMPT] tid=636376 ompt_id=6473924464345089 tipo=ompt_thread_worker     last_cpu=  9 numa=0 mig=0 fallos=0 perf=full ipc=0.464 ratio_rm=0.0013
[OMPT] tid=636377 ompt_id=6755399441055745 tipo=ompt_thread_worker     last_cpu=254 numa=1 mig=0 fallos=0 perf=full ipc=0.425 ratio_rm=0.0003
[OMPT] tid=636378 ompt_id=7036874417766401 tipo=ompt_thread_worker     last_cpu=  3 numa=0 mig=0 fallos=0 perf=full ipc=0.360 ratio_rm=0.0013
[OMPT] tid=636379 ompt_id=7318349394477057 tipo=ompt_thread_worker     last_cpu=198 numa=1 mig=0 fallos=0 perf=full ipc=0.505 ratio_rm=0.0004
[OMPT] tid=636380 ompt_id=7599824371187713 tipo=ompt_thread_worker     last_cpu=252 numa=1 mig=0 fallos=0 perf=full ipc=0.424 ratio_rm=0.0003
[OMPT] tid=636381 ompt_id=7881299347898369 tipo=ompt_thread_worker     last_cpu=190 numa=0 mig=0 fallos=0 perf=full ipc=0.415 ratio_rm=0.0012
[OMPT] tid=636382 ompt_id=8162774324609025 tipo=ompt_thread_worker     last_cpu=  7 numa=0 mig=0 fallos=0 perf=full ipc=0.282 ratio_rm=0.0010
[OMPT] tid=636383 ompt_id=8444249301319681 tipo=ompt_thread_worker     last_cpu=199 numa=1 mig=0 fallos=0 perf=full ipc=0.500 ratio_rm=0.0003
[OMPT] tid=636384 ompt_id=8725724278030337 tipo=ompt_thread_worker     last_cpu=127 numa=1 mig=0 fallos=0 perf=full ipc=0.455 ratio_rm=0.0003
[OMPT] tid=636385 ompt_id=9007199254740993 tipo=ompt_thread_worker     last_cpu=  2 numa=0 mig=0 fallos=0 perf=full ipc=0.396 ratio_rm=0.0011
[OMPT] tid=636386 ompt_id=9288674231451649 tipo=ompt_thread_worker     last_cpu=121 numa=1 mig=0 fallos=0 perf=full ipc=0.459 ratio_rm=0.0004
[OMPT] tid=636387 ompt_id=9570149208162305 tipo=ompt_thread_worker     last_cpu=249 numa=1 mig=0 fallos=0 perf=full ipc=0.488 ratio_rm=0.0003
[OMPT] tid=636388 ompt_id=9851624184872961 tipo=ompt_thread_worker     last_cpu=250 numa=1 mig=0 fallos=0 perf=full ipc=0.441 ratio_rm=0.0003
[OMPT] tid=636389 ompt_id=10133099161583617 tipo=ompt_thread_worker     last_cpu= 64 numa=1 mig=0 fallos=0 perf=full ipc=0.510 ratio_rm=0.0007
[OMPT] tid=636397 ompt_id=12384898975268865 tipo=ompt_thread_worker     last_cpu= 65 numa=1 mig=0 fallos=0 perf=full ipc=0.509 ratio_rm=0.0007
[OMPT] tid=636415 ompt_id=17451448556060673 tipo=ompt_thread_worker     last_cpu= 66 numa=1 mig=0 fallos=0 perf=full ipc=0.481 ratio_rm=0.0009
[OMPT] tid=636413 ompt_id=16888498602639361 tipo=ompt_thread_worker     last_cpu=143 numa=0 mig=0 fallos=0 perf=full ipc=0.379 ratio_rm=0.0011
[OMPT] tid=636391 ompt_id=10696049115004929 tipo=ompt_thread_worker     last_cpu=112 numa=1 mig=0 fallos=0 perf=full ipc=0.603 ratio_rm=0.0013
[OMPT] tid=636390 ompt_id=10414574138294273 tipo=ompt_thread_worker     last_cpu=207 numa=1 mig=0 fallos=0 perf=full ipc=0.593 ratio_rm=0.0008
[OMPT] tid=636411 ompt_id=16325548649218049 tipo=ompt_thread_worker     last_cpu=206 numa=1 mig=0 fallos=0 perf=full ipc=0.597 ratio_rm=0.0015
[OMPT] tid=636405 ompt_id=14636698788954113 tipo=ompt_thread_worker     last_cpu=248 numa=1 mig=0 fallos=0 perf=full ipc=0.435 ratio_rm=0.0004
[OMPT] tid=636412 ompt_id=16607023625928705 tipo=ompt_thread_worker     last_cpu=150 numa=0 mig=0 fallos=0 perf=full ipc=0.499 ratio_rm=0.0018
[OMPT] tid=636398 ompt_id=12666373951979521 tipo=ompt_thread_worker     last_cpu=151 numa=0 mig=0 fallos=0 perf=full ipc=0.522 ratio_rm=0.0015
[OMPT] tid=636396 ompt_id=12103423998558209 tipo=ompt_thread_worker     last_cpu=  8 numa=0 mig=0 fallos=0 perf=full ipc=0.456 ratio_rm=0.0014
[OMPT] tid=636410 ompt_id=16044073672507393 tipo=ompt_thread_worker     last_cpu=142 numa=0 mig=0 fallos=0 perf=full ipc=0.401 ratio_rm=0.0014
[OMPT] tid=636395 ompt_id=11821949021847553 tipo=ompt_thread_worker     last_cpu=239 numa=1 mig=0 fallos=0 perf=full ipc=0.606 ratio_rm=0.0005
[OMPT] tid=636407 ompt_id=15199648742375425 tipo=ompt_thread_worker     last_cpu=104 numa=1 mig=0 fallos=0 perf=full ipc=0.617 ratio_rm=0.0012
[OMPT] tid=636404 ompt_id=14355223812243457 tipo=ompt_thread_worker     last_cpu= 48 numa=0 mig=0 fallos=0 perf=full ipc=0.487 ratio_rm=0.0018
[OMPT] tid=636409 ompt_id=15762598695796737 tipo=ompt_thread_worker     last_cpu= 80 numa=1 mig=0 fallos=0 perf=full ipc=0.574 ratio_rm=0.0013
[OMPT] tid=636393 ompt_id=11258999068426241 tipo=ompt_thread_worker     last_cpu=215 numa=1 mig=0 fallos=0 perf=full ipc=0.567 ratio_rm=0.0008
[OMPT] tid=636416 ompt_id=17732923532771329 tipo=ompt_thread_worker     last_cpu= 24 numa=0 mig=0 fallos=0 perf=full ipc=0.464 ratio_rm=0.0019
[OMPT] tid=636402 ompt_id=13792273858822145 tipo=ompt_thread_worker     last_cpu=175 numa=0 mig=0 fallos=0 perf=full ipc=0.552 ratio_rm=0.0022
[OMPT] tid=636408 ompt_id=15481123719086081 tipo=ompt_thread_worker     last_cpu= 56 numa=0 mig=0 fallos=0 perf=full ipc=0.416 ratio_rm=0.0015
[OMPT] tid=636394 ompt_id=11540474045136897 tipo=ompt_thread_worker     last_cpu=191 numa=0 mig=0 fallos=0 perf=full ipc=0.326 ratio_rm=0.0014
[OMPT] tid=636403 ompt_id=14073748835532801 tipo=ompt_thread_worker     last_cpu=167 numa=0 mig=0 fallos=0 perf=full ipc=0.481 ratio_rm=0.0020
[OMPT] tid=636414 ompt_id=17169973579350017 tipo=ompt_thread_worker     last_cpu=158 numa=0 mig=0 fallos=0 perf=full ipc=0.343 ratio_rm=0.0016
[OMPT] tid=636400 ompt_id=13229323905400833 tipo=ompt_thread_worker     last_cpu=159 numa=0 mig=0 fallos=0 perf=full ipc=0.360 ratio_rm=0.0012
[OMPT] tid=636417 ompt_id=18014398509481985 tipo=ompt_thread_worker     last_cpu=222 numa=1 mig=0 fallos=0 perf=full ipc=0.576 ratio_rm=0.0013
[OMPT] tid=636401 ompt_id=13510798882111489 tipo=ompt_thread_worker     last_cpu=223 numa=1 mig=0 fallos=0 perf=full ipc=0.602 ratio_rm=0.0007
[OMPT] tid=636399 ompt_id=12947848928690177 tipo=ompt_thread_worker     last_cpu=231 numa=1 mig=0 fallos=0 perf=full ipc=0.581 ratio_rm=0.0027
[OMPT] tid=636406 ompt_id=14918173765664769 tipo=ompt_thread_worker     last_cpu=  0 numa=0 mig=0 fallos=0 perf=full ipc=0.390 ratio_rm=0.0014
[OMPT] tid=636392 ompt_id=10977524091715585 tipo=ompt_thread_worker     last_cpu=135 numa=0 mig=0 fallos=0 perf=full ipc=0.280 ratio_rm=0.0009
[OMPT] ===== Overhead intrínseco =====
  monitor: 2 ticks, 10.4 us total (max 9.4 us/tick)
  callbacks implicit_task: 10497, 1873639.3 us total
  migraciones: 0 (0.0 us total)
  resyncs=0  lecturas escaladas por multiplexado=256
  hilos con perf fallido=0  parcial(ipc_only)=0
  ventanas con ciclos=0  con fills=0
