[OMPT] ompt_initialize (OPCIÓN C: integrador con fugas)  verbose=0  migracion=DESACTIVADA
[HWLOC] Nodos NUMA detectados: 2 (usados: 2)
[HWLOC] Nodo 0: 128 CPUs
[HWLOC] Nodo 1: 128 CPUs
[OMPT] callback 'ompt_callback_thread_begin' registrado (result=5)
[OMPT] callback 'ompt_callback_thread_end' registrado (result=5)
[OMPT] callback 'ompt_callback_parallel_begin' registrado (result=5)
[OMPT] callback 'ompt_callback_parallel_end' registrado (result=5)
[OMPT] callback 'ompt_callback_implicit_task' registrado (result=5)
[OMPT] callback 'ompt_callback_control_tool' registrado (result=5)
[OMPT] Callbacks registrados
[OMPT] Sistema: 0 procesadores lógicos
[OMPT][MON] Monitor (C: integrador con fugas)  período=100ms  warmup=5  T=ref+1.00*MAD  leak=0.50*MAD  cap=8.00*MAD  max_mig=1  migracion=DESACTIVADA
[perf_region] tool OMPT detectado: los contadores los lleva el tool, no se abren aqui
[OMPT] control_tool: INICIANDO medicion
[OMPT] control_tool: PAUSANDO medicion
[OMPT] ompt_finalize
[OMPT][MON] Monitor detenido tras 208 ventanas
[OMPT] CSV de ventanas: 38144 filas volcadas (0 descartadas)
[OMPT] ===== Tabla final: 256 hilos =====
[OMPT] tid=671383 ompt_id=281474976710657 tipo=ompt_thread_initial    last_cpu=221 numa=1 mig=0 fallos=0 perf=full ipc=0.286 ratio_rm=0.0002
[OMPT] tid=671386 ompt_id=562949953421313 tipo=ompt_thread_worker     last_cpu= 92 numa=1 mig=0 fallos=0 perf=full ipc=0.296 ratio_rm=0.0001
[OMPT] tid=671385 ompt_id=844424930131969 tipo=ompt_thread_worker     last_cpu=207 numa=1 mig=0 fallos=0 perf=full ipc=0.265 ratio_rm=0.0001
[OMPT] tid=671387 ompt_id=1125899906842625 tipo=ompt_thread_worker     last_cpu= 93 numa=1 mig=0 fallos=0 perf=full ipc=0.297 ratio_rm=0.0001
[OMPT] tid=671390 ompt_id=1688849860263937 tipo=ompt_thread_worker     last_cpu=  8 numa=0 mig=0 fallos=0 perf=full ipc=0.036 ratio_rm=0.6267
[OMPT] tid=671389 ompt_id=1970324836974593 tipo=ompt_thread_worker     last_cpu= 99 numa=1 mig=0 fallos=0 perf=full ipc=0.274 ratio_rm=0.0001
[OMPT] tid=671388 ompt_id=1407374883553281 tipo=ompt_thread_worker     last_cpu=128 numa=0 mig=0 fallos=0 perf=full ipc=0.034 ratio_rm=0.6279
[OMPT] tid=671391 ompt_id=2251799813685249 tipo=ompt_thread_worker     last_cpu=172 numa=0 mig=0 fallos=0 perf=full ipc=0.030 ratio_rm=0.6322
[OMPT] tid=671392 ompt_id=2533274790395905 tipo=ompt_thread_worker     last_cpu=255 numa=1 mig=0 fallos=0 perf=full ipc=0.279 ratio_rm=0.0001
[OMPT] tid=671394 ompt_id=2814749767106561 tipo=ompt_thread_worker     last_cpu=  7 numa=0 mig=0 fallos=0 perf=full ipc=0.031 ratio_rm=0.6280
[OMPT] tid=671396 ompt_id=3659174697238529 tipo=ompt_thread_worker     last_cpu=220 numa=1 mig=0 fallos=0 perf=full ipc=0.298 ratio_rm=0.0001
[OMPT] tid=671393 ompt_id=3096224743817217 tipo=ompt_thread_worker     last_cpu= 64 numa=1 mig=0 fallos=0 perf=full ipc=0.265 ratio_rm=0.0001
[OMPT] tid=671397 ompt_id=3940649673949185 tipo=ompt_thread_worker     last_cpu= 94 numa=1 mig=0 fallos=0 perf=full ipc=0.290 ratio_rm=0.0001
[OMPT] tid=671398 ompt_id=4222124650659841 tipo=ompt_thread_worker     last_cpu= 76 numa=1 mig=0 fallos=0 perf=full ipc=0.269 ratio_rm=0.0001
[OMPT] tid=671395 ompt_id=3377699720527873 tipo=ompt_thread_worker     last_cpu= 11 numa=0 mig=0 fallos=0 perf=full ipc=0.035 ratio_rm=0.6270
[OMPT] tid=671399 ompt_id=4503599627370497 tipo=ompt_thread_worker     last_cpu= 75 numa=1 mig=0 fallos=0 perf=full ipc=0.272 ratio_rm=0.0001
[OMPT] tid=671400 ompt_id=4785074604081153 tipo=ompt_thread_worker     last_cpu=121 numa=1 mig=0 fallos=0 perf=full ipc=0.280 ratio_rm=0.0001
[OMPT] tid=671401 ompt_id=5066549580791809 tipo=ompt_thread_worker     last_cpu= 25 numa=0 mig=0 fallos=0 perf=full ipc=0.027 ratio_rm=0.6329
[OMPT] tid=671402 ompt_id=5348024557502465 tipo=ompt_thread_worker     last_cpu= 96 numa=1 mig=0 fallos=0 perf=full ipc=0.268 ratio_rm=0.0001
[OMPT] tid=671403 ompt_id=5629499534213121 tipo=ompt_thread_worker     last_cpu=112 numa=1 mig=0 fallos=0 perf=full ipc=0.283 ratio_rm=0.0001
[OMPT] tid=671404 ompt_id=5910974510923777 tipo=ompt_thread_worker     last_cpu= 24 numa=0 mig=0 fallos=0 perf=full ipc=0.028 ratio_rm=0.6326
[OMPT] tid=671405 ompt_id=6192449487634433 tipo=ompt_thread_worker     last_cpu= 56 numa=0 mig=0 fallos=0 perf=full ipc=0.033 ratio_rm=0.6278
[OMPT] tid=671406 ompt_id=6473924464345089 tipo=ompt_thread_worker     last_cpu= 12 numa=0 mig=0 fallos=0 perf=full ipc=0.033 ratio_rm=0.6265
[OMPT] tid=671407 ompt_id=6755399441055745 tipo=ompt_thread_worker     last_cpu= 26 numa=0 mig=0 fallos=0 perf=full ipc=0.027 ratio_rm=0.6320
[OMPT] tid=671408 ompt_id=7036874417766401 tipo=ompt_thread_worker     last_cpu=206 numa=1 mig=0 fallos=0 perf=full ipc=0.268 ratio_rm=0.0001
[OMPT] tid=671409 ompt_id=7318349394477057 tipo=ompt_thread_worker     last_cpu= 81 numa=1 mig=0 fallos=0 perf=full ipc=0.280 ratio_rm=0.0001
[OMPT] tid=671410 ompt_id=7599824371187713 tipo=ompt_thread_worker     last_cpu=219 numa=1 mig=0 fallos=0 perf=full ipc=0.292 ratio_rm=0.0000
[OMPT] tid=671411 ompt_id=7881299347898369 tipo=ompt_thread_worker     last_cpu= 16 numa=0 mig=0 fallos=0 perf=full ipc=0.023 ratio_rm=0.6377
[OMPT] tid=671412 ompt_id=8162774324609025 tipo=ompt_thread_worker     last_cpu= 95 numa=1 mig=0 fallos=0 perf=full ipc=0.295 ratio_rm=0.0001
[OMPT] tid=671413 ompt_id=8444249301319681 tipo=ompt_thread_worker     last_cpu=215 numa=1 mig=0 fallos=0 perf=full ipc=0.280 ratio_rm=0.0001
[OMPT] tid=671414 ompt_id=8725724278030337 tipo=ompt_thread_worker     last_cpu=222 numa=1 mig=0 fallos=0 perf=full ipc=0.289 ratio_rm=0.0000
[OMPT] tid=671415 ompt_id=9007199254740993 tipo=ompt_thread_worker     last_cpu= 90 numa=1 mig=0 fallos=0 perf=full ipc=0.287 ratio_rm=0.0001
[OMPT] tid=671416 ompt_id=9288674231451649 tipo=ompt_thread_worker     last_cpu=120 numa=1 mig=0 fallos=0 perf=full ipc=0.280 ratio_rm=0.0001
[OMPT] tid=671417 ompt_id=9570149208162305 tipo=ompt_thread_worker     last_cpu=216 numa=1 mig=0 fallos=0 perf=full ipc=0.292 ratio_rm=0.0001
[OMPT] tid=671418 ompt_id=9851624184872961 tipo=ompt_thread_worker     last_cpu= 82 numa=1 mig=0 fallos=0 perf=full ipc=0.278 ratio_rm=0.0001
[OMPT] tid=671419 ompt_id=10133099161583617 tipo=ompt_thread_worker     last_cpu= 88 numa=1 mig=0 fallos=0 perf=full ipc=0.292 ratio_rm=0.0001
[OMPT] tid=671537 ompt_id=43347146413441025 tipo=ompt_thread_worker     last_cpu= 42 numa=0 mig=0 fallos=0 perf=full ipc=0.031 ratio_rm=0.6324
[OMPT] tid=671557 ompt_id=48976645947654145 tipo=ompt_thread_worker     last_cpu= 35 numa=0 mig=0 fallos=0 perf=full ipc=0.028 ratio_rm=0.6376
[OMPT] tid=671491 ompt_id=30399297484750849 tipo=ompt_thread_worker     last_cpu=212 numa=1 mig=0 fallos=0 perf=full ipc=0.284 ratio_rm=0.0001
[OMPT] tid=671585 ompt_id=56857945295552513 tipo=ompt_thread_worker     last_cpu= 38 numa=0 mig=0 fallos=0 perf=full ipc=0.029 ratio_rm=0.6377
[OMPT] tid=671459 ompt_id=21392098230009857 tipo=ompt_thread_worker     last_cpu=174 numa=0 mig=0 fallos=0 perf=full ipc=0.030 ratio_rm=0.6327
[OMPT] tid=671475 ompt_id=25895697857380353 tipo=ompt_thread_worker     last_cpu= 48 numa=0 mig=0 fallos=0 perf=full ipc=0.032 ratio_rm=0.6261
[OMPT] tid=671605 ompt_id=62487444829765633 tipo=ompt_thread_worker     last_cpu= 43 numa=0 mig=0 fallos=0 perf=full ipc=0.032 ratio_rm=0.6327
[OMPT] tid=671443 ompt_id=16888498602639361 tipo=ompt_thread_worker     last_cpu=151 numa=0 mig=0 fallos=0 perf=full ipc=0.022 ratio_rm=0.6379
[OMPT] tid=671573 ompt_id=53480245575024641 tipo=ompt_thread_worker     last_cpu= 39 numa=0 mig=0 fallos=0 perf=full ipc=0.029 ratio_rm=0.6375
[OMPT] tid=671507 ompt_id=34902897112121345 tipo=ompt_thread_worker     last_cpu=218 numa=1 mig=0 fallos=0 perf=full ipc=0.289 ratio_rm=0.0001
[OMPT] tid=671470 ompt_id=24488322973827073 tipo=ompt_thread_worker     last_cpu= 57 numa=0 mig=0 fallos=0 perf=full ipc=0.031 ratio_rm=0.6278
[OMPT] tid=671506 ompt_id=34621422135410689 tipo=ompt_thread_worker     last_cpu= 41 numa=0 mig=0 fallos=0 perf=full ipc=0.032 ratio_rm=0.6329
[OMPT] tid=671434 ompt_id=14355223812243457 tipo=ompt_thread_worker     last_cpu=143 numa=0 mig=0 fallos=0 perf=full ipc=0.034 ratio_rm=0.6272
[OMPT] tid=671608 ompt_id=63613344736608257 tipo=ompt_thread_worker     last_cpu= 15 numa=0 mig=0 fallos=0 perf=full ipc=0.035 ratio_rm=0.6273
[OMPT] tid=671431 ompt_id=13510798882111489 tipo=ompt_thread_worker     last_cpu= 32 numa=0 mig=0 fallos=0 perf=full ipc=0.030 ratio_rm=0.6377
[OMPT] tid=671466 ompt_id=23362423066984449 tipo=ompt_thread_worker     last_cpu=141 numa=0 mig=0 fallos=0 perf=full ipc=0.034 ratio_rm=0.6275
[OMPT] tid=671542 ompt_id=44754521296994305 tipo=ompt_thread_worker     last_cpu=138 numa=0 mig=0 fallos=0 perf=full ipc=0.034 ratio_rm=0.6271
[OMPT] tid=671559 ompt_id=49539595901075457 tipo=ompt_thread_worker     last_cpu=103 numa=1 mig=0 fallos=0 perf=full ipc=0.272 ratio_rm=0.0001
[OMPT] tid=671427 ompt_id=12384898975268865 tipo=ompt_thread_worker     last_cpu=231 numa=1 mig=0 fallos=0 perf=full ipc=0.271 ratio_rm=0.0001
[OMPT] tid=671515 ompt_id=37154696925806593 tipo=ompt_thread_worker     last_cpu=253 numa=1 mig=0 fallos=0 perf=full ipc=0.277 ratio_rm=0.0001
[OMPT] tid=671578 ompt_id=54887620458577921 tipo=ompt_thread_worker     last_cpu=125 numa=1 mig=0 fallos=0 perf=full ipc=0.280 ratio_rm=0.0001
[OMPT] tid=671499 ompt_id=32651097298436097 tipo=ompt_thread_worker     last_cpu=252 numa=1 mig=0 fallos=0 perf=full ipc=0.277 ratio_rm=0.0001
[OMPT] tid=671627 ompt_id=68679894317400065 tipo=ompt_thread_worker     last_cpu=122 numa=1 mig=0 fallos=0 perf=full ipc=0.279 ratio_rm=0.0001
[OMPT] tid=671555 ompt_id=48413695994232833 tipo=ompt_thread_worker     last_cpu= 68 numa=1 mig=0 fallos=0 perf=full ipc=0.270 ratio_rm=0.0001
[OMPT] tid=671421 ompt_id=10696049115004929 tipo=ompt_thread_worker     last_cpu= 71 numa=1 mig=0 fallos=0 perf=full ipc=0.269 ratio_rm=0.0001
[OMPT] tid=671558 ompt_id=49258120924364801 tipo=ompt_thread_worker     last_cpu=113 numa=1 mig=0 fallos=0 perf=full ipc=0.280 ratio_rm=0.0001
[OMPT] tid=671430 ompt_id=13229323905400833 tipo=ompt_thread_worker     last_cpu= 23 numa=0 mig=0 fallos=0 perf=full ipc=0.022 ratio_rm=0.6378
[OMPT] tid=671636 ompt_id=71213169107795969 tipo=ompt_thread_worker     last_cpu=146 numa=0 mig=0 fallos=0 perf=full ipc=0.024 ratio_rm=0.6379
[OMPT] tid=671432 ompt_id=13792273858822145 tipo=ompt_thread_worker     last_cpu=175 numa=0 mig=0 fallos=0 perf=full ipc=0.031 ratio_rm=0.6328
[OMPT] tid=671560 ompt_id=49821070877786113 tipo=ompt_thread_worker     last_cpu= 47 numa=0 mig=0 fallos=0 perf=full ipc=0.033 ratio_rm=0.6323
[OMPT] tid=671634 ompt_id=70650219154374657 tipo=ompt_thread_worker     last_cpu=  9 numa=0 mig=0 fallos=0 perf=full ipc=0.037 ratio_rm=0.6273
[OMPT] tid=671536 ompt_id=43065671436730369 tipo=ompt_thread_worker     last_cpu=168 numa=0 mig=0 fallos=0 perf=full ipc=0.033 ratio_rm=0.6317
[OMPT] tid=671442 ompt_id=16607023625928705 tipo=ompt_thread_worker     last_cpu= 40 numa=0 mig=0 fallos=0 perf=full ipc=0.034 ratio_rm=0.6321
[OMPT] tid=671574 ompt_id=53761720551735297 tipo=ompt_thread_worker     last_cpu= 46 numa=0 mig=0 fallos=0 perf=full ipc=0.032 ratio_rm=0.6331
[OMPT] tid=671456 ompt_id=20547673299877889 tipo=ompt_thread_worker     last_cpu=173 numa=0 mig=0 fallos=0 perf=full ipc=0.030 ratio_rm=0.6327
[OMPT] tid=671582 ompt_id=56013520365420545 tipo=ompt_thread_worker     last_cpu=  6 numa=0 mig=0 fallos=0 perf=full ipc=0.034 ratio_rm=0.6279
[OMPT] tid=671510 ompt_id=35747322042253313 tipo=ompt_thread_worker     last_cpu=133 numa=0 mig=0 fallos=0 perf=full ipc=0.032 ratio_rm=0.6285
[OMPT] tid=671548 ompt_id=46443371157258241 tipo=ompt_thread_worker     last_cpu=  4 numa=0 mig=0 fallos=0 perf=full ipc=0.033 ratio_rm=0.6277
[OMPT] tid=671463 ompt_id=22517998136852481 tipo=ompt_thread_worker     last_cpu=229 numa=1 mig=0 fallos=0 perf=full ipc=0.266 ratio_rm=0.0001
[OMPT] tid=671581 ompt_id=55732045388709889 tipo=ompt_thread_worker     last_cpu=101 numa=1 mig=0 fallos=0 perf=full ipc=0.267 ratio_rm=0.0001
[OMPT] tid=671495 ompt_id=31525197391593473 tipo=ompt_thread_worker     last_cpu=227 numa=1 mig=0 fallos=0 perf=full ipc=0.272 ratio_rm=0.0001
[OMPT] tid=671522 ompt_id=39125021762781185 tipo=ompt_thread_worker     last_cpu=177 numa=0 mig=0 fallos=0 perf=full ipc=0.032 ratio_rm=0.6270
[OMPT] tid=671508 ompt_id=35184372088832001 tipo=ompt_thread_worker     last_cpu=178 numa=0 mig=0 fallos=0 perf=full ipc=0.032 ratio_rm=0.6266
[OMPT] tid=671590 ompt_id=58265320179105793 tipo=ompt_thread_worker     last_cpu= 53 numa=0 mig=0 fallos=0 perf=full ipc=0.032 ratio_rm=0.6267
[OMPT] tid=671460 ompt_id=21673573206720513 tipo=ompt_thread_worker     last_cpu=181 numa=0 mig=0 fallos=0 perf=full ipc=0.031 ratio_rm=0.6271
[OMPT] tid=671609 ompt_id=63331869759897601 tipo=ompt_thread_worker     last_cpu= 78 numa=1 mig=0 fallos=0 perf=full ipc=0.269 ratio_rm=0.0001
[OMPT] tid=671497 ompt_id=32088147345014785 tipo=ompt_thread_worker     last_cpu=201 numa=1 mig=0 fallos=0 perf=full ipc=0.265 ratio_rm=0.0001
[OMPT] tid=671592 ompt_id=58546795155816449 tipo=ompt_thread_worker     last_cpu= 72 numa=1 mig=0 fallos=0 perf=full ipc=0.269 ratio_rm=0.0001
[OMPT] tid=671488 ompt_id=29554872554618881 tipo=ompt_thread_worker     last_cpu=211 numa=1 mig=0 fallos=0 perf=full ipc=0.283 ratio_rm=0.0001
[OMPT] tid=671501 ompt_id=33214047251857409 tipo=ompt_thread_worker     last_cpu=210 numa=1 mig=0 fallos=0 perf=full ipc=0.277 ratio_rm=0.0001
[OMPT] tid=671473 ompt_id=25332747903959041 tipo=ompt_thread_worker     last_cpu= 50 numa=0 mig=0 fallos=0 perf=full ipc=0.031 ratio_rm=0.6263
[OMPT] tid=671569 ompt_id=52354345668182017 tipo=ompt_thread_worker     last_cpu= 80 numa=1 mig=0 fallos=0 perf=full ipc=0.278 ratio_rm=0.0001
[OMPT] tid=671621 ompt_id=66991044457136129 tipo=ompt_thread_worker     last_cpu= 84 numa=1 mig=0 fallos=0 perf=full ipc=0.286 ratio_rm=0.0001
[OMPT] tid=671567 ompt_id=51791395714760705 tipo=ompt_thread_worker     last_cpu=102 numa=1 mig=0 fallos=0 perf=full ipc=0.272 ratio_rm=0.0001
[OMPT] tid=671482 ompt_id=27866022694354945 tipo=ompt_thread_worker     last_cpu=171 numa=0 mig=0 fallos=0 perf=full ipc=0.031 ratio_rm=0.6329
[OMPT] tid=671586 ompt_id=57139420272263169 tipo=ompt_thread_worker     last_cpu= 45 numa=0 mig=0 fallos=0 perf=full ipc=0.033 ratio_rm=0.6326
[OMPT] tid=671629 ompt_id=69242844270821377 tipo=ompt_thread_worker     last_cpu= 83 numa=1 mig=0 fallos=0 perf=full ipc=0.284 ratio_rm=0.0001
[OMPT] tid=671471 ompt_id=24769797950537729 tipo=ompt_thread_worker     last_cpu=236 numa=1 mig=0 fallos=0 perf=full ipc=0.269 ratio_rm=0.0001
[OMPT] tid=671591 ompt_id=58828270132527105 tipo=ompt_thread_worker     last_cpu=105 numa=1 mig=0 fallos=0 perf=full ipc=0.271 ratio_rm=0.0001
[OMPT] tid=671457 ompt_id=20829148276588545 tipo=ompt_thread_worker     last_cpu=237 numa=1 mig=0 fallos=0 perf=full ipc=0.269 ratio_rm=0.0001
[OMPT] tid=671551 ompt_id=47287796087390209 tipo=ompt_thread_worker     last_cpu=109 numa=1 mig=0 fallos=0 perf=full ipc=0.269 ratio_rm=0.0001
[OMPT] tid=671505 ompt_id=34339947158700033 tipo=ompt_thread_worker     last_cpu=233 numa=1 mig=0 fallos=0 perf=full ipc=0.269 ratio_rm=0.0001
[OMPT] tid=671602 ompt_id=61361544922923009 tipo=ompt_thread_worker     last_cpu=104 numa=1 mig=0 fallos=0 perf=full ipc=0.273 ratio_rm=0.0001
[OMPT] tid=671487 ompt_id=29273397577908225 tipo=ompt_thread_worker     last_cpu=235 numa=1 mig=0 fallos=0 perf=full ipc=0.265 ratio_rm=0.0001
[OMPT] tid=671635 ompt_id=70931694131085313 tipo=ompt_thread_worker     last_cpu=110 numa=1 mig=0 fallos=0 perf=full ipc=0.268 ratio_rm=0.0001
[OMPT] tid=671423 ompt_id=11258999068426241 tipo=ompt_thread_worker     last_cpu=239 numa=1 mig=0 fallos=0 perf=full ipc=0.269 ratio_rm=0.0001
[OMPT] tid=671571 ompt_id=52917295621603329 tipo=ompt_thread_worker     last_cpu=106 numa=1 mig=0 fallos=0 perf=full ipc=0.274 ratio_rm=0.0001
[OMPT] tid=671539 ompt_id=43910096366862337 tipo=ompt_thread_worker     last_cpu=232 numa=1 mig=0 fallos=0 perf=full ipc=0.272 ratio_rm=0.0001
[OMPT] tid=671523 ompt_id=39406496739491841 tipo=ompt_thread_worker     last_cpu=234 numa=1 mig=0 fallos=0 perf=full ipc=0.272 ratio_rm=0.0001
[OMPT] tid=671441 ompt_id=16325548649218049 tipo=ompt_thread_worker     last_cpu=238 numa=1 mig=0 fallos=0 perf=full ipc=0.267 ratio_rm=0.0001
[OMPT] tid=671623 ompt_id=67553994410557441 tipo=ompt_thread_worker     last_cpu=111 numa=1 mig=0 fallos=0 perf=full ipc=0.271 ratio_rm=0.0001
[OMPT] tid=671519 ompt_id=38280596832649217 tipo=ompt_thread_worker     last_cpu=209 numa=1 mig=0 fallos=0 perf=full ipc=0.280 ratio_rm=0.0001
[OMPT] tid=671587 ompt_id=57420895248973825 tipo=ompt_thread_worker     last_cpu= 87 numa=1 mig=0 fallos=0 perf=full ipc=0.282 ratio_rm=0.0001
[OMPT] tid=671453 ompt_id=19703248369745921 tipo=ompt_thread_worker     last_cpu=213 numa=1 mig=0 fallos=0 perf=full ipc=0.277 ratio_rm=0.0001
[OMPT] tid=671553 ompt_id=47850746040811521 tipo=ompt_thread_worker     last_cpu= 85 numa=1 mig=0 fallos=0 perf=full ipc=0.279 ratio_rm=0.0001
[OMPT] tid=671533 ompt_id=42221246506598401 tipo=ompt_thread_worker     last_cpu=208 numa=1 mig=0 fallos=0 perf=full ipc=0.278 ratio_rm=0.0001
[OMPT] tid=671439 ompt_id=15762598695796737 tipo=ompt_thread_worker     last_cpu=214 numa=1 mig=0 fallos=0 perf=full ipc=0.284 ratio_rm=0.0001
[OMPT] tid=671607 ompt_id=63050394783186945 tipo=ompt_thread_worker     last_cpu= 86 numa=1 mig=0 fallos=0 perf=full ipc=0.284 ratio_rm=0.0001
[OMPT] tid=671461 ompt_id=21955048183431169 tipo=ompt_thread_worker     last_cpu=241 numa=1 mig=0 fallos=0 perf=full ipc=0.277 ratio_rm=0.0001
[OMPT] tid=671583 ompt_id=56294995342131201 tipo=ompt_thread_worker     last_cpu=117 numa=1 mig=0 fallos=0 perf=full ipc=0.288 ratio_rm=0.0001
[OMPT] tid=671479 ompt_id=27021597764222977 tipo=ompt_thread_worker     last_cpu=242 numa=1 mig=0 fallos=0 perf=full ipc=0.281 ratio_rm=0.0001
[OMPT] tid=671549 ompt_id=46724846133968897 tipo=ompt_thread_worker     last_cpu=246 numa=1 mig=0 fallos=0 perf=full ipc=0.288 ratio_rm=0.0001
[OMPT] tid=671447 ompt_id=18014398509481985 tipo=ompt_thread_worker     last_cpu=240 numa=1 mig=0 fallos=0 perf=full ipc=0.282 ratio_rm=0.0001
[OMPT] tid=671633 ompt_id=70368744177664001 tipo=ompt_thread_worker     last_cpu=114 numa=1 mig=0 fallos=0 perf=full ipc=0.284 ratio_rm=0.0001
[OMPT] tid=671525 ompt_id=39969446692913153 tipo=ompt_thread_worker     last_cpu=245 numa=1 mig=0 fallos=0 perf=full ipc=0.286 ratio_rm=0.0001
[OMPT] tid=671521 ompt_id=38843546786070529 tipo=ompt_thread_worker     last_cpu=193 numa=1 mig=0 fallos=0 perf=full ipc=0.264 ratio_rm=0.0001
[OMPT] tid=671535 ompt_id=42784196460019713 tipo=ompt_thread_worker     last_cpu=192 numa=1 mig=0 fallos=0 perf=full ipc=0.265 ratio_rm=0.0001
[OMPT] tid=671534 ompt_id=42502721483309057 tipo=ompt_thread_worker     last_cpu=176 numa=0 mig=0 fallos=0 perf=full ipc=0.034 ratio_rm=0.6256
[OMPT] tid=671638 ompt_id=71776119061217281 tipo=ompt_thread_worker     last_cpu= 19 numa=0 mig=0 fallos=0 perf=full ipc=0.024 ratio_rm=0.6385
[OMPT] tid=671484 ompt_id=28428972647776257 tipo=ompt_thread_worker     last_cpu=179 numa=0 mig=0 fallos=0 perf=full ipc=0.031 ratio_rm=0.6266
[OMPT] tid=671444 ompt_id=17169973579350017 tipo=ompt_thread_worker     last_cpu=182 numa=0 mig=0 fallos=0 perf=full ipc=0.031 ratio_rm=0.6274
[OMPT] tid=671562 ompt_id=50384020831207425 tipo=ompt_thread_worker     last_cpu= 55 numa=0 mig=0 fallos=0 perf=full ipc=0.032 ratio_rm=0.6267
[OMPT] tid=671603 ompt_id=61643019899633665 tipo=ompt_thread_worker     last_cpu= 52 numa=0 mig=0 fallos=0 perf=full ipc=0.033 ratio_rm=0.6268
[OMPT] tid=671472 ompt_id=25051272927248385 tipo=ompt_thread_worker     last_cpu=180 numa=0 mig=0 fallos=0 perf=full ipc=0.032 ratio_rm=0.6254
[OMPT] tid=671619 ompt_id=66428094503714817 tipo=ompt_thread_worker     last_cpu= 91 numa=1 mig=0 fallos=0 perf=full ipc=0.292 ratio_rm=0.0001
[OMPT] tid=671425 ompt_id=11821949021847553 tipo=ompt_thread_worker     last_cpu=223 numa=1 mig=0 fallos=0 perf=full ipc=0.295 ratio_rm=0.0001
[OMPT] tid=671637 ompt_id=71494644084506625 tipo=ompt_thread_worker     last_cpu= 89 numa=1 mig=0 fallos=0 perf=full ipc=0.289 ratio_rm=0.0001
[OMPT] tid=671517 ompt_id=37717646879227905 tipo=ompt_thread_worker     last_cpu=217 numa=1 mig=0 fallos=0 perf=full ipc=0.287 ratio_rm=0.0001
[OMPT] tid=671518 ompt_id=37999121855938561 tipo=ompt_thread_worker     last_cpu=185 numa=0 mig=0 fallos=0 perf=full ipc=0.031 ratio_rm=0.6284
[OMPT] tid=671579 ompt_id=55169095435288577 tipo=ompt_thread_worker     last_cpu= 62 numa=0 mig=0 fallos=0 perf=full ipc=0.033 ratio_rm=0.6281
[OMPT] tid=671513 ompt_id=36591746972385281 tipo=ompt_thread_worker     last_cpu=202 numa=1 mig=0 fallos=0 perf=full ipc=0.263 ratio_rm=0.0001
[OMPT] tid=671577 ompt_id=54606145481867265 tipo=ompt_thread_worker     last_cpu= 73 numa=1 mig=0 fallos=0 perf=full ipc=0.267 ratio_rm=0.0001
[OMPT] tid=671465 ompt_id=23080948090273793 tipo=ompt_thread_worker     last_cpu=204 numa=1 mig=0 fallos=0 perf=full ipc=0.270 ratio_rm=0.0001
[OMPT] tid=671429 ompt_id=12947848928690177 tipo=ompt_thread_worker     last_cpu=118 numa=1 mig=0 fallos=0 perf=full ipc=0.288 ratio_rm=0.0001
[OMPT] tid=671599 ompt_id=60798594969501697 tipo=ompt_thread_worker     last_cpu=116 numa=1 mig=0 fallos=0 perf=full ipc=0.279 ratio_rm=0.0001
[OMPT] tid=671511 ompt_id=36028797018963969 tipo=ompt_thread_worker     last_cpu=244 numa=1 mig=0 fallos=0 perf=full ipc=0.275 ratio_rm=0.0001
[OMPT] tid=671541 ompt_id=44473046320283649 tipo=ompt_thread_worker     last_cpu=247 numa=1 mig=0 fallos=0 perf=full ipc=0.290 ratio_rm=0.0001
[OMPT] tid=671565 ompt_id=51228445761339393 tipo=ompt_thread_worker     last_cpu=119 numa=1 mig=0 fallos=0 perf=full ipc=0.294 ratio_rm=0.0001
[OMPT] tid=671493 ompt_id=30962247438172161 tipo=ompt_thread_worker     last_cpu=243 numa=1 mig=0 fallos=0 perf=full ipc=0.291 ratio_rm=0.0001
[OMPT] tid=671615 ompt_id=65302194596872193 tipo=ompt_thread_worker     last_cpu=115 numa=1 mig=0 fallos=0 perf=full ipc=0.293 ratio_rm=0.0001
[OMPT] tid=671617 ompt_id=65865144550293505 tipo=ompt_thread_worker     last_cpu= 51 numa=0 mig=0 fallos=0 perf=full ipc=0.032 ratio_rm=0.6271
[OMPT] tid=671454 ompt_id=19984723346456577 tipo=ompt_thread_worker     last_cpu=189 numa=0 mig=0 fallos=0 perf=full ipc=0.031 ratio_rm=0.6281
[OMPT] tid=671580 ompt_id=55450570411999233 tipo=ompt_thread_worker     last_cpu= 10 numa=0 mig=0 fallos=0 perf=full ipc=0.035 ratio_rm=0.6271
[OMPT] tid=671480 ompt_id=27303072740933633 tipo=ompt_thread_worker     last_cpu= 17 numa=0 mig=0 fallos=0 perf=full ipc=0.023 ratio_rm=0.6379
[OMPT] tid=671502 ompt_id=33495522228568065 tipo=ompt_thread_worker     last_cpu= 18 numa=0 mig=0 fallos=0 perf=full ipc=0.023 ratio_rm=0.6375
[OMPT] tid=671520 ompt_id=38562071809359873 tipo=ompt_thread_worker     last_cpu=145 numa=0 mig=0 fallos=0 perf=full ipc=0.022 ratio_rm=0.6380
[OMPT] tid=671448 ompt_id=18295873486192641 tipo=ompt_thread_worker     last_cpu=152 numa=0 mig=0 fallos=0 perf=full ipc=0.028 ratio_rm=0.6327
[OMPT] tid=671546 ompt_id=45880421203836929 tipo=ompt_thread_worker     last_cpu=158 numa=0 mig=0 fallos=0 perf=full ipc=0.027 ratio_rm=0.6332
[OMPT] tid=671509 ompt_id=35465847065542657 tipo=ompt_thread_worker     last_cpu=226 numa=1 mig=0 fallos=0 perf=full ipc=0.267 ratio_rm=0.0001
[OMPT] tid=671589 ompt_id=57983845202395137 tipo=ompt_thread_worker     last_cpu= 69 numa=1 mig=0 fallos=0 perf=full ipc=0.273 ratio_rm=0.0001
[OMPT] tid=671575 ompt_id=54043195528445953 tipo=ompt_thread_worker     last_cpu= 70 numa=1 mig=0 fallos=0 perf=full ipc=0.269 ratio_rm=0.0001
[OMPT] tid=671455 ompt_id=20266198323167233 tipo=ompt_thread_worker     last_cpu=197 numa=1 mig=0 fallos=0 perf=full ipc=0.272 ratio_rm=0.0001
[OMPT] tid=671469 ompt_id=24206847997116417 tipo=ompt_thread_worker     last_cpu=195 numa=1 mig=0 fallos=0 perf=full ipc=0.263 ratio_rm=0.0001
[OMPT] tid=671503 ompt_id=33776997205278721 tipo=ompt_thread_worker     last_cpu=194 numa=1 mig=0 fallos=0 perf=full ipc=0.264 ratio_rm=0.0001
[OMPT] tid=671601 ompt_id=61924494876344321 tipo=ompt_thread_worker     last_cpu=199 numa=1 mig=0 fallos=0 perf=full ipc=0.268 ratio_rm=0.0001
[OMPT] tid=671616 ompt_id=65583669573582849 tipo=ompt_thread_worker     last_cpu= 67 numa=1 mig=0 fallos=0 perf=full ipc=0.265 ratio_rm=0.0001
[OMPT] tid=671639 ompt_id=72057594037927937 tipo=ompt_thread_worker     last_cpu= 66 numa=1 mig=0 fallos=0 perf=full ipc=0.265 ratio_rm=0.0001
[OMPT] tid=671437 ompt_id=15199648742375425 tipo=ompt_thread_worker     last_cpu=198 numa=1 mig=0 fallos=0 perf=full ipc=0.268 ratio_rm=0.0001
[OMPT] tid=671485 ompt_id=28710447624486913 tipo=ompt_thread_worker     last_cpu=196 numa=1 mig=0 fallos=0 perf=full ipc=0.267 ratio_rm=0.0001
[OMPT] tid=671433 ompt_id=14073748835532801 tipo=ompt_thread_worker     last_cpu=183 numa=0 mig=0 fallos=0 perf=full ipc=0.031 ratio_rm=0.6263
[OMPT] tid=671622 ompt_id=67272519433846785 tipo=ompt_thread_worker     last_cpu= 28 numa=0 mig=0 fallos=0 perf=full ipc=0.028 ratio_rm=0.6327
[OMPT] tid=671514 ompt_id=36873221949095937 tipo=ompt_thread_worker     last_cpu=156 numa=0 mig=0 fallos=0 perf=full ipc=0.026 ratio_rm=0.6325
[OMPT] tid=671613 ompt_id=64739244643450881 tipo=ompt_thread_worker     last_cpu= 98 numa=1 mig=0 fallos=0 perf=full ipc=0.269 ratio_rm=0.0001
[OMPT] tid=671570 ompt_id=52635820644892673 tipo=ompt_thread_worker     last_cpu= 54 numa=0 mig=0 fallos=0 perf=full ipc=0.033 ratio_rm=0.6269
[OMPT] tid=671492 ompt_id=30680772461461505 tipo=ompt_thread_worker     last_cpu=187 numa=0 mig=0 fallos=0 perf=full ipc=0.032 ratio_rm=0.6284
[OMPT] tid=671630 ompt_id=69524319247532033 tipo=ompt_thread_worker     last_cpu= 59 numa=0 mig=0 fallos=0 perf=full ipc=0.033 ratio_rm=0.6285
[OMPT] tid=671594 ompt_id=59672695062659073 tipo=ompt_thread_worker     last_cpu= 60 numa=0 mig=0 fallos=0 perf=full ipc=0.034 ratio_rm=0.6280
[OMPT] tid=671528 ompt_id=40813871623045121 tipo=ompt_thread_worker     last_cpu=139 numa=0 mig=0 fallos=0 perf=full ipc=0.034 ratio_rm=0.6267
[OMPT] tid=671550 ompt_id=47006321110679553 tipo=ompt_thread_worker     last_cpu= 63 numa=0 mig=0 fallos=0 perf=full ipc=0.030 ratio_rm=0.6281
[OMPT] tid=671422 ompt_id=10977524091715585 tipo=ompt_thread_worker     last_cpu=191 numa=0 mig=0 fallos=0 perf=full ipc=0.030 ratio_rm=0.6283
[OMPT] tid=671500 ompt_id=32932572275146753 tipo=ompt_thread_worker     last_cpu=186 numa=0 mig=0 fallos=0 perf=full ipc=0.031 ratio_rm=0.6280
[OMPT] tid=671451 ompt_id=19140298416324609 tipo=ompt_thread_worker     last_cpu=249 numa=1 mig=0 fallos=0 perf=full ipc=0.279 ratio_rm=0.0001
[OMPT] tid=671628 ompt_id=68961369294110721 tipo=ompt_thread_worker     last_cpu=129 numa=0 mig=0 fallos=0 perf=full ipc=0.033 ratio_rm=0.6281
[OMPT] tid=671446 ompt_id=17732923532771329 tipo=ompt_thread_worker     last_cpu=135 numa=0 mig=0 fallos=0 perf=full ipc=0.032 ratio_rm=0.6272
[OMPT] tid=671420 ompt_id=10414574138294273 tipo=ompt_thread_worker     last_cpu=170 numa=0 mig=0 fallos=0 perf=full ipc=0.030 ratio_rm=0.6330
[OMPT] tid=671604 ompt_id=62205969853054977 tipo=ompt_thread_worker     last_cpu= 44 numa=0 mig=0 fallos=0 perf=full ipc=0.032 ratio_rm=0.6211
[OMPT] tid=671498 ompt_id=32369622321725441 tipo=ompt_thread_worker     last_cpu=155 numa=0 mig=0 fallos=0 perf=full ipc=0.027 ratio_rm=0.6323
[OMPT] tid=671632 ompt_id=70087269200953345 tipo=ompt_thread_worker     last_cpu=137 numa=0 mig=0 fallos=0 perf=full ipc=0.037 ratio_rm=0.6271
[OMPT] tid=671504 ompt_id=34058472181989377 tipo=ompt_thread_worker     last_cpu=163 numa=0 mig=0 fallos=0 perf=full ipc=0.027 ratio_rm=0.6372
[OMPT] tid=671568 ompt_id=52072870691471361 tipo=ompt_thread_worker     last_cpu= 22 numa=0 mig=0 fallos=0 perf=full ipc=0.026 ratio_rm=0.6373
[OMPT] tid=671538 ompt_id=43628621390151681 tipo=ompt_thread_worker     last_cpu=144 numa=0 mig=0 fallos=0 perf=full ipc=0.025 ratio_rm=0.6374
[OMPT] tid=671494 ompt_id=31243722414882817 tipo=ompt_thread_worker     last_cpu=147 numa=0 mig=0 fallos=0 perf=full ipc=0.023 ratio_rm=0.6378
[OMPT] tid=671600 ompt_id=61080069946212353 tipo=ompt_thread_worker     last_cpu= 20 numa=0 mig=0 fallos=0 perf=full ipc=0.024 ratio_rm=0.6380
[OMPT] tid=671561 ompt_id=50102545854496769 tipo=ompt_thread_worker     last_cpu= 74 numa=1 mig=0 fallos=0 perf=full ipc=0.264 ratio_rm=0.0001
[OMPT] tid=671529 ompt_id=41095346599755777 tipo=ompt_thread_worker     last_cpu=200 numa=1 mig=0 fallos=0 perf=full ipc=0.268 ratio_rm=0.0001
[OMPT] tid=671545 ompt_id=45598946227126273 tipo=ompt_thread_worker     last_cpu= 79 numa=1 mig=0 fallos=0 perf=full ipc=0.264 ratio_rm=0.0001
[OMPT] tid=671449 ompt_id=18577348462903297 tipo=ompt_thread_worker     last_cpu=205 numa=1 mig=0 fallos=0 perf=full ipc=0.266 ratio_rm=0.0001
[OMPT] tid=671625 ompt_id=68116944363978753 tipo=ompt_thread_worker     last_cpu= 77 numa=1 mig=0 fallos=0 perf=full ipc=0.269 ratio_rm=0.0001
[OMPT] tid=671481 ompt_id=27584547717644289 tipo=ompt_thread_worker     last_cpu=203 numa=1 mig=0 fallos=0 perf=full ipc=0.271 ratio_rm=0.0001
[OMPT] tid=671467 ompt_id=23643898043695105 tipo=ompt_thread_worker     last_cpu=250 numa=1 mig=0 fallos=0 perf=full ipc=0.279 ratio_rm=0.0001
[OMPT] tid=671563 ompt_id=50665495807918081 tipo=ompt_thread_worker     last_cpu=126 numa=1 mig=0 fallos=0 perf=full ipc=0.283 ratio_rm=0.0001
[OMPT] tid=671543 ompt_id=45035996273704961 tipo=ompt_thread_worker     last_cpu=224 numa=1 mig=0 fallos=0 perf=full ipc=0.268 ratio_rm=0.0001
[OMPT] tid=671440 ompt_id=16044073672507393 tipo=ompt_thread_worker     last_cpu=150 numa=0 mig=0 fallos=0 perf=full ipc=0.023 ratio_rm=0.6380
[OMPT] tid=671618 ompt_id=66146619527004161 tipo=ompt_thread_worker     last_cpu= 65 numa=1 mig=0 fallos=0 perf=full ipc=0.264 ratio_rm=0.0001
[OMPT] tid=671566 ompt_id=51509920738050049 tipo=ompt_thread_worker     last_cpu=136 numa=0 mig=0 fallos=0 perf=full ipc=0.037 ratio_rm=0.6273
[OMPT] tid=671452 ompt_id=19421773393035265 tipo=ompt_thread_worker     last_cpu=  1 numa=0 mig=0 fallos=0 perf=full ipc=0.033 ratio_rm=0.6285
[OMPT] tid=671426 ompt_id=12103423998558209 tipo=ompt_thread_worker     last_cpu=  0 numa=0 mig=0 fallos=0 perf=full ipc=0.032 ratio_rm=0.6272
[OMPT] tid=671612 ompt_id=64457769666740225 tipo=ompt_thread_worker     last_cpu=  2 numa=0 mig=0 fallos=0 perf=full ipc=0.034 ratio_rm=0.6279
[OMPT] tid=671544 ompt_id=45317471250415617 tipo=ompt_thread_worker     last_cpu=132 numa=0 mig=0 fallos=0 perf=full ipc=0.032 ratio_rm=0.6278
[OMPT] tid=671512 ompt_id=36310271995674625 tipo=ompt_thread_worker     last_cpu=140 numa=0 mig=0 fallos=0 perf=full ipc=0.034 ratio_rm=0.6270
[OMPT] tid=671624 ompt_id=67835469387268097 tipo=ompt_thread_worker     last_cpu= 14 numa=0 mig=0 fallos=0 perf=full ipc=0.034 ratio_rm=0.6273
[OMPT] tid=671458 ompt_id=21110623253299201 tipo=ompt_thread_worker     last_cpu=149 numa=0 mig=0 fallos=0 perf=full ipc=0.023 ratio_rm=0.6377
[OMPT] tid=671476 ompt_id=26177172834091009 tipo=ompt_thread_worker     last_cpu=148 numa=0 mig=0 fallos=0 perf=full ipc=0.023 ratio_rm=0.6379
[OMPT] tid=671547 ompt_id=46161896180547585 tipo=ompt_thread_worker     last_cpu=127 numa=1 mig=0 fallos=0 perf=full ipc=0.280 ratio_rm=0.0001
[OMPT] tid=671435 ompt_id=14636698788954113 tipo=ompt_thread_worker     last_cpu=248 numa=1 mig=0 fallos=0 perf=full ipc=0.279 ratio_rm=0.0001
[OMPT] tid=671611 ompt_id=64176294690029569 tipo=ompt_thread_worker     last_cpu=123 numa=1 mig=0 fallos=0 perf=full ipc=0.279 ratio_rm=0.0001
[OMPT] tid=671483 ompt_id=28147497671065601 tipo=ompt_thread_worker     last_cpu=251 numa=1 mig=0 fallos=0 perf=full ipc=0.277 ratio_rm=0.0001
[OMPT] tid=671531 ompt_id=41658296553177089 tipo=ompt_thread_worker     last_cpu=254 numa=1 mig=0 fallos=0 perf=full ipc=0.281 ratio_rm=0.0001
[OMPT] tid=671595 ompt_id=59391220085948417 tipo=ompt_thread_worker     last_cpu=124 numa=1 mig=0 fallos=0 perf=full ipc=0.279 ratio_rm=0.0001
[OMPT] tid=671445 ompt_id=17451448556060673 tipo=ompt_thread_worker     last_cpu=230 numa=1 mig=0 fallos=0 perf=full ipc=0.270 ratio_rm=0.0001
[OMPT] tid=671631 ompt_id=69805794224242689 tipo=ompt_thread_worker     last_cpu= 97 numa=1 mig=0 fallos=0 perf=full ipc=0.272 ratio_rm=0.0001
[OMPT] tid=671477 ompt_id=26458647810801665 tipo=ompt_thread_worker     last_cpu=228 numa=1 mig=0 fallos=0 perf=full ipc=0.271 ratio_rm=0.0001
[OMPT] tid=671597 ompt_id=60235645016080385 tipo=ompt_thread_worker     last_cpu=100 numa=1 mig=0 fallos=0 perf=full ipc=0.272 ratio_rm=0.0001
[OMPT] tid=671527 ompt_id=40532396646334465 tipo=ompt_thread_worker     last_cpu=225 numa=1 mig=0 fallos=0 perf=full ipc=0.270 ratio_rm=0.0001
[OMPT] tid=671424 ompt_id=11540474045136897 tipo=ompt_thread_worker     last_cpu= 31 numa=0 mig=0 fallos=0 perf=full ipc=0.027 ratio_rm=0.6322
[OMPT] tid=671614 ompt_id=65020719620161537 tipo=ompt_thread_worker     last_cpu=130 numa=0 mig=0 fallos=0 perf=full ipc=0.033 ratio_rm=0.6281
[OMPT] tid=671526 ompt_id=40250921669623809 tipo=ompt_thread_worker     last_cpu=169 numa=0 mig=0 fallos=0 perf=full ipc=0.030 ratio_rm=0.6330
[OMPT] tid=671464 ompt_id=22799473113563137 tipo=ompt_thread_worker     last_cpu=153 numa=0 mig=0 fallos=0 perf=full ipc=0.028 ratio_rm=0.6318
[OMPT] tid=671530 ompt_id=41376821576466433 tipo=ompt_thread_worker     last_cpu=157 numa=0 mig=0 fallos=0 perf=full ipc=0.027 ratio_rm=0.6322
[OMPT] tid=671496 ompt_id=31806672368304129 tipo=ompt_thread_worker     last_cpu=134 numa=0 mig=0 fallos=0 perf=full ipc=0.032 ratio_rm=0.6276
[OMPT] tid=671489 ompt_id=29836347531329537 tipo=ompt_thread_worker     last_cpu= 49 numa=0 mig=0 fallos=0 perf=full ipc=0.032 ratio_rm=0.6270
[OMPT] tid=671524 ompt_id=39687971716202497 tipo=ompt_thread_worker     last_cpu=161 numa=0 mig=0 fallos=0 perf=full ipc=0.028 ratio_rm=0.6370
[OMPT] tid=671584 ompt_id=56576470318841857 tipo=ompt_thread_worker     last_cpu= 33 numa=0 mig=0 fallos=0 perf=full ipc=0.030 ratio_rm=0.6372
[OMPT] tid=671556 ompt_id=48695170970943489 tipo=ompt_thread_worker     last_cpu= 34 numa=0 mig=0 fallos=0 perf=full ipc=0.029 ratio_rm=0.6366
[OMPT] tid=671532 ompt_id=41939771529887745 tipo=ompt_thread_worker     last_cpu=184 numa=0 mig=0 fallos=0 perf=full ipc=0.032 ratio_rm=0.6280
[OMPT] tid=671468 ompt_id=23925373020405761 tipo=ompt_thread_worker     last_cpu=188 numa=0 mig=0 fallos=0 perf=full ipc=0.031 ratio_rm=0.6281
[OMPT] tid=671436 ompt_id=14918173765664769 tipo=ompt_thread_worker     last_cpu=190 numa=0 mig=0 fallos=0 perf=full ipc=0.032 ratio_rm=0.6278
[OMPT] tid=671552 ompt_id=47569271064100865 tipo=ompt_thread_worker     last_cpu=159 numa=0 mig=0 fallos=0 perf=full ipc=0.026 ratio_rm=0.6329
[OMPT] tid=671516 ompt_id=37436171902517249 tipo=ompt_thread_worker     last_cpu=  3 numa=0 mig=0 fallos=0 perf=full ipc=0.032 ratio_rm=0.6281
[OMPT] tid=671596 ompt_id=59954170039369729 tipo=ompt_thread_worker     last_cpu=131 numa=0 mig=0 fallos=0 perf=full ipc=0.032 ratio_rm=0.6280
[OMPT] tid=671572 ompt_id=53198770598313985 tipo=ompt_thread_worker     last_cpu= 37 numa=0 mig=0 fallos=0 perf=full ipc=0.029 ratio_rm=0.6367
[OMPT] tid=671486 ompt_id=28991922601197569 tipo=ompt_thread_worker     last_cpu=162 numa=0 mig=0 fallos=0 perf=full ipc=0.027 ratio_rm=0.6372
[OMPT] tid=671620 ompt_id=66709569480425473 tipo=ompt_thread_worker     last_cpu= 36 numa=0 mig=0 fallos=0 perf=full ipc=0.029 ratio_rm=0.6372
[OMPT] tid=671588 ompt_id=57702370225684481 tipo=ompt_thread_worker     last_cpu= 21 numa=0 mig=0 fallos=0 perf=full ipc=0.025 ratio_rm=0.6379
[OMPT] tid=671564 ompt_id=50946970784628737 tipo=ompt_thread_worker     last_cpu=  5 numa=0 mig=0 fallos=0 perf=full ipc=0.033 ratio_rm=0.6285
[OMPT] tid=671450 ompt_id=18858823439613953 tipo=ompt_thread_worker     last_cpu=142 numa=0 mig=0 fallos=0 perf=full ipc=0.033 ratio_rm=0.6270
[OMPT] tid=671554 ompt_id=48132221017522177 tipo=ompt_thread_worker     last_cpu= 13 numa=0 mig=0 fallos=0 perf=full ipc=0.035 ratio_rm=0.6272
[OMPT] tid=671490 ompt_id=30117822508040193 tipo=ompt_thread_worker     last_cpu=107 numa=1 mig=0 fallos=0 perf=full ipc=0.266 ratio_rm=0.0001
[OMPT] tid=671593 ompt_id=59109745109237761 tipo=ompt_thread_worker     last_cpu= 29 numa=0 mig=0 fallos=0 perf=full ipc=0.031 ratio_rm=0.6323
[OMPT] tid=671606 ompt_id=62768919806476289 tipo=ompt_thread_worker     last_cpu= 27 numa=0 mig=0 fallos=0 perf=full ipc=0.029 ratio_rm=0.6324
[OMPT] tid=671540 ompt_id=44191571343572993 tipo=ompt_thread_worker     last_cpu=160 numa=0 mig=0 fallos=0 perf=full ipc=0.028 ratio_rm=0.6374
[OMPT] tid=671598 ompt_id=60517119992791041 tipo=ompt_thread_worker     last_cpu=108 numa=1 mig=0 fallos=0 perf=full ipc=0.269 ratio_rm=0.0002
[OMPT] tid=671474 ompt_id=25614222880669697 tipo=ompt_thread_worker     last_cpu=164 numa=0 mig=0 fallos=0 perf=full ipc=0.029 ratio_rm=0.6376
[OMPT] tid=671438 ompt_id=15481123719086081 tipo=ompt_thread_worker     last_cpu=166 numa=0 mig=0 fallos=0 perf=full ipc=0.027 ratio_rm=0.6373
[OMPT] tid=671462 ompt_id=22236523160141825 tipo=ompt_thread_worker     last_cpu=165 numa=0 mig=0 fallos=0 perf=full ipc=0.028 ratio_rm=0.6375
[OMPT] tid=671576 ompt_id=54324670505156609 tipo=ompt_thread_worker     last_cpu= 30 numa=0 mig=0 fallos=0 perf=full ipc=0.028 ratio_rm=0.6322
[OMPT] tid=671478 ompt_id=26740122787512321 tipo=ompt_thread_worker     last_cpu=154 numa=0 mig=0 fallos=0 perf=full ipc=0.027 ratio_rm=0.6328
[OMPT] tid=671428 ompt_id=12666373951979521 tipo=ompt_thread_worker     last_cpu=167 numa=0 mig=0 fallos=0 perf=full ipc=0.027 ratio_rm=0.6378
[OMPT] tid=671610 ompt_id=63894819713318913 tipo=ompt_thread_worker     last_cpu= 61 numa=0 mig=0 fallos=0 perf=full ipc=0.032 ratio_rm=0.6285
[OMPT] tid=671626 ompt_id=68398419340689409 tipo=ompt_thread_worker     last_cpu= 58 numa=0 mig=0 fallos=0 perf=full ipc=0.033 ratio_rm=0.6287
[OMPT] ===== Overhead intrínseco =====
  monitor: 208 ticks, 1235607.6 us total (max 9512.6 us/tick)
  callbacks implicit_task: 41985, 70705821.6 us total
  migraciones: 0 (0.0 us total)
  resyncs=0  lecturas escaladas por multiplexado=154624
  hilos con perf fallido=0  parcial(ipc_only)=0
  ventanas con ciclos=38144  con fills=38144
