[OMPT] ompt_initialize (OPCIÓN C: integrador con fugas)  verbose=0  migracion=DESACTIVADA
[HWLOC] Nodos NUMA detectados: 2 (usados: 2)
[HWLOC] Nodo 0: 128 CPUs
[HWLOC] Nodo 1: 128 CPUs
[OMPT] callback 'ompt_callback_thread_begin' registrado (result=5)
[OMPT] callback 'ompt_callback_thread_end' registrado (result=5)
[OMPT] callback 'ompt_callback_parallel_begin' registrado (result=5)
[OMPT] callback 'ompt_callback_parallel_end' registrado (result=5)
[OMPT] callback 'ompt_callback_implicit_task' registrado (result=5)
[OMPT] callback 'ompt_callback_control_tool' registrado (result=5)
[OMPT] Callbacks registrados
[OMPT] Sistema: 0 procesadores lógicos
[OMPT][MON] Monitor (C: integrador con fugas)  período=100ms  warmup=5  T=ref+1.00*MAD  leak=0.50*MAD  cap=8.00*MAD  max_mig=1  migracion=DESACTIVADA
[perf_region] tool OMPT detectado: los contadores los lleva el tool, no se abren aqui
[OMPT] control_tool: INICIANDO medicion
[OMPT] control_tool: PAUSANDO medicion
[OMPT] ompt_finalize
[OMPT][MON] Monitor detenido tras 5 ventanas
[OMPT] CSV de ventanas: 32 filas volcadas (0 descartadas)
[OMPT] ===== Tabla final: 32 hilos =====
[OMPT] tid=644629 ompt_id=281474976710657 tipo=ompt_thread_initial    last_cpu=255 numa=1 mig=0 fallos=0 perf=full ipc=0.855 ratio_rm=0.0001
[OMPT] tid=644631 ompt_id=562949953421313 tipo=ompt_thread_worker     last_cpu=122 numa=1 mig=0 fallos=0 perf=full ipc=0.828 ratio_rm=0.0000
[OMPT] tid=644632 ompt_id=844424930131969 tipo=ompt_thread_worker     last_cpu=121 numa=1 mig=0 fallos=0 perf=full ipc=0.797 ratio_rm=0.0000
[OMPT] tid=644633 ompt_id=1125899906842625 tipo=ompt_thread_worker     last_cpu=120 numa=1 mig=0 fallos=0 perf=full ipc=0.825 ratio_rm=0.0000
[OMPT] tid=644634 ompt_id=1407374883553281 tipo=ompt_thread_worker     last_cpu= 16 numa=0 mig=0 fallos=0 perf=full ipc=0.568 ratio_rm=0.0710
[OMPT] tid=644635 ompt_id=1688849860263937 tipo=ompt_thread_worker     last_cpu=  3 numa=0 mig=0 fallos=0 perf=full ipc=0.549 ratio_rm=0.0663
[OMPT] tid=644637 ompt_id=2251799813685249 tipo=ompt_thread_worker     last_cpu=  1 numa=0 mig=0 fallos=0 perf=full ipc=0.550 ratio_rm=0.0628
[OMPT] tid=644638 ompt_id=2533274790395905 tipo=ompt_thread_worker     last_cpu=247 numa=1 mig=0 fallos=0 perf=full ipc=0.817 ratio_rm=0.0000
[OMPT] tid=644641 ompt_id=3377699720527873 tipo=ompt_thread_worker     last_cpu= 80 numa=1 mig=0 fallos=0 perf=full ipc=0.750 ratio_rm=0.0001
[OMPT] tid=644639 ompt_id=2814749767106561 tipo=ompt_thread_worker     last_cpu=  2 numa=0 mig=0 fallos=0 perf=full ipc=0.648 ratio_rm=0.0585
[OMPT] tid=644636 ompt_id=1970324836974593 tipo=ompt_thread_worker     last_cpu=191 numa=0 mig=0 fallos=0 perf=full ipc=0.768 ratio_rm=0.0420
[OMPT] tid=644643 ompt_id=3940649673949185 tipo=ompt_thread_worker     last_cpu=104 numa=1 mig=0 fallos=0 perf=full ipc=0.805 ratio_rm=0.0001
[OMPT] tid=644642 ompt_id=3659174697238529 tipo=ompt_thread_worker     last_cpu=223 numa=1 mig=0 fallos=0 perf=full ipc=0.718 ratio_rm=0.0001
[OMPT] tid=644640 ompt_id=3096224743817217 tipo=ompt_thread_worker     last_cpu=199 numa=1 mig=0 fallos=0 perf=full ipc=0.903 ratio_rm=0.0000
[OMPT] tid=644646 ompt_id=4785074604081153 tipo=ompt_thread_worker     last_cpu=207 numa=1 mig=0 fallos=0 perf=full ipc=0.905 ratio_rm=0.0000
[OMPT] tid=644645 ompt_id=4503599627370497 tipo=ompt_thread_worker     last_cpu=112 numa=1 mig=0 fallos=0 perf=full ipc=0.834 ratio_rm=0.0000
[OMPT] tid=644644 ompt_id=4222124650659841 tipo=ompt_thread_worker     last_cpu= 22 numa=0 mig=0 fallos=0 perf=full ipc=0.580 ratio_rm=0.0660
[OMPT] tid=644647 ompt_id=5066549580791809 tipo=ompt_thread_worker     last_cpu= 56 numa=0 mig=0 fallos=0 perf=full ipc=0.759 ratio_rm=0.0243
[OMPT] tid=644648 ompt_id=5348024557502465 tipo=ompt_thread_worker     last_cpu= 98 numa=1 mig=0 fallos=0 perf=full ipc=0.897 ratio_rm=0.0001
[OMPT] tid=644649 ompt_id=5629499534213121 tipo=ompt_thread_worker     last_cpu= 64 numa=1 mig=0 fallos=0 perf=full ipc=0.934 ratio_rm=0.0000
[OMPT] tid=644650 ompt_id=5910974510923777 tipo=ompt_thread_worker     last_cpu=105 numa=1 mig=0 fallos=0 perf=full ipc=0.775 ratio_rm=0.0000
[OMPT] tid=644651 ompt_id=6192449487634433 tipo=ompt_thread_worker     last_cpu= 76 numa=1 mig=0 fallos=0 perf=full ipc=0.765 ratio_rm=0.0000
[OMPT] tid=644652 ompt_id=6473924464345089 tipo=ompt_thread_worker     last_cpu= 75 numa=1 mig=0 fallos=0 perf=full ipc=0.770 ratio_rm=0.0000
[OMPT] tid=644653 ompt_id=6755399441055745 tipo=ompt_thread_worker     last_cpu= 74 numa=1 mig=0 fallos=0 perf=full ipc=0.799 ratio_rm=0.0000
[OMPT] tid=644654 ompt_id=7036874417766401 tipo=ompt_thread_worker     last_cpu=231 numa=1 mig=0 fallos=0 perf=full ipc=0.805 ratio_rm=0.0000
[OMPT] tid=644655 ompt_id=7318349394477057 tipo=ompt_thread_worker     last_cpu=113 numa=1 mig=0 fallos=0 perf=full ipc=0.942 ratio_rm=0.0001
[OMPT] tid=644656 ompt_id=7599824371187713 tipo=ompt_thread_worker     last_cpu= 65 numa=1 mig=0 fallos=0 perf=full ipc=0.826 ratio_rm=0.0001
[OMPT] tid=644657 ompt_id=7881299347898369 tipo=ompt_thread_worker     last_cpu= 97 numa=1 mig=0 fallos=0 perf=full ipc=0.856 ratio_rm=0.0000
[OMPT] tid=644658 ompt_id=8162774324609025 tipo=ompt_thread_worker     last_cpu=215 numa=1 mig=0 fallos=0 perf=full ipc=0.904 ratio_rm=0.0001
[OMPT] tid=644659 ompt_id=8444249301319681 tipo=ompt_thread_worker     last_cpu= 88 numa=1 mig=0 fallos=0 perf=full ipc=0.942 ratio_rm=0.0001
[OMPT] tid=644660 ompt_id=8725724278030337 tipo=ompt_thread_worker     last_cpu=224 numa=1 mig=0 fallos=0 perf=full ipc=0.908 ratio_rm=0.0001
[OMPT] tid=644661 ompt_id=9007199254740993 tipo=ompt_thread_worker     last_cpu=239 numa=1 mig=0 fallos=0 perf=full ipc=0.940 ratio_rm=0.0001
[OMPT] ===== Overhead intrínseco =====
  monitor: 5 ticks, 737.0 us total (max 362.9 us/tick)
  callbacks implicit_task: 5249, 372047.7 us total
  migraciones: 0 (0.0 us total)
  resyncs=0  lecturas escaladas por multiplexado=384
  hilos con perf fallido=0  parcial(ipc_only)=0
  ventanas con ciclos=32  con fills=32
