[OMPT] ompt_initialize (OPCIÓN C: integrador con fugas)  verbose=0  migracion=activa
[HWLOC] Nodos NUMA detectados: 2 (usados: 2)
[HWLOC] Nodo 0: 128 CPUs
[HWLOC] Nodo 1: 128 CPUs
[OMPT] callback 'ompt_callback_thread_begin' registrado (result=5)
[OMPT] callback 'ompt_callback_thread_end' registrado (result=5)
[OMPT] callback 'ompt_callback_parallel_begin' registrado (result=5)
[OMPT] callback 'ompt_callback_parallel_end' registrado (result=5)
[OMPT] callback 'ompt_callback_implicit_task' registrado (result=5)
[OMPT] callback 'ompt_callback_control_tool' registrado (result=5)
[OMPT] Callbacks registrados
[OMPT] Sistema: 0 procesadores lógicos
[OMPT][MON] Monitor (C: integrador con fugas)  período=100ms  warmup=5  T=ref+1.00*MAD  leak=0.50*MAD  cap=8.00*MAD  max_mig=1  migracion=activa
[perf_region] tool OMPT detectado: los contadores los lleva el tool, no se abren aqui
[OMPT] control_tool: INICIANDO medicion
[OMPT] control_tool: PAUSANDO medicion
[OMPT] ompt_finalize
[OMPT][MON] Monitor detenido tras 223 ventanas
[OMPT] CSV de ventanas: 10235 filas volcadas (0 descartadas)
[OMPT] ===== Tabla final: 64 hilos =====
[OMPT] tid=665412 ompt_id=281474976710657 tipo=ompt_thread_initial    last_cpu=255 numa=1 mig=0 fallos=0 perf=full ipc=0.310 ratio_rm=0.0000
[OMPT] tid=665414 ompt_id=562949953421313 tipo=ompt_thread_worker     last_cpu=104 numa=1 mig=0 fallos=0 perf=full ipc=0.309 ratio_rm=0.0000
[OMPT] tid=665415 ompt_id=844424930131969 tipo=ompt_thread_worker     last_cpu=113 numa=1 mig=0 fallos=0 perf=full ipc=0.315 ratio_rm=0.0000
[OMPT] tid=665416 ompt_id=1125899906842625 tipo=ompt_thread_worker     last_cpu=114 numa=1 mig=0 fallos=0 perf=full ipc=0.314 ratio_rm=0.0000
[OMPT] tid=665417 ompt_id=1407374883553281 tipo=ompt_thread_worker     last_cpu= 25 numa=0 mig=0 fallos=0 perf=full ipc=0.080 ratio_rm=0.6043
[OMPT] tid=665418 ompt_id=1688849860263937 tipo=ompt_thread_worker     last_cpu=  7 numa=0 mig=0 fallos=0 perf=full ipc=0.078 ratio_rm=0.6119
[OMPT] tid=665420 ompt_id=2251799813685249 tipo=ompt_thread_worker     last_cpu= 57 numa=0 mig=0 fallos=0 perf=full ipc=0.080 ratio_rm=0.6103
[OMPT] tid=665421 ompt_id=2533274790395905 tipo=ompt_thread_worker     last_cpu= 26 numa=0 mig=0 fallos=0 perf=full ipc=0.080 ratio_rm=0.6043
[OMPT] tid=665419 ompt_id=1970324836974593 tipo=ompt_thread_worker     last_cpu=  5 numa=0 mig=0 fallos=0 perf=full ipc=0.078 ratio_rm=0.6122
[OMPT] tid=665422 ompt_id=2814749767106561 tipo=ompt_thread_worker     last_cpu=  3 numa=0 mig=0 fallos=0 perf=full ipc=0.078 ratio_rm=0.6122
[OMPT] tid=665423 ompt_id=3096224743817217 tipo=ompt_thread_worker     last_cpu=  6 numa=0 mig=0 fallos=0 perf=full ipc=0.078 ratio_rm=0.6124
[OMPT] tid=665425 ompt_id=3377699720527873 tipo=ompt_thread_worker     last_cpu= 96 numa=1 mig=0 fallos=0 perf=full ipc=0.309 ratio_rm=0.0000
[OMPT] tid=665424 ompt_id=3659174697238529 tipo=ompt_thread_worker     last_cpu= 40 numa=0 mig=0 fallos=0 perf=full ipc=0.085 ratio_rm=0.6044
[OMPT] tid=665426 ompt_id=3940649673949185 tipo=ompt_thread_worker     last_cpu=253 numa=1 mig=0 fallos=0 perf=full ipc=0.316 ratio_rm=0.0000
[OMPT] tid=665427 ompt_id=4222124650659841 tipo=ompt_thread_worker     last_cpu= 81 numa=1 mig=0 fallos=0 perf=full ipc=0.308 ratio_rm=0.0000
[OMPT] tid=665428 ompt_id=4503599627370497 tipo=ompt_thread_worker     last_cpu=252 numa=1 mig=0 fallos=0 perf=full ipc=0.316 ratio_rm=0.0000
[OMPT] tid=665429 ompt_id=4785074604081153 tipo=ompt_thread_worker     last_cpu= 80 numa=1 mig=0 fallos=0 perf=full ipc=0.309 ratio_rm=0.0000
[OMPT] tid=665430 ompt_id=5066549580791809 tipo=ompt_thread_worker     last_cpu= 49 numa=0 mig=0 fallos=0 perf=full ipc=0.082 ratio_rm=0.6071
[OMPT] tid=665431 ompt_id=5348024557502465 tipo=ompt_thread_worker     last_cpu=254 numa=1 mig=0 fallos=0 perf=full ipc=0.316 ratio_rm=0.0000
[OMPT] tid=665432 ompt_id=5629499534213121 tipo=ompt_thread_worker     last_cpu=196 numa=1 mig=0 fallos=0 perf=full ipc=0.304 ratio_rm=0.0000
[OMPT] tid=665433 ompt_id=5910974510923777 tipo=ompt_thread_worker     last_cpu= 14 numa=0 mig=0 fallos=0 perf=full ipc=0.085 ratio_rm=0.6063
[OMPT] tid=665434 ompt_id=6192449487634433 tipo=ompt_thread_worker     last_cpu= 88 numa=1 mig=0 fallos=0 perf=full ipc=0.311 ratio_rm=0.0000
[OMPT] tid=665435 ompt_id=6473924464345089 tipo=ompt_thread_worker     last_cpu= 16 numa=0 mig=0 fallos=0 perf=full ipc=0.080 ratio_rm=0.6028
[OMPT] tid=665436 ompt_id=6755399441055745 tipo=ompt_thread_worker     last_cpu= 65 numa=1 mig=0 fallos=0 perf=full ipc=0.305 ratio_rm=0.0000
[OMPT] tid=665437 ompt_id=7036874417766401 tipo=ompt_thread_worker     last_cpu= 89 numa=1 mig=0 fallos=0 perf=full ipc=0.309 ratio_rm=0.0000
[OMPT] tid=665438 ompt_id=7318349394477057 tipo=ompt_thread_worker     last_cpu= 13 numa=0 mig=0 fallos=0 perf=full ipc=0.085 ratio_rm=0.6067
[OMPT] tid=665439 ompt_id=7599824371187713 tipo=ompt_thread_worker     last_cpu=174 numa=0 mig=0 fallos=0 perf=full ipc=0.083 ratio_rm=0.6049
[OMPT] tid=665440 ompt_id=7881299347898369 tipo=ompt_thread_worker     last_cpu= 48 numa=0 mig=0 fallos=0 perf=full ipc=0.082 ratio_rm=0.6073
[OMPT] tid=665441 ompt_id=8162774324609025 tipo=ompt_thread_worker     last_cpu=105 numa=1 mig=0 fallos=0 perf=full ipc=0.310 ratio_rm=0.0000
[OMPT] tid=665442 ompt_id=8444249301319681 tipo=ompt_thread_worker     last_cpu=175 numa=0 mig=0 fallos=0 perf=full ipc=0.083 ratio_rm=0.6045
[OMPT] tid=665443 ompt_id=8725724278030337 tipo=ompt_thread_worker     last_cpu= 33 numa=0 mig=0 fallos=0 perf=full ipc=0.079 ratio_rm=0.6127
[OMPT] tid=665444 ompt_id=9007199254740993 tipo=ompt_thread_worker     last_cpu= 56 numa=0 mig=0 fallos=0 perf=full ipc=0.079 ratio_rm=0.6100
[OMPT] tid=665445 ompt_id=9288674231451649 tipo=ompt_thread_worker     last_cpu= 66 numa=1 mig=0 fallos=0 perf=full ipc=0.306 ratio_rm=0.0000
[OMPT] tid=665446 ompt_id=9570149208162305 tipo=ompt_thread_worker     last_cpu= 72 numa=1 mig=0 fallos=0 perf=full ipc=0.306 ratio_rm=0.0000
[OMPT] tid=665447 ompt_id=9851624184872961 tipo=ompt_thread_worker     last_cpu= 73 numa=1 mig=0 fallos=0 perf=full ipc=0.307 ratio_rm=0.0000
[OMPT] tid=665448 ompt_id=10133099161583617 tipo=ompt_thread_worker     last_cpu= 97 numa=1 mig=0 fallos=0 perf=full ipc=0.309 ratio_rm=0.0000
[OMPT] tid=665460 ompt_id=13510798882111489 tipo=ompt_thread_worker     last_cpu=247 numa=1 mig=0 fallos=0 perf=full ipc=0.312 ratio_rm=0.0000
[OMPT] tid=665472 ompt_id=16888498602639361 tipo=ompt_thread_worker     last_cpu=246 numa=1 mig=0 fallos=0 perf=full ipc=0.313 ratio_rm=0.0000
[OMPT] tid=665467 ompt_id=15481123719086081 tipo=ompt_thread_worker     last_cpu=190 numa=0 mig=0 fallos=0 perf=full ipc=0.080 ratio_rm=0.6103
[OMPT] tid=665461 ompt_id=13792273858822145 tipo=ompt_thread_worker     last_cpu=191 numa=0 mig=0 fallos=0 perf=full ipc=0.080 ratio_rm=0.6105
[OMPT] tid=665473 ompt_id=17169973579350017 tipo=ompt_thread_worker     last_cpu=182 numa=0 mig=0 fallos=0 perf=full ipc=0.082 ratio_rm=0.6074
[OMPT] tid=665459 ompt_id=13229323905400833 tipo=ompt_thread_worker     last_cpu=183 numa=0 mig=0 fallos=0 perf=full ipc=0.081 ratio_rm=0.6072
[OMPT] tid=665462 ompt_id=14073748835532801 tipo=ompt_thread_worker     last_cpu= 23 numa=0 mig=0 fallos=0 perf=full ipc=0.080 ratio_rm=0.6033
[OMPT] tid=665475 ompt_id=17732923532771329 tipo=ompt_thread_worker     last_cpu=150 numa=0 mig=0 fallos=0 perf=full ipc=0.081 ratio_rm=0.6034
[OMPT] tid=665471 ompt_id=16607023625928705 tipo=ompt_thread_worker     last_cpu=166 numa=0 mig=0 fallos=0 perf=full ipc=0.080 ratio_rm=0.6130
[OMPT] tid=665457 ompt_id=12947848928690177 tipo=ompt_thread_worker     last_cpu=167 numa=0 mig=0 fallos=0 perf=full ipc=0.080 ratio_rm=0.6129
[OMPT] tid=665468 ompt_id=15762598695796737 tipo=ompt_thread_worker     last_cpu=238 numa=1 mig=0 fallos=0 perf=full ipc=0.309 ratio_rm=0.0000
[OMPT] tid=665450 ompt_id=10696049115004929 tipo=ompt_thread_worker     last_cpu=239 numa=1 mig=0 fallos=0 perf=full ipc=0.308 ratio_rm=0.0000
[OMPT] tid=665463 ompt_id=14355223812243457 tipo=ompt_thread_worker     last_cpu=173 numa=0 mig=0 fallos=0 perf=full ipc=0.085 ratio_rm=0.6047
[OMPT] tid=665469 ompt_id=16044073672507393 tipo=ompt_thread_worker     last_cpu=158 numa=0 mig=0 fallos=0 perf=full ipc=0.080 ratio_rm=0.6043
[OMPT] tid=665453 ompt_id=11540474045136897 tipo=ompt_thread_worker     last_cpu=160 numa=0 mig=0 fallos=0 perf=full ipc=0.080 ratio_rm=0.6127
[OMPT] tid=665465 ompt_id=14918173765664769 tipo=ompt_thread_worker     last_cpu= 17 numa=0 mig=0 fallos=0 perf=full ipc=0.081 ratio_rm=0.6032
[OMPT] tid=665466 ompt_id=15199648742375425 tipo=ompt_thread_worker     last_cpu=230 numa=1 mig=0 fallos=0 perf=full ipc=0.308 ratio_rm=0.0000
[OMPT] tid=665449 ompt_id=10414574138294273 tipo=ompt_thread_worker     last_cpu=231 numa=1 mig=0 fallos=0 perf=full ipc=0.307 ratio_rm=0.0000
[OMPT] tid=665458 ompt_id=12666373951979521 tipo=ompt_thread_worker     last_cpu=  8 numa=0 mig=0 fallos=0 perf=full ipc=0.088 ratio_rm=0.5898
[OMPT] tid=665456 ompt_id=12103423998558209 tipo=ompt_thread_worker     last_cpu=215 numa=1 mig=0 fallos=0 perf=full ipc=0.307 ratio_rm=0.0000
[OMPT] tid=665470 ompt_id=16325548649218049 tipo=ompt_thread_worker     last_cpu=214 numa=1 mig=0 fallos=0 perf=full ipc=0.309 ratio_rm=0.0000
[OMPT] tid=665452 ompt_id=11258999068426241 tipo=ompt_thread_worker     last_cpu=207 numa=1 mig=0 fallos=0 perf=full ipc=0.304 ratio_rm=0.0000
[OMPT] tid=665474 ompt_id=17451448556060673 tipo=ompt_thread_worker     last_cpu=206 numa=1 mig=0 fallos=0 perf=full ipc=0.306 ratio_rm=0.0000
[OMPT] tid=665476 ompt_id=18014398509481985 tipo=ompt_thread_worker     last_cpu=222 numa=1 mig=0 fallos=0 perf=full ipc=0.310 ratio_rm=0.0000
[OMPT] tid=665464 ompt_id=14636698788954113 tipo=ompt_thread_worker     last_cpu= 67 numa=1 mig=0 fallos=0 perf=full ipc=0.306 ratio_rm=0.0000
[OMPT] tid=665451 ompt_id=10977524091715585 tipo=ompt_thread_worker     last_cpu=143 numa=0 mig=0 fallos=0 perf=full ipc=0.086 ratio_rm=0.6064
[OMPT] tid=665455 ompt_id=12384898975268865 tipo=ompt_thread_worker     last_cpu= 31 numa=0 mig=0 fallos=0 perf=full ipc=0.080 ratio_rm=0.6040
[OMPT] tid=665454 ompt_id=11821949021847553 tipo=ompt_thread_worker     last_cpu=223 numa=1 mig=0 fallos=0 perf=full ipc=0.308 ratio_rm=0.0000
[OMPT] ===== Overhead intrínseco =====
  monitor: 223 ticks, 177359.4 us total (max 4050.5 us/tick)
  callbacks implicit_task: 10497, 5012353.7 us total
  migraciones: 0 (0.0 us total)
  resyncs=5  lecturas escaladas por multiplexado=41472
  hilos con perf fallido=0  parcial(ipc_only)=0
  ventanas con ciclos=10235  con fills=10235
