[OMPT] ompt_initialize (OPCIÓN C: integrador con fugas)  verbose=0  migracion=activa
[HWLOC] Nodos NUMA detectados: 2 (usados: 2)
[HWLOC] Nodo 0: 128 CPUs
[HWLOC] Nodo 1: 128 CPUs
[OMPT] callback 'ompt_callback_thread_begin' registrado (result=5)
[OMPT] callback 'ompt_callback_thread_end' registrado (result=5)
[OMPT] callback 'ompt_callback_parallel_begin' registrado (result=5)
[OMPT] callback 'ompt_callback_parallel_end' registrado (result=5)
[OMPT] callback 'ompt_callback_implicit_task' registrado (result=5)
[OMPT] callback 'ompt_callback_control_tool' registrado (result=5)
[OMPT] Callbacks registrados
[OMPT] Sistema: 0 procesadores lógicos
[OMPT][MON] Monitor (C: integrador con fugas)  período=100ms  warmup=5  T=ref+1.00*MAD  leak=0.50*MAD  cap=8.00*MAD  max_mig=1  migracion=activa
[perf_region] tool OMPT detectado: los contadores los lleva el tool, no se abren aqui
[OMPT] control_tool: INICIANDO medicion
[OMPT] control_tool: PAUSANDO medicion
[OMPT] ompt_finalize
[OMPT][MON] Monitor detenido tras 5 ventanas
[OMPT] CSV de ventanas: 64 filas volcadas (0 descartadas)
[OMPT] ===== Tabla final: 64 hilos =====
[OMPT] tid=645982 ompt_id=281474976710657 tipo=ompt_thread_initial    last_cpu=255 numa=1 mig=0 fallos=0 perf=full ipc=0.483 ratio_rm=0.0002
[OMPT] tid=645985 ompt_id=562949953421313 tipo=ompt_thread_worker     last_cpu= 64 numa=1 mig=0 fallos=0 perf=full ipc=0.497 ratio_rm=0.0001
[OMPT] tid=645986 ompt_id=1125899906842625 tipo=ompt_thread_worker     last_cpu=126 numa=1 mig=0 fallos=0 perf=full ipc=0.662 ratio_rm=0.0001
[OMPT] tid=645984 ompt_id=844424930131969 tipo=ompt_thread_worker     last_cpu=127 numa=1 mig=0 fallos=0 perf=full ipc=0.489 ratio_rm=0.0001
[OMPT] tid=645989 ompt_id=1970324836974593 tipo=ompt_thread_worker     last_cpu= 10 numa=0 mig=0 fallos=0 perf=full ipc=0.494 ratio_rm=0.0620
[OMPT] tid=645990 ompt_id=2251799813685249 tipo=ompt_thread_worker     last_cpu=125 numa=1 mig=0 fallos=0 perf=full ipc=0.508 ratio_rm=0.0001
[OMPT] tid=645987 ompt_id=1407374883553281 tipo=ompt_thread_worker     last_cpu= 15 numa=0 mig=0 fallos=0 perf=full ipc=0.308 ratio_rm=0.0623
[OMPT] tid=645991 ompt_id=2533274790395905 tipo=ompt_thread_worker     last_cpu= 14 numa=0 mig=0 fallos=0 perf=full ipc=0.472 ratio_rm=0.0784
[OMPT] tid=645993 ompt_id=2814749767106561 tipo=ompt_thread_worker     last_cpu=  9 numa=0 mig=0 fallos=0 perf=full ipc=0.480 ratio_rm=0.0757
[OMPT] tid=645995 ompt_id=3659174697238529 tipo=ompt_thread_worker     last_cpu= 13 numa=0 mig=0 fallos=0 perf=full ipc=0.481 ratio_rm=0.0701
[OMPT] tid=645988 ompt_id=1688849860263937 tipo=ompt_thread_worker     last_cpu=  8 numa=0 mig=0 fallos=0 perf=full ipc=0.480 ratio_rm=0.0681
[OMPT] tid=645992 ompt_id=3096224743817217 tipo=ompt_thread_worker     last_cpu=124 numa=1 mig=0 fallos=0 perf=full ipc=0.513 ratio_rm=0.0001
[OMPT] tid=645997 ompt_id=4222124650659841 tipo=ompt_thread_worker     last_cpu=114 numa=1 mig=0 fallos=0 perf=full ipc=0.705 ratio_rm=0.0001
[OMPT] tid=645994 ompt_id=3377699720527873 tipo=ompt_thread_worker     last_cpu=  6 numa=0 mig=0 fallos=0 perf=full ipc=0.447 ratio_rm=0.0134
[OMPT] tid=645999 ompt_id=4785074604081153 tipo=ompt_thread_worker     last_cpu=134 numa=0 mig=0 fallos=0 perf=full ipc=0.435 ratio_rm=0.0529
[OMPT] tid=645998 ompt_id=4503599627370497 tipo=ompt_thread_worker     last_cpu=252 numa=1 mig=0 fallos=0 perf=full ipc=0.484 ratio_rm=0.0001
[OMPT] tid=646002 ompt_id=5629499534213121 tipo=ompt_thread_worker     last_cpu=131 numa=0 mig=0 fallos=0 perf=full ipc=0.496 ratio_rm=0.0654
[OMPT] tid=646001 ompt_id=5348024557502465 tipo=ompt_thread_worker     last_cpu=  4 numa=0 mig=0 fallos=0 perf=full ipc=0.485 ratio_rm=0.0741
[OMPT] tid=646003 ompt_id=5910974510923777 tipo=ompt_thread_worker     last_cpu=158 numa=0 mig=0 fallos=0 perf=full ipc=0.735 ratio_rm=0.0093
[OMPT] tid=645996 ompt_id=3940649673949185 tipo=ompt_thread_worker     last_cpu=123 numa=1 mig=0 fallos=0 perf=full ipc=0.515 ratio_rm=0.0001
[OMPT] tid=646004 ompt_id=6192449487634433 tipo=ompt_thread_worker     last_cpu= 12 numa=0 mig=0 fallos=0 perf=full ipc=0.723 ratio_rm=0.0095
[OMPT] tid=646005 ompt_id=6473924464345089 tipo=ompt_thread_worker     last_cpu=253 numa=1 mig=0 fallos=0 perf=full ipc=0.493 ratio_rm=0.0001
[OMPT] tid=646000 ompt_id=5066549580791809 tipo=ompt_thread_worker     last_cpu=122 numa=1 mig=0 fallos=0 perf=full ipc=0.492 ratio_rm=0.0001
[OMPT] tid=646006 ompt_id=6755399441055745 tipo=ompt_thread_worker     last_cpu=  7 numa=0 mig=0 fallos=0 perf=full ipc=0.516 ratio_rm=0.0409
[OMPT] tid=646007 ompt_id=7036874417766401 tipo=ompt_thread_worker     last_cpu=246 numa=1 mig=0 fallos=0 perf=full ipc=0.820 ratio_rm=0.0001
[OMPT] tid=646008 ompt_id=7318349394477057 tipo=ompt_thread_worker     last_cpu= 11 numa=0 mig=0 fallos=0 perf=full ipc=0.681 ratio_rm=0.0145
[OMPT] tid=646009 ompt_id=7599824371187713 tipo=ompt_thread_worker     last_cpu=249 numa=1 mig=0 fallos=0 perf=full ipc=0.542 ratio_rm=0.0001
[OMPT] tid=646010 ompt_id=7881299347898369 tipo=ompt_thread_worker     last_cpu=  2 numa=0 mig=0 fallos=0 perf=full ipc=0.586 ratio_rm=0.0354
[OMPT] tid=646011 ompt_id=8162774324609025 tipo=ompt_thread_worker     last_cpu=247 numa=1 mig=0 fallos=0 perf=full ipc=0.798 ratio_rm=0.0001
[OMPT] tid=646012 ompt_id=8444249301319681 tipo=ompt_thread_worker     last_cpu=  5 numa=0 mig=0 fallos=0 perf=full ipc=0.556 ratio_rm=0.0282
[OMPT] tid=646013 ompt_id=8725724278030337 tipo=ompt_thread_worker     last_cpu=251 numa=1 mig=0 fallos=0 perf=full ipc=0.502 ratio_rm=0.0001
[OMPT] tid=646014 ompt_id=9007199254740993 tipo=ompt_thread_worker     last_cpu= 56 numa=0 mig=0 fallos=0 perf=full ipc=0.585 ratio_rm=0.0261
[OMPT] tid=646015 ompt_id=9288674231451649 tipo=ompt_thread_worker     last_cpu=121 numa=1 mig=0 fallos=0 perf=full ipc=0.495 ratio_rm=0.0001
[OMPT] tid=646016 ompt_id=9570149208162305 tipo=ompt_thread_worker     last_cpu=207 numa=1 mig=0 fallos=0 perf=full ipc=0.825 ratio_rm=0.0001
[OMPT] tid=646017 ompt_id=9851624184872961 tipo=ompt_thread_worker     last_cpu=250 numa=1 mig=0 fallos=0 perf=full ipc=0.536 ratio_rm=0.0001
[OMPT] tid=646018 ompt_id=10133099161583617 tipo=ompt_thread_worker     last_cpu= 72 numa=1 mig=0 fallos=0 perf=full ipc=0.819 ratio_rm=0.0001
[OMPT] tid=646028 ompt_id=12666373951979521 tipo=ompt_thread_worker     last_cpu= 73 numa=1 mig=0 fallos=0 perf=full ipc=0.843 ratio_rm=0.0003
[OMPT] tid=646046 ompt_id=18014398509481985 tipo=ompt_thread_worker     last_cpu=113 numa=1 mig=0 fallos=0 perf=full ipc=0.847 ratio_rm=0.0002
[OMPT] tid=646026 ompt_id=12384898975268865 tipo=ompt_thread_worker     last_cpu=112 numa=1 mig=0 fallos=0 perf=full ipc=0.738 ratio_rm=0.0001
[OMPT] tid=646027 ompt_id=12947848928690177 tipo=ompt_thread_worker     last_cpu=159 numa=0 mig=0 fallos=0 perf=full ipc=0.717 ratio_rm=0.0113
[OMPT] tid=646039 ompt_id=16044073672507393 tipo=ompt_thread_worker     last_cpu= 24 numa=0 mig=0 fallos=0 perf=full ipc=0.711 ratio_rm=0.0120
[OMPT] tid=646025 ompt_id=12103423998558209 tipo=ompt_thread_worker     last_cpu=151 numa=0 mig=0 fallos=0 perf=full ipc=0.700 ratio_rm=0.0165
[OMPT] tid=646037 ompt_id=15481123719086081 tipo=ompt_thread_worker     last_cpu=150 numa=0 mig=0 fallos=0 perf=full ipc=0.718 ratio_rm=0.0136
[OMPT] tid=646032 ompt_id=14073748835532801 tipo=ompt_thread_worker     last_cpu=175 numa=0 mig=0 fallos=0 perf=full ipc=0.678 ratio_rm=0.0128
[OMPT] tid=646045 ompt_id=17732923532771329 tipo=ompt_thread_worker     last_cpu=174 numa=0 mig=0 fallos=0 perf=full ipc=0.705 ratio_rm=0.0291
[OMPT] tid=646038 ompt_id=15762598695796737 tipo=ompt_thread_worker     last_cpu=238 numa=1 mig=0 fallos=0 perf=full ipc=0.829 ratio_rm=0.0003
[OMPT] tid=646024 ompt_id=11821949021847553 tipo=ompt_thread_worker     last_cpu=239 numa=1 mig=0 fallos=0 perf=full ipc=0.824 ratio_rm=0.0002
[OMPT] tid=646034 ompt_id=14636698788954113 tipo=ompt_thread_worker     last_cpu=248 numa=1 mig=0 fallos=0 perf=full ipc=0.485 ratio_rm=0.0001
[OMPT] tid=646019 ompt_id=10414574138294273 tipo=ompt_thread_worker     last_cpu=215 numa=1 mig=0 fallos=0 perf=full ipc=0.799 ratio_rm=0.0002
[OMPT] tid=646042 ompt_id=16888498602639361 tipo=ompt_thread_worker     last_cpu=214 numa=1 mig=0 fallos=0 perf=full ipc=0.720 ratio_rm=0.0003
[OMPT] tid=646033 ompt_id=14355223812243457 tipo=ompt_thread_worker     last_cpu=167 numa=0 mig=0 fallos=0 perf=full ipc=0.674 ratio_rm=0.0167
[OMPT] tid=646044 ompt_id=17451448556060673 tipo=ompt_thread_worker     last_cpu=230 numa=1 mig=0 fallos=0 perf=full ipc=0.803 ratio_rm=0.0003
[OMPT] tid=646020 ompt_id=10696049115004929 tipo=ompt_thread_worker     last_cpu=231 numa=1 mig=0 fallos=0 perf=full ipc=0.821 ratio_rm=0.0002
[OMPT] tid=646023 ompt_id=11540474045136897 tipo=ompt_thread_worker     last_cpu=143 numa=0 mig=0 fallos=0 perf=full ipc=0.363 ratio_rm=0.0689
[OMPT] tid=646041 ompt_id=16607023625928705 tipo=ompt_thread_worker     last_cpu=182 numa=0 mig=0 fallos=0 perf=full ipc=0.729 ratio_rm=0.0157
[OMPT] tid=646029 ompt_id=13229323905400833 tipo=ompt_thread_worker     last_cpu=183 numa=0 mig=0 fallos=0 perf=full ipc=0.730 ratio_rm=0.0141
[OMPT] tid=646021 ompt_id=10977524091715585 tipo=ompt_thread_worker     last_cpu=  1 numa=0 mig=0 fallos=0 perf=full ipc=0.625 ratio_rm=0.0247
[OMPT] tid=646043 ompt_id=17169973579350017 tipo=ompt_thread_worker     last_cpu=190 numa=0 mig=0 fallos=0 perf=full ipc=0.800 ratio_rm=0.0144
[OMPT] tid=646031 ompt_id=13792273858822145 tipo=ompt_thread_worker     last_cpu=191 numa=0 mig=0 fallos=0 perf=full ipc=0.801 ratio_rm=0.0113
[OMPT] tid=646036 ompt_id=15199648742375425 tipo=ompt_thread_worker     last_cpu=222 numa=1 mig=0 fallos=0 perf=full ipc=0.827 ratio_rm=0.0003
[OMPT] tid=646022 ompt_id=11258999068426241 tipo=ompt_thread_worker     last_cpu=223 numa=1 mig=0 fallos=0 perf=full ipc=0.823 ratio_rm=0.0002
[OMPT] tid=646030 ompt_id=13510798882111489 tipo=ompt_thread_worker     last_cpu=199 numa=1 mig=0 fallos=0 perf=full ipc=0.824 ratio_rm=0.0002
[OMPT] tid=646040 ompt_id=16325548649218049 tipo=ompt_thread_worker     last_cpu=198 numa=1 mig=0 fallos=0 perf=full ipc=0.825 ratio_rm=0.0003
[OMPT] tid=646035 ompt_id=14918173765664769 tipo=ompt_thread_worker     last_cpu= 16 numa=0 mig=0 fallos=0 perf=full ipc=0.717 ratio_rm=0.0122
[OMPT] ===== Overhead intrínseco =====
  monitor: 5 ticks, 5071.6 us total (max 2629.0 us/tick)
  callbacks implicit_task: 10497, 2655771.1 us total
  migraciones: 0 (0.0 us total)
  resyncs=0  lecturas escaladas por multiplexado=768
  hilos con perf fallido=0  parcial(ipc_only)=0
  ventanas con ciclos=64  con fills=64
