[OMPT] ompt_initialize (OPCIÓN C: integrador con fugas)  verbose=0  migracion=DESACTIVADA
[HWLOC] Nodos NUMA detectados: 2 (usados: 2)
[HWLOC] Nodo 0: 128 CPUs
[HWLOC] Nodo 1: 128 CPUs
[OMPT] callback 'ompt_callback_thread_begin' registrado (result=5)
[OMPT] callback 'ompt_callback_thread_end' registrado (result=5)
[OMPT] callback 'ompt_callback_parallel_begin' registrado (result=5)
[OMPT] callback 'ompt_callback_parallel_end' registrado (result=5)
[OMPT] callback 'ompt_callback_implicit_task' registrado (result=5)
[OMPT] callback 'ompt_callback_control_tool' registrado (result=5)
[OMPT] Callbacks registrados
[OMPT] Sistema: 0 procesadores lógicos
[OMPT][MON] Monitor (C: integrador con fugas)  período=100ms  warmup=5  T=ref+1.00*MAD  leak=0.50*MAD  cap=8.00*MAD  max_mig=1  migracion=DESACTIVADA
[OMPT][PERF] tid=411392 SIN eventos NUMA (solo IPC). Este hilo no podrá disparar migraciones.
    modo=6 mascaras por origen  primer errno: Invalid argument / Invalid argument
  → los eventos crudos son específicos de AMD Zen; en otra PMU no existen
  → con OMPT_MASCARAS=0 se vuelve al par 0xFF44/0xD044
[OMPT][PERF] tid=411394 SIN eventos NUMA (solo IPC). Este hilo no podrá disparar migraciones.
    modo=6 mascaras por origen  primer errno: Invalid argument / Invalid argument
  → los eventos crudos son específicos de AMD Zen; en otra PMU no existen
  → con OMPT_MASCARAS=0 se vuelve al par 0xFF44/0xD044
[OMPT][PERF] tid=411395 SIN eventos NUMA (solo IPC). Este hilo no podrá disparar migraciones.
    modo=6 mascaras por origen  primer errno: Invalid argument / Invalid argument
  → los eventos crudos son específicos de AMD Zen; en otra PMU no existen
  → con OMPT_MASCARAS=0 se vuelve al par 0xFF44/0xD044
[OMPT][PERF] tid=411396 SIN eventos NUMA (solo IPC). Este hilo no podrá disparar migraciones.
    modo=6 mascaras por origen  primer errno: Invalid argument / Invalid argument
  → los eventos crudos son específicos de AMD Zen; en otra PMU no existen
  → con OMPT_MASCARAS=0 se vuelve al par 0xFF44/0xD044
[OMPT][PERF] tid=411398 SIN eventos NUMA (solo IPC). Este hilo no podrá disparar migraciones.
    modo=6 mascaras por origen  primer errno: Invalid argument / Invalid argument
  → los eventos crudos son específicos de AMD Zen; en otra PMU no existen
  → con OMPT_MASCARAS=0 se vuelve al par 0xFF44/0xD044
[OMPT][PERF] tid=411400 SIN eventos NUMA (solo IPC). Este hilo no podrá disparar migraciones.
    modo=6 mascaras por origen  primer errno: Invalid argument / Invalid argument
  → los eventos crudos son específicos de AMD Zen; en otra PMU no existen
  → con OMPT_MASCARAS=0 se vuelve al par 0xFF44/0xD044
[OMPT][PERF] tid=411399 SIN eventos NUMA (solo IPC). Este hilo no podrá disparar migraciones.
    modo=6 mascaras por origen  primer errno: Invalid argument / Invalid argument
  → los eventos crudos son específicos de AMD Zen; en otra PMU no existen
  → con OMPT_MASCARAS=0 se vuelve al par 0xFF44/0xD044
[OMPT][PERF] tid=411401 SIN eventos NUMA (solo IPC). Este hilo no podrá disparar migraciones.
    modo=6 mascaras por origen  primer errno: Invalid argument / Invalid argument
  → los eventos crudos son específicos de AMD Zen; en otra PMU no existen
  → con OMPT_MASCARAS=0 se vuelve al par 0xFF44/0xD044
[OMPT][PERF] tid=411403 SIN eventos NUMA (solo IPC). Este hilo no podrá disparar migraciones.
    modo=6 mascaras por origen  primer errno: Invalid argument / Invalid argument
  → los eventos crudos son específicos de AMD Zen; en otra PMU no existen
  → con OMPT_MASCARAS=0 se vuelve al par 0xFF44/0xD044
[OMPT][PERF] tid=411406 SIN eventos NUMA (solo IPC). Este hilo no podrá disparar migraciones.
    modo=6 mascaras por origen  primer errno: Invalid argument / Invalid argument
  → los eventos crudos son específicos de AMD Zen; en otra PMU no existen
  → con OMPT_MASCARAS=0 se vuelve al par 0xFF44/0xD044
[OMPT][PERF] tid=411409 SIN eventos NUMA (solo IPC). Este hilo no podrá disparar migraciones.
    modo=6 mascaras por origen  primer errno: Invalid argument / Invalid argument
  → los eventos crudos son específicos de AMD Zen; en otra PMU no existen
  → con OMPT_MASCARAS=0 se vuelve al par 0xFF44/0xD044
[OMPT][PERF] tid=411404 SIN eventos NUMA (solo IPC). Este hilo no podrá disparar migraciones.
    modo=6 mascaras por origen  primer errno: Invalid argument / Invalid argument
  → los eventos crudos son específicos de AMD Zen; en otra PMU no existen
  → con OMPT_MASCARAS=0 se vuelve al par 0xFF44/0xD044
[OMPT][PERF] tid=411405 SIN eventos NUMA (solo IPC). Este hilo no podrá disparar migraciones.
    modo=6 mascaras por origen  primer errno: Invalid argument / Invalid argument
  → los eventos crudos son específicos de AMD Zen; en otra PMU no existen
  → con OMPT_MASCARAS=0 se vuelve al par 0xFF44/0xD044
[OMPT][PERF] tid=411408 SIN eventos NUMA (solo IPC). Este hilo no podrá disparar migraciones.
    modo=6 mascaras por origen  primer errno: Invalid argument / Invalid argument
  → los eventos crudos son específicos de AMD Zen; en otra PMU no existen
  → con OMPT_MASCARAS=0 se vuelve al par 0xFF44/0xD044
[OMPT][PERF] tid=411412 SIN eventos NUMA (solo IPC). Este hilo no podrá disparar migraciones.
    modo=6 mascaras por origen  primer errno: Invalid argument / Invalid argument
  → los eventos crudos son específicos de AMD Zen; en otra PMU no existen
  → con OMPT_MASCARAS=0 se vuelve al par 0xFF44/0xD044
[OMPT][PERF] tid=411411 SIN eventos NUMA (solo IPC). Este hilo no podrá disparar migraciones.
    modo=6 mascaras por origen  primer errno: Invalid argument / Invalid argument
  → los eventos crudos son específicos de AMD Zen; en otra PMU no existen
  → con OMPT_MASCARAS=0 se vuelve al par 0xFF44/0xD044
[OMPT][PERF] tid=411417 SIN eventos NUMA (solo IPC). Este hilo no podrá disparar migraciones.
    modo=6 mascaras por origen  primer errno: Invalid argument / Invalid argument
  → los eventos crudos son específicos de AMD Zen; en otra PMU no existen
  → con OMPT_MASCARAS=0 se vuelve al par 0xFF44/0xD044
[OMPT][PERF] tid=411418 SIN eventos NUMA (solo IPC). Este hilo no podrá disparar migraciones.
    modo=6 mascaras por origen  primer errno: Invalid argument / Invalid argument
  → los eventos crudos son específicos de AMD Zen; en otra PMU no existen
  → con OMPT_MASCARAS=0 se vuelve al par 0xFF44/0xD044
[OMPT][PERF] tid=411397 SIN eventos NUMA (solo IPC). Este hilo no podrá disparar migraciones.
    modo=6 mascaras por origen  primer errno: Invalid argument / Invalid argument
  → los eventos crudos son específicos de AMD Zen; en otra PMU no existen
  → con OMPT_MASCARAS=0 se vuelve al par 0xFF44/0xD044
[OMPT][PERF] tid=411421 SIN eventos NUMA (solo IPC). Este hilo no podrá disparar migraciones.
    modo=6 mascaras por origen  primer errno: Invalid argument / Invalid argument
  → los eventos crudos son específicos de AMD Zen; en otra PMU no existen
  → con OMPT_MASCARAS=0 se vuelve al par 0xFF44/0xD044
[OMPT][PERF] tid=411416 SIN eventos NUMA (solo IPC). Este hilo no podrá disparar migraciones.
    modo=6 mascaras por origen  primer errno: Invalid argument / Invalid argument
  → los eventos crudos son específicos de AMD Zen; en otra PMU no existen
  → con OMPT_MASCARAS=0 se vuelve al par 0xFF44/0xD044
[OMPT][PERF] tid=411419 SIN eventos NUMA (solo IPC). Este hilo no podrá disparar migraciones.
    modo=6 mascaras por origen  primer errno: Invalid argument / Invalid argument
  → los eventos crudos son específicos de AMD Zen; en otra PMU no existen
  → con OMPT_MASCARAS=0 se vuelve al par 0xFF44/0xD044
[OMPT][PERF] tid=411424 SIN eventos NUMA (solo IPC). Este hilo no podrá disparar migraciones.
    modo=6 mascaras por origen  primer errno: Invalid argument / Invalid argument
  → los eventos crudos son específicos de AMD Zen; en otra PMU no existen
  → con OMPT_MASCARAS=0 se vuelve al par 0xFF44/0xD044
[OMPT][PERF] tid=411402 SIN eventos NUMA (solo IPC). Este hilo no podrá disparar migraciones.
    modo=6 mascaras por origen  primer errno: Invalid argument / Invalid argument
  → los eventos crudos son específicos de AMD Zen; en otra PMU no existen
  → con OMPT_MASCARAS=0 se vuelve al par 0xFF44/0xD044
[OMPT][PERF] tid=411415 SIN eventos NUMA (solo IPC). Este hilo no podrá disparar migraciones.
    modo=6 mascaras por origen  primer errno: Invalid argument / Invalid argument
  → los eventos crudos son específicos de AMD Zen; en otra PMU no existen
  → con OMPT_MASCARAS=0 se vuelve al par 0xFF44/0xD044
[OMPT][PERF] tid=411420 SIN eventos NUMA (solo IPC). Este hilo no podrá disparar migraciones.
    modo=6 mascaras por origen  primer errno: Invalid argument / Invalid argument
  → los eventos crudos son específicos de AMD Zen; en otra PMU no existen
  → con OMPT_MASCARAS=0 se vuelve al par 0xFF44/0xD044
[OMPT][PERF] tid=411428 SIN eventos NUMA (solo IPC). Este hilo no podrá disparar migraciones.
    modo=6 mascaras por origen  primer errno: Invalid argument / Invalid argument
  → los eventos crudos son específicos de AMD Zen; en otra PMU no existen
  → con OMPT_MASCARAS=0 se vuelve al par 0xFF44/0xD044
[OMPT][PERF] tid=411429 SIN eventos NUMA (solo IPC). Este hilo no podrá disparar migraciones.
    modo=6 mascaras por origen  primer errno: Invalid argument / Invalid argument
  → los eventos crudos son específicos de AMD Zen; en otra PMU no existen
  → con OMPT_MASCARAS=0 se vuelve al par 0xFF44/0xD044
[OMPT][PERF] tid=411426 SIN eventos NUMA (solo IPC). Este hilo no podrá disparar migraciones.
    modo=6 mascaras por origen  primer errno: Invalid argument / Invalid argument
  → los eventos crudos son específicos de AMD Zen; en otra PMU no existen
  → con OMPT_MASCARAS=0 se vuelve al par 0xFF44/0xD044
[OMPT][PERF] tid=411425 SIN eventos NUMA (solo IPC). Este hilo no podrá disparar migraciones.
    modo=6 mascaras por origen  primer errno: Invalid argument / Invalid argument
  → los eventos crudos son específicos de AMD Zen; en otra PMU no existen
  → con OMPT_MASCARAS=0 se vuelve al par 0xFF44/0xD044
[OMPT][PERF] tid=411433 SIN eventos NUMA (solo IPC). Este hilo no podrá disparar migraciones.
    modo=6 mascaras por origen  primer errno: Invalid argument / Invalid argument
  → los eventos crudos son específicos de AMD Zen; en otra PMU no existen
  → con OMPT_MASCARAS=0 se vuelve al par 0xFF44/0xD044
[OMPT][PERF] tid=411434 SIN eventos NUMA (solo IPC). Este hilo no podrá disparar migraciones.
    modo=6 mascaras por origen  primer errno: Invalid argument / Invalid argument
  → los eventos crudos son específicos de AMD Zen; en otra PMU no existen
  → con OMPT_MASCARAS=0 se vuelve al par 0xFF44/0xD044
[OMPT][PERF] tid=411422 SIN eventos NUMA (solo IPC). Este hilo no podrá disparar migraciones.
    modo=6 mascaras por origen  primer errno: Invalid argument / Invalid argument
  → los eventos crudos son específicos de AMD Zen; en otra PMU no existen
  → con OMPT_MASCARAS=0 se vuelve al par 0xFF44/0xD044
[OMPT][PERF] tid=411410 SIN eventos NUMA (solo IPC). Este hilo no podrá disparar migraciones.
    modo=6 mascaras por origen  primer errno: Invalid argument / Invalid argument
  → los eventos crudos son específicos de AMD Zen; en otra PMU no existen
  → con OMPT_MASCARAS=0 se vuelve al par 0xFF44/0xD044
[OMPT][PERF] tid=411437 SIN eventos NUMA (solo IPC). Este hilo no podrá disparar migraciones.
    modo=6 mascaras por origen  primer errno: Invalid argument / Invalid argument
  → los eventos crudos son específicos de AMD Zen; en otra PMU no existen
  → con OMPT_MASCARAS=0 se vuelve al par 0xFF44/0xD044
[OMPT][PERF] tid=411431 SIN eventos NUMA (solo IPC). Este hilo no podrá disparar migraciones.
    modo=6 mascaras por origen  primer errno: Invalid argument / Invalid argument
  → los eventos crudos son específicos de AMD Zen; en otra PMU no existen
  → con OMPT_MASCARAS=0 se vuelve al par 0xFF44/0xD044
[OMPT][PERF] tid=411432 SIN eventos NUMA (solo IPC). Este hilo no podrá disparar migraciones.
    modo=6 mascaras por origen  primer errno: Invalid argument / Invalid argument
  → los eventos crudos son específicos de AMD Zen; en otra PMU no existen
  → con OMPT_MASCARAS=0 se vuelve al par 0xFF44/0xD044
[OMPT][PERF] tid=411423 SIN eventos NUMA (solo IPC). Este hilo no podrá disparar migraciones.
    modo=6 mascaras por origen  primer errno: Invalid argument / Invalid argument
  → los eventos crudos son específicos de AMD Zen; en otra PMU no existen
  → con OMPT_MASCARAS=0 se vuelve al par 0xFF44/0xD044
[OMPT][PERF] tid=411413 SIN eventos NUMA (solo IPC). Este hilo no podrá disparar migraciones.
    modo=6 mascaras por origen  primer errno: Invalid argument / Invalid argument
  → los eventos crudos son específicos de AMD Zen; en otra PMU no existen
  → con OMPT_MASCARAS=0 se vuelve al par 0xFF44/0xD044
[OMPT][PERF] tid=411440 SIN eventos NUMA (solo IPC). Este hilo no podrá disparar migraciones.
    modo=6 mascaras por origen  primer errno: Invalid argument / Invalid argument
  → los eventos crudos son específicos de AMD Zen; en otra PMU no existen
  → con OMPT_MASCARAS=0 se vuelve al par 0xFF44/0xD044
[OMPT][PERF] tid=411438 SIN eventos NUMA (solo IPC). Este hilo no podrá disparar migraciones.
    modo=6 mascaras por origen  primer errno: Invalid argument / Invalid argument
  → los eventos crudos son específicos de AMD Zen; en otra PMU no existen
  → con OMPT_MASCARAS=0 se vuelve al par 0xFF44/0xD044
[OMPT][PERF] tid=411436 SIN eventos NUMA (solo IPC). Este hilo no podrá disparar migraciones.
    modo=6 mascaras por origen  primer errno: Invalid argument / Invalid argument
  → los eventos crudos son específicos de AMD Zen; en otra PMU no existen
  → con OMPT_MASCARAS=0 se vuelve al par 0xFF44/0xD044
[OMPT][PERF] tid=411435 SIN eventos NUMA (solo IPC). Este hilo no podrá disparar migraciones.
    modo=6 mascaras por origen  primer errno: Invalid argument / Invalid argument
  → los eventos crudos son específicos de AMD Zen; en otra PMU no existen
  → con OMPT_MASCARAS=0 se vuelve al par 0xFF44/0xD044
[OMPT][PERF] tid=411447 SIN eventos NUMA (solo IPC). Este hilo no podrá disparar migraciones.
    modo=6 mascaras por origen  primer errno: Invalid argument / Invalid argument
  → los eventos crudos son específicos de AMD Zen; en otra PMU no existen
  → con OMPT_MASCARAS=0 se vuelve al par 0xFF44/0xD044
[OMPT][PERF] tid=411441 SIN eventos NUMA (solo IPC). Este hilo no podrá disparar migraciones.
    modo=6 mascaras por origen  primer errno: Invalid argument / Invalid argument
  → los eventos crudos son específicos de AMD Zen; en otra PMU no existen
  → con OMPT_MASCARAS=0 se vuelve al par 0xFF44/0xD044
[OMPT][PERF] tid=411439 SIN eventos NUMA (solo IPC). Este hilo no podrá disparar migraciones.
    modo=6 mascaras por origen  primer errno: Invalid argument / Invalid argument
  → los eventos crudos son específicos de AMD Zen; en otra PMU no existen
  → con OMPT_MASCARAS=0 se vuelve al par 0xFF44/0xD044
[OMPT][PERF] tid=411450 SIN eventos NUMA (solo IPC). Este hilo no podrá disparar migraciones.
    modo=6 mascaras por origen  primer errno: Invalid argument / Invalid argument
  → los eventos crudos son específicos de AMD Zen; en otra PMU no existen
  → con OMPT_MASCARAS=0 se vuelve al par 0xFF44/0xD044
[OMPT][PERF] tid=411444 SIN eventos NUMA (solo IPC). Este hilo no podrá disparar migraciones.
    modo=6 mascaras por origen  primer errno: Invalid argument / Invalid argument
  → los eventos crudos son específicos de AMD Zen; en otra PMU no existen
  → con OMPT_MASCARAS=0 se vuelve al par 0xFF44/0xD044
[OMPT][PERF] tid=411451 SIN eventos NUMA (solo IPC). Este hilo no podrá disparar migraciones.
    modo=6 mascaras por origen  primer errno: Invalid argument / Invalid argument
  → los eventos crudos son específicos de AMD Zen; en otra PMU no existen
  → con OMPT_MASCARAS=0 se vuelve al par 0xFF44/0xD044
[OMPT][PERF] tid=411446 SIN eventos NUMA (solo IPC). Este hilo no podrá disparar migraciones.
    modo=6 mascaras por origen  primer errno: Invalid argument / Invalid argument
  → los eventos crudos son específicos de AMD Zen; en otra PMU no existen
  → con OMPT_MASCARAS=0 se vuelve al par 0xFF44/0xD044
[OMPT][PERF] tid=411455 SIN eventos NUMA (solo IPC). Este hilo no podrá disparar migraciones.
    modo=6 mascaras por origen  primer errno: Invalid argument / Invalid argument
  → los eventos crudos son específicos de AMD Zen; en otra PMU no existen
  → con OMPT_MASCARAS=0 se vuelve al par 0xFF44/0xD044
[OMPT][PERF] tid=411454 SIN eventos NUMA (solo IPC). Este hilo no podrá disparar migraciones.
    modo=6 mascaras por origen  primer errno: Invalid argument / Invalid argument
  → los eventos crudos son específicos de AMD Zen; en otra PMU no existen
  → con OMPT_MASCARAS=0 se vuelve al par 0xFF44/0xD044
[OMPT][PERF] tid=411427 SIN eventos NUMA (solo IPC). Este hilo no podrá disparar migraciones.
    modo=6 mascaras por origen  primer errno: Invalid argument / Invalid argument
  → los eventos crudos son específicos de AMD Zen; en otra PMU no existen
  → con OMPT_MASCARAS=0 se vuelve al par 0xFF44/0xD044
[OMPT][PERF] tid=411430 SIN eventos NUMA (solo IPC). Este hilo no podrá disparar migraciones.
    modo=6 mascaras por origen  primer errno: Invalid argument / Invalid argument
  → los eventos crudos son específicos de AMD Zen; en otra PMU no existen
  → con OMPT_MASCARAS=0 se vuelve al par 0xFF44/0xD044
[OMPT][PERF] tid=411449 SIN eventos NUMA (solo IPC). Este hilo no podrá disparar migraciones.
    modo=6 mascaras por origen  primer errno: Invalid argument / Invalid argument
  → los eventos crudos son específicos de AMD Zen; en otra PMU no existen
  → con OMPT_MASCARAS=0 se vuelve al par 0xFF44/0xD044
[OMPT][PERF] tid=411448 SIN eventos NUMA (solo IPC). Este hilo no podrá disparar migraciones.
    modo=6 mascaras por origen  primer errno: Invalid argument / Invalid argument
  → los eventos crudos son específicos de AMD Zen; en otra PMU no existen
  → con OMPT_MASCARAS=0 se vuelve al par 0xFF44/0xD044
[OMPT][PERF] tid=411452 SIN eventos NUMA (solo IPC). Este hilo no podrá disparar migraciones.
    modo=6 mascaras por origen  primer errno: Invalid argument / Invalid argument
  → los eventos crudos son específicos de AMD Zen; en otra PMU no existen
  → con OMPT_MASCARAS=0 se vuelve al par 0xFF44/0xD044
[OMPT][PERF] tid=411442 SIN eventos NUMA (solo IPC). Este hilo no podrá disparar migraciones.
    modo=6 mascaras por origen  primer errno: Invalid argument / Invalid argument
  → los eventos crudos son específicos de AMD Zen; en otra PMU no existen
  → con OMPT_MASCARAS=0 se vuelve al par 0xFF44/0xD044
[OMPT][PERF] tid=411443 SIN eventos NUMA (solo IPC). Este hilo no podrá disparar migraciones.
    modo=6 mascaras por origen  primer errno: Invalid argument / Invalid argument
  → los eventos crudos son específicos de AMD Zen; en otra PMU no existen
  → con OMPT_MASCARAS=0 se vuelve al par 0xFF44/0xD044
[OMPT][PERF] tid=411453 SIN eventos NUMA (solo IPC). Este hilo no podrá disparar migraciones.
    modo=6 mascaras por origen  primer errno: Invalid argument / Invalid argument
  → los eventos crudos son específicos de AMD Zen; en otra PMU no existen
  → con OMPT_MASCARAS=0 se vuelve al par 0xFF44/0xD044
[OMPT][PERF] tid=411407 SIN eventos NUMA (solo IPC). Este hilo no podrá disparar migraciones.
    modo=6 mascaras por origen  primer errno: Invalid argument / Invalid argument
  → los eventos crudos son específicos de AMD Zen; en otra PMU no existen
  → con OMPT_MASCARAS=0 se vuelve al par 0xFF44/0xD044
[OMPT][PERF] tid=411445 SIN eventos NUMA (solo IPC). Este hilo no podrá disparar migraciones.
    modo=6 mascaras por origen  primer errno: Invalid argument / Invalid argument
  → los eventos crudos son específicos de AMD Zen; en otra PMU no existen
  → con OMPT_MASCARAS=0 se vuelve al par 0xFF44/0xD044
[OMPT][PERF] tid=411456 SIN eventos NUMA (solo IPC). Este hilo no podrá disparar migraciones.
    modo=6 mascaras por origen  primer errno: Invalid argument / Invalid argument
  → los eventos crudos son específicos de AMD Zen; en otra PMU no existen
  → con OMPT_MASCARAS=0 se vuelve al par 0xFF44/0xD044
[OMPT][PERF] tid=411414 SIN eventos NUMA (solo IPC). Este hilo no podrá disparar migraciones.
    modo=6 mascaras por origen  primer errno: Invalid argument / Invalid argument
  → los eventos crudos son específicos de AMD Zen; en otra PMU no existen
  → con OMPT_MASCARAS=0 se vuelve al par 0xFF44/0xD044
[perf_region] tool OMPT detectado: los contadores los lleva el tool, no se abren aqui
[OMPT] control_tool: INICIANDO medicion
[OMPT] control_tool: PAUSANDO medicion
[OMPT] ompt_finalize
[OMPT][MON] Monitor detenido tras 2 ventanas
[OMPT] CSV de ventanas: 0 filas volcadas (0 descartadas)
[OMPT] ===== Tabla final: 64 hilos =====
[OMPT] tid=411392 ompt_id=281474976710657 tipo=ompt_thread_initial    last_cpu=255 numa=1 mig=0 fallos=0 perf=ipc_only ipc=0.648 ratio_rm=-1.0000
[OMPT] tid=411394 ompt_id=562949953421313 tipo=ompt_thread_worker     last_cpu=207 numa=1 mig=0 fallos=0 perf=ipc_only ipc=0.625 ratio_rm=-1.0000
[OMPT] tid=411395 ompt_id=844424930131969 tipo=ompt_thread_worker     last_cpu=127 numa=1 mig=0 fallos=0 perf=ipc_only ipc=0.630 ratio_rm=-1.0000
[OMPT] tid=411396 ompt_id=1125899906842625 tipo=ompt_thread_worker     last_cpu=120 numa=1 mig=0 fallos=0 perf=ipc_only ipc=0.560 ratio_rm=-1.0000
[OMPT] tid=411398 ompt_id=1688849860263937 tipo=ompt_thread_worker     last_cpu= 27 numa=0 mig=0 fallos=0 perf=ipc_only ipc=0.535 ratio_rm=-1.0000
[OMPT] tid=411400 ompt_id=2251799813685249 tipo=ompt_thread_worker     last_cpu=126 numa=1 mig=0 fallos=0 perf=ipc_only ipc=0.525 ratio_rm=-1.0000
[OMPT] tid=411399 ompt_id=1970324836974593 tipo=ompt_thread_worker     last_cpu=126 numa=1 mig=0 fallos=0 perf=ipc_only ipc=0.498 ratio_rm=-1.0000
[OMPT] tid=411401 ompt_id=2533274790395905 tipo=ompt_thread_worker     last_cpu=125 numa=1 mig=0 fallos=0 perf=ipc_only ipc=0.423 ratio_rm=-1.0000
[OMPT] tid=411403 ompt_id=3096224743817217 tipo=ompt_thread_worker     last_cpu=  2 numa=0 mig=0 fallos=0 perf=ipc_only ipc=0.582 ratio_rm=-1.0000
[OMPT] tid=411406 ompt_id=3940649673949185 tipo=ompt_thread_worker     last_cpu=253 numa=1 mig=0 fallos=0 perf=ipc_only ipc=0.485 ratio_rm=-1.0000
[OMPT] tid=411409 ompt_id=4785074604081153 tipo=ompt_thread_worker     last_cpu=123 numa=1 mig=0 fallos=0 perf=ipc_only ipc=0.410 ratio_rm=-1.0000
[OMPT] tid=411404 ompt_id=3377699720527873 tipo=ompt_thread_worker     last_cpu=247 numa=1 mig=0 fallos=0 perf=ipc_only ipc=0.635 ratio_rm=-1.0000
[OMPT] tid=411405 ompt_id=3659174697238529 tipo=ompt_thread_worker     last_cpu=124 numa=1 mig=0 fallos=0 perf=ipc_only ipc=0.552 ratio_rm=-1.0000
[OMPT] tid=411408 ompt_id=4503599627370497 tipo=ompt_thread_worker     last_cpu=251 numa=1 mig=0 fallos=0 perf=ipc_only ipc=0.525 ratio_rm=-1.0000
[OMPT] tid=411412 ompt_id=5629499534213121 tipo=ompt_thread_worker     last_cpu=254 numa=1 mig=0 fallos=0 perf=ipc_only ipc=0.563 ratio_rm=-1.0000
[OMPT] tid=411411 ompt_id=5348024557502465 tipo=ompt_thread_worker     last_cpu= 29 numa=0 mig=0 fallos=0 perf=ipc_only ipc=0.534 ratio_rm=-1.0000
[OMPT] tid=411417 ompt_id=7036874417766401 tipo=ompt_thread_worker     last_cpu=250 numa=1 mig=0 fallos=0 perf=ipc_only ipc=0.399 ratio_rm=-1.0000
[OMPT] tid=411418 ompt_id=7318349394477057 tipo=ompt_thread_worker     last_cpu= 35 numa=0 mig=0 fallos=0 perf=ipc_only ipc=0.599 ratio_rm=-1.0000
[OMPT] tid=411397 ompt_id=1407374883553281 tipo=ompt_thread_worker     last_cpu= 30 numa=0 mig=0 fallos=0 perf=ipc_only ipc=0.520 ratio_rm=-1.0000
[OMPT] tid=411421 ompt_id=8162774324609025 tipo=ompt_thread_worker     last_cpu=248 numa=1 mig=0 fallos=0 perf=ipc_only ipc=0.420 ratio_rm=-1.0000
[OMPT] tid=411416 ompt_id=6755399441055745 tipo=ompt_thread_worker     last_cpu=252 numa=1 mig=0 fallos=0 perf=ipc_only ipc=0.679 ratio_rm=-1.0000
[OMPT] tid=411419 ompt_id=7599824371187713 tipo=ompt_thread_worker     last_cpu=250 numa=1 mig=0 fallos=0 perf=ipc_only ipc=0.627 ratio_rm=-1.0000
[OMPT] tid=411424 ompt_id=9007199254740993 tipo=ompt_thread_worker     last_cpu=143 numa=0 mig=0 fallos=0 perf=ipc_only ipc=0.562 ratio_rm=-1.0000
[OMPT] tid=411402 ompt_id=2814749767106561 tipo=ompt_thread_worker     last_cpu=125 numa=1 mig=0 fallos=0 perf=ipc_only ipc=0.620 ratio_rm=-1.0000
[OMPT] tid=411415 ompt_id=6473924464345089 tipo=ompt_thread_worker     last_cpu=252 numa=1 mig=0 fallos=0 perf=ipc_only ipc=0.677 ratio_rm=-1.0000
[OMPT] tid=411420 ompt_id=7881299347898369 tipo=ompt_thread_worker     last_cpu=215 numa=1 mig=0 fallos=0 perf=ipc_only ipc=0.634 ratio_rm=-1.0000
[OMPT] tid=411428 ompt_id=10133099161583617 tipo=ompt_thread_worker     last_cpu=191 numa=0 mig=0 fallos=0 perf=ipc_only ipc=0.593 ratio_rm=-1.0000
[OMPT] tid=411429 ompt_id=10414574138294273 tipo=ompt_thread_worker     last_cpu=253 numa=1 mig=0 fallos=0 perf=ipc_only ipc=0.530 ratio_rm=-1.0000
[OMPT] tid=411426 ompt_id=9570149208162305 tipo=ompt_thread_worker     last_cpu=122 numa=1 mig=0 fallos=0 perf=ipc_only ipc=0.623 ratio_rm=-1.0000
[OMPT] tid=411425 ompt_id=9288674231451649 tipo=ompt_thread_worker     last_cpu=122 numa=1 mig=0 fallos=0 perf=ipc_only ipc=0.395 ratio_rm=-1.0000
[OMPT] tid=411433 ompt_id=11540474045136897 tipo=ompt_thread_worker     last_cpu=251 numa=1 mig=0 fallos=0 perf=ipc_only ipc=0.343 ratio_rm=-1.0000
[OMPT] tid=411434 ompt_id=11821949021847553 tipo=ompt_thread_worker     last_cpu=  8 numa=0 mig=0 fallos=0 perf=ipc_only ipc=0.610 ratio_rm=-1.0000
[OMPT] tid=411422 ompt_id=8444249301319681 tipo=ompt_thread_worker     last_cpu=248 numa=1 mig=0 fallos=0 perf=ipc_only ipc=0.634 ratio_rm=-1.0000
[OMPT] tid=411410 ompt_id=5066549580791809 tipo=ompt_thread_worker     last_cpu=123 numa=1 mig=0 fallos=0 perf=ipc_only ipc=0.606 ratio_rm=-1.0000
[OMPT] tid=411437 ompt_id=12666373951979521 tipo=ompt_thread_worker     last_cpu=249 numa=1 mig=0 fallos=0 perf=ipc_only ipc=0.365 ratio_rm=-1.0000
[OMPT] tid=411431 ompt_id=10977524091715585 tipo=ompt_thread_worker     last_cpu= 48 numa=0 mig=0 fallos=0 perf=ipc_only ipc=0.658 ratio_rm=-1.0000
[OMPT] tid=411432 ompt_id=11258999068426241 tipo=ompt_thread_worker     last_cpu= 88 numa=1 mig=0 fallos=0 perf=ipc_only ipc=0.689 ratio_rm=-1.0000
[OMPT] tid=411423 ompt_id=8725724278030337 tipo=ompt_thread_worker     last_cpu=149 numa=0 mig=0 fallos=0 perf=ipc_only ipc=0.597 ratio_rm=-1.0000
[OMPT] tid=411413 ompt_id=5910974510923777 tipo=ompt_thread_worker     last_cpu=252 numa=1 mig=0 fallos=0 perf=ipc_only ipc=0.315 ratio_rm=-1.0000
[OMPT] tid=411440 ompt_id=13510798882111489 tipo=ompt_thread_worker     last_cpu=  1 numa=0 mig=0 fallos=0 perf=ipc_only ipc=0.566 ratio_rm=-1.0000
[OMPT] tid=411438 ompt_id=12947848928690177 tipo=ompt_thread_worker     last_cpu=249 numa=1 mig=0 fallos=0 perf=ipc_only ipc=0.598 ratio_rm=-1.0000
[OMPT] tid=411436 ompt_id=12384898975268865 tipo=ompt_thread_worker     last_cpu=251 numa=1 mig=0 fallos=0 perf=ipc_only ipc=0.562 ratio_rm=-1.0000
[OMPT] tid=411435 ompt_id=12103423998558209 tipo=ompt_thread_worker     last_cpu=112 numa=1 mig=0 fallos=0 perf=ipc_only ipc=0.674 ratio_rm=-1.0000
[OMPT] tid=411447 ompt_id=15481123719086081 tipo=ompt_thread_worker     last_cpu= 96 numa=1 mig=0 fallos=0 perf=ipc_only ipc=0.604 ratio_rm=-1.0000
[OMPT] tid=411441 ompt_id=13792273858822145 tipo=ompt_thread_worker     last_cpu=121 numa=1 mig=0 fallos=0 perf=ipc_only ipc=0.526 ratio_rm=-1.0000
[OMPT] tid=411439 ompt_id=13229323905400833 tipo=ompt_thread_worker     last_cpu=  3 numa=0 mig=0 fallos=0 perf=ipc_only ipc=0.541 ratio_rm=-1.0000
[OMPT] tid=411450 ompt_id=16325548649218049 tipo=ompt_thread_worker     last_cpu=104 numa=1 mig=0 fallos=0 perf=ipc_only ipc=0.608 ratio_rm=-1.0000
[OMPT] tid=411444 ompt_id=14636698788954113 tipo=ompt_thread_worker     last_cpu=167 numa=0 mig=0 fallos=0 perf=ipc_only ipc=0.560 ratio_rm=-1.0000
[OMPT] tid=411451 ompt_id=16607023625928705 tipo=ompt_thread_worker     last_cpu= 31 numa=0 mig=0 fallos=0 perf=ipc_only ipc=0.507 ratio_rm=-1.0000
[OMPT] tid=411446 ompt_id=15199648742375425 tipo=ompt_thread_worker     last_cpu= 72 numa=1 mig=0 fallos=0 perf=ipc_only ipc=0.610 ratio_rm=-1.0000
[OMPT] tid=411455 ompt_id=17732923532771329 tipo=ompt_thread_worker     last_cpu=113 numa=1 mig=0 fallos=0 perf=ipc_only ipc=0.617 ratio_rm=-1.0000
[OMPT] tid=411454 ompt_id=17451448556060673 tipo=ompt_thread_worker     last_cpu= 80 numa=1 mig=0 fallos=0 perf=ipc_only ipc=0.606 ratio_rm=-1.0000
[OMPT] tid=411427 ompt_id=9851624184872961 tipo=ompt_thread_worker     last_cpu=199 numa=1 mig=0 fallos=0 perf=ipc_only ipc=0.626 ratio_rm=-1.0000
[OMPT] tid=411430 ompt_id=10696049115004929 tipo=ompt_thread_worker     last_cpu= 56 numa=0 mig=0 fallos=0 perf=ipc_only ipc=0.685 ratio_rm=-1.0000
[OMPT] tid=411449 ompt_id=16044073672507393 tipo=ompt_thread_worker     last_cpu=239 numa=1 mig=0 fallos=0 perf=ipc_only ipc=0.605 ratio_rm=-1.0000
[OMPT] tid=411448 ompt_id=15762598695796737 tipo=ompt_thread_worker     last_cpu=  9 numa=0 mig=0 fallos=0 perf=ipc_only ipc=0.565 ratio_rm=-1.0000
[OMPT] tid=411452 ompt_id=16888498602639361 tipo=ompt_thread_worker     last_cpu=231 numa=1 mig=0 fallos=0 perf=ipc_only ipc=0.601 ratio_rm=-1.0000
[OMPT] tid=411442 ompt_id=14073748835532801 tipo=ompt_thread_worker     last_cpu=183 numa=0 mig=0 fallos=0 perf=ipc_only ipc=0.553 ratio_rm=-1.0000
[OMPT] tid=411443 ompt_id=14355223812243457 tipo=ompt_thread_worker     last_cpu=223 numa=1 mig=0 fallos=0 perf=ipc_only ipc=0.603 ratio_rm=-1.0000
[OMPT] tid=411453 ompt_id=17169973579350017 tipo=ompt_thread_worker     last_cpu=  0 numa=0 mig=0 fallos=0 perf=ipc_only ipc=0.542 ratio_rm=-1.0000
[OMPT] tid=411407 ompt_id=4222124650659841 tipo=ompt_thread_worker     last_cpu=175 numa=0 mig=0 fallos=0 perf=ipc_only ipc=0.590 ratio_rm=-1.0000
[OMPT] tid=411445 ompt_id=14918173765664769 tipo=ompt_thread_worker     last_cpu=148 numa=0 mig=0 fallos=0 perf=ipc_only ipc=0.571 ratio_rm=-1.0000
[OMPT] tid=411456 ompt_id=18014398509481985 tipo=ompt_thread_worker     last_cpu= 28 numa=0 mig=0 fallos=0 perf=ipc_only ipc=0.501 ratio_rm=-1.0000
[OMPT] tid=411414 ompt_id=6192449487634433 tipo=ompt_thread_worker     last_cpu= 26 numa=0 mig=0 fallos=0 perf=ipc_only ipc=0.565 ratio_rm=-1.0000
[OMPT] ===== Overhead intrínseco =====
  monitor: 2 ticks, 10.5 us total (max 9.4 us/tick)
  callbacks implicit_task: 10497, 1087546.3 us total
  migraciones: 0 (0.0 us total)
  resyncs=0  lecturas escaladas por multiplexado=0
  hilos con perf fallido=0  parcial(ipc_only)=64
  ventanas con ciclos=0  con fills=0
