[OMPT] ompt_initialize (OPCIÓN C: integrador con fugas)  verbose=0  migracion=activa
[HWLOC] Nodos NUMA detectados: 2 (usados: 2)
[HWLOC] Nodo 0: 128 CPUs
[HWLOC] Nodo 1: 128 CPUs
[OMPT] callback 'ompt_callback_thread_begin' registrado (result=5)
[OMPT] callback 'ompt_callback_thread_end' registrado (result=5)
[OMPT] callback 'ompt_callback_parallel_begin' registrado (result=5)
[OMPT] callback 'ompt_callback_parallel_end' registrado (result=5)
[OMPT] callback 'ompt_callback_implicit_task' registrado (result=5)
[OMPT] callback 'ompt_callback_control_tool' registrado (result=5)
[OMPT] Callbacks registrados
[OMPT] Sistema: 0 procesadores lógicos
[OMPT][MON] Monitor (C: integrador con fugas)  período=100ms  warmup=5  T=ref+1.00*MAD  leak=0.50*MAD  cap=8.00*MAD  max_mig=1  migracion=activa
[OMPT][PERF] tid=452519 SIN eventos NUMA (solo IPC). Este hilo no podrá disparar migraciones.
    modo=6 mascaras por origen  primer errno: Invalid argument / Invalid argument
  → los eventos crudos son específicos de AMD Zen; en otra PMU no existen
  → con OMPT_MASCARAS=0 se vuelve al par 0xFF44/0xD044
[OMPT][PERF] tid=452521 SIN eventos NUMA (solo IPC). Este hilo no podrá disparar migraciones.
    modo=6 mascaras por origen  primer errno: Invalid argument / Invalid argument
  → los eventos crudos son específicos de AMD Zen; en otra PMU no existen
  → con OMPT_MASCARAS=0 se vuelve al par 0xFF44/0xD044
[OMPT][PERF] tid=452523 SIN eventos NUMA (solo IPC). Este hilo no podrá disparar migraciones.
    modo=6 mascaras por origen  primer errno: Invalid argument / Invalid argument
  → los eventos crudos son específicos de AMD Zen; en otra PMU no existen
  → con OMPT_MASCARAS=0 se vuelve al par 0xFF44/0xD044
[OMPT][PERF] tid=452522 SIN eventos NUMA (solo IPC). Este hilo no podrá disparar migraciones.
    modo=6 mascaras por origen  primer errno: Invalid argument / Invalid argument
  → los eventos crudos son específicos de AMD Zen; en otra PMU no existen
  → con OMPT_MASCARAS=0 se vuelve al par 0xFF44/0xD044
[OMPT][PERF] tid=452525 SIN eventos NUMA (solo IPC). Este hilo no podrá disparar migraciones.
    modo=6 mascaras por origen  primer errno: Invalid argument / Invalid argument
  → los eventos crudos son específicos de AMD Zen; en otra PMU no existen
  → con OMPT_MASCARAS=0 se vuelve al par 0xFF44/0xD044
[OMPT][PERF] tid=452527 SIN eventos NUMA (solo IPC). Este hilo no podrá disparar migraciones.
    modo=6 mascaras por origen  primer errno: Invalid argument / Invalid argument
  → los eventos crudos son específicos de AMD Zen; en otra PMU no existen
  → con OMPT_MASCARAS=0 se vuelve al par 0xFF44/0xD044
[OMPT][PERF] tid=452526 SIN eventos NUMA (solo IPC). Este hilo no podrá disparar migraciones.
    modo=6 mascaras por origen  primer errno: Invalid argument / Invalid argument
  → los eventos crudos son específicos de AMD Zen; en otra PMU no existen
  → con OMPT_MASCARAS=0 se vuelve al par 0xFF44/0xD044
[OMPT][PERF] tid=452531 SIN eventos NUMA (solo IPC). Este hilo no podrá disparar migraciones.
    modo=6 mascaras por origen  primer errno: Invalid argument / Invalid argument
  → los eventos crudos son específicos de AMD Zen; en otra PMU no existen
  → con OMPT_MASCARAS=0 se vuelve al par 0xFF44/0xD044
[OMPT][PERF] tid=452529 SIN eventos NUMA (solo IPC). Este hilo no podrá disparar migraciones.
    modo=6 mascaras por origen  primer errno: Invalid argument / Invalid argument
  → los eventos crudos son específicos de AMD Zen; en otra PMU no existen
  → con OMPT_MASCARAS=0 se vuelve al par 0xFF44/0xD044
[OMPT][PERF] tid=452524 SIN eventos NUMA (solo IPC). Este hilo no podrá disparar migraciones.
    modo=6 mascaras por origen  primer errno: Invalid argument / Invalid argument
  → los eventos crudos son específicos de AMD Zen; en otra PMU no existen
  → con OMPT_MASCARAS=0 se vuelve al par 0xFF44/0xD044
[OMPT][PERF] tid=452533 SIN eventos NUMA (solo IPC). Este hilo no podrá disparar migraciones.
    modo=6 mascaras por origen  primer errno: Invalid argument / Invalid argument
  → los eventos crudos son específicos de AMD Zen; en otra PMU no existen
  → con OMPT_MASCARAS=0 se vuelve al par 0xFF44/0xD044
[OMPT][PERF] tid=452534 SIN eventos NUMA (solo IPC). Este hilo no podrá disparar migraciones.
    modo=6 mascaras por origen  primer errno: Invalid argument / Invalid argument
  → los eventos crudos son específicos de AMD Zen; en otra PMU no existen
  → con OMPT_MASCARAS=0 se vuelve al par 0xFF44/0xD044
[OMPT][PERF] tid=452532 SIN eventos NUMA (solo IPC). Este hilo no podrá disparar migraciones.
    modo=6 mascaras por origen  primer errno: Invalid argument / Invalid argument
  → los eventos crudos son específicos de AMD Zen; en otra PMU no existen
  → con OMPT_MASCARAS=0 se vuelve al par 0xFF44/0xD044
[OMPT][PERF] tid=452537 SIN eventos NUMA (solo IPC). Este hilo no podrá disparar migraciones.
    modo=6 mascaras por origen  primer errno: Invalid argument / Invalid argument
  → los eventos crudos son específicos de AMD Zen; en otra PMU no existen
  → con OMPT_MASCARAS=0 se vuelve al par 0xFF44/0xD044
[OMPT][PERF] tid=452539 SIN eventos NUMA (solo IPC). Este hilo no podrá disparar migraciones.
    modo=6 mascaras por origen  primer errno: Invalid argument / Invalid argument
  → los eventos crudos son específicos de AMD Zen; en otra PMU no existen
  → con OMPT_MASCARAS=0 se vuelve al par 0xFF44/0xD044
[OMPT][PERF] tid=452535 SIN eventos NUMA (solo IPC). Este hilo no podrá disparar migraciones.
    modo=6 mascaras por origen  primer errno: Invalid argument / Invalid argument
  → los eventos crudos son específicos de AMD Zen; en otra PMU no existen
  → con OMPT_MASCARAS=0 se vuelve al par 0xFF44/0xD044
[OMPT][PERF] tid=452541 SIN eventos NUMA (solo IPC). Este hilo no podrá disparar migraciones.
    modo=6 mascaras por origen  primer errno: Invalid argument / Invalid argument
  → los eventos crudos son específicos de AMD Zen; en otra PMU no existen
  → con OMPT_MASCARAS=0 se vuelve al par 0xFF44/0xD044
[OMPT][PERF] tid=452538 SIN eventos NUMA (solo IPC). Este hilo no podrá disparar migraciones.
    modo=6 mascaras por origen  primer errno: Invalid argument / Invalid argument
  → los eventos crudos son específicos de AMD Zen; en otra PMU no existen
  → con OMPT_MASCARAS=0 se vuelve al par 0xFF44/0xD044
[OMPT][PERF] tid=452536 SIN eventos NUMA (solo IPC). Este hilo no podrá disparar migraciones.
    modo=6 mascaras por origen  primer errno: Invalid argument / Invalid argument
  → los eventos crudos son específicos de AMD Zen; en otra PMU no existen
  → con OMPT_MASCARAS=0 se vuelve al par 0xFF44/0xD044
[OMPT][PERF] tid=452543 SIN eventos NUMA (solo IPC). Este hilo no podrá disparar migraciones.
    modo=6 mascaras por origen  primer errno: Invalid argument / Invalid argument
  → los eventos crudos son específicos de AMD Zen; en otra PMU no existen
  → con OMPT_MASCARAS=0 se vuelve al par 0xFF44/0xD044
[OMPT][PERF] tid=452545 SIN eventos NUMA (solo IPC). Este hilo no podrá disparar migraciones.
    modo=6 mascaras por origen  primer errno: Invalid argument / Invalid argument
  → los eventos crudos son específicos de AMD Zen; en otra PMU no existen
  → con OMPT_MASCARAS=0 se vuelve al par 0xFF44/0xD044
[OMPT][PERF] tid=452540 SIN eventos NUMA (solo IPC). Este hilo no podrá disparar migraciones.
    modo=6 mascaras por origen  primer errno: Invalid argument / Invalid argument
  → los eventos crudos son específicos de AMD Zen; en otra PMU no existen
  → con OMPT_MASCARAS=0 se vuelve al par 0xFF44/0xD044
[OMPT][PERF] tid=452542 SIN eventos NUMA (solo IPC). Este hilo no podrá disparar migraciones.
    modo=6 mascaras por origen  primer errno: Invalid argument / Invalid argument
  → los eventos crudos son específicos de AMD Zen; en otra PMU no existen
  → con OMPT_MASCARAS=0 se vuelve al par 0xFF44/0xD044
[OMPT][PERF] tid=452548 SIN eventos NUMA (solo IPC). Este hilo no podrá disparar migraciones.
    modo=6 mascaras por origen  primer errno: Invalid argument / Invalid argument
  → los eventos crudos son específicos de AMD Zen; en otra PMU no existen
  → con OMPT_MASCARAS=0 se vuelve al par 0xFF44/0xD044
[OMPT][PERF] tid=452546 SIN eventos NUMA (solo IPC). Este hilo no podrá disparar migraciones.
    modo=6 mascaras por origen  primer errno: Invalid argument / Invalid argument
  → los eventos crudos son específicos de AMD Zen; en otra PMU no existen
  → con OMPT_MASCARAS=0 se vuelve al par 0xFF44/0xD044
[OMPT][PERF] tid=452530 SIN eventos NUMA (solo IPC). Este hilo no podrá disparar migraciones.
    modo=6 mascaras por origen  primer errno: Invalid argument / Invalid argument
  → los eventos crudos son específicos de AMD Zen; en otra PMU no existen
  → con OMPT_MASCARAS=0 se vuelve al par 0xFF44/0xD044
[OMPT][PERF] tid=452550 SIN eventos NUMA (solo IPC). Este hilo no podrá disparar migraciones.
    modo=6 mascaras por origen  primer errno: Invalid argument / Invalid argument
  → los eventos crudos son específicos de AMD Zen; en otra PMU no existen
  → con OMPT_MASCARAS=0 se vuelve al par 0xFF44/0xD044
[OMPT][PERF] tid=452547 SIN eventos NUMA (solo IPC). Este hilo no podrá disparar migraciones.
    modo=6 mascaras por origen  primer errno: Invalid argument / Invalid argument
  → los eventos crudos son específicos de AMD Zen; en otra PMU no existen
  → con OMPT_MASCARAS=0 se vuelve al par 0xFF44/0xD044
[OMPT][PERF] tid=452544 SIN eventos NUMA (solo IPC). Este hilo no podrá disparar migraciones.
    modo=6 mascaras por origen  primer errno: Invalid argument / Invalid argument
  → los eventos crudos son específicos de AMD Zen; en otra PMU no existen
  → con OMPT_MASCARAS=0 se vuelve al par 0xFF44/0xD044
[OMPT][PERF] tid=452551 SIN eventos NUMA (solo IPC). Este hilo no podrá disparar migraciones.
    modo=6 mascaras por origen  primer errno: Invalid argument / Invalid argument
  → los eventos crudos son específicos de AMD Zen; en otra PMU no existen
  → con OMPT_MASCARAS=0 se vuelve al par 0xFF44/0xD044
[OMPT][PERF] tid=452549 SIN eventos NUMA (solo IPC). Este hilo no podrá disparar migraciones.
    modo=6 mascaras por origen  primer errno: Invalid argument / Invalid argument
  → los eventos crudos son específicos de AMD Zen; en otra PMU no existen
  → con OMPT_MASCARAS=0 se vuelve al par 0xFF44/0xD044
[OMPT][PERF] tid=452554 SIN eventos NUMA (solo IPC). Este hilo no podrá disparar migraciones.
    modo=6 mascaras por origen  primer errno: Invalid argument / Invalid argument
  → los eventos crudos son específicos de AMD Zen; en otra PMU no existen
  → con OMPT_MASCARAS=0 se vuelve al par 0xFF44/0xD044
[OMPT][PERF] tid=452553 SIN eventos NUMA (solo IPC). Este hilo no podrá disparar migraciones.
    modo=6 mascaras por origen  primer errno: Invalid argument / Invalid argument
  → los eventos crudos son específicos de AMD Zen; en otra PMU no existen
  → con OMPT_MASCARAS=0 se vuelve al par 0xFF44/0xD044
[OMPT][PERF] tid=452558 SIN eventos NUMA (solo IPC). Este hilo no podrá disparar migraciones.
    modo=6 mascaras por origen  primer errno: Invalid argument / Invalid argument
  → los eventos crudos son específicos de AMD Zen; en otra PMU no existen
  → con OMPT_MASCARAS=0 se vuelve al par 0xFF44/0xD044
[OMPT][PERF] tid=452555 SIN eventos NUMA (solo IPC). Este hilo no podrá disparar migraciones.
    modo=6 mascaras por origen  primer errno: Invalid argument / Invalid argument
  → los eventos crudos son específicos de AMD Zen; en otra PMU no existen
  → con OMPT_MASCARAS=0 se vuelve al par 0xFF44/0xD044
[OMPT][PERF] tid=452559 SIN eventos NUMA (solo IPC). Este hilo no podrá disparar migraciones.
    modo=6 mascaras por origen  primer errno: Invalid argument / Invalid argument
  → los eventos crudos son específicos de AMD Zen; en otra PMU no existen
  → con OMPT_MASCARAS=0 se vuelve al par 0xFF44/0xD044
[OMPT][PERF] tid=452560 SIN eventos NUMA (solo IPC). Este hilo no podrá disparar migraciones.
    modo=6 mascaras por origen  primer errno: Invalid argument / Invalid argument
  → los eventos crudos son específicos de AMD Zen; en otra PMU no existen
  → con OMPT_MASCARAS=0 se vuelve al par 0xFF44/0xD044
[OMPT][PERF] tid=452552 SIN eventos NUMA (solo IPC). Este hilo no podrá disparar migraciones.
    modo=6 mascaras por origen  primer errno: Invalid argument / Invalid argument
  → los eventos crudos son específicos de AMD Zen; en otra PMU no existen
  → con OMPT_MASCARAS=0 se vuelve al par 0xFF44/0xD044
[OMPT][PERF] tid=452557 SIN eventos NUMA (solo IPC). Este hilo no podrá disparar migraciones.
    modo=6 mascaras por origen  primer errno: Invalid argument / Invalid argument
  → los eventos crudos son específicos de AMD Zen; en otra PMU no existen
  → con OMPT_MASCARAS=0 se vuelve al par 0xFF44/0xD044
[OMPT][PERF] tid=452561 SIN eventos NUMA (solo IPC). Este hilo no podrá disparar migraciones.
    modo=6 mascaras por origen  primer errno: Invalid argument / Invalid argument
  → los eventos crudos son específicos de AMD Zen; en otra PMU no existen
  → con OMPT_MASCARAS=0 se vuelve al par 0xFF44/0xD044
[OMPT][PERF] tid=452562 SIN eventos NUMA (solo IPC). Este hilo no podrá disparar migraciones.
    modo=6 mascaras por origen  primer errno: Invalid argument / Invalid argument
  → los eventos crudos son específicos de AMD Zen; en otra PMU no existen
  → con OMPT_MASCARAS=0 se vuelve al par 0xFF44/0xD044
[OMPT][PERF] tid=452528 SIN eventos NUMA (solo IPC). Este hilo no podrá disparar migraciones.
    modo=6 mascaras por origen  primer errno: Invalid argument / Invalid argument
  → los eventos crudos son específicos de AMD Zen; en otra PMU no existen
  → con OMPT_MASCARAS=0 se vuelve al par 0xFF44/0xD044
[OMPT][PERF] tid=452567 SIN eventos NUMA (solo IPC). Este hilo no podrá disparar migraciones.
    modo=6 mascaras por origen  primer errno: Invalid argument / Invalid argument
  → los eventos crudos son específicos de AMD Zen; en otra PMU no existen
  → con OMPT_MASCARAS=0 se vuelve al par 0xFF44/0xD044
[OMPT][PERF] tid=452556 SIN eventos NUMA (solo IPC). Este hilo no podrá disparar migraciones.
    modo=6 mascaras por origen  primer errno: Invalid argument / Invalid argument
  → los eventos crudos son específicos de AMD Zen; en otra PMU no existen
  → con OMPT_MASCARAS=0 se vuelve al par 0xFF44/0xD044
[OMPT][PERF] tid=452565 SIN eventos NUMA (solo IPC). Este hilo no podrá disparar migraciones.
    modo=6 mascaras por origen  primer errno: Invalid argument / Invalid argument
  → los eventos crudos son específicos de AMD Zen; en otra PMU no existen
  → con OMPT_MASCARAS=0 se vuelve al par 0xFF44/0xD044
[OMPT][PERF] tid=452569 SIN eventos NUMA (solo IPC). Este hilo no podrá disparar migraciones.
    modo=6 mascaras por origen  primer errno: Invalid argument / Invalid argument
  → los eventos crudos son específicos de AMD Zen; en otra PMU no existen
  → con OMPT_MASCARAS=0 se vuelve al par 0xFF44/0xD044
[OMPT][PERF] tid=452571 SIN eventos NUMA (solo IPC). Este hilo no podrá disparar migraciones.
    modo=6 mascaras por origen  primer errno: Invalid argument / Invalid argument
  → los eventos crudos son específicos de AMD Zen; en otra PMU no existen
  → con OMPT_MASCARAS=0 se vuelve al par 0xFF44/0xD044
[OMPT][PERF] tid=452563 SIN eventos NUMA (solo IPC). Este hilo no podrá disparar migraciones.
    modo=6 mascaras por origen  primer errno: Invalid argument / Invalid argument
  → los eventos crudos son específicos de AMD Zen; en otra PMU no existen
  → con OMPT_MASCARAS=0 se vuelve al par 0xFF44/0xD044
[OMPT][PERF] tid=452568 SIN eventos NUMA (solo IPC). Este hilo no podrá disparar migraciones.
    modo=6 mascaras por origen  primer errno: Invalid argument / Invalid argument
  → los eventos crudos son específicos de AMD Zen; en otra PMU no existen
  → con OMPT_MASCARAS=0 se vuelve al par 0xFF44/0xD044
[OMPT][PERF] tid=452570 SIN eventos NUMA (solo IPC). Este hilo no podrá disparar migraciones.
    modo=6 mascaras por origen  primer errno: Invalid argument / Invalid argument
  → los eventos crudos son específicos de AMD Zen; en otra PMU no existen
  → con OMPT_MASCARAS=0 se vuelve al par 0xFF44/0xD044
[OMPT][PERF] tid=452574 SIN eventos NUMA (solo IPC). Este hilo no podrá disparar migraciones.
    modo=6 mascaras por origen  primer errno: Invalid argument / Invalid argument
  → los eventos crudos son específicos de AMD Zen; en otra PMU no existen
  → con OMPT_MASCARAS=0 se vuelve al par 0xFF44/0xD044
[OMPT][PERF] tid=452576 SIN eventos NUMA (solo IPC). Este hilo no podrá disparar migraciones.
    modo=6 mascaras por origen  primer errno: Invalid argument / Invalid argument
  → los eventos crudos son específicos de AMD Zen; en otra PMU no existen
  → con OMPT_MASCARAS=0 se vuelve al par 0xFF44/0xD044
[OMPT][PERF] tid=452577 SIN eventos NUMA (solo IPC). Este hilo no podrá disparar migraciones.
    modo=6 mascaras por origen  primer errno: Invalid argument / Invalid argument
  → los eventos crudos son específicos de AMD Zen; en otra PMU no existen
  → con OMPT_MASCARAS=0 se vuelve al par 0xFF44/0xD044
[OMPT][PERF] tid=452578 SIN eventos NUMA (solo IPC). Este hilo no podrá disparar migraciones.
    modo=6 mascaras por origen  primer errno: Invalid argument / Invalid argument
  → los eventos crudos son específicos de AMD Zen; en otra PMU no existen
  → con OMPT_MASCARAS=0 se vuelve al par 0xFF44/0xD044
[OMPT][PERF] tid=452575 SIN eventos NUMA (solo IPC). Este hilo no podrá disparar migraciones.
    modo=6 mascaras por origen  primer errno: Invalid argument / Invalid argument
  → los eventos crudos son específicos de AMD Zen; en otra PMU no existen
  → con OMPT_MASCARAS=0 se vuelve al par 0xFF44/0xD044
[OMPT][PERF] tid=452579 SIN eventos NUMA (solo IPC). Este hilo no podrá disparar migraciones.
    modo=6 mascaras por origen  primer errno: Invalid argument / Invalid argument
  → los eventos crudos son específicos de AMD Zen; en otra PMU no existen
  → con OMPT_MASCARAS=0 se vuelve al par 0xFF44/0xD044
[OMPT][PERF] tid=452573 SIN eventos NUMA (solo IPC). Este hilo no podrá disparar migraciones.
    modo=6 mascaras por origen  primer errno: Invalid argument / Invalid argument
  → los eventos crudos son específicos de AMD Zen; en otra PMU no existen
  → con OMPT_MASCARAS=0 se vuelve al par 0xFF44/0xD044
[OMPT][PERF] tid=452566 SIN eventos NUMA (solo IPC). Este hilo no podrá disparar migraciones.
    modo=6 mascaras por origen  primer errno: Invalid argument / Invalid argument
  → los eventos crudos son específicos de AMD Zen; en otra PMU no existen
  → con OMPT_MASCARAS=0 se vuelve al par 0xFF44/0xD044
[OMPT][PERF] tid=452582 SIN eventos NUMA (solo IPC). Este hilo no podrá disparar migraciones.
    modo=6 mascaras por origen  primer errno: Invalid argument / Invalid argument
  → los eventos crudos son específicos de AMD Zen; en otra PMU no existen
  → con OMPT_MASCARAS=0 se vuelve al par 0xFF44/0xD044
[OMPT][PERF] tid=452581 SIN eventos NUMA (solo IPC). Este hilo no podrá disparar migraciones.
    modo=6 mascaras por origen  primer errno: Invalid argument / Invalid argument
  → los eventos crudos son específicos de AMD Zen; en otra PMU no existen
  → con OMPT_MASCARAS=0 se vuelve al par 0xFF44/0xD044
[OMPT][PERF] tid=452584 SIN eventos NUMA (solo IPC). Este hilo no podrá disparar migraciones.
    modo=6 mascaras por origen  primer errno: Invalid argument / Invalid argument
  → los eventos crudos son específicos de AMD Zen; en otra PMU no existen
  → con OMPT_MASCARAS=0 se vuelve al par 0xFF44/0xD044
[OMPT][PERF] tid=452580 SIN eventos NUMA (solo IPC). Este hilo no podrá disparar migraciones.
    modo=6 mascaras por origen  primer errno: Invalid argument / Invalid argument
  → los eventos crudos son específicos de AMD Zen; en otra PMU no existen
  → con OMPT_MASCARAS=0 se vuelve al par 0xFF44/0xD044
[OMPT][PERF] tid=452564 SIN eventos NUMA (solo IPC). Este hilo no podrá disparar migraciones.
    modo=6 mascaras por origen  primer errno: Invalid argument / Invalid argument
  → los eventos crudos son específicos de AMD Zen; en otra PMU no existen
  → con OMPT_MASCARAS=0 se vuelve al par 0xFF44/0xD044
[OMPT][PERF] tid=452572 SIN eventos NUMA (solo IPC). Este hilo no podrá disparar migraciones.
    modo=6 mascaras por origen  primer errno: Invalid argument / Invalid argument
  → los eventos crudos son específicos de AMD Zen; en otra PMU no existen
  → con OMPT_MASCARAS=0 se vuelve al par 0xFF44/0xD044
[OMPT][PERF] tid=452585 SIN eventos NUMA (solo IPC). Este hilo no podrá disparar migraciones.
    modo=6 mascaras por origen  primer errno: Invalid argument / Invalid argument
  → los eventos crudos son específicos de AMD Zen; en otra PMU no existen
  → con OMPT_MASCARAS=0 se vuelve al par 0xFF44/0xD044
[OMPT][PERF] tid=452587 SIN eventos NUMA (solo IPC). Este hilo no podrá disparar migraciones.
    modo=6 mascaras por origen  primer errno: Invalid argument / Invalid argument
  → los eventos crudos son específicos de AMD Zen; en otra PMU no existen
  → con OMPT_MASCARAS=0 se vuelve al par 0xFF44/0xD044
[OMPT][PERF] tid=452583 SIN eventos NUMA (solo IPC). Este hilo no podrá disparar migraciones.
    modo=6 mascaras por origen  primer errno: Invalid argument / Invalid argument
  → los eventos crudos son específicos de AMD Zen; en otra PMU no existen
  → con OMPT_MASCARAS=0 se vuelve al par 0xFF44/0xD044
[OMPT][PERF] tid=452588 SIN eventos NUMA (solo IPC). Este hilo no podrá disparar migraciones.
    modo=6 mascaras por origen  primer errno: Invalid argument / Invalid argument
  → los eventos crudos son específicos de AMD Zen; en otra PMU no existen
  → con OMPT_MASCARAS=0 se vuelve al par 0xFF44/0xD044
[OMPT][PERF] tid=452589 SIN eventos NUMA (solo IPC). Este hilo no podrá disparar migraciones.
    modo=6 mascaras por origen  primer errno: Invalid argument / Invalid argument
  → los eventos crudos son específicos de AMD Zen; en otra PMU no existen
  → con OMPT_MASCARAS=0 se vuelve al par 0xFF44/0xD044
[OMPT][PERF] tid=452592 SIN eventos NUMA (solo IPC). Este hilo no podrá disparar migraciones.
    modo=6 mascaras por origen  primer errno: Invalid argument / Invalid argument
  → los eventos crudos son específicos de AMD Zen; en otra PMU no existen
  → con OMPT_MASCARAS=0 se vuelve al par 0xFF44/0xD044
[OMPT][PERF] tid=452593 SIN eventos NUMA (solo IPC). Este hilo no podrá disparar migraciones.
    modo=6 mascaras por origen  primer errno: Invalid argument / Invalid argument
  → los eventos crudos son específicos de AMD Zen; en otra PMU no existen
  → con OMPT_MASCARAS=0 se vuelve al par 0xFF44/0xD044
[OMPT][PERF] tid=452591 SIN eventos NUMA (solo IPC). Este hilo no podrá disparar migraciones.
    modo=6 mascaras por origen  primer errno: Invalid argument / Invalid argument
  → los eventos crudos son específicos de AMD Zen; en otra PMU no existen
  → con OMPT_MASCARAS=0 se vuelve al par 0xFF44/0xD044
[OMPT][PERF] tid=452590 SIN eventos NUMA (solo IPC). Este hilo no podrá disparar migraciones.
    modo=6 mascaras por origen  primer errno: Invalid argument / Invalid argument
  → los eventos crudos son específicos de AMD Zen; en otra PMU no existen
  → con OMPT_MASCARAS=0 se vuelve al par 0xFF44/0xD044
[OMPT][PERF] tid=452586 SIN eventos NUMA (solo IPC). Este hilo no podrá disparar migraciones.
    modo=6 mascaras por origen  primer errno: Invalid argument / Invalid argument
  → los eventos crudos son específicos de AMD Zen; en otra PMU no existen
  → con OMPT_MASCARAS=0 se vuelve al par 0xFF44/0xD044
[OMPT][PERF] tid=452596 SIN eventos NUMA (solo IPC). Este hilo no podrá disparar migraciones.
    modo=6 mascaras por origen  primer errno: Invalid argument / Invalid argument
  → los eventos crudos son específicos de AMD Zen; en otra PMU no existen
  → con OMPT_MASCARAS=0 se vuelve al par 0xFF44/0xD044
[OMPT][PERF] tid=452595 SIN eventos NUMA (solo IPC). Este hilo no podrá disparar migraciones.
    modo=6 mascaras por origen  primer errno: Invalid argument / Invalid argument
  → los eventos crudos son específicos de AMD Zen; en otra PMU no existen
  → con OMPT_MASCARAS=0 se vuelve al par 0xFF44/0xD044
[OMPT][PERF] tid=452597 SIN eventos NUMA (solo IPC). Este hilo no podrá disparar migraciones.
    modo=6 mascaras por origen  primer errno: Invalid argument / Invalid argument
  → los eventos crudos son específicos de AMD Zen; en otra PMU no existen
  → con OMPT_MASCARAS=0 se vuelve al par 0xFF44/0xD044
[OMPT][PERF] tid=452594 SIN eventos NUMA (solo IPC). Este hilo no podrá disparar migraciones.
    modo=6 mascaras por origen  primer errno: Invalid argument / Invalid argument
  → los eventos crudos son específicos de AMD Zen; en otra PMU no existen
  → con OMPT_MASCARAS=0 se vuelve al par 0xFF44/0xD044
[OMPT][PERF] tid=452600 SIN eventos NUMA (solo IPC). Este hilo no podrá disparar migraciones.
    modo=6 mascaras por origen  primer errno: Invalid argument / Invalid argument
  → los eventos crudos son específicos de AMD Zen; en otra PMU no existen
  → con OMPT_MASCARAS=0 se vuelve al par 0xFF44/0xD044
[OMPT][PERF] tid=452601 SIN eventos NUMA (solo IPC). Este hilo no podrá disparar migraciones.
    modo=6 mascaras por origen  primer errno: Invalid argument / Invalid argument
  → los eventos crudos son específicos de AMD Zen; en otra PMU no existen
  → con OMPT_MASCARAS=0 se vuelve al par 0xFF44/0xD044
[OMPT][PERF] tid=452598 SIN eventos NUMA (solo IPC). Este hilo no podrá disparar migraciones.
    modo=6 mascaras por origen  primer errno: Invalid argument / Invalid argument
  → los eventos crudos son específicos de AMD Zen; en otra PMU no existen
  → con OMPT_MASCARAS=0 se vuelve al par 0xFF44/0xD044
[OMPT][PERF] tid=452599 SIN eventos NUMA (solo IPC). Este hilo no podrá disparar migraciones.
    modo=6 mascaras por origen  primer errno: Invalid argument / Invalid argument
  → los eventos crudos son específicos de AMD Zen; en otra PMU no existen
  → con OMPT_MASCARAS=0 se vuelve al par 0xFF44/0xD044
[OMPT][PERF] tid=452603 SIN eventos NUMA (solo IPC). Este hilo no podrá disparar migraciones.
    modo=6 mascaras por origen  primer errno: Invalid argument / Invalid argument
  → los eventos crudos son específicos de AMD Zen; en otra PMU no existen
  → con OMPT_MASCARAS=0 se vuelve al par 0xFF44/0xD044
[OMPT][PERF] tid=452604 SIN eventos NUMA (solo IPC). Este hilo no podrá disparar migraciones.
    modo=6 mascaras por origen  primer errno: Invalid argument / Invalid argument
  → los eventos crudos son específicos de AMD Zen; en otra PMU no existen
  → con OMPT_MASCARAS=0 se vuelve al par 0xFF44/0xD044
[OMPT][PERF] tid=452605 SIN eventos NUMA (solo IPC). Este hilo no podrá disparar migraciones.
    modo=6 mascaras por origen  primer errno: Invalid argument / Invalid argument
  → los eventos crudos son específicos de AMD Zen; en otra PMU no existen
  → con OMPT_MASCARAS=0 se vuelve al par 0xFF44/0xD044
[OMPT][PERF] tid=452602 SIN eventos NUMA (solo IPC). Este hilo no podrá disparar migraciones.
    modo=6 mascaras por origen  primer errno: Invalid argument / Invalid argument
  → los eventos crudos son específicos de AMD Zen; en otra PMU no existen
  → con OMPT_MASCARAS=0 se vuelve al par 0xFF44/0xD044
[OMPT][PERF] tid=452606 SIN eventos NUMA (solo IPC). Este hilo no podrá disparar migraciones.
    modo=6 mascaras por origen  primer errno: Invalid argument / Invalid argument
  → los eventos crudos son específicos de AMD Zen; en otra PMU no existen
  → con OMPT_MASCARAS=0 se vuelve al par 0xFF44/0xD044
[OMPT][PERF] tid=452607 SIN eventos NUMA (solo IPC). Este hilo no podrá disparar migraciones.
    modo=6 mascaras por origen  primer errno: Invalid argument / Invalid argument
  → los eventos crudos son específicos de AMD Zen; en otra PMU no existen
  → con OMPT_MASCARAS=0 se vuelve al par 0xFF44/0xD044
[OMPT][PERF] tid=452608 SIN eventos NUMA (solo IPC). Este hilo no podrá disparar migraciones.
    modo=6 mascaras por origen  primer errno: Invalid argument / Invalid argument
  → los eventos crudos son específicos de AMD Zen; en otra PMU no existen
  → con OMPT_MASCARAS=0 se vuelve al par 0xFF44/0xD044
[OMPT][PERF] tid=452609 SIN eventos NUMA (solo IPC). Este hilo no podrá disparar migraciones.
    modo=6 mascaras por origen  primer errno: Invalid argument / Invalid argument
  → los eventos crudos son específicos de AMD Zen; en otra PMU no existen
  → con OMPT_MASCARAS=0 se vuelve al par 0xFF44/0xD044
[OMPT][PERF] tid=452610 SIN eventos NUMA (solo IPC). Este hilo no podrá disparar migraciones.
    modo=6 mascaras por origen  primer errno: Invalid argument / Invalid argument
  → los eventos crudos son específicos de AMD Zen; en otra PMU no existen
  → con OMPT_MASCARAS=0 se vuelve al par 0xFF44/0xD044
[OMPT][PERF] tid=452611 SIN eventos NUMA (solo IPC). Este hilo no podrá disparar migraciones.
    modo=6 mascaras por origen  primer errno: Invalid argument / Invalid argument
  → los eventos crudos son específicos de AMD Zen; en otra PMU no existen
  → con OMPT_MASCARAS=0 se vuelve al par 0xFF44/0xD044
[OMPT][PERF] tid=452612 SIN eventos NUMA (solo IPC). Este hilo no podrá disparar migraciones.
    modo=6 mascaras por origen  primer errno: Invalid argument / Invalid argument
  → los eventos crudos son específicos de AMD Zen; en otra PMU no existen
  → con OMPT_MASCARAS=0 se vuelve al par 0xFF44/0xD044
[OMPT][PERF] tid=452613 SIN eventos NUMA (solo IPC). Este hilo no podrá disparar migraciones.
    modo=6 mascaras por origen  primer errno: Invalid argument / Invalid argument
  → los eventos crudos son específicos de AMD Zen; en otra PMU no existen
  → con OMPT_MASCARAS=0 se vuelve al par 0xFF44/0xD044
[OMPT][PERF] tid=452614 SIN eventos NUMA (solo IPC). Este hilo no podrá disparar migraciones.
    modo=6 mascaras por origen  primer errno: Invalid argument / Invalid argument
  → los eventos crudos son específicos de AMD Zen; en otra PMU no existen
  → con OMPT_MASCARAS=0 se vuelve al par 0xFF44/0xD044
[OMPT][PERF] tid=452615 SIN eventos NUMA (solo IPC). Este hilo no podrá disparar migraciones.
    modo=6 mascaras por origen  primer errno: Invalid argument / Invalid argument
  → los eventos crudos son específicos de AMD Zen; en otra PMU no existen
  → con OMPT_MASCARAS=0 se vuelve al par 0xFF44/0xD044
[OMPT][PERF] tid=452616 SIN eventos NUMA (solo IPC). Este hilo no podrá disparar migraciones.
    modo=6 mascaras por origen  primer errno: Invalid argument / Invalid argument
  → los eventos crudos son específicos de AMD Zen; en otra PMU no existen
  → con OMPT_MASCARAS=0 se vuelve al par 0xFF44/0xD044
[OMPT][PERF] tid=452617 SIN eventos NUMA (solo IPC). Este hilo no podrá disparar migraciones.
    modo=6 mascaras por origen  primer errno: Invalid argument / Invalid argument
  → los eventos crudos son específicos de AMD Zen; en otra PMU no existen
  → con OMPT_MASCARAS=0 se vuelve al par 0xFF44/0xD044
[OMPT][PERF] tid=452618 SIN eventos NUMA (solo IPC). Este hilo no podrá disparar migraciones.
    modo=6 mascaras por origen  primer errno: Invalid argument / Invalid argument
  → los eventos crudos son específicos de AMD Zen; en otra PMU no existen
  → con OMPT_MASCARAS=0 se vuelve al par 0xFF44/0xD044
[OMPT][PERF] tid=452619 SIN eventos NUMA (solo IPC). Este hilo no podrá disparar migraciones.
    modo=6 mascaras por origen  primer errno: Invalid argument / Invalid argument
  → los eventos crudos son específicos de AMD Zen; en otra PMU no existen
  → con OMPT_MASCARAS=0 se vuelve al par 0xFF44/0xD044
[OMPT][PERF] tid=452620 SIN eventos NUMA (solo IPC). Este hilo no podrá disparar migraciones.
    modo=6 mascaras por origen  primer errno: Invalid argument / Invalid argument
  → los eventos crudos son específicos de AMD Zen; en otra PMU no existen
  → con OMPT_MASCARAS=0 se vuelve al par 0xFF44/0xD044
[OMPT][PERF] tid=452621 SIN eventos NUMA (solo IPC). Este hilo no podrá disparar migraciones.
    modo=6 mascaras por origen  primer errno: Invalid argument / Invalid argument
  → los eventos crudos son específicos de AMD Zen; en otra PMU no existen
  → con OMPT_MASCARAS=0 se vuelve al par 0xFF44/0xD044
[OMPT][PERF] tid=452622 SIN eventos NUMA (solo IPC). Este hilo no podrá disparar migraciones.
    modo=6 mascaras por origen  primer errno: Invalid argument / Invalid argument
  → los eventos crudos son específicos de AMD Zen; en otra PMU no existen
  → con OMPT_MASCARAS=0 se vuelve al par 0xFF44/0xD044
[OMPT][PERF] tid=452623 SIN eventos NUMA (solo IPC). Este hilo no podrá disparar migraciones.
    modo=6 mascaras por origen  primer errno: Invalid argument / Invalid argument
  → los eventos crudos son específicos de AMD Zen; en otra PMU no existen
  → con OMPT_MASCARAS=0 se vuelve al par 0xFF44/0xD044
[OMPT][PERF] tid=452624 SIN eventos NUMA (solo IPC). Este hilo no podrá disparar migraciones.
    modo=6 mascaras por origen  primer errno: Invalid argument / Invalid argument
  → los eventos crudos son específicos de AMD Zen; en otra PMU no existen
  → con OMPT_MASCARAS=0 se vuelve al par 0xFF44/0xD044
[OMPT][PERF] tid=452625 SIN eventos NUMA (solo IPC). Este hilo no podrá disparar migraciones.
    modo=6 mascaras por origen  primer errno: Invalid argument / Invalid argument
  → los eventos crudos son específicos de AMD Zen; en otra PMU no existen
  → con OMPT_MASCARAS=0 se vuelve al par 0xFF44/0xD044
[OMPT][PERF] tid=452626 SIN eventos NUMA (solo IPC). Este hilo no podrá disparar migraciones.
    modo=6 mascaras por origen  primer errno: Invalid argument / Invalid argument
  → los eventos crudos son específicos de AMD Zen; en otra PMU no existen
  → con OMPT_MASCARAS=0 se vuelve al par 0xFF44/0xD044
[OMPT][PERF] tid=452627 SIN eventos NUMA (solo IPC). Este hilo no podrá disparar migraciones.
    modo=6 mascaras por origen  primer errno: Invalid argument / Invalid argument
  → los eventos crudos son específicos de AMD Zen; en otra PMU no existen
  → con OMPT_MASCARAS=0 se vuelve al par 0xFF44/0xD044
[OMPT][PERF] tid=452628 SIN eventos NUMA (solo IPC). Este hilo no podrá disparar migraciones.
    modo=6 mascaras por origen  primer errno: Invalid argument / Invalid argument
  → los eventos crudos son específicos de AMD Zen; en otra PMU no existen
  → con OMPT_MASCARAS=0 se vuelve al par 0xFF44/0xD044
[OMPT][PERF] tid=452629 SIN eventos NUMA (solo IPC). Este hilo no podrá disparar migraciones.
    modo=6 mascaras por origen  primer errno: Invalid argument / Invalid argument
  → los eventos crudos son específicos de AMD Zen; en otra PMU no existen
  → con OMPT_MASCARAS=0 se vuelve al par 0xFF44/0xD044
[OMPT][PERF] tid=452630 SIN eventos NUMA (solo IPC). Este hilo no podrá disparar migraciones.
    modo=6 mascaras por origen  primer errno: Invalid argument / Invalid argument
  → los eventos crudos son específicos de AMD Zen; en otra PMU no existen
  → con OMPT_MASCARAS=0 se vuelve al par 0xFF44/0xD044
[OMPT][PERF] tid=452631 SIN eventos NUMA (solo IPC). Este hilo no podrá disparar migraciones.
    modo=6 mascaras por origen  primer errno: Invalid argument / Invalid argument
  → los eventos crudos son específicos de AMD Zen; en otra PMU no existen
  → con OMPT_MASCARAS=0 se vuelve al par 0xFF44/0xD044
[OMPT][PERF] tid=452632 SIN eventos NUMA (solo IPC). Este hilo no podrá disparar migraciones.
    modo=6 mascaras por origen  primer errno: Invalid argument / Invalid argument
  → los eventos crudos son específicos de AMD Zen; en otra PMU no existen
  → con OMPT_MASCARAS=0 se vuelve al par 0xFF44/0xD044
[OMPT][PERF] tid=452633 SIN eventos NUMA (solo IPC). Este hilo no podrá disparar migraciones.
    modo=6 mascaras por origen  primer errno: Invalid argument / Invalid argument
  → los eventos crudos son específicos de AMD Zen; en otra PMU no existen
  → con OMPT_MASCARAS=0 se vuelve al par 0xFF44/0xD044
[OMPT][PERF] tid=452634 SIN eventos NUMA (solo IPC). Este hilo no podrá disparar migraciones.
    modo=6 mascaras por origen  primer errno: Invalid argument / Invalid argument
  → los eventos crudos son específicos de AMD Zen; en otra PMU no existen
  → con OMPT_MASCARAS=0 se vuelve al par 0xFF44/0xD044
[OMPT][PERF] tid=452635 SIN eventos NUMA (solo IPC). Este hilo no podrá disparar migraciones.
    modo=6 mascaras por origen  primer errno: Invalid argument / Invalid argument
  → los eventos crudos son específicos de AMD Zen; en otra PMU no existen
  → con OMPT_MASCARAS=0 se vuelve al par 0xFF44/0xD044
[OMPT][PERF] tid=452636 SIN eventos NUMA (solo IPC). Este hilo no podrá disparar migraciones.
    modo=6 mascaras por origen  primer errno: Invalid argument / Invalid argument
  → los eventos crudos son específicos de AMD Zen; en otra PMU no existen
  → con OMPT_MASCARAS=0 se vuelve al par 0xFF44/0xD044
[OMPT][PERF] tid=452637 SIN eventos NUMA (solo IPC). Este hilo no podrá disparar migraciones.
    modo=6 mascaras por origen  primer errno: Invalid argument / Invalid argument
  → los eventos crudos son específicos de AMD Zen; en otra PMU no existen
  → con OMPT_MASCARAS=0 se vuelve al par 0xFF44/0xD044
[OMPT][PERF] tid=452638 SIN eventos NUMA (solo IPC). Este hilo no podrá disparar migraciones.
    modo=6 mascaras por origen  primer errno: Invalid argument / Invalid argument
  → los eventos crudos son específicos de AMD Zen; en otra PMU no existen
  → con OMPT_MASCARAS=0 se vuelve al par 0xFF44/0xD044
[OMPT][PERF] tid=452639 SIN eventos NUMA (solo IPC). Este hilo no podrá disparar migraciones.
    modo=6 mascaras por origen  primer errno: Invalid argument / Invalid argument
  → los eventos crudos son específicos de AMD Zen; en otra PMU no existen
  → con OMPT_MASCARAS=0 se vuelve al par 0xFF44/0xD044
[OMPT][PERF] tid=452640 SIN eventos NUMA (solo IPC). Este hilo no podrá disparar migraciones.
    modo=6 mascaras por origen  primer errno: Invalid argument / Invalid argument
  → los eventos crudos son específicos de AMD Zen; en otra PMU no existen
  → con OMPT_MASCARAS=0 se vuelve al par 0xFF44/0xD044
[OMPT][PERF] tid=452641 SIN eventos NUMA (solo IPC). Este hilo no podrá disparar migraciones.
    modo=6 mascaras por origen  primer errno: Invalid argument / Invalid argument
  → los eventos crudos son específicos de AMD Zen; en otra PMU no existen
  → con OMPT_MASCARAS=0 se vuelve al par 0xFF44/0xD044
[OMPT][PERF] tid=452642 SIN eventos NUMA (solo IPC). Este hilo no podrá disparar migraciones.
    modo=6 mascaras por origen  primer errno: Invalid argument / Invalid argument
  → los eventos crudos son específicos de AMD Zen; en otra PMU no existen
  → con OMPT_MASCARAS=0 se vuelve al par 0xFF44/0xD044
[OMPT][PERF] tid=452645 SIN eventos NUMA (solo IPC). Este hilo no podrá disparar migraciones.
    modo=6 mascaras por origen  primer errno: Invalid argument / Invalid argument
  → los eventos crudos son específicos de AMD Zen; en otra PMU no existen
  → con OMPT_MASCARAS=0 se vuelve al par 0xFF44/0xD044
[OMPT][PERF] tid=452647 SIN eventos NUMA (solo IPC). Este hilo no podrá disparar migraciones.
    modo=6 mascaras por origen  primer errno: Invalid argument / Invalid argument
  → los eventos crudos son específicos de AMD Zen; en otra PMU no existen
  → con OMPT_MASCARAS=0 se vuelve al par 0xFF44/0xD044
[OMPT][PERF] tid=452644 SIN eventos NUMA (solo IPC). Este hilo no podrá disparar migraciones.
    modo=6 mascaras por origen  primer errno: Invalid argument / Invalid argument
  → los eventos crudos son específicos de AMD Zen; en otra PMU no existen
  → con OMPT_MASCARAS=0 se vuelve al par 0xFF44/0xD044
[OMPT][PERF] tid=452646 SIN eventos NUMA (solo IPC). Este hilo no podrá disparar migraciones.
    modo=6 mascaras por origen  primer errno: Invalid argument / Invalid argument
  → los eventos crudos son específicos de AMD Zen; en otra PMU no existen
  → con OMPT_MASCARAS=0 se vuelve al par 0xFF44/0xD044
[OMPT][PERF] tid=452643 SIN eventos NUMA (solo IPC). Este hilo no podrá disparar migraciones.
    modo=6 mascaras por origen  primer errno: Invalid argument / Invalid argument
  → los eventos crudos son específicos de AMD Zen; en otra PMU no existen
  → con OMPT_MASCARAS=0 se vuelve al par 0xFF44/0xD044
[perf_region] tool OMPT detectado: los contadores los lleva el tool, no se abren aqui
[OMPT] control_tool: INICIANDO medicion
[OMPT] control_tool: PAUSANDO medicion
[OMPT] ompt_finalize
[OMPT][MON] Monitor detenido tras 229 ventanas
[OMPT] CSV de ventanas: 21504 filas volcadas (0 descartadas)
[OMPT] ===== Tabla final: 128 hilos =====
[OMPT] tid=452519 ompt_id=281474976710657 tipo=ompt_thread_initial    last_cpu=118 numa=1 mig=0 fallos=0 perf=ipc_only ipc=0.381 ratio_rm=-1.0000
[OMPT] tid=452521 ompt_id=562949953421313 tipo=ompt_thread_worker     last_cpu=115 numa=1 mig=0 fallos=0 perf=ipc_only ipc=0.389 ratio_rm=-1.0000
[OMPT] tid=452523 ompt_id=1125899906842625 tipo=ompt_thread_worker     last_cpu= 46 numa=0 mig=0 fallos=0 perf=ipc_only ipc=0.111 ratio_rm=-1.0000
[OMPT] tid=452522 ompt_id=844424930131969 tipo=ompt_thread_worker     last_cpu= 98 numa=1 mig=0 fallos=0 perf=ipc_only ipc=0.392 ratio_rm=-1.0000
[OMPT] tid=452525 ompt_id=1688849860263937 tipo=ompt_thread_worker     last_cpu= 65 numa=1 mig=0 fallos=0 perf=ipc_only ipc=0.367 ratio_rm=-1.0000
[OMPT] tid=452527 ompt_id=2251799813685249 tipo=ompt_thread_worker     last_cpu= 52 numa=0 mig=0 fallos=0 perf=ipc_only ipc=0.106 ratio_rm=-1.0000
[OMPT] tid=452526 ompt_id=1970324836974593 tipo=ompt_thread_worker     last_cpu=100 numa=1 mig=0 fallos=0 perf=ipc_only ipc=0.387 ratio_rm=-1.0000
[OMPT] tid=452531 ompt_id=2814749767106561 tipo=ompt_thread_worker     last_cpu=191 numa=0 mig=0 fallos=0 perf=ipc_only ipc=0.091 ratio_rm=-1.0000
[OMPT] tid=452529 ompt_id=3096224743817217 tipo=ompt_thread_worker     last_cpu= 64 numa=1 mig=0 fallos=0 perf=ipc_only ipc=0.360 ratio_rm=-1.0000
[OMPT] tid=452524 ompt_id=1407374883553281 tipo=ompt_thread_worker     last_cpu=199 numa=1 mig=0 fallos=0 perf=ipc_only ipc=0.358 ratio_rm=-1.0000
[OMPT] tid=452533 ompt_id=3940649673949185 tipo=ompt_thread_worker     last_cpu=252 numa=1 mig=0 fallos=0 perf=ipc_only ipc=0.385 ratio_rm=-1.0000
[OMPT] tid=452534 ompt_id=4222124650659841 tipo=ompt_thread_worker     last_cpu=251 numa=1 mig=0 fallos=0 perf=ipc_only ipc=0.387 ratio_rm=-1.0000
[OMPT] tid=452532 ompt_id=3659174697238529 tipo=ompt_thread_worker     last_cpu= 89 numa=1 mig=0 fallos=0 perf=ipc_only ipc=0.397 ratio_rm=-1.0000
[OMPT] tid=452537 ompt_id=5066549580791809 tipo=ompt_thread_worker     last_cpu= 66 numa=1 mig=0 fallos=0 perf=ipc_only ipc=0.366 ratio_rm=-1.0000
[OMPT] tid=452539 ompt_id=5629499534213121 tipo=ompt_thread_worker     last_cpu= 84 numa=1 mig=0 fallos=0 perf=ipc_only ipc=0.385 ratio_rm=-1.0000
[OMPT] tid=452535 ompt_id=4503599627370497 tipo=ompt_thread_worker     last_cpu=254 numa=1 mig=0 fallos=0 perf=ipc_only ipc=0.383 ratio_rm=-1.0000
[OMPT] tid=452541 ompt_id=6192449487634433 tipo=ompt_thread_worker     last_cpu=233 numa=1 mig=0 fallos=0 perf=ipc_only ipc=0.386 ratio_rm=-1.0000
[OMPT] tid=452538 ompt_id=5348024557502465 tipo=ompt_thread_worker     last_cpu=153 numa=0 mig=0 fallos=0 perf=ipc_only ipc=0.083 ratio_rm=-1.0000
[OMPT] tid=452536 ompt_id=4785074604081153 tipo=ompt_thread_worker     last_cpu=239 numa=1 mig=0 fallos=0 perf=ipc_only ipc=0.383 ratio_rm=-1.0000
[OMPT] tid=452543 ompt_id=6755399441055745 tipo=ompt_thread_worker     last_cpu=109 numa=1 mig=0 fallos=0 perf=ipc_only ipc=0.390 ratio_rm=-1.0000
[OMPT] tid=452545 ompt_id=7318349394477057 tipo=ompt_thread_worker     last_cpu=110 numa=1 mig=0 fallos=0 perf=ipc_only ipc=0.389 ratio_rm=-1.0000
[OMPT] tid=452540 ompt_id=5910974510923777 tipo=ompt_thread_worker     last_cpu= 83 numa=1 mig=0 fallos=0 perf=ipc_only ipc=0.391 ratio_rm=-1.0000
[OMPT] tid=452542 ompt_id=6473924464345089 tipo=ompt_thread_worker     last_cpu=234 numa=1 mig=0 fallos=0 perf=ipc_only ipc=0.390 ratio_rm=-1.0000
[OMPT] tid=452548 ompt_id=8162774324609025 tipo=ompt_thread_worker     last_cpu= 15 numa=0 mig=0 fallos=0 perf=ipc_only ipc=0.086 ratio_rm=-1.0000
[OMPT] tid=452546 ompt_id=7599824371187713 tipo=ompt_thread_worker     last_cpu=108 numa=1 mig=0 fallos=0 perf=ipc_only ipc=0.390 ratio_rm=-1.0000
[OMPT] tid=452530 ompt_id=3377699720527873 tipo=ompt_thread_worker     last_cpu= 88 numa=1 mig=0 fallos=0 perf=ipc_only ipc=0.397 ratio_rm=-1.0000
[OMPT] tid=452550 ompt_id=8725724278030337 tipo=ompt_thread_worker     last_cpu= 38 numa=0 mig=0 fallos=0 perf=ipc_only ipc=0.109 ratio_rm=-1.0000
[OMPT] tid=452547 ompt_id=7881299347898369 tipo=ompt_thread_worker     last_cpu=101 numa=1 mig=0 fallos=0 perf=ipc_only ipc=0.385 ratio_rm=-1.0000
[OMPT] tid=452544 ompt_id=7036874417766401 tipo=ompt_thread_worker     last_cpu= 99 numa=1 mig=0 fallos=0 perf=ipc_only ipc=0.391 ratio_rm=-1.0000
[OMPT] tid=452551 ompt_id=9007199254740993 tipo=ompt_thread_worker     last_cpu= 50 numa=0 mig=0 fallos=0 perf=ipc_only ipc=0.126 ratio_rm=-1.0000
[OMPT] tid=452549 ompt_id=8444249301319681 tipo=ompt_thread_worker     last_cpu= 10 numa=0 mig=0 fallos=0 perf=ipc_only ipc=0.111 ratio_rm=-1.0000
[OMPT] tid=452554 ompt_id=9851624184872961 tipo=ompt_thread_worker     last_cpu= 69 numa=1 mig=0 fallos=0 perf=ipc_only ipc=0.365 ratio_rm=-1.0000
[OMPT] tid=452553 ompt_id=9570149208162305 tipo=ompt_thread_worker     last_cpu=117 numa=1 mig=0 fallos=0 perf=ipc_only ipc=0.388 ratio_rm=-1.0000
[OMPT] tid=452558 ompt_id=10977524091715585 tipo=ompt_thread_worker     last_cpu= 90 numa=1 mig=0 fallos=0 perf=ipc_only ipc=0.397 ratio_rm=-1.0000
[OMPT] tid=452555 ompt_id=10133099161583617 tipo=ompt_thread_worker     last_cpu=248 numa=1 mig=0 fallos=0 perf=ipc_only ipc=0.386 ratio_rm=-1.0000
[OMPT] tid=452559 ompt_id=11258999068426241 tipo=ompt_thread_worker     last_cpu= 82 numa=1 mig=0 fallos=0 perf=ipc_only ipc=0.395 ratio_rm=-1.0000
[OMPT] tid=452560 ompt_id=11540474045136897 tipo=ompt_thread_worker     last_cpu= 91 numa=1 mig=0 fallos=0 perf=ipc_only ipc=0.391 ratio_rm=-1.0000
[OMPT] tid=452552 ompt_id=9288674231451649 tipo=ompt_thread_worker     last_cpu= 81 numa=1 mig=0 fallos=0 perf=ipc_only ipc=0.395 ratio_rm=-1.0000
[OMPT] tid=452557 ompt_id=10696049115004929 tipo=ompt_thread_worker     last_cpu= 85 numa=1 mig=0 fallos=0 perf=ipc_only ipc=0.383 ratio_rm=-1.0000
[OMPT] tid=452561 ompt_id=11821949021847553 tipo=ompt_thread_worker     last_cpu=128 numa=0 mig=0 fallos=0 perf=ipc_only ipc=0.101 ratio_rm=-1.0000
[OMPT] tid=452562 ompt_id=12103423998558209 tipo=ompt_thread_worker     last_cpu=145 numa=0 mig=0 fallos=0 perf=ipc_only ipc=0.106 ratio_rm=-1.0000
[OMPT] tid=452528 ompt_id=2533274790395905 tipo=ompt_thread_worker     last_cpu=223 numa=1 mig=0 fallos=0 perf=ipc_only ipc=0.395 ratio_rm=-1.0000
[OMPT] tid=452567 ompt_id=13510798882111489 tipo=ompt_thread_worker     last_cpu=151 numa=0 mig=0 fallos=0 perf=ipc_only ipc=0.073 ratio_rm=-1.0000
[OMPT] tid=452556 ompt_id=10414574138294273 tipo=ompt_thread_worker     last_cpu=207 numa=1 mig=0 fallos=0 perf=ipc_only ipc=0.369 ratio_rm=-1.0000
[OMPT] tid=452565 ompt_id=12947848928690177 tipo=ompt_thread_worker     last_cpu=113 numa=1 mig=0 fallos=0 perf=ipc_only ipc=0.390 ratio_rm=-1.0000
[OMPT] tid=452569 ompt_id=14073748835532801 tipo=ompt_thread_worker     last_cpu=159 numa=0 mig=0 fallos=0 perf=ipc_only ipc=0.059 ratio_rm=-1.0000
[OMPT] tid=452571 ompt_id=14636698788954113 tipo=ompt_thread_worker     last_cpu=250 numa=1 mig=0 fallos=0 perf=ipc_only ipc=0.387 ratio_rm=-1.0000
[OMPT] tid=452563 ompt_id=12384898975268865 tipo=ompt_thread_worker     last_cpu= 51 numa=0 mig=0 fallos=0 perf=ipc_only ipc=0.116 ratio_rm=-1.0000
[OMPT] tid=452568 ompt_id=13792273858822145 tipo=ompt_thread_worker     last_cpu= 67 numa=1 mig=0 fallos=0 perf=ipc_only ipc=0.366 ratio_rm=-1.0000
[OMPT] tid=452570 ompt_id=14355223812243457 tipo=ompt_thread_worker     last_cpu=249 numa=1 mig=0 fallos=0 perf=ipc_only ipc=0.388 ratio_rm=-1.0000
[OMPT] tid=452574 ompt_id=15481123719086081 tipo=ompt_thread_worker     last_cpu=242 numa=1 mig=0 fallos=0 perf=ipc_only ipc=0.392 ratio_rm=-1.0000
[OMPT] tid=452576 ompt_id=16044073672507393 tipo=ompt_thread_worker     last_cpu= 74 numa=1 mig=0 fallos=0 perf=ipc_only ipc=0.361 ratio_rm=-1.0000
[OMPT] tid=452577 ompt_id=16325548649218049 tipo=ompt_thread_worker     last_cpu=203 numa=1 mig=0 fallos=0 perf=ipc_only ipc=0.370 ratio_rm=-1.0000
[OMPT] tid=452578 ompt_id=16607023625928705 tipo=ompt_thread_worker     last_cpu=206 numa=1 mig=0 fallos=0 perf=ipc_only ipc=0.360 ratio_rm=-1.0000
[OMPT] tid=452575 ompt_id=15762598695796737 tipo=ompt_thread_worker     last_cpu=127 numa=1 mig=0 fallos=0 perf=ipc_only ipc=0.383 ratio_rm=-1.0000
[OMPT] tid=452579 ompt_id=16888498602639361 tipo=ompt_thread_worker     last_cpu= 70 numa=1 mig=0 fallos=0 perf=ipc_only ipc=0.365 ratio_rm=-1.0000
[OMPT] tid=452573 ompt_id=15199648742375425 tipo=ompt_thread_worker     last_cpu=116 numa=1 mig=0 fallos=0 perf=ipc_only ipc=0.389 ratio_rm=-1.0000
[OMPT] tid=452566 ompt_id=13229323905400833 tipo=ompt_thread_worker     last_cpu=196 numa=1 mig=0 fallos=0 perf=ipc_only ipc=0.363 ratio_rm=-1.0000
[OMPT] tid=452582 ompt_id=17732923532771329 tipo=ompt_thread_worker     last_cpu=205 numa=1 mig=0 fallos=0 perf=ipc_only ipc=0.370 ratio_rm=-1.0000
[OMPT] tid=452581 ompt_id=17451448556060673 tipo=ompt_thread_worker     last_cpu= 93 numa=1 mig=0 fallos=0 perf=ipc_only ipc=0.386 ratio_rm=-1.0000
[OMPT] tid=452584 ompt_id=18295873486192641 tipo=ompt_thread_worker     last_cpu= 94 numa=1 mig=0 fallos=0 perf=ipc_only ipc=0.275 ratio_rm=-1.0000
[OMPT] tid=452580 ompt_id=17169973579350017 tipo=ompt_thread_worker     last_cpu= 92 numa=1 mig=0 fallos=0 perf=ipc_only ipc=0.386 ratio_rm=-1.0000
[OMPT] tid=452564 ompt_id=12666373951979521 tipo=ompt_thread_worker     last_cpu=253 numa=1 mig=0 fallos=0 perf=ipc_only ipc=0.385 ratio_rm=-1.0000
[OMPT] tid=452572 ompt_id=14918173765664769 tipo=ompt_thread_worker     last_cpu=200 numa=1 mig=0 fallos=0 perf=ipc_only ipc=0.371 ratio_rm=-1.0000
[OMPT] tid=452585 ompt_id=18577348462903297 tipo=ompt_thread_worker     last_cpu=150 numa=0 mig=0 fallos=0 perf=ipc_only ipc=0.090 ratio_rm=-1.0000
[OMPT] tid=452587 ompt_id=19140298416324609 tipo=ompt_thread_worker     last_cpu=144 numa=0 mig=0 fallos=0 perf=ipc_only ipc=0.106 ratio_rm=-1.0000
[OMPT] tid=452583 ompt_id=18014398509481985 tipo=ompt_thread_worker     last_cpu=232 numa=1 mig=0 fallos=0 perf=ipc_only ipc=0.391 ratio_rm=-1.0000
[OMPT] tid=452588 ompt_id=19421773393035265 tipo=ompt_thread_worker     last_cpu=  4 numa=0 mig=0 fallos=0 perf=ipc_only ipc=0.114 ratio_rm=-1.0000
[OMPT] tid=452589 ompt_id=19703248369745921 tipo=ompt_thread_worker     last_cpu= 56 numa=0 mig=0 fallos=0 perf=ipc_only ipc=0.112 ratio_rm=-1.0000
[OMPT] tid=452592 ompt_id=20547673299877889 tipo=ompt_thread_worker     last_cpu= 27 numa=0 mig=0 fallos=0 perf=ipc_only ipc=0.105 ratio_rm=-1.0000
[OMPT] tid=452593 ompt_id=20829148276588545 tipo=ompt_thread_worker     last_cpu=147 numa=0 mig=0 fallos=0 perf=ipc_only ipc=0.105 ratio_rm=-1.0000
[OMPT] tid=452591 ompt_id=20266198323167233 tipo=ompt_thread_worker     last_cpu= 53 numa=0 mig=0 fallos=0 perf=ipc_only ipc=0.098 ratio_rm=-1.0000
[OMPT] tid=452590 ompt_id=19984723346456577 tipo=ompt_thread_worker     last_cpu= 54 numa=0 mig=0 fallos=0 perf=ipc_only ipc=0.113 ratio_rm=-1.0000
[OMPT] tid=452586 ompt_id=18858823439613953 tipo=ompt_thread_worker     last_cpu=146 numa=0 mig=0 fallos=0 perf=ipc_only ipc=0.106 ratio_rm=-1.0000
[OMPT] tid=452596 ompt_id=21673573206720513 tipo=ompt_thread_worker     last_cpu= 49 numa=0 mig=0 fallos=0 perf=ipc_only ipc=0.132 ratio_rm=-1.0000
[OMPT] tid=452595 ompt_id=21392098230009857 tipo=ompt_thread_worker     last_cpu= 37 numa=0 mig=0 fallos=0 perf=ipc_only ipc=0.108 ratio_rm=-1.0000
[OMPT] tid=452597 ompt_id=21955048183431169 tipo=ompt_thread_worker     last_cpu= 60 numa=0 mig=0 fallos=0 perf=ipc_only ipc=0.092 ratio_rm=-1.0000
[OMPT] tid=452594 ompt_id=21110623253299201 tipo=ompt_thread_worker     last_cpu=231 numa=1 mig=0 fallos=0 perf=ipc_only ipc=0.390 ratio_rm=-1.0000
[OMPT] tid=452600 ompt_id=22799473113563137 tipo=ompt_thread_worker     last_cpu= 57 numa=0 mig=0 fallos=0 perf=ipc_only ipc=0.112 ratio_rm=-1.0000
[OMPT] tid=452601 ompt_id=23080948090273793 tipo=ompt_thread_worker     last_cpu=152 numa=0 mig=0 fallos=0 perf=ipc_only ipc=0.100 ratio_rm=-1.0000
[OMPT] tid=452598 ompt_id=22236523160141825 tipo=ompt_thread_worker     last_cpu=186 numa=0 mig=0 fallos=0 perf=ipc_only ipc=0.112 ratio_rm=-1.0000
[OMPT] tid=452599 ompt_id=22517998136852481 tipo=ompt_thread_worker     last_cpu=  2 numa=0 mig=0 fallos=0 perf=ipc_only ipc=0.103 ratio_rm=-1.0000
[OMPT] tid=452603 ompt_id=23643898043695105 tipo=ompt_thread_worker     last_cpu=164 numa=0 mig=0 fallos=0 perf=ipc_only ipc=0.114 ratio_rm=-1.0000
[OMPT] tid=452604 ompt_id=23925373020405761 tipo=ompt_thread_worker     last_cpu=  5 numa=0 mig=0 fallos=0 perf=ipc_only ipc=0.115 ratio_rm=-1.0000
[OMPT] tid=452605 ompt_id=24206847997116417 tipo=ompt_thread_worker     last_cpu=134 numa=0 mig=0 fallos=0 perf=ipc_only ipc=0.096 ratio_rm=-1.0000
[OMPT] tid=452602 ompt_id=23362423066984449 tipo=ompt_thread_worker     last_cpu= 35 numa=0 mig=0 fallos=0 perf=ipc_only ipc=0.114 ratio_rm=-1.0000
[OMPT] tid=452606 ompt_id=24488322973827073 tipo=ompt_thread_worker     last_cpu=  7 numa=0 mig=0 fallos=0 perf=ipc_only ipc=0.114 ratio_rm=-1.0000
[OMPT] tid=452607 ompt_id=24769797950537729 tipo=ompt_thread_worker     last_cpu= 86 numa=1 mig=0 fallos=0 perf=ipc_only ipc=0.315 ratio_rm=-1.0000
[OMPT] tid=452608 ompt_id=25051272927248385 tipo=ompt_thread_worker     last_cpu= 30 numa=0 mig=0 fallos=0 perf=ipc_only ipc=0.103 ratio_rm=-1.0000
[OMPT] tid=452609 ompt_id=25332747903959041 tipo=ompt_thread_worker     last_cpu= 44 numa=0 mig=0 fallos=0 perf=ipc_only ipc=0.113 ratio_rm=-1.0000
[OMPT] tid=452610 ompt_id=25614222880669697 tipo=ompt_thread_worker     last_cpu= 45 numa=0 mig=0 fallos=0 perf=ipc_only ipc=0.113 ratio_rm=-1.0000
[OMPT] tid=452611 ompt_id=25895697857380353 tipo=ompt_thread_worker     last_cpu= 34 numa=0 mig=0 fallos=0 perf=ipc_only ipc=0.114 ratio_rm=-1.0000
[OMPT] tid=452612 ompt_id=26177172834091009 tipo=ompt_thread_worker     last_cpu= 43 numa=0 mig=0 fallos=0 perf=ipc_only ipc=0.113 ratio_rm=-1.0000
[OMPT] tid=452613 ompt_id=26458647810801665 tipo=ompt_thread_worker     last_cpu=112 numa=1 mig=0 fallos=0 perf=ipc_only ipc=0.390 ratio_rm=-1.0000
[OMPT] tid=452614 ompt_id=26740122787512321 tipo=ompt_thread_worker     last_cpu=129 numa=0 mig=0 fallos=0 perf=ipc_only ipc=0.114 ratio_rm=-1.0000
[OMPT] tid=452615 ompt_id=27021597764222977 tipo=ompt_thread_worker     last_cpu=167 numa=0 mig=0 fallos=0 perf=ipc_only ipc=0.075 ratio_rm=-1.0000
[OMPT] tid=452616 ompt_id=27303072740933633 tipo=ompt_thread_worker     last_cpu=102 numa=1 mig=0 fallos=0 perf=ipc_only ipc=0.282 ratio_rm=-1.0000
[OMPT] tid=452617 ompt_id=27584547717644289 tipo=ompt_thread_worker     last_cpu=  3 numa=0 mig=0 fallos=0 perf=ipc_only ipc=0.050 ratio_rm=-1.0000
[OMPT] tid=452618 ompt_id=27866022694354945 tipo=ompt_thread_worker     last_cpu= 26 numa=0 mig=0 fallos=0 perf=ipc_only ipc=0.060 ratio_rm=-1.0000
[OMPT] tid=452619 ompt_id=28147497671065601 tipo=ompt_thread_worker     last_cpu= 48 numa=0 mig=0 fallos=0 perf=ipc_only ipc=0.132 ratio_rm=-1.0000
[OMPT] tid=452620 ompt_id=28428972647776257 tipo=ompt_thread_worker     last_cpu= 29 numa=0 mig=0 fallos=0 perf=ipc_only ipc=0.104 ratio_rm=-1.0000
[OMPT] tid=452621 ompt_id=28710447624486913 tipo=ompt_thread_worker     last_cpu= 42 numa=0 mig=0 fallos=0 perf=ipc_only ipc=0.113 ratio_rm=-1.0000
[OMPT] tid=452622 ompt_id=28991922601197569 tipo=ompt_thread_worker     last_cpu= 41 numa=0 mig=0 fallos=0 perf=ipc_only ipc=0.113 ratio_rm=-1.0000
[OMPT] tid=452623 ompt_id=29273397577908225 tipo=ompt_thread_worker     last_cpu= 33 numa=0 mig=0 fallos=0 perf=ipc_only ipc=0.114 ratio_rm=-1.0000
[OMPT] tid=452624 ompt_id=29554872554618881 tipo=ompt_thread_worker     last_cpu=187 numa=0 mig=0 fallos=0 perf=ipc_only ipc=0.105 ratio_rm=-1.0000
[OMPT] tid=452625 ompt_id=29836347531329537 tipo=ompt_thread_worker     last_cpu= 28 numa=0 mig=0 fallos=0 perf=ipc_only ipc=0.104 ratio_rm=-1.0000
[OMPT] tid=452626 ompt_id=30117822508040193 tipo=ompt_thread_worker     last_cpu= 32 numa=0 mig=0 fallos=0 perf=ipc_only ipc=0.052 ratio_rm=-1.0000
[OMPT] tid=452627 ompt_id=30399297484750849 tipo=ompt_thread_worker     last_cpu=168 numa=0 mig=0 fallos=0 perf=ipc_only ipc=0.047 ratio_rm=-1.0000
[OMPT] tid=452628 ompt_id=30680772461461505 tipo=ompt_thread_worker     last_cpu= 61 numa=0 mig=0 fallos=0 perf=ipc_only ipc=0.111 ratio_rm=-1.0000
[OMPT] tid=452629 ompt_id=30962247438172161 tipo=ompt_thread_worker     last_cpu= 80 numa=1 mig=0 fallos=0 perf=ipc_only ipc=0.396 ratio_rm=-1.0000
[OMPT] tid=452630 ompt_id=31243722414882817 tipo=ompt_thread_worker     last_cpu= 62 numa=0 mig=0 fallos=0 perf=ipc_only ipc=0.112 ratio_rm=-1.0000
[OMPT] tid=452631 ompt_id=31525197391593473 tipo=ompt_thread_worker     last_cpu= 76 numa=1 mig=0 fallos=0 perf=ipc_only ipc=0.369 ratio_rm=-1.0000
[OMPT] tid=452632 ompt_id=31806672368304129 tipo=ompt_thread_worker     last_cpu=  8 numa=0 mig=0 fallos=0 perf=ipc_only ipc=0.109 ratio_rm=-1.0000
[OMPT] tid=452633 ompt_id=32088147345014785 tipo=ompt_thread_worker     last_cpu=148 numa=0 mig=0 fallos=0 perf=ipc_only ipc=0.106 ratio_rm=-1.0000
[OMPT] tid=452634 ompt_id=32369622321725441 tipo=ompt_thread_worker     last_cpu=149 numa=0 mig=0 fallos=0 perf=ipc_only ipc=0.102 ratio_rm=-1.0000
[OMPT] tid=452635 ompt_id=32651097298436097 tipo=ompt_thread_worker     last_cpu= 73 numa=1 mig=0 fallos=0 perf=ipc_only ipc=0.343 ratio_rm=-1.0000
[OMPT] tid=452636 ompt_id=32932572275146753 tipo=ompt_thread_worker     last_cpu= 13 numa=0 mig=0 fallos=0 perf=ipc_only ipc=0.111 ratio_rm=-1.0000
[OMPT] tid=452637 ompt_id=33214047251857409 tipo=ompt_thread_worker     last_cpu=  9 numa=0 mig=0 fallos=0 perf=ipc_only ipc=0.086 ratio_rm=-1.0000
[OMPT] tid=452638 ompt_id=33495522228568065 tipo=ompt_thread_worker     last_cpu=142 numa=0 mig=0 fallos=0 perf=ipc_only ipc=0.098 ratio_rm=-1.0000
[OMPT] tid=452639 ompt_id=33776997205278721 tipo=ompt_thread_worker     last_cpu= 55 numa=0 mig=0 fallos=0 perf=ipc_only ipc=0.098 ratio_rm=-1.0000
[OMPT] tid=452640 ompt_id=34058472181989377 tipo=ompt_thread_worker     last_cpu= 11 numa=0 mig=0 fallos=0 perf=ipc_only ipc=0.111 ratio_rm=-1.0000
[OMPT] tid=452641 ompt_id=34339947158700033 tipo=ompt_thread_worker     last_cpu= 12 numa=0 mig=0 fallos=0 perf=ipc_only ipc=0.112 ratio_rm=-1.0000
[OMPT] tid=452642 ompt_id=34621422135410689 tipo=ompt_thread_worker     last_cpu= 96 numa=1 mig=0 fallos=0 perf=ipc_only ipc=0.392 ratio_rm=-1.0000
[OMPT] tid=452645 ompt_id=35465847065542657 tipo=ompt_thread_worker     last_cpu= 97 numa=1 mig=0 fallos=0 perf=ipc_only ipc=0.393 ratio_rm=-1.0000
[OMPT] tid=452647 ompt_id=36028797018963969 tipo=ompt_thread_worker     last_cpu=107 numa=1 mig=0 fallos=0 perf=ipc_only ipc=0.274 ratio_rm=-1.0000
[OMPT] tid=452644 ompt_id=35184372088832001 tipo=ompt_thread_worker     last_cpu=215 numa=1 mig=0 fallos=0 perf=ipc_only ipc=0.392 ratio_rm=-1.0000
[OMPT] tid=452646 ompt_id=35747322042253313 tipo=ompt_thread_worker     last_cpu=247 numa=1 mig=0 fallos=0 perf=ipc_only ipc=0.388 ratio_rm=-1.0000
[OMPT] tid=452643 ompt_id=34902897112121345 tipo=ompt_thread_worker     last_cpu= 47 numa=0 mig=0 fallos=0 perf=ipc_only ipc=0.112 ratio_rm=-1.0000
[OMPT] ===== Overhead intrínseco =====
  monitor: 229 ticks, 420867.0 us total (max 4650.6 us/tick)
  callbacks implicit_task: 20993, 19627725.0 us total
  migraciones: 0 (0.0 us total)
  resyncs=0  lecturas escaladas por multiplexado=0
  hilos con perf fallido=0  parcial(ipc_only)=128
  ventanas con ciclos=21504  con fills=0

[OMPT] *** AVISO GRAVE ***
  Se midieron 21504 ventanas con ciclos pero NINGUNA con data cache fills.
  Los eventos crudos 0xD044/0xFF44 abrieron pero cuentan siempre 0:
  esta PMU no los implementa (son de AMD Zen). ratio_rm no existe y el
  scheduler NO PUEDE decidir migraciones. Los resultados de localidad de
  esta corrida no son válidos.

