[OMPT] ompt_initialize (OPCIÓN C: integrador con fugas)  verbose=0  migracion=DESACTIVADA
[HWLOC] Nodos NUMA detectados: 2 (usados: 2)
[HWLOC] Nodo 0: 128 CPUs
[HWLOC] Nodo 1: 128 CPUs
[OMPT] callback 'ompt_callback_thread_begin' registrado (result=5)
[OMPT] callback 'ompt_callback_thread_end' registrado (result=5)
[OMPT] callback 'ompt_callback_parallel_begin' registrado (result=5)
[OMPT] callback 'ompt_callback_parallel_end' registrado (result=5)
[OMPT] callback 'ompt_callback_implicit_task' registrado (result=5)
[OMPT] callback 'ompt_callback_control_tool' registrado (result=5)
[OMPT] Callbacks registrados
[OMPT] Sistema: 0 procesadores lógicos
[OMPT][MON] Monitor (C: integrador con fugas)  período=100ms  warmup=5  T=ref+1.00*MAD  leak=0.50*MAD  cap=8.00*MAD  max_mig=1  migracion=DESACTIVADA
[perf_region] tool OMPT detectado: los contadores los lleva el tool, no se abren aqui
[OMPT] control_tool: INICIANDO medicion
[OMPT] control_tool: PAUSANDO medicion
[OMPT] ompt_finalize
[OMPT][MON] Monitor detenido tras 224 ventanas
[OMPT] CSV de ventanas: 10364 filas volcadas (0 descartadas)
[OMPT] ===== Tabla final: 64 hilos =====
[OMPT] tid=665250 ompt_id=281474976710657 tipo=ompt_thread_initial    last_cpu=255 numa=1 mig=0 fallos=0 perf=full ipc=0.304 ratio_rm=0.0000
[OMPT] tid=665252 ompt_id=562949953421313 tipo=ompt_thread_worker     last_cpu= 49 numa=0 mig=0 fallos=0 perf=full ipc=0.082 ratio_rm=0.6205
[OMPT] tid=665253 ompt_id=844424930131969 tipo=ompt_thread_worker     last_cpu=128 numa=0 mig=0 fallos=0 perf=full ipc=0.090 ratio_rm=0.5813
[OMPT] tid=665255 ompt_id=1125899906842625 tipo=ompt_thread_worker     last_cpu= 98 numa=1 mig=0 fallos=0 perf=full ipc=0.305 ratio_rm=0.0000
[OMPT] tid=665254 ompt_id=1407374883553281 tipo=ompt_thread_worker     last_cpu=104 numa=1 mig=0 fallos=0 perf=full ipc=0.310 ratio_rm=0.0000
[OMPT] tid=665257 ompt_id=1688849860263937 tipo=ompt_thread_worker     last_cpu= 24 numa=0 mig=0 fallos=0 perf=full ipc=0.081 ratio_rm=0.6219
[OMPT] tid=665256 ompt_id=1970324836974593 tipo=ompt_thread_worker     last_cpu= 25 numa=0 mig=0 fallos=0 perf=full ipc=0.082 ratio_rm=0.6212
[OMPT] tid=665258 ompt_id=2251799813685249 tipo=ompt_thread_worker     last_cpu=252 numa=1 mig=0 fallos=0 perf=full ipc=0.312 ratio_rm=0.0000
[OMPT] tid=665259 ompt_id=2533274790395905 tipo=ompt_thread_worker     last_cpu= 89 numa=1 mig=0 fallos=0 perf=full ipc=0.309 ratio_rm=0.0000
[OMPT] tid=665261 ompt_id=2814749767106561 tipo=ompt_thread_worker     last_cpu=254 numa=1 mig=0 fallos=0 perf=full ipc=0.309 ratio_rm=0.0000
[OMPT] tid=665260 ompt_id=3096224743817217 tipo=ompt_thread_worker     last_cpu= 40 numa=0 mig=0 fallos=0 perf=full ipc=0.089 ratio_rm=0.6276
[OMPT] tid=665262 ompt_id=3377699720527873 tipo=ompt_thread_worker     last_cpu= 18 numa=0 mig=0 fallos=0 perf=full ipc=0.083 ratio_rm=0.6118
[OMPT] tid=665263 ompt_id=3659174697238529 tipo=ompt_thread_worker     last_cpu= 48 numa=0 mig=0 fallos=0 perf=full ipc=0.083 ratio_rm=0.6201
[OMPT] tid=665264 ompt_id=3940649673949185 tipo=ompt_thread_worker     last_cpu= 33 numa=0 mig=0 fallos=0 perf=full ipc=0.108 ratio_rm=0.5398
[OMPT] tid=665265 ompt_id=4222124650659841 tipo=ompt_thread_worker     last_cpu=105 numa=1 mig=0 fallos=0 perf=full ipc=0.309 ratio_rm=0.0000
[OMPT] tid=665266 ompt_id=4503599627370497 tipo=ompt_thread_worker     last_cpu=  1 numa=0 mig=0 fallos=0 perf=full ipc=0.127 ratio_rm=0.4808
[OMPT] tid=665267 ompt_id=4785074604081153 tipo=ompt_thread_worker     last_cpu= 32 numa=0 mig=0 fallos=0 perf=full ipc=0.091 ratio_rm=0.6161
[OMPT] tid=665268 ompt_id=5066549580791809 tipo=ompt_thread_worker     last_cpu= 80 numa=1 mig=0 fallos=0 perf=full ipc=0.311 ratio_rm=0.0000
[OMPT] tid=665269 ompt_id=5348024557502465 tipo=ompt_thread_worker     last_cpu= 16 numa=0 mig=0 fallos=0 perf=full ipc=0.084 ratio_rm=0.6121
[OMPT] tid=665270 ompt_id=5629499534213121 tipo=ompt_thread_worker     last_cpu=253 numa=1 mig=0 fallos=0 perf=full ipc=0.311 ratio_rm=0.0000
[OMPT] tid=665271 ompt_id=5910974510923777 tipo=ompt_thread_worker     last_cpu= 64 numa=1 mig=0 fallos=0 perf=full ipc=0.303 ratio_rm=0.0000
[OMPT] tid=665272 ompt_id=6192449487634433 tipo=ompt_thread_worker     last_cpu= 14 numa=0 mig=0 fallos=0 perf=full ipc=0.083 ratio_rm=0.6254
[OMPT] tid=665273 ompt_id=6473924464345089 tipo=ompt_thread_worker     last_cpu= 78 numa=1 mig=0 fallos=0 perf=full ipc=0.305 ratio_rm=0.0000
[OMPT] tid=665274 ompt_id=6755399441055745 tipo=ompt_thread_worker     last_cpu=  6 numa=0 mig=0 fallos=0 perf=full ipc=0.085 ratio_rm=0.6162
[OMPT] tid=665275 ompt_id=7036874417766401 tipo=ompt_thread_worker     last_cpu= 65 numa=1 mig=0 fallos=0 perf=full ipc=0.306 ratio_rm=0.0000
[OMPT] tid=665276 ompt_id=7318349394477057 tipo=ompt_thread_worker     last_cpu= 13 numa=0 mig=0 fallos=0 perf=full ipc=0.083 ratio_rm=0.6251
[OMPT] tid=665277 ompt_id=7599824371187713 tipo=ompt_thread_worker     last_cpu=  7 numa=0 mig=0 fallos=0 perf=full ipc=0.086 ratio_rm=0.6161
[OMPT] tid=665278 ompt_id=7881299347898369 tipo=ompt_thread_worker     last_cpu= 41 numa=0 mig=0 fallos=0 perf=full ipc=0.083 ratio_rm=0.6276
[OMPT] tid=665279 ompt_id=8162774324609025 tipo=ompt_thread_worker     last_cpu=113 numa=1 mig=0 fallos=0 perf=full ipc=0.313 ratio_rm=0.0000
[OMPT] tid=665280 ompt_id=8444249301319681 tipo=ompt_thread_worker     last_cpu= 12 numa=0 mig=0 fallos=0 perf=full ipc=0.083 ratio_rm=0.6251
[OMPT] tid=665281 ompt_id=8725724278030337 tipo=ompt_thread_worker     last_cpu= 57 numa=0 mig=0 fallos=0 perf=full ipc=0.084 ratio_rm=0.6171
[OMPT] tid=665282 ompt_id=9007199254740993 tipo=ompt_thread_worker     last_cpu=114 numa=1 mig=0 fallos=0 perf=full ipc=0.313 ratio_rm=0.0000
[OMPT] tid=665283 ompt_id=9288674231451649 tipo=ompt_thread_worker     last_cpu= 72 numa=1 mig=0 fallos=0 perf=full ipc=0.307 ratio_rm=0.0000
[OMPT] tid=665284 ompt_id=9570149208162305 tipo=ompt_thread_worker     last_cpu= 81 numa=1 mig=0 fallos=0 perf=full ipc=0.310 ratio_rm=0.0000
[OMPT] tid=665285 ompt_id=9851624184872961 tipo=ompt_thread_worker     last_cpu= 90 numa=1 mig=0 fallos=0 perf=full ipc=0.309 ratio_rm=0.0000
[OMPT] tid=665286 ompt_id=10133099161583617 tipo=ompt_thread_worker     last_cpu= 97 numa=1 mig=0 fallos=0 perf=full ipc=0.306 ratio_rm=0.0000
[OMPT] tid=665306 ompt_id=15762598695796737 tipo=ompt_thread_worker     last_cpu=230 numa=1 mig=0 fallos=0 perf=full ipc=0.304 ratio_rm=0.0000
[OMPT] tid=665296 ompt_id=12666373951979521 tipo=ompt_thread_worker     last_cpu=231 numa=1 mig=0 fallos=0 perf=full ipc=0.304 ratio_rm=0.0000
[OMPT] tid=665310 ompt_id=16888498602639361 tipo=ompt_thread_worker     last_cpu=198 numa=1 mig=0 fallos=0 perf=full ipc=0.305 ratio_rm=0.0000
[OMPT] tid=665290 ompt_id=11258999068426241 tipo=ompt_thread_worker     last_cpu=199 numa=1 mig=0 fallos=0 perf=full ipc=0.305 ratio_rm=0.0000
[OMPT] tid=665298 ompt_id=13229323905400833 tipo=ompt_thread_worker     last_cpu=207 numa=1 mig=0 fallos=0 perf=full ipc=0.306 ratio_rm=0.0000
[OMPT] tid=665312 ompt_id=17451448556060673 tipo=ompt_thread_worker     last_cpu=214 numa=1 mig=0 fallos=0 perf=full ipc=0.309 ratio_rm=0.0000
[OMPT] tid=665292 ompt_id=11540474045136897 tipo=ompt_thread_worker     last_cpu=215 numa=1 mig=0 fallos=0 perf=full ipc=0.308 ratio_rm=0.0000
[OMPT] tid=665301 ompt_id=14636698788954113 tipo=ompt_thread_worker     last_cpu=151 numa=0 mig=0 fallos=0 perf=full ipc=0.083 ratio_rm=0.6121
[OMPT] tid=665307 ompt_id=16044073672507393 tipo=ompt_thread_worker     last_cpu= 38 numa=0 mig=0 fallos=0 perf=full ipc=0.091 ratio_rm=0.6166
[OMPT] tid=665295 ompt_id=12947848928690177 tipo=ompt_thread_worker     last_cpu=167 numa=0 mig=0 fallos=0 perf=full ipc=0.091 ratio_rm=0.6167
[OMPT] tid=665313 ompt_id=17732923532771329 tipo=ompt_thread_worker     last_cpu=190 numa=0 mig=0 fallos=0 perf=full ipc=0.084 ratio_rm=0.6170
[OMPT] tid=665300 ompt_id=14073748835532801 tipo=ompt_thread_worker     last_cpu=191 numa=0 mig=0 fallos=0 perf=full ipc=0.084 ratio_rm=0.6173
[OMPT] tid=665302 ompt_id=14355223812243457 tipo=ompt_thread_worker     last_cpu=201 numa=1 mig=0 fallos=0 perf=full ipc=0.308 ratio_rm=0.0000
[OMPT] tid=665288 ompt_id=10696049115004929 tipo=ompt_thread_worker     last_cpu=247 numa=1 mig=0 fallos=0 perf=full ipc=0.310 ratio_rm=0.0000
[OMPT] tid=665308 ompt_id=16325548649218049 tipo=ompt_thread_worker     last_cpu=246 numa=1 mig=0 fallos=0 perf=full ipc=0.312 ratio_rm=0.0000
[OMPT] tid=665304 ompt_id=15199648742375425 tipo=ompt_thread_worker     last_cpu=222 numa=1 mig=0 fallos=0 perf=full ipc=0.308 ratio_rm=0.0000
[OMPT] tid=665287 ompt_id=10414574138294273 tipo=ompt_thread_worker     last_cpu=223 numa=1 mig=0 fallos=0 perf=full ipc=0.306 ratio_rm=0.0000
[OMPT] tid=665305 ompt_id=15481123719086081 tipo=ompt_thread_worker     last_cpu=158 numa=0 mig=0 fallos=0 perf=full ipc=0.081 ratio_rm=0.6229
[OMPT] tid=665293 ompt_id=12384898975268865 tipo=ompt_thread_worker     last_cpu=159 numa=0 mig=0 fallos=0 perf=full ipc=0.081 ratio_rm=0.6224
[OMPT] tid=665309 ompt_id=16607023625928705 tipo=ompt_thread_worker     last_cpu=174 numa=0 mig=0 fallos=0 perf=full ipc=0.089 ratio_rm=0.6277
[OMPT] tid=665297 ompt_id=13510798882111489 tipo=ompt_thread_worker     last_cpu=175 numa=0 mig=0 fallos=0 perf=full ipc=0.088 ratio_rm=0.6278
[OMPT] tid=665311 ompt_id=17169973579350017 tipo=ompt_thread_worker     last_cpu=182 numa=0 mig=0 fallos=0 perf=full ipc=0.083 ratio_rm=0.6201
[OMPT] tid=665299 ompt_id=13792273858822145 tipo=ompt_thread_worker     last_cpu=183 numa=0 mig=0 fallos=0 perf=full ipc=0.083 ratio_rm=0.6203
[OMPT] tid=665314 ompt_id=18014398509481985 tipo=ompt_thread_worker     last_cpu=238 numa=1 mig=0 fallos=0 perf=full ipc=0.308 ratio_rm=0.0000
[OMPT] tid=665294 ompt_id=12103423998558209 tipo=ompt_thread_worker     last_cpu=239 numa=1 mig=0 fallos=0 perf=full ipc=0.308 ratio_rm=0.0000
[OMPT] tid=665303 ompt_id=14918173765664769 tipo=ompt_thread_worker     last_cpu= 17 numa=0 mig=0 fallos=0 perf=full ipc=0.084 ratio_rm=0.6121
[OMPT] tid=665289 ompt_id=10977524091715585 tipo=ompt_thread_worker     last_cpu= 56 numa=0 mig=0 fallos=0 perf=full ipc=0.085 ratio_rm=0.6171
[OMPT] tid=665291 ompt_id=11821949021847553 tipo=ompt_thread_worker     last_cpu=143 numa=0 mig=0 fallos=0 perf=full ipc=0.083 ratio_rm=0.6256
[OMPT] ===== Overhead intrínseco =====
  monitor: 224 ticks, 178207.8 us total (max 3662.6 us/tick)
  callbacks implicit_task: 10497, 4465743.0 us total
  migraciones: 0 (0.0 us total)
  resyncs=4  lecturas escaladas por multiplexado=41984
  hilos con perf fallido=0  parcial(ipc_only)=0
  ventanas con ciclos=10364  con fills=10364
