[OMPT] ompt_initialize (OPCIÓN C: integrador con fugas)  verbose=0  migracion=activa
[HWLOC] Nodos NUMA detectados: 2 (usados: 2)
[HWLOC] Nodo 0: 128 CPUs
[HWLOC] Nodo 1: 128 CPUs
[OMPT] callback 'ompt_callback_thread_begin' registrado (result=5)
[OMPT] callback 'ompt_callback_thread_end' registrado (result=5)
[OMPT] callback 'ompt_callback_parallel_begin' registrado (result=5)
[OMPT] callback 'ompt_callback_parallel_end' registrado (result=5)
[OMPT] callback 'ompt_callback_implicit_task' registrado (result=5)
[OMPT] callback 'ompt_callback_control_tool' registrado (result=5)
[OMPT] Callbacks registrados
[OMPT] Sistema: 0 procesadores lógicos
[OMPT][MON] Monitor (C: integrador con fugas)  período=100ms  warmup=5  T=ref+1.00*MAD  leak=0.50*MAD  cap=8.00*MAD  max_mig=1  migracion=activa
[perf_region] tool OMPT detectado: los contadores los lleva el tool, no se abren aqui
[OMPT] control_tool: INICIANDO medicion
[OMPT] control_tool: PAUSANDO medicion
[OMPT] ompt_finalize
[OMPT][MON] Monitor detenido tras 1 ventanas
[OMPT] CSV de ventanas: 0 filas volcadas (0 descartadas)
[OMPT] ===== Tabla final: 32 hilos =====
[OMPT] tid=635101 ompt_id=281474976710657 tipo=ompt_thread_initial    last_cpu=255 numa=1 mig=0 fallos=0 perf=full ipc=0.887 ratio_rm=0.0002
[OMPT] tid=635103 ompt_id=562949953421313 tipo=ompt_thread_worker     last_cpu=122 numa=1 mig=0 fallos=0 perf=full ipc=0.923 ratio_rm=0.0002
[OMPT] tid=635104 ompt_id=844424930131969 tipo=ompt_thread_worker     last_cpu=121 numa=1 mig=0 fallos=0 perf=full ipc=0.924 ratio_rm=0.0002
[OMPT] tid=635105 ompt_id=1125899906842625 tipo=ompt_thread_worker     last_cpu=120 numa=1 mig=0 fallos=0 perf=full ipc=0.914 ratio_rm=0.0002
[OMPT] tid=635107 ompt_id=1688849860263937 tipo=ompt_thread_worker     last_cpu= 56 numa=0 mig=0 fallos=0 perf=full ipc=0.843 ratio_rm=0.0009
[OMPT] tid=635108 ompt_id=1970324836974593 tipo=ompt_thread_worker     last_cpu=104 numa=1 mig=0 fallos=0 perf=full ipc=0.872 ratio_rm=0.0002
[OMPT] tid=635109 ompt_id=2251799813685249 tipo=ompt_thread_worker     last_cpu=112 numa=1 mig=0 fallos=0 perf=full ipc=0.901 ratio_rm=0.0005
[OMPT] tid=635112 ompt_id=3096224743817217 tipo=ompt_thread_worker     last_cpu= 64 numa=1 mig=0 fallos=0 perf=full ipc=0.861 ratio_rm=0.0006
[OMPT] tid=635114 ompt_id=3659174697238529 tipo=ompt_thread_worker     last_cpu=231 numa=1 mig=0 fallos=0 perf=full ipc=0.929 ratio_rm=0.0004
[OMPT] tid=635113 ompt_id=3377699720527873 tipo=ompt_thread_worker     last_cpu= 72 numa=1 mig=0 fallos=0 perf=full ipc=0.637 ratio_rm=0.0004
[OMPT] tid=635115 ompt_id=3940649673949185 tipo=ompt_thread_worker     last_cpu=239 numa=1 mig=0 fallos=0 perf=full ipc=0.876 ratio_rm=0.0002
[OMPT] tid=635111 ompt_id=2814749767106561 tipo=ompt_thread_worker     last_cpu=191 numa=0 mig=0 fallos=0 perf=full ipc=0.819 ratio_rm=0.0008
[OMPT] tid=635110 ompt_id=2533274790395905 tipo=ompt_thread_worker     last_cpu=223 numa=1 mig=0 fallos=0 perf=full ipc=0.886 ratio_rm=0.0004
[OMPT] tid=635106 ompt_id=1407374883553281 tipo=ompt_thread_worker     last_cpu=  0 numa=0 mig=0 fallos=0 perf=full ipc=0.751 ratio_rm=0.0011
[OMPT] tid=635117 ompt_id=4503599627370497 tipo=ompt_thread_worker     last_cpu=247 numa=1 mig=0 fallos=0 perf=full ipc=0.883 ratio_rm=0.0005
[OMPT] tid=635118 ompt_id=4785074604081153 tipo=ompt_thread_worker     last_cpu=215 numa=1 mig=0 fallos=0 perf=full ipc=0.853 ratio_rm=0.0002
[OMPT] tid=635119 ompt_id=5066549580791809 tipo=ompt_thread_worker     last_cpu= 88 numa=1 mig=0 fallos=0 perf=full ipc=0.900 ratio_rm=0.0006
[OMPT] tid=635116 ompt_id=4222124650659841 tipo=ompt_thread_worker     last_cpu=183 numa=0 mig=0 fallos=0 perf=full ipc=0.802 ratio_rm=0.0010
[OMPT] tid=635121 ompt_id=5629499534213121 tipo=ompt_thread_worker     last_cpu=199 numa=1 mig=0 fallos=0 perf=full ipc=0.849 ratio_rm=0.0005
[OMPT] tid=635120 ompt_id=5348024557502465 tipo=ompt_thread_worker     last_cpu=  1 numa=0 mig=0 fallos=0 perf=full ipc=0.761 ratio_rm=0.0009
[OMPT] tid=635122 ompt_id=5910974510923777 tipo=ompt_thread_worker     last_cpu=200 numa=1 mig=0 fallos=0 perf=full ipc=0.639 ratio_rm=0.0005
[OMPT] tid=635123 ompt_id=6192449487634433 tipo=ompt_thread_worker     last_cpu= 96 numa=1 mig=0 fallos=0 perf=full ipc=0.941 ratio_rm=0.0007
[OMPT] tid=635124 ompt_id=6473924464345089 tipo=ompt_thread_worker     last_cpu=  2 numa=0 mig=0 fallos=0 perf=full ipc=0.758 ratio_rm=0.0009
[OMPT] tid=635125 ompt_id=6755399441055745 tipo=ompt_thread_worker     last_cpu=105 numa=1 mig=0 fallos=0 perf=full ipc=0.886 ratio_rm=0.0008
[OMPT] tid=635126 ompt_id=7036874417766401 tipo=ompt_thread_worker     last_cpu= 81 numa=1 mig=0 fallos=0 perf=full ipc=0.883 ratio_rm=0.0003
[OMPT] tid=635127 ompt_id=7318349394477057 tipo=ompt_thread_worker     last_cpu= 86 numa=1 mig=0 fallos=0 perf=full ipc=0.846 ratio_rm=0.0001
[OMPT] tid=635128 ompt_id=7599824371187713 tipo=ompt_thread_worker     last_cpu= 85 numa=1 mig=0 fallos=0 perf=full ipc=0.826 ratio_rm=0.0002
[OMPT] tid=635129 ompt_id=7881299347898369 tipo=ompt_thread_worker     last_cpu= 83 numa=1 mig=0 fallos=0 perf=full ipc=0.815 ratio_rm=0.0002
[OMPT] tid=635130 ompt_id=8162774324609025 tipo=ompt_thread_worker     last_cpu= 80 numa=1 mig=0 fallos=0 perf=full ipc=0.900 ratio_rm=0.0003
[OMPT] tid=635131 ompt_id=8444249301319681 tipo=ompt_thread_worker     last_cpu= 84 numa=1 mig=0 fallos=0 perf=full ipc=0.838 ratio_rm=0.0002
[OMPT] tid=635132 ompt_id=8725724278030337 tipo=ompt_thread_worker     last_cpu= 82 numa=1 mig=0 fallos=0 perf=full ipc=0.854 ratio_rm=0.0003
[OMPT] tid=635133 ompt_id=9007199254740993 tipo=ompt_thread_worker     last_cpu=207 numa=1 mig=0 fallos=0 perf=full ipc=0.803 ratio_rm=0.0003
[OMPT] ===== Overhead intrínseco =====
  monitor: 1 ticks, 7.7 us total (max 7.7 us/tick)
  callbacks implicit_task: 5249, 352715.7 us total
  migraciones: 0 (0.0 us total)
  resyncs=0  lecturas escaladas por multiplexado=128
  hilos con perf fallido=0  parcial(ipc_only)=0
  ventanas con ciclos=0  con fills=0
