[OMPT] ompt_initialize (OPCIÓN C: integrador con fugas)  verbose=0  migracion=activa
[HWLOC] Nodos NUMA detectados: 2 (usados: 2)
[HWLOC] Nodo 0: 128 CPUs
[HWLOC] Nodo 1: 128 CPUs
[OMPT] callback 'ompt_callback_thread_begin' registrado (result=5)
[OMPT] callback 'ompt_callback_thread_end' registrado (result=5)
[OMPT] callback 'ompt_callback_parallel_begin' registrado (result=5)
[OMPT] callback 'ompt_callback_parallel_end' registrado (result=5)
[OMPT] callback 'ompt_callback_implicit_task' registrado (result=5)
[OMPT] callback 'ompt_callback_control_tool' registrado (result=5)
[OMPT] Callbacks registrados
[OMPT] Sistema: 0 procesadores lógicos
[OMPT][MON] Monitor (C: integrador con fugas)  período=100ms  warmup=5  T=ref+1.00*MAD  leak=0.50*MAD  cap=8.00*MAD  max_mig=1  migracion=activa
[perf_region] tool OMPT detectado: los contadores los lleva el tool, no se abren aqui
[OMPT] control_tool: INICIANDO medicion
[OMPT] control_tool: PAUSANDO medicion
[OMPT] ompt_finalize
[OMPT][MON] Monitor detenido tras 1 ventanas
[OMPT] CSV de ventanas: 0 filas volcadas (0 descartadas)
[OMPT] ===== Tabla final: 64 hilos =====
[OMPT] tid=626729 ompt_id=281474976710657 tipo=ompt_thread_initial    last_cpu=255 numa=1 mig=0 fallos=0 perf=full ipc=0.677 ratio_rm=0.0004
[OMPT] tid=626731 ompt_id=562949953421313 tipo=ompt_thread_worker     last_cpu=250 numa=1 mig=0 fallos=0 perf=full ipc=0.384 ratio_rm=0.0010
[OMPT] tid=626733 ompt_id=1125899906842625 tipo=ompt_thread_worker     last_cpu=126 numa=1 mig=0 fallos=0 perf=full ipc=0.381 ratio_rm=0.0009
[OMPT] tid=626732 ompt_id=844424930131969 tipo=ompt_thread_worker     last_cpu=120 numa=1 mig=0 fallos=0 perf=full ipc=0.380 ratio_rm=0.0010
[OMPT] tid=626734 ompt_id=1407374883553281 tipo=ompt_thread_worker     last_cpu=125 numa=1 mig=0 fallos=0 perf=full ipc=0.376 ratio_rm=0.0008
[OMPT] tid=626736 ompt_id=1970324836974593 tipo=ompt_thread_worker     last_cpu=128 numa=0 mig=0 fallos=0 perf=full ipc=0.156 ratio_rm=0.0009
[OMPT] tid=626735 ompt_id=1688849860263937 tipo=ompt_thread_worker     last_cpu=  7 numa=0 mig=0 fallos=0 perf=full ipc=0.181 ratio_rm=0.0020
[OMPT] tid=626738 ompt_id=2533274790395905 tipo=ompt_thread_worker     last_cpu=124 numa=1 mig=0 fallos=0 perf=full ipc=0.361 ratio_rm=0.0010
[OMPT] tid=626737 ompt_id=2251799813685249 tipo=ompt_thread_worker     last_cpu=253 numa=1 mig=0 fallos=0 perf=full ipc=0.383 ratio_rm=0.0010
[OMPT] tid=626739 ompt_id=3096224743817217 tipo=ompt_thread_worker     last_cpu=100 numa=1 mig=0 fallos=0 perf=full ipc=0.365 ratio_rm=0.0037
[OMPT] tid=626740 ompt_id=2814749767106561 tipo=ompt_thread_worker     last_cpu=  4 numa=0 mig=0 fallos=0 perf=full ipc=0.187 ratio_rm=0.0017
[OMPT] tid=626742 ompt_id=3659174697238529 tipo=ompt_thread_worker     last_cpu=123 numa=1 mig=0 fallos=0 perf=full ipc=0.368 ratio_rm=0.0010
[OMPT] tid=626744 ompt_id=4222124650659841 tipo=ompt_thread_worker     last_cpu= 64 numa=1 mig=0 fallos=0 perf=full ipc=0.410 ratio_rm=0.0035
[OMPT] tid=626743 ompt_id=3940649673949185 tipo=ompt_thread_worker     last_cpu= 81 numa=1 mig=0 fallos=0 perf=full ipc=0.381 ratio_rm=0.0044
[OMPT] tid=626745 ompt_id=4503599627370497 tipo=ompt_thread_worker     last_cpu=  2 numa=0 mig=0 fallos=0 perf=full ipc=0.138 ratio_rm=0.0016
[OMPT] tid=626741 ompt_id=3377699720527873 tipo=ompt_thread_worker     last_cpu=254 numa=1 mig=0 fallos=0 perf=full ipc=0.375 ratio_rm=0.0010
[OMPT] tid=626746 ompt_id=4785074604081153 tipo=ompt_thread_worker     last_cpu=122 numa=1 mig=0 fallos=0 perf=full ipc=0.343 ratio_rm=0.0015
[OMPT] tid=626747 ompt_id=5066549580791809 tipo=ompt_thread_worker     last_cpu=172 numa=0 mig=0 fallos=0 perf=full ipc=0.205 ratio_rm=0.0019
[OMPT] tid=626748 ompt_id=5348024557502465 tipo=ompt_thread_worker     last_cpu=175 numa=0 mig=0 fallos=0 perf=full ipc=0.205 ratio_rm=0.0012
[OMPT] tid=626749 ompt_id=5629499534213121 tipo=ompt_thread_worker     last_cpu= 24 numa=0 mig=0 fallos=0 perf=full ipc=0.296 ratio_rm=0.0030
[OMPT] tid=626750 ompt_id=5910974510923777 tipo=ompt_thread_worker     last_cpu=252 numa=1 mig=0 fallos=0 perf=full ipc=0.357 ratio_rm=0.0011
[OMPT] tid=626751 ompt_id=6192449487634433 tipo=ompt_thread_worker     last_cpu= 72 numa=1 mig=0 fallos=0 perf=full ipc=0.385 ratio_rm=0.0062
[OMPT] tid=626752 ompt_id=6473924464345089 tipo=ompt_thread_worker     last_cpu= 80 numa=1 mig=0 fallos=0 perf=full ipc=0.384 ratio_rm=0.0037
[OMPT] tid=626753 ompt_id=6755399441055745 tipo=ompt_thread_worker     last_cpu=112 numa=1 mig=0 fallos=0 perf=full ipc=0.401 ratio_rm=0.0050
[OMPT] tid=626754 ompt_id=7036874417766401 tipo=ompt_thread_worker     last_cpu=  9 numa=0 mig=0 fallos=0 perf=full ipc=0.281 ratio_rm=0.0035
[OMPT] tid=626755 ompt_id=7318349394477057 tipo=ompt_thread_worker     last_cpu=  6 numa=0 mig=0 fallos=0 perf=full ipc=0.194 ratio_rm=0.0021
[OMPT] tid=626756 ompt_id=7599824371187713 tipo=ompt_thread_worker     last_cpu=251 numa=1 mig=0 fallos=0 perf=full ipc=0.362 ratio_rm=0.0013
[OMPT] tid=626757 ompt_id=7881299347898369 tipo=ompt_thread_worker     last_cpu=129 numa=0 mig=0 fallos=0 perf=full ipc=0.144 ratio_rm=0.0017
[OMPT] tid=626758 ompt_id=8162774324609025 tipo=ompt_thread_worker     last_cpu=130 numa=0 mig=0 fallos=0 perf=full ipc=0.135 ratio_rm=0.0015
[OMPT] tid=626759 ompt_id=8444249301319681 tipo=ompt_thread_worker     last_cpu=249 numa=1 mig=0 fallos=0 perf=full ipc=0.362 ratio_rm=0.0016
[OMPT] tid=626760 ompt_id=8725724278030337 tipo=ompt_thread_worker     last_cpu=  5 numa=0 mig=0 fallos=0 perf=full ipc=0.204 ratio_rm=0.0020
[OMPT] tid=626761 ompt_id=9007199254740993 tipo=ompt_thread_worker     last_cpu=  3 numa=0 mig=0 fallos=0 perf=full ipc=0.209 ratio_rm=0.0016
[OMPT] tid=626762 ompt_id=9288674231451649 tipo=ompt_thread_worker     last_cpu=121 numa=1 mig=0 fallos=0 perf=full ipc=0.350 ratio_rm=0.0013
[OMPT] tid=626763 ompt_id=9570149208162305 tipo=ompt_thread_worker     last_cpu=127 numa=1 mig=0 fallos=0 perf=full ipc=0.533 ratio_rm=0.0009
[OMPT] tid=626764 ompt_id=9851624184872961 tipo=ompt_thread_worker     last_cpu=  8 numa=0 mig=0 fallos=0 perf=full ipc=0.275 ratio_rm=0.0026
[OMPT] tid=626765 ompt_id=10133099161583617 tipo=ompt_thread_worker     last_cpu= 65 numa=1 mig=0 fallos=0 perf=full ipc=0.421 ratio_rm=0.0040
[OMPT] tid=626777 ompt_id=13510798882111489 tipo=ompt_thread_worker     last_cpu=199 numa=1 mig=0 fallos=0 perf=full ipc=0.372 ratio_rm=0.0348
[OMPT] tid=626783 ompt_id=15199648742375425 tipo=ompt_thread_worker     last_cpu=198 numa=1 mig=0 fallos=0 perf=full ipc=0.376 ratio_rm=0.0330
[OMPT] tid=626775 ompt_id=12947848928690177 tipo=ompt_thread_worker     last_cpu=207 numa=1 mig=0 fallos=0 perf=full ipc=0.353 ratio_rm=0.0578
[OMPT] tid=626766 ompt_id=10414574138294273 tipo=ompt_thread_worker     last_cpu=223 numa=1 mig=0 fallos=0 perf=full ipc=0.397 ratio_rm=0.0039
[OMPT] tid=626791 ompt_id=17451448556060673 tipo=ompt_thread_worker     last_cpu=222 numa=1 mig=0 fallos=0 perf=full ipc=0.361 ratio_rm=0.0871
[OMPT] tid=626773 ompt_id=12103423998558209 tipo=ompt_thread_worker     last_cpu=239 numa=1 mig=0 fallos=0 perf=full ipc=0.330 ratio_rm=0.0387
[OMPT] tid=626787 ompt_id=16325548649218049 tipo=ompt_thread_worker     last_cpu=238 numa=1 mig=0 fallos=0 perf=full ipc=0.337 ratio_rm=0.0763
[OMPT] tid=626774 ompt_id=12666373951979521 tipo=ompt_thread_worker     last_cpu=143 numa=0 mig=0 fallos=0 perf=full ipc=0.201 ratio_rm=0.0774
[OMPT] tid=626786 ompt_id=16044073672507393 tipo=ompt_thread_worker     last_cpu=142 numa=0 mig=0 fallos=0 perf=full ipc=0.228 ratio_rm=0.0674
[OMPT] tid=626784 ompt_id=15481123719086081 tipo=ompt_thread_worker     last_cpu=182 numa=0 mig=0 fallos=0 perf=full ipc=0.295 ratio_rm=0.0504
[OMPT] tid=626772 ompt_id=12384898975268865 tipo=ompt_thread_worker     last_cpu=183 numa=0 mig=0 fallos=0 perf=full ipc=0.282 ratio_rm=0.0384
[OMPT] tid=626790 ompt_id=17169973579350017 tipo=ompt_thread_worker     last_cpu=174 numa=0 mig=0 fallos=0 perf=full ipc=0.243 ratio_rm=0.0607
[OMPT] tid=626768 ompt_id=10977524091715585 tipo=ompt_thread_worker     last_cpu=159 numa=0 mig=0 fallos=0 perf=full ipc=0.249 ratio_rm=0.0770
[OMPT] tid=626776 ompt_id=13229323905400833 tipo=ompt_thread_worker     last_cpu=151 numa=0 mig=0 fallos=0 perf=full ipc=0.266 ratio_rm=0.0570
[OMPT] tid=626788 ompt_id=16607023625928705 tipo=ompt_thread_worker     last_cpu=150 numa=0 mig=0 fallos=0 perf=full ipc=0.292 ratio_rm=0.0685
[OMPT] tid=626769 ompt_id=11258999068426241 tipo=ompt_thread_worker     last_cpu=215 numa=1 mig=0 fallos=0 perf=full ipc=0.352 ratio_rm=0.0342
[OMPT] tid=626785 ompt_id=15762598695796737 tipo=ompt_thread_worker     last_cpu=214 numa=1 mig=0 fallos=0 perf=full ipc=0.356 ratio_rm=0.0376
[OMPT] tid=626789 ompt_id=16888498602639361 tipo=ompt_thread_worker     last_cpu=246 numa=1 mig=0 fallos=0 perf=full ipc=0.369 ratio_rm=0.0420
[OMPT] tid=626771 ompt_id=11821949021847553 tipo=ompt_thread_worker     last_cpu=247 numa=1 mig=0 fallos=0 perf=full ipc=0.369 ratio_rm=0.0336
[OMPT] tid=626778 ompt_id=13792273858822145 tipo=ompt_thread_worker     last_cpu= 41 numa=0 mig=0 fallos=0 perf=full ipc=0.190 ratio_rm=0.0456
[OMPT] tid=626781 ompt_id=14636698788954113 tipo=ompt_thread_worker     last_cpu=248 numa=1 mig=0 fallos=0 perf=full ipc=0.345 ratio_rm=0.0295
[OMPT] tid=626767 ompt_id=10696049115004929 tipo=ompt_thread_worker     last_cpu=231 numa=1 mig=0 fallos=0 perf=full ipc=0.390 ratio_rm=0.0056
[OMPT] tid=626793 ompt_id=18014398509481985 tipo=ompt_thread_worker     last_cpu=230 numa=1 mig=0 fallos=0 perf=full ipc=0.353 ratio_rm=0.0512
[OMPT] tid=626779 ompt_id=14355223812243457 tipo=ompt_thread_worker     last_cpu=167 numa=0 mig=0 fallos=0 perf=full ipc=0.279 ratio_rm=0.0518
[OMPT] tid=626792 ompt_id=17732923532771329 tipo=ompt_thread_worker     last_cpu=166 numa=0 mig=0 fallos=0 perf=full ipc=0.285 ratio_rm=0.0532
[OMPT] tid=626782 ompt_id=14918173765664769 tipo=ompt_thread_worker     last_cpu=  0 numa=0 mig=0 fallos=0 perf=full ipc=0.158 ratio_rm=0.0517
[OMPT] tid=626780 ompt_id=14073748835532801 tipo=ompt_thread_worker     last_cpu=191 numa=0 mig=0 fallos=0 perf=full ipc=0.290 ratio_rm=0.0839
[OMPT] tid=626770 ompt_id=11540474045136897 tipo=ompt_thread_worker     last_cpu=  1 numa=0 mig=0 fallos=0 perf=full ipc=0.140 ratio_rm=0.0481
[OMPT] ===== Overhead intrínseco =====
  monitor: 1 ticks, 7.9 us total (max 7.9 us/tick)
  callbacks implicit_task: 10497, 2033227.9 us total
  migraciones: 0 (0.0 us total)
  resyncs=0  lecturas escaladas por multiplexado=256
  hilos con perf fallido=0  parcial(ipc_only)=0
  ventanas con ciclos=0  con fills=0
