[OMPT] ompt_initialize (OPCIÓN C: integrador con fugas)  verbose=0  migracion=activa
[HWLOC] Nodos NUMA detectados: 2 (usados: 2)
[HWLOC] Nodo 0: 128 CPUs
[HWLOC] Nodo 1: 128 CPUs
[OMPT] callback 'ompt_callback_thread_begin' registrado (result=5)
[OMPT] callback 'ompt_callback_thread_end' registrado (result=5)
[OMPT] callback 'ompt_callback_parallel_begin' registrado (result=5)
[OMPT] callback 'ompt_callback_parallel_end' registrado (result=5)
[OMPT] callback 'ompt_callback_implicit_task' registrado (result=5)
[OMPT] callback 'ompt_callback_control_tool' registrado (result=5)
[OMPT] Callbacks registrados
[OMPT] Sistema: 0 procesadores lógicos
[OMPT][MON] Monitor (C: integrador con fugas)  período=100ms  warmup=5  T=ref+1.00*MAD  leak=0.50*MAD  cap=8.00*MAD  max_mig=1  migracion=activa
[OMPT][PERF] tid=442712 SIN eventos NUMA (solo IPC). Este hilo no podrá disparar migraciones.
    modo=6 mascaras por origen  primer errno: Invalid argument / Invalid argument
  → los eventos crudos son específicos de AMD Zen; en otra PMU no existen
  → con OMPT_MASCARAS=0 se vuelve al par 0xFF44/0xD044
[OMPT][PERF] tid=442714 SIN eventos NUMA (solo IPC). Este hilo no podrá disparar migraciones.
    modo=6 mascaras por origen  primer errno: Invalid argument / Invalid argument
  → los eventos crudos son específicos de AMD Zen; en otra PMU no existen
  → con OMPT_MASCARAS=0 se vuelve al par 0xFF44/0xD044
[OMPT][PERF] tid=442716 SIN eventos NUMA (solo IPC). Este hilo no podrá disparar migraciones.
    modo=6 mascaras por origen  primer errno: Invalid argument / Invalid argument
  → los eventos crudos son específicos de AMD Zen; en otra PMU no existen
  → con OMPT_MASCARAS=0 se vuelve al par 0xFF44/0xD044
[OMPT][PERF] tid=442718 SIN eventos NUMA (solo IPC). Este hilo no podrá disparar migraciones.
    modo=6 mascaras por origen  primer errno: Invalid argument / Invalid argument
  → los eventos crudos son específicos de AMD Zen; en otra PMU no existen
  → con OMPT_MASCARAS=0 se vuelve al par 0xFF44/0xD044
[OMPT][PERF] tid=442717 SIN eventos NUMA (solo IPC). Este hilo no podrá disparar migraciones.
    modo=6 mascaras por origen  primer errno: Invalid argument / Invalid argument
  → los eventos crudos son específicos de AMD Zen; en otra PMU no existen
  → con OMPT_MASCARAS=0 se vuelve al par 0xFF44/0xD044
[OMPT][PERF] tid=442719 SIN eventos NUMA (solo IPC). Este hilo no podrá disparar migraciones.
    modo=6 mascaras por origen  primer errno: Invalid argument / Invalid argument
  → los eventos crudos son específicos de AMD Zen; en otra PMU no existen
  → con OMPT_MASCARAS=0 se vuelve al par 0xFF44/0xD044
[OMPT][PERF] tid=442721 SIN eventos NUMA (solo IPC). Este hilo no podrá disparar migraciones.
    modo=6 mascaras por origen  primer errno: Invalid argument / Invalid argument
  → los eventos crudos son específicos de AMD Zen; en otra PMU no existen
  → con OMPT_MASCARAS=0 se vuelve al par 0xFF44/0xD044
[OMPT][PERF] tid=442715 SIN eventos NUMA (solo IPC). Este hilo no podrá disparar migraciones.
    modo=6 mascaras por origen  primer errno: Invalid argument / Invalid argument
  → los eventos crudos son específicos de AMD Zen; en otra PMU no existen
  → con OMPT_MASCARAS=0 se vuelve al par 0xFF44/0xD044
[OMPT][PERF] tid=442726 SIN eventos NUMA (solo IPC). Este hilo no podrá disparar migraciones.
    modo=6 mascaras por origen  primer errno: Invalid argument / Invalid argument
  → los eventos crudos son específicos de AMD Zen; en otra PMU no existen
  → con OMPT_MASCARAS=0 se vuelve al par 0xFF44/0xD044
[OMPT][PERF] tid=442720 SIN eventos NUMA (solo IPC). Este hilo no podrá disparar migraciones.
    modo=6 mascaras por origen  primer errno: Invalid argument / Invalid argument
  → los eventos crudos son específicos de AMD Zen; en otra PMU no existen
  → con OMPT_MASCARAS=0 se vuelve al par 0xFF44/0xD044
[OMPT][PERF] tid=442727 SIN eventos NUMA (solo IPC). Este hilo no podrá disparar migraciones.
    modo=6 mascaras por origen  primer errno: Invalid argument / Invalid argument
  → los eventos crudos son específicos de AMD Zen; en otra PMU no existen
  → con OMPT_MASCARAS=0 se vuelve al par 0xFF44/0xD044
[OMPT][PERF] tid=442729 SIN eventos NUMA (solo IPC). Este hilo no podrá disparar migraciones.
    modo=6 mascaras por origen  primer errno: Invalid argument / Invalid argument
  → los eventos crudos son específicos de AMD Zen; en otra PMU no existen
  → con OMPT_MASCARAS=0 se vuelve al par 0xFF44/0xD044
[OMPT][PERF] tid=442725 SIN eventos NUMA (solo IPC). Este hilo no podrá disparar migraciones.
    modo=6 mascaras por origen  primer errno: Invalid argument / Invalid argument
  → los eventos crudos son específicos de AMD Zen; en otra PMU no existen
  → con OMPT_MASCARAS=0 se vuelve al par 0xFF44/0xD044
[OMPT][PERF] tid=442728 SIN eventos NUMA (solo IPC). Este hilo no podrá disparar migraciones.
    modo=6 mascaras por origen  primer errno: Invalid argument / Invalid argument
  → los eventos crudos son específicos de AMD Zen; en otra PMU no existen
  → con OMPT_MASCARAS=0 se vuelve al par 0xFF44/0xD044
[OMPT][PERF] tid=442736 SIN eventos NUMA (solo IPC). Este hilo no podrá disparar migraciones.
    modo=6 mascaras por origen  primer errno: Invalid argument / Invalid argument
  → los eventos crudos son específicos de AMD Zen; en otra PMU no existen
  → con OMPT_MASCARAS=0 se vuelve al par 0xFF44/0xD044
[OMPT][PERF] tid=442730 SIN eventos NUMA (solo IPC). Este hilo no podrá disparar migraciones.
    modo=6 mascaras por origen  primer errno: Invalid argument / Invalid argument
  → los eventos crudos son específicos de AMD Zen; en otra PMU no existen
  → con OMPT_MASCARAS=0 se vuelve al par 0xFF44/0xD044
[OMPT][PERF] tid=442722 SIN eventos NUMA (solo IPC). Este hilo no podrá disparar migraciones.
    modo=6 mascaras por origen  primer errno: Invalid argument / Invalid argument
  → los eventos crudos son específicos de AMD Zen; en otra PMU no existen
  → con OMPT_MASCARAS=0 se vuelve al par 0xFF44/0xD044
[OMPT][PERF] tid=442740 SIN eventos NUMA (solo IPC). Este hilo no podrá disparar migraciones.
    modo=6 mascaras por origen  primer errno: Invalid argument / Invalid argument
  → los eventos crudos son específicos de AMD Zen; en otra PMU no existen
  → con OMPT_MASCARAS=0 se vuelve al par 0xFF44/0xD044
[OMPT][PERF] tid=442731 SIN eventos NUMA (solo IPC). Este hilo no podrá disparar migraciones.
    modo=6 mascaras por origen  primer errno: Invalid argument / Invalid argument
  → los eventos crudos son específicos de AMD Zen; en otra PMU no existen
  → con OMPT_MASCARAS=0 se vuelve al par 0xFF44/0xD044
[OMPT][PERF] tid=442734 SIN eventos NUMA (solo IPC). Este hilo no podrá disparar migraciones.
    modo=6 mascaras por origen  primer errno: Invalid argument / Invalid argument
  → los eventos crudos son específicos de AMD Zen; en otra PMU no existen
  → con OMPT_MASCARAS=0 se vuelve al par 0xFF44/0xD044
[OMPT][PERF] tid=442741 SIN eventos NUMA (solo IPC). Este hilo no podrá disparar migraciones.
    modo=6 mascaras por origen  primer errno: Invalid argument / Invalid argument
  → los eventos crudos son específicos de AMD Zen; en otra PMU no existen
  → con OMPT_MASCARAS=0 se vuelve al par 0xFF44/0xD044
[OMPT][PERF] tid=442732 SIN eventos NUMA (solo IPC). Este hilo no podrá disparar migraciones.
    modo=6 mascaras por origen  primer errno: Invalid argument / Invalid argument
  → los eventos crudos son específicos de AMD Zen; en otra PMU no existen
  → con OMPT_MASCARAS=0 se vuelve al par 0xFF44/0xD044
[OMPT][PERF] tid=442733 SIN eventos NUMA (solo IPC). Este hilo no podrá disparar migraciones.
    modo=6 mascaras por origen  primer errno: Invalid argument / Invalid argument
  → los eventos crudos son específicos de AMD Zen; en otra PMU no existen
  → con OMPT_MASCARAS=0 se vuelve al par 0xFF44/0xD044
[OMPT][PERF] tid=442723 SIN eventos NUMA (solo IPC). Este hilo no podrá disparar migraciones.
    modo=6 mascaras por origen  primer errno: Invalid argument / Invalid argument
  → los eventos crudos son específicos de AMD Zen; en otra PMU no existen
  → con OMPT_MASCARAS=0 se vuelve al par 0xFF44/0xD044
[OMPT][PERF] tid=442735 SIN eventos NUMA (solo IPC). Este hilo no podrá disparar migraciones.
    modo=6 mascaras por origen  primer errno: Invalid argument / Invalid argument
  → los eventos crudos son específicos de AMD Zen; en otra PMU no existen
  → con OMPT_MASCARAS=0 se vuelve al par 0xFF44/0xD044
[OMPT][PERF] tid=442746 SIN eventos NUMA (solo IPC). Este hilo no podrá disparar migraciones.
    modo=6 mascaras por origen  primer errno: Invalid argument / Invalid argument
  → los eventos crudos son específicos de AMD Zen; en otra PMU no existen
  → con OMPT_MASCARAS=0 se vuelve al par 0xFF44/0xD044
[OMPT][PERF] tid=442748 SIN eventos NUMA (solo IPC). Este hilo no podrá disparar migraciones.
    modo=6 mascaras por origen  primer errno: Invalid argument / Invalid argument
  → los eventos crudos son específicos de AMD Zen; en otra PMU no existen
  → con OMPT_MASCARAS=0 se vuelve al par 0xFF44/0xD044
[OMPT][PERF] tid=442745 SIN eventos NUMA (solo IPC). Este hilo no podrá disparar migraciones.
    modo=6 mascaras por origen  primer errno: Invalid argument / Invalid argument
  → los eventos crudos son específicos de AMD Zen; en otra PMU no existen
  → con OMPT_MASCARAS=0 se vuelve al par 0xFF44/0xD044
[OMPT][PERF] tid=442751 SIN eventos NUMA (solo IPC). Este hilo no podrá disparar migraciones.
    modo=6 mascaras por origen  primer errno: Invalid argument / Invalid argument
  → los eventos crudos son específicos de AMD Zen; en otra PMU no existen
  → con OMPT_MASCARAS=0 se vuelve al par 0xFF44/0xD044
[OMPT][PERF] tid=442747 SIN eventos NUMA (solo IPC). Este hilo no podrá disparar migraciones.
    modo=6 mascaras por origen  primer errno: Invalid argument / Invalid argument
  → los eventos crudos son específicos de AMD Zen; en otra PMU no existen
  → con OMPT_MASCARAS=0 se vuelve al par 0xFF44/0xD044
[OMPT][PERF] tid=442753 SIN eventos NUMA (solo IPC). Este hilo no podrá disparar migraciones.
    modo=6 mascaras por origen  primer errno: Invalid argument / Invalid argument
  → los eventos crudos son específicos de AMD Zen; en otra PMU no existen
  → con OMPT_MASCARAS=0 se vuelve al par 0xFF44/0xD044
[OMPT][PERF] tid=442752 SIN eventos NUMA (solo IPC). Este hilo no podrá disparar migraciones.
    modo=6 mascaras por origen  primer errno: Invalid argument / Invalid argument
  → los eventos crudos son específicos de AMD Zen; en otra PMU no existen
  → con OMPT_MASCARAS=0 se vuelve al par 0xFF44/0xD044
[OMPT][PERF] tid=442739 SIN eventos NUMA (solo IPC). Este hilo no podrá disparar migraciones.
    modo=6 mascaras por origen  primer errno: Invalid argument / Invalid argument
  → los eventos crudos son específicos de AMD Zen; en otra PMU no existen
  → con OMPT_MASCARAS=0 se vuelve al par 0xFF44/0xD044
[OMPT][PERF] tid=442724 SIN eventos NUMA (solo IPC). Este hilo no podrá disparar migraciones.
    modo=6 mascaras por origen  primer errno: Invalid argument / Invalid argument
  → los eventos crudos son específicos de AMD Zen; en otra PMU no existen
  → con OMPT_MASCARAS=0 se vuelve al par 0xFF44/0xD044
[OMPT][PERF] tid=442750 SIN eventos NUMA (solo IPC). Este hilo no podrá disparar migraciones.
    modo=6 mascaras por origen  primer errno: Invalid argument / Invalid argument
  → los eventos crudos son específicos de AMD Zen; en otra PMU no existen
  → con OMPT_MASCARAS=0 se vuelve al par 0xFF44/0xD044
[OMPT][PERF] tid=442744 SIN eventos NUMA (solo IPC). Este hilo no podrá disparar migraciones.
    modo=6 mascaras por origen  primer errno: Invalid argument / Invalid argument
  → los eventos crudos son específicos de AMD Zen; en otra PMU no existen
  → con OMPT_MASCARAS=0 se vuelve al par 0xFF44/0xD044
[OMPT][PERF] tid=442738 SIN eventos NUMA (solo IPC). Este hilo no podrá disparar migraciones.
    modo=6 mascaras por origen  primer errno: Invalid argument / Invalid argument
  → los eventos crudos son específicos de AMD Zen; en otra PMU no existen
  → con OMPT_MASCARAS=0 se vuelve al par 0xFF44/0xD044
[OMPT][PERF] tid=442762 SIN eventos NUMA (solo IPC). Este hilo no podrá disparar migraciones.
    modo=6 mascaras por origen  primer errno: Invalid argument / Invalid argument
  → los eventos crudos son específicos de AMD Zen; en otra PMU no existen
  → con OMPT_MASCARAS=0 se vuelve al par 0xFF44/0xD044
[OMPT][PERF] tid=442760 SIN eventos NUMA (solo IPC). Este hilo no podrá disparar migraciones.
    modo=6 mascaras por origen  primer errno: Invalid argument / Invalid argument
  → los eventos crudos son específicos de AMD Zen; en otra PMU no existen
  → con OMPT_MASCARAS=0 se vuelve al par 0xFF44/0xD044
[OMPT][PERF] tid=442766 SIN eventos NUMA (solo IPC). Este hilo no podrá disparar migraciones.
    modo=6 mascaras por origen  primer errno: Invalid argument / Invalid argument
  → los eventos crudos son específicos de AMD Zen; en otra PMU no existen
  → con OMPT_MASCARAS=0 se vuelve al par 0xFF44/0xD044
[OMPT][PERF] tid=442763 SIN eventos NUMA (solo IPC). Este hilo no podrá disparar migraciones.
    modo=6 mascaras por origen  primer errno: Invalid argument / Invalid argument
  → los eventos crudos son específicos de AMD Zen; en otra PMU no existen
  → con OMPT_MASCARAS=0 se vuelve al par 0xFF44/0xD044
[OMPT][PERF] tid=442756 SIN eventos NUMA (solo IPC). Este hilo no podrá disparar migraciones.
    modo=6 mascaras por origen  primer errno: Invalid argument / Invalid argument
  → los eventos crudos son específicos de AMD Zen; en otra PMU no existen
  → con OMPT_MASCARAS=0 se vuelve al par 0xFF44/0xD044
[OMPT][PERF] tid=442770 SIN eventos NUMA (solo IPC). Este hilo no podrá disparar migraciones.
    modo=6 mascaras por origen  primer errno: Invalid argument / Invalid argument
  → los eventos crudos son específicos de AMD Zen; en otra PMU no existen
  → con OMPT_MASCARAS=0 se vuelve al par 0xFF44/0xD044
[OMPT][PERF] tid=442757 SIN eventos NUMA (solo IPC). Este hilo no podrá disparar migraciones.
    modo=6 mascaras por origen  primer errno: Invalid argument / Invalid argument
  → los eventos crudos son específicos de AMD Zen; en otra PMU no existen
  → con OMPT_MASCARAS=0 se vuelve al par 0xFF44/0xD044
[OMPT][PERF] tid=442758 SIN eventos NUMA (solo IPC). Este hilo no podrá disparar migraciones.
    modo=6 mascaras por origen  primer errno: Invalid argument / Invalid argument
  → los eventos crudos son específicos de AMD Zen; en otra PMU no existen
  → con OMPT_MASCARAS=0 se vuelve al par 0xFF44/0xD044
[OMPT][PERF] tid=442737 SIN eventos NUMA (solo IPC). Este hilo no podrá disparar migraciones.
    modo=6 mascaras por origen  primer errno: Invalid argument / Invalid argument
  → los eventos crudos son específicos de AMD Zen; en otra PMU no existen
  → con OMPT_MASCARAS=0 se vuelve al par 0xFF44/0xD044
[OMPT][PERF] tid=442776 SIN eventos NUMA (solo IPC). Este hilo no podrá disparar migraciones.
    modo=6 mascaras por origen  primer errno: Invalid argument / Invalid argument
  → los eventos crudos son específicos de AMD Zen; en otra PMU no existen
  → con OMPT_MASCARAS=0 se vuelve al par 0xFF44/0xD044
[OMPT][PERF] tid=442764 SIN eventos NUMA (solo IPC). Este hilo no podrá disparar migraciones.
    modo=6 mascaras por origen  primer errno: Invalid argument / Invalid argument
  → los eventos crudos son específicos de AMD Zen; en otra PMU no existen
  → con OMPT_MASCARAS=0 se vuelve al par 0xFF44/0xD044
[OMPT][PERF] tid=442755 SIN eventos NUMA (solo IPC). Este hilo no podrá disparar migraciones.
    modo=6 mascaras por origen  primer errno: Invalid argument / Invalid argument
  → los eventos crudos son específicos de AMD Zen; en otra PMU no existen
  → con OMPT_MASCARAS=0 se vuelve al par 0xFF44/0xD044
[OMPT][PERF] tid=442777 SIN eventos NUMA (solo IPC). Este hilo no podrá disparar migraciones.
    modo=6 mascaras por origen  primer errno: Invalid argument / Invalid argument
  → los eventos crudos son específicos de AMD Zen; en otra PMU no existen
  → con OMPT_MASCARAS=0 se vuelve al par 0xFF44/0xD044
[OMPT][PERF] tid=442780 SIN eventos NUMA (solo IPC). Este hilo no podrá disparar migraciones.
    modo=6 mascaras por origen  primer errno: Invalid argument / Invalid argument
  → los eventos crudos son específicos de AMD Zen; en otra PMU no existen
  → con OMPT_MASCARAS=0 se vuelve al par 0xFF44/0xD044
[OMPT][PERF] tid=442773 SIN eventos NUMA (solo IPC). Este hilo no podrá disparar migraciones.
    modo=6 mascaras por origen  primer errno: Invalid argument / Invalid argument
  → los eventos crudos son específicos de AMD Zen; en otra PMU no existen
  → con OMPT_MASCARAS=0 se vuelve al par 0xFF44/0xD044
[OMPT][PERF] tid=442749 SIN eventos NUMA (solo IPC). Este hilo no podrá disparar migraciones.
    modo=6 mascaras por origen  primer errno: Invalid argument / Invalid argument
  → los eventos crudos son específicos de AMD Zen; en otra PMU no existen
  → con OMPT_MASCARAS=0 se vuelve al par 0xFF44/0xD044
[OMPT][PERF] tid=442772 SIN eventos NUMA (solo IPC). Este hilo no podrá disparar migraciones.
    modo=6 mascaras por origen  primer errno: Invalid argument / Invalid argument
  → los eventos crudos son específicos de AMD Zen; en otra PMU no existen
  → con OMPT_MASCARAS=0 se vuelve al par 0xFF44/0xD044
[OMPT][PERF] tid=442785 SIN eventos NUMA (solo IPC). Este hilo no podrá disparar migraciones.
    modo=6 mascaras por origen  primer errno: Invalid argument / Invalid argument
  → los eventos crudos son específicos de AMD Zen; en otra PMU no existen
  → con OMPT_MASCARAS=0 se vuelve al par 0xFF44/0xD044
[OMPT][PERF] tid=442775 SIN eventos NUMA (solo IPC). Este hilo no podrá disparar migraciones.
    modo=6 mascaras por origen  primer errno: Invalid argument / Invalid argument
  → los eventos crudos son específicos de AMD Zen; en otra PMU no existen
  → con OMPT_MASCARAS=0 se vuelve al par 0xFF44/0xD044
[OMPT][PERF] tid=442769 SIN eventos NUMA (solo IPC). Este hilo no podrá disparar migraciones.
    modo=6 mascaras por origen  primer errno: Invalid argument / Invalid argument
  → los eventos crudos son específicos de AMD Zen; en otra PMU no existen
  → con OMPT_MASCARAS=0 se vuelve al par 0xFF44/0xD044
[OMPT][PERF] tid=442784 SIN eventos NUMA (solo IPC). Este hilo no podrá disparar migraciones.
    modo=6 mascaras por origen  primer errno: Invalid argument / Invalid argument
  → los eventos crudos son específicos de AMD Zen; en otra PMU no existen
  → con OMPT_MASCARAS=0 se vuelve al par 0xFF44/0xD044
[OMPT][PERF] tid=442791 SIN eventos NUMA (solo IPC). Este hilo no podrá disparar migraciones.
    modo=6 mascaras por origen  primer errno: Invalid argument / Invalid argument
  → los eventos crudos son específicos de AMD Zen; en otra PMU no existen
  → con OMPT_MASCARAS=0 se vuelve al par 0xFF44/0xD044
[OMPT][PERF] tid=442781 SIN eventos NUMA (solo IPC). Este hilo no podrá disparar migraciones.
    modo=6 mascaras por origen  primer errno: Invalid argument / Invalid argument
  → los eventos crudos son específicos de AMD Zen; en otra PMU no existen
  → con OMPT_MASCARAS=0 se vuelve al par 0xFF44/0xD044
[OMPT][PERF] tid=442774 SIN eventos NUMA (solo IPC). Este hilo no podrá disparar migraciones.
    modo=6 mascaras por origen  primer errno: Invalid argument / Invalid argument
  → los eventos crudos son específicos de AMD Zen; en otra PMU no existen
  → con OMPT_MASCARAS=0 se vuelve al par 0xFF44/0xD044
[OMPT][PERF] tid=442789 SIN eventos NUMA (solo IPC). Este hilo no podrá disparar migraciones.
    modo=6 mascaras por origen  primer errno: Invalid argument / Invalid argument
  → los eventos crudos son específicos de AMD Zen; en otra PMU no existen
  → con OMPT_MASCARAS=0 se vuelve al par 0xFF44/0xD044
[OMPT][PERF] tid=442793 SIN eventos NUMA (solo IPC). Este hilo no podrá disparar migraciones.
    modo=6 mascaras por origen  primer errno: Invalid argument / Invalid argument
  → los eventos crudos son específicos de AMD Zen; en otra PMU no existen
  → con OMPT_MASCARAS=0 se vuelve al par 0xFF44/0xD044
[OMPT][PERF] tid=442786 SIN eventos NUMA (solo IPC). Este hilo no podrá disparar migraciones.
    modo=6 mascaras por origen  primer errno: Invalid argument / Invalid argument
  → los eventos crudos son específicos de AMD Zen; en otra PMU no existen
  → con OMPT_MASCARAS=0 se vuelve al par 0xFF44/0xD044
[OMPT][PERF] tid=442767 SIN eventos NUMA (solo IPC). Este hilo no podrá disparar migraciones.
    modo=6 mascaras por origen  primer errno: Invalid argument / Invalid argument
  → los eventos crudos son específicos de AMD Zen; en otra PMU no existen
  → con OMPT_MASCARAS=0 se vuelve al par 0xFF44/0xD044
[OMPT][PERF] tid=442765 SIN eventos NUMA (solo IPC). Este hilo no podrá disparar migraciones.
    modo=6 mascaras por origen  primer errno: Invalid argument / Invalid argument
  → los eventos crudos son específicos de AMD Zen; en otra PMU no existen
  → con OMPT_MASCARAS=0 se vuelve al par 0xFF44/0xD044
[OMPT][PERF] tid=442754 SIN eventos NUMA (solo IPC). Este hilo no podrá disparar migraciones.
    modo=6 mascaras por origen  primer errno: Invalid argument / Invalid argument
  → los eventos crudos son específicos de AMD Zen; en otra PMU no existen
  → con OMPT_MASCARAS=0 se vuelve al par 0xFF44/0xD044
[OMPT][PERF] tid=442788 SIN eventos NUMA (solo IPC). Este hilo no podrá disparar migraciones.
    modo=6 mascaras por origen  primer errno: Invalid argument / Invalid argument
  → los eventos crudos son específicos de AMD Zen; en otra PMU no existen
  → con OMPT_MASCARAS=0 se vuelve al par 0xFF44/0xD044
[OMPT][PERF] tid=442790 SIN eventos NUMA (solo IPC). Este hilo no podrá disparar migraciones.
    modo=6 mascaras por origen  primer errno: Invalid argument / Invalid argument
  → los eventos crudos son específicos de AMD Zen; en otra PMU no existen
  → con OMPT_MASCARAS=0 se vuelve al par 0xFF44/0xD044
[OMPT][PERF] tid=442782 SIN eventos NUMA (solo IPC). Este hilo no podrá disparar migraciones.
    modo=6 mascaras por origen  primer errno: Invalid argument / Invalid argument
  → los eventos crudos son específicos de AMD Zen; en otra PMU no existen
  → con OMPT_MASCARAS=0 se vuelve al par 0xFF44/0xD044
[OMPT][PERF] tid=442742 SIN eventos NUMA (solo IPC). Este hilo no podrá disparar migraciones.
    modo=6 mascaras por origen  primer errno: Invalid argument / Invalid argument
  → los eventos crudos son específicos de AMD Zen; en otra PMU no existen
  → con OMPT_MASCARAS=0 se vuelve al par 0xFF44/0xD044
[OMPT][PERF] tid=442771 SIN eventos NUMA (solo IPC). Este hilo no podrá disparar migraciones.
    modo=6 mascaras por origen  primer errno: Invalid argument / Invalid argument
  → los eventos crudos son específicos de AMD Zen; en otra PMU no existen
  → con OMPT_MASCARAS=0 se vuelve al par 0xFF44/0xD044
[OMPT][PERF] tid=442801 SIN eventos NUMA (solo IPC). Este hilo no podrá disparar migraciones.
    modo=6 mascaras por origen  primer errno: Invalid argument / Invalid argument
  → los eventos crudos son específicos de AMD Zen; en otra PMU no existen
  → con OMPT_MASCARAS=0 se vuelve al par 0xFF44/0xD044
[OMPT][PERF] tid=442800 SIN eventos NUMA (solo IPC). Este hilo no podrá disparar migraciones.
    modo=6 mascaras por origen  primer errno: Invalid argument / Invalid argument
  → los eventos crudos son específicos de AMD Zen; en otra PMU no existen
  → con OMPT_MASCARAS=0 se vuelve al par 0xFF44/0xD044
[OMPT][PERF] tid=442796 SIN eventos NUMA (solo IPC). Este hilo no podrá disparar migraciones.
    modo=6 mascaras por origen  primer errno: Invalid argument / Invalid argument
  → los eventos crudos son específicos de AMD Zen; en otra PMU no existen
  → con OMPT_MASCARAS=0 se vuelve al par 0xFF44/0xD044
[OMPT][PERF] tid=442809 SIN eventos NUMA (solo IPC). Este hilo no podrá disparar migraciones.
    modo=6 mascaras por origen  primer errno: Invalid argument / Invalid argument
  → los eventos crudos son específicos de AMD Zen; en otra PMU no existen
  → con OMPT_MASCARAS=0 se vuelve al par 0xFF44/0xD044
[OMPT][PERF] tid=442761 SIN eventos NUMA (solo IPC). Este hilo no podrá disparar migraciones.
    modo=6 mascaras por origen  primer errno: Invalid argument / Invalid argument
  → los eventos crudos son específicos de AMD Zen; en otra PMU no existen
  → con OMPT_MASCARAS=0 se vuelve al par 0xFF44/0xD044
[OMPT][PERF] tid=442783 SIN eventos NUMA (solo IPC). Este hilo no podrá disparar migraciones.
    modo=6 mascaras por origen  primer errno: Invalid argument / Invalid argument
  → los eventos crudos son específicos de AMD Zen; en otra PMU no existen
  → con OMPT_MASCARAS=0 se vuelve al par 0xFF44/0xD044
[OMPT][PERF] tid=442798 SIN eventos NUMA (solo IPC). Este hilo no podrá disparar migraciones.
    modo=6 mascaras por origen  primer errno: Invalid argument / Invalid argument
  → los eventos crudos son específicos de AMD Zen; en otra PMU no existen
  → con OMPT_MASCARAS=0 se vuelve al par 0xFF44/0xD044
[OMPT][PERF] tid=442817 SIN eventos NUMA (solo IPC). Este hilo no podrá disparar migraciones.
    modo=6 mascaras por origen  primer errno: Invalid argument / Invalid argument
  → los eventos crudos son específicos de AMD Zen; en otra PMU no existen
  → con OMPT_MASCARAS=0 se vuelve al par 0xFF44/0xD044
[OMPT][PERF] tid=442821 SIN eventos NUMA (solo IPC). Este hilo no podrá disparar migraciones.
    modo=6 mascaras por origen  primer errno: Invalid argument / Invalid argument
  → los eventos crudos son específicos de AMD Zen; en otra PMU no existen
  → con OMPT_MASCARAS=0 se vuelve al par 0xFF44/0xD044
[OMPT][PERF] tid=442814 SIN eventos NUMA (solo IPC). Este hilo no podrá disparar migraciones.
    modo=6 mascaras por origen  primer errno: Invalid argument / Invalid argument
  → los eventos crudos son específicos de AMD Zen; en otra PMU no existen
  → con OMPT_MASCARAS=0 se vuelve al par 0xFF44/0xD044
[OMPT][PERF] tid=442815 SIN eventos NUMA (solo IPC). Este hilo no podrá disparar migraciones.
    modo=6 mascaras por origen  primer errno: Invalid argument / Invalid argument
  → los eventos crudos son específicos de AMD Zen; en otra PMU no existen
  → con OMPT_MASCARAS=0 se vuelve al par 0xFF44/0xD044
[OMPT][PERF] tid=442816 SIN eventos NUMA (solo IPC). Este hilo no podrá disparar migraciones.
    modo=6 mascaras por origen  primer errno: Invalid argument / Invalid argument
  → los eventos crudos son específicos de AMD Zen; en otra PMU no existen
  → con OMPT_MASCARAS=0 se vuelve al par 0xFF44/0xD044
[OMPT][PERF] tid=442818 SIN eventos NUMA (solo IPC). Este hilo no podrá disparar migraciones.
    modo=6 mascaras por origen  primer errno: Invalid argument / Invalid argument
  → los eventos crudos son específicos de AMD Zen; en otra PMU no existen
  → con OMPT_MASCARAS=0 se vuelve al par 0xFF44/0xD044
[OMPT][PERF] tid=442820 SIN eventos NUMA (solo IPC). Este hilo no podrá disparar migraciones.
    modo=6 mascaras por origen  primer errno: Invalid argument / Invalid argument
  → los eventos crudos son específicos de AMD Zen; en otra PMU no existen
  → con OMPT_MASCARAS=0 se vuelve al par 0xFF44/0xD044
[OMPT][PERF] tid=442819 SIN eventos NUMA (solo IPC). Este hilo no podrá disparar migraciones.
    modo=6 mascaras por origen  primer errno: Invalid argument / Invalid argument
  → los eventos crudos son específicos de AMD Zen; en otra PMU no existen
  → con OMPT_MASCARAS=0 se vuelve al par 0xFF44/0xD044
[OMPT][PERF] tid=442808 SIN eventos NUMA (solo IPC). Este hilo no podrá disparar migraciones.
    modo=6 mascaras por origen  primer errno: Invalid argument / Invalid argument
  → los eventos crudos son específicos de AMD Zen; en otra PMU no existen
  → con OMPT_MASCARAS=0 se vuelve al par 0xFF44/0xD044
[OMPT][PERF] tid=442810 SIN eventos NUMA (solo IPC). Este hilo no podrá disparar migraciones.
    modo=6 mascaras por origen  primer errno: Invalid argument / Invalid argument
  → los eventos crudos son específicos de AMD Zen; en otra PMU no existen
  → con OMPT_MASCARAS=0 se vuelve al par 0xFF44/0xD044
[OMPT][PERF] tid=442824 SIN eventos NUMA (solo IPC). Este hilo no podrá disparar migraciones.
    modo=6 mascaras por origen  primer errno: Invalid argument / Invalid argument
  → los eventos crudos son específicos de AMD Zen; en otra PMU no existen
  → con OMPT_MASCARAS=0 se vuelve al par 0xFF44/0xD044
[OMPT][PERF] tid=442823 SIN eventos NUMA (solo IPC). Este hilo no podrá disparar migraciones.
    modo=6 mascaras por origen  primer errno: Invalid argument / Invalid argument
  → los eventos crudos son específicos de AMD Zen; en otra PMU no existen
  → con OMPT_MASCARAS=0 se vuelve al par 0xFF44/0xD044
[OMPT][PERF] tid=442832 SIN eventos NUMA (solo IPC). Este hilo no podrá disparar migraciones.
    modo=6 mascaras por origen  primer errno: Invalid argument / Invalid argument
  → los eventos crudos son específicos de AMD Zen; en otra PMU no existen
  → con OMPT_MASCARAS=0 se vuelve al par 0xFF44/0xD044
[OMPT][PERF] tid=442833 SIN eventos NUMA (solo IPC). Este hilo no podrá disparar migraciones.
    modo=6 mascaras por origen  primer errno: Invalid argument / Invalid argument
  → los eventos crudos son específicos de AMD Zen; en otra PMU no existen
  → con OMPT_MASCARAS=0 se vuelve al par 0xFF44/0xD044
[OMPT][PERF] tid=442822 SIN eventos NUMA (solo IPC). Este hilo no podrá disparar migraciones.
    modo=6 mascaras por origen  primer errno: Invalid argument / Invalid argument
  → los eventos crudos son específicos de AMD Zen; en otra PMU no existen
  → con OMPT_MASCARAS=0 se vuelve al par 0xFF44/0xD044
[OMPT][PERF] tid=442797 SIN eventos NUMA (solo IPC). Este hilo no podrá disparar migraciones.
    modo=6 mascaras por origen  primer errno: Invalid argument / Invalid argument
  → los eventos crudos son específicos de AMD Zen; en otra PMU no existen
  → con OMPT_MASCARAS=0 se vuelve al par 0xFF44/0xD044
[OMPT][PERF] tid=442835 SIN eventos NUMA (solo IPC). Este hilo no podrá disparar migraciones.
    modo=6 mascaras por origen  primer errno: Invalid argument / Invalid argument
  → los eventos crudos son específicos de AMD Zen; en otra PMU no existen
  → con OMPT_MASCARAS=0 se vuelve al par 0xFF44/0xD044
[OMPT][PERF] tid=442837 SIN eventos NUMA (solo IPC). Este hilo no podrá disparar migraciones.
    modo=6 mascaras por origen  primer errno: Invalid argument / Invalid argument
  → los eventos crudos son específicos de AMD Zen; en otra PMU no existen
  → con OMPT_MASCARAS=0 se vuelve al par 0xFF44/0xD044
[OMPT][PERF] tid=442826 SIN eventos NUMA (solo IPC). Este hilo no podrá disparar migraciones.
    modo=6 mascaras por origen  primer errno: Invalid argument / Invalid argument
  → los eventos crudos son específicos de AMD Zen; en otra PMU no existen
  → con OMPT_MASCARAS=0 se vuelve al par 0xFF44/0xD044
[OMPT][PERF] tid=442825 SIN eventos NUMA (solo IPC). Este hilo no podrá disparar migraciones.
    modo=6 mascaras por origen  primer errno: Invalid argument / Invalid argument
  → los eventos crudos son específicos de AMD Zen; en otra PMU no existen
  → con OMPT_MASCARAS=0 se vuelve al par 0xFF44/0xD044
[OMPT][PERF] tid=442799 SIN eventos NUMA (solo IPC). Este hilo no podrá disparar migraciones.
    modo=6 mascaras por origen  primer errno: Invalid argument / Invalid argument
  → los eventos crudos son específicos de AMD Zen; en otra PMU no existen
  → con OMPT_MASCARAS=0 se vuelve al par 0xFF44/0xD044
[OMPT][PERF] tid=442792 SIN eventos NUMA (solo IPC). Este hilo no podrá disparar migraciones.
    modo=6 mascaras por origen  primer errno: Invalid argument / Invalid argument
  → los eventos crudos son específicos de AMD Zen; en otra PMU no existen
  → con OMPT_MASCARAS=0 se vuelve al par 0xFF44/0xD044
[OMPT][PERF] tid=442827 SIN eventos NUMA (solo IPC). Este hilo no podrá disparar migraciones.
    modo=6 mascaras por origen  primer errno: Invalid argument / Invalid argument
  → los eventos crudos son específicos de AMD Zen; en otra PMU no existen
  → con OMPT_MASCARAS=0 se vuelve al par 0xFF44/0xD044
[OMPT][PERF] tid=442828 SIN eventos NUMA (solo IPC). Este hilo no podrá disparar migraciones.
    modo=6 mascaras por origen  primer errno: Invalid argument / Invalid argument
  → los eventos crudos son específicos de AMD Zen; en otra PMU no existen
  → con OMPT_MASCARAS=0 se vuelve al par 0xFF44/0xD044
[OMPT][PERF] tid=442813 SIN eventos NUMA (solo IPC). Este hilo no podrá disparar migraciones.
    modo=6 mascaras por origen  primer errno: Invalid argument / Invalid argument
  → los eventos crudos son específicos de AMD Zen; en otra PMU no existen
  → con OMPT_MASCARAS=0 se vuelve al par 0xFF44/0xD044
[OMPT][PERF] tid=442743 SIN eventos NUMA (solo IPC). Este hilo no podrá disparar migraciones.
    modo=6 mascaras por origen  primer errno: Invalid argument / Invalid argument
  → los eventos crudos son específicos de AMD Zen; en otra PMU no existen
  → con OMPT_MASCARAS=0 se vuelve al par 0xFF44/0xD044
[OMPT][PERF] tid=442829 SIN eventos NUMA (solo IPC). Este hilo no podrá disparar migraciones.
    modo=6 mascaras por origen  primer errno: Invalid argument / Invalid argument
  → los eventos crudos son específicos de AMD Zen; en otra PMU no existen
  → con OMPT_MASCARAS=0 se vuelve al par 0xFF44/0xD044
[OMPT][PERF] tid=442831 SIN eventos NUMA (solo IPC). Este hilo no podrá disparar migraciones.
    modo=6 mascaras por origen  primer errno: Invalid argument / Invalid argument
  → los eventos crudos son específicos de AMD Zen; en otra PMU no existen
  → con OMPT_MASCARAS=0 se vuelve al par 0xFF44/0xD044
[OMPT][PERF] tid=442759 SIN eventos NUMA (solo IPC). Este hilo no podrá disparar migraciones.
    modo=6 mascaras por origen  primer errno: Invalid argument / Invalid argument
  → los eventos crudos son específicos de AMD Zen; en otra PMU no existen
  → con OMPT_MASCARAS=0 se vuelve al par 0xFF44/0xD044
[OMPT][PERF] tid=442795 SIN eventos NUMA (solo IPC). Este hilo no podrá disparar migraciones.
    modo=6 mascaras por origen  primer errno: Invalid argument / Invalid argument
  → los eventos crudos son específicos de AMD Zen; en otra PMU no existen
  → con OMPT_MASCARAS=0 se vuelve al par 0xFF44/0xD044
[OMPT][PERF] tid=442838 SIN eventos NUMA (solo IPC). Este hilo no podrá disparar migraciones.
    modo=6 mascaras por origen  primer errno: Invalid argument / Invalid argument
  → los eventos crudos son específicos de AMD Zen; en otra PMU no existen
  → con OMPT_MASCARAS=0 se vuelve al par 0xFF44/0xD044
[OMPT][PERF] tid=442836 SIN eventos NUMA (solo IPC). Este hilo no podrá disparar migraciones.
    modo=6 mascaras por origen  primer errno: Invalid argument / Invalid argument
  → los eventos crudos son específicos de AMD Zen; en otra PMU no existen
  → con OMPT_MASCARAS=0 se vuelve al par 0xFF44/0xD044
[OMPT][PERF] tid=442804 SIN eventos NUMA (solo IPC). Este hilo no podrá disparar migraciones.
    modo=6 mascaras por origen  primer errno: Invalid argument / Invalid argument
  → los eventos crudos son específicos de AMD Zen; en otra PMU no existen
  → con OMPT_MASCARAS=0 se vuelve al par 0xFF44/0xD044
[OMPT][PERF] tid=442803 SIN eventos NUMA (solo IPC). Este hilo no podrá disparar migraciones.
    modo=6 mascaras por origen  primer errno: Invalid argument / Invalid argument
  → los eventos crudos son específicos de AMD Zen; en otra PMU no existen
  → con OMPT_MASCARAS=0 se vuelve al par 0xFF44/0xD044
[OMPT][PERF] tid=442830 SIN eventos NUMA (solo IPC). Este hilo no podrá disparar migraciones.
    modo=6 mascaras por origen  primer errno: Invalid argument / Invalid argument
  → los eventos crudos son específicos de AMD Zen; en otra PMU no existen
  → con OMPT_MASCARAS=0 se vuelve al par 0xFF44/0xD044
[OMPT][PERF] tid=442807 SIN eventos NUMA (solo IPC). Este hilo no podrá disparar migraciones.
    modo=6 mascaras por origen  primer errno: Invalid argument / Invalid argument
  → los eventos crudos son específicos de AMD Zen; en otra PMU no existen
  → con OMPT_MASCARAS=0 se vuelve al par 0xFF44/0xD044
[OMPT][PERF] tid=442787 SIN eventos NUMA (solo IPC). Este hilo no podrá disparar migraciones.
    modo=6 mascaras por origen  primer errno: Invalid argument / Invalid argument
  → los eventos crudos son específicos de AMD Zen; en otra PMU no existen
  → con OMPT_MASCARAS=0 se vuelve al par 0xFF44/0xD044
[OMPT][PERF] tid=442794 SIN eventos NUMA (solo IPC). Este hilo no podrá disparar migraciones.
    modo=6 mascaras por origen  primer errno: Invalid argument / Invalid argument
  → los eventos crudos son específicos de AMD Zen; en otra PMU no existen
  → con OMPT_MASCARAS=0 se vuelve al par 0xFF44/0xD044
[OMPT][PERF] tid=442778 SIN eventos NUMA (solo IPC). Este hilo no podrá disparar migraciones.
    modo=6 mascaras por origen  primer errno: Invalid argument / Invalid argument
  → los eventos crudos son específicos de AMD Zen; en otra PMU no existen
  → con OMPT_MASCARAS=0 se vuelve al par 0xFF44/0xD044
[OMPT][PERF] tid=442779 SIN eventos NUMA (solo IPC). Este hilo no podrá disparar migraciones.
    modo=6 mascaras por origen  primer errno: Invalid argument / Invalid argument
  → los eventos crudos son específicos de AMD Zen; en otra PMU no existen
  → con OMPT_MASCARAS=0 se vuelve al par 0xFF44/0xD044
[OMPT][PERF] tid=442802 SIN eventos NUMA (solo IPC). Este hilo no podrá disparar migraciones.
    modo=6 mascaras por origen  primer errno: Invalid argument / Invalid argument
  → los eventos crudos son específicos de AMD Zen; en otra PMU no existen
  → con OMPT_MASCARAS=0 se vuelve al par 0xFF44/0xD044
[OMPT][PERF] tid=442768 SIN eventos NUMA (solo IPC). Este hilo no podrá disparar migraciones.
    modo=6 mascaras por origen  primer errno: Invalid argument / Invalid argument
  → los eventos crudos son específicos de AMD Zen; en otra PMU no existen
  → con OMPT_MASCARAS=0 se vuelve al par 0xFF44/0xD044
[OMPT][PERF] tid=442811 SIN eventos NUMA (solo IPC). Este hilo no podrá disparar migraciones.
    modo=6 mascaras por origen  primer errno: Invalid argument / Invalid argument
  → los eventos crudos son específicos de AMD Zen; en otra PMU no existen
  → con OMPT_MASCARAS=0 se vuelve al par 0xFF44/0xD044
[OMPT][PERF] tid=442812 SIN eventos NUMA (solo IPC). Este hilo no podrá disparar migraciones.
    modo=6 mascaras por origen  primer errno: Invalid argument / Invalid argument
  → los eventos crudos son específicos de AMD Zen; en otra PMU no existen
  → con OMPT_MASCARAS=0 se vuelve al par 0xFF44/0xD044
[OMPT][PERF] tid=442839 SIN eventos NUMA (solo IPC). Este hilo no podrá disparar migraciones.
    modo=6 mascaras por origen  primer errno: Invalid argument / Invalid argument
  → los eventos crudos son específicos de AMD Zen; en otra PMU no existen
  → con OMPT_MASCARAS=0 se vuelve al par 0xFF44/0xD044
[OMPT][PERF] tid=442840 SIN eventos NUMA (solo IPC). Este hilo no podrá disparar migraciones.
    modo=6 mascaras por origen  primer errno: Invalid argument / Invalid argument
  → los eventos crudos son específicos de AMD Zen; en otra PMU no existen
  → con OMPT_MASCARAS=0 se vuelve al par 0xFF44/0xD044
[OMPT][PERF] tid=442834 SIN eventos NUMA (solo IPC). Este hilo no podrá disparar migraciones.
    modo=6 mascaras por origen  primer errno: Invalid argument / Invalid argument
  → los eventos crudos son específicos de AMD Zen; en otra PMU no existen
  → con OMPT_MASCARAS=0 se vuelve al par 0xFF44/0xD044
[OMPT][PERF] tid=442806 SIN eventos NUMA (solo IPC). Este hilo no podrá disparar migraciones.
    modo=6 mascaras por origen  primer errno: Invalid argument / Invalid argument
  → los eventos crudos son específicos de AMD Zen; en otra PMU no existen
  → con OMPT_MASCARAS=0 se vuelve al par 0xFF44/0xD044
[OMPT][PERF] tid=442805 SIN eventos NUMA (solo IPC). Este hilo no podrá disparar migraciones.
    modo=6 mascaras por origen  primer errno: Invalid argument / Invalid argument
  → los eventos crudos son específicos de AMD Zen; en otra PMU no existen
  → con OMPT_MASCARAS=0 se vuelve al par 0xFF44/0xD044
[perf_region] tool OMPT detectado: los contadores los lleva el tool, no se abren aqui
[OMPT] control_tool: INICIANDO medicion
[OMPT] control_tool: PAUSANDO medicion
[OMPT] ompt_finalize
[OMPT][MON] Monitor detenido tras 23 ventanas
[OMPT] CSV de ventanas: 1408 filas volcadas (0 descartadas)
[OMPT] ===== Tabla final: 128 hilos =====
[OMPT] tid=442712 ompt_id=281474976710657 tipo=ompt_thread_initial    last_cpu= 26 numa=0 mig=0 fallos=0 perf=ipc_only ipc=0.553 ratio_rm=-1.0000
[OMPT] tid=442714 ompt_id=562949953421313 tipo=ompt_thread_worker     last_cpu=255 numa=1 mig=0 fallos=0 perf=ipc_only ipc=0.154 ratio_rm=-1.0000
[OMPT] tid=442716 ompt_id=1125899906842625 tipo=ompt_thread_worker     last_cpu= 20 numa=0 mig=0 fallos=0 perf=ipc_only ipc=0.509 ratio_rm=-1.0000
[OMPT] tid=442718 ompt_id=1688849860263937 tipo=ompt_thread_worker     last_cpu= 57 numa=0 mig=0 fallos=0 perf=ipc_only ipc=0.510 ratio_rm=-1.0000
[OMPT] tid=442717 ompt_id=1407374883553281 tipo=ompt_thread_worker     last_cpu=  5 numa=0 mig=0 fallos=0 perf=ipc_only ipc=0.493 ratio_rm=-1.0000
[OMPT] tid=442719 ompt_id=1970324836974593 tipo=ompt_thread_worker     last_cpu= 42 numa=0 mig=0 fallos=0 perf=ipc_only ipc=0.516 ratio_rm=-1.0000
[OMPT] tid=442721 ompt_id=2533274790395905 tipo=ompt_thread_worker     last_cpu=251 numa=1 mig=0 fallos=0 perf=ipc_only ipc=0.274 ratio_rm=-1.0000
[OMPT] tid=442715 ompt_id=844424930131969 tipo=ompt_thread_worker     last_cpu=215 numa=1 mig=0 fallos=0 perf=ipc_only ipc=0.314 ratio_rm=-1.0000
[OMPT] tid=442726 ompt_id=3940649673949185 tipo=ompt_thread_worker     last_cpu= 29 numa=0 mig=0 fallos=0 perf=ipc_only ipc=0.530 ratio_rm=-1.0000
[OMPT] tid=442720 ompt_id=2251799813685249 tipo=ompt_thread_worker     last_cpu= 18 numa=0 mig=0 fallos=0 perf=ipc_only ipc=0.512 ratio_rm=-1.0000
[OMPT] tid=442727 ompt_id=4222124650659841 tipo=ompt_thread_worker     last_cpu= 86 numa=1 mig=0 fallos=0 perf=ipc_only ipc=0.158 ratio_rm=-1.0000
[OMPT] tid=442729 ompt_id=4785074604081153 tipo=ompt_thread_worker     last_cpu=  4 numa=0 mig=0 fallos=0 perf=ipc_only ipc=0.492 ratio_rm=-1.0000
[OMPT] tid=442725 ompt_id=3659174697238529 tipo=ompt_thread_worker     last_cpu=  7 numa=0 mig=0 fallos=0 perf=ipc_only ipc=0.485 ratio_rm=-1.0000
[OMPT] tid=442728 ompt_id=4503599627370497 tipo=ompt_thread_worker     last_cpu=  8 numa=0 mig=0 fallos=0 perf=ipc_only ipc=0.405 ratio_rm=-1.0000
[OMPT] tid=442736 ompt_id=6755399441055745 tipo=ompt_thread_worker     last_cpu= 40 numa=0 mig=0 fallos=0 perf=ipc_only ipc=0.514 ratio_rm=-1.0000
[OMPT] tid=442730 ompt_id=5066549580791809 tipo=ompt_thread_worker     last_cpu=112 numa=1 mig=0 fallos=0 perf=ipc_only ipc=0.368 ratio_rm=-1.0000
[OMPT] tid=442722 ompt_id=2814749767106561 tipo=ompt_thread_worker     last_cpu= 56 numa=0 mig=0 fallos=0 perf=ipc_only ipc=0.523 ratio_rm=-1.0000
[OMPT] tid=442740 ompt_id=7881299347898369 tipo=ompt_thread_worker     last_cpu=160 numa=0 mig=0 fallos=0 perf=ipc_only ipc=0.462 ratio_rm=-1.0000
[OMPT] tid=442731 ompt_id=5348024557502465 tipo=ompt_thread_worker     last_cpu=101 numa=1 mig=0 fallos=0 perf=ipc_only ipc=0.209 ratio_rm=-1.0000
[OMPT] tid=442734 ompt_id=6192449487634433 tipo=ompt_thread_worker     last_cpu= 75 numa=1 mig=0 fallos=0 perf=ipc_only ipc=0.293 ratio_rm=-1.0000
[OMPT] tid=442741 ompt_id=8162774324609025 tipo=ompt_thread_worker     last_cpu= 21 numa=0 mig=0 fallos=0 perf=ipc_only ipc=0.506 ratio_rm=-1.0000
[OMPT] tid=442732 ompt_id=5629499534213121 tipo=ompt_thread_worker     last_cpu= 82 numa=1 mig=0 fallos=0 perf=ipc_only ipc=0.307 ratio_rm=-1.0000
[OMPT] tid=442733 ompt_id=5910974510923777 tipo=ompt_thread_worker     last_cpu= 43 numa=0 mig=0 fallos=0 perf=ipc_only ipc=0.486 ratio_rm=-1.0000
[OMPT] tid=442723 ompt_id=3096224743817217 tipo=ompt_thread_worker     last_cpu= 73 numa=1 mig=0 fallos=0 perf=ipc_only ipc=0.201 ratio_rm=-1.0000
[OMPT] tid=442735 ompt_id=6473924464345089 tipo=ompt_thread_worker     last_cpu= 77 numa=1 mig=0 fallos=0 perf=ipc_only ipc=0.288 ratio_rm=-1.0000
[OMPT] tid=442746 ompt_id=9570149208162305 tipo=ompt_thread_worker     last_cpu=127 numa=1 mig=0 fallos=0 perf=ipc_only ipc=0.154 ratio_rm=-1.0000
[OMPT] tid=442748 ompt_id=10133099161583617 tipo=ompt_thread_worker     last_cpu= 50 numa=0 mig=0 fallos=0 perf=ipc_only ipc=0.473 ratio_rm=-1.0000
[OMPT] tid=442745 ompt_id=9288674231451649 tipo=ompt_thread_worker     last_cpu=113 numa=1 mig=0 fallos=0 perf=ipc_only ipc=0.372 ratio_rm=-1.0000
[OMPT] tid=442751 ompt_id=10977524091715585 tipo=ompt_thread_worker     last_cpu=181 numa=0 mig=0 fallos=0 perf=ipc_only ipc=0.509 ratio_rm=-1.0000
[OMPT] tid=442747 ompt_id=9851624184872961 tipo=ompt_thread_worker     last_cpu=222 numa=1 mig=0 fallos=0 perf=ipc_only ipc=0.339 ratio_rm=-1.0000
[OMPT] tid=442753 ompt_id=11540474045136897 tipo=ompt_thread_worker     last_cpu=197 numa=1 mig=0 fallos=0 perf=ipc_only ipc=0.226 ratio_rm=-1.0000
[OMPT] tid=442752 ompt_id=11258999068426241 tipo=ompt_thread_worker     last_cpu=254 numa=1 mig=0 fallos=0 perf=ipc_only ipc=0.189 ratio_rm=-1.0000
[OMPT] tid=442739 ompt_id=7599824371187713 tipo=ompt_thread_worker     last_cpu= 51 numa=0 mig=0 fallos=0 perf=ipc_only ipc=0.524 ratio_rm=-1.0000
[OMPT] tid=442724 ompt_id=3377699720527873 tipo=ompt_thread_worker     last_cpu=107 numa=1 mig=0 fallos=0 perf=ipc_only ipc=0.344 ratio_rm=-1.0000
[OMPT] tid=442750 ompt_id=10696049115004929 tipo=ompt_thread_worker     last_cpu= 60 numa=0 mig=0 fallos=0 perf=ipc_only ipc=0.489 ratio_rm=-1.0000
[OMPT] tid=442744 ompt_id=9007199254740993 tipo=ompt_thread_worker     last_cpu=253 numa=1 mig=0 fallos=0 perf=ipc_only ipc=0.205 ratio_rm=-1.0000
[OMPT] tid=442738 ompt_id=7318349394477057 tipo=ompt_thread_worker     last_cpu=115 numa=1 mig=0 fallos=0 perf=ipc_only ipc=0.314 ratio_rm=-1.0000
[OMPT] tid=442762 ompt_id=14073748835532801 tipo=ompt_thread_worker     last_cpu= 97 numa=1 mig=0 fallos=0 perf=ipc_only ipc=0.339 ratio_rm=-1.0000
[OMPT] tid=442760 ompt_id=13510798882111489 tipo=ompt_thread_worker     last_cpu=249 numa=1 mig=0 fallos=0 perf=ipc_only ipc=0.281 ratio_rm=-1.0000
[OMPT] tid=442766 ompt_id=15199648742375425 tipo=ompt_thread_worker     last_cpu= 67 numa=1 mig=0 fallos=0 perf=ipc_only ipc=0.228 ratio_rm=-1.0000
[OMPT] tid=442763 ompt_id=14355223812243457 tipo=ompt_thread_worker     last_cpu= 13 numa=0 mig=0 fallos=0 perf=ipc_only ipc=0.487 ratio_rm=-1.0000
[OMPT] tid=442756 ompt_id=12384898975268865 tipo=ompt_thread_worker     last_cpu= 41 numa=0 mig=0 fallos=0 perf=ipc_only ipc=0.515 ratio_rm=-1.0000
[OMPT] tid=442770 ompt_id=16325548649218049 tipo=ompt_thread_worker     last_cpu=108 numa=1 mig=0 fallos=0 perf=ipc_only ipc=0.299 ratio_rm=-1.0000
[OMPT] tid=442757 ompt_id=12666373951979521 tipo=ompt_thread_worker     last_cpu=189 numa=0 mig=0 fallos=0 perf=ipc_only ipc=0.510 ratio_rm=-1.0000
[OMPT] tid=442758 ompt_id=12947848928690177 tipo=ompt_thread_worker     last_cpu=216 numa=1 mig=0 fallos=0 perf=ipc_only ipc=0.327 ratio_rm=-1.0000
[OMPT] tid=442737 ompt_id=7036874417766401 tipo=ompt_thread_worker     last_cpu=130 numa=0 mig=0 fallos=0 perf=ipc_only ipc=0.512 ratio_rm=-1.0000
[OMPT] tid=442776 ompt_id=18014398509481985 tipo=ompt_thread_worker     last_cpu= 35 numa=0 mig=0 fallos=0 perf=ipc_only ipc=0.507 ratio_rm=-1.0000
[OMPT] tid=442764 ompt_id=14636698788954113 tipo=ompt_thread_worker     last_cpu=  6 numa=0 mig=0 fallos=0 perf=ipc_only ipc=0.490 ratio_rm=-1.0000
[OMPT] tid=442755 ompt_id=12103423998558209 tipo=ompt_thread_worker     last_cpu= 91 numa=1 mig=0 fallos=0 perf=ipc_only ipc=0.340 ratio_rm=-1.0000
[OMPT] tid=442777 ompt_id=18295873486192641 tipo=ompt_thread_worker     last_cpu= 16 numa=0 mig=0 fallos=0 perf=ipc_only ipc=0.410 ratio_rm=-1.0000
[OMPT] tid=442780 ompt_id=19140298416324609 tipo=ompt_thread_worker     last_cpu= 85 numa=1 mig=0 fallos=0 perf=ipc_only ipc=0.299 ratio_rm=-1.0000
[OMPT] tid=442773 ompt_id=17169973579350017 tipo=ompt_thread_worker     last_cpu=167 numa=0 mig=0 fallos=0 perf=ipc_only ipc=0.493 ratio_rm=-1.0000
[OMPT] tid=442749 ompt_id=10414574138294273 tipo=ompt_thread_worker     last_cpu= 11 numa=0 mig=0 fallos=0 perf=ipc_only ipc=0.503 ratio_rm=-1.0000
[OMPT] tid=442772 ompt_id=16888498602639361 tipo=ompt_thread_worker     last_cpu=100 numa=1 mig=0 fallos=0 perf=ipc_only ipc=0.321 ratio_rm=-1.0000
[OMPT] tid=442785 ompt_id=20547673299877889 tipo=ompt_thread_worker     last_cpu=196 numa=1 mig=0 fallos=0 perf=ipc_only ipc=0.213 ratio_rm=-1.0000
[OMPT] tid=442775 ompt_id=17732923532771329 tipo=ompt_thread_worker     last_cpu= 36 numa=0 mig=0 fallos=0 perf=ipc_only ipc=0.508 ratio_rm=-1.0000
[OMPT] tid=442769 ompt_id=16044073672507393 tipo=ompt_thread_worker     last_cpu=198 numa=1 mig=0 fallos=0 perf=ipc_only ipc=0.222 ratio_rm=-1.0000
[OMPT] tid=442784 ompt_id=20266198323167233 tipo=ompt_thread_worker     last_cpu=104 numa=1 mig=0 fallos=0 perf=ipc_only ipc=0.354 ratio_rm=-1.0000
[OMPT] tid=442791 ompt_id=22236523160141825 tipo=ompt_thread_worker     last_cpu= 19 numa=0 mig=0 fallos=0 perf=ipc_only ipc=0.527 ratio_rm=-1.0000
[OMPT] tid=442781 ompt_id=19421773393035265 tipo=ompt_thread_worker     last_cpu= 12 numa=0 mig=0 fallos=0 perf=ipc_only ipc=0.490 ratio_rm=-1.0000
[OMPT] tid=442774 ompt_id=17451448556060673 tipo=ompt_thread_worker     last_cpu= 37 numa=0 mig=0 fallos=0 perf=ipc_only ipc=0.499 ratio_rm=-1.0000
[OMPT] tid=442789 ompt_id=21673573206720513 tipo=ompt_thread_worker     last_cpu=248 numa=1 mig=0 fallos=0 perf=ipc_only ipc=0.282 ratio_rm=-1.0000
[OMPT] tid=442793 ompt_id=22799473113563137 tipo=ompt_thread_worker     last_cpu= 72 numa=1 mig=0 fallos=0 perf=ipc_only ipc=0.168 ratio_rm=-1.0000
[OMPT] tid=442786 ompt_id=20829148276588545 tipo=ompt_thread_worker     last_cpu= 96 numa=1 mig=0 fallos=0 perf=ipc_only ipc=0.336 ratio_rm=-1.0000
[OMPT] tid=442767 ompt_id=15481123719086081 tipo=ompt_thread_worker     last_cpu= 98 numa=1 mig=0 fallos=0 perf=ipc_only ipc=0.350 ratio_rm=-1.0000
[OMPT] tid=442765 ompt_id=14918173765664769 tipo=ompt_thread_worker     last_cpu= 25 numa=0 mig=0 fallos=0 perf=ipc_only ipc=0.535 ratio_rm=-1.0000
[OMPT] tid=442754 ompt_id=11821949021847553 tipo=ompt_thread_worker     last_cpu=131 numa=0 mig=0 fallos=0 perf=ipc_only ipc=0.455 ratio_rm=-1.0000
[OMPT] tid=442788 ompt_id=21392098230009857 tipo=ompt_thread_worker     last_cpu= 10 numa=0 mig=0 fallos=0 perf=ipc_only ipc=0.502 ratio_rm=-1.0000
[OMPT] tid=442790 ompt_id=21955048183431169 tipo=ompt_thread_worker     last_cpu=192 numa=1 mig=0 fallos=0 perf=ipc_only ipc=0.277 ratio_rm=-1.0000
[OMPT] tid=442782 ompt_id=19703248369745921 tipo=ompt_thread_worker     last_cpu= 76 numa=1 mig=0 fallos=0 perf=ipc_only ipc=0.293 ratio_rm=-1.0000
[OMPT] tid=442742 ompt_id=8444249301319681 tipo=ompt_thread_worker     last_cpu=114 numa=1 mig=0 fallos=0 perf=ipc_only ipc=0.373 ratio_rm=-1.0000
[OMPT] tid=442771 ompt_id=16607023625928705 tipo=ompt_thread_worker     last_cpu= 92 numa=1 mig=0 fallos=0 perf=ipc_only ipc=0.300 ratio_rm=-1.0000
[OMPT] tid=442801 ompt_id=25051272927248385 tipo=ompt_thread_worker     last_cpu= 93 numa=1 mig=0 fallos=0 perf=ipc_only ipc=0.322 ratio_rm=-1.0000
[OMPT] tid=442800 ompt_id=24769797950537729 tipo=ompt_thread_worker     last_cpu= 90 numa=1 mig=0 fallos=0 perf=ipc_only ipc=0.325 ratio_rm=-1.0000
[OMPT] tid=442796 ompt_id=23643898043695105 tipo=ompt_thread_worker     last_cpu= 65 numa=1 mig=0 fallos=0 perf=ipc_only ipc=0.220 ratio_rm=-1.0000
[OMPT] tid=442809 ompt_id=27303072740933633 tipo=ompt_thread_worker     last_cpu=  9 numa=0 mig=0 fallos=0 perf=ipc_only ipc=0.513 ratio_rm=-1.0000
[OMPT] tid=442761 ompt_id=13792273858822145 tipo=ompt_thread_worker     last_cpu=106 numa=1 mig=0 fallos=0 perf=ipc_only ipc=0.353 ratio_rm=-1.0000
[OMPT] tid=442783 ompt_id=19984723346456577 tipo=ompt_thread_worker     last_cpu= 59 numa=0 mig=0 fallos=0 perf=ipc_only ipc=0.507 ratio_rm=-1.0000
[OMPT] tid=442798 ompt_id=24206847997116417 tipo=ompt_thread_worker     last_cpu= 84 numa=1 mig=0 fallos=0 perf=ipc_only ipc=0.303 ratio_rm=-1.0000
[OMPT] tid=442817 ompt_id=29554872554618881 tipo=ompt_thread_worker     last_cpu=250 numa=1 mig=0 fallos=0 perf=ipc_only ipc=0.282 ratio_rm=-1.0000
[OMPT] tid=442821 ompt_id=30680772461461505 tipo=ompt_thread_worker     last_cpu=214 numa=1 mig=0 fallos=0 perf=ipc_only ipc=0.271 ratio_rm=-1.0000
[OMPT] tid=442814 ompt_id=28710447624486913 tipo=ompt_thread_worker     last_cpu= 34 numa=0 mig=0 fallos=0 perf=ipc_only ipc=0.505 ratio_rm=-1.0000
[OMPT] tid=442815 ompt_id=28991922601197569 tipo=ompt_thread_worker     last_cpu= 44 numa=0 mig=0 fallos=0 perf=ipc_only ipc=0.511 ratio_rm=-1.0000
[OMPT] tid=442816 ompt_id=29273397577908225 tipo=ompt_thread_worker     last_cpu= 24 numa=0 mig=0 fallos=0 perf=ipc_only ipc=0.380 ratio_rm=-1.0000
[OMPT] tid=442818 ompt_id=29836347531329537 tipo=ompt_thread_worker     last_cpu=105 numa=1 mig=0 fallos=0 perf=ipc_only ipc=0.361 ratio_rm=-1.0000
[OMPT] tid=442820 ompt_id=30399297484750849 tipo=ompt_thread_worker     last_cpu= 71 numa=1 mig=0 fallos=0 perf=ipc_only ipc=0.158 ratio_rm=-1.0000
[OMPT] tid=442819 ompt_id=30117822508040193 tipo=ompt_thread_worker     last_cpu= 17 numa=0 mig=0 fallos=0 perf=ipc_only ipc=0.521 ratio_rm=-1.0000
[OMPT] tid=442808 ompt_id=27021597764222977 tipo=ompt_thread_worker     last_cpu= 27 numa=0 mig=0 fallos=0 perf=ipc_only ipc=0.513 ratio_rm=-1.0000
[OMPT] tid=442810 ompt_id=27584547717644289 tipo=ompt_thread_worker     last_cpu= 28 numa=0 mig=0 fallos=0 perf=ipc_only ipc=0.514 ratio_rm=-1.0000
[OMPT] tid=442824 ompt_id=31525197391593473 tipo=ompt_thread_worker     last_cpu= 80 numa=1 mig=0 fallos=0 perf=ipc_only ipc=0.309 ratio_rm=-1.0000
[OMPT] tid=442823 ompt_id=31243722414882817 tipo=ompt_thread_worker     last_cpu= 81 numa=1 mig=0 fallos=0 perf=ipc_only ipc=0.310 ratio_rm=-1.0000
[OMPT] tid=442832 ompt_id=33776997205278721 tipo=ompt_thread_worker     last_cpu= 74 numa=1 mig=0 fallos=0 perf=ipc_only ipc=0.291 ratio_rm=-1.0000
[OMPT] tid=442833 ompt_id=34058472181989377 tipo=ompt_thread_worker     last_cpu=109 numa=1 mig=0 fallos=0 perf=ipc_only ipc=0.291 ratio_rm=-1.0000
[OMPT] tid=442822 ompt_id=30962247438172161 tipo=ompt_thread_worker     last_cpu= 48 numa=0 mig=0 fallos=0 perf=ipc_only ipc=0.525 ratio_rm=-1.0000
[OMPT] tid=442797 ompt_id=23925373020405761 tipo=ompt_thread_worker     last_cpu= 99 numa=1 mig=0 fallos=0 perf=ipc_only ipc=0.322 ratio_rm=-1.0000
[OMPT] tid=442835 ompt_id=34339947158700033 tipo=ompt_thread_worker     last_cpu=116 numa=1 mig=0 fallos=0 perf=ipc_only ipc=0.299 ratio_rm=-1.0000
[OMPT] tid=442837 ompt_id=35184372088832001 tipo=ompt_thread_worker     last_cpu= 83 numa=1 mig=0 fallos=0 perf=ipc_only ipc=0.316 ratio_rm=-1.0000
[OMPT] tid=442826 ompt_id=32088147345014785 tipo=ompt_thread_worker     last_cpu= 89 numa=1 mig=0 fallos=0 perf=ipc_only ipc=0.331 ratio_rm=-1.0000
[OMPT] tid=442825 ompt_id=31806672368304129 tipo=ompt_thread_worker     last_cpu= 95 numa=1 mig=0 fallos=0 perf=ipc_only ipc=0.320 ratio_rm=-1.0000
[OMPT] tid=442799 ompt_id=24488322973827073 tipo=ompt_thread_worker     last_cpu= 66 numa=1 mig=0 fallos=0 perf=ipc_only ipc=0.218 ratio_rm=-1.0000
[OMPT] tid=442792 ompt_id=22517998136852481 tipo=ompt_thread_worker     last_cpu=199 numa=1 mig=0 fallos=0 perf=ipc_only ipc=0.149 ratio_rm=-1.0000
[OMPT] tid=442827 ompt_id=32369622321725441 tipo=ompt_thread_worker     last_cpu=238 numa=1 mig=0 fallos=0 perf=ipc_only ipc=0.347 ratio_rm=-1.0000
[OMPT] tid=442828 ompt_id=32651097298436097 tipo=ompt_thread_worker     last_cpu=239 numa=1 mig=0 fallos=0 perf=ipc_only ipc=0.348 ratio_rm=-1.0000
[OMPT] tid=442813 ompt_id=28428972647776257 tipo=ompt_thread_worker     last_cpu=166 numa=0 mig=0 fallos=0 perf=ipc_only ipc=0.335 ratio_rm=-1.0000
[OMPT] tid=442743 ompt_id=8725724278030337 tipo=ompt_thread_worker     last_cpu=190 numa=0 mig=0 fallos=0 perf=ipc_only ipc=0.522 ratio_rm=-1.0000
[OMPT] tid=442829 ompt_id=32932572275146753 tipo=ompt_thread_worker     last_cpu=150 numa=0 mig=0 fallos=0 perf=ipc_only ipc=0.487 ratio_rm=-1.0000
[OMPT] tid=442831 ompt_id=33495522228568065 tipo=ompt_thread_worker     last_cpu=151 numa=0 mig=0 fallos=0 perf=ipc_only ipc=0.407 ratio_rm=-1.0000
[OMPT] tid=442759 ompt_id=13229323905400833 tipo=ompt_thread_worker     last_cpu=175 numa=0 mig=0 fallos=0 perf=ipc_only ipc=0.510 ratio_rm=-1.0000
[OMPT] tid=442795 ompt_id=23362423066984449 tipo=ompt_thread_worker     last_cpu=174 numa=0 mig=0 fallos=0 perf=ipc_only ipc=0.500 ratio_rm=-1.0000
[OMPT] tid=442838 ompt_id=35465847065542657 tipo=ompt_thread_worker     last_cpu=207 numa=1 mig=0 fallos=0 perf=ipc_only ipc=0.238 ratio_rm=-1.0000
[OMPT] tid=442836 ompt_id=34902897112121345 tipo=ompt_thread_worker     last_cpu=206 numa=1 mig=0 fallos=0 perf=ipc_only ipc=0.203 ratio_rm=-1.0000
[OMPT] tid=442804 ompt_id=25895697857380353 tipo=ompt_thread_worker     last_cpu=230 numa=1 mig=0 fallos=0 perf=ipc_only ipc=0.327 ratio_rm=-1.0000
[OMPT] tid=442803 ompt_id=25614222880669697 tipo=ompt_thread_worker     last_cpu=231 numa=1 mig=0 fallos=0 perf=ipc_only ipc=0.326 ratio_rm=-1.0000
[OMPT] tid=442830 ompt_id=33214047251857409 tipo=ompt_thread_worker     last_cpu=252 numa=1 mig=0 fallos=0 perf=ipc_only ipc=0.235 ratio_rm=-1.0000
[OMPT] tid=442807 ompt_id=26740122787512321 tipo=ompt_thread_worker     last_cpu=129 numa=0 mig=0 fallos=0 perf=ipc_only ipc=0.515 ratio_rm=-1.0000
[OMPT] tid=442787 ompt_id=21110623253299201 tipo=ompt_thread_worker     last_cpu=247 numa=1 mig=0 fallos=0 perf=ipc_only ipc=0.379 ratio_rm=-1.0000
[OMPT] tid=442794 ompt_id=23080948090273793 tipo=ompt_thread_worker     last_cpu=246 numa=1 mig=0 fallos=0 perf=ipc_only ipc=0.366 ratio_rm=-1.0000
[OMPT] tid=442778 ompt_id=18577348462903297 tipo=ompt_thread_worker     last_cpu=142 numa=0 mig=0 fallos=0 perf=ipc_only ipc=0.476 ratio_rm=-1.0000
[OMPT] tid=442779 ompt_id=18858823439613953 tipo=ompt_thread_worker     last_cpu=143 numa=0 mig=0 fallos=0 perf=ipc_only ipc=0.399 ratio_rm=-1.0000
[OMPT] tid=442802 ompt_id=25332747903959041 tipo=ompt_thread_worker     last_cpu=158 numa=0 mig=0 fallos=0 perf=ipc_only ipc=0.422 ratio_rm=-1.0000
[OMPT] tid=442768 ompt_id=15762598695796737 tipo=ompt_thread_worker     last_cpu=159 numa=0 mig=0 fallos=0 perf=ipc_only ipc=0.513 ratio_rm=-1.0000
[OMPT] tid=442811 ompt_id=27866022694354945 tipo=ompt_thread_worker     last_cpu=191 numa=0 mig=0 fallos=0 perf=ipc_only ipc=0.500 ratio_rm=-1.0000
[OMPT] tid=442812 ompt_id=28147497671065601 tipo=ompt_thread_worker     last_cpu= 58 numa=0 mig=0 fallos=0 perf=ipc_only ipc=0.509 ratio_rm=-1.0000
[OMPT] tid=442839 ompt_id=35747322042253313 tipo=ompt_thread_worker     last_cpu=182 numa=0 mig=0 fallos=0 perf=ipc_only ipc=0.524 ratio_rm=-1.0000
[OMPT] tid=442840 ompt_id=36028797018963969 tipo=ompt_thread_worker     last_cpu=183 numa=0 mig=0 fallos=0 perf=ipc_only ipc=0.513 ratio_rm=-1.0000
[OMPT] tid=442834 ompt_id=34621422135410689 tipo=ompt_thread_worker     last_cpu= 49 numa=0 mig=0 fallos=0 perf=ipc_only ipc=0.524 ratio_rm=-1.0000
[OMPT] tid=442806 ompt_id=26458647810801665 tipo=ompt_thread_worker     last_cpu=128 numa=0 mig=0 fallos=0 perf=ipc_only ipc=0.486 ratio_rm=-1.0000
[OMPT] tid=442805 ompt_id=26177172834091009 tipo=ompt_thread_worker     last_cpu= 33 numa=0 mig=0 fallos=0 perf=ipc_only ipc=0.338 ratio_rm=-1.0000
[OMPT] ===== Overhead intrínseco =====
  monitor: 23 ticks, 26781.2 us total (max 3437.1 us/tick)
  callbacks implicit_task: 20993, 12588807.3 us total
  migraciones: 0 (0.0 us total)
  resyncs=0  lecturas escaladas por multiplexado=0
  hilos con perf fallido=0  parcial(ipc_only)=128
  ventanas con ciclos=1408  con fills=0

[OMPT] *** AVISO GRAVE ***
  Se midieron 1408 ventanas con ciclos pero NINGUNA con data cache fills.
  Los eventos crudos 0xD044/0xFF44 abrieron pero cuentan siempre 0:
  esta PMU no los implementa (son de AMD Zen). ratio_rm no existe y el
  scheduler NO PUEDE decidir migraciones. Los resultados de localidad de
  esta corrida no son válidos.

