[OMPT] ompt_initialize (OPCIÓN C: integrador con fugas)  verbose=0  migracion=DESACTIVADA
[HWLOC] Nodos NUMA detectados: 2 (usados: 2)
[HWLOC] Nodo 0: 128 CPUs
[HWLOC] Nodo 1: 128 CPUs
[OMPT] callback 'ompt_callback_thread_begin' registrado (result=5)
[OMPT] callback 'ompt_callback_thread_end' registrado (result=5)
[OMPT] callback 'ompt_callback_parallel_begin' registrado (result=5)
[OMPT] callback 'ompt_callback_parallel_end' registrado (result=5)
[OMPT] callback 'ompt_callback_implicit_task' registrado (result=5)
[OMPT] callback 'ompt_callback_control_tool' registrado (result=5)
[OMPT] Callbacks registrados
[OMPT] Sistema: 0 procesadores lógicos
[OMPT][MON] Monitor (C: integrador con fugas)  período=100ms  warmup=5  T=ref+1.00*MAD  leak=0.50*MAD  cap=8.00*MAD  max_mig=1  migracion=DESACTIVADA
[OMPT][PERF] tid=413363 SIN eventos NUMA (solo IPC). Este hilo no podrá disparar migraciones.
    modo=6 mascaras por origen  primer errno: Invalid argument / Invalid argument
  → los eventos crudos son específicos de AMD Zen; en otra PMU no existen
  → con OMPT_MASCARAS=0 se vuelve al par 0xFF44/0xD044
[OMPT][PERF] tid=413365 SIN eventos NUMA (solo IPC). Este hilo no podrá disparar migraciones.
    modo=6 mascaras por origen  primer errno: Invalid argument / Invalid argument
  → los eventos crudos son específicos de AMD Zen; en otra PMU no existen
  → con OMPT_MASCARAS=0 se vuelve al par 0xFF44/0xD044
[OMPT][PERF] tid=413366 SIN eventos NUMA (solo IPC). Este hilo no podrá disparar migraciones.
    modo=6 mascaras por origen  primer errno: Invalid argument / Invalid argument
  → los eventos crudos son específicos de AMD Zen; en otra PMU no existen
  → con OMPT_MASCARAS=0 se vuelve al par 0xFF44/0xD044
[OMPT][PERF] tid=413368 SIN eventos NUMA (solo IPC). Este hilo no podrá disparar migraciones.
    modo=6 mascaras por origen  primer errno: Invalid argument / Invalid argument
  → los eventos crudos son específicos de AMD Zen; en otra PMU no existen
  → con OMPT_MASCARAS=0 se vuelve al par 0xFF44/0xD044
[OMPT][PERF] tid=413369 SIN eventos NUMA (solo IPC). Este hilo no podrá disparar migraciones.
    modo=6 mascaras por origen  primer errno: Invalid argument / Invalid argument
  → los eventos crudos son específicos de AMD Zen; en otra PMU no existen
  → con OMPT_MASCARAS=0 se vuelve al par 0xFF44/0xD044
[OMPT][PERF] tid=413372 SIN eventos NUMA (solo IPC). Este hilo no podrá disparar migraciones.
    modo=6 mascaras por origen  primer errno: Invalid argument / Invalid argument
  → los eventos crudos son específicos de AMD Zen; en otra PMU no existen
  → con OMPT_MASCARAS=0 se vuelve al par 0xFF44/0xD044
[OMPT][PERF] tid=413371 SIN eventos NUMA (solo IPC). Este hilo no podrá disparar migraciones.
    modo=6 mascaras por origen  primer errno: Invalid argument / Invalid argument
  → los eventos crudos son específicos de AMD Zen; en otra PMU no existen
  → con OMPT_MASCARAS=0 se vuelve al par 0xFF44/0xD044
[OMPT][PERF] tid=413375 SIN eventos NUMA (solo IPC). Este hilo no podrá disparar migraciones.
    modo=6 mascaras por origen  primer errno: Invalid argument / Invalid argument
  → los eventos crudos son específicos de AMD Zen; en otra PMU no existen
  → con OMPT_MASCARAS=0 se vuelve al par 0xFF44/0xD044
[OMPT][PERF] tid=413373 SIN eventos NUMA (solo IPC). Este hilo no podrá disparar migraciones.
    modo=6 mascaras por origen  primer errno: Invalid argument / Invalid argument
  → los eventos crudos son específicos de AMD Zen; en otra PMU no existen
  → con OMPT_MASCARAS=0 se vuelve al par 0xFF44/0xD044
[OMPT][PERF] tid=413379 SIN eventos NUMA (solo IPC). Este hilo no podrá disparar migraciones.
    modo=6 mascaras por origen  primer errno: Invalid argument / Invalid argument
  → los eventos crudos son específicos de AMD Zen; en otra PMU no existen
  → con OMPT_MASCARAS=0 se vuelve al par 0xFF44/0xD044
[OMPT][PERF] tid=413381 SIN eventos NUMA (solo IPC). Este hilo no podrá disparar migraciones.
    modo=6 mascaras por origen  primer errno: Invalid argument / Invalid argument
  → los eventos crudos son específicos de AMD Zen; en otra PMU no existen
  → con OMPT_MASCARAS=0 se vuelve al par 0xFF44/0xD044
[OMPT][PERF] tid=413376 SIN eventos NUMA (solo IPC). Este hilo no podrá disparar migraciones.
    modo=6 mascaras por origen  primer errno: Invalid argument / Invalid argument
  → los eventos crudos son específicos de AMD Zen; en otra PMU no existen
  → con OMPT_MASCARAS=0 se vuelve al par 0xFF44/0xD044
[OMPT][PERF] tid=413382 SIN eventos NUMA (solo IPC). Este hilo no podrá disparar migraciones.
    modo=6 mascaras por origen  primer errno: Invalid argument / Invalid argument
  → los eventos crudos son específicos de AMD Zen; en otra PMU no existen
  → con OMPT_MASCARAS=0 se vuelve al par 0xFF44/0xD044
[OMPT][PERF] tid=413383 SIN eventos NUMA (solo IPC). Este hilo no podrá disparar migraciones.
    modo=6 mascaras por origen  primer errno: Invalid argument / Invalid argument
  → los eventos crudos son específicos de AMD Zen; en otra PMU no existen
  → con OMPT_MASCARAS=0 se vuelve al par 0xFF44/0xD044
[OMPT][PERF] tid=413370 SIN eventos NUMA (solo IPC). Este hilo no podrá disparar migraciones.
    modo=6 mascaras por origen  primer errno: Invalid argument / Invalid argument
  → los eventos crudos son específicos de AMD Zen; en otra PMU no existen
  → con OMPT_MASCARAS=0 se vuelve al par 0xFF44/0xD044
[OMPT][PERF] tid=413385 SIN eventos NUMA (solo IPC). Este hilo no podrá disparar migraciones.
    modo=6 mascaras por origen  primer errno: Invalid argument / Invalid argument
  → los eventos crudos son específicos de AMD Zen; en otra PMU no existen
  → con OMPT_MASCARAS=0 se vuelve al par 0xFF44/0xD044
[OMPT][PERF] tid=413386 SIN eventos NUMA (solo IPC). Este hilo no podrá disparar migraciones.
    modo=6 mascaras por origen  primer errno: Invalid argument / Invalid argument
  → los eventos crudos son específicos de AMD Zen; en otra PMU no existen
  → con OMPT_MASCARAS=0 se vuelve al par 0xFF44/0xD044
[OMPT][PERF] tid=413387 SIN eventos NUMA (solo IPC). Este hilo no podrá disparar migraciones.
    modo=6 mascaras por origen  primer errno: Invalid argument / Invalid argument
  → los eventos crudos son específicos de AMD Zen; en otra PMU no existen
  → con OMPT_MASCARAS=0 se vuelve al par 0xFF44/0xD044
[OMPT][PERF] tid=413388 SIN eventos NUMA (solo IPC). Este hilo no podrá disparar migraciones.
    modo=6 mascaras por origen  primer errno: Invalid argument / Invalid argument
  → los eventos crudos son específicos de AMD Zen; en otra PMU no existen
  → con OMPT_MASCARAS=0 se vuelve al par 0xFF44/0xD044
[OMPT][PERF] tid=413384 SIN eventos NUMA (solo IPC). Este hilo no podrá disparar migraciones.
    modo=6 mascaras por origen  primer errno: Invalid argument / Invalid argument
  → los eventos crudos son específicos de AMD Zen; en otra PMU no existen
  → con OMPT_MASCARAS=0 se vuelve al par 0xFF44/0xD044
[OMPT][PERF] tid=413367 SIN eventos NUMA (solo IPC). Este hilo no podrá disparar migraciones.
    modo=6 mascaras por origen  primer errno: Invalid argument / Invalid argument
  → los eventos crudos son específicos de AMD Zen; en otra PMU no existen
  → con OMPT_MASCARAS=0 se vuelve al par 0xFF44/0xD044
[OMPT][PERF] tid=413392 SIN eventos NUMA (solo IPC). Este hilo no podrá disparar migraciones.
    modo=6 mascaras por origen  primer errno: Invalid argument / Invalid argument
  → los eventos crudos son específicos de AMD Zen; en otra PMU no existen
  → con OMPT_MASCARAS=0 se vuelve al par 0xFF44/0xD044
[OMPT][PERF] tid=413393 SIN eventos NUMA (solo IPC). Este hilo no podrá disparar migraciones.
    modo=6 mascaras por origen  primer errno: Invalid argument / Invalid argument
  → los eventos crudos son específicos de AMD Zen; en otra PMU no existen
  → con OMPT_MASCARAS=0 se vuelve al par 0xFF44/0xD044
[OMPT][PERF] tid=413394 SIN eventos NUMA (solo IPC). Este hilo no podrá disparar migraciones.
    modo=6 mascaras por origen  primer errno: Invalid argument / Invalid argument
  → los eventos crudos son específicos de AMD Zen; en otra PMU no existen
  → con OMPT_MASCARAS=0 se vuelve al par 0xFF44/0xD044
[OMPT][PERF] tid=413374 SIN eventos NUMA (solo IPC). Este hilo no podrá disparar migraciones.
    modo=6 mascaras por origen  primer errno: Invalid argument / Invalid argument
  → los eventos crudos son específicos de AMD Zen; en otra PMU no existen
  → con OMPT_MASCARAS=0 se vuelve al par 0xFF44/0xD044
[OMPT][PERF] tid=413390 SIN eventos NUMA (solo IPC). Este hilo no podrá disparar migraciones.
    modo=6 mascaras por origen  primer errno: Invalid argument / Invalid argument
  → los eventos crudos son específicos de AMD Zen; en otra PMU no existen
  → con OMPT_MASCARAS=0 se vuelve al par 0xFF44/0xD044
[OMPT][PERF] tid=413377 SIN eventos NUMA (solo IPC). Este hilo no podrá disparar migraciones.
    modo=6 mascaras por origen  primer errno: Invalid argument / Invalid argument
  → los eventos crudos son específicos de AMD Zen; en otra PMU no existen
  → con OMPT_MASCARAS=0 se vuelve al par 0xFF44/0xD044
[OMPT][PERF] tid=413399 SIN eventos NUMA (solo IPC). Este hilo no podrá disparar migraciones.
    modo=6 mascaras por origen  primer errno: Invalid argument / Invalid argument
  → los eventos crudos son específicos de AMD Zen; en otra PMU no existen
  → con OMPT_MASCARAS=0 se vuelve al par 0xFF44/0xD044
[OMPT][PERF] tid=413398 SIN eventos NUMA (solo IPC). Este hilo no podrá disparar migraciones.
    modo=6 mascaras por origen  primer errno: Invalid argument / Invalid argument
  → los eventos crudos son específicos de AMD Zen; en otra PMU no existen
  → con OMPT_MASCARAS=0 se vuelve al par 0xFF44/0xD044
[OMPT][PERF] tid=413402 SIN eventos NUMA (solo IPC). Este hilo no podrá disparar migraciones.
    modo=6 mascaras por origen  primer errno: Invalid argument / Invalid argument
  → los eventos crudos son específicos de AMD Zen; en otra PMU no existen
  → con OMPT_MASCARAS=0 se vuelve al par 0xFF44/0xD044
[OMPT][PERF] tid=413391 SIN eventos NUMA (solo IPC). Este hilo no podrá disparar migraciones.
    modo=6 mascaras por origen  primer errno: Invalid argument / Invalid argument
  → los eventos crudos son específicos de AMD Zen; en otra PMU no existen
  → con OMPT_MASCARAS=0 se vuelve al par 0xFF44/0xD044
[OMPT][PERF] tid=413403 SIN eventos NUMA (solo IPC). Este hilo no podrá disparar migraciones.
    modo=6 mascaras por origen  primer errno: Invalid argument / Invalid argument
  → los eventos crudos son específicos de AMD Zen; en otra PMU no existen
  → con OMPT_MASCARAS=0 se vuelve al par 0xFF44/0xD044
[OMPT][PERF] tid=413401 SIN eventos NUMA (solo IPC). Este hilo no podrá disparar migraciones.
    modo=6 mascaras por origen  primer errno: Invalid argument / Invalid argument
  → los eventos crudos son específicos de AMD Zen; en otra PMU no existen
  → con OMPT_MASCARAS=0 se vuelve al par 0xFF44/0xD044
[OMPT][PERF] tid=413404 SIN eventos NUMA (solo IPC). Este hilo no podrá disparar migraciones.
    modo=6 mascaras por origen  primer errno: Invalid argument / Invalid argument
  → los eventos crudos son específicos de AMD Zen; en otra PMU no existen
  → con OMPT_MASCARAS=0 se vuelve al par 0xFF44/0xD044
[OMPT][PERF] tid=413407 SIN eventos NUMA (solo IPC). Este hilo no podrá disparar migraciones.
    modo=6 mascaras por origen  primer errno: Invalid argument / Invalid argument
  → los eventos crudos son específicos de AMD Zen; en otra PMU no existen
  → con OMPT_MASCARAS=0 se vuelve al par 0xFF44/0xD044
[OMPT][PERF] tid=413380 SIN eventos NUMA (solo IPC). Este hilo no podrá disparar migraciones.
    modo=6 mascaras por origen  primer errno: Invalid argument / Invalid argument
  → los eventos crudos son específicos de AMD Zen; en otra PMU no existen
  → con OMPT_MASCARAS=0 se vuelve al par 0xFF44/0xD044
[OMPT][PERF] tid=413406 SIN eventos NUMA (solo IPC). Este hilo no podrá disparar migraciones.
    modo=6 mascaras por origen  primer errno: Invalid argument / Invalid argument
  → los eventos crudos son específicos de AMD Zen; en otra PMU no existen
  → con OMPT_MASCARAS=0 se vuelve al par 0xFF44/0xD044
[OMPT][PERF] tid=413400 SIN eventos NUMA (solo IPC). Este hilo no podrá disparar migraciones.
    modo=6 mascaras por origen  primer errno: Invalid argument / Invalid argument
  → los eventos crudos son específicos de AMD Zen; en otra PMU no existen
  → con OMPT_MASCARAS=0 se vuelve al par 0xFF44/0xD044
[OMPT][PERF] tid=413396 SIN eventos NUMA (solo IPC). Este hilo no podrá disparar migraciones.
    modo=6 mascaras por origen  primer errno: Invalid argument / Invalid argument
  → los eventos crudos son específicos de AMD Zen; en otra PMU no existen
  → con OMPT_MASCARAS=0 se vuelve al par 0xFF44/0xD044
[OMPT][PERF] tid=413411 SIN eventos NUMA (solo IPC). Este hilo no podrá disparar migraciones.
    modo=6 mascaras por origen  primer errno: Invalid argument / Invalid argument
  → los eventos crudos son específicos de AMD Zen; en otra PMU no existen
  → con OMPT_MASCARAS=0 se vuelve al par 0xFF44/0xD044
[OMPT][PERF] tid=413408 SIN eventos NUMA (solo IPC). Este hilo no podrá disparar migraciones.
    modo=6 mascaras por origen  primer errno: Invalid argument / Invalid argument
  → los eventos crudos son específicos de AMD Zen; en otra PMU no existen
  → con OMPT_MASCARAS=0 se vuelve al par 0xFF44/0xD044
[OMPT][PERF] tid=413405 SIN eventos NUMA (solo IPC). Este hilo no podrá disparar migraciones.
    modo=6 mascaras por origen  primer errno: Invalid argument / Invalid argument
  → los eventos crudos son específicos de AMD Zen; en otra PMU no existen
  → con OMPT_MASCARAS=0 se vuelve al par 0xFF44/0xD044
[OMPT][PERF] tid=413412 SIN eventos NUMA (solo IPC). Este hilo no podrá disparar migraciones.
    modo=6 mascaras por origen  primer errno: Invalid argument / Invalid argument
  → los eventos crudos son específicos de AMD Zen; en otra PMU no existen
  → con OMPT_MASCARAS=0 se vuelve al par 0xFF44/0xD044
[OMPT][PERF] tid=413413 SIN eventos NUMA (solo IPC). Este hilo no podrá disparar migraciones.
    modo=6 mascaras por origen  primer errno: Invalid argument / Invalid argument
  → los eventos crudos son específicos de AMD Zen; en otra PMU no existen
  → con OMPT_MASCARAS=0 se vuelve al par 0xFF44/0xD044
[OMPT][PERF] tid=413410 SIN eventos NUMA (solo IPC). Este hilo no podrá disparar migraciones.
    modo=6 mascaras por origen  primer errno: Invalid argument / Invalid argument
  → los eventos crudos son específicos de AMD Zen; en otra PMU no existen
  → con OMPT_MASCARAS=0 se vuelve al par 0xFF44/0xD044
[OMPT][PERF] tid=413389 SIN eventos NUMA (solo IPC). Este hilo no podrá disparar migraciones.
    modo=6 mascaras por origen  primer errno: Invalid argument / Invalid argument
  → los eventos crudos son específicos de AMD Zen; en otra PMU no existen
  → con OMPT_MASCARAS=0 se vuelve al par 0xFF44/0xD044
[OMPT][PERF] tid=413414 SIN eventos NUMA (solo IPC). Este hilo no podrá disparar migraciones.
    modo=6 mascaras por origen  primer errno: Invalid argument / Invalid argument
  → los eventos crudos son específicos de AMD Zen; en otra PMU no existen
  → con OMPT_MASCARAS=0 se vuelve al par 0xFF44/0xD044
[OMPT][PERF] tid=413416 SIN eventos NUMA (solo IPC). Este hilo no podrá disparar migraciones.
    modo=6 mascaras por origen  primer errno: Invalid argument / Invalid argument
  → los eventos crudos son específicos de AMD Zen; en otra PMU no existen
  → con OMPT_MASCARAS=0 se vuelve al par 0xFF44/0xD044
[OMPT][PERF] tid=413415 SIN eventos NUMA (solo IPC). Este hilo no podrá disparar migraciones.
    modo=6 mascaras por origen  primer errno: Invalid argument / Invalid argument
  → los eventos crudos son específicos de AMD Zen; en otra PMU no existen
  → con OMPT_MASCARAS=0 se vuelve al par 0xFF44/0xD044
[OMPT][PERF] tid=413409 SIN eventos NUMA (solo IPC). Este hilo no podrá disparar migraciones.
    modo=6 mascaras por origen  primer errno: Invalid argument / Invalid argument
  → los eventos crudos son específicos de AMD Zen; en otra PMU no existen
  → con OMPT_MASCARAS=0 se vuelve al par 0xFF44/0xD044
[OMPT][PERF] tid=413423 SIN eventos NUMA (solo IPC). Este hilo no podrá disparar migraciones.
    modo=6 mascaras por origen  primer errno: Invalid argument / Invalid argument
  → los eventos crudos son específicos de AMD Zen; en otra PMU no existen
  → con OMPT_MASCARAS=0 se vuelve al par 0xFF44/0xD044
[OMPT][PERF] tid=413418 SIN eventos NUMA (solo IPC). Este hilo no podrá disparar migraciones.
    modo=6 mascaras por origen  primer errno: Invalid argument / Invalid argument
  → los eventos crudos son específicos de AMD Zen; en otra PMU no existen
  → con OMPT_MASCARAS=0 se vuelve al par 0xFF44/0xD044
[OMPT][PERF] tid=413424 SIN eventos NUMA (solo IPC). Este hilo no podrá disparar migraciones.
    modo=6 mascaras por origen  primer errno: Invalid argument / Invalid argument
  → los eventos crudos son específicos de AMD Zen; en otra PMU no existen
  → con OMPT_MASCARAS=0 se vuelve al par 0xFF44/0xD044
[OMPT][PERF] tid=413417 SIN eventos NUMA (solo IPC). Este hilo no podrá disparar migraciones.
    modo=6 mascaras por origen  primer errno: Invalid argument / Invalid argument
  → los eventos crudos son específicos de AMD Zen; en otra PMU no existen
  → con OMPT_MASCARAS=0 se vuelve al par 0xFF44/0xD044
[OMPT][PERF] tid=413426 SIN eventos NUMA (solo IPC). Este hilo no podrá disparar migraciones.
    modo=6 mascaras por origen  primer errno: Invalid argument / Invalid argument
  → los eventos crudos son específicos de AMD Zen; en otra PMU no existen
  → con OMPT_MASCARAS=0 se vuelve al par 0xFF44/0xD044
[OMPT][PERF] tid=413428 SIN eventos NUMA (solo IPC). Este hilo no podrá disparar migraciones.
    modo=6 mascaras por origen  primer errno: Invalid argument / Invalid argument
  → los eventos crudos son específicos de AMD Zen; en otra PMU no existen
  → con OMPT_MASCARAS=0 se vuelve al par 0xFF44/0xD044
[OMPT][PERF] tid=413427 SIN eventos NUMA (solo IPC). Este hilo no podrá disparar migraciones.
    modo=6 mascaras por origen  primer errno: Invalid argument / Invalid argument
  → los eventos crudos son específicos de AMD Zen; en otra PMU no existen
  → con OMPT_MASCARAS=0 se vuelve al par 0xFF44/0xD044
[OMPT][PERF] tid=413378 SIN eventos NUMA (solo IPC). Este hilo no podrá disparar migraciones.
    modo=6 mascaras por origen  primer errno: Invalid argument / Invalid argument
  → los eventos crudos son específicos de AMD Zen; en otra PMU no existen
  → con OMPT_MASCARAS=0 se vuelve al par 0xFF44/0xD044
[OMPT][PERF] tid=413432 SIN eventos NUMA (solo IPC). Este hilo no podrá disparar migraciones.
    modo=6 mascaras por origen  primer errno: Invalid argument / Invalid argument
  → los eventos crudos son específicos de AMD Zen; en otra PMU no existen
  → con OMPT_MASCARAS=0 se vuelve al par 0xFF44/0xD044
[OMPT][PERF] tid=413420 SIN eventos NUMA (solo IPC). Este hilo no podrá disparar migraciones.
    modo=6 mascaras por origen  primer errno: Invalid argument / Invalid argument
  → los eventos crudos son específicos de AMD Zen; en otra PMU no existen
  → con OMPT_MASCARAS=0 se vuelve al par 0xFF44/0xD044
[OMPT][PERF] tid=413397 SIN eventos NUMA (solo IPC). Este hilo no podrá disparar migraciones.
    modo=6 mascaras por origen  primer errno: Invalid argument / Invalid argument
  → los eventos crudos son específicos de AMD Zen; en otra PMU no existen
  → con OMPT_MASCARAS=0 se vuelve al par 0xFF44/0xD044
[OMPT][PERF] tid=413421 SIN eventos NUMA (solo IPC). Este hilo no podrá disparar migraciones.
    modo=6 mascaras por origen  primer errno: Invalid argument / Invalid argument
  → los eventos crudos son específicos de AMD Zen; en otra PMU no existen
  → con OMPT_MASCARAS=0 se vuelve al par 0xFF44/0xD044
[OMPT][PERF] tid=413436 SIN eventos NUMA (solo IPC). Este hilo no podrá disparar migraciones.
    modo=6 mascaras por origen  primer errno: Invalid argument / Invalid argument
  → los eventos crudos son específicos de AMD Zen; en otra PMU no existen
  → con OMPT_MASCARAS=0 se vuelve al par 0xFF44/0xD044
[OMPT][PERF] tid=413438 SIN eventos NUMA (solo IPC). Este hilo no podrá disparar migraciones.
    modo=6 mascaras por origen  primer errno: Invalid argument / Invalid argument
  → los eventos crudos son específicos de AMD Zen; en otra PMU no existen
  → con OMPT_MASCARAS=0 se vuelve al par 0xFF44/0xD044
[OMPT][PERF] tid=413431 SIN eventos NUMA (solo IPC). Este hilo no podrá disparar migraciones.
    modo=6 mascaras por origen  primer errno: Invalid argument / Invalid argument
  → los eventos crudos son específicos de AMD Zen; en otra PMU no existen
  → con OMPT_MASCARAS=0 se vuelve al par 0xFF44/0xD044
[OMPT][PERF] tid=413419 SIN eventos NUMA (solo IPC). Este hilo no podrá disparar migraciones.
    modo=6 mascaras por origen  primer errno: Invalid argument / Invalid argument
  → los eventos crudos son específicos de AMD Zen; en otra PMU no existen
  → con OMPT_MASCARAS=0 se vuelve al par 0xFF44/0xD044
[OMPT][PERF] tid=413444 SIN eventos NUMA (solo IPC). Este hilo no podrá disparar migraciones.
    modo=6 mascaras por origen  primer errno: Invalid argument / Invalid argument
  → los eventos crudos son específicos de AMD Zen; en otra PMU no existen
  → con OMPT_MASCARAS=0 se vuelve al par 0xFF44/0xD044
[OMPT][PERF] tid=413422 SIN eventos NUMA (solo IPC). Este hilo no podrá disparar migraciones.
    modo=6 mascaras por origen  primer errno: Invalid argument / Invalid argument
  → los eventos crudos son específicos de AMD Zen; en otra PMU no existen
  → con OMPT_MASCARAS=0 se vuelve al par 0xFF44/0xD044
[OMPT][PERF] tid=413447 SIN eventos NUMA (solo IPC). Este hilo no podrá disparar migraciones.
    modo=6 mascaras por origen  primer errno: Invalid argument / Invalid argument
  → los eventos crudos son específicos de AMD Zen; en otra PMU no existen
  → con OMPT_MASCARAS=0 se vuelve al par 0xFF44/0xD044
[OMPT][PERF] tid=413443 SIN eventos NUMA (solo IPC). Este hilo no podrá disparar migraciones.
    modo=6 mascaras por origen  primer errno: Invalid argument / Invalid argument
  → los eventos crudos son específicos de AMD Zen; en otra PMU no existen
  → con OMPT_MASCARAS=0 se vuelve al par 0xFF44/0xD044
[OMPT][PERF] tid=413449 SIN eventos NUMA (solo IPC). Este hilo no podrá disparar migraciones.
    modo=6 mascaras por origen  primer errno: Invalid argument / Invalid argument
  → los eventos crudos son específicos de AMD Zen; en otra PMU no existen
  → con OMPT_MASCARAS=0 se vuelve al par 0xFF44/0xD044
[OMPT][PERF] tid=413448 SIN eventos NUMA (solo IPC). Este hilo no podrá disparar migraciones.
    modo=6 mascaras por origen  primer errno: Invalid argument / Invalid argument
  → los eventos crudos son específicos de AMD Zen; en otra PMU no existen
  → con OMPT_MASCARAS=0 se vuelve al par 0xFF44/0xD044
[OMPT][PERF] tid=413425 SIN eventos NUMA (solo IPC). Este hilo no podrá disparar migraciones.
    modo=6 mascaras por origen  primer errno: Invalid argument / Invalid argument
  → los eventos crudos son específicos de AMD Zen; en otra PMU no existen
  → con OMPT_MASCARAS=0 se vuelve al par 0xFF44/0xD044
[OMPT][PERF] tid=413446 SIN eventos NUMA (solo IPC). Este hilo no podrá disparar migraciones.
    modo=6 mascaras por origen  primer errno: Invalid argument / Invalid argument
  → los eventos crudos son específicos de AMD Zen; en otra PMU no existen
  → con OMPT_MASCARAS=0 se vuelve al par 0xFF44/0xD044
[OMPT][PERF] tid=413450 SIN eventos NUMA (solo IPC). Este hilo no podrá disparar migraciones.
    modo=6 mascaras por origen  primer errno: Invalid argument / Invalid argument
  → los eventos crudos son específicos de AMD Zen; en otra PMU no existen
  → con OMPT_MASCARAS=0 se vuelve al par 0xFF44/0xD044
[OMPT][PERF] tid=413434 SIN eventos NUMA (solo IPC). Este hilo no podrá disparar migraciones.
    modo=6 mascaras por origen  primer errno: Invalid argument / Invalid argument
  → los eventos crudos son específicos de AMD Zen; en otra PMU no existen
  → con OMPT_MASCARAS=0 se vuelve al par 0xFF44/0xD044
[OMPT][PERF] tid=413455 SIN eventos NUMA (solo IPC). Este hilo no podrá disparar migraciones.
    modo=6 mascaras por origen  primer errno: Invalid argument / Invalid argument
  → los eventos crudos son específicos de AMD Zen; en otra PMU no existen
  → con OMPT_MASCARAS=0 se vuelve al par 0xFF44/0xD044
[OMPT][PERF] tid=413433 SIN eventos NUMA (solo IPC). Este hilo no podrá disparar migraciones.
    modo=6 mascaras por origen  primer errno: Invalid argument / Invalid argument
  → los eventos crudos son específicos de AMD Zen; en otra PMU no existen
  → con OMPT_MASCARAS=0 se vuelve al par 0xFF44/0xD044
[OMPT][PERF] tid=413435 SIN eventos NUMA (solo IPC). Este hilo no podrá disparar migraciones.
    modo=6 mascaras por origen  primer errno: Invalid argument / Invalid argument
  → los eventos crudos son específicos de AMD Zen; en otra PMU no existen
  → con OMPT_MASCARAS=0 se vuelve al par 0xFF44/0xD044
[OMPT][PERF] tid=413451 SIN eventos NUMA (solo IPC). Este hilo no podrá disparar migraciones.
    modo=6 mascaras por origen  primer errno: Invalid argument / Invalid argument
  → los eventos crudos son específicos de AMD Zen; en otra PMU no existen
  → con OMPT_MASCARAS=0 se vuelve al par 0xFF44/0xD044
[OMPT][PERF] tid=413459 SIN eventos NUMA (solo IPC). Este hilo no podrá disparar migraciones.
    modo=6 mascaras por origen  primer errno: Invalid argument / Invalid argument
  → los eventos crudos son específicos de AMD Zen; en otra PMU no existen
  → con OMPT_MASCARAS=0 se vuelve al par 0xFF44/0xD044
[OMPT][PERF] tid=413441 SIN eventos NUMA (solo IPC). Este hilo no podrá disparar migraciones.
    modo=6 mascaras por origen  primer errno: Invalid argument / Invalid argument
  → los eventos crudos son específicos de AMD Zen; en otra PMU no existen
  → con OMPT_MASCARAS=0 se vuelve al par 0xFF44/0xD044
[OMPT][PERF] tid=413454 SIN eventos NUMA (solo IPC). Este hilo no podrá disparar migraciones.
    modo=6 mascaras por origen  primer errno: Invalid argument / Invalid argument
  → los eventos crudos son específicos de AMD Zen; en otra PMU no existen
  → con OMPT_MASCARAS=0 se vuelve al par 0xFF44/0xD044
[OMPT][PERF] tid=413439 SIN eventos NUMA (solo IPC). Este hilo no podrá disparar migraciones.
    modo=6 mascaras por origen  primer errno: Invalid argument / Invalid argument
  → los eventos crudos son específicos de AMD Zen; en otra PMU no existen
  → con OMPT_MASCARAS=0 se vuelve al par 0xFF44/0xD044
[OMPT][PERF] tid=413458 SIN eventos NUMA (solo IPC). Este hilo no podrá disparar migraciones.
    modo=6 mascaras por origen  primer errno: Invalid argument / Invalid argument
  → los eventos crudos son específicos de AMD Zen; en otra PMU no existen
  → con OMPT_MASCARAS=0 se vuelve al par 0xFF44/0xD044
[OMPT][PERF] tid=413467 SIN eventos NUMA (solo IPC). Este hilo no podrá disparar migraciones.
    modo=6 mascaras por origen  primer errno: Invalid argument / Invalid argument
  → los eventos crudos son específicos de AMD Zen; en otra PMU no existen
  → con OMPT_MASCARAS=0 se vuelve al par 0xFF44/0xD044
[OMPT][PERF] tid=413469 SIN eventos NUMA (solo IPC). Este hilo no podrá disparar migraciones.
    modo=6 mascaras por origen  primer errno: Invalid argument / Invalid argument
  → los eventos crudos son específicos de AMD Zen; en otra PMU no existen
  → con OMPT_MASCARAS=0 se vuelve al par 0xFF44/0xD044
[OMPT][PERF] tid=413442 SIN eventos NUMA (solo IPC). Este hilo no podrá disparar migraciones.
    modo=6 mascaras por origen  primer errno: Invalid argument / Invalid argument
  → los eventos crudos son específicos de AMD Zen; en otra PMU no existen
  → con OMPT_MASCARAS=0 se vuelve al par 0xFF44/0xD044
[OMPT][PERF] tid=413395 SIN eventos NUMA (solo IPC). Este hilo no podrá disparar migraciones.
    modo=6 mascaras por origen  primer errno: Invalid argument / Invalid argument
  → los eventos crudos son específicos de AMD Zen; en otra PMU no existen
  → con OMPT_MASCARAS=0 se vuelve al par 0xFF44/0xD044
[OMPT][PERF] tid=413445 SIN eventos NUMA (solo IPC). Este hilo no podrá disparar migraciones.
    modo=6 mascaras por origen  primer errno: Invalid argument / Invalid argument
  → los eventos crudos son específicos de AMD Zen; en otra PMU no existen
  → con OMPT_MASCARAS=0 se vuelve al par 0xFF44/0xD044
[OMPT][PERF] tid=413472 SIN eventos NUMA (solo IPC). Este hilo no podrá disparar migraciones.
    modo=6 mascaras por origen  primer errno: Invalid argument / Invalid argument
  → los eventos crudos son específicos de AMD Zen; en otra PMU no existen
  → con OMPT_MASCARAS=0 se vuelve al par 0xFF44/0xD044
[OMPT][PERF] tid=413464 SIN eventos NUMA (solo IPC). Este hilo no podrá disparar migraciones.
    modo=6 mascaras por origen  primer errno: Invalid argument / Invalid argument
  → los eventos crudos son específicos de AMD Zen; en otra PMU no existen
  → con OMPT_MASCARAS=0 se vuelve al par 0xFF44/0xD044
[OMPT][PERF] tid=413471 SIN eventos NUMA (solo IPC). Este hilo no podrá disparar migraciones.
    modo=6 mascaras por origen  primer errno: Invalid argument / Invalid argument
  → los eventos crudos son específicos de AMD Zen; en otra PMU no existen
  → con OMPT_MASCARAS=0 se vuelve al par 0xFF44/0xD044
[OMPT][PERF] tid=413466 SIN eventos NUMA (solo IPC). Este hilo no podrá disparar migraciones.
    modo=6 mascaras por origen  primer errno: Invalid argument / Invalid argument
  → los eventos crudos son específicos de AMD Zen; en otra PMU no existen
  → con OMPT_MASCARAS=0 se vuelve al par 0xFF44/0xD044
[OMPT][PERF] tid=413429 SIN eventos NUMA (solo IPC). Este hilo no podrá disparar migraciones.
    modo=6 mascaras por origen  primer errno: Invalid argument / Invalid argument
  → los eventos crudos son específicos de AMD Zen; en otra PMU no existen
  → con OMPT_MASCARAS=0 se vuelve al par 0xFF44/0xD044
[OMPT][PERF] tid=413462 SIN eventos NUMA (solo IPC). Este hilo no podrá disparar migraciones.
    modo=6 mascaras por origen  primer errno: Invalid argument / Invalid argument
  → los eventos crudos son específicos de AMD Zen; en otra PMU no existen
  → con OMPT_MASCARAS=0 se vuelve al par 0xFF44/0xD044
[OMPT][PERF] tid=413478 SIN eventos NUMA (solo IPC). Este hilo no podrá disparar migraciones.
    modo=6 mascaras por origen  primer errno: Invalid argument / Invalid argument
  → los eventos crudos son específicos de AMD Zen; en otra PMU no existen
  → con OMPT_MASCARAS=0 se vuelve al par 0xFF44/0xD044
[OMPT][PERF] tid=413482 SIN eventos NUMA (solo IPC). Este hilo no podrá disparar migraciones.
    modo=6 mascaras por origen  primer errno: Invalid argument / Invalid argument
  → los eventos crudos son específicos de AMD Zen; en otra PMU no existen
  → con OMPT_MASCARAS=0 se vuelve al par 0xFF44/0xD044
[OMPT][PERF] tid=413460 SIN eventos NUMA (solo IPC). Este hilo no podrá disparar migraciones.
    modo=6 mascaras por origen  primer errno: Invalid argument / Invalid argument
  → los eventos crudos son específicos de AMD Zen; en otra PMU no existen
  → con OMPT_MASCARAS=0 se vuelve al par 0xFF44/0xD044
[OMPT][PERF] tid=413476 SIN eventos NUMA (solo IPC). Este hilo no podrá disparar migraciones.
    modo=6 mascaras por origen  primer errno: Invalid argument / Invalid argument
  → los eventos crudos son específicos de AMD Zen; en otra PMU no existen
  → con OMPT_MASCARAS=0 se vuelve al par 0xFF44/0xD044
[OMPT][PERF] tid=413486 SIN eventos NUMA (solo IPC). Este hilo no podrá disparar migraciones.
    modo=6 mascaras por origen  primer errno: Invalid argument / Invalid argument
  → los eventos crudos son específicos de AMD Zen; en otra PMU no existen
  → con OMPT_MASCARAS=0 se vuelve al par 0xFF44/0xD044
[OMPT][PERF] tid=413483 SIN eventos NUMA (solo IPC). Este hilo no podrá disparar migraciones.
    modo=6 mascaras por origen  primer errno: Invalid argument / Invalid argument
  → los eventos crudos son específicos de AMD Zen; en otra PMU no existen
  → con OMPT_MASCARAS=0 se vuelve al par 0xFF44/0xD044
[OMPT][PERF] tid=413480 SIN eventos NUMA (solo IPC). Este hilo no podrá disparar migraciones.
    modo=6 mascaras por origen  primer errno: Invalid argument / Invalid argument
  → los eventos crudos son específicos de AMD Zen; en otra PMU no existen
  → con OMPT_MASCARAS=0 se vuelve al par 0xFF44/0xD044
[OMPT][PERF] tid=413477 SIN eventos NUMA (solo IPC). Este hilo no podrá disparar migraciones.
    modo=6 mascaras por origen  primer errno: Invalid argument / Invalid argument
  → los eventos crudos son específicos de AMD Zen; en otra PMU no existen
  → con OMPT_MASCARAS=0 se vuelve al par 0xFF44/0xD044
[OMPT][PERF] tid=413470 SIN eventos NUMA (solo IPC). Este hilo no podrá disparar migraciones.
    modo=6 mascaras por origen  primer errno: Invalid argument / Invalid argument
  → los eventos crudos son específicos de AMD Zen; en otra PMU no existen
  → con OMPT_MASCARAS=0 se vuelve al par 0xFF44/0xD044
[OMPT][PERF] tid=413488 SIN eventos NUMA (solo IPC). Este hilo no podrá disparar migraciones.
    modo=6 mascaras por origen  primer errno: Invalid argument / Invalid argument
  → los eventos crudos son específicos de AMD Zen; en otra PMU no existen
  → con OMPT_MASCARAS=0 se vuelve al par 0xFF44/0xD044
[OMPT][PERF] tid=413485 SIN eventos NUMA (solo IPC). Este hilo no podrá disparar migraciones.
    modo=6 mascaras por origen  primer errno: Invalid argument / Invalid argument
  → los eventos crudos son específicos de AMD Zen; en otra PMU no existen
  → con OMPT_MASCARAS=0 se vuelve al par 0xFF44/0xD044
[OMPT][PERF] tid=413481 SIN eventos NUMA (solo IPC). Este hilo no podrá disparar migraciones.
    modo=6 mascaras por origen  primer errno: Invalid argument / Invalid argument
  → los eventos crudos son específicos de AMD Zen; en otra PMU no existen
  → con OMPT_MASCARAS=0 se vuelve al par 0xFF44/0xD044
[OMPT][PERF] tid=413456 SIN eventos NUMA (solo IPC). Este hilo no podrá disparar migraciones.
    modo=6 mascaras por origen  primer errno: Invalid argument / Invalid argument
  → los eventos crudos son específicos de AMD Zen; en otra PMU no existen
  → con OMPT_MASCARAS=0 se vuelve al par 0xFF44/0xD044
[OMPT][PERF] tid=413468 SIN eventos NUMA (solo IPC). Este hilo no podrá disparar migraciones.
    modo=6 mascaras por origen  primer errno: Invalid argument / Invalid argument
  → los eventos crudos son específicos de AMD Zen; en otra PMU no existen
  → con OMPT_MASCARAS=0 se vuelve al par 0xFF44/0xD044
[OMPT][PERF] tid=413457 SIN eventos NUMA (solo IPC). Este hilo no podrá disparar migraciones.
    modo=6 mascaras por origen  primer errno: Invalid argument / Invalid argument
  → los eventos crudos son específicos de AMD Zen; en otra PMU no existen
  → con OMPT_MASCARAS=0 se vuelve al par 0xFF44/0xD044
[OMPT][PERF] tid=413491 SIN eventos NUMA (solo IPC). Este hilo no podrá disparar migraciones.
    modo=6 mascaras por origen  primer errno: Invalid argument / Invalid argument
  → los eventos crudos son específicos de AMD Zen; en otra PMU no existen
  → con OMPT_MASCARAS=0 se vuelve al par 0xFF44/0xD044
[OMPT][PERF] tid=413475 SIN eventos NUMA (solo IPC). Este hilo no podrá disparar migraciones.
    modo=6 mascaras por origen  primer errno: Invalid argument / Invalid argument
  → los eventos crudos son específicos de AMD Zen; en otra PMU no existen
  → con OMPT_MASCARAS=0 se vuelve al par 0xFF44/0xD044
[OMPT][PERF] tid=413474 SIN eventos NUMA (solo IPC). Este hilo no podrá disparar migraciones.
    modo=6 mascaras por origen  primer errno: Invalid argument / Invalid argument
  → los eventos crudos son específicos de AMD Zen; en otra PMU no existen
  → con OMPT_MASCARAS=0 se vuelve al par 0xFF44/0xD044
[OMPT][PERF] tid=413453 SIN eventos NUMA (solo IPC). Este hilo no podrá disparar migraciones.
    modo=6 mascaras por origen  primer errno: Invalid argument / Invalid argument
  → los eventos crudos son específicos de AMD Zen; en otra PMU no existen
  → con OMPT_MASCARAS=0 se vuelve al par 0xFF44/0xD044
[OMPT][PERF] tid=413452 SIN eventos NUMA (solo IPC). Este hilo no podrá disparar migraciones.
    modo=6 mascaras por origen  primer errno: Invalid argument / Invalid argument
  → los eventos crudos son específicos de AMD Zen; en otra PMU no existen
  → con OMPT_MASCARAS=0 se vuelve al par 0xFF44/0xD044
[OMPT][PERF] tid=413465 SIN eventos NUMA (solo IPC). Este hilo no podrá disparar migraciones.
    modo=6 mascaras por origen  primer errno: Invalid argument / Invalid argument
  → los eventos crudos son específicos de AMD Zen; en otra PMU no existen
  → con OMPT_MASCARAS=0 se vuelve al par 0xFF44/0xD044
[OMPT][PERF] tid=413461 SIN eventos NUMA (solo IPC). Este hilo no podrá disparar migraciones.
    modo=6 mascaras por origen  primer errno: Invalid argument / Invalid argument
  → los eventos crudos son específicos de AMD Zen; en otra PMU no existen
  → con OMPT_MASCARAS=0 se vuelve al par 0xFF44/0xD044
[OMPT][PERF] tid=413463 SIN eventos NUMA (solo IPC). Este hilo no podrá disparar migraciones.
    modo=6 mascaras por origen  primer errno: Invalid argument / Invalid argument
  → los eventos crudos son específicos de AMD Zen; en otra PMU no existen
  → con OMPT_MASCARAS=0 se vuelve al par 0xFF44/0xD044
[OMPT][PERF] tid=413437 SIN eventos NUMA (solo IPC). Este hilo no podrá disparar migraciones.
    modo=6 mascaras por origen  primer errno: Invalid argument / Invalid argument
  → los eventos crudos son específicos de AMD Zen; en otra PMU no existen
  → con OMPT_MASCARAS=0 se vuelve al par 0xFF44/0xD044
[OMPT][PERF] tid=413490 SIN eventos NUMA (solo IPC). Este hilo no podrá disparar migraciones.
    modo=6 mascaras por origen  primer errno: Invalid argument / Invalid argument
  → los eventos crudos son específicos de AMD Zen; en otra PMU no existen
  → con OMPT_MASCARAS=0 se vuelve al par 0xFF44/0xD044
[OMPT][PERF] tid=413489 SIN eventos NUMA (solo IPC). Este hilo no podrá disparar migraciones.
    modo=6 mascaras por origen  primer errno: Invalid argument / Invalid argument
  → los eventos crudos son específicos de AMD Zen; en otra PMU no existen
  → con OMPT_MASCARAS=0 se vuelve al par 0xFF44/0xD044
[OMPT][PERF] tid=413440 SIN eventos NUMA (solo IPC). Este hilo no podrá disparar migraciones.
    modo=6 mascaras por origen  primer errno: Invalid argument / Invalid argument
  → los eventos crudos son específicos de AMD Zen; en otra PMU no existen
  → con OMPT_MASCARAS=0 se vuelve al par 0xFF44/0xD044
[OMPT][PERF] tid=413430 SIN eventos NUMA (solo IPC). Este hilo no podrá disparar migraciones.
    modo=6 mascaras por origen  primer errno: Invalid argument / Invalid argument
  → los eventos crudos son específicos de AMD Zen; en otra PMU no existen
  → con OMPT_MASCARAS=0 se vuelve al par 0xFF44/0xD044
[OMPT][PERF] tid=413473 SIN eventos NUMA (solo IPC). Este hilo no podrá disparar migraciones.
    modo=6 mascaras por origen  primer errno: Invalid argument / Invalid argument
  → los eventos crudos son específicos de AMD Zen; en otra PMU no existen
  → con OMPT_MASCARAS=0 se vuelve al par 0xFF44/0xD044
[OMPT][PERF] tid=413479 SIN eventos NUMA (solo IPC). Este hilo no podrá disparar migraciones.
    modo=6 mascaras por origen  primer errno: Invalid argument / Invalid argument
  → los eventos crudos son específicos de AMD Zen; en otra PMU no existen
  → con OMPT_MASCARAS=0 se vuelve al par 0xFF44/0xD044
[OMPT][PERF] tid=413484 SIN eventos NUMA (solo IPC). Este hilo no podrá disparar migraciones.
    modo=6 mascaras por origen  primer errno: Invalid argument / Invalid argument
  → los eventos crudos son específicos de AMD Zen; en otra PMU no existen
  → con OMPT_MASCARAS=0 se vuelve al par 0xFF44/0xD044
[OMPT][PERF] tid=413487 SIN eventos NUMA (solo IPC). Este hilo no podrá disparar migraciones.
    modo=6 mascaras por origen  primer errno: Invalid argument / Invalid argument
  → los eventos crudos son específicos de AMD Zen; en otra PMU no existen
  → con OMPT_MASCARAS=0 se vuelve al par 0xFF44/0xD044
[perf_region] tool OMPT detectado: los contadores los lleva el tool, no se abren aqui
[OMPT] control_tool: INICIANDO medicion
[OMPT] control_tool: PAUSANDO medicion
[OMPT] ompt_finalize
[OMPT][MON] Monitor detenido tras 2 ventanas
[OMPT] CSV de ventanas: 0 filas volcadas (0 descartadas)
[OMPT] ===== Tabla final: 128 hilos =====
[OMPT] tid=413363 ompt_id=281474976710657 tipo=ompt_thread_initial    last_cpu=255 numa=1 mig=0 fallos=0 perf=ipc_only ipc=0.415 ratio_rm=-1.0000
[OMPT] tid=413365 ompt_id=562949953421313 tipo=ompt_thread_worker     last_cpu= 10 numa=0 mig=0 fallos=0 perf=ipc_only ipc=0.471 ratio_rm=-1.0000
[OMPT] tid=413366 ompt_id=844424930131969 tipo=ompt_thread_worker     last_cpu=127 numa=1 mig=0 fallos=0 perf=ipc_only ipc=0.439 ratio_rm=-1.0000
[OMPT] tid=413368 ompt_id=1407374883553281 tipo=ompt_thread_worker     last_cpu=223 numa=1 mig=0 fallos=0 perf=ipc_only ipc=0.396 ratio_rm=-1.0000
[OMPT] tid=413369 ompt_id=1688849860263937 tipo=ompt_thread_worker     last_cpu= 96 numa=1 mig=0 fallos=0 perf=ipc_only ipc=0.588 ratio_rm=-1.0000
[OMPT] tid=413372 ompt_id=2533274790395905 tipo=ompt_thread_worker     last_cpu=  2 numa=0 mig=0 fallos=0 perf=ipc_only ipc=0.494 ratio_rm=-1.0000
[OMPT] tid=413371 ompt_id=2251799813685249 tipo=ompt_thread_worker     last_cpu=105 numa=1 mig=0 fallos=0 perf=ipc_only ipc=0.412 ratio_rm=-1.0000
[OMPT] tid=413375 ompt_id=2814749767106561 tipo=ompt_thread_worker     last_cpu=125 numa=1 mig=0 fallos=0 perf=ipc_only ipc=0.375 ratio_rm=-1.0000
[OMPT] tid=413373 ompt_id=3096224743817217 tipo=ompt_thread_worker     last_cpu=128 numa=0 mig=0 fallos=0 perf=ipc_only ipc=0.341 ratio_rm=-1.0000
[OMPT] tid=413379 ompt_id=4222124650659841 tipo=ompt_thread_worker     last_cpu=249 numa=1 mig=0 fallos=0 perf=ipc_only ipc=0.316 ratio_rm=-1.0000
[OMPT] tid=413381 ompt_id=5066549580791809 tipo=ompt_thread_worker     last_cpu=109 numa=1 mig=0 fallos=0 perf=ipc_only ipc=0.427 ratio_rm=-1.0000
[OMPT] tid=413376 ompt_id=3659174697238529 tipo=ompt_thread_worker     last_cpu=  7 numa=0 mig=0 fallos=0 perf=ipc_only ipc=0.445 ratio_rm=-1.0000
[OMPT] tid=413382 ompt_id=5348024557502465 tipo=ompt_thread_worker     last_cpu=129 numa=0 mig=0 fallos=0 perf=ipc_only ipc=0.353 ratio_rm=-1.0000
[OMPT] tid=413383 ompt_id=5629499534213121 tipo=ompt_thread_worker     last_cpu=107 numa=1 mig=0 fallos=0 perf=ipc_only ipc=0.422 ratio_rm=-1.0000
[OMPT] tid=413370 ompt_id=1970324836974593 tipo=ompt_thread_worker     last_cpu= 56 numa=0 mig=0 fallos=0 perf=ipc_only ipc=0.462 ratio_rm=-1.0000
[OMPT] tid=413385 ompt_id=6192449487634433 tipo=ompt_thread_worker     last_cpu=234 numa=1 mig=0 fallos=0 perf=ipc_only ipc=0.415 ratio_rm=-1.0000
[OMPT] tid=413386 ompt_id=6473924464345089 tipo=ompt_thread_worker     last_cpu=232 numa=1 mig=0 fallos=0 perf=ipc_only ipc=0.413 ratio_rm=-1.0000
[OMPT] tid=413387 ompt_id=6755399441055745 tipo=ompt_thread_worker     last_cpu=111 numa=1 mig=0 fallos=0 perf=ipc_only ipc=0.436 ratio_rm=-1.0000
[OMPT] tid=413388 ompt_id=7318349394477057 tipo=ompt_thread_worker     last_cpu= 16 numa=0 mig=0 fallos=0 perf=ipc_only ipc=0.458 ratio_rm=-1.0000
[OMPT] tid=413384 ompt_id=5910974510923777 tipo=ompt_thread_worker     last_cpu=106 numa=1 mig=0 fallos=0 perf=ipc_only ipc=0.412 ratio_rm=-1.0000
[OMPT] tid=413367 ompt_id=1125899906842625 tipo=ompt_thread_worker     last_cpu=248 numa=1 mig=0 fallos=0 perf=ipc_only ipc=0.402 ratio_rm=-1.0000
[OMPT] tid=413392 ompt_id=8162774324609025 tipo=ompt_thread_worker     last_cpu=104 numa=1 mig=0 fallos=0 perf=ipc_only ipc=0.425 ratio_rm=-1.0000
[OMPT] tid=413393 ompt_id=8444249301319681 tipo=ompt_thread_worker     last_cpu=110 numa=1 mig=0 fallos=0 perf=ipc_only ipc=0.428 ratio_rm=-1.0000
[OMPT] tid=413394 ompt_id=8725724278030337 tipo=ompt_thread_worker     last_cpu=233 numa=1 mig=0 fallos=0 perf=ipc_only ipc=0.424 ratio_rm=-1.0000
[OMPT] tid=413374 ompt_id=3377699720527873 tipo=ompt_thread_worker     last_cpu= 15 numa=0 mig=0 fallos=0 perf=ipc_only ipc=0.344 ratio_rm=-1.0000
[OMPT] tid=413390 ompt_id=7599824371187713 tipo=ompt_thread_worker     last_cpu= 18 numa=0 mig=0 fallos=0 perf=ipc_only ipc=0.467 ratio_rm=-1.0000
[OMPT] tid=413377 ompt_id=3940649673949185 tipo=ompt_thread_worker     last_cpu=123 numa=1 mig=0 fallos=0 perf=ipc_only ipc=0.396 ratio_rm=-1.0000
[OMPT] tid=413399 ompt_id=10133099161583617 tipo=ompt_thread_worker     last_cpu=122 numa=1 mig=0 fallos=0 perf=ipc_only ipc=0.395 ratio_rm=-1.0000
[OMPT] tid=413398 ompt_id=9851624184872961 tipo=ompt_thread_worker     last_cpu=194 numa=1 mig=0 fallos=0 perf=ipc_only ipc=0.507 ratio_rm=-1.0000
[OMPT] tid=413402 ompt_id=10977524091715585 tipo=ompt_thread_worker     last_cpu=254 numa=1 mig=0 fallos=0 perf=ipc_only ipc=0.290 ratio_rm=-1.0000
[OMPT] tid=413391 ompt_id=7881299347898369 tipo=ompt_thread_worker     last_cpu= 17 numa=0 mig=0 fallos=0 perf=ipc_only ipc=0.465 ratio_rm=-1.0000
[OMPT] tid=413403 ompt_id=11258999068426241 tipo=ompt_thread_worker     last_cpu=254 numa=1 mig=0 fallos=0 perf=ipc_only ipc=0.326 ratio_rm=-1.0000
[OMPT] tid=413401 ompt_id=10696049115004929 tipo=ompt_thread_worker     last_cpu= 11 numa=0 mig=0 fallos=0 perf=ipc_only ipc=0.447 ratio_rm=-1.0000
[OMPT] tid=413404 ompt_id=11540474045136897 tipo=ompt_thread_worker     last_cpu=  3 numa=0 mig=0 fallos=0 perf=ipc_only ipc=0.493 ratio_rm=-1.0000
[OMPT] tid=413407 ompt_id=12384898975268865 tipo=ompt_thread_worker     last_cpu=201 numa=1 mig=0 fallos=0 perf=ipc_only ipc=0.534 ratio_rm=-1.0000
[OMPT] tid=413380 ompt_id=4785074604081153 tipo=ompt_thread_worker     last_cpu=239 numa=1 mig=0 fallos=0 perf=ipc_only ipc=0.366 ratio_rm=-1.0000
[OMPT] tid=413406 ompt_id=12103423998558209 tipo=ompt_thread_worker     last_cpu=250 numa=1 mig=0 fallos=0 perf=ipc_only ipc=0.373 ratio_rm=-1.0000
[OMPT] tid=413400 ompt_id=10414574138294273 tipo=ompt_thread_worker     last_cpu=  5 numa=0 mig=0 fallos=0 perf=ipc_only ipc=0.452 ratio_rm=-1.0000
[OMPT] tid=413396 ompt_id=9288674231451649 tipo=ompt_thread_worker     last_cpu=134 numa=0 mig=0 fallos=0 perf=ipc_only ipc=0.345 ratio_rm=-1.0000
[OMPT] tid=413411 ompt_id=13510798882111489 tipo=ompt_thread_worker     last_cpu= 32 numa=0 mig=0 fallos=0 perf=ipc_only ipc=0.457 ratio_rm=-1.0000
[OMPT] tid=413408 ompt_id=12666373951979521 tipo=ompt_thread_worker     last_cpu=167 numa=0 mig=0 fallos=0 perf=ipc_only ipc=0.401 ratio_rm=-1.0000
[OMPT] tid=413405 ompt_id=11821949021847553 tipo=ompt_thread_worker     last_cpu= 76 numa=1 mig=0 fallos=0 perf=ipc_only ipc=0.527 ratio_rm=-1.0000
[OMPT] tid=413412 ompt_id=13792273858822145 tipo=ompt_thread_worker     last_cpu= 12 numa=0 mig=0 fallos=0 perf=ipc_only ipc=0.434 ratio_rm=-1.0000
[OMPT] tid=413413 ompt_id=14073748835532801 tipo=ompt_thread_worker     last_cpu=121 numa=1 mig=0 fallos=0 perf=ipc_only ipc=0.399 ratio_rm=-1.0000
[OMPT] tid=413410 ompt_id=13229323905400833 tipo=ompt_thread_worker     last_cpu= 33 numa=0 mig=0 fallos=0 perf=ipc_only ipc=0.446 ratio_rm=-1.0000
[OMPT] tid=413389 ompt_id=7036874417766401 tipo=ompt_thread_worker     last_cpu= 19 numa=0 mig=0 fallos=0 perf=ipc_only ipc=0.441 ratio_rm=-1.0000
[OMPT] tid=413414 ompt_id=14355223812243457 tipo=ompt_thread_worker     last_cpu=  6 numa=0 mig=0 fallos=0 perf=ipc_only ipc=0.341 ratio_rm=-1.0000
[OMPT] tid=413416 ompt_id=14918173765664769 tipo=ompt_thread_worker     last_cpu=253 numa=1 mig=0 fallos=0 perf=ipc_only ipc=0.141 ratio_rm=-1.0000
[OMPT] tid=413415 ompt_id=14636698788954113 tipo=ompt_thread_worker     last_cpu=206 numa=1 mig=0 fallos=0 perf=ipc_only ipc=0.548 ratio_rm=-1.0000
[OMPT] tid=413409 ompt_id=12947848928690177 tipo=ompt_thread_worker     last_cpu= 34 numa=0 mig=0 fallos=0 perf=ipc_only ipc=0.449 ratio_rm=-1.0000
[OMPT] tid=413423 ompt_id=16888498602639361 tipo=ompt_thread_worker     last_cpu= 67 numa=1 mig=0 fallos=0 perf=ipc_only ipc=0.586 ratio_rm=-1.0000
[OMPT] tid=413418 ompt_id=15481123719086081 tipo=ompt_thread_worker     last_cpu=  4 numa=0 mig=0 fallos=0 perf=ipc_only ipc=0.457 ratio_rm=-1.0000
[OMPT] tid=413424 ompt_id=17169973579350017 tipo=ompt_thread_worker     last_cpu= 14 numa=0 mig=0 fallos=0 perf=ipc_only ipc=0.434 ratio_rm=-1.0000
[OMPT] tid=413417 ompt_id=15199648742375425 tipo=ompt_thread_worker     last_cpu=253 numa=1 mig=0 fallos=0 perf=ipc_only ipc=0.540 ratio_rm=-1.0000
[OMPT] tid=413426 ompt_id=17732923532771329 tipo=ompt_thread_worker     last_cpu=151 numa=0 mig=0 fallos=0 perf=ipc_only ipc=0.348 ratio_rm=-1.0000
[OMPT] tid=413428 ompt_id=18295873486192641 tipo=ompt_thread_worker     last_cpu=242 numa=1 mig=0 fallos=0 perf=ipc_only ipc=0.498 ratio_rm=-1.0000
[OMPT] tid=413427 ompt_id=18014398509481985 tipo=ompt_thread_worker     last_cpu=124 numa=1 mig=0 fallos=0 perf=ipc_only ipc=0.399 ratio_rm=-1.0000
[OMPT] tid=413378 ompt_id=4503599627370497 tipo=ompt_thread_worker     last_cpu= 13 numa=0 mig=0 fallos=0 perf=ipc_only ipc=0.424 ratio_rm=-1.0000
[OMPT] tid=413432 ompt_id=19421773393035265 tipo=ompt_thread_worker     last_cpu=120 numa=1 mig=0 fallos=0 perf=ipc_only ipc=0.399 ratio_rm=-1.0000
[OMPT] tid=413420 ompt_id=16044073672507393 tipo=ompt_thread_worker     last_cpu=249 numa=1 mig=0 fallos=0 perf=ipc_only ipc=0.309 ratio_rm=-1.0000
[OMPT] tid=413397 ompt_id=9570149208162305 tipo=ompt_thread_worker     last_cpu= 68 numa=1 mig=0 fallos=0 perf=ipc_only ipc=0.502 ratio_rm=-1.0000
[OMPT] tid=413421 ompt_id=16325548649218049 tipo=ompt_thread_worker     last_cpu=115 numa=1 mig=0 fallos=0 perf=ipc_only ipc=0.619 ratio_rm=-1.0000
[OMPT] tid=413436 ompt_id=20547673299877889 tipo=ompt_thread_worker     last_cpu=189 numa=0 mig=0 fallos=0 perf=ipc_only ipc=0.405 ratio_rm=-1.0000
[OMPT] tid=413438 ompt_id=21110623253299201 tipo=ompt_thread_worker     last_cpu= 57 numa=0 mig=0 fallos=0 perf=ipc_only ipc=0.467 ratio_rm=-1.0000
[OMPT] tid=413431 ompt_id=19140298416324609 tipo=ompt_thread_worker     last_cpu=175 numa=0 mig=0 fallos=0 perf=ipc_only ipc=0.449 ratio_rm=-1.0000
[OMPT] tid=413419 ompt_id=15762598695796737 tipo=ompt_thread_worker     last_cpu=237 numa=1 mig=0 fallos=0 perf=ipc_only ipc=0.420 ratio_rm=-1.0000
[OMPT] tid=413444 ompt_id=22799473113563137 tipo=ompt_thread_worker     last_cpu=222 numa=1 mig=0 fallos=0 perf=ipc_only ipc=0.403 ratio_rm=-1.0000
[OMPT] tid=413422 ompt_id=16607023625928705 tipo=ompt_thread_worker     last_cpu= 60 numa=0 mig=0 fallos=0 perf=ipc_only ipc=0.562 ratio_rm=-1.0000
[OMPT] tid=413447 ompt_id=23643898043695105 tipo=ompt_thread_worker     last_cpu= 89 numa=1 mig=0 fallos=0 perf=ipc_only ipc=0.379 ratio_rm=-1.0000
[OMPT] tid=413443 ompt_id=22517998136852481 tipo=ompt_thread_worker     last_cpu= 21 numa=0 mig=0 fallos=0 perf=ipc_only ipc=0.330 ratio_rm=-1.0000
[OMPT] tid=413449 ompt_id=24206847997116417 tipo=ompt_thread_worker     last_cpu=217 numa=1 mig=0 fallos=0 perf=ipc_only ipc=0.379 ratio_rm=-1.0000
[OMPT] tid=413448 ompt_id=23925373020405761 tipo=ompt_thread_worker     last_cpu= 88 numa=1 mig=0 fallos=0 perf=ipc_only ipc=0.484 ratio_rm=-1.0000
[OMPT] tid=413425 ompt_id=17451448556060673 tipo=ompt_thread_worker     last_cpu=  8 numa=0 mig=0 fallos=0 perf=ipc_only ipc=0.484 ratio_rm=-1.0000
[OMPT] tid=413446 ompt_id=23362423066984449 tipo=ompt_thread_worker     last_cpu= 90 numa=1 mig=0 fallos=0 perf=ipc_only ipc=0.506 ratio_rm=-1.0000
[OMPT] tid=413450 ompt_id=24488322973827073 tipo=ompt_thread_worker     last_cpu= 93 numa=1 mig=0 fallos=0 perf=ipc_only ipc=0.465 ratio_rm=-1.0000
[OMPT] tid=413434 ompt_id=19984723346456577 tipo=ompt_thread_worker     last_cpu=236 numa=1 mig=0 fallos=0 perf=ipc_only ipc=0.422 ratio_rm=-1.0000
[OMPT] tid=413455 ompt_id=25895697857380353 tipo=ompt_thread_worker     last_cpu=235 numa=1 mig=0 fallos=0 perf=ipc_only ipc=0.412 ratio_rm=-1.0000
[OMPT] tid=413433 ompt_id=19703248369745921 tipo=ompt_thread_worker     last_cpu= 72 numa=1 mig=0 fallos=0 perf=ipc_only ipc=0.553 ratio_rm=-1.0000
[OMPT] tid=413435 ompt_id=20266198323167233 tipo=ompt_thread_worker     last_cpu=166 numa=0 mig=0 fallos=0 perf=ipc_only ipc=0.410 ratio_rm=-1.0000
[OMPT] tid=413451 ompt_id=24769797950537729 tipo=ompt_thread_worker     last_cpu= 92 numa=1 mig=0 fallos=0 perf=ipc_only ipc=0.497 ratio_rm=-1.0000
[OMPT] tid=413459 ompt_id=27021597764222977 tipo=ompt_thread_worker     last_cpu= 64 numa=1 mig=0 fallos=0 perf=ipc_only ipc=0.520 ratio_rm=-1.0000
[OMPT] tid=413441 ompt_id=21955048183431169 tipo=ompt_thread_worker     last_cpu=149 numa=0 mig=0 fallos=0 perf=ipc_only ipc=0.323 ratio_rm=-1.0000
[OMPT] tid=413454 ompt_id=25614222880669697 tipo=ompt_thread_worker     last_cpu= 58 numa=0 mig=0 fallos=0 perf=ipc_only ipc=0.473 ratio_rm=-1.0000
[OMPT] tid=413439 ompt_id=21392098230009857 tipo=ompt_thread_worker     last_cpu=190 numa=0 mig=0 fallos=0 perf=ipc_only ipc=0.417 ratio_rm=-1.0000
[OMPT] tid=413458 ompt_id=26740122787512321 tipo=ompt_thread_worker     last_cpu= 65 numa=1 mig=0 fallos=0 perf=ipc_only ipc=0.522 ratio_rm=-1.0000
[OMPT] tid=413467 ompt_id=29273397577908225 tipo=ompt_thread_worker     last_cpu= 95 numa=1 mig=0 fallos=0 perf=ipc_only ipc=0.404 ratio_rm=-1.0000
[OMPT] tid=413469 ompt_id=29836347531329537 tipo=ompt_thread_worker     last_cpu= 82 numa=1 mig=0 fallos=0 perf=ipc_only ipc=0.595 ratio_rm=-1.0000
[OMPT] tid=413442 ompt_id=22236523160141825 tipo=ompt_thread_worker     last_cpu= 22 numa=0 mig=0 fallos=0 perf=ipc_only ipc=0.417 ratio_rm=-1.0000
[OMPT] tid=413395 ompt_id=9007199254740993 tipo=ompt_thread_worker     last_cpu=108 numa=1 mig=0 fallos=0 perf=ipc_only ipc=0.430 ratio_rm=-1.0000
[OMPT] tid=413445 ompt_id=23080948090273793 tipo=ompt_thread_worker     last_cpu= 91 numa=1 mig=0 fallos=0 perf=ipc_only ipc=0.480 ratio_rm=-1.0000
[OMPT] tid=413472 ompt_id=30680772461461505 tipo=ompt_thread_worker     last_cpu=112 numa=1 mig=0 fallos=0 perf=ipc_only ipc=0.522 ratio_rm=-1.0000
[OMPT] tid=413464 ompt_id=28428972647776257 tipo=ompt_thread_worker     last_cpu= 24 numa=0 mig=0 fallos=0 perf=ipc_only ipc=0.281 ratio_rm=-1.0000
[OMPT] tid=413471 ompt_id=30399297484750849 tipo=ompt_thread_worker     last_cpu= 80 numa=1 mig=0 fallos=0 perf=ipc_only ipc=0.595 ratio_rm=-1.0000
[OMPT] tid=413466 ompt_id=28991922601197569 tipo=ompt_thread_worker     last_cpu=251 numa=1 mig=0 fallos=0 perf=ipc_only ipc=0.475 ratio_rm=-1.0000
[OMPT] tid=413429 ompt_id=18577348462903297 tipo=ompt_thread_worker     last_cpu=117 numa=1 mig=0 fallos=0 perf=ipc_only ipc=0.486 ratio_rm=-1.0000
[OMPT] tid=413462 ompt_id=27866022694354945 tipo=ompt_thread_worker     last_cpu=113 numa=1 mig=0 fallos=0 perf=ipc_only ipc=0.525 ratio_rm=-1.0000
[OMPT] tid=413478 ompt_id=32369622321725441 tipo=ompt_thread_worker     last_cpu= 23 numa=0 mig=0 fallos=0 perf=ipc_only ipc=0.300 ratio_rm=-1.0000
[OMPT] tid=413482 ompt_id=33495522228568065 tipo=ompt_thread_worker     last_cpu= 41 numa=0 mig=0 fallos=0 perf=ipc_only ipc=0.507 ratio_rm=-1.0000
[OMPT] tid=413460 ompt_id=27303072740933633 tipo=ompt_thread_worker     last_cpu=246 numa=1 mig=0 fallos=0 perf=ipc_only ipc=0.512 ratio_rm=-1.0000
[OMPT] tid=413476 ompt_id=31806672368304129 tipo=ompt_thread_worker     last_cpu=  9 numa=0 mig=0 fallos=0 perf=ipc_only ipc=0.511 ratio_rm=-1.0000
[OMPT] tid=413486 ompt_id=34621422135410689 tipo=ompt_thread_worker     last_cpu= 35 numa=0 mig=0 fallos=0 perf=ipc_only ipc=0.413 ratio_rm=-1.0000
[OMPT] tid=413483 ompt_id=33776997205278721 tipo=ompt_thread_worker     last_cpu= 40 numa=0 mig=0 fallos=0 perf=ipc_only ipc=0.505 ratio_rm=-1.0000
[OMPT] tid=413480 ompt_id=32932572275146753 tipo=ompt_thread_worker     last_cpu=174 numa=0 mig=0 fallos=0 perf=ipc_only ipc=0.455 ratio_rm=-1.0000
[OMPT] tid=413477 ompt_id=32088147345014785 tipo=ompt_thread_worker     last_cpu=126 numa=1 mig=0 fallos=0 perf=ipc_only ipc=0.382 ratio_rm=-1.0000
[OMPT] tid=413470 ompt_id=30117822508040193 tipo=ompt_thread_worker     last_cpu= 81 numa=1 mig=0 fallos=0 perf=ipc_only ipc=0.596 ratio_rm=-1.0000
[OMPT] tid=413488 ompt_id=35184372088832001 tipo=ompt_thread_worker     last_cpu=247 numa=1 mig=0 fallos=0 perf=ipc_only ipc=0.505 ratio_rm=-1.0000
[OMPT] tid=413485 ompt_id=34339947158700033 tipo=ompt_thread_worker     last_cpu= 94 numa=1 mig=0 fallos=0 perf=ipc_only ipc=0.403 ratio_rm=-1.0000
[OMPT] tid=413481 ompt_id=33214047251857409 tipo=ompt_thread_worker     last_cpu=199 numa=1 mig=0 fallos=0 perf=ipc_only ipc=0.505 ratio_rm=-1.0000
[OMPT] tid=413456 ompt_id=26177172834091009 tipo=ompt_thread_worker     last_cpu=198 numa=1 mig=0 fallos=0 perf=ipc_only ipc=0.509 ratio_rm=-1.0000
[OMPT] tid=413468 ompt_id=29554872554618881 tipo=ompt_thread_worker     last_cpu=214 numa=1 mig=0 fallos=0 perf=ipc_only ipc=0.592 ratio_rm=-1.0000
[OMPT] tid=413457 ompt_id=26458647810801665 tipo=ompt_thread_worker     last_cpu=215 numa=1 mig=0 fallos=0 perf=ipc_only ipc=0.590 ratio_rm=-1.0000
[OMPT] tid=413491 ompt_id=36028797018963969 tipo=ompt_thread_worker     last_cpu=143 numa=0 mig=0 fallos=0 perf=ipc_only ipc=0.373 ratio_rm=-1.0000
[OMPT] tid=413475 ompt_id=31525197391593473 tipo=ompt_thread_worker     last_cpu=  0 numa=0 mig=0 fallos=0 perf=ipc_only ipc=0.346 ratio_rm=-1.0000
[OMPT] tid=413474 ompt_id=31243722414882817 tipo=ompt_thread_worker     last_cpu=  1 numa=0 mig=0 fallos=0 perf=ipc_only ipc=0.344 ratio_rm=-1.0000
[OMPT] tid=413453 ompt_id=25332747903959041 tipo=ompt_thread_worker     last_cpu= 59 numa=0 mig=0 fallos=0 perf=ipc_only ipc=0.442 ratio_rm=-1.0000
[OMPT] tid=413452 ompt_id=25051272927248385 tipo=ompt_thread_worker     last_cpu=191 numa=0 mig=0 fallos=0 perf=ipc_only ipc=0.408 ratio_rm=-1.0000
[OMPT] tid=413465 ompt_id=28710447624486913 tipo=ompt_thread_worker     last_cpu= 74 numa=1 mig=0 fallos=0 perf=ipc_only ipc=0.588 ratio_rm=-1.0000
[OMPT] tid=413461 ompt_id=27584547717644289 tipo=ompt_thread_worker     last_cpu=207 numa=1 mig=0 fallos=0 perf=ipc_only ipc=0.548 ratio_rm=-1.0000
[OMPT] tid=413463 ompt_id=28147497671065601 tipo=ompt_thread_worker     last_cpu=158 numa=0 mig=0 fallos=0 perf=ipc_only ipc=0.540 ratio_rm=-1.0000
[OMPT] tid=413437 ompt_id=20829148276588545 tipo=ompt_thread_worker     last_cpu=159 numa=0 mig=0 fallos=0 perf=ipc_only ipc=0.509 ratio_rm=-1.0000
[OMPT] tid=413490 ompt_id=35747322042253313 tipo=ompt_thread_worker     last_cpu=230 numa=1 mig=0 fallos=0 perf=ipc_only ipc=0.586 ratio_rm=-1.0000
[OMPT] tid=413489 ompt_id=35465847065542657 tipo=ompt_thread_worker     last_cpu=231 numa=1 mig=0 fallos=0 perf=ipc_only ipc=0.587 ratio_rm=-1.0000
[OMPT] tid=413440 ompt_id=21673573206720513 tipo=ompt_thread_worker     last_cpu= 20 numa=0 mig=0 fallos=0 perf=ipc_only ipc=0.422 ratio_rm=-1.0000
[OMPT] tid=413430 ompt_id=18858823439613953 tipo=ompt_thread_worker     last_cpu=183 numa=0 mig=0 fallos=0 perf=ipc_only ipc=0.556 ratio_rm=-1.0000
[OMPT] tid=413473 ompt_id=30962247438172161 tipo=ompt_thread_worker     last_cpu=182 numa=0 mig=0 fallos=0 perf=ipc_only ipc=0.563 ratio_rm=-1.0000
[OMPT] tid=413479 ompt_id=32651097298436097 tipo=ompt_thread_worker     last_cpu=252 numa=1 mig=0 fallos=0 perf=ipc_only ipc=0.399 ratio_rm=-1.0000
[OMPT] tid=413484 ompt_id=34058472181989377 tipo=ompt_thread_worker     last_cpu=165 numa=0 mig=0 fallos=0 perf=ipc_only ipc=0.395 ratio_rm=-1.0000
[OMPT] tid=413487 ompt_id=34902897112121345 tipo=ompt_thread_worker     last_cpu=238 numa=1 mig=0 fallos=0 perf=ipc_only ipc=0.422 ratio_rm=-1.0000
[OMPT] ===== Overhead intrínseco =====
  monitor: 2 ticks, 2785.6 us total (max 2783.9 us/tick)
  callbacks implicit_task: 20225, 7714621.0 us total
  migraciones: 0 (0.0 us total)
  resyncs=0  lecturas escaladas por multiplexado=0
  hilos con perf fallido=0  parcial(ipc_only)=128
  ventanas con ciclos=0  con fills=0
