[OMPT] ompt_initialize (OPCIÓN C: integrador con fugas)  verbose=0  migracion=activa
[HWLOC] Nodos NUMA detectados: 2 (usados: 2)
[HWLOC] Nodo 0: 128 CPUs
[HWLOC] Nodo 1: 128 CPUs
[OMPT] callback 'ompt_callback_thread_begin' registrado (result=5)
[OMPT] callback 'ompt_callback_thread_end' registrado (result=5)
[OMPT] callback 'ompt_callback_parallel_begin' registrado (result=5)
[OMPT] callback 'ompt_callback_parallel_end' registrado (result=5)
[OMPT] callback 'ompt_callback_implicit_task' registrado (result=5)
[OMPT] callback 'ompt_callback_control_tool' registrado (result=5)
[OMPT] Callbacks registrados
[OMPT] Sistema: 0 procesadores lógicos
[OMPT][MON] Monitor (C: integrador con fugas)  período=100ms  warmup=5  T=ref+1.00*MAD  leak=0.50*MAD  cap=8.00*MAD  max_mig=1  migracion=activa
[perf_region] tool OMPT detectado: los contadores los lleva el tool, no se abren aqui
[OMPT] control_tool: INICIANDO medicion
[OMPT] control_tool: PAUSANDO medicion
[OMPT] ompt_finalize
[OMPT][MON] Monitor detenido tras 1 ventanas
[OMPT] CSV de ventanas: 0 filas volcadas (0 descartadas)
[OMPT] ===== Tabla final: 32 hilos =====
[OMPT] tid=625427 ompt_id=281474976710657 tipo=ompt_thread_initial    last_cpu=255 numa=1 mig=0 fallos=0 perf=full ipc=0.530 ratio_rm=0.0025
[OMPT] tid=625429 ompt_id=562949953421313 tipo=ompt_thread_worker     last_cpu=199 numa=1 mig=0 fallos=0 perf=full ipc=0.665 ratio_rm=0.0157
[OMPT] tid=625430 ompt_id=844424930131969 tipo=ompt_thread_worker     last_cpu=122 numa=1 mig=0 fallos=0 perf=full ipc=0.635 ratio_rm=0.0061
[OMPT] tid=625431 ompt_id=1125899906842625 tipo=ompt_thread_worker     last_cpu=121 numa=1 mig=0 fallos=0 perf=full ipc=0.796 ratio_rm=0.0040
[OMPT] tid=625432 ompt_id=1407374883553281 tipo=ompt_thread_worker     last_cpu=120 numa=1 mig=0 fallos=0 perf=full ipc=0.750 ratio_rm=0.0030
[OMPT] tid=625433 ompt_id=1688849860263937 tipo=ompt_thread_worker     last_cpu=125 numa=1 mig=0 fallos=0 perf=full ipc=0.582 ratio_rm=0.0022
[OMPT] tid=625434 ompt_id=1970324836974593 tipo=ompt_thread_worker     last_cpu=124 numa=1 mig=0 fallos=0 perf=full ipc=0.579 ratio_rm=0.0036
[OMPT] tid=625435 ompt_id=2251799813685249 tipo=ompt_thread_worker     last_cpu=123 numa=1 mig=0 fallos=0 perf=full ipc=0.607 ratio_rm=0.0038
[OMPT] tid=625436 ompt_id=2533274790395905 tipo=ompt_thread_worker     last_cpu=  0 numa=0 mig=0 fallos=0 perf=full ipc=0.650 ratio_rm=0.0119
[OMPT] tid=625437 ompt_id=2814749767106561 tipo=ompt_thread_worker     last_cpu=207 numa=1 mig=0 fallos=0 perf=full ipc=0.657 ratio_rm=0.0197
[OMPT] tid=625440 ompt_id=3659174697238529 tipo=ompt_thread_worker     last_cpu=215 numa=1 mig=0 fallos=0 perf=full ipc=0.712 ratio_rm=0.0191
[OMPT] tid=625439 ompt_id=3377699720527873 tipo=ompt_thread_worker     last_cpu=  2 numa=0 mig=0 fallos=0 perf=full ipc=0.627 ratio_rm=0.0083
[OMPT] tid=625438 ompt_id=3096224743817217 tipo=ompt_thread_worker     last_cpu=191 numa=0 mig=0 fallos=0 perf=full ipc=0.586 ratio_rm=0.0097
[OMPT] tid=625442 ompt_id=4222124650659841 tipo=ompt_thread_worker     last_cpu=231 numa=1 mig=0 fallos=0 perf=full ipc=0.717 ratio_rm=0.0180
[OMPT] tid=625441 ompt_id=3940649673949185 tipo=ompt_thread_worker     last_cpu=  1 numa=0 mig=0 fallos=0 perf=full ipc=0.631 ratio_rm=0.0121
[OMPT] tid=625443 ompt_id=4503599627370497 tipo=ompt_thread_worker     last_cpu=247 numa=1 mig=0 fallos=0 perf=full ipc=0.677 ratio_rm=0.0176
[OMPT] tid=625444 ompt_id=4785074604081153 tipo=ompt_thread_worker     last_cpu=223 numa=1 mig=0 fallos=0 perf=full ipc=0.457 ratio_rm=0.0022
[OMPT] tid=625445 ompt_id=5066549580791809 tipo=ompt_thread_worker     last_cpu= 93 numa=1 mig=0 fallos=0 perf=full ipc=0.465 ratio_rm=0.0019
[OMPT] tid=625446 ompt_id=5348024557502465 tipo=ompt_thread_worker     last_cpu= 92 numa=1 mig=0 fallos=0 perf=full ipc=0.435 ratio_rm=0.0021
[OMPT] tid=625447 ompt_id=5629499534213121 tipo=ompt_thread_worker     last_cpu= 91 numa=1 mig=0 fallos=0 perf=full ipc=0.433 ratio_rm=0.0026
[OMPT] tid=625448 ompt_id=5910974510923777 tipo=ompt_thread_worker     last_cpu= 90 numa=1 mig=0 fallos=0 perf=full ipc=0.458 ratio_rm=0.0022
[OMPT] tid=625449 ompt_id=6192449487634433 tipo=ompt_thread_worker     last_cpu=217 numa=1 mig=0 fallos=0 perf=full ipc=0.456 ratio_rm=0.0025
[OMPT] tid=625450 ompt_id=6473924464345089 tipo=ompt_thread_worker     last_cpu=216 numa=1 mig=0 fallos=0 perf=full ipc=0.447 ratio_rm=0.0024
[OMPT] tid=625451 ompt_id=6755399441055745 tipo=ompt_thread_worker     last_cpu=219 numa=1 mig=0 fallos=0 perf=full ipc=0.439 ratio_rm=0.0020
[OMPT] tid=625452 ompt_id=7036874417766401 tipo=ompt_thread_worker     last_cpu= 89 numa=1 mig=0 fallos=0 perf=full ipc=0.457 ratio_rm=0.0027
[OMPT] tid=625453 ompt_id=7318349394477057 tipo=ompt_thread_worker     last_cpu= 95 numa=1 mig=0 fallos=0 perf=full ipc=0.486 ratio_rm=0.0018
[OMPT] tid=625454 ompt_id=7599824371187713 tipo=ompt_thread_worker     last_cpu=218 numa=1 mig=0 fallos=0 perf=full ipc=0.427 ratio_rm=0.0024
[OMPT] tid=625455 ompt_id=7881299347898369 tipo=ompt_thread_worker     last_cpu= 94 numa=1 mig=0 fallos=0 perf=full ipc=0.549 ratio_rm=0.0036
[OMPT] tid=625456 ompt_id=8162774324609025 tipo=ompt_thread_worker     last_cpu= 88 numa=1 mig=0 fallos=0 perf=full ipc=0.432 ratio_rm=0.0027
[OMPT] tid=625457 ompt_id=8444249301319681 tipo=ompt_thread_worker     last_cpu=221 numa=1 mig=0 fallos=0 perf=full ipc=0.463 ratio_rm=0.0021
[OMPT] tid=625458 ompt_id=8725724278030337 tipo=ompt_thread_worker     last_cpu=220 numa=1 mig=0 fallos=0 perf=full ipc=0.445 ratio_rm=0.0030
[OMPT] tid=625459 ompt_id=9007199254740993 tipo=ompt_thread_worker     last_cpu=236 numa=1 mig=0 fallos=0 perf=full ipc=0.656 ratio_rm=0.0198
[OMPT] ===== Overhead intrínseco =====
  monitor: 1 ticks, 8.2 us total (max 8.2 us/tick)
  callbacks implicit_task: 5057, 235585.7 us total
  migraciones: 0 (0.0 us total)
  resyncs=0  lecturas escaladas por multiplexado=128
  hilos con perf fallido=0  parcial(ipc_only)=0
  ventanas con ciclos=0  con fills=0
