[OMPT] ompt_initialize (OPCIÓN C: integrador con fugas)  verbose=0  migracion=activa
[HWLOC] Nodos NUMA detectados: 2 (usados: 2)
[HWLOC] Nodo 0: 128 CPUs
[HWLOC] Nodo 1: 128 CPUs
[OMPT] callback 'ompt_callback_thread_begin' registrado (result=5)
[OMPT] callback 'ompt_callback_thread_end' registrado (result=5)
[OMPT] callback 'ompt_callback_parallel_begin' registrado (result=5)
[OMPT] callback 'ompt_callback_parallel_end' registrado (result=5)
[OMPT] callback 'ompt_callback_implicit_task' registrado (result=5)
[OMPT] callback 'ompt_callback_control_tool' registrado (result=5)
[OMPT] Callbacks registrados
[OMPT] Sistema: 0 procesadores lógicos
[OMPT][MON] Monitor (C: integrador con fugas)  período=100ms  warmup=5  T=ref+1.00*MAD  leak=0.50*MAD  cap=8.00*MAD  max_mig=1  migracion=activa
[perf_region] tool OMPT detectado: los contadores los lleva el tool, no se abren aqui
[OMPT] control_tool: INICIANDO medicion
[OMPT] control_tool: PAUSANDO medicion
[OMPT] ompt_finalize
[OMPT][MON] Monitor detenido tras 6 ventanas
[OMPT] CSV de ventanas: 512 filas volcadas (0 descartadas)
[OMPT] ===== Tabla final: 256 hilos =====
[OMPT] tid=652185 ompt_id=281474976710657 tipo=ompt_thread_initial    last_cpu=163 numa=0 mig=0 fallos=0 perf=full ipc=0.345 ratio_rm=0.0175
[OMPT] tid=652187 ompt_id=562949953421313 tipo=ompt_thread_worker     last_cpu=231 numa=1 mig=0 fallos=0 perf=full ipc=0.218 ratio_rm=0.0124
[OMPT] tid=652188 ompt_id=844424930131969 tipo=ompt_thread_worker     last_cpu=104 numa=1 mig=0 fallos=0 perf=full ipc=0.240 ratio_rm=0.0117
[OMPT] tid=652189 ompt_id=1125899906842625 tipo=ompt_thread_worker     last_cpu=119 numa=1 mig=0 fallos=0 perf=full ipc=0.303 ratio_rm=0.0086
[OMPT] tid=652190 ompt_id=1407374883553281 tipo=ompt_thread_worker     last_cpu=  0 numa=0 mig=0 fallos=0 perf=full ipc=0.340 ratio_rm=0.0026
[OMPT] tid=652191 ompt_id=1688849860263937 tipo=ompt_thread_worker     last_cpu=  8 numa=0 mig=0 fallos=0 perf=full ipc=0.348 ratio_rm=0.0021
[OMPT] tid=652192 ompt_id=1970324836974593 tipo=ompt_thread_worker     last_cpu= 17 numa=0 mig=0 fallos=0 perf=full ipc=0.337 ratio_rm=0.0020
[OMPT] tid=652193 ompt_id=2251799813685249 tipo=ompt_thread_worker     last_cpu=129 numa=0 mig=0 fallos=0 perf=full ipc=0.357 ratio_rm=0.0019
[OMPT] tid=652194 ompt_id=2533274790395905 tipo=ompt_thread_worker     last_cpu= 73 numa=1 mig=0 fallos=0 perf=full ipc=0.289 ratio_rm=0.0093
[OMPT] tid=652195 ompt_id=2814749767106561 tipo=ompt_thread_worker     last_cpu=215 numa=1 mig=0 fallos=0 perf=full ipc=0.304 ratio_rm=0.0097
[OMPT] tid=652196 ompt_id=3096224743817217 tipo=ompt_thread_worker     last_cpu=161 numa=0 mig=0 fallos=0 perf=full ipc=0.342 ratio_rm=0.0020
[OMPT] tid=652197 ompt_id=3377699720527873 tipo=ompt_thread_worker     last_cpu=166 numa=0 mig=0 fallos=0 perf=full ipc=0.379 ratio_rm=0.0016
[OMPT] tid=652198 ompt_id=3659174697238529 tipo=ompt_thread_worker     last_cpu=255 numa=1 mig=0 fallos=0 perf=full ipc=0.265 ratio_rm=0.0064
[OMPT] tid=652199 ompt_id=3940649673949185 tipo=ompt_thread_worker     last_cpu=112 numa=1 mig=0 fallos=0 perf=full ipc=0.289 ratio_rm=0.0073
[OMPT] tid=652200 ompt_id=4222124650659841 tipo=ompt_thread_worker     last_cpu= 64 numa=1 mig=0 fallos=0 perf=full ipc=0.295 ratio_rm=0.0054
[OMPT] tid=652201 ompt_id=4503599627370497 tipo=ompt_thread_worker     last_cpu= 18 numa=0 mig=0 fallos=0 perf=full ipc=0.324 ratio_rm=0.0023
[OMPT] tid=652202 ompt_id=4785074604081153 tipo=ompt_thread_worker     last_cpu= 41 numa=0 mig=0 fallos=0 perf=full ipc=0.350 ratio_rm=0.0026
[OMPT] tid=652203 ompt_id=5066549580791809 tipo=ompt_thread_worker     last_cpu= 80 numa=1 mig=0 fallos=0 perf=full ipc=0.285 ratio_rm=0.0102
[OMPT] tid=652204 ompt_id=5348024557502465 tipo=ompt_thread_worker     last_cpu= 35 numa=0 mig=0 fallos=0 perf=full ipc=0.360 ratio_rm=0.0018
[OMPT] tid=652205 ompt_id=5629499534213121 tipo=ompt_thread_worker     last_cpu=102 numa=1 mig=0 fallos=0 perf=full ipc=0.225 ratio_rm=0.0102
[OMPT] tid=652206 ompt_id=5910974510923777 tipo=ompt_thread_worker     last_cpu=227 numa=1 mig=0 fallos=0 perf=full ipc=0.253 ratio_rm=0.0069
[OMPT] tid=652207 ompt_id=6192449487634433 tipo=ompt_thread_worker     last_cpu= 99 numa=1 mig=0 fallos=0 perf=full ipc=0.250 ratio_rm=0.0060
[OMPT] tid=652208 ompt_id=6473924464345089 tipo=ompt_thread_worker     last_cpu= 98 numa=1 mig=0 fallos=0 perf=full ipc=0.255 ratio_rm=0.0079
[OMPT] tid=652209 ompt_id=6755399441055745 tipo=ompt_thread_worker     last_cpu= 97 numa=1 mig=0 fallos=0 perf=full ipc=0.261 ratio_rm=0.0089
[OMPT] tid=652210 ompt_id=7036874417766401 tipo=ompt_thread_worker     last_cpu= 11 numa=0 mig=0 fallos=0 perf=full ipc=0.353 ratio_rm=0.0019
[OMPT] tid=652211 ompt_id=7318349394477057 tipo=ompt_thread_worker     last_cpu=167 numa=0 mig=0 fallos=0 perf=full ipc=0.362 ratio_rm=0.0017
[OMPT] tid=652212 ompt_id=7599824371187713 tipo=ompt_thread_worker     last_cpu= 16 numa=0 mig=0 fallos=0 perf=full ipc=0.329 ratio_rm=0.0028
[OMPT] tid=652213 ompt_id=7881299347898369 tipo=ompt_thread_worker     last_cpu= 13 numa=0 mig=0 fallos=0 perf=full ipc=0.352 ratio_rm=0.0018
[OMPT] tid=652214 ompt_id=8162774324609025 tipo=ompt_thread_worker     last_cpu=121 numa=1 mig=0 fallos=0 perf=full ipc=0.294 ratio_rm=0.0089
[OMPT] tid=652215 ompt_id=8444249301319681 tipo=ompt_thread_worker     last_cpu= 88 numa=1 mig=0 fallos=0 perf=full ipc=0.268 ratio_rm=0.0130
[OMPT] tid=652216 ompt_id=8725724278030337 tipo=ompt_thread_worker     last_cpu= 72 numa=1 mig=0 fallos=0 perf=full ipc=0.269 ratio_rm=0.0125
[OMPT] tid=652217 ompt_id=9007199254740993 tipo=ompt_thread_worker     last_cpu= 81 numa=1 mig=0 fallos=0 perf=full ipc=0.275 ratio_rm=0.0112
[OMPT] tid=652218 ompt_id=9288674231451649 tipo=ompt_thread_worker     last_cpu= 39 numa=0 mig=0 fallos=0 perf=full ipc=0.370 ratio_rm=0.0020
[OMPT] tid=652219 ompt_id=9570149208162305 tipo=ompt_thread_worker     last_cpu= 34 numa=0 mig=0 fallos=0 perf=full ipc=0.344 ratio_rm=0.0020
[OMPT] tid=652220 ompt_id=9851624184872961 tipo=ompt_thread_worker     last_cpu=120 numa=1 mig=0 fallos=0 perf=full ipc=0.278 ratio_rm=0.0113
[OMPT] tid=652221 ompt_id=10133099161583617 tipo=ompt_thread_worker     last_cpu= 96 numa=1 mig=0 fallos=0 perf=full ipc=0.266 ratio_rm=0.0135
[OMPT] tid=652298 ompt_id=31806672368304129 tipo=ompt_thread_worker     last_cpu= 65 numa=1 mig=0 fallos=0 perf=full ipc=0.304 ratio_rm=0.0089
[OMPT] tid=652418 ompt_id=65583669573582849 tipo=ompt_thread_worker     last_cpu= 84 numa=1 mig=0 fallos=0 perf=full ipc=0.255 ratio_rm=0.0086
[OMPT] tid=652376 ompt_id=53761720551735297 tipo=ompt_thread_worker     last_cpu=236 numa=1 mig=0 fallos=0 perf=full ipc=0.269 ratio_rm=0.0069
[OMPT] tid=652231 ompt_id=12947848928690177 tipo=ompt_thread_worker     last_cpu=105 numa=1 mig=0 fallos=0 perf=full ipc=0.261 ratio_rm=0.0093
[OMPT] tid=652357 ompt_id=48413695994232833 tipo=ompt_thread_worker     last_cpu= 42 numa=0 mig=0 fallos=0 perf=full ipc=0.325 ratio_rm=0.0025
[OMPT] tid=652417 ompt_id=65302194596872193 tipo=ompt_thread_worker     last_cpu= 32 numa=0 mig=0 fallos=0 perf=full ipc=0.358 ratio_rm=0.0025
[OMPT] tid=652295 ompt_id=30962247438172161 tipo=ompt_thread_worker     last_cpu=207 numa=1 mig=0 fallos=0 perf=full ipc=0.250 ratio_rm=0.0079
[OMPT] tid=652243 ompt_id=16325548649218049 tipo=ompt_thread_worker     last_cpu= 89 numa=1 mig=0 fallos=0 perf=full ipc=0.261 ratio_rm=0.0100
[OMPT] tid=652319 ompt_id=37717646879227905 tipo=ompt_thread_worker     last_cpu= 56 numa=0 mig=0 fallos=0 perf=full ipc=0.353 ratio_rm=0.0026
[OMPT] tid=652431 ompt_id=69242844270821377 tipo=ompt_thread_worker     last_cpu= 82 numa=1 mig=0 fallos=0 perf=full ipc=0.269 ratio_rm=0.0105
[OMPT] tid=652381 ompt_id=55169095435288577 tipo=ompt_thread_worker     last_cpu= 87 numa=1 mig=0 fallos=0 perf=full ipc=0.336 ratio_rm=0.0044
[OMPT] tid=652223 ompt_id=10696049115004929 tipo=ompt_thread_worker     last_cpu= 78 numa=1 mig=0 fallos=0 perf=full ipc=0.271 ratio_rm=0.0081
[OMPT] tid=652350 ompt_id=46443371157258241 tipo=ompt_thread_worker     last_cpu= 79 numa=1 mig=0 fallos=0 perf=full ipc=0.238 ratio_rm=0.0074
[OMPT] tid=652294 ompt_id=30680772461461505 tipo=ompt_thread_worker     last_cpu=203 numa=1 mig=0 fallos=0 perf=full ipc=0.261 ratio_rm=0.0075
[OMPT] tid=652322 ompt_id=38562071809359873 tipo=ompt_thread_worker     last_cpu=205 numa=1 mig=0 fallos=0 perf=full ipc=0.274 ratio_rm=0.0083
[OMPT] tid=652380 ompt_id=54887620458577921 tipo=ompt_thread_worker     last_cpu= 86 numa=1 mig=0 fallos=0 perf=full ipc=0.283 ratio_rm=0.0079
[OMPT] tid=652327 ompt_id=39969446692913153 tipo=ompt_thread_worker     last_cpu=169 numa=0 mig=0 fallos=0 perf=full ipc=0.313 ratio_rm=0.0028
[OMPT] tid=652309 ompt_id=34902897112121345 tipo=ompt_thread_worker     last_cpu=170 numa=0 mig=0 fallos=0 perf=full ipc=0.324 ratio_rm=0.0022
[OMPT] tid=652419 ompt_id=65865144550293505 tipo=ompt_thread_worker     last_cpu= 44 numa=0 mig=0 fallos=0 perf=full ipc=0.368 ratio_rm=0.0018
[OMPT] tid=652275 ompt_id=25332747903959041 tipo=ompt_thread_worker     last_cpu=172 numa=0 mig=0 fallos=0 perf=full ipc=0.370 ratio_rm=0.0017
[OMPT] tid=652439 ompt_id=71494644084506625 tipo=ompt_thread_worker     last_cpu= 40 numa=0 mig=0 fallos=0 perf=full ipc=0.339 ratio_rm=0.0025
[OMPT] tid=652293 ompt_id=30399297484750849 tipo=ompt_thread_worker     last_cpu=171 numa=0 mig=0 fallos=0 perf=full ipc=0.354 ratio_rm=0.0016
[OMPT] tid=652233 ompt_id=13510798882111489 tipo=ompt_thread_worker     last_cpu=175 numa=0 mig=0 fallos=0 perf=full ipc=0.354 ratio_rm=0.0021
[OMPT] tid=652355 ompt_id=47850746040811521 tipo=ompt_thread_worker     last_cpu= 47 numa=0 mig=0 fallos=0 perf=full ipc=0.370 ratio_rm=0.0017
[OMPT] tid=652315 ompt_id=36591746972385281 tipo=ompt_thread_worker     last_cpu=139 numa=0 mig=0 fallos=0 perf=full ipc=0.350 ratio_rm=0.0017
[OMPT] tid=652438 ompt_id=71213169107795969 tipo=ompt_thread_worker     last_cpu=113 numa=1 mig=0 fallos=0 perf=full ipc=0.312 ratio_rm=0.0084
[OMPT] tid=652331 ompt_id=41095346599755777 tipo=ompt_thread_worker     last_cpu=136 numa=0 mig=0 fallos=0 perf=full ipc=0.362 ratio_rm=0.0024
[OMPT] tid=652283 ompt_id=27584547717644289 tipo=ompt_thread_worker     last_cpu=141 numa=0 mig=0 fallos=0 perf=full ipc=0.353 ratio_rm=0.0015
[OMPT] tid=652330 ompt_id=40813871623045121 tipo=ompt_thread_worker     last_cpu=209 numa=1 mig=0 fallos=0 perf=full ipc=0.300 ratio_rm=0.0092
[OMPT] tid=652362 ompt_id=49821070877786113 tipo=ompt_thread_worker     last_cpu= 75 numa=1 mig=0 fallos=0 perf=full ipc=0.240 ratio_rm=0.0096
[OMPT] tid=652228 ompt_id=12103423998558209 tipo=ompt_thread_worker     last_cpu=247 numa=1 mig=0 fallos=0 perf=full ipc=0.310 ratio_rm=0.0054
[OMPT] tid=652317 ompt_id=37154696925806593 tipo=ompt_thread_worker     last_cpu=185 numa=0 mig=0 fallos=0 perf=full ipc=0.356 ratio_rm=0.0021
[OMPT] tid=652301 ompt_id=32651097298436097 tipo=ompt_thread_worker     last_cpu=186 numa=0 mig=0 fallos=0 perf=full ipc=0.350 ratio_rm=0.0021
[OMPT] tid=652393 ompt_id=58546795155816449 tipo=ompt_thread_worker     last_cpu= 61 numa=0 mig=0 fallos=0 perf=full ipc=0.379 ratio_rm=0.0018
[OMPT] tid=652333 ompt_id=41658296553177089 tipo=ompt_thread_worker     last_cpu=184 numa=0 mig=0 fallos=0 perf=full ipc=0.370 ratio_rm=0.0023
[OMPT] tid=652441 ompt_id=72057594037927937 tipo=ompt_thread_worker     last_cpu= 58 numa=0 mig=0 fallos=0 perf=full ipc=0.356 ratio_rm=0.0022
[OMPT] tid=652375 ompt_id=53480245575024641 tipo=ompt_thread_worker     last_cpu= 62 numa=0 mig=0 fallos=0 perf=full ipc=0.374 ratio_rm=0.0019
[OMPT] tid=652239 ompt_id=15199648742375425 tipo=ompt_thread_worker     last_cpu=190 numa=0 mig=0 fallos=0 perf=full ipc=0.374 ratio_rm=0.0017
[OMPT] tid=652255 ompt_id=19703248369745921 tipo=ompt_thread_worker     last_cpu=189 numa=0 mig=0 fallos=0 perf=full ipc=0.383 ratio_rm=0.0017
[OMPT] tid=652271 ompt_id=24206847997116417 tipo=ompt_thread_worker     last_cpu=188 numa=0 mig=0 fallos=0 perf=full ipc=0.368 ratio_rm=0.0020
[OMPT] tid=652361 ompt_id=49539595901075457 tipo=ompt_thread_worker     last_cpu= 63 numa=0 mig=0 fallos=0 perf=full ipc=0.366 ratio_rm=0.0018
[OMPT] tid=652405 ompt_id=61924494876344321 tipo=ompt_thread_worker     last_cpu= 60 numa=0 mig=0 fallos=0 perf=full ipc=0.376 ratio_rm=0.0017
[OMPT] tid=652285 ompt_id=28147497671065601 tipo=ompt_thread_worker     last_cpu=187 numa=0 mig=0 fallos=0 perf=full ipc=0.362 ratio_rm=0.0017
[OMPT] tid=652415 ompt_id=64739244643450881 tipo=ompt_thread_worker     last_cpu= 59 numa=0 mig=0 fallos=0 perf=full ipc=0.353 ratio_rm=0.0019
[OMPT] tid=652235 ompt_id=14073748835532801 tipo=ompt_thread_worker     last_cpu=191 numa=0 mig=0 fallos=0 perf=full ipc=0.365 ratio_rm=0.0017
[OMPT] tid=652371 ompt_id=52354345668182017 tipo=ompt_thread_worker     last_cpu= 30 numa=0 mig=0 fallos=0 perf=full ipc=0.386 ratio_rm=0.0017
[OMPT] tid=652341 ompt_id=43910096366862337 tipo=ompt_thread_worker     last_cpu=152 numa=0 mig=0 fallos=0 perf=full ipc=0.366 ratio_rm=0.0024
[OMPT] tid=652229 ompt_id=12666373951979521 tipo=ompt_thread_worker     last_cpu=159 numa=0 mig=0 fallos=0 perf=full ipc=0.373 ratio_rm=0.0017
[OMPT] tid=652353 ompt_id=47287796087390209 tipo=ompt_thread_worker     last_cpu= 31 numa=0 mig=0 fallos=0 perf=full ipc=0.364 ratio_rm=0.0018
[OMPT] tid=652323 ompt_id=38843546786070529 tipo=ompt_thread_worker     last_cpu=153 numa=0 mig=0 fallos=0 perf=full ipc=0.379 ratio_rm=0.0019
[OMPT] tid=652437 ompt_id=70931694131085313 tipo=ompt_thread_worker     last_cpu=114 numa=1 mig=0 fallos=0 perf=full ipc=0.284 ratio_rm=0.0089
[OMPT] tid=652392 ompt_id=58265320179105793 tipo=ompt_thread_worker     last_cpu= 71 numa=1 mig=0 fallos=0 perf=full ipc=0.350 ratio_rm=0.0079
[OMPT] tid=652250 ompt_id=18295873486192641 tipo=ompt_thread_worker     last_cpu=199 numa=1 mig=0 fallos=0 perf=full ipc=0.304 ratio_rm=0.0083
[OMPT] tid=652282 ompt_id=27303072740933633 tipo=ompt_thread_worker     last_cpu=244 numa=1 mig=0 fallos=0 perf=full ipc=0.301 ratio_rm=0.0083
[OMPT] tid=652408 ompt_id=62768919806476289 tipo=ompt_thread_worker     last_cpu=116 numa=1 mig=0 fallos=0 perf=full ipc=0.266 ratio_rm=0.0086
[OMPT] tid=652366 ompt_id=50946970784628737 tipo=ompt_thread_worker     last_cpu=118 numa=1 mig=0 fallos=0 perf=full ipc=0.272 ratio_rm=0.0082
[OMPT] tid=652249 ompt_id=18014398509481985 tipo=ompt_thread_worker     last_cpu=151 numa=0 mig=0 fallos=0 perf=full ipc=0.324 ratio_rm=0.0020
[OMPT] tid=652325 ompt_id=39406496739491841 tipo=ompt_thread_worker     last_cpu=  6 numa=0 mig=0 fallos=0 perf=full ipc=0.350 ratio_rm=0.0021
[OMPT] tid=652367 ompt_id=51228445761339393 tipo=ompt_thread_worker     last_cpu=134 numa=0 mig=0 fallos=0 perf=full ipc=0.352 ratio_rm=0.0017
[OMPT] tid=652237 ompt_id=14636698788954113 tipo=ompt_thread_worker     last_cpu= 50 numa=0 mig=0 fallos=0 perf=full ipc=0.372 ratio_rm=0.0020
[OMPT] tid=652269 ompt_id=23643898043695105 tipo=ompt_thread_worker     last_cpu=  3 numa=0 mig=0 fallos=0 perf=full ipc=0.365 ratio_rm=0.0018
[OMPT] tid=652413 ompt_id=64176294690029569 tipo=ompt_thread_worker     last_cpu=131 numa=0 mig=0 fallos=0 perf=full ipc=0.350 ratio_rm=0.0022
[OMPT] tid=652311 ompt_id=35465847065542657 tipo=ompt_thread_worker     last_cpu=  5 numa=0 mig=0 fallos=0 perf=full ipc=0.359 ratio_rm=0.0018
[OMPT] tid=652349 ompt_id=46161896180547585 tipo=ompt_thread_worker     last_cpu=138 numa=0 mig=0 fallos=0 perf=full ipc=0.363 ratio_rm=0.0040
[OMPT] tid=652379 ompt_id=54606145481867265 tipo=ompt_thread_worker     last_cpu= 33 numa=0 mig=0 fallos=0 perf=full ipc=0.347 ratio_rm=0.0022
[OMPT] tid=652246 ompt_id=17169973579350017 tipo=ompt_thread_worker     last_cpu=206 numa=1 mig=0 fallos=0 perf=full ipc=0.280 ratio_rm=0.0104
[OMPT] tid=652368 ompt_id=51509920738050049 tipo=ompt_thread_worker     last_cpu=240 numa=1 mig=0 fallos=0 perf=full ipc=0.290 ratio_rm=0.0047
[OMPT] tid=652377 ompt_id=54043195528445953 tipo=ompt_thread_worker     last_cpu= 22 numa=0 mig=0 fallos=0 perf=full ipc=0.304 ratio_rm=0.0021
[OMPT] tid=652227 ompt_id=11821949021847553 tipo=ompt_thread_worker     last_cpu=146 numa=0 mig=0 fallos=0 perf=full ipc=0.331 ratio_rm=0.0022
[OMPT] tid=652281 ompt_id=27021597764222977 tipo=ompt_thread_worker     last_cpu=149 numa=0 mig=0 fallos=0 perf=full ipc=0.352 ratio_rm=0.0019
[OMPT] tid=652396 ompt_id=59391220085948417 tipo=ompt_thread_worker     last_cpu=124 numa=1 mig=0 fallos=0 perf=full ipc=0.290 ratio_rm=0.0086
[OMPT] tid=652300 ompt_id=32369622321725441 tipo=ompt_thread_worker     last_cpu=252 numa=1 mig=0 fallos=0 perf=full ipc=0.282 ratio_rm=0.0108
[OMPT] tid=652284 ompt_id=27866022694354945 tipo=ompt_thread_worker     last_cpu=251 numa=1 mig=0 fallos=0 perf=full ipc=0.287 ratio_rm=0.0079
[OMPT] tid=652252 ompt_id=18577348462903297 tipo=ompt_thread_worker     last_cpu=249 numa=1 mig=0 fallos=0 perf=full ipc=0.292 ratio_rm=0.0083
[OMPT] tid=652348 ompt_id=45880421203836929 tipo=ompt_thread_worker     last_cpu=127 numa=1 mig=0 fallos=0 perf=full ipc=0.273 ratio_rm=0.0090
[OMPT] tid=652299 ompt_id=32088147345014785 tipo=ompt_thread_worker     last_cpu=140 numa=0 mig=0 fallos=0 perf=full ipc=0.388 ratio_rm=0.0019
[OMPT] tid=652267 ompt_id=23080948090273793 tipo=ompt_thread_worker     last_cpu=142 numa=0 mig=0 fallos=0 perf=full ipc=0.363 ratio_rm=0.0017
[OMPT] tid=652251 ompt_id=18858823439613953 tipo=ompt_thread_worker     last_cpu=143 numa=0 mig=0 fallos=0 perf=full ipc=0.357 ratio_rm=0.0016
[OMPT] tid=652347 ompt_id=45598946227126273 tipo=ompt_thread_worker     last_cpu=137 numa=0 mig=0 fallos=0 perf=full ipc=0.351 ratio_rm=0.0018
[OMPT] tid=652427 ompt_id=68116944363978753 tipo=ompt_thread_worker     last_cpu= 14 numa=0 mig=0 fallos=0 perf=full ipc=0.380 ratio_rm=0.0018
[OMPT] tid=652397 ompt_id=59672695062659073 tipo=ompt_thread_worker     last_cpu=  9 numa=0 mig=0 fallos=0 perf=full ipc=0.340 ratio_rm=0.0020
[OMPT] tid=652318 ompt_id=37436171902517249 tipo=ompt_thread_worker     last_cpu=194 numa=1 mig=0 fallos=0 perf=full ipc=0.266 ratio_rm=0.0077
[OMPT] tid=652402 ompt_id=61080069946212353 tipo=ompt_thread_worker     last_cpu= 70 numa=1 mig=0 fallos=0 perf=full ipc=0.315 ratio_rm=0.0080
[OMPT] tid=652232 ompt_id=13229323905400833 tipo=ompt_thread_worker     last_cpu= 68 numa=1 mig=0 fallos=0 perf=full ipc=0.279 ratio_rm=0.0093
[OMPT] tid=652440 ompt_id=71776119061217281 tipo=ompt_thread_worker     last_cpu= 66 numa=1 mig=0 fallos=0 perf=full ipc=0.262 ratio_rm=0.0069
[OMPT] tid=652395 ompt_id=59109745109237761 tipo=ompt_thread_worker     last_cpu= 21 numa=0 mig=0 fallos=0 perf=full ipc=0.335 ratio_rm=0.0020
[OMPT] tid=652411 ompt_id=63613344736608257 tipo=ompt_thread_worker     last_cpu= 20 numa=0 mig=0 fallos=0 perf=full ipc=0.339 ratio_rm=0.0023
[OMPT] tid=652297 ompt_id=31525197391593473 tipo=ompt_thread_worker     last_cpu=148 numa=0 mig=0 fallos=0 perf=full ipc=0.341 ratio_rm=0.0019
[OMPT] tid=652337 ompt_id=42784196460019713 tipo=ompt_thread_worker     last_cpu=168 numa=0 mig=0 fallos=0 perf=full ipc=0.330 ratio_rm=0.0030
[OMPT] tid=652365 ompt_id=50665495807918081 tipo=ompt_thread_worker     last_cpu= 43 numa=0 mig=0 fallos=0 perf=full ipc=0.362 ratio_rm=0.0022
[OMPT] tid=652259 ompt_id=20829148276588545 tipo=ompt_thread_worker     last_cpu=173 numa=0 mig=0 fallos=0 perf=full ipc=0.345 ratio_rm=0.0020
[OMPT] tid=652245 ompt_id=16888498602639361 tipo=ompt_thread_worker     last_cpu=174 numa=0 mig=0 fallos=0 perf=full ipc=0.363 ratio_rm=0.0018
[OMPT] tid=652407 ompt_id=62487444829765633 tipo=ompt_thread_worker     last_cpu= 45 numa=0 mig=0 fallos=0 perf=full ipc=0.363 ratio_rm=0.0020
[OMPT] tid=652385 ompt_id=56294995342131201 tipo=ompt_thread_worker     last_cpu= 46 numa=0 mig=0 fallos=0 perf=full ipc=0.358 ratio_rm=0.0021
[OMPT] tid=652266 ompt_id=22799473113563137 tipo=ompt_thread_worker     last_cpu=245 numa=1 mig=0 fallos=0 perf=full ipc=0.266 ratio_rm=0.0053
[OMPT] tid=652332 ompt_id=41376821576466433 tipo=ompt_thread_worker     last_cpu=254 numa=1 mig=0 fallos=0 perf=full ipc=0.296 ratio_rm=0.0082
[OMPT] tid=652278 ompt_id=26177172834091009 tipo=ompt_thread_worker     last_cpu=204 numa=1 mig=0 fallos=0 perf=full ipc=0.253 ratio_rm=0.0101
[OMPT] tid=652328 ompt_id=40250921669623809 tipo=ompt_thread_worker     last_cpu=201 numa=1 mig=0 fallos=0 perf=full ipc=0.276 ratio_rm=0.0106
[OMPT] tid=652287 ompt_id=28710447624486913 tipo=ompt_thread_worker     last_cpu=128 numa=0 mig=0 fallos=0 perf=full ipc=0.361 ratio_rm=0.0027
[OMPT] tid=652320 ompt_id=37999121855938561 tipo=ompt_thread_worker     last_cpu=217 numa=1 mig=0 fallos=0 perf=full ipc=0.286 ratio_rm=0.0073
[OMPT] tid=652296 ompt_id=31243722414882817 tipo=ompt_thread_worker     last_cpu=219 numa=1 mig=0 fallos=0 perf=full ipc=0.263 ratio_rm=0.0081
[OMPT] tid=652422 ompt_id=66709569480425473 tipo=ompt_thread_worker     last_cpu= 91 numa=1 mig=0 fallos=0 perf=full ipc=0.259 ratio_rm=0.0086
[OMPT] tid=652280 ompt_id=26740122787512321 tipo=ompt_thread_worker     last_cpu=212 numa=1 mig=0 fallos=0 perf=full ipc=0.261 ratio_rm=0.0095
[OMPT] tid=652390 ompt_id=57702370225684481 tipo=ompt_thread_worker     last_cpu=101 numa=1 mig=0 fallos=0 perf=full ipc=0.345 ratio_rm=0.0087
[OMPT] tid=652398 ompt_id=59954170039369729 tipo=ompt_thread_worker     last_cpu= 25 numa=0 mig=0 fallos=0 perf=full ipc=0.378 ratio_rm=0.0024
[OMPT] tid=652276 ompt_id=25614222880669697 tipo=ompt_thread_worker     last_cpu=228 numa=1 mig=0 fallos=0 perf=full ipc=0.207 ratio_rm=0.0093
[OMPT] tid=652244 ompt_id=16607023625928705 tipo=ompt_thread_worker     last_cpu=230 numa=1 mig=0 fallos=0 perf=full ipc=0.269 ratio_rm=0.0079
[OMPT] tid=652354 ompt_id=47569271064100865 tipo=ompt_thread_worker     last_cpu=103 numa=1 mig=0 fallos=0 perf=full ipc=0.251 ratio_rm=0.0097
[OMPT] tid=652364 ompt_id=50384020831207425 tipo=ompt_thread_worker     last_cpu=126 numa=1 mig=0 fallos=0 perf=full ipc=0.304 ratio_rm=0.0082
[OMPT] tid=652351 ompt_id=46724846133968897 tipo=ompt_thread_worker     last_cpu=135 numa=0 mig=0 fallos=0 perf=full ipc=0.364 ratio_rm=0.0018
[OMPT] tid=652345 ompt_id=45035996273704961 tipo=ompt_thread_worker     last_cpu=  7 numa=0 mig=0 fallos=0 perf=full ipc=0.366 ratio_rm=0.0019
[OMPT] tid=652399 ompt_id=60235645016080385 tipo=ompt_thread_worker     last_cpu=132 numa=0 mig=0 fallos=0 perf=full ipc=0.366 ratio_rm=0.0020
[OMPT] tid=652434 ompt_id=70087269200953345 tipo=ompt_thread_worker     last_cpu=106 numa=1 mig=0 fallos=0 perf=full ipc=0.257 ratio_rm=0.0089
[OMPT] tid=652400 ompt_id=60517119992791041 tipo=ompt_thread_worker     last_cpu=108 numa=1 mig=0 fallos=0 perf=full ipc=0.259 ratio_rm=0.0104
[OMPT] tid=652236 ompt_id=14355223812243457 tipo=ompt_thread_worker     last_cpu=248 numa=1 mig=0 fallos=0 perf=full ipc=0.308 ratio_rm=0.0101
[OMPT] tid=652224 ompt_id=10977524091715585 tipo=ompt_thread_worker     last_cpu=125 numa=1 mig=0 fallos=0 perf=full ipc=0.292 ratio_rm=0.0120
[OMPT] tid=652428 ompt_id=68398419340689409 tipo=ompt_thread_worker     last_cpu=122 numa=1 mig=0 fallos=0 perf=full ipc=0.264 ratio_rm=0.0115
[OMPT] tid=652412 ompt_id=63894819713318913 tipo=ompt_thread_worker     last_cpu=123 numa=1 mig=0 fallos=0 perf=full ipc=0.287 ratio_rm=0.0059
[OMPT] tid=652336 ompt_id=42502721483309057 tipo=ompt_thread_worker     last_cpu=228 numa=1 mig=0 fallos=0 perf=full ipc=0.250 ratio_rm=0.0101
[OMPT] tid=652312 ompt_id=35747322042253313 tipo=ompt_thread_worker     last_cpu=242 numa=1 mig=0 fallos=0 perf=full ipc=0.287 ratio_rm=0.0129
[OMPT] tid=652248 ompt_id=17732923532771329 tipo=ompt_thread_worker     last_cpu=246 numa=1 mig=0 fallos=0 perf=full ipc=0.274 ratio_rm=0.0075
[OMPT] tid=652382 ompt_id=55450570411999233 tipo=ompt_thread_worker     last_cpu=117 numa=1 mig=0 fallos=0 perf=full ipc=0.283 ratio_rm=0.0056
[OMPT] tid=652291 ompt_id=29836347531329537 tipo=ompt_thread_worker     last_cpu=179 numa=0 mig=0 fallos=0 perf=full ipc=0.366 ratio_rm=0.0018
[OMPT] tid=652435 ompt_id=70368744177664001 tipo=ompt_thread_worker     last_cpu=107 numa=1 mig=0 fallos=0 perf=full ipc=0.256 ratio_rm=0.0074
[OMPT] tid=652335 ompt_id=42221246506598401 tipo=ompt_thread_worker     last_cpu=176 numa=0 mig=0 fallos=0 perf=full ipc=0.346 ratio_rm=0.0029
[OMPT] tid=652261 ompt_id=21392098230009857 tipo=ompt_thread_worker     last_cpu=181 numa=0 mig=0 fallos=0 perf=full ipc=0.354 ratio_rm=0.0018
[OMPT] tid=652389 ompt_id=57420895248973825 tipo=ompt_thread_worker     last_cpu= 53 numa=0 mig=0 fallos=0 perf=full ipc=0.370 ratio_rm=0.0019
[OMPT] tid=652310 ompt_id=35184372088832001 tipo=ompt_thread_worker     last_cpu=226 numa=1 mig=0 fallos=0 perf=full ipc=0.271 ratio_rm=0.0107
[OMPT] tid=652264 ompt_id=22236523160141825 tipo=ompt_thread_worker     last_cpu=229 numa=1 mig=0 fallos=0 perf=full ipc=0.335 ratio_rm=0.0092
[OMPT] tid=652329 ompt_id=40532396646334465 tipo=ompt_thread_worker     last_cpu=145 numa=0 mig=0 fallos=0 perf=full ipc=0.328 ratio_rm=0.0027
[OMPT] tid=652263 ompt_id=21955048183431169 tipo=ompt_thread_worker     last_cpu=157 numa=0 mig=0 fallos=0 perf=full ipc=0.382 ratio_rm=0.0025
[OMPT] tid=652253 ompt_id=19140298416324609 tipo=ompt_thread_worker     last_cpu=  2 numa=0 mig=0 fallos=0 perf=full ipc=0.342 ratio_rm=0.0023
[OMPT] tid=652383 ompt_id=55732045388709889 tipo=ompt_thread_worker     last_cpu=133 numa=0 mig=0 fallos=0 perf=full ipc=0.348 ratio_rm=0.0022
[OMPT] tid=652225 ompt_id=11258999068426241 tipo=ompt_thread_worker     last_cpu=  1 numa=0 mig=0 fallos=0 perf=full ipc=0.351 ratio_rm=0.0030
[OMPT] tid=652305 ompt_id=33776997205278721 tipo=ompt_thread_worker     last_cpu=178 numa=0 mig=0 fallos=0 perf=full ipc=0.347 ratio_rm=0.0035
[OMPT] tid=652272 ompt_id=24488322973827073 tipo=ompt_thread_worker     last_cpu=192 numa=1 mig=0 fallos=0 perf=full ipc=0.315 ratio_rm=0.0139
[OMPT] tid=652386 ompt_id=56576470318841857 tipo=ompt_thread_worker     last_cpu=109 numa=1 mig=0 fallos=0 perf=full ipc=0.285 ratio_rm=0.0114
[OMPT] tid=652258 ompt_id=20547673299877889 tipo=ompt_thread_worker     last_cpu=237 numa=1 mig=0 fallos=0 perf=full ipc=0.299 ratio_rm=0.0116
[OMPT] tid=652254 ompt_id=19421773393035265 tipo=ompt_thread_worker     last_cpu=198 numa=1 mig=0 fallos=0 perf=full ipc=0.308 ratio_rm=0.0069
[OMPT] tid=652338 ompt_id=43065671436730369 tipo=ompt_thread_worker     last_cpu= 67 numa=1 mig=0 fallos=0 perf=full ipc=0.308 ratio_rm=0.0071
[OMPT] tid=652372 ompt_id=52635820644892673 tipo=ompt_thread_worker     last_cpu=195 numa=1 mig=0 fallos=0 perf=full ipc=0.297 ratio_rm=0.0100
[OMPT] tid=652292 ompt_id=30117822508040193 tipo=ompt_thread_worker     last_cpu=243 numa=1 mig=0 fallos=0 perf=full ipc=0.270 ratio_rm=0.0123
[OMPT] tid=652360 ompt_id=49258120924364801 tipo=ompt_thread_worker     last_cpu= 48 numa=0 mig=0 fallos=0 perf=full ipc=0.364 ratio_rm=0.0028
[OMPT] tid=652222 ompt_id=10414574138294273 tipo=ompt_thread_worker     last_cpu=223 numa=1 mig=0 fallos=0 perf=full ipc=0.268 ratio_rm=0.0085
[OMPT] tid=652391 ompt_id=57983845202395137 tipo=ompt_thread_worker     last_cpu= 29 numa=0 mig=0 fallos=0 perf=full ipc=0.388 ratio_rm=0.0023
[OMPT] tid=652241 ompt_id=15762598695796737 tipo=ompt_thread_worker     last_cpu=158 numa=0 mig=0 fallos=0 perf=full ipc=0.375 ratio_rm=0.0019
[OMPT] tid=652409 ompt_id=63050394783186945 tipo=ompt_thread_worker     last_cpu= 28 numa=0 mig=0 fallos=0 perf=full ipc=0.362 ratio_rm=0.0021
[OMPT] tid=652421 ompt_id=66428094503714817 tipo=ompt_thread_worker     last_cpu= 27 numa=0 mig=0 fallos=0 perf=full ipc=0.396 ratio_rm=0.0022
[OMPT] tid=652277 ompt_id=25895697857380353 tipo=ompt_thread_worker     last_cpu=156 numa=0 mig=0 fallos=0 perf=full ipc=0.372 ratio_rm=0.0017
[OMPT] tid=652289 ompt_id=29273397577908225 tipo=ompt_thread_worker     last_cpu=155 numa=0 mig=0 fallos=0 perf=full ipc=0.364 ratio_rm=0.0021
[OMPT] tid=652303 ompt_id=33214047251857409 tipo=ompt_thread_worker     last_cpu=154 numa=0 mig=0 fallos=0 perf=full ipc=0.382 ratio_rm=0.0020
[OMPT] tid=652433 ompt_id=69805794224242689 tipo=ompt_thread_worker     last_cpu= 26 numa=0 mig=0 fallos=0 perf=full ipc=0.377 ratio_rm=0.0025
[OMPT] tid=652432 ompt_id=69524319247532033 tipo=ompt_thread_worker     last_cpu= 90 numa=1 mig=0 fallos=0 perf=full ipc=0.301 ratio_rm=0.0117
[OMPT] tid=652274 ompt_id=25051272927248385 tipo=ompt_thread_worker     last_cpu=220 numa=1 mig=0 fallos=0 perf=full ipc=0.262 ratio_rm=0.0096
[OMPT] tid=652306 ompt_id=34058472181989377 tipo=ompt_thread_worker     last_cpu=218 numa=1 mig=0 fallos=0 perf=full ipc=0.293 ratio_rm=0.0088
[OMPT] tid=652429 ompt_id=68679894317400065 tipo=ompt_thread_worker     last_cpu=130 numa=0 mig=0 fallos=0 perf=full ipc=0.340 ratio_rm=0.0030
[OMPT] tid=652426 ompt_id=67835469387268097 tipo=ompt_thread_worker     last_cpu=115 numa=1 mig=0 fallos=0 perf=full ipc=0.293 ratio_rm=0.0066
[OMPT] tid=652363 ompt_id=50102545854496769 tipo=ompt_thread_worker     last_cpu= 23 numa=0 mig=0 fallos=0 perf=full ipc=0.323 ratio_rm=0.0025
[OMPT] tid=652425 ompt_id=67553994410557441 tipo=ompt_thread_worker     last_cpu= 19 numa=0 mig=0 fallos=0 perf=full ipc=0.300 ratio_rm=0.0026
[OMPT] tid=652265 ompt_id=22517998136852481 tipo=ompt_thread_worker     last_cpu=150 numa=0 mig=0 fallos=0 perf=full ipc=0.337 ratio_rm=0.0023
[OMPT] tid=652343 ompt_id=44473046320283649 tipo=ompt_thread_worker     last_cpu=144 numa=0 mig=0 fallos=0 perf=full ipc=0.331 ratio_rm=0.0032
[OMPT] tid=652313 ompt_id=36028797018963969 tipo=ompt_thread_worker     last_cpu=147 numa=0 mig=0 fallos=0 perf=full ipc=0.325 ratio_rm=0.0022
[OMPT] tid=652326 ompt_id=39687971716202497 tipo=ompt_thread_worker     last_cpu=241 numa=1 mig=0 fallos=0 perf=full ipc=0.273 ratio_rm=0.0113
[OMPT] tid=652334 ompt_id=41939771529887745 tipo=ompt_thread_worker     last_cpu=224 numa=1 mig=0 fallos=0 perf=full ipc=0.262 ratio_rm=0.0110
[OMPT] tid=652373 ompt_id=52917295621603329 tipo=ompt_thread_worker     last_cpu= 38 numa=0 mig=0 fallos=0 perf=full ipc=0.356 ratio_rm=0.0024
[OMPT] tid=652339 ompt_id=43347146413441025 tipo=ompt_thread_worker     last_cpu=160 numa=0 mig=0 fallos=0 perf=full ipc=0.375 ratio_rm=0.0028
[OMPT] tid=652257 ompt_id=20266198323167233 tipo=ompt_thread_worker     last_cpu=165 numa=0 mig=0 fallos=0 perf=full ipc=0.368 ratio_rm=0.0021
[OMPT] tid=652401 ompt_id=60798594969501697 tipo=ompt_thread_worker     last_cpu= 36 numa=0 mig=0 fallos=0 perf=full ipc=0.346 ratio_rm=0.0023
[OMPT] tid=652307 ompt_id=34339947158700033 tipo=ompt_thread_worker     last_cpu=162 numa=0 mig=0 fallos=0 perf=full ipc=0.341 ratio_rm=0.0027
[OMPT] tid=652279 ompt_id=26458647810801665 tipo=ompt_thread_worker     last_cpu=164 numa=0 mig=0 fallos=0 perf=full ipc=0.350 ratio_rm=0.0021
[OMPT] tid=652387 ompt_id=56857945295552513 tipo=ompt_thread_worker     last_cpu= 37 numa=0 mig=0 fallos=0 perf=full ipc=0.367 ratio_rm=0.0022
[OMPT] tid=652321 ompt_id=38280596832649217 tipo=ompt_thread_worker     last_cpu=177 numa=0 mig=0 fallos=0 perf=full ipc=0.364 ratio_rm=0.0022
[OMPT] tid=652268 ompt_id=23362423066984449 tipo=ompt_thread_worker     last_cpu=250 numa=1 mig=0 fallos=0 perf=full ipc=0.267 ratio_rm=0.0082
[OMPT] tid=652316 ompt_id=36873221949095937 tipo=ompt_thread_worker     last_cpu=253 numa=1 mig=0 fallos=0 perf=full ipc=0.265 ratio_rm=0.0098
[OMPT] tid=652226 ompt_id=11540474045136897 tipo=ompt_thread_worker     last_cpu=233 numa=1 mig=0 fallos=0 perf=full ipc=0.273 ratio_rm=0.0102
[OMPT] tid=652308 ompt_id=34621422135410689 tipo=ompt_thread_worker     last_cpu=234 numa=1 mig=0 fallos=0 perf=full ipc=0.238 ratio_rm=0.0101
[OMPT] tid=652374 ompt_id=53198770598313985 tipo=ompt_thread_worker     last_cpu=110 numa=1 mig=0 fallos=0 perf=full ipc=0.235 ratio_rm=0.0089
[OMPT] tid=652290 ompt_id=29554872554618881 tipo=ompt_thread_worker     last_cpu=235 numa=1 mig=0 fallos=0 perf=full ipc=0.248 ratio_rm=0.0144
[OMPT] tid=652238 ompt_id=14918173765664769 tipo=ompt_thread_worker     last_cpu=238 numa=1 mig=0 fallos=0 perf=full ipc=0.267 ratio_rm=0.0079
[OMPT] tid=652340 ompt_id=43628621390151681 tipo=ompt_thread_worker     last_cpu=232 numa=1 mig=0 fallos=0 perf=full ipc=0.234 ratio_rm=0.0124
[OMPT] tid=652424 ompt_id=67272519433846785 tipo=ompt_thread_worker     last_cpu= 95 numa=1 mig=0 fallos=0 perf=full ipc=0.263 ratio_rm=0.0072
[OMPT] tid=652356 ompt_id=48132221017522177 tipo=ompt_thread_worker     last_cpu=196 numa=1 mig=0 fallos=0 perf=full ipc=0.297 ratio_rm=0.0097
[OMPT] tid=652288 ompt_id=28991922601197569 tipo=ompt_thread_worker     last_cpu= 83 numa=1 mig=0 fallos=0 perf=full ipc=0.299 ratio_rm=0.0106
[OMPT] tid=652314 ompt_id=36310271995674625 tipo=ompt_thread_worker     last_cpu=202 numa=1 mig=0 fallos=0 perf=full ipc=0.270 ratio_rm=0.0117
[OMPT] tid=652273 ompt_id=24769797950537729 tipo=ompt_thread_worker     last_cpu=180 numa=0 mig=0 fallos=0 perf=full ipc=0.338 ratio_rm=0.0025
[OMPT] tid=652403 ompt_id=61361544922923009 tipo=ompt_thread_worker     last_cpu= 52 numa=0 mig=0 fallos=0 perf=full ipc=0.376 ratio_rm=0.0021
[OMPT] tid=652234 ompt_id=13792273858822145 tipo=ompt_thread_worker     last_cpu=183 numa=0 mig=0 fallos=0 perf=full ipc=0.369 ratio_rm=0.0024
[OMPT] tid=652359 ompt_id=48976645947654145 tipo=ompt_thread_worker     last_cpu= 55 numa=0 mig=0 fallos=0 perf=full ipc=0.342 ratio_rm=0.0022
[OMPT] tid=652423 ompt_id=66991044457136129 tipo=ompt_thread_worker     last_cpu= 51 numa=0 mig=0 fallos=0 perf=full ipc=0.371 ratio_rm=0.0023
[OMPT] tid=652247 ompt_id=17451448556060673 tipo=ompt_thread_worker     last_cpu=182 numa=0 mig=0 fallos=0 perf=full ipc=0.353 ratio_rm=0.0021
[OMPT] tid=652369 ompt_id=51791395714760705 tipo=ompt_thread_worker     last_cpu= 54 numa=0 mig=0 fallos=0 perf=full ipc=0.360 ratio_rm=0.0023
[OMPT] tid=652430 ompt_id=68961369294110721 tipo=ompt_thread_worker     last_cpu= 69 numa=1 mig=0 fallos=0 perf=full ipc=0.293 ratio_rm=0.0085
[OMPT] tid=652344 ompt_id=44754521296994305 tipo=ompt_thread_worker     last_cpu=208 numa=1 mig=0 fallos=0 perf=full ipc=0.263 ratio_rm=0.0071
[OMPT] tid=652394 ompt_id=58828270132527105 tipo=ompt_thread_worker     last_cpu= 85 numa=1 mig=0 fallos=0 perf=full ipc=0.281 ratio_rm=0.0063
[OMPT] tid=652302 ompt_id=32932572275146753 tipo=ompt_thread_worker     last_cpu=210 numa=1 mig=0 fallos=0 perf=full ipc=0.280 ratio_rm=0.0131
[OMPT] tid=652410 ompt_id=63331869759897601 tipo=ompt_thread_worker     last_cpu= 12 numa=0 mig=0 fallos=0 perf=full ipc=0.364 ratio_rm=0.0036
[OMPT] tid=652352 ompt_id=47006321110679553 tipo=ompt_thread_worker     last_cpu=  4 numa=0 mig=0 fallos=0 perf=full ipc=0.352 ratio_rm=0.0030
[OMPT] tid=652416 ompt_id=65020719620161537 tipo=ompt_thread_worker     last_cpu= 49 numa=0 mig=0 fallos=0 perf=full ipc=0.350 ratio_rm=0.0027
[OMPT] tid=652358 ompt_id=48695170970943489 tipo=ompt_thread_worker     last_cpu=111 numa=1 mig=0 fallos=0 perf=full ipc=0.278 ratio_rm=0.0119
[OMPT] tid=652230 ompt_id=12384898975268865 tipo=ompt_thread_worker     last_cpu=239 numa=1 mig=0 fallos=0 perf=full ipc=0.275 ratio_rm=0.0084
[OMPT] tid=652324 ompt_id=39125021762781185 tipo=ompt_thread_worker     last_cpu=225 numa=1 mig=0 fallos=0 perf=full ipc=0.255 ratio_rm=0.0098
[OMPT] tid=652242 ompt_id=16044073672507393 tipo=ompt_thread_worker     last_cpu=214 numa=1 mig=0 fallos=0 perf=full ipc=0.316 ratio_rm=0.0082
[OMPT] tid=652378 ompt_id=54324670505156609 tipo=ompt_thread_worker     last_cpu= 24 numa=0 mig=0 fallos=0 perf=full ipc=0.420 ratio_rm=0.0052
[OMPT] tid=652436 ompt_id=70650219154374657 tipo=ompt_thread_worker     last_cpu= 74 numa=1 mig=0 fallos=0 perf=full ipc=0.279 ratio_rm=0.0089
[OMPT] tid=652384 ompt_id=56013520365420545 tipo=ompt_thread_worker     last_cpu= 76 numa=1 mig=0 fallos=0 perf=full ipc=0.296 ratio_rm=0.0092
[OMPT] tid=652406 ompt_id=62205969853054977 tipo=ompt_thread_worker     last_cpu= 77 numa=1 mig=0 fallos=0 perf=full ipc=0.276 ratio_rm=0.0078
[OMPT] tid=652342 ompt_id=44191571343572993 tipo=ompt_thread_worker     last_cpu=200 numa=1 mig=0 fallos=0 perf=full ipc=0.261 ratio_rm=0.0107
[OMPT] tid=652370 ompt_id=52072870691471361 tipo=ompt_thread_worker     last_cpu= 94 numa=1 mig=0 fallos=0 perf=full ipc=0.264 ratio_rm=0.0059
[OMPT] tid=652346 ompt_id=45317471250415617 tipo=ompt_thread_worker     last_cpu=216 numa=1 mig=0 fallos=0 perf=full ipc=0.280 ratio_rm=0.0092
[OMPT] tid=652260 ompt_id=21110623253299201 tipo=ompt_thread_worker     last_cpu=213 numa=1 mig=0 fallos=0 perf=full ipc=0.288 ratio_rm=0.0099
[OMPT] tid=652304 ompt_id=33495522228568065 tipo=ompt_thread_worker     last_cpu=193 numa=1 mig=0 fallos=0 perf=full ipc=0.280 ratio_rm=0.0089
[OMPT] tid=652256 ompt_id=19984723346456577 tipo=ompt_thread_worker     last_cpu=221 numa=1 mig=0 fallos=0 perf=full ipc=0.251 ratio_rm=0.0105
[OMPT] tid=652262 ompt_id=21673573206720513 tipo=ompt_thread_worker     last_cpu=100 numa=1 mig=0 fallos=0 perf=full ipc=0.200 ratio_rm=0.0086
[OMPT] tid=652388 ompt_id=57139420272263169 tipo=ompt_thread_worker     last_cpu= 93 numa=1 mig=0 fallos=0 perf=full ipc=0.247 ratio_rm=0.0103
[OMPT] tid=652404 ompt_id=61643019899633665 tipo=ompt_thread_worker     last_cpu= 92 numa=1 mig=0 fallos=0 perf=full ipc=0.260 ratio_rm=0.0098
[OMPT] tid=652270 ompt_id=23925373020405761 tipo=ompt_thread_worker     last_cpu=197 numa=1 mig=0 fallos=0 perf=full ipc=0.278 ratio_rm=0.0092
[OMPT] tid=652414 ompt_id=64457769666740225 tipo=ompt_thread_worker     last_cpu= 15 numa=0 mig=0 fallos=0 perf=full ipc=0.359 ratio_rm=0.0039
[OMPT] tid=652420 ompt_id=66146619527004161 tipo=ompt_thread_worker     last_cpu= 57 numa=0 mig=0 fallos=0 perf=full ipc=0.358 ratio_rm=0.0063
[OMPT] tid=652286 ompt_id=28428972647776257 tipo=ompt_thread_worker     last_cpu=211 numa=1 mig=0 fallos=0 perf=full ipc=0.300 ratio_rm=0.0106
[OMPT] tid=652240 ompt_id=15481123719086081 tipo=ompt_thread_worker     last_cpu=222 numa=1 mig=0 fallos=0 perf=full ipc=0.264 ratio_rm=0.0095
[OMPT] ===== Overhead intrínseco =====
  monitor: 6 ticks, 68817.8 us total (max 35260.4 us/tick)
  callbacks implicit_task: 40449, 61462630.0 us total
  migraciones: 0 (0.0 us total)
  resyncs=0  lecturas escaladas por multiplexado=4096
  hilos con perf fallido=0  parcial(ipc_only)=0
  ventanas con ciclos=512  con fills=512
