[OMPT] ompt_initialize (OPCIÓN C: integrador con fugas)  verbose=0  migracion=activa
[HWLOC] Nodos NUMA detectados: 2 (usados: 2)
[HWLOC] Nodo 0: 128 CPUs
[HWLOC] Nodo 1: 128 CPUs
[OMPT] callback 'ompt_callback_thread_begin' registrado (result=5)
[OMPT] callback 'ompt_callback_thread_end' registrado (result=5)
[OMPT] callback 'ompt_callback_parallel_begin' registrado (result=5)
[OMPT] callback 'ompt_callback_parallel_end' registrado (result=5)
[OMPT] callback 'ompt_callback_implicit_task' registrado (result=5)
[OMPT] callback 'ompt_callback_control_tool' registrado (result=5)
[OMPT] Callbacks registrados
[OMPT] Sistema: 0 procesadores lógicos
[OMPT][MON] Monitor (C: integrador con fugas)  período=100ms  warmup=5  T=ref+1.00*MAD  leak=0.50*MAD  cap=8.00*MAD  max_mig=1  migracion=activa
[perf_region] tool OMPT detectado: los contadores los lleva el tool, no se abren aqui
[OMPT] control_tool: INICIANDO medicion
[OMPT] control_tool: PAUSANDO medicion
[OMPT] ompt_finalize
[OMPT][MON] Monitor detenido tras 1 ventanas
[OMPT] CSV de ventanas: 0 filas volcadas (0 descartadas)
[OMPT] ===== Tabla final: 32 hilos =====
[OMPT] tid=635052 ompt_id=281474976710657 tipo=ompt_thread_initial    last_cpu=255 numa=1 mig=0 fallos=0 perf=full ipc=1.530 ratio_rm=0.0006
[OMPT] tid=635054 ompt_id=562949953421313 tipo=ompt_thread_worker     last_cpu=123 numa=1 mig=0 fallos=0 perf=full ipc=1.253 ratio_rm=0.0005
[OMPT] tid=635055 ompt_id=844424930131969 tipo=ompt_thread_worker     last_cpu=122 numa=1 mig=0 fallos=0 perf=full ipc=1.336 ratio_rm=0.0010
[OMPT] tid=635056 ompt_id=1125899906842625 tipo=ompt_thread_worker     last_cpu=121 numa=1 mig=0 fallos=0 perf=full ipc=1.403 ratio_rm=0.0008
[OMPT] tid=635057 ompt_id=1407374883553281 tipo=ompt_thread_worker     last_cpu=120 numa=1 mig=0 fallos=0 perf=full ipc=1.292 ratio_rm=0.0007
[OMPT] tid=635058 ompt_id=1688849860263937 tipo=ompt_thread_worker     last_cpu=125 numa=1 mig=0 fallos=0 perf=full ipc=1.271 ratio_rm=0.0005
[OMPT] tid=635059 ompt_id=1970324836974593 tipo=ompt_thread_worker     last_cpu=124 numa=1 mig=0 fallos=0 perf=full ipc=1.258 ratio_rm=0.0009
[OMPT] tid=635061 ompt_id=2533274790395905 tipo=ompt_thread_worker     last_cpu=223 numa=1 mig=0 fallos=0 perf=full ipc=1.243 ratio_rm=0.0009
[OMPT] tid=635062 ompt_id=2814749767106561 tipo=ompt_thread_worker     last_cpu=199 numa=1 mig=0 fallos=0 perf=full ipc=1.276 ratio_rm=0.0037
[OMPT] tid=635060 ompt_id=2251799813685249 tipo=ompt_thread_worker     last_cpu=191 numa=0 mig=0 fallos=0 perf=full ipc=1.211 ratio_rm=0.0037
[OMPT] tid=635064 ompt_id=3377699720527873 tipo=ompt_thread_worker     last_cpu=215 numa=1 mig=0 fallos=0 perf=full ipc=1.276 ratio_rm=0.0013
[OMPT] tid=635065 ompt_id=3659174697238529 tipo=ompt_thread_worker     last_cpu=207 numa=1 mig=0 fallos=0 perf=full ipc=1.235 ratio_rm=0.0011
[OMPT] tid=635063 ompt_id=3096224743817217 tipo=ompt_thread_worker     last_cpu=  1 numa=0 mig=0 fallos=0 perf=full ipc=1.118 ratio_rm=0.0052
[OMPT] tid=635066 ompt_id=3940649673949185 tipo=ompt_thread_worker     last_cpu=247 numa=1 mig=0 fallos=0 perf=full ipc=1.290 ratio_rm=0.0039
[OMPT] tid=635067 ompt_id=4222124650659841 tipo=ompt_thread_worker     last_cpu= 88 numa=1 mig=0 fallos=0 perf=full ipc=1.274 ratio_rm=0.0010
[OMPT] tid=635068 ompt_id=4503599627370497 tipo=ompt_thread_worker     last_cpu=  0 numa=0 mig=0 fallos=0 perf=full ipc=1.146 ratio_rm=0.0061
[OMPT] tid=635069 ompt_id=4785074604081153 tipo=ompt_thread_worker     last_cpu=231 numa=1 mig=0 fallos=0 perf=full ipc=1.242 ratio_rm=0.0019
[OMPT] tid=635070 ompt_id=5066549580791809 tipo=ompt_thread_worker     last_cpu=104 numa=1 mig=0 fallos=0 perf=full ipc=1.272 ratio_rm=0.0025
[OMPT] tid=635071 ompt_id=5348024557502465 tipo=ompt_thread_worker     last_cpu= 96 numa=1 mig=0 fallos=0 perf=full ipc=1.283 ratio_rm=0.0024
[OMPT] tid=635072 ompt_id=5629499534213121 tipo=ompt_thread_worker     last_cpu= 80 numa=1 mig=0 fallos=0 perf=full ipc=1.294 ratio_rm=0.0010
[OMPT] tid=635073 ompt_id=5910974510923777 tipo=ompt_thread_worker     last_cpu= 72 numa=1 mig=0 fallos=0 perf=full ipc=1.262 ratio_rm=0.0012
[OMPT] tid=635074 ompt_id=6192449487634433 tipo=ompt_thread_worker     last_cpu= 75 numa=1 mig=0 fallos=0 perf=full ipc=1.244 ratio_rm=0.0007
[OMPT] tid=635075 ompt_id=6473924464345089 tipo=ompt_thread_worker     last_cpu= 74 numa=1 mig=0 fallos=0 perf=full ipc=1.258 ratio_rm=0.0012
[OMPT] tid=635076 ompt_id=6755399441055745 tipo=ompt_thread_worker     last_cpu= 73 numa=1 mig=0 fallos=0 perf=full ipc=1.273 ratio_rm=0.0012
[OMPT] tid=635077 ompt_id=7036874417766401 tipo=ompt_thread_worker     last_cpu= 89 numa=1 mig=0 fallos=0 perf=full ipc=1.284 ratio_rm=0.0014
[OMPT] tid=635078 ompt_id=7318349394477057 tipo=ompt_thread_worker     last_cpu= 92 numa=1 mig=0 fallos=0 perf=full ipc=1.290 ratio_rm=0.0005
[OMPT] tid=635079 ompt_id=7599824371187713 tipo=ompt_thread_worker     last_cpu= 91 numa=1 mig=0 fallos=0 perf=full ipc=1.289 ratio_rm=0.0005
[OMPT] tid=635080 ompt_id=7881299347898369 tipo=ompt_thread_worker     last_cpu= 90 numa=1 mig=0 fallos=0 perf=full ipc=1.288 ratio_rm=0.0014
[OMPT] tid=635081 ompt_id=8162774324609025 tipo=ompt_thread_worker     last_cpu=  2 numa=0 mig=0 fallos=0 perf=full ipc=1.144 ratio_rm=0.0060
[OMPT] tid=635082 ompt_id=8444249301319681 tipo=ompt_thread_worker     last_cpu= 81 numa=1 mig=0 fallos=0 perf=full ipc=1.315 ratio_rm=0.0028
[OMPT] tid=635083 ompt_id=8725724278030337 tipo=ompt_thread_worker     last_cpu=  3 numa=0 mig=0 fallos=0 perf=full ipc=1.115 ratio_rm=0.0049
[OMPT] tid=635084 ompt_id=9007199254740993 tipo=ompt_thread_worker     last_cpu=239 numa=1 mig=0 fallos=0 perf=full ipc=1.249 ratio_rm=0.0020
[OMPT] ===== Overhead intrínseco =====
  monitor: 1 ticks, 8.1 us total (max 8.1 us/tick)
  callbacks implicit_task: 5057, 270812.4 us total
  migraciones: 0 (0.0 us total)
  resyncs=0  lecturas escaladas por multiplexado=128
  hilos con perf fallido=0  parcial(ipc_only)=0
  ventanas con ciclos=0  con fills=0
