[OMPT] ompt_initialize (OPCIÓN C: integrador con fugas)  verbose=0  migracion=DESACTIVADA
[HWLOC] Nodos NUMA detectados: 2 (usados: 2)
[HWLOC] Nodo 0: 128 CPUs
[HWLOC] Nodo 1: 128 CPUs
[OMPT] callback 'ompt_callback_thread_begin' registrado (result=5)
[OMPT] callback 'ompt_callback_thread_end' registrado (result=5)
[OMPT] callback 'ompt_callback_parallel_begin' registrado (result=5)
[OMPT] callback 'ompt_callback_parallel_end' registrado (result=5)
[OMPT] callback 'ompt_callback_implicit_task' registrado (result=5)
[OMPT] callback 'ompt_callback_control_tool' registrado (result=5)
[OMPT] Callbacks registrados
[OMPT] Sistema: 0 procesadores lógicos
[OMPT][MON] Monitor (C: integrador con fugas)  período=100ms  warmup=5  T=ref+1.00*MAD  leak=0.50*MAD  cap=8.00*MAD  max_mig=1  migracion=DESACTIVADA
[perf_region] tool OMPT detectado: los contadores los lleva el tool, no se abren aqui
[OMPT] control_tool: INICIANDO medicion
[OMPT] control_tool: PAUSANDO medicion
[OMPT] ompt_finalize
[OMPT][MON] Monitor detenido tras 67 ventanas
[OMPT] CSV de ventanas: 1824 filas volcadas (0 descartadas)
[OMPT] ===== Tabla final: 32 hilos =====
[OMPT] tid=663999 ompt_id=281474976710657 tipo=ompt_thread_initial    last_cpu=255 numa=1 mig=0 fallos=0 perf=full ipc=0.520 ratio_rm=0.0001
[OMPT] tid=664001 ompt_id=562949953421313 tipo=ompt_thread_worker     last_cpu=205 numa=1 mig=0 fallos=0 perf=full ipc=0.594 ratio_rm=0.0000
[OMPT] tid=664002 ompt_id=844424930131969 tipo=ompt_thread_worker     last_cpu=212 numa=1 mig=0 fallos=0 perf=full ipc=0.655 ratio_rm=0.0000
[OMPT] tid=664003 ompt_id=1125899906842625 tipo=ompt_thread_worker     last_cpu=223 numa=1 mig=0 fallos=0 perf=full ipc=0.583 ratio_rm=0.0000
[OMPT] tid=664004 ompt_id=1407374883553281 tipo=ompt_thread_worker     last_cpu= 89 numa=1 mig=0 fallos=0 perf=full ipc=0.569 ratio_rm=0.0000
[OMPT] tid=664005 ompt_id=1688849860263937 tipo=ompt_thread_worker     last_cpu= 90 numa=1 mig=0 fallos=0 perf=full ipc=0.541 ratio_rm=0.0000
[OMPT] tid=664006 ompt_id=1970324836974593 tipo=ompt_thread_worker     last_cpu=105 numa=1 mig=0 fallos=0 perf=full ipc=0.576 ratio_rm=0.0001
[OMPT] tid=664007 ompt_id=2251799813685249 tipo=ompt_thread_worker     last_cpu=253 numa=1 mig=0 fallos=0 perf=full ipc=0.521 ratio_rm=0.0000
[OMPT] tid=664008 ompt_id=2533274790395905 tipo=ompt_thread_worker     last_cpu=239 numa=1 mig=0 fallos=0 perf=full ipc=0.628 ratio_rm=0.0000
[OMPT] tid=664010 ompt_id=2814749767106561 tipo=ompt_thread_worker     last_cpu=176 numa=0 mig=0 fallos=0 perf=full ipc=0.862 ratio_rm=0.1997
[OMPT] tid=664011 ompt_id=3377699720527873 tipo=ompt_thread_worker     last_cpu= 32 numa=0 mig=0 fallos=0 perf=full ipc=0.712 ratio_rm=0.1342
[OMPT] tid=664009 ompt_id=3096224743817217 tipo=ompt_thread_worker     last_cpu=192 numa=1 mig=0 fallos=0 perf=full ipc=0.669 ratio_rm=0.0000
[OMPT] tid=664012 ompt_id=3659174697238529 tipo=ompt_thread_worker     last_cpu= 40 numa=0 mig=0 fallos=0 perf=full ipc=0.854 ratio_rm=0.2007
[OMPT] tid=664013 ompt_id=3940649673949185 tipo=ompt_thread_worker     last_cpu=  1 numa=0 mig=0 fallos=0 perf=full ipc=0.578 ratio_rm=0.0254
[OMPT] tid=664014 ompt_id=4222124650659841 tipo=ompt_thread_worker     last_cpu=231 numa=1 mig=0 fallos=0 perf=full ipc=0.568 ratio_rm=0.0000
[OMPT] tid=664015 ompt_id=4503599627370497 tipo=ompt_thread_worker     last_cpu=  8 numa=0 mig=0 fallos=0 perf=full ipc=0.853 ratio_rm=0.1997
[OMPT] tid=664016 ompt_id=4785074604081153 tipo=ompt_thread_worker     last_cpu=128 numa=0 mig=0 fallos=0 perf=full ipc=0.755 ratio_rm=0.1919
[OMPT] tid=664017 ompt_id=5066549580791809 tipo=ompt_thread_worker     last_cpu=113 numa=1 mig=0 fallos=0 perf=full ipc=0.612 ratio_rm=0.0001
[OMPT] tid=664018 ompt_id=5348024557502465 tipo=ompt_thread_worker     last_cpu= 80 numa=1 mig=0 fallos=0 perf=full ipc=0.622 ratio_rm=0.0000
[OMPT] tid=664019 ompt_id=5629499534213121 tipo=ompt_thread_worker     last_cpu=206 numa=1 mig=0 fallos=0 perf=full ipc=0.594 ratio_rm=0.0000
[OMPT] tid=664020 ompt_id=5910974510923777 tipo=ompt_thread_worker     last_cpu=112 numa=1 mig=0 fallos=0 perf=full ipc=0.631 ratio_rm=0.0000
[OMPT] tid=664021 ompt_id=6192449487634433 tipo=ompt_thread_worker     last_cpu= 81 numa=1 mig=0 fallos=0 perf=full ipc=0.623 ratio_rm=0.0000
[OMPT] tid=664022 ompt_id=6473924464345089 tipo=ompt_thread_worker     last_cpu= 99 numa=1 mig=0 fallos=0 perf=full ipc=0.531 ratio_rm=0.0000
[OMPT] tid=664023 ompt_id=6755399441055745 tipo=ompt_thread_worker     last_cpu= 66 numa=1 mig=0 fallos=0 perf=full ipc=0.613 ratio_rm=0.0000
[OMPT] tid=664024 ompt_id=7036874417766401 tipo=ompt_thread_worker     last_cpu=104 numa=1 mig=0 fallos=0 perf=full ipc=0.608 ratio_rm=0.0000
[OMPT] tid=664025 ompt_id=7318349394477057 tipo=ompt_thread_worker     last_cpu= 16 numa=0 mig=0 fallos=0 perf=full ipc=0.623 ratio_rm=0.0841
[OMPT] tid=664026 ompt_id=7599824371187713 tipo=ompt_thread_worker     last_cpu=252 numa=1 mig=0 fallos=0 perf=full ipc=0.523 ratio_rm=0.0000
[OMPT] tid=664027 ompt_id=7881299347898369 tipo=ompt_thread_worker     last_cpu=207 numa=1 mig=0 fallos=0 perf=full ipc=0.594 ratio_rm=0.0000
[OMPT] tid=664028 ompt_id=8162774324609025 tipo=ompt_thread_worker     last_cpu= 98 numa=1 mig=0 fallos=0 perf=full ipc=0.554 ratio_rm=0.0001
[OMPT] tid=664029 ompt_id=8444249301319681 tipo=ompt_thread_worker     last_cpu= 24 numa=0 mig=0 fallos=0 perf=full ipc=0.853 ratio_rm=0.2002
[OMPT] tid=664030 ompt_id=8725724278030337 tipo=ompt_thread_worker     last_cpu= 65 numa=1 mig=0 fallos=0 perf=full ipc=0.523 ratio_rm=0.0000
[OMPT] tid=664031 ompt_id=9007199254740993 tipo=ompt_thread_worker     last_cpu=247 numa=1 mig=0 fallos=0 perf=full ipc=0.650 ratio_rm=0.0000
[OMPT] ===== Overhead intrínseco =====
  monitor: 67 ticks, 37212.2 us total (max 986.5 us/tick)
  callbacks implicit_task: 5057, 1064545.0 us total
  migraciones: 0 (0.0 us total)
  resyncs=0  lecturas escaladas por multiplexado=7552
  hilos con perf fallido=0  parcial(ipc_only)=0
  ventanas con ciclos=1824  con fills=1824
