[OMPT] ompt_initialize (OPCIÓN C: integrador con fugas)  verbose=0  migracion=activa
[HWLOC] Nodos NUMA detectados: 2 (usados: 2)
[HWLOC] Nodo 0: 128 CPUs
[HWLOC] Nodo 1: 128 CPUs
[OMPT] callback 'ompt_callback_thread_begin' registrado (result=5)
[OMPT] callback 'ompt_callback_thread_end' registrado (result=5)
[OMPT] callback 'ompt_callback_parallel_begin' registrado (result=5)
[OMPT] callback 'ompt_callback_parallel_end' registrado (result=5)
[OMPT] callback 'ompt_callback_implicit_task' registrado (result=5)
[OMPT] callback 'ompt_callback_control_tool' registrado (result=5)
[OMPT] Callbacks registrados
[OMPT] Sistema: 0 procesadores lógicos
[OMPT][MON] Monitor (C: integrador con fugas)  período=100ms  warmup=5  T=ref+1.00*MAD  leak=0.50*MAD  cap=8.00*MAD  max_mig=1  migracion=activa
[perf_region] tool OMPT detectado: los contadores los lleva el tool, no se abren aqui
[OMPT] control_tool: INICIANDO medicion
[OMPT] control_tool: PAUSANDO medicion
[OMPT] ompt_finalize
[OMPT][MON] Monitor detenido tras 2 ventanas
[OMPT] CSV de ventanas: 0 filas volcadas (0 descartadas)
[OMPT] ===== Tabla final: 64 hilos =====
[OMPT] tid=645901 ompt_id=281474976710657 tipo=ompt_thread_initial    last_cpu=255 numa=1 mig=0 fallos=0 perf=full ipc=0.801 ratio_rm=0.0005
[OMPT] tid=645903 ompt_id=562949953421313 tipo=ompt_thread_worker     last_cpu=249 numa=1 mig=0 fallos=0 perf=full ipc=0.826 ratio_rm=0.0002
[OMPT] tid=645904 ompt_id=844424930131969 tipo=ompt_thread_worker     last_cpu=120 numa=1 mig=0 fallos=0 perf=full ipc=0.815 ratio_rm=0.0002
[OMPT] tid=645905 ompt_id=1125899906842625 tipo=ompt_thread_worker     last_cpu= 81 numa=1 mig=0 fallos=0 perf=full ipc=1.110 ratio_rm=0.0004
[OMPT] tid=645906 ompt_id=1407374883553281 tipo=ompt_thread_worker     last_cpu= 80 numa=1 mig=0 fallos=0 perf=full ipc=1.112 ratio_rm=0.0003
[OMPT] tid=645907 ompt_id=1688849860263937 tipo=ompt_thread_worker     last_cpu= 96 numa=1 mig=0 fallos=0 perf=full ipc=1.123 ratio_rm=0.0006
[OMPT] tid=645908 ompt_id=1970324836974593 tipo=ompt_thread_worker     last_cpu=104 numa=1 mig=0 fallos=0 perf=full ipc=1.120 ratio_rm=0.0003
[OMPT] tid=645909 ompt_id=2251799813685249 tipo=ompt_thread_worker     last_cpu= 32 numa=0 mig=0 fallos=0 perf=full ipc=1.074 ratio_rm=0.0036
[OMPT] tid=645910 ompt_id=2533274790395905 tipo=ompt_thread_worker     last_cpu=124 numa=1 mig=0 fallos=0 perf=full ipc=0.836 ratio_rm=0.0002
[OMPT] tid=645912 ompt_id=3096224743817217 tipo=ompt_thread_worker     last_cpu=253 numa=1 mig=0 fallos=0 perf=full ipc=0.776 ratio_rm=0.0002
[OMPT] tid=645914 ompt_id=3659174697238529 tipo=ompt_thread_worker     last_cpu=123 numa=1 mig=0 fallos=0 perf=full ipc=0.803 ratio_rm=0.0003
[OMPT] tid=645913 ompt_id=3377699720527873 tipo=ompt_thread_worker     last_cpu= 82 numa=1 mig=0 fallos=0 perf=full ipc=1.107 ratio_rm=0.0004
[OMPT] tid=645915 ompt_id=3940649673949185 tipo=ompt_thread_worker     last_cpu=254 numa=1 mig=0 fallos=0 perf=full ipc=0.821 ratio_rm=0.0002
[OMPT] tid=645917 ompt_id=4503599627370497 tipo=ompt_thread_worker     last_cpu=127 numa=1 mig=0 fallos=0 perf=full ipc=0.912 ratio_rm=0.0002
[OMPT] tid=645911 ompt_id=2814749767106561 tipo=ompt_thread_worker     last_cpu= 73 numa=1 mig=0 fallos=0 perf=full ipc=1.103 ratio_rm=0.0004
[OMPT] tid=645918 ompt_id=4785074604081153 tipo=ompt_thread_worker     last_cpu=122 numa=1 mig=0 fallos=0 perf=full ipc=0.814 ratio_rm=0.0003
[OMPT] tid=645916 ompt_id=4222124650659841 tipo=ompt_thread_worker     last_cpu=252 numa=1 mig=0 fallos=0 perf=full ipc=0.915 ratio_rm=0.0002
[OMPT] tid=645919 ompt_id=5066549580791809 tipo=ompt_thread_worker     last_cpu= 68 numa=1 mig=0 fallos=0 perf=full ipc=1.026 ratio_rm=0.0002
[OMPT] tid=645920 ompt_id=5348024557502465 tipo=ompt_thread_worker     last_cpu= 66 numa=1 mig=0 fallos=0 perf=full ipc=1.067 ratio_rm=0.0004
[OMPT] tid=645921 ompt_id=5629499534213121 tipo=ompt_thread_worker     last_cpu=192 numa=1 mig=0 fallos=0 perf=full ipc=1.041 ratio_rm=0.0003
[OMPT] tid=645922 ompt_id=5910974510923777 tipo=ompt_thread_worker     last_cpu=105 numa=1 mig=0 fallos=0 perf=full ipc=1.119 ratio_rm=0.0004
[OMPT] tid=645923 ompt_id=6192449487634433 tipo=ompt_thread_worker     last_cpu= 88 numa=1 mig=0 fallos=0 perf=full ipc=1.122 ratio_rm=0.0007
[OMPT] tid=645924 ompt_id=6473924464345089 tipo=ompt_thread_worker     last_cpu= 74 numa=1 mig=0 fallos=0 perf=full ipc=1.110 ratio_rm=0.0004
[OMPT] tid=645925 ompt_id=6755399441055745 tipo=ompt_thread_worker     last_cpu=106 numa=1 mig=0 fallos=0 perf=full ipc=1.118 ratio_rm=0.0003
[OMPT] tid=645926 ompt_id=7036874417766401 tipo=ompt_thread_worker     last_cpu=250 numa=1 mig=0 fallos=0 perf=full ipc=0.777 ratio_rm=0.0002
[OMPT] tid=645927 ompt_id=7318349394477057 tipo=ompt_thread_worker     last_cpu= 69 numa=1 mig=0 fallos=0 perf=full ipc=1.012 ratio_rm=0.0002
[OMPT] tid=645928 ompt_id=7599824371187713 tipo=ompt_thread_worker     last_cpu=193 numa=1 mig=0 fallos=0 perf=full ipc=1.021 ratio_rm=0.0002
[OMPT] tid=645929 ompt_id=7881299347898369 tipo=ompt_thread_worker     last_cpu=  0 numa=0 mig=0 fallos=0 perf=full ipc=1.061 ratio_rm=0.0031
[OMPT] tid=645930 ompt_id=8162774324609025 tipo=ompt_thread_worker     last_cpu=251 numa=1 mig=0 fallos=0 perf=full ipc=0.784 ratio_rm=0.0002
[OMPT] tid=645931 ompt_id=8444249301319681 tipo=ompt_thread_worker     last_cpu= 76 numa=1 mig=0 fallos=0 perf=full ipc=1.058 ratio_rm=0.0001
[OMPT] tid=645932 ompt_id=8725724278030337 tipo=ompt_thread_worker     last_cpu=200 numa=1 mig=0 fallos=0 perf=full ipc=1.055 ratio_rm=0.0002
[OMPT] tid=645933 ompt_id=9007199254740993 tipo=ompt_thread_worker     last_cpu=189 numa=0 mig=0 fallos=0 perf=full ipc=1.022 ratio_rm=0.0038
[OMPT] tid=645934 ompt_id=9288674231451649 tipo=ompt_thread_worker     last_cpu=121 numa=1 mig=0 fallos=0 perf=full ipc=0.752 ratio_rm=0.0002
[OMPT] tid=645935 ompt_id=9570149208162305 tipo=ompt_thread_worker     last_cpu=126 numa=1 mig=0 fallos=0 perf=full ipc=0.785 ratio_rm=0.0002
[OMPT] tid=645936 ompt_id=9851624184872961 tipo=ompt_thread_worker     last_cpu=125 numa=1 mig=0 fallos=0 perf=full ipc=0.811 ratio_rm=0.0002
[OMPT] tid=645937 ompt_id=10133099161583617 tipo=ompt_thread_worker     last_cpu=  6 numa=0 mig=0 fallos=0 perf=full ipc=1.030 ratio_rm=0.0045
[OMPT] tid=645944 ompt_id=12103423998558209 tipo=ompt_thread_worker     last_cpu=144 numa=0 mig=0 fallos=0 perf=full ipc=1.066 ratio_rm=0.0032
[OMPT] tid=645958 ompt_id=16044073672507393 tipo=ompt_thread_worker     last_cpu=182 numa=0 mig=0 fallos=0 perf=full ipc=1.079 ratio_rm=0.0033
[OMPT] tid=645948 ompt_id=13229323905400833 tipo=ompt_thread_worker     last_cpu=183 numa=0 mig=0 fallos=0 perf=full ipc=1.072 ratio_rm=0.0036
[OMPT] tid=645941 ompt_id=11258999068426241 tipo=ompt_thread_worker     last_cpu=207 numa=1 mig=0 fallos=0 perf=full ipc=1.067 ratio_rm=0.0001
[OMPT] tid=645965 ompt_id=18014398509481985 tipo=ompt_thread_worker     last_cpu=206 numa=1 mig=0 fallos=0 perf=full ipc=1.069 ratio_rm=0.0001
[OMPT] tid=645945 ompt_id=12384898975268865 tipo=ompt_thread_worker     last_cpu=215 numa=1 mig=0 fallos=0 perf=full ipc=1.090 ratio_rm=0.0002
[OMPT] tid=645959 ompt_id=16325548649218049 tipo=ompt_thread_worker     last_cpu=214 numa=1 mig=0 fallos=0 perf=full ipc=1.096 ratio_rm=0.0002
[OMPT] tid=645947 ompt_id=12666373951979521 tipo=ompt_thread_worker     last_cpu=231 numa=1 mig=0 fallos=0 perf=full ipc=1.110 ratio_rm=0.0003
[OMPT] tid=645955 ompt_id=15199648742375425 tipo=ompt_thread_worker     last_cpu=230 numa=1 mig=0 fallos=0 perf=full ipc=1.108 ratio_rm=0.0003
[OMPT] tid=645939 ompt_id=10696049115004929 tipo=ompt_thread_worker     last_cpu=199 numa=1 mig=0 fallos=0 perf=full ipc=1.043 ratio_rm=0.0002
[OMPT] tid=645961 ompt_id=16888498602639361 tipo=ompt_thread_worker     last_cpu=198 numa=1 mig=0 fallos=0 perf=full ipc=1.043 ratio_rm=0.0003
[OMPT] tid=645943 ompt_id=11821949021847553 tipo=ompt_thread_worker     last_cpu=223 numa=1 mig=0 fallos=0 perf=full ipc=1.113 ratio_rm=0.0004
[OMPT] tid=645956 ompt_id=15481123719086081 tipo=ompt_thread_worker     last_cpu=142 numa=0 mig=0 fallos=0 perf=full ipc=1.101 ratio_rm=0.0020
[OMPT] tid=645946 ompt_id=12947848928690177 tipo=ompt_thread_worker     last_cpu=143 numa=0 mig=0 fallos=0 perf=full ipc=1.068 ratio_rm=0.0028
[OMPT] tid=645964 ompt_id=17732923532771329 tipo=ompt_thread_worker     last_cpu=190 numa=0 mig=0 fallos=0 perf=full ipc=1.054 ratio_rm=0.0029
[OMPT] tid=645960 ompt_id=16607023625928705 tipo=ompt_thread_worker     last_cpu=158 numa=0 mig=0 fallos=0 perf=full ipc=1.075 ratio_rm=0.0030
[OMPT] tid=645950 ompt_id=13792273858822145 tipo=ompt_thread_worker     last_cpu=159 numa=0 mig=0 fallos=0 perf=full ipc=1.057 ratio_rm=0.0038
[OMPT] tid=645962 ompt_id=17169973579350017 tipo=ompt_thread_worker     last_cpu=174 numa=0 mig=0 fallos=0 perf=full ipc=1.093 ratio_rm=0.0051
[OMPT] tid=645952 ompt_id=14355223812243457 tipo=ompt_thread_worker     last_cpu=175 numa=0 mig=0 fallos=0 perf=full ipc=1.090 ratio_rm=0.0038
[OMPT] tid=645942 ompt_id=11540474045136897 tipo=ompt_thread_worker     last_cpu=167 numa=0 mig=0 fallos=0 perf=full ipc=1.049 ratio_rm=0.0033
[OMPT] tid=645940 ompt_id=10977524091715585 tipo=ompt_thread_worker     last_cpu=  4 numa=0 mig=0 fallos=0 perf=full ipc=1.034 ratio_rm=0.0046
[OMPT] tid=645957 ompt_id=15762598695796737 tipo=ompt_thread_worker     last_cpu=246 numa=1 mig=0 fallos=0 perf=full ipc=1.127 ratio_rm=0.0008
[OMPT] tid=645949 ompt_id=13510798882111489 tipo=ompt_thread_worker     last_cpu=247 numa=1 mig=0 fallos=0 perf=full ipc=1.123 ratio_rm=0.0004
[OMPT] tid=645954 ompt_id=14918173765664769 tipo=ompt_thread_worker     last_cpu=  5 numa=0 mig=0 fallos=0 perf=full ipc=1.052 ratio_rm=0.0024
[OMPT] tid=645953 ompt_id=14636698788954113 tipo=ompt_thread_worker     last_cpu=248 numa=1 mig=0 fallos=0 perf=full ipc=0.772 ratio_rm=0.0003
[OMPT] tid=645963 ompt_id=17451448556060673 tipo=ompt_thread_worker     last_cpu=238 numa=1 mig=0 fallos=0 perf=full ipc=1.105 ratio_rm=0.0002
[OMPT] tid=645938 ompt_id=10414574138294273 tipo=ompt_thread_worker     last_cpu=239 numa=1 mig=0 fallos=0 perf=full ipc=1.107 ratio_rm=0.0002
[OMPT] tid=645951 ompt_id=14073748835532801 tipo=ompt_thread_worker     last_cpu=191 numa=0 mig=0 fallos=0 perf=full ipc=1.004 ratio_rm=0.0046
[OMPT] ===== Overhead intrínseco =====
  monitor: 2 ticks, 2895.7 us total (max 2894.6 us/tick)
  callbacks implicit_task: 10113, 2906225.9 us total
  migraciones: 0 (0.0 us total)
  resyncs=0  lecturas escaladas por multiplexado=512
  hilos con perf fallido=0  parcial(ipc_only)=0
  ventanas con ciclos=0  con fills=0
