[OMPT] ompt_initialize (OPCIÓN C: integrador con fugas)  verbose=0  migracion=activa
[HWLOC] Nodos NUMA detectados: 2 (usados: 2)
[HWLOC] Nodo 0: 128 CPUs
[HWLOC] Nodo 1: 128 CPUs
[OMPT] callback 'ompt_callback_thread_begin' registrado (result=5)
[OMPT] callback 'ompt_callback_thread_end' registrado (result=5)
[OMPT] callback 'ompt_callback_parallel_begin' registrado (result=5)
[OMPT] callback 'ompt_callback_parallel_end' registrado (result=5)
[OMPT] callback 'ompt_callback_implicit_task' registrado (result=5)
[OMPT] callback 'ompt_callback_control_tool' registrado (result=5)
[OMPT] Callbacks registrados
[OMPT] Sistema: 0 procesadores lógicos
[OMPT][MON] Monitor (C: integrador con fugas)  período=100ms  warmup=5  T=ref+1.00*MAD  leak=0.50*MAD  cap=8.00*MAD  max_mig=1  migracion=activa
[perf_region] tool OMPT detectado: los contadores los lleva el tool, no se abren aqui
[OMPT] control_tool: INICIANDO medicion
[OMPT] control_tool: PAUSANDO medicion
[OMPT] ompt_finalize
[OMPT][MON] Monitor detenido tras 2 ventanas
[OMPT] CSV de ventanas: 0 filas volcadas (0 descartadas)
[OMPT] ===== Tabla final: 128 hilos =====
[OMPT] tid=628828 ompt_id=281474976710657 tipo=ompt_thread_initial    last_cpu=255 numa=1 mig=0 fallos=0 perf=full ipc=0.513 ratio_rm=0.0063
[OMPT] tid=628830 ompt_id=562949953421313 tipo=ompt_thread_worker     last_cpu=124 numa=1 mig=0 fallos=0 perf=full ipc=0.356 ratio_rm=0.0088
[OMPT] tid=628832 ompt_id=844424930131969 tipo=ompt_thread_worker     last_cpu=122 numa=1 mig=0 fallos=0 perf=full ipc=0.366 ratio_rm=0.0130
[OMPT] tid=628831 ompt_id=1125899906842625 tipo=ompt_thread_worker     last_cpu=123 numa=1 mig=0 fallos=0 perf=full ipc=0.413 ratio_rm=0.0087
[OMPT] tid=628833 ompt_id=1407374883553281 tipo=ompt_thread_worker     last_cpu= 89 numa=1 mig=0 fallos=0 perf=full ipc=0.332 ratio_rm=0.0329
[OMPT] tid=628834 ompt_id=1688849860263937 tipo=ompt_thread_worker     last_cpu= 13 numa=0 mig=0 fallos=0 perf=full ipc=0.175 ratio_rm=0.0310
[OMPT] tid=628836 ompt_id=2251799813685249 tipo=ompt_thread_worker     last_cpu=  9 numa=0 mig=0 fallos=0 perf=full ipc=0.302 ratio_rm=0.0235
[OMPT] tid=628835 ompt_id=1970324836974593 tipo=ompt_thread_worker     last_cpu=121 numa=1 mig=0 fallos=0 perf=full ipc=0.372 ratio_rm=0.0170
[OMPT] tid=628837 ompt_id=2533274790395905 tipo=ompt_thread_worker     last_cpu=120 numa=1 mig=0 fallos=0 perf=full ipc=0.357 ratio_rm=0.0136
[OMPT] tid=628839 ompt_id=2814749767106561 tipo=ompt_thread_worker     last_cpu= 12 numa=0 mig=0 fallos=0 perf=full ipc=0.151 ratio_rm=0.0243
[OMPT] tid=628838 ompt_id=3096224743817217 tipo=ompt_thread_worker     last_cpu= 19 numa=0 mig=0 fallos=0 perf=full ipc=0.270 ratio_rm=0.0255
[OMPT] tid=628840 ompt_id=3377699720527873 tipo=ompt_thread_worker     last_cpu=132 numa=0 mig=0 fallos=0 perf=full ipc=0.171 ratio_rm=0.0172
[OMPT] tid=628841 ompt_id=3659174697238529 tipo=ompt_thread_worker     last_cpu=  0 numa=0 mig=0 fallos=0 perf=full ipc=0.186 ratio_rm=0.0198
[OMPT] tid=628842 ompt_id=3940649673949185 tipo=ompt_thread_worker     last_cpu= 80 numa=1 mig=0 fallos=0 perf=full ipc=0.286 ratio_rm=0.0273
[OMPT] tid=628843 ompt_id=4222124650659841 tipo=ompt_thread_worker     last_cpu= 88 numa=1 mig=0 fallos=0 perf=full ipc=0.357 ratio_rm=0.0203
[OMPT] tid=628844 ompt_id=4503599627370497 tipo=ompt_thread_worker     last_cpu= 96 numa=1 mig=0 fallos=0 perf=full ipc=0.283 ratio_rm=0.0274
[OMPT] tid=628845 ompt_id=4785074604081153 tipo=ompt_thread_worker     last_cpu= 57 numa=0 mig=0 fallos=0 perf=full ipc=0.272 ratio_rm=0.0298
[OMPT] tid=628846 ompt_id=5066549580791809 tipo=ompt_thread_worker     last_cpu=134 numa=0 mig=0 fallos=0 perf=full ipc=0.184 ratio_rm=0.0294
[OMPT] tid=628847 ompt_id=5348024557502465 tipo=ompt_thread_worker     last_cpu=126 numa=1 mig=0 fallos=0 perf=full ipc=0.343 ratio_rm=0.0098
[OMPT] tid=628848 ompt_id=5629499534213121 tipo=ompt_thread_worker     last_cpu= 10 numa=0 mig=0 fallos=0 perf=full ipc=0.159 ratio_rm=0.0298
[OMPT] tid=628849 ompt_id=5910974510923777 tipo=ompt_thread_worker     last_cpu=  7 numa=0 mig=0 fallos=0 perf=full ipc=0.222 ratio_rm=0.0209
[OMPT] tid=628850 ompt_id=6192449487634433 tipo=ompt_thread_worker     last_cpu=130 numa=0 mig=0 fallos=0 perf=full ipc=0.157 ratio_rm=0.0072
[OMPT] tid=628851 ompt_id=6473924464345089 tipo=ompt_thread_worker     last_cpu=129 numa=0 mig=0 fallos=0 perf=full ipc=0.153 ratio_rm=0.0066
[OMPT] tid=628852 ompt_id=6755399441055745 tipo=ompt_thread_worker     last_cpu=128 numa=0 mig=0 fallos=0 perf=full ipc=0.171 ratio_rm=0.0127
[OMPT] tid=628853 ompt_id=7036874417766401 tipo=ompt_thread_worker     last_cpu=189 numa=0 mig=0 fallos=0 perf=full ipc=0.232 ratio_rm=0.0254
[OMPT] tid=628854 ompt_id=7318349394477057 tipo=ompt_thread_worker     last_cpu= 15 numa=0 mig=0 fallos=0 perf=full ipc=0.189 ratio_rm=0.0277
[OMPT] tid=628855 ompt_id=7599824371187713 tipo=ompt_thread_worker     last_cpu=254 numa=1 mig=0 fallos=0 perf=full ipc=0.368 ratio_rm=0.0100
[OMPT] tid=628856 ompt_id=7881299347898369 tipo=ompt_thread_worker     last_cpu= 11 numa=0 mig=0 fallos=0 perf=full ipc=0.136 ratio_rm=0.0272
[OMPT] tid=628857 ompt_id=8162774324609025 tipo=ompt_thread_worker     last_cpu=187 numa=0 mig=0 fallos=0 perf=full ipc=0.248 ratio_rm=0.0275
[OMPT] tid=628858 ompt_id=8444249301319681 tipo=ompt_thread_worker     last_cpu= 14 numa=0 mig=0 fallos=0 perf=full ipc=0.181 ratio_rm=0.0287
[OMPT] tid=628859 ompt_id=8725724278030337 tipo=ompt_thread_worker     last_cpu=253 numa=1 mig=0 fallos=0 perf=full ipc=0.391 ratio_rm=0.0091
[OMPT] tid=628860 ompt_id=9007199254740993 tipo=ompt_thread_worker     last_cpu=133 numa=0 mig=0 fallos=0 perf=full ipc=0.197 ratio_rm=0.0258
[OMPT] tid=628861 ompt_id=9288674231451649 tipo=ompt_thread_worker     last_cpu=125 numa=1 mig=0 fallos=0 perf=full ipc=0.392 ratio_rm=0.0092
[OMPT] tid=628862 ompt_id=9570149208162305 tipo=ompt_thread_worker     last_cpu=  8 numa=0 mig=0 fallos=0 perf=full ipc=0.286 ratio_rm=0.0304
[OMPT] tid=628863 ompt_id=9851624184872961 tipo=ompt_thread_worker     last_cpu=127 numa=1 mig=0 fallos=0 perf=full ipc=0.479 ratio_rm=0.0088
[OMPT] tid=628864 ompt_id=10133099161583617 tipo=ompt_thread_worker     last_cpu= 64 numa=1 mig=0 fallos=0 perf=full ipc=0.414 ratio_rm=0.0561
[OMPT] tid=628949 ompt_id=34058472181989377 tipo=ompt_thread_worker     last_cpu=186 numa=0 mig=0 fallos=0 perf=full ipc=0.314 ratio_rm=0.0335
[OMPT] tid=628941 ompt_id=31806672368304129 tipo=ompt_thread_worker     last_cpu= 24 numa=0 mig=0 fallos=0 perf=full ipc=0.362 ratio_rm=0.0427
[OMPT] tid=628885 ompt_id=16044073672507393 tipo=ompt_thread_worker     last_cpu=190 numa=0 mig=0 fallos=0 perf=full ipc=0.191 ratio_rm=0.0289
[OMPT] tid=628899 ompt_id=19984723346456577 tipo=ompt_thread_worker     last_cpu= 56 numa=0 mig=0 fallos=0 perf=full ipc=0.263 ratio_rm=0.0273
[OMPT] tid=628927 ompt_id=27866022694354945 tipo=ompt_thread_worker     last_cpu=188 numa=0 mig=0 fallos=0 perf=full ipc=0.238 ratio_rm=0.0265
[OMPT] tid=628920 ompt_id=25895697857380353 tipo=ompt_thread_worker     last_cpu=212 numa=1 mig=0 fallos=0 perf=full ipc=0.304 ratio_rm=0.0203
[OMPT] tid=628906 ompt_id=21955048183431169 tipo=ompt_thread_worker     last_cpu=213 numa=1 mig=0 fallos=0 perf=full ipc=0.296 ratio_rm=0.0183
[OMPT] tid=628954 ompt_id=35465847065542657 tipo=ompt_thread_worker     last_cpu=210 numa=1 mig=0 fallos=0 perf=full ipc=0.333 ratio_rm=0.0536
[OMPT] tid=628888 ompt_id=16888498602639361 tipo=ompt_thread_worker     last_cpu=214 numa=1 mig=0 fallos=0 perf=full ipc=0.306 ratio_rm=0.0180
[OMPT] tid=628936 ompt_id=30399297484750849 tipo=ompt_thread_worker     last_cpu=211 numa=1 mig=0 fallos=0 perf=full ipc=0.301 ratio_rm=0.0203
[OMPT] tid=628874 ompt_id=12666373951979521 tipo=ompt_thread_worker     last_cpu=215 numa=1 mig=0 fallos=0 perf=full ipc=0.284 ratio_rm=0.0152
[OMPT] tid=628932 ompt_id=29273397577908225 tipo=ompt_thread_worker     last_cpu=227 numa=1 mig=0 fallos=0 perf=full ipc=0.296 ratio_rm=0.0220
[OMPT] tid=628905 ompt_id=21673573206720513 tipo=ompt_thread_worker     last_cpu=181 numa=0 mig=0 fallos=0 perf=full ipc=0.365 ratio_rm=0.0357
[OMPT] tid=628879 ompt_id=14355223812243457 tipo=ompt_thread_worker     last_cpu=183 numa=0 mig=0 fallos=0 perf=full ipc=0.342 ratio_rm=0.0274
[OMPT] tid=628939 ompt_id=31243722414882817 tipo=ompt_thread_worker     last_cpu=179 numa=0 mig=0 fallos=0 perf=full ipc=0.348 ratio_rm=0.0318
[OMPT] tid=628901 ompt_id=20547673299877889 tipo=ompt_thread_worker     last_cpu=165 numa=0 mig=0 fallos=0 perf=full ipc=0.202 ratio_rm=0.0385
[OMPT] tid=628935 ompt_id=30117822508040193 tipo=ompt_thread_worker     last_cpu=171 numa=0 mig=0 fallos=0 perf=full ipc=0.221 ratio_rm=0.0296
[OMPT] tid=628889 ompt_id=17169973579350017 tipo=ompt_thread_worker     last_cpu=174 numa=0 mig=0 fallos=0 perf=full ipc=0.203 ratio_rm=0.0358
[OMPT] tid=628875 ompt_id=13510798882111489 tipo=ompt_thread_worker     last_cpu=175 numa=0 mig=0 fallos=0 perf=full ipc=0.210 ratio_rm=0.0267
[OMPT] tid=628947 ompt_id=33495522228568065 tipo=ompt_thread_worker     last_cpu=170 numa=0 mig=0 fallos=0 perf=full ipc=0.316 ratio_rm=0.0336
[OMPT] tid=628946 ompt_id=33214047251857409 tipo=ompt_thread_worker     last_cpu=226 numa=1 mig=0 fallos=0 perf=full ipc=0.340 ratio_rm=0.0464
[OMPT] tid=628916 ompt_id=24769797950537729 tipo=ompt_thread_worker     last_cpu=228 numa=1 mig=0 fallos=0 perf=full ipc=0.315 ratio_rm=0.0254
[OMPT] tid=628882 ompt_id=15199648742375425 tipo=ompt_thread_worker     last_cpu=230 numa=1 mig=0 fallos=0 perf=full ipc=0.265 ratio_rm=0.0145
[OMPT] tid=628866 ompt_id=10696049115004929 tipo=ompt_thread_worker     last_cpu=231 numa=1 mig=0 fallos=0 perf=full ipc=0.259 ratio_rm=0.0138
[OMPT] tid=628931 ompt_id=28991922601197569 tipo=ompt_thread_worker     last_cpu=139 numa=0 mig=0 fallos=0 perf=full ipc=0.159 ratio_rm=0.0320
[OMPT] tid=628883 ompt_id=15481123719086081 tipo=ompt_thread_worker     last_cpu=142 numa=0 mig=0 fallos=0 perf=full ipc=0.201 ratio_rm=0.0312
[OMPT] tid=628869 ompt_id=11821949021847553 tipo=ompt_thread_worker     last_cpu=143 numa=0 mig=0 fallos=0 perf=full ipc=0.170 ratio_rm=0.0178
[OMPT] tid=628912 ompt_id=23643898043695105 tipo=ompt_thread_worker     last_cpu=250 numa=1 mig=0 fallos=0 perf=full ipc=0.375 ratio_rm=0.0149
[OMPT] tid=628896 ompt_id=19140298416324609 tipo=ompt_thread_worker     last_cpu=249 numa=1 mig=0 fallos=0 perf=full ipc=0.407 ratio_rm=0.0099
[OMPT] tid=628898 ompt_id=19703248369745921 tipo=ompt_thread_worker     last_cpu=229 numa=1 mig=0 fallos=0 perf=full ipc=0.276 ratio_rm=0.0137
[OMPT] tid=628952 ompt_id=34902897112121345 tipo=ompt_thread_worker     last_cpu=242 numa=1 mig=0 fallos=0 perf=full ipc=0.482 ratio_rm=0.0562
[OMPT] tid=628876 ompt_id=13229323905400833 tipo=ompt_thread_worker     last_cpu=247 numa=1 mig=0 fallos=0 perf=full ipc=0.403 ratio_rm=0.0115
[OMPT] tid=628904 ompt_id=21392098230009857 tipo=ompt_thread_worker     last_cpu=245 numa=1 mig=0 fallos=0 perf=full ipc=0.404 ratio_rm=0.0100
[OMPT] tid=628918 ompt_id=25332747903959041 tipo=ompt_thread_worker     last_cpu=244 numa=1 mig=0 fallos=0 perf=full ipc=0.406 ratio_rm=0.0139
[OMPT] tid=628937 ompt_id=30680772461461505 tipo=ompt_thread_worker     last_cpu=145 numa=0 mig=0 fallos=0 perf=full ipc=0.370 ratio_rm=0.0471
[OMPT] tid=628878 ompt_id=14073748835532801 tipo=ompt_thread_worker     last_cpu= 21 numa=0 mig=0 fallos=0 perf=full ipc=0.290 ratio_rm=0.0336
[OMPT] tid=628891 ompt_id=17732923532771329 tipo=ompt_thread_worker     last_cpu=151 numa=0 mig=0 fallos=0 perf=full ipc=0.270 ratio_rm=0.0340
[OMPT] tid=628887 ompt_id=16607023625928705 tipo=ompt_thread_worker     last_cpu=166 numa=0 mig=0 fallos=0 perf=full ipc=0.196 ratio_rm=0.0305
[OMPT] tid=628953 ompt_id=35184372088832001 tipo=ompt_thread_worker     last_cpu=162 numa=0 mig=0 fallos=0 perf=full ipc=0.269 ratio_rm=0.0457
[OMPT] tid=628943 ompt_id=32369622321725441 tipo=ompt_thread_worker     last_cpu=163 numa=0 mig=0 fallos=0 perf=full ipc=0.265 ratio_rm=0.0320
[OMPT] tid=628944 ompt_id=32651097298436097 tipo=ompt_thread_worker     last_cpu=252 numa=1 mig=0 fallos=0 perf=full ipc=0.347 ratio_rm=0.0136
[OMPT] tid=628928 ompt_id=28147497671065601 tipo=ompt_thread_worker     last_cpu=251 numa=1 mig=0 fallos=0 perf=full ipc=0.406 ratio_rm=0.0134
[OMPT] tid=628880 ompt_id=14636698788954113 tipo=ompt_thread_worker     last_cpu=248 numa=1 mig=0 fallos=0 perf=full ipc=0.385 ratio_rm=0.0158
[OMPT] tid=628950 ompt_id=34339947158700033 tipo=ompt_thread_worker     last_cpu=202 numa=1 mig=0 fallos=0 perf=full ipc=0.451 ratio_rm=0.0720
[OMPT] tid=628917 ompt_id=25051272927248385 tipo=ompt_thread_worker     last_cpu=144 numa=0 mig=0 fallos=0 perf=full ipc=0.284 ratio_rm=0.0438
[OMPT] tid=628903 ompt_id=21110623253299201 tipo=ompt_thread_worker     last_cpu=150 numa=0 mig=0 fallos=0 perf=full ipc=0.306 ratio_rm=0.0331
[OMPT] tid=628915 ompt_id=24488322973827073 tipo=ompt_thread_worker     last_cpu=164 numa=0 mig=0 fallos=0 perf=full ipc=0.234 ratio_rm=0.0340
[OMPT] tid=628873 ompt_id=12947848928690177 tipo=ompt_thread_worker     last_cpu=167 numa=0 mig=0 fallos=0 perf=full ipc=0.180 ratio_rm=0.0358
[OMPT] tid=628877 ompt_id=13792273858822145 tipo=ompt_thread_worker     last_cpu=191 numa=0 mig=0 fallos=0 perf=full ipc=0.279 ratio_rm=0.0517
[OMPT] tid=628890 ompt_id=17451448556060673 tipo=ompt_thread_worker     last_cpu=246 numa=1 mig=0 fallos=0 perf=full ipc=0.404 ratio_rm=0.0135
[OMPT] tid=628938 ompt_id=30962247438172161 tipo=ompt_thread_worker     last_cpu=243 numa=1 mig=0 fallos=0 perf=full ipc=0.412 ratio_rm=0.0151
[OMPT] tid=628865 ompt_id=10414574138294273 tipo=ompt_thread_worker     last_cpu=223 numa=1 mig=0 fallos=0 perf=full ipc=0.317 ratio_rm=0.0170
[OMPT] tid=628884 ompt_id=15762598695796737 tipo=ompt_thread_worker     last_cpu=222 numa=1 mig=0 fallos=0 perf=full ipc=0.310 ratio_rm=0.0142
[OMPT] tid=628930 ompt_id=28710447624486913 tipo=ompt_thread_worker     last_cpu=219 numa=1 mig=0 fallos=0 perf=full ipc=0.321 ratio_rm=0.0192
[OMPT] tid=628956 ompt_id=36028797018963969 tipo=ompt_thread_worker     last_cpu=218 numa=1 mig=0 fallos=0 perf=full ipc=0.345 ratio_rm=0.0338
[OMPT] tid=628900 ompt_id=20266198323167233 tipo=ompt_thread_worker     last_cpu=221 numa=1 mig=0 fallos=0 perf=full ipc=0.328 ratio_rm=0.0149
[OMPT] tid=628914 ompt_id=24206847997116417 tipo=ompt_thread_worker     last_cpu=220 numa=1 mig=0 fallos=0 perf=full ipc=0.326 ratio_rm=0.0202
[OMPT] tid=628910 ompt_id=23080948090273793 tipo=ompt_thread_worker     last_cpu=205 numa=1 mig=0 fallos=0 perf=full ipc=0.353 ratio_rm=0.0136
[OMPT] tid=628894 ompt_id=18577348462903297 tipo=ompt_thread_worker     last_cpu=206 numa=1 mig=0 fallos=0 perf=full ipc=0.343 ratio_rm=0.0131
[OMPT] tid=628942 ompt_id=32088147345014785 tipo=ompt_thread_worker     last_cpu=203 numa=1 mig=0 fallos=0 perf=full ipc=0.359 ratio_rm=0.0214
[OMPT] tid=628926 ompt_id=27584547717644289 tipo=ompt_thread_worker     last_cpu=204 numa=1 mig=0 fallos=0 perf=full ipc=0.344 ratio_rm=0.0176
[OMPT] tid=628872 ompt_id=12103423998558209 tipo=ompt_thread_worker     last_cpu=207 numa=1 mig=0 fallos=0 perf=full ipc=0.341 ratio_rm=0.0148
[OMPT] tid=628948 ompt_id=33776997205278721 tipo=ompt_thread_worker     last_cpu=234 numa=1 mig=0 fallos=0 perf=full ipc=0.501 ratio_rm=0.0655
[OMPT] tid=628922 ompt_id=26458647810801665 tipo=ompt_thread_worker     last_cpu=196 numa=1 mig=0 fallos=0 perf=full ipc=0.359 ratio_rm=0.0271
[OMPT] tid=628934 ompt_id=29836347531329537 tipo=ompt_thread_worker     last_cpu=195 numa=1 mig=0 fallos=0 perf=full ipc=0.390 ratio_rm=0.0257
[OMPT] tid=628908 ompt_id=22517998136852481 tipo=ompt_thread_worker     last_cpu=197 numa=1 mig=0 fallos=0 perf=full ipc=0.350 ratio_rm=0.0211
[OMPT] tid=628923 ompt_id=26740122787512321 tipo=ompt_thread_worker     last_cpu=140 numa=0 mig=0 fallos=0 perf=full ipc=0.166 ratio_rm=0.0379
[OMPT] tid=628951 ompt_id=34621422135410689 tipo=ompt_thread_worker     last_cpu=138 numa=0 mig=0 fallos=0 perf=full ipc=0.148 ratio_rm=0.0451
[OMPT] tid=628911 ompt_id=23362423066984449 tipo=ompt_thread_worker     last_cpu=141 numa=0 mig=0 fallos=0 perf=full ipc=0.187 ratio_rm=0.0382
[OMPT] tid=628921 ompt_id=26177172834091009 tipo=ompt_thread_worker     last_cpu=172 numa=0 mig=0 fallos=0 perf=full ipc=0.236 ratio_rm=0.0448
[OMPT] tid=628907 ompt_id=22236523160141825 tipo=ompt_thread_worker     last_cpu=173 numa=0 mig=0 fallos=0 perf=full ipc=0.214 ratio_rm=0.0356
[OMPT] tid=628893 ompt_id=18295873486192641 tipo=ompt_thread_worker     last_cpu=158 numa=0 mig=0 fallos=0 perf=full ipc=0.272 ratio_rm=0.0473
[OMPT] tid=628881 ompt_id=14918173765664769 tipo=ompt_thread_worker     last_cpu=  3 numa=0 mig=0 fallos=0 perf=full ipc=0.282 ratio_rm=0.0376
[OMPT] tid=628945 ompt_id=32932572275146753 tipo=ompt_thread_worker     last_cpu=  6 numa=0 mig=0 fallos=0 perf=full ipc=0.166 ratio_rm=0.0197
[OMPT] tid=628886 ompt_id=16325548649218049 tipo=ompt_thread_worker     last_cpu=238 numa=1 mig=0 fallos=0 perf=full ipc=0.405 ratio_rm=0.0125
[OMPT] tid=628924 ompt_id=27021597764222977 tipo=ompt_thread_worker     last_cpu=236 numa=1 mig=0 fallos=0 perf=full ipc=0.413 ratio_rm=0.0186
[OMPT] tid=628902 ompt_id=20829148276588545 tipo=ompt_thread_worker     last_cpu=237 numa=1 mig=0 fallos=0 perf=full ipc=0.404 ratio_rm=0.0128
[OMPT] tid=628913 ompt_id=23925373020405761 tipo=ompt_thread_worker     last_cpu=  5 numa=0 mig=0 fallos=0 perf=full ipc=0.187 ratio_rm=0.0467
[OMPT] tid=628867 ompt_id=10977524091715585 tipo=ompt_thread_worker     last_cpu=  2 numa=0 mig=0 fallos=0 perf=full ipc=0.159 ratio_rm=0.0320
[OMPT] tid=628868 ompt_id=11258999068426241 tipo=ompt_thread_worker     last_cpu=239 numa=1 mig=0 fallos=0 perf=full ipc=0.405 ratio_rm=0.0136
[OMPT] tid=628940 ompt_id=31525197391593473 tipo=ompt_thread_worker     last_cpu=235 numa=1 mig=0 fallos=0 perf=full ipc=0.413 ratio_rm=0.0155
[OMPT] tid=628870 ompt_id=11540474045136897 tipo=ompt_thread_worker     last_cpu=199 numa=1 mig=0 fallos=0 perf=full ipc=0.343 ratio_rm=0.0184
[OMPT] tid=628929 ompt_id=28428972647776257 tipo=ompt_thread_worker     last_cpu=  1 numa=0 mig=0 fallos=0 perf=full ipc=0.159 ratio_rm=0.0449
[OMPT] tid=628909 ompt_id=22799473113563137 tipo=ompt_thread_worker     last_cpu=157 numa=0 mig=0 fallos=0 perf=full ipc=0.253 ratio_rm=0.0363
[OMPT] tid=628955 ompt_id=35747322042253313 tipo=ompt_thread_worker     last_cpu=154 numa=0 mig=0 fallos=0 perf=full ipc=0.342 ratio_rm=0.0385
[OMPT] tid=628933 ompt_id=29554872554618881 tipo=ompt_thread_worker     last_cpu=155 numa=0 mig=0 fallos=0 perf=full ipc=0.276 ratio_rm=0.0335
[OMPT] tid=628897 ompt_id=19421773393035265 tipo=ompt_thread_worker     last_cpu=  4 numa=0 mig=0 fallos=0 perf=full ipc=0.161 ratio_rm=0.0445
[OMPT] tid=628895 ompt_id=18858823439613953 tipo=ompt_thread_worker     last_cpu=182 numa=0 mig=0 fallos=0 perf=full ipc=0.318 ratio_rm=0.0369
[OMPT] tid=628919 ompt_id=25614222880669697 tipo=ompt_thread_worker     last_cpu=180 numa=0 mig=0 fallos=0 perf=full ipc=0.322 ratio_rm=0.0363
[OMPT] tid=628892 ompt_id=18014398509481985 tipo=ompt_thread_worker     last_cpu=198 numa=1 mig=0 fallos=0 perf=full ipc=0.353 ratio_rm=0.0259
[OMPT] tid=628871 ompt_id=12384898975268865 tipo=ompt_thread_worker     last_cpu=159 numa=0 mig=0 fallos=0 perf=full ipc=0.271 ratio_rm=0.0245
[OMPT] tid=628925 ompt_id=27303072740933633 tipo=ompt_thread_worker     last_cpu=156 numa=0 mig=0 fallos=0 perf=full ipc=0.294 ratio_rm=0.0375
[OMPT] ===== Overhead intrínseco =====
  monitor: 2 ticks, 3492.4 us total (max 3490.3 us/tick)
  callbacks implicit_task: 20225, 8405941.8 us total
  migraciones: 0 (0.0 us total)
  resyncs=0  lecturas escaladas por multiplexado=1024
  hilos con perf fallido=0  parcial(ipc_only)=0
  ventanas con ciclos=0  con fills=0
