[OMPT] ompt_initialize (OPCIÓN C: integrador con fugas)  verbose=0  migracion=activa
[HWLOC] Nodos NUMA detectados: 2 (usados: 2)
[HWLOC] Nodo 0: 128 CPUs
[HWLOC] Nodo 1: 128 CPUs
[OMPT] callback 'ompt_callback_thread_begin' registrado (result=5)
[OMPT] callback 'ompt_callback_thread_end' registrado (result=5)
[OMPT] callback 'ompt_callback_parallel_begin' registrado (result=5)
[OMPT] callback 'ompt_callback_parallel_end' registrado (result=5)
[OMPT] callback 'ompt_callback_implicit_task' registrado (result=5)
[OMPT] callback 'ompt_callback_control_tool' registrado (result=5)
[OMPT] Callbacks registrados
[OMPT] Sistema: 0 procesadores lógicos
[OMPT][MON] Monitor (C: integrador con fugas)  período=100ms  warmup=5  T=ref+1.00*MAD  leak=0.50*MAD  cap=8.00*MAD  max_mig=1  migracion=activa
[perf_region] tool OMPT detectado: los contadores los lleva el tool, no se abren aqui
[OMPT] control_tool: INICIANDO medicion
[OMPT] control_tool: PAUSANDO medicion
[OMPT] ompt_finalize
[OMPT][MON] Monitor detenido tras 1 ventanas
[OMPT] CSV de ventanas: 0 filas volcadas (0 descartadas)
[OMPT] ===== Tabla final: 16 hilos =====
[OMPT] tid=615056 ompt_id=281474976710657 tipo=ompt_thread_initial    last_cpu=255 numa=1 mig=0 fallos=0 perf=full ipc=0.436 ratio_rm=0.0249
[OMPT] tid=615058 ompt_id=562949953421313 tipo=ompt_thread_worker     last_cpu= 80 numa=1 mig=0 fallos=0 perf=full ipc=0.616 ratio_rm=0.0199
[OMPT] tid=615059 ompt_id=844424930131969 tipo=ompt_thread_worker     last_cpu=223 numa=1 mig=0 fallos=0 perf=full ipc=0.474 ratio_rm=0.0361
[OMPT] tid=615060 ompt_id=1125899906842625 tipo=ompt_thread_worker     last_cpu=  2 numa=0 mig=0 fallos=0 perf=full ipc=0.344 ratio_rm=0.0573
[OMPT] tid=615061 ompt_id=1407374883553281 tipo=ompt_thread_worker     last_cpu=231 numa=1 mig=0 fallos=0 perf=full ipc=0.495 ratio_rm=0.0371
[OMPT] tid=615062 ompt_id=1688849860263937 tipo=ompt_thread_worker     last_cpu=104 numa=1 mig=0 fallos=0 perf=full ipc=0.655 ratio_rm=0.0136
[OMPT] tid=615065 ompt_id=2533274790395905 tipo=ompt_thread_worker     last_cpu=  1 numa=0 mig=0 fallos=0 perf=full ipc=0.354 ratio_rm=0.0736
[OMPT] tid=615064 ompt_id=2251799813685249 tipo=ompt_thread_worker     last_cpu=247 numa=1 mig=0 fallos=0 perf=full ipc=0.525 ratio_rm=0.0376
[OMPT] tid=615063 ompt_id=1970324836974593 tipo=ompt_thread_worker     last_cpu= 56 numa=0 mig=0 fallos=0 perf=full ipc=0.380 ratio_rm=0.0289
[OMPT] tid=615068 ompt_id=2814749767106561 tipo=ompt_thread_worker     last_cpu=  3 numa=0 mig=0 fallos=0 perf=full ipc=0.335 ratio_rm=0.0431
[OMPT] tid=615067 ompt_id=3096224743817217 tipo=ompt_thread_worker     last_cpu=207 numa=1 mig=0 fallos=0 perf=full ipc=0.470 ratio_rm=0.0545
[OMPT] tid=615069 ompt_id=3659174697238529 tipo=ompt_thread_worker     last_cpu=215 numa=1 mig=0 fallos=0 perf=full ipc=0.596 ratio_rm=0.0354
[OMPT] tid=615066 ompt_id=3377699720527873 tipo=ompt_thread_worker     last_cpu=199 numa=1 mig=0 fallos=0 perf=full ipc=0.470 ratio_rm=0.0565
[OMPT] tid=615070 ompt_id=3940649673949185 tipo=ompt_thread_worker     last_cpu=  0 numa=0 mig=0 fallos=0 perf=full ipc=0.332 ratio_rm=0.0533
[OMPT] tid=615071 ompt_id=4222124650659841 tipo=ompt_thread_worker     last_cpu=191 numa=0 mig=0 fallos=0 perf=full ipc=0.362 ratio_rm=0.0182
[OMPT] tid=615072 ompt_id=4503599627370497 tipo=ompt_thread_worker     last_cpu=239 numa=1 mig=0 fallos=0 perf=full ipc=0.684 ratio_rm=0.0307
[OMPT] ===== Overhead intrínseco =====
  monitor: 1 ticks, 9.2 us total (max 9.2 us/tick)
  callbacks implicit_task: 2529, 56928.2 us total
  migraciones: 0 (0.0 us total)
  resyncs=0  lecturas escaladas por multiplexado=64
  hilos con perf fallido=0  parcial(ipc_only)=0
  ventanas con ciclos=0  con fills=0
