[OMPT] ompt_initialize (OPCIÓN C: integrador con fugas)  verbose=0  migracion=activa
[HWLOC] Nodos NUMA detectados: 2 (usados: 2)
[HWLOC] Nodo 0: 128 CPUs
[HWLOC] Nodo 1: 128 CPUs
[OMPT] callback 'ompt_callback_thread_begin' registrado (result=5)
[OMPT] callback 'ompt_callback_thread_end' registrado (result=5)
[OMPT] callback 'ompt_callback_parallel_begin' registrado (result=5)
[OMPT] callback 'ompt_callback_parallel_end' registrado (result=5)
[OMPT] callback 'ompt_callback_implicit_task' registrado (result=5)
[OMPT] callback 'ompt_callback_control_tool' registrado (result=5)
[OMPT] Callbacks registrados
[OMPT] Sistema: 0 procesadores lógicos
[OMPT][MON] Monitor (C: integrador con fugas)  período=100ms  warmup=5  T=ref+1.00*MAD  leak=0.50*MAD  cap=8.00*MAD  max_mig=1  migracion=activa
[OMPT][PERF] tid=401847 SIN eventos NUMA (solo IPC). Este hilo no podrá disparar migraciones.
    modo=6 mascaras por origen  primer errno: Invalid argument / Invalid argument
  → los eventos crudos son específicos de AMD Zen; en otra PMU no existen
  → con OMPT_MASCARAS=0 se vuelve al par 0xFF44/0xD044
[OMPT][PERF] tid=401849 SIN eventos NUMA (solo IPC). Este hilo no podrá disparar migraciones.
    modo=6 mascaras por origen  primer errno: Invalid argument / Invalid argument
  → los eventos crudos son específicos de AMD Zen; en otra PMU no existen
  → con OMPT_MASCARAS=0 se vuelve al par 0xFF44/0xD044
[OMPT][PERF] tid=401850 SIN eventos NUMA (solo IPC). Este hilo no podrá disparar migraciones.
    modo=6 mascaras por origen  primer errno: Invalid argument / Invalid argument
  → los eventos crudos son específicos de AMD Zen; en otra PMU no existen
  → con OMPT_MASCARAS=0 se vuelve al par 0xFF44/0xD044
[OMPT][PERF] tid=401851 SIN eventos NUMA (solo IPC). Este hilo no podrá disparar migraciones.
    modo=6 mascaras por origen  primer errno: Invalid argument / Invalid argument
  → los eventos crudos son específicos de AMD Zen; en otra PMU no existen
  → con OMPT_MASCARAS=0 se vuelve al par 0xFF44/0xD044
[OMPT][PERF] tid=401852 SIN eventos NUMA (solo IPC). Este hilo no podrá disparar migraciones.
    modo=6 mascaras por origen  primer errno: Invalid argument / Invalid argument
  → los eventos crudos son específicos de AMD Zen; en otra PMU no existen
  → con OMPT_MASCARAS=0 se vuelve al par 0xFF44/0xD044
[OMPT][PERF] tid=401854 SIN eventos NUMA (solo IPC). Este hilo no podrá disparar migraciones.
    modo=6 mascaras por origen  primer errno: Invalid argument / Invalid argument
  → los eventos crudos son específicos de AMD Zen; en otra PMU no existen
  → con OMPT_MASCARAS=0 se vuelve al par 0xFF44/0xD044
[OMPT][PERF] tid=401856 SIN eventos NUMA (solo IPC). Este hilo no podrá disparar migraciones.
    modo=6 mascaras por origen  primer errno: Invalid argument / Invalid argument
  → los eventos crudos son específicos de AMD Zen; en otra PMU no existen
  → con OMPT_MASCARAS=0 se vuelve al par 0xFF44/0xD044
[OMPT][PERF] tid=401855 SIN eventos NUMA (solo IPC). Este hilo no podrá disparar migraciones.
    modo=6 mascaras por origen  primer errno: Invalid argument / Invalid argument
  → los eventos crudos son específicos de AMD Zen; en otra PMU no existen
  → con OMPT_MASCARAS=0 se vuelve al par 0xFF44/0xD044
[OMPT][PERF] tid=401857 SIN eventos NUMA (solo IPC). Este hilo no podrá disparar migraciones.
    modo=6 mascaras por origen  primer errno: Invalid argument / Invalid argument
  → los eventos crudos son específicos de AMD Zen; en otra PMU no existen
  → con OMPT_MASCARAS=0 se vuelve al par 0xFF44/0xD044
[OMPT][PERF] tid=401853 SIN eventos NUMA (solo IPC). Este hilo no podrá disparar migraciones.
    modo=6 mascaras por origen  primer errno: Invalid argument / Invalid argument
  → los eventos crudos son específicos de AMD Zen; en otra PMU no existen
  → con OMPT_MASCARAS=0 se vuelve al par 0xFF44/0xD044
[OMPT][PERF] tid=401863 SIN eventos NUMA (solo IPC). Este hilo no podrá disparar migraciones.
    modo=6 mascaras por origen  primer errno: Invalid argument / Invalid argument
  → los eventos crudos son específicos de AMD Zen; en otra PMU no existen
  → con OMPT_MASCARAS=0 se vuelve al par 0xFF44/0xD044
[OMPT][PERF] tid=401859 SIN eventos NUMA (solo IPC). Este hilo no podrá disparar migraciones.
    modo=6 mascaras por origen  primer errno: Invalid argument / Invalid argument
  → los eventos crudos son específicos de AMD Zen; en otra PMU no existen
  → con OMPT_MASCARAS=0 se vuelve al par 0xFF44/0xD044
[OMPT][PERF] tid=401865 SIN eventos NUMA (solo IPC). Este hilo no podrá disparar migraciones.
    modo=6 mascaras por origen  primer errno: Invalid argument / Invalid argument
  → los eventos crudos son específicos de AMD Zen; en otra PMU no existen
  → con OMPT_MASCARAS=0 se vuelve al par 0xFF44/0xD044
[OMPT][PERF] tid=401864 SIN eventos NUMA (solo IPC). Este hilo no podrá disparar migraciones.
    modo=6 mascaras por origen  primer errno: Invalid argument / Invalid argument
  → los eventos crudos son específicos de AMD Zen; en otra PMU no existen
  → con OMPT_MASCARAS=0 se vuelve al par 0xFF44/0xD044
[OMPT][PERF] tid=401867 SIN eventos NUMA (solo IPC). Este hilo no podrá disparar migraciones.
    modo=6 mascaras por origen  primer errno: Invalid argument / Invalid argument
  → los eventos crudos son específicos de AMD Zen; en otra PMU no existen
  → con OMPT_MASCARAS=0 se vuelve al par 0xFF44/0xD044
[OMPT][PERF] tid=401862 SIN eventos NUMA (solo IPC). Este hilo no podrá disparar migraciones.
    modo=6 mascaras por origen  primer errno: Invalid argument / Invalid argument
  → los eventos crudos son específicos de AMD Zen; en otra PMU no existen
  → con OMPT_MASCARAS=0 se vuelve al par 0xFF44/0xD044
[OMPT][PERF] tid=401866 SIN eventos NUMA (solo IPC). Este hilo no podrá disparar migraciones.
    modo=6 mascaras por origen  primer errno: Invalid argument / Invalid argument
  → los eventos crudos son específicos de AMD Zen; en otra PMU no existen
  → con OMPT_MASCARAS=0 se vuelve al par 0xFF44/0xD044
[OMPT][PERF] tid=401860 SIN eventos NUMA (solo IPC). Este hilo no podrá disparar migraciones.
    modo=6 mascaras por origen  primer errno: Invalid argument / Invalid argument
  → los eventos crudos son específicos de AMD Zen; en otra PMU no existen
  → con OMPT_MASCARAS=0 se vuelve al par 0xFF44/0xD044
[OMPT][PERF] tid=401868 SIN eventos NUMA (solo IPC). Este hilo no podrá disparar migraciones.
    modo=6 mascaras por origen  primer errno: Invalid argument / Invalid argument
  → los eventos crudos son específicos de AMD Zen; en otra PMU no existen
  → con OMPT_MASCARAS=0 se vuelve al par 0xFF44/0xD044
[OMPT][PERF] tid=401869 SIN eventos NUMA (solo IPC). Este hilo no podrá disparar migraciones.
    modo=6 mascaras por origen  primer errno: Invalid argument / Invalid argument
  → los eventos crudos son específicos de AMD Zen; en otra PMU no existen
  → con OMPT_MASCARAS=0 se vuelve al par 0xFF44/0xD044
[OMPT][PERF] tid=401861 SIN eventos NUMA (solo IPC). Este hilo no podrá disparar migraciones.
    modo=6 mascaras por origen  primer errno: Invalid argument / Invalid argument
  → los eventos crudos son específicos de AMD Zen; en otra PMU no existen
  → con OMPT_MASCARAS=0 se vuelve al par 0xFF44/0xD044
[OMPT][PERF] tid=401874 SIN eventos NUMA (solo IPC). Este hilo no podrá disparar migraciones.
    modo=6 mascaras por origen  primer errno: Invalid argument / Invalid argument
  → los eventos crudos son específicos de AMD Zen; en otra PMU no existen
  → con OMPT_MASCARAS=0 se vuelve al par 0xFF44/0xD044
[OMPT][PERF] tid=401875 SIN eventos NUMA (solo IPC). Este hilo no podrá disparar migraciones.
    modo=6 mascaras por origen  primer errno: Invalid argument / Invalid argument
  → los eventos crudos son específicos de AMD Zen; en otra PMU no existen
  → con OMPT_MASCARAS=0 se vuelve al par 0xFF44/0xD044
[OMPT][PERF] tid=401871 SIN eventos NUMA (solo IPC). Este hilo no podrá disparar migraciones.
    modo=6 mascaras por origen  primer errno: Invalid argument / Invalid argument
  → los eventos crudos son específicos de AMD Zen; en otra PMU no existen
  → con OMPT_MASCARAS=0 se vuelve al par 0xFF44/0xD044
[OMPT][PERF] tid=401877 SIN eventos NUMA (solo IPC). Este hilo no podrá disparar migraciones.
    modo=6 mascaras por origen  primer errno: Invalid argument / Invalid argument
  → los eventos crudos son específicos de AMD Zen; en otra PMU no existen
  → con OMPT_MASCARAS=0 se vuelve al par 0xFF44/0xD044
[OMPT][PERF] tid=401876 SIN eventos NUMA (solo IPC). Este hilo no podrá disparar migraciones.
    modo=6 mascaras por origen  primer errno: Invalid argument / Invalid argument
  → los eventos crudos son específicos de AMD Zen; en otra PMU no existen
  → con OMPT_MASCARAS=0 se vuelve al par 0xFF44/0xD044
[OMPT][PERF] tid=401858 SIN eventos NUMA (solo IPC). Este hilo no podrá disparar migraciones.
    modo=6 mascaras por origen  primer errno: Invalid argument / Invalid argument
  → los eventos crudos son específicos de AMD Zen; en otra PMU no existen
  → con OMPT_MASCARAS=0 se vuelve al par 0xFF44/0xD044
[OMPT][PERF] tid=401870 SIN eventos NUMA (solo IPC). Este hilo no podrá disparar migraciones.
    modo=6 mascaras por origen  primer errno: Invalid argument / Invalid argument
  → los eventos crudos son específicos de AMD Zen; en otra PMU no existen
  → con OMPT_MASCARAS=0 se vuelve al par 0xFF44/0xD044
[OMPT][PERF] tid=401872 SIN eventos NUMA (solo IPC). Este hilo no podrá disparar migraciones.
    modo=6 mascaras por origen  primer errno: Invalid argument / Invalid argument
  → los eventos crudos son específicos de AMD Zen; en otra PMU no existen
  → con OMPT_MASCARAS=0 se vuelve al par 0xFF44/0xD044
[OMPT][PERF] tid=401878 SIN eventos NUMA (solo IPC). Este hilo no podrá disparar migraciones.
    modo=6 mascaras por origen  primer errno: Invalid argument / Invalid argument
  → los eventos crudos son específicos de AMD Zen; en otra PMU no existen
  → con OMPT_MASCARAS=0 se vuelve al par 0xFF44/0xD044
[OMPT][PERF] tid=401885 SIN eventos NUMA (solo IPC). Este hilo no podrá disparar migraciones.
    modo=6 mascaras por origen  primer errno: Invalid argument / Invalid argument
  → los eventos crudos son específicos de AMD Zen; en otra PMU no existen
  → con OMPT_MASCARAS=0 se vuelve al par 0xFF44/0xD044
[OMPT][PERF] tid=401883 SIN eventos NUMA (solo IPC). Este hilo no podrá disparar migraciones.
    modo=6 mascaras por origen  primer errno: Invalid argument / Invalid argument
  → los eventos crudos son específicos de AMD Zen; en otra PMU no existen
  → con OMPT_MASCARAS=0 se vuelve al par 0xFF44/0xD044
[OMPT][PERF] tid=401887 SIN eventos NUMA (solo IPC). Este hilo no podrá disparar migraciones.
    modo=6 mascaras por origen  primer errno: Invalid argument / Invalid argument
  → los eventos crudos son específicos de AMD Zen; en otra PMU no existen
  → con OMPT_MASCARAS=0 se vuelve al par 0xFF44/0xD044
[OMPT][PERF] tid=401882 SIN eventos NUMA (solo IPC). Este hilo no podrá disparar migraciones.
    modo=6 mascaras por origen  primer errno: Invalid argument / Invalid argument
  → los eventos crudos son específicos de AMD Zen; en otra PMU no existen
  → con OMPT_MASCARAS=0 se vuelve al par 0xFF44/0xD044
[OMPT][PERF] tid=401881 SIN eventos NUMA (solo IPC). Este hilo no podrá disparar migraciones.
    modo=6 mascaras por origen  primer errno: Invalid argument / Invalid argument
  → los eventos crudos son específicos de AMD Zen; en otra PMU no existen
  → con OMPT_MASCARAS=0 se vuelve al par 0xFF44/0xD044
[OMPT][PERF] tid=401880 SIN eventos NUMA (solo IPC). Este hilo no podrá disparar migraciones.
    modo=6 mascaras por origen  primer errno: Invalid argument / Invalid argument
  → los eventos crudos son específicos de AMD Zen; en otra PMU no existen
  → con OMPT_MASCARAS=0 se vuelve al par 0xFF44/0xD044
[OMPT][PERF] tid=401879 SIN eventos NUMA (solo IPC). Este hilo no podrá disparar migraciones.
    modo=6 mascaras por origen  primer errno: Invalid argument / Invalid argument
  → los eventos crudos son específicos de AMD Zen; en otra PMU no existen
  → con OMPT_MASCARAS=0 se vuelve al par 0xFF44/0xD044
[OMPT][PERF] tid=401888 SIN eventos NUMA (solo IPC). Este hilo no podrá disparar migraciones.
    modo=6 mascaras por origen  primer errno: Invalid argument / Invalid argument
  → los eventos crudos son específicos de AMD Zen; en otra PMU no existen
  → con OMPT_MASCARAS=0 se vuelve al par 0xFF44/0xD044
[OMPT][PERF] tid=401886 SIN eventos NUMA (solo IPC). Este hilo no podrá disparar migraciones.
    modo=6 mascaras por origen  primer errno: Invalid argument / Invalid argument
  → los eventos crudos son específicos de AMD Zen; en otra PMU no existen
  → con OMPT_MASCARAS=0 se vuelve al par 0xFF44/0xD044
[OMPT][PERF] tid=401873 SIN eventos NUMA (solo IPC). Este hilo no podrá disparar migraciones.
    modo=6 mascaras por origen  primer errno: Invalid argument / Invalid argument
  → los eventos crudos son específicos de AMD Zen; en otra PMU no existen
  → con OMPT_MASCARAS=0 se vuelve al par 0xFF44/0xD044
[OMPT][PERF] tid=401893 SIN eventos NUMA (solo IPC). Este hilo no podrá disparar migraciones.
    modo=6 mascaras por origen  primer errno: Invalid argument / Invalid argument
  → los eventos crudos son específicos de AMD Zen; en otra PMU no existen
  → con OMPT_MASCARAS=0 se vuelve al par 0xFF44/0xD044
[OMPT][PERF] tid=401896 SIN eventos NUMA (solo IPC). Este hilo no podrá disparar migraciones.
    modo=6 mascaras por origen  primer errno: Invalid argument / Invalid argument
  → los eventos crudos son específicos de AMD Zen; en otra PMU no existen
  → con OMPT_MASCARAS=0 se vuelve al par 0xFF44/0xD044
[OMPT][PERF] tid=401891 SIN eventos NUMA (solo IPC). Este hilo no podrá disparar migraciones.
    modo=6 mascaras por origen  primer errno: Invalid argument / Invalid argument
  → los eventos crudos son específicos de AMD Zen; en otra PMU no existen
  → con OMPT_MASCARAS=0 se vuelve al par 0xFF44/0xD044
[OMPT][PERF] tid=401892 SIN eventos NUMA (solo IPC). Este hilo no podrá disparar migraciones.
    modo=6 mascaras por origen  primer errno: Invalid argument / Invalid argument
  → los eventos crudos son específicos de AMD Zen; en otra PMU no existen
  → con OMPT_MASCARAS=0 se vuelve al par 0xFF44/0xD044
[OMPT][PERF] tid=401898 SIN eventos NUMA (solo IPC). Este hilo no podrá disparar migraciones.
    modo=6 mascaras por origen  primer errno: Invalid argument / Invalid argument
  → los eventos crudos son específicos de AMD Zen; en otra PMU no existen
  → con OMPT_MASCARAS=0 se vuelve al par 0xFF44/0xD044
[OMPT][PERF] tid=401894 SIN eventos NUMA (solo IPC). Este hilo no podrá disparar migraciones.
    modo=6 mascaras por origen  primer errno: Invalid argument / Invalid argument
  → los eventos crudos son específicos de AMD Zen; en otra PMU no existen
  → con OMPT_MASCARAS=0 se vuelve al par 0xFF44/0xD044
[OMPT][PERF] tid=401884 SIN eventos NUMA (solo IPC). Este hilo no podrá disparar migraciones.
    modo=6 mascaras por origen  primer errno: Invalid argument / Invalid argument
  → los eventos crudos son específicos de AMD Zen; en otra PMU no existen
  → con OMPT_MASCARAS=0 se vuelve al par 0xFF44/0xD044
[OMPT][PERF] tid=401902 SIN eventos NUMA (solo IPC). Este hilo no podrá disparar migraciones.
    modo=6 mascaras por origen  primer errno: Invalid argument / Invalid argument
  → los eventos crudos son específicos de AMD Zen; en otra PMU no existen
  → con OMPT_MASCARAS=0 se vuelve al par 0xFF44/0xD044
[OMPT][PERF] tid=401900 SIN eventos NUMA (solo IPC). Este hilo no podrá disparar migraciones.
    modo=6 mascaras por origen  primer errno: Invalid argument / Invalid argument
  → los eventos crudos son específicos de AMD Zen; en otra PMU no existen
  → con OMPT_MASCARAS=0 se vuelve al par 0xFF44/0xD044
[OMPT][PERF] tid=401897 SIN eventos NUMA (solo IPC). Este hilo no podrá disparar migraciones.
    modo=6 mascaras por origen  primer errno: Invalid argument / Invalid argument
  → los eventos crudos son específicos de AMD Zen; en otra PMU no existen
  → con OMPT_MASCARAS=0 se vuelve al par 0xFF44/0xD044
[OMPT][PERF] tid=401903 SIN eventos NUMA (solo IPC). Este hilo no podrá disparar migraciones.
    modo=6 mascaras por origen  primer errno: Invalid argument / Invalid argument
  → los eventos crudos son específicos de AMD Zen; en otra PMU no existen
  → con OMPT_MASCARAS=0 se vuelve al par 0xFF44/0xD044
[OMPT][PERF] tid=401905 SIN eventos NUMA (solo IPC). Este hilo no podrá disparar migraciones.
    modo=6 mascaras por origen  primer errno: Invalid argument / Invalid argument
  → los eventos crudos son específicos de AMD Zen; en otra PMU no existen
  → con OMPT_MASCARAS=0 se vuelve al par 0xFF44/0xD044
[OMPT][PERF] tid=401904 SIN eventos NUMA (solo IPC). Este hilo no podrá disparar migraciones.
    modo=6 mascaras por origen  primer errno: Invalid argument / Invalid argument
  → los eventos crudos son específicos de AMD Zen; en otra PMU no existen
  → con OMPT_MASCARAS=0 se vuelve al par 0xFF44/0xD044
[OMPT][PERF] tid=401895 SIN eventos NUMA (solo IPC). Este hilo no podrá disparar migraciones.
    modo=6 mascaras por origen  primer errno: Invalid argument / Invalid argument
  → los eventos crudos son específicos de AMD Zen; en otra PMU no existen
  → con OMPT_MASCARAS=0 se vuelve al par 0xFF44/0xD044
[OMPT][PERF] tid=401906 SIN eventos NUMA (solo IPC). Este hilo no podrá disparar migraciones.
    modo=6 mascaras por origen  primer errno: Invalid argument / Invalid argument
  → los eventos crudos son específicos de AMD Zen; en otra PMU no existen
  → con OMPT_MASCARAS=0 se vuelve al par 0xFF44/0xD044
[OMPT][PERF] tid=401899 SIN eventos NUMA (solo IPC). Este hilo no podrá disparar migraciones.
    modo=6 mascaras por origen  primer errno: Invalid argument / Invalid argument
  → los eventos crudos son específicos de AMD Zen; en otra PMU no existen
  → con OMPT_MASCARAS=0 se vuelve al par 0xFF44/0xD044
[OMPT][PERF] tid=401909 SIN eventos NUMA (solo IPC). Este hilo no podrá disparar migraciones.
    modo=6 mascaras por origen  primer errno: Invalid argument / Invalid argument
  → los eventos crudos son específicos de AMD Zen; en otra PMU no existen
  → con OMPT_MASCARAS=0 se vuelve al par 0xFF44/0xD044
[OMPT][PERF] tid=401890 SIN eventos NUMA (solo IPC). Este hilo no podrá disparar migraciones.
    modo=6 mascaras por origen  primer errno: Invalid argument / Invalid argument
  → los eventos crudos son específicos de AMD Zen; en otra PMU no existen
  → con OMPT_MASCARAS=0 se vuelve al par 0xFF44/0xD044
[OMPT][PERF] tid=401901 SIN eventos NUMA (solo IPC). Este hilo no podrá disparar migraciones.
    modo=6 mascaras por origen  primer errno: Invalid argument / Invalid argument
  → los eventos crudos son específicos de AMD Zen; en otra PMU no existen
  → con OMPT_MASCARAS=0 se vuelve al par 0xFF44/0xD044
[OMPT][PERF] tid=401911 SIN eventos NUMA (solo IPC). Este hilo no podrá disparar migraciones.
    modo=6 mascaras por origen  primer errno: Invalid argument / Invalid argument
  → los eventos crudos son específicos de AMD Zen; en otra PMU no existen
  → con OMPT_MASCARAS=0 se vuelve al par 0xFF44/0xD044
[OMPT][PERF] tid=401907 SIN eventos NUMA (solo IPC). Este hilo no podrá disparar migraciones.
    modo=6 mascaras por origen  primer errno: Invalid argument / Invalid argument
  → los eventos crudos son específicos de AMD Zen; en otra PMU no existen
  → con OMPT_MASCARAS=0 se vuelve al par 0xFF44/0xD044
[OMPT][PERF] tid=401908 SIN eventos NUMA (solo IPC). Este hilo no podrá disparar migraciones.
    modo=6 mascaras por origen  primer errno: Invalid argument / Invalid argument
  → los eventos crudos son específicos de AMD Zen; en otra PMU no existen
  → con OMPT_MASCARAS=0 se vuelve al par 0xFF44/0xD044
[OMPT][PERF] tid=401889 SIN eventos NUMA (solo IPC). Este hilo no podrá disparar migraciones.
    modo=6 mascaras por origen  primer errno: Invalid argument / Invalid argument
  → los eventos crudos son específicos de AMD Zen; en otra PMU no existen
  → con OMPT_MASCARAS=0 se vuelve al par 0xFF44/0xD044
[OMPT][PERF] tid=401910 SIN eventos NUMA (solo IPC). Este hilo no podrá disparar migraciones.
    modo=6 mascaras por origen  primer errno: Invalid argument / Invalid argument
  → los eventos crudos son específicos de AMD Zen; en otra PMU no existen
  → con OMPT_MASCARAS=0 se vuelve al par 0xFF44/0xD044
[perf_region] tool OMPT detectado: los contadores los lleva el tool, no se abren aqui
[OMPT] control_tool: INICIANDO medicion
[OMPT] control_tool: PAUSANDO medicion
[OMPT] ompt_finalize
[OMPT][MON] Monitor detenido tras 2 ventanas
[OMPT] CSV de ventanas: 0 filas volcadas (0 descartadas)
[OMPT] ===== Tabla final: 64 hilos =====
[OMPT] tid=401847 ompt_id=281474976710657 tipo=ompt_thread_initial    last_cpu=255 numa=1 mig=0 fallos=0 perf=ipc_only ipc=0.625 ratio_rm=-1.0000
[OMPT] tid=401849 ompt_id=562949953421313 tipo=ompt_thread_worker     last_cpu=126 numa=1 mig=0 fallos=0 perf=ipc_only ipc=0.527 ratio_rm=-1.0000
[OMPT] tid=401850 ompt_id=844424930131969 tipo=ompt_thread_worker     last_cpu=125 numa=1 mig=0 fallos=0 perf=ipc_only ipc=0.522 ratio_rm=-1.0000
[OMPT] tid=401851 ompt_id=1125899906842625 tipo=ompt_thread_worker     last_cpu=124 numa=1 mig=0 fallos=0 perf=ipc_only ipc=0.530 ratio_rm=-1.0000
[OMPT] tid=401852 ompt_id=1407374883553281 tipo=ompt_thread_worker     last_cpu=123 numa=1 mig=0 fallos=0 perf=ipc_only ipc=0.511 ratio_rm=-1.0000
[OMPT] tid=401854 ompt_id=1970324836974593 tipo=ompt_thread_worker     last_cpu=  7 numa=0 mig=0 fallos=0 perf=ipc_only ipc=0.588 ratio_rm=-1.0000
[OMPT] tid=401856 ompt_id=2533274790395905 tipo=ompt_thread_worker     last_cpu=122 numa=1 mig=0 fallos=0 perf=ipc_only ipc=0.526 ratio_rm=-1.0000
[OMPT] tid=401855 ompt_id=2251799813685249 tipo=ompt_thread_worker     last_cpu=248 numa=1 mig=0 fallos=0 perf=ipc_only ipc=0.458 ratio_rm=-1.0000
[OMPT] tid=401857 ompt_id=3377699720527873 tipo=ompt_thread_worker     last_cpu=253 numa=1 mig=0 fallos=0 perf=ipc_only ipc=0.512 ratio_rm=-1.0000
[OMPT] tid=401853 ompt_id=1688849860263937 tipo=ompt_thread_worker     last_cpu=252 numa=1 mig=0 fallos=0 perf=ipc_only ipc=0.442 ratio_rm=-1.0000
[OMPT] tid=401863 ompt_id=4503599627370497 tipo=ompt_thread_worker     last_cpu=248 numa=1 mig=0 fallos=0 perf=ipc_only ipc=0.439 ratio_rm=-1.0000
[OMPT] tid=401859 ompt_id=2814749767106561 tipo=ompt_thread_worker     last_cpu=  5 numa=0 mig=0 fallos=0 perf=ipc_only ipc=0.627 ratio_rm=-1.0000
[OMPT] tid=401865 ompt_id=5066549580791809 tipo=ompt_thread_worker     last_cpu=120 numa=1 mig=0 fallos=0 perf=ipc_only ipc=0.601 ratio_rm=-1.0000
[OMPT] tid=401864 ompt_id=4785074604081153 tipo=ompt_thread_worker     last_cpu=120 numa=1 mig=0 fallos=0 perf=ipc_only ipc=0.344 ratio_rm=-1.0000
[OMPT] tid=401867 ompt_id=5629499534213121 tipo=ompt_thread_worker     last_cpu=252 numa=1 mig=0 fallos=0 perf=ipc_only ipc=0.479 ratio_rm=-1.0000
[OMPT] tid=401862 ompt_id=4222124650659841 tipo=ompt_thread_worker     last_cpu=251 numa=1 mig=0 fallos=0 perf=ipc_only ipc=0.518 ratio_rm=-1.0000
[OMPT] tid=401866 ompt_id=5348024557502465 tipo=ompt_thread_worker     last_cpu=254 numa=1 mig=0 fallos=0 perf=ipc_only ipc=0.521 ratio_rm=-1.0000
[OMPT] tid=401860 ompt_id=3659174697238529 tipo=ompt_thread_worker     last_cpu=121 numa=1 mig=0 fallos=0 perf=ipc_only ipc=0.536 ratio_rm=-1.0000
[OMPT] tid=401868 ompt_id=5910974510923777 tipo=ompt_thread_worker     last_cpu=250 numa=1 mig=0 fallos=0 perf=ipc_only ipc=0.220 ratio_rm=-1.0000
[OMPT] tid=401869 ompt_id=6192449487634433 tipo=ompt_thread_worker     last_cpu=250 numa=1 mig=0 fallos=0 perf=ipc_only ipc=0.633 ratio_rm=-1.0000
[OMPT] tid=401861 ompt_id=3940649673949185 tipo=ompt_thread_worker     last_cpu=  2 numa=0 mig=0 fallos=0 perf=ipc_only ipc=0.632 ratio_rm=-1.0000
[OMPT] tid=401874 ompt_id=7599824371187713 tipo=ompt_thread_worker     last_cpu=  6 numa=0 mig=0 fallos=0 perf=ipc_only ipc=0.640 ratio_rm=-1.0000
[OMPT] tid=401875 ompt_id=7881299347898369 tipo=ompt_thread_worker     last_cpu=127 numa=1 mig=0 fallos=0 perf=ipc_only ipc=0.530 ratio_rm=-1.0000
[OMPT] tid=401871 ompt_id=6755399441055745 tipo=ompt_thread_worker     last_cpu=104 numa=1 mig=0 fallos=0 perf=ipc_only ipc=0.680 ratio_rm=-1.0000
[OMPT] tid=401877 ompt_id=8444249301319681 tipo=ompt_thread_worker     last_cpu=  3 numa=0 mig=0 fallos=0 perf=ipc_only ipc=0.650 ratio_rm=-1.0000
[OMPT] tid=401876 ompt_id=8162774324609025 tipo=ompt_thread_worker     last_cpu=249 numa=1 mig=0 fallos=0 perf=ipc_only ipc=0.226 ratio_rm=-1.0000
[OMPT] tid=401858 ompt_id=3096224743817217 tipo=ompt_thread_worker     last_cpu= 66 numa=1 mig=0 fallos=0 perf=ipc_only ipc=0.612 ratio_rm=-1.0000
[OMPT] tid=401870 ompt_id=6473924464345089 tipo=ompt_thread_worker     last_cpu=250 numa=1 mig=0 fallos=0 perf=ipc_only ipc=0.667 ratio_rm=-1.0000
[OMPT] tid=401872 ompt_id=7036874417766401 tipo=ompt_thread_worker     last_cpu= 11 numa=0 mig=0 fallos=0 perf=ipc_only ipc=0.471 ratio_rm=-1.0000
[OMPT] tid=401878 ompt_id=8725724278030337 tipo=ompt_thread_worker     last_cpu=249 numa=1 mig=0 fallos=0 perf=ipc_only ipc=0.658 ratio_rm=-1.0000
[OMPT] tid=401885 ompt_id=10696049115004929 tipo=ompt_thread_worker     last_cpu= 70 numa=1 mig=0 fallos=0 perf=ipc_only ipc=0.584 ratio_rm=-1.0000
[OMPT] tid=401883 ompt_id=10133099161583617 tipo=ompt_thread_worker     last_cpu= 72 numa=1 mig=0 fallos=0 perf=ipc_only ipc=0.644 ratio_rm=-1.0000
[OMPT] tid=401887 ompt_id=11258999068426241 tipo=ompt_thread_worker     last_cpu= 68 numa=1 mig=0 fallos=0 perf=ipc_only ipc=0.593 ratio_rm=-1.0000
[OMPT] tid=401882 ompt_id=9851624184872961 tipo=ompt_thread_worker     last_cpu= 56 numa=0 mig=0 fallos=0 perf=ipc_only ipc=0.658 ratio_rm=-1.0000
[OMPT] tid=401881 ompt_id=9570149208162305 tipo=ompt_thread_worker     last_cpu=  0 numa=0 mig=0 fallos=0 perf=ipc_only ipc=0.632 ratio_rm=-1.0000
[OMPT] tid=401880 ompt_id=9288674231451649 tipo=ompt_thread_worker     last_cpu=247 numa=1 mig=0 fallos=0 perf=ipc_only ipc=0.637 ratio_rm=-1.0000
[OMPT] tid=401879 ompt_id=9007199254740993 tipo=ompt_thread_worker     last_cpu=249 numa=1 mig=0 fallos=0 perf=ipc_only ipc=0.628 ratio_rm=-1.0000
[OMPT] tid=401888 ompt_id=11821949021847553 tipo=ompt_thread_worker     last_cpu=  8 numa=0 mig=0 fallos=0 perf=ipc_only ipc=0.653 ratio_rm=-1.0000
[OMPT] tid=401886 ompt_id=10977524091715585 tipo=ompt_thread_worker     last_cpu= 69 numa=1 mig=0 fallos=0 perf=ipc_only ipc=0.588 ratio_rm=-1.0000
[OMPT] tid=401873 ompt_id=7318349394477057 tipo=ompt_thread_worker     last_cpu=127 numa=1 mig=0 fallos=0 perf=ipc_only ipc=0.503 ratio_rm=-1.0000
[OMPT] tid=401893 ompt_id=12947848928690177 tipo=ompt_thread_worker     last_cpu= 57 numa=0 mig=0 fallos=0 perf=ipc_only ipc=0.662 ratio_rm=-1.0000
[OMPT] tid=401896 ompt_id=13792273858822145 tipo=ompt_thread_worker     last_cpu=215 numa=1 mig=0 fallos=0 perf=ipc_only ipc=0.597 ratio_rm=-1.0000
[OMPT] tid=401891 ompt_id=12384898975268865 tipo=ompt_thread_worker     last_cpu=  1 numa=0 mig=0 fallos=0 perf=ipc_only ipc=0.632 ratio_rm=-1.0000
[OMPT] tid=401892 ompt_id=12666373951979521 tipo=ompt_thread_worker     last_cpu=191 numa=0 mig=0 fallos=0 perf=ipc_only ipc=0.656 ratio_rm=-1.0000
[OMPT] tid=401898 ompt_id=14355223812243457 tipo=ompt_thread_worker     last_cpu=183 numa=0 mig=0 fallos=0 perf=ipc_only ipc=0.655 ratio_rm=-1.0000
[OMPT] tid=401894 ompt_id=13229323905400833 tipo=ompt_thread_worker     last_cpu=112 numa=1 mig=0 fallos=0 perf=ipc_only ipc=0.641 ratio_rm=-1.0000
[OMPT] tid=401884 ompt_id=10414574138294273 tipo=ompt_thread_worker     last_cpu= 65 numa=1 mig=0 fallos=0 perf=ipc_only ipc=0.604 ratio_rm=-1.0000
[OMPT] tid=401902 ompt_id=15481123719086081 tipo=ompt_thread_worker     last_cpu= 82 numa=1 mig=0 fallos=0 perf=ipc_only ipc=0.626 ratio_rm=-1.0000
[OMPT] tid=401900 ompt_id=14918173765664769 tipo=ompt_thread_worker     last_cpu= 80 numa=1 mig=0 fallos=0 perf=ipc_only ipc=0.617 ratio_rm=-1.0000
[OMPT] tid=401897 ompt_id=14073748835532801 tipo=ompt_thread_worker     last_cpu= 81 numa=1 mig=0 fallos=0 perf=ipc_only ipc=0.627 ratio_rm=-1.0000
[OMPT] tid=401903 ompt_id=16044073672507393 tipo=ompt_thread_worker     last_cpu=150 numa=0 mig=0 fallos=0 perf=ipc_only ipc=0.660 ratio_rm=-1.0000
[OMPT] tid=401905 ompt_id=16325548649218049 tipo=ompt_thread_worker     last_cpu= 15 numa=0 mig=0 fallos=0 perf=ipc_only ipc=0.652 ratio_rm=-1.0000
[OMPT] tid=401904 ompt_id=15762598695796737 tipo=ompt_thread_worker     last_cpu= 64 numa=1 mig=0 fallos=0 perf=ipc_only ipc=0.597 ratio_rm=-1.0000
[OMPT] tid=401895 ompt_id=13510798882111489 tipo=ompt_thread_worker     last_cpu=  9 numa=0 mig=0 fallos=0 perf=ipc_only ipc=0.655 ratio_rm=-1.0000
[OMPT] tid=401906 ompt_id=16607023625928705 tipo=ompt_thread_worker     last_cpu= 67 numa=1 mig=0 fallos=0 perf=ipc_only ipc=0.586 ratio_rm=-1.0000
[OMPT] tid=401899 ompt_id=14636698788954113 tipo=ompt_thread_worker     last_cpu=223 numa=1 mig=0 fallos=0 perf=ipc_only ipc=0.643 ratio_rm=-1.0000
[OMPT] tid=401909 ompt_id=17451448556060673 tipo=ompt_thread_worker     last_cpu=  4 numa=0 mig=0 fallos=0 perf=ipc_only ipc=0.630 ratio_rm=-1.0000
[OMPT] tid=401890 ompt_id=12103423998558209 tipo=ompt_thread_worker     last_cpu=239 numa=1 mig=0 fallos=0 perf=ipc_only ipc=0.646 ratio_rm=-1.0000
[OMPT] tid=401901 ompt_id=15199648742375425 tipo=ompt_thread_worker     last_cpu=174 numa=0 mig=0 fallos=0 perf=ipc_only ipc=0.663 ratio_rm=-1.0000
[OMPT] tid=401911 ompt_id=18014398509481985 tipo=ompt_thread_worker     last_cpu= 10 numa=0 mig=0 fallos=0 perf=ipc_only ipc=0.654 ratio_rm=-1.0000
[OMPT] tid=401907 ompt_id=16888498602639361 tipo=ompt_thread_worker     last_cpu=231 numa=1 mig=0 fallos=0 perf=ipc_only ipc=0.644 ratio_rm=-1.0000
[OMPT] tid=401908 ompt_id=17169973579350017 tipo=ompt_thread_worker     last_cpu=149 numa=0 mig=0 fallos=0 perf=ipc_only ipc=0.659 ratio_rm=-1.0000
[OMPT] tid=401889 ompt_id=11540474045136897 tipo=ompt_thread_worker     last_cpu=207 numa=1 mig=0 fallos=0 perf=ipc_only ipc=0.627 ratio_rm=-1.0000
[OMPT] tid=401910 ompt_id=17732923532771329 tipo=ompt_thread_worker     last_cpu=199 numa=1 mig=0 fallos=0 perf=ipc_only ipc=0.579 ratio_rm=-1.0000
[OMPT] ===== Overhead intrínseco =====
  monitor: 2 ticks, 746.4 us total (max 745.3 us/tick)
  callbacks implicit_task: 10113, 1253465.0 us total
  migraciones: 0 (0.0 us total)
  resyncs=0  lecturas escaladas por multiplexado=0
  hilos con perf fallido=0  parcial(ipc_only)=64
  ventanas con ciclos=0  con fills=0
