[OMPT] ompt_initialize (OPCIÓN C: integrador con fugas)  verbose=0  migracion=DESACTIVADA
[HWLOC] Nodos NUMA detectados: 2 (usados: 2)
[HWLOC] Nodo 0: 128 CPUs
[HWLOC] Nodo 1: 128 CPUs
[OMPT] callback 'ompt_callback_thread_begin' registrado (result=5)
[OMPT] callback 'ompt_callback_thread_end' registrado (result=5)
[OMPT] callback 'ompt_callback_parallel_begin' registrado (result=5)
[OMPT] callback 'ompt_callback_parallel_end' registrado (result=5)
[OMPT] callback 'ompt_callback_implicit_task' registrado (result=5)
[OMPT] callback 'ompt_callback_control_tool' registrado (result=5)
[OMPT] Callbacks registrados
[OMPT] Sistema: 0 procesadores lógicos
[OMPT][MON] Monitor (C: integrador con fugas)  período=100ms  warmup=5  T=ref+1.00*MAD  leak=0.50*MAD  cap=8.00*MAD  max_mig=1  migracion=DESACTIVADA
[perf_region] tool OMPT detectado: los contadores los lleva el tool, no se abren aqui
[OMPT] control_tool: INICIANDO medicion
[OMPT] control_tool: PAUSANDO medicion
[OMPT] ompt_finalize
[OMPT][MON] Monitor detenido tras 13 ventanas
[OMPT] CSV de ventanas: 1152 filas volcadas (0 descartadas)
[OMPT] ===== Tabla final: 128 hilos =====
[OMPT] tid=657442 ompt_id=281474976710657 tipo=ompt_thread_initial    last_cpu=  9 numa=0 mig=0 fallos=0 perf=full ipc=0.635 ratio_rm=0.0012
[OMPT] tid=657444 ompt_id=562949953421313 tipo=ompt_thread_worker     last_cpu=255 numa=1 mig=0 fallos=0 perf=full ipc=0.199 ratio_rm=0.1461
[OMPT] tid=657445 ompt_id=844424930131969 tipo=ompt_thread_worker     last_cpu= 90 numa=1 mig=0 fallos=0 perf=full ipc=0.226 ratio_rm=0.1401
[OMPT] tid=657446 ompt_id=1125899906842625 tipo=ompt_thread_worker     last_cpu= 72 numa=1 mig=0 fallos=0 perf=full ipc=0.349 ratio_rm=0.1527
[OMPT] tid=657447 ompt_id=1407374883553281 tipo=ompt_thread_worker     last_cpu=128 numa=0 mig=0 fallos=0 perf=full ipc=0.541 ratio_rm=0.0002
[OMPT] tid=657449 ompt_id=1688849860263937 tipo=ompt_thread_worker     last_cpu=170 numa=0 mig=0 fallos=0 perf=full ipc=0.629 ratio_rm=0.0001
[OMPT] tid=657448 ompt_id=1970324836974593 tipo=ompt_thread_worker     last_cpu= 80 numa=1 mig=0 fallos=0 perf=full ipc=0.297 ratio_rm=0.1578
[OMPT] tid=657450 ompt_id=2251799813685249 tipo=ompt_thread_worker     last_cpu=114 numa=1 mig=0 fallos=0 perf=full ipc=0.205 ratio_rm=0.1542
[OMPT] tid=657451 ompt_id=2533274790395905 tipo=ompt_thread_worker     last_cpu= 81 numa=1 mig=0 fallos=0 perf=full ipc=0.385 ratio_rm=0.1810
[OMPT] tid=657452 ompt_id=2814749767106561 tipo=ompt_thread_worker     last_cpu=113 numa=1 mig=0 fallos=0 perf=full ipc=0.380 ratio_rm=0.1744
[OMPT] tid=657453 ompt_id=3096224743817217 tipo=ompt_thread_worker     last_cpu=  8 numa=0 mig=0 fallos=0 perf=full ipc=0.666 ratio_rm=0.0001
[OMPT] tid=657455 ompt_id=3659174697238529 tipo=ompt_thread_worker     last_cpu= 89 numa=1 mig=0 fallos=0 perf=full ipc=0.383 ratio_rm=0.1745
[OMPT] tid=657456 ompt_id=3940649673949185 tipo=ompt_thread_worker     last_cpu= 98 numa=1 mig=0 fallos=0 perf=full ipc=0.238 ratio_rm=0.1548
[OMPT] tid=657454 ompt_id=3377699720527873 tipo=ompt_thread_worker     last_cpu= 65 numa=1 mig=0 fallos=0 perf=full ipc=0.401 ratio_rm=0.1421
[OMPT] tid=657458 ompt_id=4503599627370497 tipo=ompt_thread_worker     last_cpu=  3 numa=0 mig=0 fallos=0 perf=full ipc=0.575 ratio_rm=0.0001
[OMPT] tid=657457 ompt_id=4222124650659841 tipo=ompt_thread_worker     last_cpu= 88 numa=1 mig=0 fallos=0 perf=full ipc=0.379 ratio_rm=0.1776
[OMPT] tid=657459 ompt_id=4785074604081153 tipo=ompt_thread_worker     last_cpu= 10 numa=0 mig=0 fallos=0 perf=full ipc=0.629 ratio_rm=0.0001
[OMPT] tid=657460 ompt_id=5066549580791809 tipo=ompt_thread_worker     last_cpu= 97 numa=1 mig=0 fallos=0 perf=full ipc=0.374 ratio_rm=0.1808
[OMPT] tid=657461 ompt_id=5348024557502465 tipo=ompt_thread_worker     last_cpu=  5 numa=0 mig=0 fallos=0 perf=full ipc=0.567 ratio_rm=0.0001
[OMPT] tid=657462 ompt_id=5629499534213121 tipo=ompt_thread_worker     last_cpu= 73 numa=1 mig=0 fallos=0 perf=full ipc=0.336 ratio_rm=0.1783
[OMPT] tid=657463 ompt_id=5910974510923777 tipo=ompt_thread_worker     last_cpu=105 numa=1 mig=0 fallos=0 perf=full ipc=0.226 ratio_rm=0.1393
[OMPT] tid=657464 ompt_id=6192449487634433 tipo=ompt_thread_worker     last_cpu=104 numa=1 mig=0 fallos=0 perf=full ipc=0.419 ratio_rm=0.1672
[OMPT] tid=657465 ompt_id=6473924464345089 tipo=ompt_thread_worker     last_cpu=  4 numa=0 mig=0 fallos=0 perf=full ipc=0.602 ratio_rm=0.0001
[OMPT] tid=657466 ompt_id=6755399441055745 tipo=ompt_thread_worker     last_cpu=224 numa=1 mig=0 fallos=0 perf=full ipc=0.328 ratio_rm=0.1557
[OMPT] tid=657467 ompt_id=7036874417766401 tipo=ompt_thread_worker     last_cpu= 32 numa=0 mig=0 fallos=0 perf=full ipc=0.637 ratio_rm=0.0001
[OMPT] tid=657468 ompt_id=7318349394477057 tipo=ompt_thread_worker     last_cpu= 16 numa=0 mig=0 fallos=0 perf=full ipc=0.608 ratio_rm=0.0002
[OMPT] tid=657469 ompt_id=7599824371187713 tipo=ompt_thread_worker     last_cpu=153 numa=0 mig=0 fallos=0 perf=full ipc=0.648 ratio_rm=0.0001
[OMPT] tid=657470 ompt_id=7881299347898369 tipo=ompt_thread_worker     last_cpu=152 numa=0 mig=0 fallos=0 perf=full ipc=0.653 ratio_rm=0.0001
[OMPT] tid=657471 ompt_id=8162774324609025 tipo=ompt_thread_worker     last_cpu=254 numa=1 mig=0 fallos=0 perf=full ipc=0.210 ratio_rm=0.1552
[OMPT] tid=657472 ompt_id=8444249301319681 tipo=ompt_thread_worker     last_cpu=240 numa=1 mig=0 fallos=0 perf=full ipc=0.304 ratio_rm=0.1741
[OMPT] tid=657473 ompt_id=8725724278030337 tipo=ompt_thread_worker     last_cpu= 66 numa=1 mig=0 fallos=0 perf=full ipc=0.403 ratio_rm=0.1624
[OMPT] tid=657474 ompt_id=9007199254740993 tipo=ompt_thread_worker     last_cpu=  1 numa=0 mig=0 fallos=0 perf=full ipc=0.584 ratio_rm=0.0002
[OMPT] tid=657475 ompt_id=9288674231451649 tipo=ompt_thread_worker     last_cpu=106 numa=1 mig=0 fallos=0 perf=full ipc=0.314 ratio_rm=0.1646
[OMPT] tid=657476 ompt_id=9570149208162305 tipo=ompt_thread_worker     last_cpu=253 numa=1 mig=0 fallos=0 perf=full ipc=0.239 ratio_rm=0.1678
[OMPT] tid=657477 ompt_id=9851624184872961 tipo=ompt_thread_worker     last_cpu=127 numa=1 mig=0 fallos=0 perf=full ipc=0.204 ratio_rm=0.1533
[OMPT] tid=657478 ompt_id=10133099161583617 tipo=ompt_thread_worker     last_cpu=192 numa=1 mig=0 fallos=0 perf=full ipc=0.482 ratio_rm=0.1540
[OMPT] tid=657490 ompt_id=13229323905400833 tipo=ompt_thread_worker     last_cpu=199 numa=1 mig=0 fallos=0 perf=full ipc=0.467 ratio_rm=0.1337
[OMPT] tid=657524 ompt_id=23080948090273793 tipo=ompt_thread_worker     last_cpu=197 numa=1 mig=0 fallos=0 perf=full ipc=0.469 ratio_rm=0.1875
[OMPT] tid=657508 ompt_id=18577348462903297 tipo=ompt_thread_worker     last_cpu=198 numa=1 mig=0 fallos=0 perf=full ipc=0.461 ratio_rm=0.1617
[OMPT] tid=657556 ompt_id=32088147345014785 tipo=ompt_thread_worker     last_cpu=195 numa=1 mig=0 fallos=0 perf=full ipc=0.485 ratio_rm=0.1428
[OMPT] tid=657540 ompt_id=27584547717644289 tipo=ompt_thread_worker     last_cpu=196 numa=1 mig=0 fallos=0 perf=full ipc=0.480 ratio_rm=0.1523
[OMPT] tid=657562 ompt_id=33776997205278721 tipo=ompt_thread_worker     last_cpu=202 numa=1 mig=0 fallos=0 perf=full ipc=0.470 ratio_rm=0.1586
[OMPT] tid=657504 ompt_id=17451448556060673 tipo=ompt_thread_worker     last_cpu=222 numa=1 mig=0 fallos=0 perf=full ipc=0.374 ratio_rm=0.1721
[OMPT] tid=657532 ompt_id=25332747903959041 tipo=ompt_thread_worker     last_cpu=220 numa=1 mig=0 fallos=0 perf=full ipc=0.385 ratio_rm=0.1529
[OMPT] tid=657548 ompt_id=29836347531329537 tipo=ompt_thread_worker     last_cpu= 91 numa=1 mig=0 fallos=0 perf=full ipc=0.377 ratio_rm=0.1660
[OMPT] tid=657484 ompt_id=11821949021847553 tipo=ompt_thread_worker     last_cpu=223 numa=1 mig=0 fallos=0 perf=full ipc=0.366 ratio_rm=0.1697
[OMPT] tid=657485 ompt_id=12103423998558209 tipo=ompt_thread_worker     last_cpu= 48 numa=0 mig=0 fallos=0 perf=full ipc=0.653 ratio_rm=0.0001
[OMPT] tid=657535 ompt_id=26177172834091009 tipo=ompt_thread_worker     last_cpu=157 numa=0 mig=0 fallos=0 perf=full ipc=0.651 ratio_rm=0.0001
[OMPT] tid=657568 ompt_id=35465847065542657 tipo=ompt_thread_worker     last_cpu=242 numa=1 mig=0 fallos=0 perf=full ipc=0.304 ratio_rm=0.1595
[OMPT] tid=657516 ompt_id=20829148276588545 tipo=ompt_thread_worker     last_cpu=245 numa=1 mig=0 fallos=0 perf=full ipc=0.360 ratio_rm=0.1728
[OMPT] tid=657500 ompt_id=16325548649218049 tipo=ompt_thread_worker     last_cpu=246 numa=1 mig=0 fallos=0 perf=full ipc=0.378 ratio_rm=0.1656
[OMPT] tid=657515 ompt_id=20547673299877889 tipo=ompt_thread_worker     last_cpu=175 numa=0 mig=0 fallos=0 perf=full ipc=0.596 ratio_rm=0.0001
[OMPT] tid=657566 ompt_id=34902897112121345 tipo=ompt_thread_worker     last_cpu=226 numa=1 mig=0 fallos=0 perf=full ipc=0.313 ratio_rm=0.1695
[OMPT] tid=657498 ompt_id=15762598695796737 tipo=ompt_thread_worker     last_cpu=230 numa=1 mig=0 fallos=0 perf=full ipc=0.356 ratio_rm=0.1858
[OMPT] tid=657514 ompt_id=20266198323167233 tipo=ompt_thread_worker     last_cpu=229 numa=1 mig=0 fallos=0 perf=full ipc=0.370 ratio_rm=0.1642
[OMPT] tid=657486 ompt_id=12384898975268865 tipo=ompt_thread_worker     last_cpu=231 numa=1 mig=0 fallos=0 perf=full ipc=0.366 ratio_rm=0.1656
[OMPT] tid=657483 ompt_id=11540474045136897 tipo=ompt_thread_worker     last_cpu=215 numa=1 mig=0 fallos=0 perf=full ipc=0.376 ratio_rm=0.1744
[OMPT] tid=657564 ompt_id=34339947158700033 tipo=ompt_thread_worker     last_cpu=218 numa=1 mig=0 fallos=0 perf=full ipc=0.341 ratio_rm=0.1511
[OMPT] tid=657518 ompt_id=21392098230009857 tipo=ompt_thread_worker     last_cpu=221 numa=1 mig=0 fallos=0 perf=full ipc=0.377 ratio_rm=0.1828
[OMPT] tid=657570 ompt_id=36028797018963969 tipo=ompt_thread_worker     last_cpu=233 numa=1 mig=0 fallos=0 perf=full ipc=0.383 ratio_rm=0.1704
[OMPT] tid=657531 ompt_id=25051272927248385 tipo=ompt_thread_worker     last_cpu=174 numa=0 mig=0 fallos=0 perf=full ipc=0.589 ratio_rm=0.0001
[OMPT] tid=657563 ompt_id=34058472181989377 tipo=ompt_thread_worker     last_cpu=169 numa=0 mig=0 fallos=0 perf=full ipc=0.620 ratio_rm=0.0001
[OMPT] tid=657551 ompt_id=30680772461461505 tipo=ompt_thread_worker     last_cpu=168 numa=0 mig=0 fallos=0 perf=full ipc=0.627 ratio_rm=0.0001
[OMPT] tid=657541 ompt_id=27866022694354945 tipo=ompt_thread_worker     last_cpu=  2 numa=0 mig=0 fallos=0 perf=full ipc=0.598 ratio_rm=0.0002
[OMPT] tid=657560 ompt_id=33214047251857409 tipo=ompt_thread_worker     last_cpu=210 numa=1 mig=0 fallos=0 perf=full ipc=0.364 ratio_rm=0.1582
[OMPT] tid=657528 ompt_id=24206847997116417 tipo=ompt_thread_worker     last_cpu=212 numa=1 mig=0 fallos=0 perf=full ipc=0.402 ratio_rm=0.1578
[OMPT] tid=657512 ompt_id=19703248369745921 tipo=ompt_thread_worker     last_cpu=213 numa=1 mig=0 fallos=0 perf=full ipc=0.390 ratio_rm=0.1717
[OMPT] tid=657496 ompt_id=15199648742375425 tipo=ompt_thread_worker     last_cpu=214 numa=1 mig=0 fallos=0 perf=full ipc=0.393 ratio_rm=0.1592
[OMPT] tid=657544 ompt_id=28710447624486913 tipo=ompt_thread_worker     last_cpu=211 numa=1 mig=0 fallos=0 perf=full ipc=0.394 ratio_rm=0.1758
[OMPT] tid=657522 ompt_id=22517998136852481 tipo=ompt_thread_worker     last_cpu=237 numa=1 mig=0 fallos=0 perf=full ipc=0.421 ratio_rm=0.1609
[OMPT] tid=657538 ompt_id=27021597764222977 tipo=ompt_thread_worker     last_cpu=236 numa=1 mig=0 fallos=0 perf=full ipc=0.423 ratio_rm=0.1735
[OMPT] tid=657480 ompt_id=10696049115004929 tipo=ompt_thread_worker     last_cpu=239 numa=1 mig=0 fallos=0 perf=full ipc=0.414 ratio_rm=0.1490
[OMPT] tid=657554 ompt_id=31525197391593473 tipo=ompt_thread_worker     last_cpu=235 numa=1 mig=0 fallos=0 perf=full ipc=0.436 ratio_rm=0.1532
[OMPT] tid=657506 ompt_id=18014398509481985 tipo=ompt_thread_worker     last_cpu=238 numa=1 mig=0 fallos=0 perf=full ipc=0.413 ratio_rm=0.1743
[OMPT] tid=657511 ompt_id=19421773393035265 tipo=ompt_thread_worker     last_cpu=189 numa=0 mig=0 fallos=0 perf=full ipc=0.702 ratio_rm=0.0001
[OMPT] tid=657536 ompt_id=26458647810801665 tipo=ompt_thread_worker     last_cpu=228 numa=1 mig=0 fallos=0 perf=full ipc=0.381 ratio_rm=0.1667
[OMPT] tid=657550 ompt_id=30399297484750849 tipo=ompt_thread_worker     last_cpu= 99 numa=1 mig=0 fallos=0 perf=full ipc=0.376 ratio_rm=0.1707
[OMPT] tid=657501 ompt_id=16607023625928705 tipo=ompt_thread_worker     last_cpu= 45 numa=0 mig=0 fallos=0 perf=full ipc=0.595 ratio_rm=0.0001
[OMPT] tid=657492 ompt_id=14073748835532801 tipo=ompt_thread_worker     last_cpu=172 numa=0 mig=0 fallos=0 perf=full ipc=0.614 ratio_rm=0.0001
[OMPT] tid=657519 ompt_id=21673573206720513 tipo=ompt_thread_worker     last_cpu=158 numa=0 mig=0 fallos=0 perf=full ipc=0.704 ratio_rm=0.0001
[OMPT] tid=657565 ompt_id=34621422135410689 tipo=ompt_thread_worker     last_cpu=178 numa=0 mig=0 fallos=0 perf=full ipc=0.687 ratio_rm=0.0001
[OMPT] tid=657534 ompt_id=25895697857380353 tipo=ompt_thread_worker     last_cpu=204 numa=1 mig=0 fallos=0 perf=full ipc=0.452 ratio_rm=0.1598
[OMPT] tid=657520 ompt_id=21955048183431169 tipo=ompt_thread_worker     last_cpu=205 numa=1 mig=0 fallos=0 perf=full ipc=0.461 ratio_rm=0.1409
[OMPT] tid=657481 ompt_id=10977524091715585 tipo=ompt_thread_worker     last_cpu=207 numa=1 mig=0 fallos=0 perf=full ipc=0.440 ratio_rm=0.1584
[OMPT] tid=657546 ompt_id=29273397577908225 tipo=ompt_thread_worker     last_cpu=203 numa=1 mig=0 fallos=0 perf=full ipc=0.463 ratio_rm=0.1481
[OMPT] tid=657502 ompt_id=16888498602639361 tipo=ompt_thread_worker     last_cpu=206 numa=1 mig=0 fallos=0 perf=full ipc=0.463 ratio_rm=0.1547
[OMPT] tid=657530 ompt_id=24769797950537729 tipo=ompt_thread_worker     last_cpu=244 numa=1 mig=0 fallos=0 perf=full ipc=0.391 ratio_rm=0.1344
[OMPT] tid=657488 ompt_id=12666373951979521 tipo=ompt_thread_worker     last_cpu=247 numa=1 mig=0 fallos=0 perf=full ipc=0.357 ratio_rm=0.1815
[OMPT] tid=657552 ompt_id=30962247438172161 tipo=ompt_thread_worker     last_cpu=243 numa=1 mig=0 fallos=0 perf=full ipc=0.368 ratio_rm=0.1920
[OMPT] tid=657567 ompt_id=35184372088832001 tipo=ompt_thread_worker     last_cpu=146 numa=0 mig=0 fallos=0 perf=full ipc=0.699 ratio_rm=0.0001
[OMPT] tid=657525 ompt_id=23362423066984449 tipo=ompt_thread_worker     last_cpu=135 numa=0 mig=0 fallos=0 perf=full ipc=0.531 ratio_rm=0.0001
[OMPT] tid=657510 ompt_id=19140298416324609 tipo=ompt_thread_worker     last_cpu=249 numa=1 mig=0 fallos=0 perf=full ipc=0.299 ratio_rm=0.1830
[OMPT] tid=657559 ompt_id=32932572275146753 tipo=ompt_thread_worker     last_cpu=186 numa=0 mig=0 fallos=0 perf=full ipc=0.723 ratio_rm=0.0001
[OMPT] tid=657543 ompt_id=28428972647776257 tipo=ompt_thread_worker     last_cpu=187 numa=0 mig=0 fallos=0 perf=full ipc=0.700 ratio_rm=0.0001
[OMPT] tid=657527 ompt_id=23925373020405761 tipo=ompt_thread_worker     last_cpu=188 numa=0 mig=0 fallos=0 perf=full ipc=0.710 ratio_rm=0.0001
[OMPT] tid=657539 ompt_id=27303072740933633 tipo=ompt_thread_worker     last_cpu=140 numa=0 mig=0 fallos=0 perf=full ipc=0.634 ratio_rm=0.0002
[OMPT] tid=657509 ompt_id=18858823439613953 tipo=ompt_thread_worker     last_cpu=142 numa=0 mig=0 fallos=0 perf=full ipc=0.631 ratio_rm=0.0001
[OMPT] tid=657523 ompt_id=22799473113563137 tipo=ompt_thread_worker     last_cpu=141 numa=0 mig=0 fallos=0 perf=full ipc=0.615 ratio_rm=0.0002
[OMPT] tid=657561 ompt_id=33495522228568065 tipo=ompt_thread_worker     last_cpu=155 numa=0 mig=0 fallos=0 perf=full ipc=0.657 ratio_rm=0.0001
[OMPT] tid=657503 ompt_id=17169973579350017 tipo=ompt_thread_worker     last_cpu=182 numa=0 mig=0 fallos=0 perf=full ipc=0.651 ratio_rm=0.0001
[OMPT] tid=657489 ompt_id=13510798882111489 tipo=ompt_thread_worker     last_cpu=183 numa=0 mig=0 fallos=0 perf=full ipc=0.656 ratio_rm=0.0001
[OMPT] tid=657553 ompt_id=31243722414882817 tipo=ompt_thread_worker     last_cpu=179 numa=0 mig=0 fallos=0 perf=full ipc=0.674 ratio_rm=0.0001
[OMPT] tid=657499 ompt_id=16044073672507393 tipo=ompt_thread_worker     last_cpu=166 numa=0 mig=0 fallos=0 perf=full ipc=0.642 ratio_rm=0.0001
[OMPT] tid=657549 ompt_id=30117822508040193 tipo=ompt_thread_worker     last_cpu=147 numa=0 mig=0 fallos=0 perf=full ipc=0.667 ratio_rm=0.0001
[OMPT] tid=657505 ompt_id=17732923532771329 tipo=ompt_thread_worker     last_cpu=150 numa=0 mig=0 fallos=0 perf=full ipc=0.654 ratio_rm=0.0001
[OMPT] tid=657537 ompt_id=26740122787512321 tipo=ompt_thread_worker     last_cpu=148 numa=0 mig=0 fallos=0 perf=full ipc=0.675 ratio_rm=0.0001
[OMPT] tid=657555 ompt_id=31806672368304129 tipo=ompt_thread_worker     last_cpu=139 numa=0 mig=0 fallos=0 perf=full ipc=0.639 ratio_rm=0.0002
[OMPT] tid=657482 ompt_id=11258999068426241 tipo=ompt_thread_worker     last_cpu=143 numa=0 mig=0 fallos=0 perf=full ipc=0.620 ratio_rm=0.0001
[OMPT] tid=657507 ompt_id=18295873486192641 tipo=ompt_thread_worker     last_cpu=159 numa=0 mig=0 fallos=0 perf=full ipc=0.672 ratio_rm=0.0002
[OMPT] tid=657545 ompt_id=28991922601197569 tipo=ompt_thread_worker     last_cpu=156 numa=0 mig=0 fallos=0 perf=full ipc=0.620 ratio_rm=0.0001
[OMPT] tid=657533 ompt_id=25614222880669697 tipo=ompt_thread_worker     last_cpu=164 numa=0 mig=0 fallos=0 perf=full ipc=0.656 ratio_rm=0.0001
[OMPT] tid=657494 ompt_id=14636698788954113 tipo=ompt_thread_worker     last_cpu=248 numa=1 mig=0 fallos=0 perf=full ipc=0.289 ratio_rm=0.1872
[OMPT] tid=657558 ompt_id=32651097298436097 tipo=ompt_thread_worker     last_cpu=252 numa=1 mig=0 fallos=0 perf=full ipc=0.251 ratio_rm=0.1381
[OMPT] tid=657526 ompt_id=23643898043695105 tipo=ompt_thread_worker     last_cpu=250 numa=1 mig=0 fallos=0 perf=full ipc=0.267 ratio_rm=0.1669
[OMPT] tid=657542 ompt_id=28147497671065601 tipo=ompt_thread_worker     last_cpu=251 numa=1 mig=0 fallos=0 perf=full ipc=0.276 ratio_rm=0.1630
[OMPT] tid=657529 ompt_id=24488322973827073 tipo=ompt_thread_worker     last_cpu=181 numa=0 mig=0 fallos=0 perf=full ipc=0.672 ratio_rm=0.0001
[OMPT] tid=657479 ompt_id=10414574138294273 tipo=ompt_thread_worker     last_cpu= 43 numa=0 mig=0 fallos=0 perf=full ipc=0.593 ratio_rm=0.0001
[OMPT] tid=657491 ompt_id=13792273858822145 tipo=ompt_thread_worker     last_cpu=191 numa=0 mig=0 fallos=0 perf=full ipc=0.722 ratio_rm=0.0001
[OMPT] tid=657517 ompt_id=21110623253299201 tipo=ompt_thread_worker     last_cpu=165 numa=0 mig=0 fallos=0 perf=full ipc=0.679 ratio_rm=0.0001
[OMPT] tid=657547 ompt_id=29554872554618881 tipo=ompt_thread_worker     last_cpu=163 numa=0 mig=0 fallos=0 perf=full ipc=0.679 ratio_rm=0.0002
[OMPT] tid=657495 ompt_id=14918173765664769 tipo=ompt_thread_worker     last_cpu= 56 numa=0 mig=0 fallos=0 perf=full ipc=0.691 ratio_rm=0.0001
[OMPT] tid=657557 ompt_id=32369622321725441 tipo=ompt_thread_worker     last_cpu=134 numa=0 mig=0 fallos=0 perf=full ipc=0.548 ratio_rm=0.0001
[OMPT] tid=657521 ompt_id=22236523160141825 tipo=ompt_thread_worker     last_cpu=149 numa=0 mig=0 fallos=0 perf=full ipc=0.668 ratio_rm=0.0001
[OMPT] tid=657569 ompt_id=35747322042253313 tipo=ompt_thread_worker     last_cpu=162 numa=0 mig=0 fallos=0 perf=full ipc=0.687 ratio_rm=0.0001
[OMPT] tid=657487 ompt_id=12947848928690177 tipo=ompt_thread_worker     last_cpu=167 numa=0 mig=0 fallos=0 perf=full ipc=0.640 ratio_rm=0.0001
[OMPT] tid=657497 ompt_id=15481123719086081 tipo=ompt_thread_worker     last_cpu=190 numa=0 mig=0 fallos=0 perf=full ipc=0.694 ratio_rm=0.0001
[OMPT] tid=657513 ompt_id=19984723346456577 tipo=ompt_thread_worker     last_cpu=180 numa=0 mig=0 fallos=0 perf=full ipc=0.659 ratio_rm=0.0001
[OMPT] tid=657493 ompt_id=14355223812243457 tipo=ompt_thread_worker     last_cpu=151 numa=0 mig=0 fallos=0 perf=full ipc=0.650 ratio_rm=0.0001
[OMPT] ===== Overhead intrínseco =====
  monitor: 13 ticks, 45809.3 us total (max 6394.4 us/tick)
  callbacks implicit_task: 20225, 22812615.0 us total
  migraciones: 0 (0.0 us total)
  resyncs=0  lecturas escaladas por multiplexado=5632
  hilos con perf fallido=0  parcial(ipc_only)=0
  ventanas con ciclos=1152  con fills=1152
