[OMPT] ompt_initialize (OPCIÓN C: integrador con fugas)  verbose=0  migracion=activa
[HWLOC] Nodos NUMA detectados: 2 (usados: 2)
[HWLOC] Nodo 0: 128 CPUs
[HWLOC] Nodo 1: 128 CPUs
[OMPT] callback 'ompt_callback_thread_begin' registrado (result=5)
[OMPT] callback 'ompt_callback_thread_end' registrado (result=5)
[OMPT] callback 'ompt_callback_parallel_begin' registrado (result=5)
[OMPT] callback 'ompt_callback_parallel_end' registrado (result=5)
[OMPT] callback 'ompt_callback_implicit_task' registrado (result=5)
[OMPT] callback 'ompt_callback_control_tool' registrado (result=5)
[OMPT] Callbacks registrados
[OMPT] Sistema: 0 procesadores lógicos
[OMPT][MON] Monitor (C: integrador con fugas)  período=100ms  warmup=5  T=ref+1.00*MAD  leak=0.50*MAD  cap=8.00*MAD  max_mig=1  migracion=activa
[perf_region] tool OMPT detectado: los contadores los lleva el tool, no se abren aqui
[OMPT] control_tool: INICIANDO medicion
[OMPT] control_tool: PAUSANDO medicion
[OMPT] ompt_finalize
[OMPT][MON] Monitor detenido tras 15 ventanas
[OMPT] CSV de ventanas: 743 filas volcadas (0 descartadas)
[OMPT] ===== Tabla final: 64 hilos =====
[OMPT] tid=655552 ompt_id=281474976710657 tipo=ompt_thread_initial    last_cpu=255 numa=1 mig=0 fallos=0 perf=full ipc=0.529 ratio_rm=0.0000
[OMPT] tid=655554 ompt_id=562949953421313 tipo=ompt_thread_worker     last_cpu=106 numa=1 mig=0 fallos=0 perf=full ipc=0.590 ratio_rm=0.0000
[OMPT] tid=655555 ompt_id=844424930131969 tipo=ompt_thread_worker     last_cpu= 81 numa=1 mig=0 fallos=0 perf=full ipc=0.652 ratio_rm=0.0000
[OMPT] tid=655556 ompt_id=1125899906842625 tipo=ompt_thread_worker     last_cpu= 89 numa=1 mig=0 fallos=0 perf=full ipc=0.649 ratio_rm=0.0001
[OMPT] tid=655557 ompt_id=1407374883553281 tipo=ompt_thread_worker     last_cpu= 97 numa=1 mig=0 fallos=0 perf=full ipc=0.657 ratio_rm=0.0000
[OMPT] tid=655558 ompt_id=1688849860263937 tipo=ompt_thread_worker     last_cpu= 12 numa=0 mig=0 fallos=0 perf=full ipc=0.511 ratio_rm=0.1119
[OMPT] tid=655559 ompt_id=1970324836974593 tipo=ompt_thread_worker     last_cpu= 73 numa=1 mig=1 fallos=0 perf=full ipc=0.368 ratio_rm=0.1605
[OMPT] tid=655560 ompt_id=2251799813685249 tipo=ompt_thread_worker     last_cpu= 90 numa=1 mig=0 fallos=0 perf=full ipc=0.579 ratio_rm=0.0000
[OMPT] tid=655561 ompt_id=2533274790395905 tipo=ompt_thread_worker     last_cpu= 40 numa=0 mig=0 fallos=0 perf=full ipc=0.702 ratio_rm=0.0537
[OMPT] tid=655562 ompt_id=2814749767106561 tipo=ompt_thread_worker     last_cpu= 71 numa=1 mig=1 fallos=0 perf=full ipc=0.325 ratio_rm=0.1495
[OMPT] tid=655563 ompt_id=3096224743817217 tipo=ompt_thread_worker     last_cpu= 76 numa=1 mig=0 fallos=0 perf=full ipc=0.776 ratio_rm=0.0000
[OMPT] tid=655564 ompt_id=3377699720527873 tipo=ompt_thread_worker     last_cpu=114 numa=1 mig=0 fallos=0 perf=full ipc=0.591 ratio_rm=0.0000
[OMPT] tid=655565 ompt_id=3659174697238529 tipo=ompt_thread_worker     last_cpu=128 numa=0 mig=0 fallos=0 perf=full ipc=0.465 ratio_rm=0.1655
[OMPT] tid=655566 ompt_id=3940649673949185 tipo=ompt_thread_worker     last_cpu= 88 numa=1 mig=0 fallos=0 perf=full ipc=0.763 ratio_rm=0.0000
[OMPT] tid=655567 ompt_id=4222124650659841 tipo=ompt_thread_worker     last_cpu= 96 numa=1 mig=0 fallos=0 perf=full ipc=0.775 ratio_rm=0.0000
[OMPT] tid=655568 ompt_id=4503599627370497 tipo=ompt_thread_worker     last_cpu=193 numa=1 mig=1 fallos=0 perf=full ipc=0.353 ratio_rm=0.1484
[OMPT] tid=655569 ompt_id=4785074604081153 tipo=ompt_thread_worker     last_cpu=105 numa=1 mig=0 fallos=0 perf=full ipc=0.675 ratio_rm=0.0000
[OMPT] tid=655570 ompt_id=5066549580791809 tipo=ompt_thread_worker     last_cpu=112 numa=1 mig=0 fallos=0 perf=full ipc=0.804 ratio_rm=0.0000
[OMPT] tid=655571 ompt_id=5348024557502465 tipo=ompt_thread_worker     last_cpu= 66 numa=1 mig=1 fallos=0 perf=full ipc=0.333 ratio_rm=0.1341
[OMPT] tid=655572 ompt_id=5629499534213121 tipo=ompt_thread_worker     last_cpu= 70 numa=1 mig=1 fallos=0 perf=full ipc=0.353 ratio_rm=0.1604
[OMPT] tid=655573 ompt_id=5910974510923777 tipo=ompt_thread_worker     last_cpu=191 numa=0 mig=0 fallos=0 perf=full ipc=0.962 ratio_rm=0.0235
[OMPT] tid=655574 ompt_id=6192449487634433 tipo=ompt_thread_worker     last_cpu=104 numa=1 mig=0 fallos=0 perf=full ipc=0.737 ratio_rm=0.0000
[OMPT] tid=655575 ompt_id=6473924464345089 tipo=ompt_thread_worker     last_cpu=254 numa=1 mig=0 fallos=0 perf=full ipc=0.545 ratio_rm=0.0000
[OMPT] tid=655576 ompt_id=6755399441055745 tipo=ompt_thread_worker     last_cpu=196 numa=1 mig=1 fallos=0 perf=full ipc=0.353 ratio_rm=0.1356
[OMPT] tid=655577 ompt_id=7036874417766401 tipo=ompt_thread_worker     last_cpu=252 numa=1 mig=0 fallos=0 perf=full ipc=0.559 ratio_rm=0.0000
[OMPT] tid=655578 ompt_id=7318349394477057 tipo=ompt_thread_worker     last_cpu=  4 numa=0 mig=0 fallos=0 perf=full ipc=0.474 ratio_rm=0.1360
[OMPT] tid=655579 ompt_id=7599824371187713 tipo=ompt_thread_worker     last_cpu= 18 numa=0 mig=0 fallos=0 perf=full ipc=0.745 ratio_rm=0.1329
[OMPT] tid=655580 ompt_id=7881299347898369 tipo=ompt_thread_worker     last_cpu= 48 numa=0 mig=0 fallos=0 perf=full ipc=0.580 ratio_rm=0.1670
[OMPT] tid=655581 ompt_id=8162774324609025 tipo=ompt_thread_worker     last_cpu=251 numa=1 mig=0 fallos=0 perf=full ipc=0.561 ratio_rm=0.0000
[OMPT] tid=655582 ompt_id=8444249301319681 tipo=ompt_thread_worker     last_cpu= 67 numa=1 mig=1 fallos=0 perf=full ipc=0.369 ratio_rm=0.1458
[OMPT] tid=655583 ompt_id=8725724278030337 tipo=ompt_thread_worker     last_cpu= 68 numa=1 mig=1 fallos=0 perf=full ipc=0.356 ratio_rm=0.1582
[OMPT] tid=655584 ompt_id=9007199254740993 tipo=ompt_thread_worker     last_cpu=173 numa=0 mig=0 fallos=0 perf=full ipc=0.917 ratio_rm=0.0489
[OMPT] tid=655585 ompt_id=9288674231451649 tipo=ompt_thread_worker     last_cpu= 65 numa=1 mig=0 fallos=0 perf=full ipc=0.593 ratio_rm=0.0000
[OMPT] tid=655586 ompt_id=9570149208162305 tipo=ompt_thread_worker     last_cpu=253 numa=1 mig=0 fallos=0 perf=full ipc=0.547 ratio_rm=0.0000
[OMPT] tid=655587 ompt_id=9851624184872961 tipo=ompt_thread_worker     last_cpu=113 numa=1 mig=0 fallos=0 perf=full ipc=0.746 ratio_rm=0.0000
[OMPT] tid=655588 ompt_id=10133099161583617 tipo=ompt_thread_worker     last_cpu= 80 numa=1 mig=0 fallos=0 perf=full ipc=0.794 ratio_rm=0.0000
[OMPT] tid=655602 ompt_id=14073748835532801 tipo=ompt_thread_worker     last_cpu= 56 numa=0 mig=0 fallos=0 perf=full ipc=0.975 ratio_rm=0.0234
[OMPT] tid=655608 ompt_id=15762598695796737 tipo=ompt_thread_worker     last_cpu=214 numa=1 mig=0 fallos=0 perf=full ipc=0.790 ratio_rm=0.0000
[OMPT] tid=655595 ompt_id=12384898975268865 tipo=ompt_thread_worker     last_cpu=192 numa=1 mig=1 fallos=0 perf=full ipc=0.721 ratio_rm=0.1762
[OMPT] tid=655609 ompt_id=16044073672507393 tipo=ompt_thread_worker     last_cpu=150 numa=0 mig=0 fallos=0 perf=full ipc=0.738 ratio_rm=0.1767
[OMPT] tid=655607 ompt_id=15481123719086081 tipo=ompt_thread_worker     last_cpu=197 numa=1 mig=1 fallos=0 perf=full ipc=0.354 ratio_rm=0.1511
[OMPT] tid=655612 ompt_id=16888498602639361 tipo=ompt_thread_worker     last_cpu=198 numa=1 mig=0 fallos=0 perf=full ipc=0.693 ratio_rm=0.0000
[OMPT] tid=655589 ompt_id=10414574138294273 tipo=ompt_thread_worker     last_cpu=199 numa=1 mig=0 fallos=0 perf=full ipc=0.687 ratio_rm=0.0000
[OMPT] tid=655613 ompt_id=17169973579350017 tipo=ompt_thread_worker     last_cpu=166 numa=0 mig=0 fallos=0 perf=full ipc=0.966 ratio_rm=0.0226
[OMPT] tid=655599 ompt_id=13510798882111489 tipo=ompt_thread_worker     last_cpu=167 numa=0 mig=0 fallos=0 perf=full ipc=0.957 ratio_rm=0.0261
[OMPT] tid=655594 ompt_id=11540474045136897 tipo=ompt_thread_worker     last_cpu=119 numa=1 mig=0 fallos=0 perf=full ipc=0.794 ratio_rm=0.0000
[OMPT] tid=655606 ompt_id=15199648742375425 tipo=ompt_thread_worker     last_cpu=200 numa=1 mig=0 fallos=0 perf=full ipc=0.765 ratio_rm=0.0000
[OMPT] tid=655598 ompt_id=12666373951979521 tipo=ompt_thread_worker     last_cpu=207 numa=1 mig=0 fallos=0 perf=full ipc=0.760 ratio_rm=0.0000
[OMPT] tid=655615 ompt_id=17732923532771329 tipo=ompt_thread_worker     last_cpu=182 numa=0 mig=0 fallos=0 perf=full ipc=0.863 ratio_rm=0.0804
[OMPT] tid=655601 ompt_id=13792273858822145 tipo=ompt_thread_worker     last_cpu=183 numa=0 mig=0 fallos=0 perf=full ipc=0.857 ratio_rm=0.0837
[OMPT] tid=655591 ompt_id=10977524091715585 tipo=ompt_thread_worker     last_cpu=194 numa=1 mig=1 fallos=0 perf=full ipc=0.476 ratio_rm=0.1373
[OMPT] tid=655590 ompt_id=10696049115004929 tipo=ompt_thread_worker     last_cpu=223 numa=1 mig=0 fallos=0 perf=full ipc=0.762 ratio_rm=0.0000
[OMPT] tid=655614 ompt_id=17451448556060673 tipo=ompt_thread_worker     last_cpu=222 numa=1 mig=0 fallos=0 perf=full ipc=0.753 ratio_rm=0.0000
[OMPT] tid=655593 ompt_id=11821949021847553 tipo=ompt_thread_worker     last_cpu= 64 numa=1 mig=1 fallos=0 perf=full ipc=0.321 ratio_rm=0.1496
[OMPT] tid=655605 ompt_id=14918173765664769 tipo=ompt_thread_worker     last_cpu= 24 numa=0 mig=0 fallos=0 perf=full ipc=0.571 ratio_rm=0.1647
[OMPT] tid=655603 ompt_id=14636698788954113 tipo=ompt_thread_worker     last_cpu=174 numa=0 mig=0 fallos=0 perf=full ipc=0.913 ratio_rm=0.0534
[OMPT] tid=655611 ompt_id=16607023625928705 tipo=ompt_thread_worker     last_cpu=158 numa=0 mig=0 fallos=0 perf=full ipc=0.858 ratio_rm=0.0837
[OMPT] tid=655597 ompt_id=12947848928690177 tipo=ompt_thread_worker     last_cpu=159 numa=0 mig=0 fallos=0 perf=full ipc=0.861 ratio_rm=0.0754
[OMPT] tid=655600 ompt_id=13229323905400833 tipo=ompt_thread_worker     last_cpu=215 numa=1 mig=0 fallos=0 perf=full ipc=0.783 ratio_rm=0.0000
[OMPT] tid=655616 ompt_id=18014398509481985 tipo=ompt_thread_worker     last_cpu=230 numa=1 mig=0 fallos=0 perf=full ipc=0.759 ratio_rm=0.0000
[OMPT] tid=655596 ompt_id=12103423998558209 tipo=ompt_thread_worker     last_cpu=239 numa=1 mig=0 fallos=0 perf=full ipc=0.732 ratio_rm=0.0000
[OMPT] tid=655610 ompt_id=16325548649218049 tipo=ompt_thread_worker     last_cpu=238 numa=1 mig=0 fallos=0 perf=full ipc=0.733 ratio_rm=0.0000
[OMPT] tid=655592 ompt_id=11258999068426241 tipo=ompt_thread_worker     last_cpu=231 numa=1 mig=0 fallos=0 perf=full ipc=0.773 ratio_rm=0.0000
[OMPT] tid=655604 ompt_id=14355223812243457 tipo=ompt_thread_worker     last_cpu= 74 numa=1 mig=0 fallos=0 perf=full ipc=0.601 ratio_rm=0.0000
[OMPT] ===== Overhead intrínseco =====
  monitor: 15 ticks, 30666.7 us total (max 4365.1 us/tick)
  callbacks implicit_task: 10113, 3941989.4 us total
  migraciones: 12 (36858.2 us total)
  resyncs=14  lecturas escaladas por multiplexado=3580
  hilos con perf fallido=0  parcial(ipc_only)=0
  ventanas con ciclos=743  con fills=743
