[OMPT] ompt_initialize (OPCIÓN C: integrador con fugas)  verbose=0  migracion=activa
[HWLOC] Nodos NUMA detectados: 2 (usados: 2)
[HWLOC] Nodo 0: 128 CPUs
[HWLOC] Nodo 1: 128 CPUs
[OMPT] callback 'ompt_callback_thread_begin' registrado (result=5)
[OMPT] callback 'ompt_callback_thread_end' registrado (result=5)
[OMPT] callback 'ompt_callback_parallel_begin' registrado (result=5)
[OMPT] callback 'ompt_callback_parallel_end' registrado (result=5)
[OMPT] callback 'ompt_callback_implicit_task' registrado (result=5)
[OMPT] callback 'ompt_callback_control_tool' registrado (result=5)
[OMPT] Callbacks registrados
[OMPT] Sistema: 0 procesadores lógicos
[OMPT][MON] Monitor (C: integrador con fugas)  período=100ms  warmup=5  T=ref+1.00*MAD  leak=0.50*MAD  cap=8.00*MAD  max_mig=1  migracion=activa
[perf_region] tool OMPT detectado: los contadores los lleva el tool, no se abren aqui
[OMPT] control_tool: INICIANDO medicion
[OMPT] control_tool: PAUSANDO medicion
[OMPT] ompt_finalize
[OMPT][MON] Monitor detenido tras 2 ventanas
[OMPT] CSV de ventanas: 0 filas volcadas (0 descartadas)
[OMPT] ===== Tabla final: 128 hilos =====
[OMPT] tid=619199 ompt_id=281474976710657 tipo=ompt_thread_initial    last_cpu=255 numa=1 mig=0 fallos=0 perf=full ipc=0.353 ratio_rm=0.0108
[OMPT] tid=619201 ompt_id=562949953421313 tipo=ompt_thread_worker     last_cpu=254 numa=1 mig=0 fallos=0 perf=full ipc=0.318 ratio_rm=0.0165
[OMPT] tid=619202 ompt_id=844424930131969 tipo=ompt_thread_worker     last_cpu=124 numa=1 mig=0 fallos=0 perf=full ipc=0.259 ratio_rm=0.0210
[OMPT] tid=619204 ompt_id=1407374883553281 tipo=ompt_thread_worker     last_cpu=245 numa=1 mig=0 fallos=0 perf=full ipc=0.264 ratio_rm=0.0336
[OMPT] tid=619203 ompt_id=1125899906842625 tipo=ompt_thread_worker     last_cpu=123 numa=1 mig=0 fallos=0 perf=full ipc=0.311 ratio_rm=0.0197
[OMPT] tid=619206 ompt_id=1970324836974593 tipo=ompt_thread_worker     last_cpu= 12 numa=0 mig=0 fallos=0 perf=full ipc=0.169 ratio_rm=0.0325
[OMPT] tid=619207 ompt_id=2251799813685249 tipo=ompt_thread_worker     last_cpu=  8 numa=0 mig=0 fallos=0 perf=full ipc=0.295 ratio_rm=0.0282
[OMPT] tid=619209 ompt_id=2814749767106561 tipo=ompt_thread_worker     last_cpu=128 numa=0 mig=0 fallos=0 perf=full ipc=0.160 ratio_rm=0.0487
[OMPT] tid=619208 ompt_id=2533274790395905 tipo=ompt_thread_worker     last_cpu=246 numa=1 mig=0 fallos=0 perf=full ipc=0.242 ratio_rm=0.0329
[OMPT] tid=619210 ompt_id=3096224743817217 tipo=ompt_thread_worker     last_cpu=121 numa=1 mig=0 fallos=0 perf=full ipc=0.302 ratio_rm=0.0261
[OMPT] tid=619211 ompt_id=3377699720527873 tipo=ompt_thread_worker     last_cpu=  7 numa=0 mig=0 fallos=0 perf=full ipc=0.173 ratio_rm=0.0679
[OMPT] tid=619212 ompt_id=3659174697238529 tipo=ompt_thread_worker     last_cpu=172 numa=0 mig=0 fallos=0 perf=full ipc=0.264 ratio_rm=0.0521
[OMPT] tid=619205 ompt_id=1688849860263937 tipo=ompt_thread_worker     last_cpu=122 numa=1 mig=0 fallos=0 perf=full ipc=0.295 ratio_rm=0.0234
[OMPT] tid=619215 ompt_id=4503599627370497 tipo=ompt_thread_worker     last_cpu=  6 numa=0 mig=0 fallos=0 perf=full ipc=0.219 ratio_rm=0.0636
[OMPT] tid=619216 ompt_id=4785074604081153 tipo=ompt_thread_worker     last_cpu=149 numa=0 mig=0 fallos=0 perf=full ipc=0.232 ratio_rm=0.0685
[OMPT] tid=619214 ompt_id=4222124650659841 tipo=ompt_thread_worker     last_cpu= 11 numa=0 mig=0 fallos=0 perf=full ipc=0.177 ratio_rm=0.0635
[OMPT] tid=619217 ompt_id=5066549580791809 tipo=ompt_thread_worker     last_cpu= 13 numa=0 mig=0 fallos=0 perf=full ipc=0.195 ratio_rm=0.0611
[OMPT] tid=619218 ompt_id=5348024557502465 tipo=ompt_thread_worker     last_cpu=126 numa=1 mig=0 fallos=0 perf=full ipc=0.290 ratio_rm=0.0207
[OMPT] tid=619213 ompt_id=3940649673949185 tipo=ompt_thread_worker     last_cpu=120 numa=1 mig=0 fallos=0 perf=full ipc=0.286 ratio_rm=0.0261
[OMPT] tid=619219 ompt_id=5629499534213121 tipo=ompt_thread_worker     last_cpu=  9 numa=0 mig=0 fallos=0 perf=full ipc=0.173 ratio_rm=0.0558
[OMPT] tid=619220 ompt_id=5910974510923777 tipo=ompt_thread_worker     last_cpu=  3 numa=0 mig=0 fallos=0 perf=full ipc=0.233 ratio_rm=0.0579
[OMPT] tid=619221 ompt_id=6192449487634433 tipo=ompt_thread_worker     last_cpu=112 numa=1 mig=0 fallos=0 perf=full ipc=0.280 ratio_rm=0.0385
[OMPT] tid=619222 ompt_id=6473924464345089 tipo=ompt_thread_worker     last_cpu=  5 numa=0 mig=0 fallos=0 perf=full ipc=0.214 ratio_rm=0.0457
[OMPT] tid=619223 ompt_id=6755399441055745 tipo=ompt_thread_worker     last_cpu=  4 numa=0 mig=0 fallos=0 perf=full ipc=0.258 ratio_rm=0.0236
[OMPT] tid=619224 ompt_id=7036874417766401 tipo=ompt_thread_worker     last_cpu=  1 numa=0 mig=0 fallos=0 perf=full ipc=0.177 ratio_rm=0.0554
[OMPT] tid=619225 ompt_id=7318349394477057 tipo=ompt_thread_worker     last_cpu= 82 numa=1 mig=0 fallos=0 perf=full ipc=0.482 ratio_rm=0.0592
[OMPT] tid=619226 ompt_id=7599824371187713 tipo=ompt_thread_worker     last_cpu=  2 numa=0 mig=0 fallos=0 perf=full ipc=0.301 ratio_rm=0.0407
[OMPT] tid=619227 ompt_id=7881299347898369 tipo=ompt_thread_worker     last_cpu=104 numa=1 mig=0 fallos=0 perf=full ipc=0.302 ratio_rm=0.0523
[OMPT] tid=619228 ompt_id=8162774324609025 tipo=ompt_thread_worker     last_cpu=150 numa=0 mig=0 fallos=0 perf=full ipc=0.243 ratio_rm=0.0678
[OMPT] tid=619229 ompt_id=8444249301319681 tipo=ompt_thread_worker     last_cpu=129 numa=0 mig=0 fallos=0 perf=full ipc=0.165 ratio_rm=0.0460
[OMPT] tid=619230 ompt_id=8725724278030337 tipo=ompt_thread_worker     last_cpu= 10 numa=0 mig=0 fallos=0 perf=full ipc=0.160 ratio_rm=0.0598
[OMPT] tid=619231 ompt_id=9007199254740993 tipo=ompt_thread_worker     last_cpu=253 numa=1 mig=0 fallos=0 perf=full ipc=0.289 ratio_rm=0.0178
[OMPT] tid=619232 ompt_id=9288674231451649 tipo=ompt_thread_worker     last_cpu= 81 numa=1 mig=0 fallos=0 perf=full ipc=0.491 ratio_rm=0.0780
[OMPT] tid=619233 ompt_id=9570149208162305 tipo=ompt_thread_worker     last_cpu=125 numa=1 mig=0 fallos=0 perf=full ipc=0.311 ratio_rm=0.0194
[OMPT] tid=619234 ompt_id=9851624184872961 tipo=ompt_thread_worker     last_cpu=127 numa=1 mig=0 fallos=0 perf=full ipc=0.346 ratio_rm=0.0180
[OMPT] tid=619235 ompt_id=10133099161583617 tipo=ompt_thread_worker     last_cpu= 96 numa=1 mig=0 fallos=0 perf=full ipc=0.324 ratio_rm=0.0438
[OMPT] tid=619288 ompt_id=25051272927248385 tipo=ompt_thread_worker     last_cpu= 56 numa=0 mig=0 fallos=0 perf=full ipc=0.260 ratio_rm=0.0422
[OMPT] tid=619248 ompt_id=13792273858822145 tipo=ompt_thread_worker     last_cpu=159 numa=0 mig=0 fallos=0 perf=full ipc=0.223 ratio_rm=0.0773
[OMPT] tid=619253 ompt_id=15199648742375425 tipo=ompt_thread_worker     last_cpu= 57 numa=0 mig=0 fallos=0 perf=full ipc=0.307 ratio_rm=0.0269
[OMPT] tid=619269 ompt_id=19703248369745921 tipo=ompt_thread_worker     last_cpu= 24 numa=0 mig=0 fallos=0 perf=full ipc=0.314 ratio_rm=0.0333
[OMPT] tid=619245 ompt_id=12666373951979521 tipo=ompt_thread_worker     last_cpu= 41 numa=0 mig=0 fallos=0 perf=full ipc=0.291 ratio_rm=0.0227
[OMPT] tid=619272 ompt_id=20547673299877889 tipo=ompt_thread_worker     last_cpu= 40 numa=0 mig=0 fallos=0 perf=full ipc=0.274 ratio_rm=0.0486
[OMPT] tid=619258 ompt_id=16607023625928705 tipo=ompt_thread_worker     last_cpu= 25 numa=0 mig=0 fallos=0 perf=full ipc=0.321 ratio_rm=0.0427
[OMPT] tid=619300 ompt_id=28428972647776257 tipo=ompt_thread_worker     last_cpu=147 numa=0 mig=0 fallos=0 perf=full ipc=0.295 ratio_rm=0.0715
[OMPT] tid=619324 ompt_id=35184372088832001 tipo=ompt_thread_worker     last_cpu=177 numa=0 mig=0 fallos=0 perf=full ipc=0.376 ratio_rm=0.0534
[OMPT] tid=619296 ompt_id=27303072740933633 tipo=ompt_thread_worker     last_cpu=179 numa=0 mig=0 fallos=0 perf=full ipc=0.289 ratio_rm=0.0632
[OMPT] tid=619308 ompt_id=30680772461461505 tipo=ompt_thread_worker     last_cpu=187 numa=0 mig=0 fallos=0 perf=full ipc=0.223 ratio_rm=0.0456
[OMPT] tid=619284 ompt_id=23925373020405761 tipo=ompt_thread_worker     last_cpu=140 numa=0 mig=0 fallos=0 perf=full ipc=0.146 ratio_rm=0.0664
[OMPT] tid=619312 ompt_id=31806672368304129 tipo=ompt_thread_worker     last_cpu=138 numa=0 mig=0 fallos=0 perf=full ipc=0.171 ratio_rm=0.0798
[OMPT] tid=619321 ompt_id=34339947158700033 tipo=ompt_thread_worker     last_cpu=202 numa=1 mig=0 fallos=0 perf=full ipc=0.455 ratio_rm=0.1283
[OMPT] tid=619237 ompt_id=10696049115004929 tipo=ompt_thread_worker     last_cpu=207 numa=1 mig=0 fallos=0 perf=full ipc=0.270 ratio_rm=0.0297
[OMPT] tid=619271 ompt_id=20266198323167233 tipo=ompt_thread_worker     last_cpu=205 numa=1 mig=0 fallos=0 perf=full ipc=0.273 ratio_rm=0.0328
[OMPT] tid=619287 ompt_id=24769797950537729 tipo=ompt_thread_worker     last_cpu=204 numa=1 mig=0 fallos=0 perf=full ipc=0.279 ratio_rm=0.0406
[OMPT] tid=619325 ompt_id=35465847065542657 tipo=ompt_thread_worker     last_cpu=218 numa=1 mig=0 fallos=0 perf=full ipc=0.468 ratio_rm=0.1119
[OMPT] tid=619297 ompt_id=27584547717644289 tipo=ompt_thread_worker     last_cpu=213 numa=1 mig=0 fallos=0 perf=full ipc=0.427 ratio_rm=0.0219
[OMPT] tid=619313 ompt_id=32088147345014785 tipo=ompt_thread_worker     last_cpu= 80 numa=1 mig=0 fallos=0 perf=full ipc=0.435 ratio_rm=0.0438
[OMPT] tid=619281 ompt_id=23080948090273793 tipo=ompt_thread_worker     last_cpu=214 numa=1 mig=0 fallos=0 perf=full ipc=0.429 ratio_rm=0.0212
[OMPT] tid=619265 ompt_id=18577348462903297 tipo=ompt_thread_worker     last_cpu=215 numa=1 mig=0 fallos=0 perf=full ipc=0.428 ratio_rm=0.0171
[OMPT] tid=619299 ompt_id=28147497671065601 tipo=ompt_thread_worker     last_cpu=251 numa=1 mig=0 fallos=0 perf=full ipc=0.307 ratio_rm=0.0251
[OMPT] tid=619314 ompt_id=32369622321725441 tipo=ompt_thread_worker     last_cpu=170 numa=0 mig=0 fallos=0 perf=full ipc=0.287 ratio_rm=0.0409
[OMPT] tid=619311 ompt_id=31525197391593473 tipo=ompt_thread_worker     last_cpu=195 numa=1 mig=0 fallos=0 perf=full ipc=0.370 ratio_rm=0.0460
[OMPT] tid=619319 ompt_id=33776997205278721 tipo=ompt_thread_worker     last_cpu=194 numa=1 mig=0 fallos=0 perf=full ipc=0.484 ratio_rm=0.1162
[OMPT] tid=619295 ompt_id=27021597764222977 tipo=ompt_thread_worker     last_cpu=196 numa=1 mig=0 fallos=0 perf=full ipc=0.355 ratio_rm=0.0398
[OMPT] tid=619279 ompt_id=22517998136852481 tipo=ompt_thread_worker     last_cpu=197 numa=1 mig=0 fallos=0 perf=full ipc=0.348 ratio_rm=0.0311
[OMPT] tid=619327 ompt_id=36028797018963969 tipo=ompt_thread_worker     last_cpu=226 numa=1 mig=0 fallos=0 perf=full ipc=0.376 ratio_rm=0.0661
[OMPT] tid=619289 ompt_id=25332747903959041 tipo=ompt_thread_worker     last_cpu=228 numa=1 mig=0 fallos=0 perf=full ipc=0.318 ratio_rm=0.0353
[OMPT] tid=619307 ompt_id=30399297484750849 tipo=ompt_thread_worker     last_cpu=227 numa=1 mig=0 fallos=0 perf=full ipc=0.316 ratio_rm=0.0413
[OMPT] tid=619247 ompt_id=13510798882111489 tipo=ompt_thread_worker     last_cpu=231 numa=1 mig=0 fallos=0 perf=full ipc=0.298 ratio_rm=0.0252
[OMPT] tid=619273 ompt_id=20829148276588545 tipo=ompt_thread_worker     last_cpu=229 numa=1 mig=0 fallos=0 perf=full ipc=0.302 ratio_rm=0.0317
[OMPT] tid=619322 ompt_id=34621422135410689 tipo=ompt_thread_worker     last_cpu=186 numa=0 mig=0 fallos=0 perf=full ipc=0.325 ratio_rm=0.0331
[OMPT] tid=619280 ompt_id=22799473113563137 tipo=ompt_thread_worker     last_cpu=189 numa=0 mig=0 fallos=0 perf=full ipc=0.221 ratio_rm=0.0539
[OMPT] tid=619294 ompt_id=26740122787512321 tipo=ompt_thread_worker     last_cpu=188 numa=0 mig=0 fallos=0 perf=full ipc=0.238 ratio_rm=0.0359
[OMPT] tid=619263 ompt_id=18014398509481985 tipo=ompt_thread_worker     last_cpu=198 numa=1 mig=0 fallos=0 perf=full ipc=0.341 ratio_rm=0.0355
[OMPT] tid=619243 ompt_id=12384898975268865 tipo=ompt_thread_worker     last_cpu=199 numa=1 mig=0 fallos=0 perf=full ipc=0.344 ratio_rm=0.0317
[OMPT] tid=619257 ompt_id=16325548649218049 tipo=ompt_thread_worker     last_cpu=230 numa=1 mig=0 fallos=0 perf=full ipc=0.304 ratio_rm=0.0277
[OMPT] tid=619264 ompt_id=18295873486192641 tipo=ompt_thread_worker     last_cpu=174 numa=0 mig=0 fallos=0 perf=full ipc=0.271 ratio_rm=0.0730
[OMPT] tid=619298 ompt_id=27866022694354945 tipo=ompt_thread_worker     last_cpu=171 numa=0 mig=0 fallos=0 perf=full ipc=0.253 ratio_rm=0.0485
[OMPT] tid=619255 ompt_id=15762598695796737 tipo=ompt_thread_worker     last_cpu=206 numa=1 mig=0 fallos=0 perf=full ipc=0.275 ratio_rm=0.0325
[OMPT] tid=619305 ompt_id=29836347531329537 tipo=ompt_thread_worker     last_cpu=203 numa=1 mig=0 fallos=0 perf=full ipc=0.302 ratio_rm=0.0450
[OMPT] tid=619286 ompt_id=24488322973827073 tipo=ompt_thread_worker     last_cpu=164 numa=0 mig=0 fallos=0 perf=full ipc=0.217 ratio_rm=0.0481
[OMPT] tid=619254 ompt_id=15481123719086081 tipo=ompt_thread_worker     last_cpu=166 numa=0 mig=0 fallos=0 perf=full ipc=0.218 ratio_rm=0.0422
[OMPT] tid=619276 ompt_id=21673573206720513 tipo=ompt_thread_worker     last_cpu=165 numa=0 mig=0 fallos=0 perf=full ipc=0.248 ratio_rm=0.0453
[OMPT] tid=619304 ompt_id=29554872554618881 tipo=ompt_thread_worker     last_cpu=163 numa=0 mig=0 fallos=0 perf=full ipc=0.259 ratio_rm=0.0686
[OMPT] tid=619318 ompt_id=33495522228568065 tipo=ompt_thread_worker     last_cpu=162 numa=0 mig=0 fallos=0 perf=full ipc=0.311 ratio_rm=0.0531
[OMPT] tid=619266 ompt_id=18858823439613953 tipo=ompt_thread_worker     last_cpu=135 numa=0 mig=0 fallos=0 perf=full ipc=0.184 ratio_rm=0.0974
[OMPT] tid=619326 ompt_id=35747322042253313 tipo=ompt_thread_worker     last_cpu=137 numa=0 mig=0 fallos=0 perf=full ipc=0.155 ratio_rm=0.0649
[OMPT] tid=619238 ompt_id=10977524091715585 tipo=ompt_thread_worker     last_cpu=  0 numa=0 mig=0 fallos=0 perf=full ipc=0.190 ratio_rm=0.0886
[OMPT] tid=619317 ompt_id=33214047251857409 tipo=ompt_thread_worker     last_cpu=242 numa=1 mig=0 fallos=0 perf=full ipc=0.313 ratio_rm=0.0750
[OMPT] tid=619316 ompt_id=32932572275146753 tipo=ompt_thread_worker     last_cpu=146 numa=0 mig=0 fallos=0 perf=full ipc=0.330 ratio_rm=0.0824
[OMPT] tid=619301 ompt_id=28710447624486913 tipo=ompt_thread_worker     last_cpu=235 numa=1 mig=0 fallos=0 perf=full ipc=0.317 ratio_rm=0.0414
[OMPT] tid=619323 ompt_id=34902897112121345 tipo=ompt_thread_worker     last_cpu=234 numa=1 mig=0 fallos=0 perf=full ipc=0.352 ratio_rm=0.0709
[OMPT] tid=619277 ompt_id=21955048183431169 tipo=ompt_thread_worker     last_cpu=237 numa=1 mig=0 fallos=0 perf=full ipc=0.274 ratio_rm=0.0307
[OMPT] tid=619261 ompt_id=17451448556060673 tipo=ompt_thread_worker     last_cpu=238 numa=1 mig=0 fallos=0 perf=full ipc=0.294 ratio_rm=0.0298
[OMPT] tid=619293 ompt_id=26458647810801665 tipo=ompt_thread_worker     last_cpu=236 numa=1 mig=0 fallos=0 perf=full ipc=0.310 ratio_rm=0.0386
[OMPT] tid=619236 ompt_id=10414574138294273 tipo=ompt_thread_worker     last_cpu=239 numa=1 mig=0 fallos=0 perf=full ipc=0.279 ratio_rm=0.0282
[OMPT] tid=619283 ompt_id=23643898043695105 tipo=ompt_thread_worker     last_cpu=250 numa=1 mig=0 fallos=0 perf=full ipc=0.297 ratio_rm=0.0264
[OMPT] tid=619267 ompt_id=19140298416324609 tipo=ompt_thread_worker     last_cpu=249 numa=1 mig=0 fallos=0 perf=full ipc=0.297 ratio_rm=0.0250
[OMPT] tid=619251 ompt_id=14355223812243457 tipo=ompt_thread_worker     last_cpu=248 numa=1 mig=0 fallos=0 perf=full ipc=0.283 ratio_rm=0.0268
[OMPT] tid=619242 ompt_id=12103423998558209 tipo=ompt_thread_worker     last_cpu=167 numa=0 mig=0 fallos=0 perf=full ipc=0.194 ratio_rm=0.0547
[OMPT] tid=619262 ompt_id=17732923532771329 tipo=ompt_thread_worker     last_cpu=142 numa=0 mig=0 fallos=0 perf=full ipc=0.240 ratio_rm=0.0633
[OMPT] tid=619274 ompt_id=21110623253299201 tipo=ompt_thread_worker     last_cpu=141 numa=0 mig=0 fallos=0 perf=full ipc=0.185 ratio_rm=0.0599
[OMPT] tid=619244 ompt_id=12947848928690177 tipo=ompt_thread_worker     last_cpu=175 numa=0 mig=0 fallos=0 perf=full ipc=0.210 ratio_rm=0.0623
[OMPT] tid=619278 ompt_id=22236523160141825 tipo=ompt_thread_worker     last_cpu=173 numa=0 mig=0 fallos=0 perf=full ipc=0.247 ratio_rm=0.0581
[OMPT] tid=619252 ompt_id=14918173765664769 tipo=ompt_thread_worker     last_cpu=190 numa=0 mig=0 fallos=0 perf=full ipc=0.212 ratio_rm=0.0657
[OMPT] tid=619291 ompt_id=25895697857380353 tipo=ompt_thread_worker     last_cpu=220 numa=1 mig=0 fallos=0 perf=full ipc=0.358 ratio_rm=0.0265
[OMPT] tid=619275 ompt_id=21392098230009857 tipo=ompt_thread_worker     last_cpu=221 numa=1 mig=0 fallos=0 perf=full ipc=0.351 ratio_rm=0.0183
[OMPT] tid=619309 ompt_id=30962247438172161 tipo=ompt_thread_worker     last_cpu=219 numa=1 mig=0 fallos=0 perf=full ipc=0.362 ratio_rm=0.0278
[OMPT] tid=619239 ompt_id=11258999068426241 tipo=ompt_thread_worker     last_cpu=223 numa=1 mig=0 fallos=0 perf=full ipc=0.353 ratio_rm=0.0210
[OMPT] tid=619259 ompt_id=16888498602639361 tipo=ompt_thread_worker     last_cpu=222 numa=1 mig=0 fallos=0 perf=full ipc=0.355 ratio_rm=0.0237
[OMPT] tid=619306 ompt_id=30117822508040193 tipo=ompt_thread_worker     last_cpu=155 numa=0 mig=0 fallos=0 perf=full ipc=0.230 ratio_rm=0.0578
[OMPT] tid=619282 ompt_id=23362423066984449 tipo=ompt_thread_worker     last_cpu=156 numa=0 mig=0 fallos=0 perf=full ipc=0.248 ratio_rm=0.0582
[OMPT] tid=619320 ompt_id=34058472181989377 tipo=ompt_thread_worker     last_cpu=154 numa=0 mig=0 fallos=0 perf=full ipc=0.291 ratio_rm=0.0727
[OMPT] tid=619268 ompt_id=19421773393035265 tipo=ompt_thread_worker     last_cpu=157 numa=0 mig=0 fallos=0 perf=full ipc=0.228 ratio_rm=0.0637
[OMPT] tid=619256 ompt_id=16044073672507393 tipo=ompt_thread_worker     last_cpu=158 numa=0 mig=0 fallos=0 perf=full ipc=0.254 ratio_rm=0.0613
[OMPT] tid=619285 ompt_id=24206847997116417 tipo=ompt_thread_worker     last_cpu=244 numa=1 mig=0 fallos=0 perf=full ipc=0.308 ratio_rm=0.0340
[OMPT] tid=619303 ompt_id=29273397577908225 tipo=ompt_thread_worker     last_cpu=243 numa=1 mig=0 fallos=0 perf=full ipc=0.288 ratio_rm=0.0402
[OMPT] tid=619315 ompt_id=32651097298436097 tipo=ompt_thread_worker     last_cpu=252 numa=1 mig=0 fallos=0 perf=full ipc=0.281 ratio_rm=0.0271
[OMPT] tid=619240 ompt_id=11540474045136897 tipo=ompt_thread_worker     last_cpu=191 numa=0 mig=0 fallos=0 perf=full ipc=0.253 ratio_rm=0.0653
[OMPT] tid=619292 ompt_id=26177172834091009 tipo=ompt_thread_worker     last_cpu=148 numa=0 mig=0 fallos=0 perf=full ipc=0.254 ratio_rm=0.0901
[OMPT] tid=619246 ompt_id=13229323905400833 tipo=ompt_thread_worker     last_cpu=151 numa=0 mig=0 fallos=0 perf=full ipc=0.195 ratio_rm=0.0689
[OMPT] tid=619241 ompt_id=11821949021847553 tipo=ompt_thread_worker     last_cpu=247 numa=1 mig=0 fallos=0 perf=full ipc=0.249 ratio_rm=0.0191
[OMPT] tid=619290 ompt_id=25614222880669697 tipo=ompt_thread_worker     last_cpu=180 numa=0 mig=0 fallos=0 perf=full ipc=0.278 ratio_rm=0.0473
[OMPT] tid=619310 ompt_id=31243722414882817 tipo=ompt_thread_worker     last_cpu=178 numa=0 mig=0 fallos=0 perf=full ipc=0.307 ratio_rm=0.0613
[OMPT] tid=619302 ompt_id=28991922601197569 tipo=ompt_thread_worker     last_cpu=139 numa=0 mig=0 fallos=0 perf=full ipc=0.184 ratio_rm=0.0745
[OMPT] tid=619260 ompt_id=17169973579350017 tipo=ompt_thread_worker     last_cpu=182 numa=0 mig=0 fallos=0 perf=full ipc=0.333 ratio_rm=0.0529
[OMPT] tid=619250 ompt_id=14636698788954113 tipo=ompt_thread_worker     last_cpu=143 numa=0 mig=0 fallos=0 perf=full ipc=0.266 ratio_rm=0.0657
[OMPT] tid=619249 ompt_id=14073748835532801 tipo=ompt_thread_worker     last_cpu=183 numa=0 mig=0 fallos=0 perf=full ipc=0.251 ratio_rm=0.0407
[OMPT] tid=619270 ompt_id=19984723346456577 tipo=ompt_thread_worker     last_cpu=181 numa=0 mig=0 fallos=0 perf=full ipc=0.263 ratio_rm=0.0490
[OMPT] ===== Overhead intrínseco =====
  monitor: 2 ticks, 3742.3 us total (max 3739.5 us/tick)
  callbacks implicit_task: 20225, 8919021.6 us total
  migraciones: 0 (0.0 us total)
  resyncs=0  lecturas escaladas por multiplexado=1024
  hilos con perf fallido=0  parcial(ipc_only)=0
  ventanas con ciclos=0  con fills=0
