[OMPT] ompt_initialize (OPCIÓN C: integrador con fugas)  verbose=0  migracion=activa
[HWLOC] Nodos NUMA detectados: 2 (usados: 2)
[HWLOC] Nodo 0: 128 CPUs
[HWLOC] Nodo 1: 128 CPUs
[OMPT] callback 'ompt_callback_thread_begin' registrado (result=5)
[OMPT] callback 'ompt_callback_thread_end' registrado (result=5)
[OMPT] callback 'ompt_callback_parallel_begin' registrado (result=5)
[OMPT] callback 'ompt_callback_parallel_end' registrado (result=5)
[OMPT] callback 'ompt_callback_implicit_task' registrado (result=5)
[OMPT] callback 'ompt_callback_control_tool' registrado (result=5)
[OMPT] Callbacks registrados
[OMPT] Sistema: 0 procesadores lógicos
[OMPT][MON] Monitor (C: integrador con fugas)  período=100ms  warmup=5  T=ref+1.00*MAD  leak=0.50*MAD  cap=8.00*MAD  max_mig=1  migracion=activa
[perf_region] tool OMPT detectado: los contadores los lleva el tool, no se abren aqui
[OMPT] control_tool: INICIANDO medicion
[OMPT] control_tool: PAUSANDO medicion
[OMPT] ompt_finalize
[OMPT][MON] Monitor detenido tras 5 ventanas
[OMPT] CSV de ventanas: 256 filas volcadas (0 descartadas)
[OMPT] ===== Tabla final: 256 hilos =====
[OMPT] tid=632928 ompt_id=281474976710657 tipo=ompt_thread_initial    last_cpu=205 numa=1 mig=0 fallos=0 perf=full ipc=0.292 ratio_rm=0.0201
[OMPT] tid=632930 ompt_id=562949953421313 tipo=ompt_thread_worker     last_cpu= 73 numa=1 mig=0 fallos=0 perf=full ipc=0.303 ratio_rm=0.0387
[OMPT] tid=632931 ompt_id=844424930131969 tipo=ompt_thread_worker     last_cpu=215 numa=1 mig=0 fallos=0 perf=full ipc=0.340 ratio_rm=0.0259
[OMPT] tid=632932 ompt_id=1125899906842625 tipo=ompt_thread_worker     last_cpu= 89 numa=1 mig=0 fallos=0 perf=full ipc=0.269 ratio_rm=0.0358
[OMPT] tid=632933 ompt_id=1407374883553281 tipo=ompt_thread_worker     last_cpu=128 numa=0 mig=0 fallos=0 perf=full ipc=0.260 ratio_rm=0.0333
[OMPT] tid=632934 ompt_id=1688849860263937 tipo=ompt_thread_worker     last_cpu=231 numa=1 mig=0 fallos=0 perf=full ipc=0.321 ratio_rm=0.0316
[OMPT] tid=632935 ompt_id=1970324836974593 tipo=ompt_thread_worker     last_cpu=105 numa=1 mig=0 fallos=0 perf=full ipc=0.349 ratio_rm=0.0268
[OMPT] tid=632936 ompt_id=2533274790395905 tipo=ompt_thread_worker     last_cpu=179 numa=0 mig=0 fallos=0 perf=full ipc=0.226 ratio_rm=0.0202
[OMPT] tid=632937 ompt_id=2251799813685249 tipo=ompt_thread_worker     last_cpu= 52 numa=0 mig=0 fallos=0 perf=full ipc=0.235 ratio_rm=0.0113
[OMPT] tid=632940 ompt_id=2814749767106561 tipo=ompt_thread_worker     last_cpu=129 numa=0 mig=0 fallos=0 perf=full ipc=0.230 ratio_rm=0.0349
[OMPT] tid=632938 ompt_id=3096224743817217 tipo=ompt_thread_worker     last_cpu=177 numa=0 mig=0 fallos=0 perf=full ipc=0.272 ratio_rm=0.0182
[OMPT] tid=632941 ompt_id=3659174697238529 tipo=ompt_thread_worker     last_cpu=201 numa=1 mig=0 fallos=0 perf=full ipc=0.290 ratio_rm=0.0375
[OMPT] tid=632939 ompt_id=3377699720527873 tipo=ompt_thread_worker     last_cpu= 57 numa=0 mig=0 fallos=0 perf=full ipc=0.222 ratio_rm=0.0243
[OMPT] tid=632942 ompt_id=3940649673949185 tipo=ompt_thread_worker     last_cpu= 25 numa=0 mig=0 fallos=0 perf=full ipc=0.188 ratio_rm=0.0357
[OMPT] tid=632944 ompt_id=4503599627370497 tipo=ompt_thread_worker     last_cpu= 80 numa=1 mig=0 fallos=0 perf=full ipc=0.301 ratio_rm=0.0416
[OMPT] tid=632943 ompt_id=4222124650659841 tipo=ompt_thread_worker     last_cpu= 96 numa=1 mig=0 fallos=0 perf=full ipc=0.285 ratio_rm=0.0467
[OMPT] tid=632945 ompt_id=4785074604081153 tipo=ompt_thread_worker     last_cpu=247 numa=1 mig=0 fallos=0 perf=full ipc=0.280 ratio_rm=0.0272
[OMPT] tid=632946 ompt_id=5066549580791809 tipo=ompt_thread_worker     last_cpu=112 numa=1 mig=0 fallos=0 perf=full ipc=0.298 ratio_rm=0.0369
[OMPT] tid=632947 ompt_id=5348024557502465 tipo=ompt_thread_worker     last_cpu= 77 numa=1 mig=0 fallos=0 perf=full ipc=0.269 ratio_rm=0.0365
[OMPT] tid=632948 ompt_id=5629499534213121 tipo=ompt_thread_worker     last_cpu= 24 numa=0 mig=0 fallos=0 perf=full ipc=0.227 ratio_rm=0.0353
[OMPT] tid=632949 ompt_id=5910974510923777 tipo=ompt_thread_worker     last_cpu= 86 numa=1 mig=0 fallos=0 perf=full ipc=0.326 ratio_rm=0.0306
[OMPT] tid=632950 ompt_id=6192449487634433 tipo=ompt_thread_worker     last_cpu= 78 numa=1 mig=0 fallos=0 perf=full ipc=0.281 ratio_rm=0.0321
[OMPT] tid=632951 ompt_id=6473924464345089 tipo=ompt_thread_worker     last_cpu= 97 numa=1 mig=0 fallos=0 perf=full ipc=0.257 ratio_rm=0.0355
[OMPT] tid=632952 ompt_id=6755399441055745 tipo=ompt_thread_worker     last_cpu=104 numa=1 mig=0 fallos=0 perf=full ipc=0.336 ratio_rm=0.0356
[OMPT] tid=632953 ompt_id=7036874417766401 tipo=ompt_thread_worker     last_cpu=120 numa=1 mig=0 fallos=0 perf=full ipc=0.303 ratio_rm=0.0372
[OMPT] tid=632954 ompt_id=7318349394477057 tipo=ompt_thread_worker     last_cpu= 55 numa=0 mig=0 fallos=0 perf=full ipc=0.239 ratio_rm=0.0277
[OMPT] tid=632955 ompt_id=7599824371187713 tipo=ompt_thread_worker     last_cpu=206 numa=1 mig=0 fallos=0 perf=full ipc=0.285 ratio_rm=0.0253
[OMPT] tid=632956 ompt_id=7881299347898369 tipo=ompt_thread_worker     last_cpu=121 numa=1 mig=0 fallos=0 perf=full ipc=0.328 ratio_rm=0.0259
[OMPT] tid=632957 ompt_id=8162774324609025 tipo=ompt_thread_worker     last_cpu= 10 numa=0 mig=0 fallos=0 perf=full ipc=0.189 ratio_rm=0.0388
[OMPT] tid=632958 ompt_id=8444249301319681 tipo=ompt_thread_worker     last_cpu= 17 numa=0 mig=0 fallos=0 perf=full ipc=0.173 ratio_rm=0.0246
[OMPT] tid=632959 ompt_id=8725724278030337 tipo=ompt_thread_worker     last_cpu= 16 numa=0 mig=0 fallos=0 perf=full ipc=0.190 ratio_rm=0.0183
[OMPT] tid=632960 ompt_id=9007199254740993 tipo=ompt_thread_worker     last_cpu= 11 numa=0 mig=0 fallos=0 perf=full ipc=0.229 ratio_rm=0.0323
[OMPT] tid=632961 ompt_id=9288674231451649 tipo=ompt_thread_worker     last_cpu= 82 numa=1 mig=0 fallos=0 perf=full ipc=0.319 ratio_rm=0.0346
[OMPT] tid=632962 ompt_id=9570149208162305 tipo=ompt_thread_worker     last_cpu= 88 numa=1 mig=0 fallos=0 perf=full ipc=0.286 ratio_rm=0.0392
[OMPT] tid=632963 ompt_id=9851624184872961 tipo=ompt_thread_worker     last_cpu= 64 numa=1 mig=0 fallos=0 perf=full ipc=0.311 ratio_rm=0.0432
[OMPT] tid=632964 ompt_id=10133099161583617 tipo=ompt_thread_worker     last_cpu= 72 numa=1 mig=0 fallos=0 perf=full ipc=0.289 ratio_rm=0.0434
[OMPT] tid=633134 ompt_id=57983845202395137 tipo=ompt_thread_worker     last_cpu=114 numa=1 mig=0 fallos=0 perf=full ipc=0.261 ratio_rm=0.0346
[OMPT] tid=633006 ompt_id=21955048183431169 tipo=ompt_thread_worker     last_cpu= 32 numa=0 mig=0 fallos=0 perf=full ipc=0.259 ratio_rm=0.0171
[OMPT] tid=633171 ompt_id=67835469387268097 tipo=ompt_thread_worker     last_cpu= 75 numa=1 mig=0 fallos=0 perf=full ipc=0.297 ratio_rm=0.0331
[OMPT] tid=633036 ompt_id=30399297484750849 tipo=ompt_thread_worker     last_cpu=203 numa=1 mig=0 fallos=0 perf=full ipc=0.289 ratio_rm=0.0310
[OMPT] tid=632970 ompt_id=11821949021847553 tipo=ompt_thread_worker     last_cpu=207 numa=1 mig=0 fallos=0 perf=full ipc=0.311 ratio_rm=0.0267
[OMPT] tid=633180 ompt_id=70931694131085313 tipo=ompt_thread_worker     last_cpu= 74 numa=1 mig=0 fallos=0 perf=full ipc=0.265 ratio_rm=0.0440
[OMPT] tid=633072 ompt_id=40532396646334465 tipo=ompt_thread_worker     last_cpu=137 numa=0 mig=0 fallos=0 perf=full ipc=0.244 ratio_rm=0.0317
[OMPT] tid=633115 ompt_id=52635820644892673 tipo=ompt_thread_worker     last_cpu=218 numa=1 mig=0 fallos=0 perf=full ipc=0.290 ratio_rm=0.0427
[OMPT] tid=632990 ompt_id=17451448556060673 tipo=ompt_thread_worker     last_cpu= 34 numa=0 mig=0 fallos=0 perf=full ipc=0.240 ratio_rm=0.0112
[OMPT] tid=633058 ompt_id=36591746972385281 tipo=ompt_thread_worker     last_cpu=202 numa=1 mig=0 fallos=0 perf=full ipc=0.270 ratio_rm=0.0401
[OMPT] tid=633075 ompt_id=41376821576466433 tipo=ompt_thread_worker     last_cpu= 50 numa=0 mig=0 fallos=0 perf=full ipc=0.219 ratio_rm=0.0333
[OMPT] tid=633037 ompt_id=30680772461461505 tipo=ompt_thread_worker     last_cpu= 45 numa=0 mig=0 fallos=0 perf=full ipc=0.225 ratio_rm=0.0312
[OMPT] tid=633101 ompt_id=48413695994232833 tipo=ompt_thread_worker     last_cpu= 48 numa=0 mig=0 fallos=0 perf=full ipc=0.213 ratio_rm=0.0372
[OMPT] tid=632977 ompt_id=13792273858822145 tipo=ompt_thread_worker     last_cpu=183 numa=0 mig=0 fallos=0 perf=full ipc=0.234 ratio_rm=0.0303
[OMPT] tid=633147 ompt_id=61643019899633665 tipo=ompt_thread_worker     last_cpu=182 numa=0 mig=0 fallos=0 perf=full ipc=0.230 ratio_rm=0.0365
[OMPT] tid=633079 ompt_id=42502721483309057 tipo=ompt_thread_worker     last_cpu=176 numa=0 mig=0 fallos=0 perf=full ipc=0.240 ratio_rm=0.0319
[OMPT] tid=633057 ompt_id=36310271995674625 tipo=ompt_thread_worker     last_cpu=178 numa=0 mig=0 fallos=0 perf=full ipc=0.241 ratio_rm=0.0473
[OMPT] tid=633021 ompt_id=26177172834091009 tipo=ompt_thread_worker     last_cpu=152 numa=0 mig=0 fallos=0 perf=full ipc=0.214 ratio_rm=0.0374
[OMPT] tid=633150 ompt_id=62487444829765633 tipo=ompt_thread_worker     last_cpu= 20 numa=0 mig=0 fallos=0 perf=full ipc=0.194 ratio_rm=0.0294
[OMPT] tid=632968 ompt_id=11258999068426241 tipo=ompt_thread_worker     last_cpu=148 numa=0 mig=0 fallos=0 perf=full ipc=0.194 ratio_rm=0.0343
[OMPT] tid=632997 ompt_id=19421773393035265 tipo=ompt_thread_worker     last_cpu=  2 numa=0 mig=0 fallos=0 perf=full ipc=0.213 ratio_rm=0.0415
[OMPT] tid=633175 ompt_id=69524319247532033 tipo=ompt_thread_worker     last_cpu= 60 numa=0 mig=0 fallos=0 perf=full ipc=0.249 ratio_rm=0.0238
[OMPT] tid=633070 ompt_id=39969446692913153 tipo=ompt_thread_worker     last_cpu=217 numa=1 mig=0 fallos=0 perf=full ipc=0.285 ratio_rm=0.0335
[OMPT] tid=633024 ompt_id=27021597764222977 tipo=ompt_thread_worker     last_cpu=220 numa=1 mig=0 fallos=0 perf=full ipc=0.316 ratio_rm=0.0303
[OMPT] tid=633178 ompt_id=70368744177664001 tipo=ompt_thread_worker     last_cpu= 90 numa=1 mig=0 fallos=0 perf=full ipc=0.304 ratio_rm=0.0344
[OMPT] tid=632974 ompt_id=12666373951979521 tipo=ompt_thread_worker     last_cpu=223 numa=1 mig=0 fallos=0 perf=full ipc=0.322 ratio_rm=0.0284
[OMPT] tid=633162 ompt_id=65865144550293505 tipo=ompt_thread_worker     last_cpu= 91 numa=1 mig=0 fallos=0 perf=full ipc=0.308 ratio_rm=0.0266
[OMPT] tid=633042 ompt_id=32088147345014785 tipo=ompt_thread_worker     last_cpu=219 numa=1 mig=0 fallos=0 perf=full ipc=0.296 ratio_rm=0.0299
[OMPT] tid=633056 ompt_id=36028797018963969 tipo=ompt_thread_worker     last_cpu=138 numa=0 mig=0 fallos=0 perf=full ipc=0.193 ratio_rm=0.0354
[OMPT] tid=633054 ompt_id=35465847065542657 tipo=ompt_thread_worker     last_cpu=210 numa=1 mig=0 fallos=0 perf=full ipc=0.306 ratio_rm=0.0377
[OMPT] tid=633110 ompt_id=50946970784628737 tipo=ompt_thread_worker     last_cpu= 87 numa=1 mig=0 fallos=0 perf=full ipc=0.326 ratio_rm=0.0255
[OMPT] tid=633059 ompt_id=36873221949095937 tipo=ompt_thread_worker     last_cpu=162 numa=0 mig=0 fallos=0 perf=full ipc=0.264 ratio_rm=0.0322
[OMPT] tid=633045 ompt_id=32932572275146753 tipo=ompt_thread_worker     last_cpu=186 numa=0 mig=0 fallos=0 perf=full ipc=0.236 ratio_rm=0.0323
[OMPT] tid=633029 ompt_id=28428972647776257 tipo=ompt_thread_worker     last_cpu=187 numa=0 mig=0 fallos=0 perf=full ipc=0.256 ratio_rm=0.0349
[OMPT] tid=632983 ompt_id=15481123719086081 tipo=ompt_thread_worker     last_cpu=190 numa=0 mig=0 fallos=0 perf=full ipc=0.257 ratio_rm=0.0293
[OMPT] tid=633122 ompt_id=54606145481867265 tipo=ompt_thread_worker     last_cpu= 62 numa=0 mig=0 fallos=0 perf=full ipc=0.265 ratio_rm=0.0306
[OMPT] tid=633121 ompt_id=54324670505156609 tipo=ompt_thread_worker     last_cpu=110 numa=1 mig=0 fallos=0 perf=full ipc=0.380 ratio_rm=0.0270
[OMPT] tid=632986 ompt_id=16325548649218049 tipo=ompt_thread_worker     last_cpu=238 numa=1 mig=0 fallos=0 perf=full ipc=0.338 ratio_rm=0.0287
[OMPT] tid=633018 ompt_id=25332747903959041 tipo=ompt_thread_worker     last_cpu=236 numa=1 mig=0 fallos=0 perf=full ipc=0.365 ratio_rm=0.0256
[OMPT] tid=633090 ompt_id=45598946227126273 tipo=ompt_thread_worker     last_cpu=232 numa=1 mig=0 fallos=0 perf=full ipc=0.328 ratio_rm=0.0355
[OMPT] tid=633048 ompt_id=33776997205278721 tipo=ompt_thread_worker     last_cpu=234 numa=1 mig=0 fallos=0 perf=full ipc=0.330 ratio_rm=0.0321
[OMPT] tid=633004 ompt_id=21392098230009857 tipo=ompt_thread_worker     last_cpu=237 numa=1 mig=0 fallos=0 perf=full ipc=0.357 ratio_rm=0.0254
[OMPT] tid=633132 ompt_id=57420895248973825 tipo=ompt_thread_worker     last_cpu=109 numa=1 mig=0 fallos=0 perf=full ipc=0.341 ratio_rm=0.0270
[OMPT] tid=633066 ompt_id=38843546786070529 tipo=ompt_thread_worker     last_cpu=233 numa=1 mig=0 fallos=0 perf=full ipc=0.337 ratio_rm=0.0304
[OMPT] tid=633148 ompt_id=61924494876344321 tipo=ompt_thread_worker     last_cpu=108 numa=1 mig=0 fallos=0 perf=full ipc=0.359 ratio_rm=0.0228
[OMPT] tid=633182 ompt_id=71494644084506625 tipo=ompt_thread_worker     last_cpu=106 numa=1 mig=0 fallos=0 perf=full ipc=0.332 ratio_rm=0.0323
[OMPT] tid=633164 ompt_id=66428094503714817 tipo=ompt_thread_worker     last_cpu=107 numa=1 mig=0 fallos=0 perf=full ipc=0.335 ratio_rm=0.0236
[OMPT] tid=633106 ompt_id=49821070877786113 tipo=ompt_thread_worker     last_cpu=111 numa=1 mig=0 fallos=0 perf=full ipc=0.342 ratio_rm=0.0246
[OMPT] tid=633032 ompt_id=29273397577908225 tipo=ompt_thread_worker     last_cpu=235 numa=1 mig=0 fallos=0 perf=full ipc=0.355 ratio_rm=0.0210
[OMPT] tid=632965 ompt_id=10414574138294273 tipo=ompt_thread_worker     last_cpu=239 numa=1 mig=0 fallos=0 perf=full ipc=0.353 ratio_rm=0.0222
[OMPT] tid=633081 ompt_id=43065671436730369 tipo=ompt_thread_worker     last_cpu=168 numa=0 mig=0 fallos=0 perf=full ipc=0.228 ratio_rm=0.0364
[OMPT] tid=633105 ompt_id=49539595901075457 tipo=ompt_thread_worker     last_cpu= 47 numa=0 mig=0 fallos=0 perf=full ipc=0.223 ratio_rm=0.0429
[OMPT] tid=633010 ompt_id=23080948090273793 tipo=ompt_thread_worker     last_cpu=221 numa=1 mig=0 fallos=0 perf=full ipc=0.288 ratio_rm=0.0255
[OMPT] tid=633127 ompt_id=56013520365420545 tipo=ompt_thread_worker     last_cpu= 93 numa=1 mig=0 fallos=0 perf=full ipc=0.290 ratio_rm=0.0261
[OMPT] tid=632993 ompt_id=18295873486192641 tipo=ompt_thread_worker     last_cpu=222 numa=1 mig=0 fallos=0 perf=full ipc=0.298 ratio_rm=0.0280
[OMPT] tid=633113 ompt_id=52072870691471361 tipo=ompt_thread_worker     last_cpu= 94 numa=1 mig=0 fallos=0 perf=full ipc=0.320 ratio_rm=0.0249
[OMPT] tid=633080 ompt_id=42784196460019713 tipo=ompt_thread_worker     last_cpu=216 numa=1 mig=0 fallos=0 perf=full ipc=0.265 ratio_rm=0.0371
[OMPT] tid=633104 ompt_id=49258120924364801 tipo=ompt_thread_worker     last_cpu= 95 numa=1 mig=0 fallos=0 perf=full ipc=0.327 ratio_rm=0.0250
[OMPT] tid=633152 ompt_id=63050394783186945 tipo=ompt_thread_worker     last_cpu= 92 numa=1 mig=0 fallos=0 perf=full ipc=0.318 ratio_rm=0.0251
[OMPT] tid=633026 ompt_id=27584547717644289 tipo=ompt_thread_worker     last_cpu=212 numa=1 mig=0 fallos=0 perf=full ipc=0.298 ratio_rm=0.0279
[OMPT] tid=632992 ompt_id=18014398509481985 tipo=ompt_thread_worker     last_cpu=214 numa=1 mig=0 fallos=0 perf=full ipc=0.300 ratio_rm=0.0277
[OMPT] tid=633140 ompt_id=59391220085948417 tipo=ompt_thread_worker     last_cpu= 83 numa=1 mig=0 fallos=0 perf=full ipc=0.293 ratio_rm=0.0286
[OMPT] tid=633131 ompt_id=56857945295552513 tipo=ompt_thread_worker     last_cpu= 81 numa=1 mig=0 fallos=0 perf=full ipc=0.287 ratio_rm=0.0340
[OMPT] tid=633040 ompt_id=31525197391593473 tipo=ompt_thread_worker     last_cpu=211 numa=1 mig=0 fallos=0 perf=full ipc=0.270 ratio_rm=0.0302
[OMPT] tid=633074 ompt_id=41095346599755777 tipo=ompt_thread_worker     last_cpu=209 numa=1 mig=0 fallos=0 perf=full ipc=0.288 ratio_rm=0.0322
[OMPT] tid=633088 ompt_id=45035996273704961 tipo=ompt_thread_worker     last_cpu=208 numa=1 mig=0 fallos=0 perf=full ipc=0.278 ratio_rm=0.0401
[OMPT] tid=633008 ompt_id=22517998136852481 tipo=ompt_thread_worker     last_cpu=213 numa=1 mig=0 fallos=0 perf=full ipc=0.299 ratio_rm=0.0270
[OMPT] tid=633172 ompt_id=68398419340689409 tipo=ompt_thread_worker     last_cpu= 85 numa=1 mig=0 fallos=0 perf=full ipc=0.297 ratio_rm=0.0300
[OMPT] tid=633156 ompt_id=64176294690029569 tipo=ompt_thread_worker     last_cpu= 84 numa=1 mig=0 fallos=0 perf=full ipc=0.299 ratio_rm=0.0284
[OMPT] tid=633163 ompt_id=66146619527004161 tipo=ompt_thread_worker     last_cpu= 19 numa=0 mig=0 fallos=0 perf=full ipc=0.176 ratio_rm=0.0362
[OMPT] tid=633007 ompt_id=22236523160141825 tipo=ompt_thread_worker     last_cpu=149 numa=0 mig=0 fallos=0 perf=full ipc=0.213 ratio_rm=0.0375
[OMPT] tid=633126 ompt_id=55732045388709889 tipo=ompt_thread_worker     last_cpu= 21 numa=0 mig=0 fallos=0 perf=full ipc=0.209 ratio_rm=0.0384
[OMPT] tid=633061 ompt_id=37436171902517249 tipo=ompt_thread_worker     last_cpu=185 numa=0 mig=0 fallos=0 perf=full ipc=0.246 ratio_rm=0.0354
[OMPT] tid=633173 ompt_id=68679894317400065 tipo=ompt_thread_worker     last_cpu= 59 numa=0 mig=0 fallos=0 perf=full ipc=0.225 ratio_rm=0.0428
[OMPT] tid=632967 ompt_id=10977524091715585 tipo=ompt_thread_worker     last_cpu=191 numa=0 mig=0 fallos=0 perf=full ipc=0.237 ratio_rm=0.0361
[OMPT] tid=633107 ompt_id=50102545854496769 tipo=ompt_thread_worker     last_cpu= 63 numa=0 mig=0 fallos=0 perf=full ipc=0.254 ratio_rm=0.0320
[OMPT] tid=633155 ompt_id=63894819713318913 tipo=ompt_thread_worker     last_cpu= 28 numa=0 mig=0 fallos=0 perf=full ipc=0.211 ratio_rm=0.0348
[OMPT] tid=633085 ompt_id=44191571343572993 tipo=ompt_thread_worker     last_cpu= 98 numa=1 mig=0 fallos=0 perf=full ipc=0.292 ratio_rm=0.0317
[OMPT] tid=632973 ompt_id=12947848928690177 tipo=ompt_thread_worker     last_cpu=159 numa=0 mig=0 fallos=0 perf=full ipc=0.209 ratio_rm=0.0402
[OMPT] tid=633009 ompt_id=22799473113563137 tipo=ompt_thread_worker     last_cpu=157 numa=0 mig=0 fallos=0 perf=full ipc=0.192 ratio_rm=0.0393
[OMPT] tid=633137 ompt_id=58828270132527105 tipo=ompt_thread_worker     last_cpu= 29 numa=0 mig=0 fallos=0 perf=full ipc=0.185 ratio_rm=0.0437
[OMPT] tid=633179 ompt_id=70650219154374657 tipo=ompt_thread_worker     last_cpu= 40 numa=0 mig=0 fallos=0 perf=full ipc=0.229 ratio_rm=0.0324
[OMPT] tid=633064 ompt_id=38280596832649217 tipo=ompt_thread_worker     last_cpu=225 numa=1 mig=0 fallos=0 perf=full ipc=0.252 ratio_rm=0.0312
[OMPT] tid=633138 ompt_id=59109745109237761 tipo=ompt_thread_worker     last_cpu=101 numa=1 mig=0 fallos=0 perf=full ipc=0.268 ratio_rm=0.0261
[OMPT] tid=633017 ompt_id=25051272927248385 tipo=ompt_thread_worker     last_cpu=180 numa=0 mig=0 fallos=0 perf=full ipc=0.253 ratio_rm=0.0443
[OMPT] tid=632991 ompt_id=17732923532771329 tipo=ompt_thread_worker     last_cpu= 33 numa=0 mig=0 fallos=0 perf=full ipc=0.257 ratio_rm=0.0229
[OMPT] tid=633114 ompt_id=52354345668182017 tipo=ompt_thread_worker     last_cpu= 54 numa=0 mig=0 fallos=0 perf=full ipc=0.217 ratio_rm=0.0386
[OMPT] tid=633067 ompt_id=39125021762781185 tipo=ompt_thread_worker     last_cpu=169 numa=0 mig=0 fallos=0 perf=full ipc=0.231 ratio_rm=0.0381
[OMPT] tid=633135 ompt_id=58265320179105793 tipo=ompt_thread_worker     last_cpu= 39 numa=0 mig=0 fallos=0 perf=full ipc=0.240 ratio_rm=0.0348
[OMPT] tid=633153 ompt_id=63331869759897601 tipo=ompt_thread_worker     last_cpu= 44 numa=0 mig=0 fallos=0 perf=full ipc=0.240 ratio_rm=0.0359
[OMPT] tid=633011 ompt_id=23362423066984449 tipo=ompt_thread_worker     last_cpu=173 numa=0 mig=0 fallos=0 perf=full ipc=0.225 ratio_rm=0.0298
[OMPT] tid=633044 ompt_id=32651097298436097 tipo=ompt_thread_worker     last_cpu=252 numa=1 mig=0 fallos=0 perf=full ipc=0.297 ratio_rm=0.0249
[OMPT] tid=633158 ompt_id=64739244643450881 tipo=ompt_thread_worker     last_cpu=124 numa=1 mig=0 fallos=0 perf=full ipc=0.293 ratio_rm=0.0300
[OMPT] tid=633060 ompt_id=37154696925806593 tipo=ompt_thread_worker     last_cpu=253 numa=1 mig=0 fallos=0 perf=full ipc=0.326 ratio_rm=0.0220
[OMPT] tid=633093 ompt_id=46443371157258241 tipo=ompt_thread_worker     last_cpu=127 numa=1 mig=0 fallos=0 perf=full ipc=0.324 ratio_rm=0.0234
[OMPT] tid=633094 ompt_id=51228445761339393 tipo=ompt_thread_worker     last_cpu=255 numa=1 mig=0 fallos=0 perf=full ipc=0.326 ratio_rm=0.0216
[OMPT] tid=632996 ompt_id=19140298416324609 tipo=ompt_thread_worker     last_cpu=249 numa=1 mig=0 fallos=0 perf=full ipc=0.330 ratio_rm=0.0285
[OMPT] tid=633125 ompt_id=55450570411999233 tipo=ompt_thread_worker     last_cpu=123 numa=1 mig=0 fallos=0 perf=full ipc=0.313 ratio_rm=0.0262
[OMPT] tid=633012 ompt_id=23643898043695105 tipo=ompt_thread_worker     last_cpu=250 numa=1 mig=0 fallos=0 perf=full ipc=0.299 ratio_rm=0.0346
[OMPT] tid=633174 ompt_id=68961369294110721 tipo=ompt_thread_worker     last_cpu=122 numa=1 mig=0 fallos=0 perf=full ipc=0.324 ratio_rm=0.0297
[OMPT] tid=633108 ompt_id=50384020831207425 tipo=ompt_thread_worker     last_cpu=254 numa=1 mig=0 fallos=0 perf=full ipc=0.314 ratio_rm=0.0239
[OMPT] tid=632980 ompt_id=14636698788954113 tipo=ompt_thread_worker     last_cpu=248 numa=1 mig=0 fallos=0 perf=full ipc=0.307 ratio_rm=0.0374
[OMPT] tid=632979 ompt_id=14355223812243457 tipo=ompt_thread_worker     last_cpu=175 numa=0 mig=0 fallos=0 perf=full ipc=0.223 ratio_rm=0.0315
[OMPT] tid=633073 ompt_id=40813871623045121 tipo=ompt_thread_worker     last_cpu=161 numa=0 mig=0 fallos=0 perf=full ipc=0.244 ratio_rm=0.0449
[OMPT] tid=633170 ompt_id=69242844270821377 tipo=ompt_thread_worker     last_cpu=143 numa=0 mig=0 fallos=0 perf=full ipc=0.236 ratio_rm=0.0424
[OMPT] tid=633176 ompt_id=69805794224242689 tipo=ompt_thread_worker     last_cpu= 58 numa=0 mig=0 fallos=0 perf=full ipc=0.217 ratio_rm=0.0295
[OMPT] tid=632972 ompt_id=12103423998558209 tipo=ompt_thread_worker     last_cpu=130 numa=0 mig=0 fallos=0 perf=full ipc=0.251 ratio_rm=0.0378
[OMPT] tid=633128 ompt_id=56576470318841857 tipo=ompt_thread_worker     last_cpu= 53 numa=0 mig=0 fallos=0 perf=full ipc=0.212 ratio_rm=0.0361
[OMPT] tid=633003 ompt_id=21110623253299201 tipo=ompt_thread_worker     last_cpu=181 numa=0 mig=0 fallos=0 perf=full ipc=0.249 ratio_rm=0.0402
[OMPT] tid=633116 ompt_id=52917295621603329 tipo=ompt_thread_worker     last_cpu= 14 numa=0 mig=0 fallos=0 perf=full ipc=0.232 ratio_rm=0.0397
[OMPT] tid=633049 ompt_id=34058472181989377 tipo=ompt_thread_worker     last_cpu=154 numa=0 mig=0 fallos=0 perf=full ipc=0.174 ratio_rm=0.0454
[OMPT] tid=633013 ompt_id=23925373020405761 tipo=ompt_thread_worker     last_cpu=188 numa=0 mig=0 fallos=0 perf=full ipc=0.230 ratio_rm=0.0360
[OMPT] tid=633046 ompt_id=33214047251857409 tipo=ompt_thread_worker     last_cpu=226 numa=1 mig=0 fallos=0 perf=full ipc=0.288 ratio_rm=0.0348
[OMPT] tid=632982 ompt_id=15199648742375425 tipo=ompt_thread_worker     last_cpu=230 numa=1 mig=0 fallos=0 perf=full ipc=0.281 ratio_rm=0.0254
[OMPT] tid=633000 ompt_id=20266198323167233 tipo=ompt_thread_worker     last_cpu=229 numa=1 mig=0 fallos=0 perf=full ipc=0.273 ratio_rm=0.0252
[OMPT] tid=633084 ompt_id=43910096366862337 tipo=ompt_thread_worker     last_cpu=224 numa=1 mig=0 fallos=0 perf=full ipc=0.265 ratio_rm=0.0366
[OMPT] tid=633160 ompt_id=65302194596872193 tipo=ompt_thread_worker     last_cpu= 99 numa=1 mig=0 fallos=0 perf=full ipc=0.280 ratio_rm=0.0270
[OMPT] tid=632981 ompt_id=14918173765664769 tipo=ompt_thread_worker     last_cpu=  0 numa=0 mig=0 fallos=0 perf=full ipc=0.287 ratio_rm=0.0503
[OMPT] tid=633092 ompt_id=46161896180547585 tipo=ompt_thread_worker     last_cpu=132 numa=0 mig=0 fallos=0 perf=full ipc=0.255 ratio_rm=0.0262
[OMPT] tid=633071 ompt_id=40250921669623809 tipo=ompt_thread_worker     last_cpu=  4 numa=0 mig=0 fallos=0 perf=full ipc=0.233 ratio_rm=0.0340
[OMPT] tid=633055 ompt_id=35747322042253313 tipo=ompt_thread_worker     last_cpu= 41 numa=0 mig=0 fallos=0 perf=full ipc=0.225 ratio_rm=0.0402
[OMPT] tid=633082 ompt_id=43347146413441025 tipo=ompt_thread_worker     last_cpu=240 numa=1 mig=0 fallos=0 perf=full ipc=0.281 ratio_rm=0.0318
[OMPT] tid=633052 ompt_id=34902897112121345 tipo=ompt_thread_worker     last_cpu=242 numa=1 mig=0 fallos=0 perf=full ipc=0.300 ratio_rm=0.0336
[OMPT] tid=633062 ompt_id=37717646879227905 tipo=ompt_thread_worker     last_cpu=241 numa=1 mig=0 fallos=0 perf=full ipc=0.308 ratio_rm=0.0275
[OMPT] tid=633123 ompt_id=54887620458577921 tipo=ompt_thread_worker     last_cpu=118 numa=1 mig=0 fallos=0 perf=full ipc=0.315 ratio_rm=0.0249
[OMPT] tid=633161 ompt_id=65583669573582849 tipo=ompt_thread_worker     last_cpu= 51 numa=0 mig=0 fallos=0 perf=full ipc=0.214 ratio_rm=0.0529
[OMPT] tid=632999 ompt_id=19984723346456577 tipo=ompt_thread_worker     last_cpu=189 numa=0 mig=0 fallos=0 perf=full ipc=0.215 ratio_rm=0.0343
[OMPT] tid=633077 ompt_id=41939771529887745 tipo=ompt_thread_worker     last_cpu=184 numa=0 mig=0 fallos=0 perf=full ipc=0.240 ratio_rm=0.0464
[OMPT] tid=633068 ompt_id=39406496739491841 tipo=ompt_thread_worker     last_cpu=193 numa=1 mig=0 fallos=0 perf=full ipc=0.338 ratio_rm=0.0529
[OMPT] tid=633168 ompt_id=67553994410557441 tipo=ompt_thread_worker     last_cpu= 67 numa=1 mig=0 fallos=0 perf=full ipc=0.307 ratio_rm=0.0315
[OMPT] tid=633102 ompt_id=48695170970943489 tipo=ompt_thread_worker     last_cpu= 71 numa=1 mig=0 fallos=0 perf=full ipc=0.305 ratio_rm=0.0300
[OMPT] tid=633119 ompt_id=53761720551735297 tipo=ompt_thread_worker     last_cpu= 70 numa=1 mig=0 fallos=0 perf=full ipc=0.309 ratio_rm=0.0256
[OMPT] tid=633016 ompt_id=24769797950537729 tipo=ompt_thread_worker     last_cpu=196 numa=1 mig=0 fallos=0 perf=full ipc=0.343 ratio_rm=0.0248
[OMPT] tid=633154 ompt_id=63613344736608257 tipo=ompt_thread_worker     last_cpu= 68 numa=1 mig=0 fallos=0 perf=full ipc=0.331 ratio_rm=0.0259
[OMPT] tid=632984 ompt_id=15762598695796737 tipo=ompt_thread_worker     last_cpu=198 numa=1 mig=0 fallos=0 perf=full ipc=0.325 ratio_rm=0.0250
[OMPT] tid=633184 ompt_id=72057594037927937 tipo=ompt_thread_worker     last_cpu= 66 numa=1 mig=0 fallos=0 perf=full ipc=0.328 ratio_rm=0.0347
[OMPT] tid=633129 ompt_id=56294995342131201 tipo=ompt_thread_worker     last_cpu= 69 numa=1 mig=0 fallos=0 perf=full ipc=0.318 ratio_rm=0.0292
[OMPT] tid=633014 ompt_id=24206847997116417 tipo=ompt_thread_worker     last_cpu=228 numa=1 mig=0 fallos=0 perf=full ipc=0.286 ratio_rm=0.0275
[OMPT] tid=633142 ompt_id=60235645016080385 tipo=ompt_thread_worker     last_cpu=125 numa=1 mig=0 fallos=0 perf=full ipc=0.336 ratio_rm=0.0237
[OMPT] tid=633076 ompt_id=41658296553177089 tipo=ompt_thread_worker     last_cpu=126 numa=1 mig=0 fallos=0 perf=full ipc=0.339 ratio_rm=0.0213
[OMPT] tid=633028 ompt_id=28147497671065601 tipo=ompt_thread_worker     last_cpu=251 numa=1 mig=0 fallos=0 perf=full ipc=0.323 ratio_rm=0.0254
[OMPT] tid=632988 ompt_id=16888498602639361 tipo=ompt_thread_worker     last_cpu=246 numa=1 mig=0 fallos=0 perf=full ipc=0.313 ratio_rm=0.0227
[OMPT] tid=633159 ompt_id=65020719620161537 tipo=ompt_thread_worker     last_cpu=131 numa=0 mig=0 fallos=0 perf=full ipc=0.219 ratio_rm=0.0422
[OMPT] tid=633041 ompt_id=31806672368304129 tipo=ompt_thread_worker     last_cpu=147 numa=0 mig=0 fallos=0 perf=full ipc=0.190 ratio_rm=0.0519
[OMPT] tid=633047 ompt_id=33495522228568065 tipo=ompt_thread_worker     last_cpu=170 numa=0 mig=0 fallos=0 perf=full ipc=0.228 ratio_rm=0.0406
[OMPT] tid=633050 ompt_id=34339947158700033 tipo=ompt_thread_worker     last_cpu=194 numa=1 mig=0 fallos=0 perf=full ipc=0.301 ratio_rm=0.0418
[OMPT] tid=632976 ompt_id=13510798882111489 tipo=ompt_thread_worker     last_cpu=199 numa=1 mig=0 fallos=0 perf=full ipc=0.314 ratio_rm=0.0247
[OMPT] tid=633034 ompt_id=29836347531329537 tipo=ompt_thread_worker     last_cpu=195 numa=1 mig=0 fallos=0 perf=full ipc=0.316 ratio_rm=0.0287
[OMPT] tid=633078 ompt_id=42221246506598401 tipo=ompt_thread_worker     last_cpu=192 numa=1 mig=0 fallos=0 perf=full ipc=0.304 ratio_rm=0.0374
[OMPT] tid=632998 ompt_id=19703248369745921 tipo=ompt_thread_worker     last_cpu=197 numa=1 mig=0 fallos=0 perf=full ipc=0.340 ratio_rm=0.0278
[OMPT] tid=633144 ompt_id=60798594969501697 tipo=ompt_thread_worker     last_cpu=116 numa=1 mig=0 fallos=0 perf=full ipc=0.312 ratio_rm=0.0251
[OMPT] tid=633069 ompt_id=39687971716202497 tipo=ompt_thread_worker     last_cpu=  3 numa=0 mig=0 fallos=0 perf=full ipc=0.220 ratio_rm=0.0378
[OMPT] tid=633051 ompt_id=34621422135410689 tipo=ompt_thread_worker     last_cpu=146 numa=0 mig=0 fallos=0 perf=full ipc=0.200 ratio_rm=0.0404
[OMPT] tid=633065 ompt_id=38562071809359873 tipo=ompt_thread_worker     last_cpu=145 numa=0 mig=0 fallos=0 perf=full ipc=0.183 ratio_rm=0.0425
[OMPT] tid=633177 ompt_id=70087269200953345 tipo=ompt_thread_worker     last_cpu= 42 numa=0 mig=0 fallos=0 perf=full ipc=0.231 ratio_rm=0.0357
[OMPT] tid=633025 ompt_id=27303072740933633 tipo=ompt_thread_worker     last_cpu=172 numa=0 mig=0 fallos=0 perf=full ipc=0.226 ratio_rm=0.0377
[OMPT] tid=633141 ompt_id=59954170039369729 tipo=ompt_thread_worker     last_cpu= 56 numa=0 mig=0 fallos=0 perf=full ipc=0.247 ratio_rm=0.0521
[OMPT] tid=633151 ompt_id=62768919806476289 tipo=ompt_thread_worker     last_cpu=100 numa=1 mig=0 fallos=0 perf=full ipc=0.295 ratio_rm=0.0272
[OMPT] tid=633030 ompt_id=28710447624486913 tipo=ompt_thread_worker     last_cpu=227 numa=1 mig=0 fallos=0 perf=full ipc=0.303 ratio_rm=0.0312
[OMPT] tid=633157 ompt_id=64457769666740225 tipo=ompt_thread_worker     last_cpu=  8 numa=0 mig=0 fallos=0 perf=full ipc=0.292 ratio_rm=0.0470
[OMPT] tid=633001 ompt_id=20547673299877889 tipo=ompt_thread_worker     last_cpu=141 numa=0 mig=0 fallos=0 perf=full ipc=0.256 ratio_rm=0.0405
[OMPT] tid=633145 ompt_id=61361544922923009 tipo=ompt_thread_worker     last_cpu= 12 numa=0 mig=0 fallos=0 perf=full ipc=0.207 ratio_rm=0.0457
[OMPT] tid=633086 ompt_id=44473046320283649 tipo=ompt_thread_worker     last_cpu=200 numa=1 mig=0 fallos=0 perf=full ipc=0.290 ratio_rm=0.0396
[OMPT] tid=633146 ompt_id=61080069946212353 tipo=ompt_thread_worker     last_cpu= 76 numa=1 mig=0 fallos=0 perf=full ipc=0.307 ratio_rm=0.0044
[OMPT] tid=633022 ompt_id=26458647810801665 tipo=ompt_thread_worker     last_cpu=204 numa=1 mig=0 fallos=0 perf=full ipc=0.311 ratio_rm=0.0283
[OMPT] tid=633098 ompt_id=47569271064100865 tipo=ompt_thread_worker     last_cpu= 79 numa=1 mig=0 fallos=0 perf=full ipc=0.319 ratio_rm=0.0283
[OMPT] tid=633117 ompt_id=53198770598313985 tipo=ompt_thread_worker     last_cpu=102 numa=1 mig=0 fallos=0 perf=full ipc=0.282 ratio_rm=0.0315
[OMPT] tid=633096 ompt_id=47006321110679553 tipo=ompt_thread_worker     last_cpu=103 numa=1 mig=0 fallos=0 perf=full ipc=0.326 ratio_rm=0.0268
[OMPT] tid=633027 ompt_id=27866022694354945 tipo=ompt_thread_worker     last_cpu=135 numa=0 mig=0 fallos=0 perf=full ipc=0.239 ratio_rm=0.0428
[OMPT] tid=633109 ompt_id=50665495807918081 tipo=ompt_thread_worker     last_cpu=  5 numa=0 mig=0 fallos=0 perf=full ipc=0.248 ratio_rm=0.0411
[OMPT] tid=632969 ompt_id=11540474045136897 tipo=ompt_thread_worker     last_cpu=  1 numa=0 mig=0 fallos=0 perf=full ipc=0.241 ratio_rm=0.0470
[OMPT] tid=633130 ompt_id=57139420272263169 tipo=ompt_thread_worker     last_cpu= 37 numa=0 mig=0 fallos=0 perf=full ipc=0.262 ratio_rm=0.0334
[OMPT] tid=633083 ompt_id=43628621390151681 tipo=ompt_thread_worker     last_cpu=160 numa=0 mig=0 fallos=0 perf=full ipc=0.248 ratio_rm=0.0423
[OMPT] tid=633063 ompt_id=37999121855938561 tipo=ompt_thread_worker     last_cpu=153 numa=0 mig=0 fallos=0 perf=full ipc=0.172 ratio_rm=0.0448
[OMPT] tid=633167 ompt_id=67272519433846785 tipo=ompt_thread_worker     last_cpu= 27 numa=0 mig=0 fallos=0 perf=full ipc=0.200 ratio_rm=0.0420
[OMPT] tid=633099 ompt_id=47850746040811521 tipo=ompt_thread_worker     last_cpu= 31 numa=0 mig=0 fallos=0 perf=full ipc=0.242 ratio_rm=0.0429
[OMPT] tid=633019 ompt_id=25614222880669697 tipo=ompt_thread_worker     last_cpu=156 numa=0 mig=0 fallos=0 perf=full ipc=0.192 ratio_rm=0.0437
[OMPT] tid=633136 ompt_id=58546795155816449 tipo=ompt_thread_worker     last_cpu=117 numa=1 mig=0 fallos=0 perf=full ipc=0.327 ratio_rm=0.0242
[OMPT] tid=633100 ompt_id=48132221017522177 tipo=ompt_thread_worker     last_cpu=119 numa=1 mig=0 fallos=0 perf=full ipc=0.306 ratio_rm=0.0260
[OMPT] tid=633002 ompt_id=20829148276588545 tipo=ompt_thread_worker     last_cpu=245 numa=1 mig=0 fallos=0 perf=full ipc=0.305 ratio_rm=0.0241
[OMPT] tid=633166 ompt_id=66991044457136129 tipo=ompt_thread_worker     last_cpu=115 numa=1 mig=0 fallos=0 perf=full ipc=0.301 ratio_rm=0.0261
[OMPT] tid=632966 ompt_id=10696049115004929 tipo=ompt_thread_worker     last_cpu=113 numa=1 mig=0 fallos=0 perf=full ipc=0.287 ratio_rm=0.0288
[OMPT] tid=633020 ompt_id=25895697857380353 tipo=ompt_thread_worker     last_cpu=244 numa=1 mig=0 fallos=0 perf=full ipc=0.303 ratio_rm=0.0197
[OMPT] tid=633038 ompt_id=30962247438172161 tipo=ompt_thread_worker     last_cpu=243 numa=1 mig=0 fallos=0 perf=full ipc=0.305 ratio_rm=0.0253
[OMPT] tid=633053 ompt_id=35184372088832001 tipo=ompt_thread_worker     last_cpu=  9 numa=0 mig=0 fallos=0 perf=full ipc=0.255 ratio_rm=0.0450
[OMPT] tid=632994 ompt_id=18577348462903297 tipo=ompt_thread_worker     last_cpu=142 numa=0 mig=0 fallos=0 perf=full ipc=0.234 ratio_rm=0.0375
[OMPT] tid=633039 ompt_id=31243722414882817 tipo=ompt_thread_worker     last_cpu=139 numa=0 mig=0 fallos=0 perf=full ipc=0.223 ratio_rm=0.0414
[OMPT] tid=632978 ompt_id=14073748835532801 tipo=ompt_thread_worker     last_cpu= 49 numa=0 mig=0 fallos=0 perf=full ipc=0.239 ratio_rm=0.0536
[OMPT] tid=633097 ompt_id=47287796087390209 tipo=ompt_thread_worker     last_cpu= 15 numa=0 mig=0 fallos=0 perf=full ipc=0.237 ratio_rm=0.0433
[OMPT] tid=633023 ompt_id=26740122787512321 tipo=ompt_thread_worker     last_cpu=140 numa=0 mig=0 fallos=0 perf=full ipc=0.200 ratio_rm=0.0419
[OMPT] tid=633183 ompt_id=71776119061217281 tipo=ompt_thread_worker     last_cpu= 18 numa=0 mig=0 fallos=0 perf=full ipc=0.205 ratio_rm=0.0473
[OMPT] tid=633031 ompt_id=28991922601197569 tipo=ompt_thread_worker     last_cpu=163 numa=0 mig=0 fallos=0 perf=full ipc=0.271 ratio_rm=0.0316
[OMPT] tid=633005 ompt_id=21673573206720513 tipo=ompt_thread_worker     last_cpu=165 numa=0 mig=0 fallos=0 perf=full ipc=0.240 ratio_rm=0.0274
[OMPT] tid=633181 ompt_id=71213169107795969 tipo=ompt_thread_worker     last_cpu= 26 numa=0 mig=0 fallos=0 perf=full ipc=0.182 ratio_rm=0.0464
[OMPT] tid=633043 ompt_id=32369622321725441 tipo=ompt_thread_worker     last_cpu=134 numa=0 mig=0 fallos=0 perf=full ipc=0.286 ratio_rm=0.0472
[OMPT] tid=633091 ompt_id=45880421203836929 tipo=ompt_thread_worker     last_cpu=133 numa=0 mig=0 fallos=0 perf=full ipc=0.222 ratio_rm=0.0321
[OMPT] tid=633143 ompt_id=60517119992791041 tipo=ompt_thread_worker     last_cpu=  7 numa=0 mig=0 fallos=0 perf=full ipc=0.244 ratio_rm=0.0402
[OMPT] tid=632971 ompt_id=12384898975268865 tipo=ompt_thread_worker     last_cpu=151 numa=0 mig=0 fallos=0 perf=full ipc=0.225 ratio_rm=0.0362
[OMPT] tid=633103 ompt_id=48976645947654145 tipo=ompt_thread_worker     last_cpu= 23 numa=0 mig=0 fallos=0 perf=full ipc=0.233 ratio_rm=0.0469
[OMPT] tid=633087 ompt_id=44754521296994305 tipo=ompt_thread_worker     last_cpu=144 numa=0 mig=0 fallos=0 perf=full ipc=0.195 ratio_rm=0.0402
[OMPT] tid=632985 ompt_id=16044073672507393 tipo=ompt_thread_worker     last_cpu=150 numa=0 mig=0 fallos=0 perf=full ipc=0.193 ratio_rm=0.0415
[OMPT] tid=632995 ompt_id=18858823439613953 tipo=ompt_thread_worker     last_cpu=174 numa=0 mig=0 fallos=0 perf=full ipc=0.229 ratio_rm=0.0378
[OMPT] tid=633139 ompt_id=59672695062659073 tipo=ompt_thread_worker     last_cpu= 61 numa=0 mig=0 fallos=0 perf=full ipc=0.233 ratio_rm=0.0409
[OMPT] tid=633124 ompt_id=55169095435288577 tipo=ompt_thread_worker     last_cpu=  6 numa=0 mig=0 fallos=0 perf=full ipc=0.318 ratio_rm=0.0447
[OMPT] tid=633015 ompt_id=24488322973827073 tipo=ompt_thread_worker     last_cpu=164 numa=0 mig=0 fallos=0 perf=full ipc=0.248 ratio_rm=0.0363
[OMPT] tid=632989 ompt_id=17169973579350017 tipo=ompt_thread_worker     last_cpu=166 numa=0 mig=0 fallos=0 perf=full ipc=0.260 ratio_rm=0.0341
[OMPT] tid=632975 ompt_id=13229323905400833 tipo=ompt_thread_worker     last_cpu=167 numa=0 mig=0 fallos=0 perf=full ipc=0.266 ratio_rm=0.0310
[OMPT] tid=633035 ompt_id=30117822508040193 tipo=ompt_thread_worker     last_cpu=155 numa=0 mig=0 fallos=0 perf=full ipc=0.215 ratio_rm=0.0373
[OMPT] tid=633112 ompt_id=51791395714760705 tipo=ompt_thread_worker     last_cpu= 30 numa=0 mig=0 fallos=0 perf=full ipc=0.217 ratio_rm=0.0283
[OMPT] tid=632987 ompt_id=16607023625928705 tipo=ompt_thread_worker     last_cpu=158 numa=0 mig=0 fallos=0 perf=full ipc=0.209 ratio_rm=0.0334
[OMPT] tid=633120 ompt_id=54043195528445953 tipo=ompt_thread_worker     last_cpu= 46 numa=0 mig=0 fallos=0 perf=full ipc=0.246 ratio_rm=0.0334
[OMPT] tid=633033 ompt_id=29554872554618881 tipo=ompt_thread_worker     last_cpu=171 numa=0 mig=0 fallos=0 perf=full ipc=0.253 ratio_rm=0.0381
[OMPT] tid=633165 ompt_id=66709569480425473 tipo=ompt_thread_worker     last_cpu= 43 numa=0 mig=0 fallos=0 perf=full ipc=0.202 ratio_rm=0.0435
[OMPT] tid=633118 ompt_id=53480245575024641 tipo=ompt_thread_worker     last_cpu= 38 numa=0 mig=0 fallos=0 perf=full ipc=0.251 ratio_rm=0.0369
[OMPT] tid=633089 ompt_id=45317471250415617 tipo=ompt_thread_worker     last_cpu=136 numa=0 mig=0 fallos=0 perf=full ipc=0.208 ratio_rm=0.0405
[OMPT] tid=633133 ompt_id=57702370225684481 tipo=ompt_thread_worker     last_cpu= 13 numa=0 mig=0 fallos=0 perf=full ipc=0.263 ratio_rm=0.0345
[OMPT] tid=633111 ompt_id=51509920738050049 tipo=ompt_thread_worker     last_cpu= 22 numa=0 mig=0 fallos=0 perf=full ipc=0.184 ratio_rm=0.0378
[OMPT] tid=633095 ompt_id=46724846133968897 tipo=ompt_thread_worker     last_cpu= 65 numa=1 mig=0 fallos=0 perf=full ipc=0.317 ratio_rm=0.0554
[OMPT] tid=633169 ompt_id=68116944363978753 tipo=ompt_thread_worker     last_cpu= 35 numa=0 mig=0 fallos=0 perf=full ipc=0.304 ratio_rm=0.0425
[OMPT] tid=633149 ompt_id=62205969853054977 tipo=ompt_thread_worker     last_cpu= 36 numa=0 mig=0 fallos=0 perf=full ipc=0.236 ratio_rm=0.0361
[OMPT] ===== Overhead intrínseco =====
  monitor: 5 ticks, 17255.6 us total (max 8755.6 us/tick)
  callbacks implicit_task: 40449, 48715906.4 us total
  migraciones: 0 (0.0 us total)
  resyncs=0  lecturas escaladas por multiplexado=3072
  hilos con perf fallido=0  parcial(ipc_only)=0
  ventanas con ciclos=256  con fills=256
