[OMPT] ompt_initialize (OPCIÓN C: integrador con fugas)  verbose=0  migracion=activa
[HWLOC] Nodos NUMA detectados: 2 (usados: 2)
[HWLOC] Nodo 0: 128 CPUs
[HWLOC] Nodo 1: 128 CPUs
[OMPT] callback 'ompt_callback_thread_begin' registrado (result=5)
[OMPT] callback 'ompt_callback_thread_end' registrado (result=5)
[OMPT] callback 'ompt_callback_parallel_begin' registrado (result=5)
[OMPT] callback 'ompt_callback_parallel_end' registrado (result=5)
[OMPT] callback 'ompt_callback_implicit_task' registrado (result=5)
[OMPT] callback 'ompt_callback_control_tool' registrado (result=5)
[OMPT] Callbacks registrados
[OMPT] Sistema: 0 procesadores lógicos
[OMPT][MON] Monitor (C: integrador con fugas)  período=100ms  warmup=5  T=ref+1.00*MAD  leak=0.50*MAD  cap=8.00*MAD  max_mig=1  migracion=activa
[perf_region] tool OMPT detectado: los contadores los lleva el tool, no se abren aqui
[OMPT] control_tool: INICIANDO medicion
[OMPT] control_tool: PAUSANDO medicion
[OMPT] ompt_finalize
[OMPT][MON] Monitor detenido tras 13 ventanas
[OMPT] CSV de ventanas: 1152 filas volcadas (0 descartadas)
[OMPT] ===== Tabla final: 128 hilos =====
[OMPT] tid=657732 ompt_id=281474976710657 tipo=ompt_thread_initial    last_cpu=255 numa=1 mig=0 fallos=0 perf=full ipc=0.451 ratio_rm=0.0005
[OMPT] tid=657734 ompt_id=562949953421313 tipo=ompt_thread_worker     last_cpu=253 numa=1 mig=0 fallos=0 perf=full ipc=0.462 ratio_rm=0.0002
[OMPT] tid=657735 ompt_id=844424930131969 tipo=ompt_thread_worker     last_cpu= 81 numa=1 mig=0 fallos=0 perf=full ipc=0.501 ratio_rm=0.0003
[OMPT] tid=657736 ompt_id=1125899906842625 tipo=ompt_thread_worker     last_cpu= 72 numa=1 mig=0 fallos=0 perf=full ipc=0.507 ratio_rm=0.0003
[OMPT] tid=657737 ompt_id=1407374883553281 tipo=ompt_thread_worker     last_cpu= 49 numa=0 mig=0 fallos=0 perf=full ipc=0.284 ratio_rm=0.1641
[OMPT] tid=657739 ompt_id=1970324836974593 tipo=ompt_thread_worker     last_cpu= 89 numa=1 mig=0 fallos=0 perf=full ipc=0.456 ratio_rm=0.0003
[OMPT] tid=657738 ompt_id=1688849860263937 tipo=ompt_thread_worker     last_cpu= 65 numa=1 mig=0 fallos=0 perf=full ipc=0.586 ratio_rm=0.0004
[OMPT] tid=657742 ompt_id=2814749767106561 tipo=ompt_thread_worker     last_cpu=  4 numa=0 mig=0 fallos=0 perf=full ipc=0.320 ratio_rm=0.1752
[OMPT] tid=657741 ompt_id=2533274790395905 tipo=ompt_thread_worker     last_cpu= 41 numa=0 mig=0 fallos=0 perf=full ipc=0.359 ratio_rm=0.1931
[OMPT] tid=657743 ompt_id=3096224743817217 tipo=ompt_thread_worker     last_cpu=  8 numa=0 mig=0 fallos=0 perf=full ipc=0.221 ratio_rm=0.1287
[OMPT] tid=657744 ompt_id=3377699720527873 tipo=ompt_thread_worker     last_cpu= 64 numa=1 mig=0 fallos=0 perf=full ipc=0.526 ratio_rm=0.0004
[OMPT] tid=657740 ompt_id=2251799813685249 tipo=ompt_thread_worker     last_cpu=250 numa=1 mig=0 fallos=0 perf=full ipc=0.500 ratio_rm=0.0004
[OMPT] tid=657746 ompt_id=3940649673949185 tipo=ompt_thread_worker     last_cpu=112 numa=1 mig=0 fallos=0 perf=full ipc=0.606 ratio_rm=0.0005
[OMPT] tid=657748 ompt_id=4503599627370497 tipo=ompt_thread_worker     last_cpu= 42 numa=0 mig=0 fallos=0 perf=full ipc=0.313 ratio_rm=0.1703
[OMPT] tid=657747 ompt_id=4222124650659841 tipo=ompt_thread_worker     last_cpu= 23 numa=0 mig=0 fallos=0 perf=full ipc=0.216 ratio_rm=0.1267
[OMPT] tid=657749 ompt_id=4785074604081153 tipo=ompt_thread_worker     last_cpu= 73 numa=1 mig=0 fallos=0 perf=full ipc=0.427 ratio_rm=0.0003
[OMPT] tid=657751 ompt_id=5348024557502465 tipo=ompt_thread_worker     last_cpu= 48 numa=0 mig=0 fallos=0 perf=full ipc=0.425 ratio_rm=0.1606
[OMPT] tid=657745 ompt_id=3659174697238529 tipo=ompt_thread_worker     last_cpu=131 numa=0 mig=0 fallos=0 perf=full ipc=0.276 ratio_rm=0.1619
[OMPT] tid=657750 ompt_id=5066549580791809 tipo=ompt_thread_worker     last_cpu=  9 numa=0 mig=0 fallos=0 perf=full ipc=0.283 ratio_rm=0.1662
[OMPT] tid=657752 ompt_id=5629499534213121 tipo=ompt_thread_worker     last_cpu=229 numa=1 mig=0 fallos=0 perf=full ipc=0.548 ratio_rm=0.0003
[OMPT] tid=657753 ompt_id=5910974510923777 tipo=ompt_thread_worker     last_cpu=  5 numa=0 mig=0 fallos=0 perf=full ipc=0.305 ratio_rm=0.1800
[OMPT] tid=657754 ompt_id=6192449487634433 tipo=ompt_thread_worker     last_cpu=  7 numa=0 mig=0 fallos=0 perf=full ipc=0.230 ratio_rm=0.1411
[OMPT] tid=657755 ompt_id=6473924464345089 tipo=ompt_thread_worker     last_cpu=134 numa=0 mig=0 fallos=0 perf=full ipc=0.235 ratio_rm=0.1386
[OMPT] tid=657756 ompt_id=6755399441055745 tipo=ompt_thread_worker     last_cpu=  1 numa=0 mig=0 fallos=0 perf=full ipc=0.228 ratio_rm=0.1363
[OMPT] tid=657757 ompt_id=7036874417766401 tipo=ompt_thread_worker     last_cpu=254 numa=1 mig=0 fallos=0 perf=full ipc=0.444 ratio_rm=0.0002
[OMPT] tid=657758 ompt_id=7318349394477057 tipo=ompt_thread_worker     last_cpu= 17 numa=0 mig=0 fallos=0 perf=full ipc=0.233 ratio_rm=0.1425
[OMPT] tid=657759 ompt_id=7599824371187713 tipo=ompt_thread_worker     last_cpu= 13 numa=0 mig=0 fallos=0 perf=full ipc=0.217 ratio_rm=0.1451
[OMPT] tid=657760 ompt_id=7881299347898369 tipo=ompt_thread_worker     last_cpu= 18 numa=0 mig=0 fallos=0 perf=full ipc=0.334 ratio_rm=0.1886
[OMPT] tid=657761 ompt_id=8162774324609025 tipo=ompt_thread_worker     last_cpu=110 numa=1 mig=0 fallos=0 perf=full ipc=0.451 ratio_rm=0.0003
[OMPT] tid=657762 ompt_id=8444249301319681 tipo=ompt_thread_worker     last_cpu= 80 numa=1 mig=0 fallos=0 perf=full ipc=0.625 ratio_rm=0.0003
[OMPT] tid=657763 ompt_id=8725724278030337 tipo=ompt_thread_worker     last_cpu= 97 numa=1 mig=0 fallos=0 perf=full ipc=0.559 ratio_rm=0.0004
[OMPT] tid=657764 ompt_id=9007199254740993 tipo=ompt_thread_worker     last_cpu=104 numa=1 mig=0 fallos=0 perf=full ipc=0.542 ratio_rm=0.0003
[OMPT] tid=657765 ompt_id=9288674231451649 tipo=ompt_thread_worker     last_cpu= 88 numa=1 mig=0 fallos=0 perf=full ipc=0.508 ratio_rm=0.0003
[OMPT] tid=657766 ompt_id=9570149208162305 tipo=ompt_thread_worker     last_cpu=130 numa=0 mig=0 fallos=0 perf=full ipc=0.300 ratio_rm=0.1614
[OMPT] tid=657767 ompt_id=9851624184872961 tipo=ompt_thread_worker     last_cpu=113 numa=1 mig=0 fallos=0 perf=full ipc=0.462 ratio_rm=0.0003
[OMPT] tid=657768 ompt_id=10133099161583617 tipo=ompt_thread_worker     last_cpu=105 numa=1 mig=0 fallos=0 perf=full ipc=0.544 ratio_rm=0.0004
[OMPT] tid=657794 ompt_id=17451448556060673 tipo=ompt_thread_worker     last_cpu=238 numa=1 mig=0 fallos=0 perf=full ipc=0.450 ratio_rm=0.0002
[OMPT] tid=657816 ompt_id=23643898043695105 tipo=ompt_thread_worker     last_cpu= 40 numa=0 mig=0 fallos=0 perf=full ipc=0.403 ratio_rm=0.1730
[OMPT] tid=657800 ompt_id=19140298416324609 tipo=ompt_thread_worker     last_cpu=249 numa=1 mig=0 fallos=0 perf=full ipc=0.478 ratio_rm=0.0004
[OMPT] tid=657769 ompt_id=10414574138294273 tipo=ompt_thread_worker     last_cpu=231 numa=1 mig=0 fallos=0 perf=full ipc=0.540 ratio_rm=0.0003
[OMPT] tid=657806 ompt_id=20829148276588545 tipo=ompt_thread_worker     last_cpu=230 numa=1 mig=0 fallos=0 perf=full ipc=0.543 ratio_rm=0.0003
[OMPT] tid=657850 ompt_id=33214047251857409 tipo=ompt_thread_worker     last_cpu= 74 numa=1 mig=0 fallos=0 perf=full ipc=0.656 ratio_rm=0.0006
[OMPT] tid=657852 ompt_id=33776997205278721 tipo=ompt_thread_worker     last_cpu=218 numa=1 mig=0 fallos=0 perf=full ipc=0.674 ratio_rm=0.0006
[OMPT] tid=657812 ompt_id=22517998136852481 tipo=ompt_thread_worker     last_cpu=221 numa=1 mig=0 fallos=0 perf=full ipc=0.661 ratio_rm=0.0002
[OMPT] tid=657840 ompt_id=30399297484750849 tipo=ompt_thread_worker     last_cpu=219 numa=1 mig=0 fallos=0 perf=full ipc=0.653 ratio_rm=0.0003
[OMPT] tid=657822 ompt_id=25332747903959041 tipo=ompt_thread_worker     last_cpu=220 numa=1 mig=0 fallos=0 perf=full ipc=0.675 ratio_rm=0.0003
[OMPT] tid=657796 ompt_id=18014398509481985 tipo=ompt_thread_worker     last_cpu=222 numa=1 mig=0 fallos=0 perf=full ipc=0.652 ratio_rm=0.0002
[OMPT] tid=657772 ompt_id=11258999068426241 tipo=ompt_thread_worker     last_cpu=223 numa=1 mig=0 fallos=0 perf=full ipc=0.647 ratio_rm=0.0003
[OMPT] tid=657854 ompt_id=34339947158700033 tipo=ompt_thread_worker     last_cpu=226 numa=1 mig=0 fallos=0 perf=full ipc=0.519 ratio_rm=0.0004
[OMPT] tid=657807 ompt_id=21110623253299201 tipo=ompt_thread_worker     last_cpu=149 numa=0 mig=0 fallos=0 perf=full ipc=0.303 ratio_rm=0.1787
[OMPT] tid=657835 ompt_id=28991922601197569 tipo=ompt_thread_worker     last_cpu= 58 numa=0 mig=0 fallos=0 perf=full ipc=0.330 ratio_rm=0.1850
[OMPT] tid=657857 ompt_id=35184372088832001 tipo=ompt_thread_worker     last_cpu=170 numa=0 mig=0 fallos=0 perf=full ipc=0.387 ratio_rm=0.1559
[OMPT] tid=657789 ompt_id=16044073672507393 tipo=ompt_thread_worker     last_cpu=174 numa=0 mig=0 fallos=0 perf=full ipc=0.387 ratio_rm=0.1544
[OMPT] tid=657785 ompt_id=14918173765664769 tipo=ompt_thread_worker     last_cpu= 56 numa=0 mig=0 fallos=0 perf=full ipc=0.404 ratio_rm=0.1596
[OMPT] tid=657855 ompt_id=34621422135410689 tipo=ompt_thread_worker     last_cpu=138 numa=0 mig=0 fallos=0 perf=full ipc=0.291 ratio_rm=0.1664
[OMPT] tid=657797 ompt_id=18295873486192641 tipo=ompt_thread_worker     last_cpu=142 numa=0 mig=0 fallos=0 perf=full ipc=0.312 ratio_rm=0.1828
[OMPT] tid=657820 ompt_id=24769797950537729 tipo=ompt_thread_worker     last_cpu=236 numa=1 mig=0 fallos=0 perf=full ipc=0.548 ratio_rm=0.0003
[OMPT] tid=657842 ompt_id=30962247438172161 tipo=ompt_thread_worker     last_cpu=211 numa=1 mig=0 fallos=0 perf=full ipc=0.605 ratio_rm=0.0003
[OMPT] tid=657770 ompt_id=10696049115004929 tipo=ompt_thread_worker     last_cpu=247 numa=1 mig=0 fallos=0 perf=full ipc=0.744 ratio_rm=0.0003
[OMPT] tid=657804 ompt_id=20266198323167233 tipo=ompt_thread_worker     last_cpu=245 numa=1 mig=0 fallos=0 perf=full ipc=0.733 ratio_rm=0.0003
[OMPT] tid=657824 ompt_id=25895697857380353 tipo=ompt_thread_worker     last_cpu=244 numa=1 mig=0 fallos=0 perf=full ipc=0.706 ratio_rm=0.0003
[OMPT] tid=657838 ompt_id=29836347531329537 tipo=ompt_thread_worker     last_cpu=243 numa=1 mig=0 fallos=0 perf=full ipc=0.715 ratio_rm=0.0004
[OMPT] tid=657790 ompt_id=16325548649218049 tipo=ompt_thread_worker     last_cpu=246 numa=1 mig=0 fallos=0 perf=full ipc=0.693 ratio_rm=0.0003
[OMPT] tid=657802 ompt_id=19703248369745921 tipo=ompt_thread_worker     last_cpu=205 numa=1 mig=0 fallos=0 perf=full ipc=0.662 ratio_rm=0.0002
[OMPT] tid=657774 ompt_id=11821949021847553 tipo=ompt_thread_worker     last_cpu=207 numa=1 mig=0 fallos=0 perf=full ipc=0.622 ratio_rm=0.0002
[OMPT] tid=657786 ompt_id=15199648742375425 tipo=ompt_thread_worker     last_cpu=206 numa=1 mig=0 fallos=0 perf=full ipc=0.653 ratio_rm=0.0002
[OMPT] tid=657818 ompt_id=24206847997116417 tipo=ompt_thread_worker     last_cpu=204 numa=1 mig=0 fallos=0 perf=full ipc=0.650 ratio_rm=0.0003
[OMPT] tid=657833 ompt_id=28428972647776257 tipo=ompt_thread_worker     last_cpu=203 numa=1 mig=0 fallos=0 perf=full ipc=0.662 ratio_rm=0.0003
[OMPT] tid=657801 ompt_id=19421773393035265 tipo=ompt_thread_worker     last_cpu=128 numa=0 mig=0 fallos=0 perf=full ipc=0.286 ratio_rm=0.1643
[OMPT] tid=657773 ompt_id=11540474045136897 tipo=ompt_thread_worker     last_cpu= 16 numa=0 mig=0 fallos=0 perf=full ipc=0.238 ratio_rm=0.1404
[OMPT] tid=657851 ompt_id=33495522228568065 tipo=ompt_thread_worker     last_cpu=178 numa=0 mig=0 fallos=0 perf=full ipc=0.479 ratio_rm=0.1540
[OMPT] tid=657777 ompt_id=12947848928690177 tipo=ompt_thread_worker     last_cpu=183 numa=0 mig=0 fallos=0 perf=full ipc=0.473 ratio_rm=0.1465
[OMPT] tid=657823 ompt_id=25614222880669697 tipo=ompt_thread_worker     last_cpu=180 numa=0 mig=0 fallos=0 perf=full ipc=0.468 ratio_rm=0.1721
[OMPT] tid=657858 ompt_id=35465847065542657 tipo=ompt_thread_worker     last_cpu=234 numa=1 mig=0 fallos=0 perf=full ipc=0.575 ratio_rm=0.0004
[OMPT] tid=657810 ompt_id=21955048183431169 tipo=ompt_thread_worker     last_cpu=237 numa=1 mig=0 fallos=0 perf=full ipc=0.554 ratio_rm=0.0003
[OMPT] tid=657844 ompt_id=31525197391593473 tipo=ompt_thread_worker     last_cpu=235 numa=1 mig=0 fallos=0 perf=full ipc=0.562 ratio_rm=0.0003
[OMPT] tid=657780 ompt_id=13510798882111489 tipo=ompt_thread_worker     last_cpu=239 numa=1 mig=0 fallos=0 perf=full ipc=0.534 ratio_rm=0.0003
[OMPT] tid=657811 ompt_id=22236523160141825 tipo=ompt_thread_worker     last_cpu=141 numa=0 mig=0 fallos=0 perf=full ipc=0.215 ratio_rm=0.1468
[OMPT] tid=657783 ompt_id=14355223812243457 tipo=ompt_thread_worker     last_cpu=143 numa=0 mig=0 fallos=0 perf=full ipc=0.314 ratio_rm=0.1709
[OMPT] tid=657827 ompt_id=26740122787512321 tipo=ompt_thread_worker     last_cpu=140 numa=0 mig=0 fallos=0 perf=full ipc=0.223 ratio_rm=0.1308
[OMPT] tid=657860 ompt_id=36028797018963969 tipo=ompt_thread_worker     last_cpu=194 numa=1 mig=0 fallos=0 perf=full ipc=0.634 ratio_rm=0.0005
[OMPT] tid=657799 ompt_id=18858823439613953 tipo=ompt_thread_worker     last_cpu=166 numa=0 mig=0 fallos=0 perf=full ipc=0.689 ratio_rm=0.0780
[OMPT] tid=657771 ompt_id=10977524091715585 tipo=ompt_thread_worker     last_cpu=167 numa=0 mig=0 fallos=0 perf=full ipc=0.667 ratio_rm=0.1149
[OMPT] tid=657847 ompt_id=32369622321725441 tipo=ompt_thread_worker     last_cpu=163 numa=0 mig=0 fallos=0 perf=full ipc=0.681 ratio_rm=0.0925
[OMPT] tid=657856 ompt_id=34902897112121345 tipo=ompt_thread_worker     last_cpu=210 numa=1 mig=0 fallos=0 perf=full ipc=0.636 ratio_rm=0.0004
[OMPT] tid=657792 ompt_id=16888498602639361 tipo=ompt_thread_worker     last_cpu=214 numa=1 mig=0 fallos=0 perf=full ipc=0.622 ratio_rm=0.0002
[OMPT] tid=657778 ompt_id=12666373951979521 tipo=ompt_thread_worker     last_cpu=215 numa=1 mig=0 fallos=0 perf=full ipc=0.615 ratio_rm=0.0002
[OMPT] tid=657808 ompt_id=21392098230009857 tipo=ompt_thread_worker     last_cpu=213 numa=1 mig=0 fallos=0 perf=full ipc=0.610 ratio_rm=0.0002
[OMPT] tid=657826 ompt_id=26458647810801665 tipo=ompt_thread_worker     last_cpu=212 numa=1 mig=0 fallos=0 perf=full ipc=0.627 ratio_rm=0.0003
[OMPT] tid=657848 ompt_id=32651097298436097 tipo=ompt_thread_worker     last_cpu=252 numa=1 mig=0 fallos=0 perf=full ipc=0.480 ratio_rm=0.0003
[OMPT] tid=657795 ompt_id=17732923532771329 tipo=ompt_thread_worker     last_cpu= 30 numa=0 mig=0 fallos=0 perf=full ipc=0.534 ratio_rm=0.1640
[OMPT] tid=657809 ompt_id=21673573206720513 tipo=ompt_thread_worker     last_cpu=181 numa=0 mig=0 fallos=0 perf=full ipc=0.468 ratio_rm=0.1440
[OMPT] tid=657815 ompt_id=23362423066984449 tipo=ompt_thread_worker     last_cpu=165 numa=0 mig=0 fallos=0 perf=full ipc=0.668 ratio_rm=0.0933
[OMPT] tid=657830 ompt_id=27584547717644289 tipo=ompt_thread_worker     last_cpu=196 numa=1 mig=0 fallos=0 perf=full ipc=0.651 ratio_rm=0.0003
[OMPT] tid=657814 ompt_id=23080948090273793 tipo=ompt_thread_worker     last_cpu=197 numa=1 mig=0 fallos=0 perf=full ipc=0.634 ratio_rm=0.0003
[OMPT] tid=657798 ompt_id=18577348462903297 tipo=ompt_thread_worker     last_cpu=198 numa=1 mig=0 fallos=0 perf=full ipc=0.627 ratio_rm=0.0003
[OMPT] tid=657776 ompt_id=12384898975268865 tipo=ompt_thread_worker     last_cpu=199 numa=1 mig=0 fallos=0 perf=full ipc=0.620 ratio_rm=0.0003
[OMPT] tid=657846 ompt_id=32088147345014785 tipo=ompt_thread_worker     last_cpu=195 numa=1 mig=0 fallos=0 perf=full ipc=0.635 ratio_rm=0.0003
[OMPT] tid=657843 ompt_id=31243722414882817 tipo=ompt_thread_worker     last_cpu=139 numa=0 mig=0 fallos=0 perf=full ipc=0.279 ratio_rm=0.1655
[OMPT] tid=657832 ompt_id=28147497671065601 tipo=ompt_thread_worker     last_cpu=251 numa=1 mig=0 fallos=0 perf=full ipc=0.480 ratio_rm=0.0003
[OMPT] tid=657784 ompt_id=14636698788954113 tipo=ompt_thread_worker     last_cpu=248 numa=1 mig=0 fallos=0 perf=full ipc=0.493 ratio_rm=0.0004
[OMPT] tid=657839 ompt_id=30117822508040193 tipo=ompt_thread_worker     last_cpu=179 numa=0 mig=0 fallos=0 perf=full ipc=0.470 ratio_rm=0.1486
[OMPT] tid=657829 ompt_id=27303072740933633 tipo=ompt_thread_worker     last_cpu=164 numa=0 mig=0 fallos=0 perf=full ipc=0.695 ratio_rm=0.0638
[OMPT] tid=657775 ompt_id=12103423998558209 tipo=ompt_thread_worker     last_cpu=175 numa=0 mig=0 fallos=0 perf=full ipc=0.383 ratio_rm=0.1708
[OMPT] tid=657825 ompt_id=26177172834091009 tipo=ompt_thread_worker     last_cpu=172 numa=0 mig=0 fallos=0 perf=full ipc=0.407 ratio_rm=0.1248
[OMPT] tid=657841 ompt_id=30680772461461505 tipo=ompt_thread_worker     last_cpu=171 numa=0 mig=0 fallos=0 perf=full ipc=0.388 ratio_rm=0.1718
[OMPT] tid=657788 ompt_id=15762598695796737 tipo=ompt_thread_worker     last_cpu= 96 numa=1 mig=0 fallos=0 perf=full ipc=0.471 ratio_rm=0.0003
[OMPT] tid=657828 ompt_id=27021597764222977 tipo=ompt_thread_worker     last_cpu=228 numa=1 mig=0 fallos=0 perf=full ipc=0.464 ratio_rm=0.0003
[OMPT] tid=657849 ompt_id=32932572275146753 tipo=ompt_thread_worker     last_cpu=187 numa=0 mig=0 fallos=0 perf=full ipc=0.448 ratio_rm=0.1707
[OMPT] tid=657853 ompt_id=34058472181989377 tipo=ompt_thread_worker     last_cpu=154 numa=0 mig=0 fallos=0 perf=full ipc=0.570 ratio_rm=0.0859
[OMPT] tid=657805 ompt_id=20547673299877889 tipo=ompt_thread_worker     last_cpu=157 numa=0 mig=0 fallos=0 perf=full ipc=0.544 ratio_rm=0.1681
[OMPT] tid=657845 ompt_id=31806672368304129 tipo=ompt_thread_worker     last_cpu=155 numa=0 mig=0 fallos=0 perf=full ipc=0.555 ratio_rm=0.1432
[OMPT] tid=657781 ompt_id=13792273858822145 tipo=ompt_thread_worker     last_cpu=159 numa=0 mig=0 fallos=0 perf=full ipc=0.573 ratio_rm=0.1650
[OMPT] tid=657819 ompt_id=24488322973827073 tipo=ompt_thread_worker     last_cpu=156 numa=0 mig=0 fallos=0 perf=full ipc=0.543 ratio_rm=0.1510
[OMPT] tid=657813 ompt_id=22799473113563137 tipo=ompt_thread_worker     last_cpu=173 numa=0 mig=0 fallos=0 perf=full ipc=0.380 ratio_rm=0.1730
[OMPT] tid=657791 ompt_id=16607023625928705 tipo=ompt_thread_worker     last_cpu=182 numa=0 mig=0 fallos=0 perf=full ipc=0.462 ratio_rm=0.1557
[OMPT] tid=657836 ompt_id=29273397577908225 tipo=ompt_thread_worker     last_cpu=227 numa=1 mig=0 fallos=0 perf=full ipc=0.541 ratio_rm=0.0003
[OMPT] tid=657834 ompt_id=28710447624486913 tipo=ompt_thread_worker     last_cpu= 24 numa=0 mig=0 fallos=0 perf=full ipc=0.311 ratio_rm=0.1658
[OMPT] tid=657837 ompt_id=29554872554618881 tipo=ompt_thread_worker     last_cpu=188 numa=0 mig=0 fallos=0 perf=full ipc=0.462 ratio_rm=0.1275
[OMPT] tid=657817 ompt_id=23925373020405761 tipo=ompt_thread_worker     last_cpu=189 numa=0 mig=0 fallos=0 perf=full ipc=0.439 ratio_rm=0.1682
[OMPT] tid=657803 ompt_id=19984723346456577 tipo=ompt_thread_worker     last_cpu=190 numa=0 mig=0 fallos=0 perf=full ipc=0.435 ratio_rm=0.1516
[OMPT] tid=657831 ompt_id=27866022694354945 tipo=ompt_thread_worker     last_cpu=135 numa=0 mig=0 fallos=0 perf=full ipc=0.228 ratio_rm=0.1321
[OMPT] tid=657793 ompt_id=17169973579350017 tipo=ompt_thread_worker     last_cpu=151 numa=0 mig=0 fallos=0 perf=full ipc=0.216 ratio_rm=0.1260
[OMPT] tid=657782 ompt_id=14073748835532801 tipo=ompt_thread_worker     last_cpu=185 numa=0 mig=0 fallos=0 perf=full ipc=0.466 ratio_rm=0.1546
[OMPT] tid=657779 ompt_id=13229323905400833 tipo=ompt_thread_worker     last_cpu=150 numa=0 mig=0 fallos=0 perf=full ipc=0.301 ratio_rm=0.1733
[OMPT] tid=657859 ompt_id=35747322042253313 tipo=ompt_thread_worker     last_cpu=147 numa=0 mig=0 fallos=0 perf=full ipc=0.225 ratio_rm=0.1467
[OMPT] tid=657787 ompt_id=15481123719086081 tipo=ompt_thread_worker     last_cpu=191 numa=0 mig=0 fallos=0 perf=full ipc=0.440 ratio_rm=0.1574
[OMPT] tid=657821 ompt_id=25051272927248385 tipo=ompt_thread_worker     last_cpu=148 numa=0 mig=0 fallos=0 perf=full ipc=0.236 ratio_rm=0.1461
[OMPT] ===== Overhead intrínseco =====
  monitor: 13 ticks, 46215.3 us total (max 7670.6 us/tick)
  callbacks implicit_task: 20225, 18707247.6 us total
  migraciones: 0 (0.0 us total)
  resyncs=0  lecturas escaladas por multiplexado=5632
  hilos con perf fallido=0  parcial(ipc_only)=0
  ventanas con ciclos=1152  con fills=1152
