[OMPT] ompt_initialize (OPCIÓN C: integrador con fugas)  verbose=0  migracion=DESACTIVADA
[HWLOC] Nodos NUMA detectados: 2 (usados: 2)
[HWLOC] Nodo 0: 128 CPUs
[HWLOC] Nodo 1: 128 CPUs
[OMPT] callback 'ompt_callback_thread_begin' registrado (result=5)
[OMPT] callback 'ompt_callback_thread_end' registrado (result=5)
[OMPT] callback 'ompt_callback_parallel_begin' registrado (result=5)
[OMPT] callback 'ompt_callback_parallel_end' registrado (result=5)
[OMPT] callback 'ompt_callback_implicit_task' registrado (result=5)
[OMPT] callback 'ompt_callback_control_tool' registrado (result=5)
[OMPT] Callbacks registrados
[OMPT] Sistema: 0 procesadores lógicos
[OMPT][MON] Monitor (C: integrador con fugas)  período=100ms  warmup=5  T=ref+1.00*MAD  leak=0.50*MAD  cap=8.00*MAD  max_mig=1  migracion=DESACTIVADA
[perf_region] tool OMPT detectado: los contadores los lleva el tool, no se abren aqui
[OMPT] control_tool: INICIANDO medicion
[OMPT] control_tool: PAUSANDO medicion
[OMPT] ompt_finalize
[OMPT][MON] Monitor detenido tras 2 ventanas
[OMPT] CSV de ventanas: 0 filas volcadas (0 descartadas)
[OMPT] ===== Tabla final: 64 hilos =====
[OMPT] tid=645739 ompt_id=281474976710657 tipo=ompt_thread_initial    last_cpu=255 numa=1 mig=0 fallos=0 perf=full ipc=0.785 ratio_rm=0.0006
[OMPT] tid=645741 ompt_id=562949953421313 tipo=ompt_thread_worker     last_cpu= 11 numa=0 mig=0 fallos=0 perf=full ipc=1.028 ratio_rm=0.0042
[OMPT] tid=645742 ompt_id=844424930131969 tipo=ompt_thread_worker     last_cpu=120 numa=1 mig=0 fallos=0 perf=full ipc=0.754 ratio_rm=0.0003
[OMPT] tid=645743 ompt_id=1125899906842625 tipo=ompt_thread_worker     last_cpu=126 numa=1 mig=0 fallos=0 perf=full ipc=0.820 ratio_rm=0.0002
[OMPT] tid=645744 ompt_id=1407374883553281 tipo=ompt_thread_worker     last_cpu= 10 numa=0 mig=0 fallos=0 perf=full ipc=1.043 ratio_rm=0.0041
[OMPT] tid=645745 ompt_id=1688849860263937 tipo=ompt_thread_worker     last_cpu=125 numa=1 mig=0 fallos=0 perf=full ipc=0.792 ratio_rm=0.0002
[OMPT] tid=645747 ompt_id=2251799813685249 tipo=ompt_thread_worker     last_cpu=254 numa=1 mig=0 fallos=0 perf=full ipc=0.802 ratio_rm=0.0003
[OMPT] tid=645748 ompt_id=2533274790395905 tipo=ompt_thread_worker     last_cpu=  9 numa=0 mig=0 fallos=0 perf=full ipc=1.032 ratio_rm=0.0030
[OMPT] tid=645746 ompt_id=1970324836974593 tipo=ompt_thread_worker     last_cpu=  5 numa=0 mig=0 fallos=0 perf=full ipc=1.043 ratio_rm=0.0040
[OMPT] tid=645751 ompt_id=3377699720527873 tipo=ompt_thread_worker     last_cpu=238 numa=1 mig=0 fallos=0 perf=full ipc=1.117 ratio_rm=0.0003
[OMPT] tid=645750 ompt_id=3096224743817217 tipo=ompt_thread_worker     last_cpu=124 numa=1 mig=0 fallos=0 perf=full ipc=0.831 ratio_rm=0.0003
[OMPT] tid=645753 ompt_id=3940649673949185 tipo=ompt_thread_worker     last_cpu=231 numa=1 mig=0 fallos=0 perf=full ipc=1.142 ratio_rm=0.0004
[OMPT] tid=645752 ompt_id=3659174697238529 tipo=ompt_thread_worker     last_cpu=123 numa=1 mig=0 fallos=0 perf=full ipc=0.810 ratio_rm=0.0002
[OMPT] tid=645755 ompt_id=4503599627370497 tipo=ompt_thread_worker     last_cpu=127 numa=1 mig=0 fallos=0 perf=full ipc=0.949 ratio_rm=0.0002
[OMPT] tid=645756 ompt_id=4785074604081153 tipo=ompt_thread_worker     last_cpu=  4 numa=0 mig=0 fallos=0 perf=full ipc=1.020 ratio_rm=0.0036
[OMPT] tid=645757 ompt_id=5066549580791809 tipo=ompt_thread_worker     last_cpu=122 numa=1 mig=0 fallos=0 perf=full ipc=0.772 ratio_rm=0.0002
[OMPT] tid=645749 ompt_id=2814749767106561 tipo=ompt_thread_worker     last_cpu=  2 numa=0 mig=0 fallos=0 perf=full ipc=1.041 ratio_rm=0.0028
[OMPT] tid=645758 ompt_id=5348024557502465 tipo=ompt_thread_worker     last_cpu=112 numa=1 mig=0 fallos=0 perf=full ipc=1.146 ratio_rm=0.0004
[OMPT] tid=645754 ompt_id=4222124650659841 tipo=ompt_thread_worker     last_cpu=253 numa=1 mig=0 fallos=0 perf=full ipc=0.850 ratio_rm=0.0003
[OMPT] tid=645759 ompt_id=5629499534213121 tipo=ompt_thread_worker     last_cpu= 88 numa=1 mig=0 fallos=0 perf=full ipc=1.143 ratio_rm=0.0006
[OMPT] tid=645760 ompt_id=5910974510923777 tipo=ompt_thread_worker     last_cpu=150 numa=0 mig=0 fallos=0 perf=full ipc=1.057 ratio_rm=0.0022
[OMPT] tid=645761 ompt_id=6192449487634433 tipo=ompt_thread_worker     last_cpu=252 numa=1 mig=0 fallos=0 perf=full ipc=0.818 ratio_rm=0.0002
[OMPT] tid=645762 ompt_id=6473924464345089 tipo=ompt_thread_worker     last_cpu=  8 numa=0 mig=0 fallos=0 perf=full ipc=1.027 ratio_rm=0.0035
[OMPT] tid=645763 ompt_id=6755399441055745 tipo=ompt_thread_worker     last_cpu=207 numa=1 mig=0 fallos=0 perf=full ipc=1.120 ratio_rm=0.0002
[OMPT] tid=645764 ompt_id=7036874417766401 tipo=ompt_thread_worker     last_cpu=  6 numa=0 mig=0 fallos=0 perf=full ipc=1.033 ratio_rm=0.0038
[OMPT] tid=645765 ompt_id=7318349394477057 tipo=ompt_thread_worker     last_cpu=104 numa=1 mig=0 fallos=0 perf=full ipc=1.113 ratio_rm=0.0004
[OMPT] tid=645766 ompt_id=7599824371187713 tipo=ompt_thread_worker     last_cpu=113 numa=1 mig=0 fallos=0 perf=full ipc=1.150 ratio_rm=0.0004
[OMPT] tid=645767 ompt_id=7881299347898369 tipo=ompt_thread_worker     last_cpu=249 numa=1 mig=0 fallos=0 perf=full ipc=0.768 ratio_rm=0.0002
[OMPT] tid=645768 ompt_id=8162774324609025 tipo=ompt_thread_worker     last_cpu=251 numa=1 mig=0 fallos=0 perf=full ipc=0.780 ratio_rm=0.0002
[OMPT] tid=645769 ompt_id=8444249301319681 tipo=ompt_thread_worker     last_cpu=  7 numa=0 mig=0 fallos=0 perf=full ipc=1.014 ratio_rm=0.0062
[OMPT] tid=645770 ompt_id=8725724278030337 tipo=ompt_thread_worker     last_cpu=  3 numa=0 mig=0 fallos=0 perf=full ipc=1.040 ratio_rm=0.0045
[OMPT] tid=645771 ompt_id=9007199254740993 tipo=ompt_thread_worker     last_cpu=206 numa=1 mig=0 fallos=0 perf=full ipc=1.120 ratio_rm=0.0003
[OMPT] tid=645772 ompt_id=9288674231451649 tipo=ompt_thread_worker     last_cpu=121 numa=1 mig=0 fallos=0 perf=full ipc=0.785 ratio_rm=0.0002
[OMPT] tid=645773 ompt_id=9570149208162305 tipo=ompt_thread_worker     last_cpu=183 numa=0 mig=0 fallos=0 perf=full ipc=1.097 ratio_rm=0.0030
[OMPT] tid=645774 ompt_id=9851624184872961 tipo=ompt_thread_worker     last_cpu=250 numa=1 mig=0 fallos=0 perf=full ipc=0.775 ratio_rm=0.0003
[OMPT] tid=645775 ompt_id=10133099161583617 tipo=ompt_thread_worker     last_cpu= 56 numa=0 mig=0 fallos=0 perf=full ipc=1.033 ratio_rm=0.0044
[OMPT] tid=645790 ompt_id=14355223812243457 tipo=ompt_thread_worker     last_cpu= 48 numa=0 mig=0 fallos=0 perf=full ipc=1.110 ratio_rm=0.0031
[OMPT] tid=645797 ompt_id=16325548649218049 tipo=ompt_thread_worker     last_cpu= 12 numa=0 mig=0 fallos=0 perf=full ipc=1.026 ratio_rm=0.0045
[OMPT] tid=645783 ompt_id=12103423998558209 tipo=ompt_thread_worker     last_cpu= 72 numa=1 mig=0 fallos=0 perf=full ipc=1.126 ratio_rm=0.0006
[OMPT] tid=645799 ompt_id=16888498602639361 tipo=ompt_thread_worker     last_cpu=105 numa=1 mig=0 fallos=0 perf=full ipc=1.115 ratio_rm=0.0004
[OMPT] tid=645781 ompt_id=11821949021847553 tipo=ompt_thread_worker     last_cpu= 96 numa=1 mig=0 fallos=0 perf=full ipc=1.141 ratio_rm=0.0007
[OMPT] tid=645798 ompt_id=16607023625928705 tipo=ompt_thread_worker     last_cpu=158 numa=0 mig=0 fallos=0 perf=full ipc=1.103 ratio_rm=0.0041
[OMPT] tid=645784 ompt_id=12666373951979521 tipo=ompt_thread_worker     last_cpu=159 numa=0 mig=0 fallos=0 perf=full ipc=1.096 ratio_rm=0.0032
[OMPT] tid=645795 ompt_id=15762598695796737 tipo=ompt_thread_worker     last_cpu=222 numa=1 mig=0 fallos=0 perf=full ipc=1.136 ratio_rm=0.0003
[OMPT] tid=645787 ompt_id=13510798882111489 tipo=ompt_thread_worker     last_cpu=223 numa=1 mig=0 fallos=0 perf=full ipc=1.135 ratio_rm=0.0003
[OMPT] tid=645794 ompt_id=15481123719086081 tipo=ompt_thread_worker     last_cpu=190 numa=0 mig=0 fallos=0 perf=full ipc=1.080 ratio_rm=0.0051
[OMPT] tid=645788 ompt_id=13792273858822145 tipo=ompt_thread_worker     last_cpu= 17 numa=0 mig=0 fallos=0 perf=full ipc=1.056 ratio_rm=0.0024
[OMPT] tid=645785 ompt_id=12947848928690177 tipo=ompt_thread_worker     last_cpu=239 numa=1 mig=0 fallos=0 perf=full ipc=1.110 ratio_rm=0.0002
[OMPT] tid=645793 ompt_id=15199648742375425 tipo=ompt_thread_worker     last_cpu=198 numa=1 mig=0 fallos=0 perf=full ipc=1.115 ratio_rm=0.0007
[OMPT] tid=645776 ompt_id=10414574138294273 tipo=ompt_thread_worker     last_cpu=199 numa=1 mig=0 fallos=0 perf=full ipc=1.109 ratio_rm=0.0004
[OMPT] tid=645778 ompt_id=10977524091715585 tipo=ompt_thread_worker     last_cpu=191 numa=0 mig=0 fallos=0 perf=full ipc=1.024 ratio_rm=0.0038
[OMPT] tid=645789 ompt_id=14073748835532801 tipo=ompt_thread_worker     last_cpu=167 numa=0 mig=0 fallos=0 perf=full ipc=1.104 ratio_rm=0.0037
[OMPT] tid=645802 ompt_id=17732923532771329 tipo=ompt_thread_worker     last_cpu=166 numa=0 mig=0 fallos=0 perf=full ipc=1.121 ratio_rm=0.0026
[OMPT] tid=645791 ompt_id=14636698788954113 tipo=ompt_thread_worker     last_cpu=248 numa=1 mig=0 fallos=0 perf=full ipc=0.767 ratio_rm=0.0003
[OMPT] tid=645803 ompt_id=18014398509481985 tipo=ompt_thread_worker     last_cpu=214 numa=1 mig=0 fallos=0 perf=full ipc=1.136 ratio_rm=0.0008
[OMPT] tid=645779 ompt_id=11258999068426241 tipo=ompt_thread_worker     last_cpu=215 numa=1 mig=0 fallos=0 perf=full ipc=1.130 ratio_rm=0.0004
[OMPT] tid=645780 ompt_id=11540474045136897 tipo=ompt_thread_worker     last_cpu=  1 numa=0 mig=0 fallos=0 perf=full ipc=1.042 ratio_rm=0.0026
[OMPT] tid=645800 ompt_id=17169973579350017 tipo=ompt_thread_worker     last_cpu=174 numa=0 mig=0 fallos=0 perf=full ipc=1.097 ratio_rm=0.0039
[OMPT] tid=645786 ompt_id=13229323905400833 tipo=ompt_thread_worker     last_cpu=175 numa=0 mig=0 fallos=0 perf=full ipc=1.070 ratio_rm=0.0043
[OMPT] tid=645777 ompt_id=10696049115004929 tipo=ompt_thread_worker     last_cpu=247 numa=1 mig=0 fallos=0 perf=full ipc=1.140 ratio_rm=0.0002
[OMPT] tid=645801 ompt_id=17451448556060673 tipo=ompt_thread_worker     last_cpu=246 numa=1 mig=0 fallos=0 perf=full ipc=1.138 ratio_rm=0.0003
[OMPT] tid=645792 ompt_id=14918173765664769 tipo=ompt_thread_worker     last_cpu=128 numa=0 mig=0 fallos=0 perf=full ipc=1.025 ratio_rm=0.0034
[OMPT] tid=645796 ompt_id=16044073672507393 tipo=ompt_thread_worker     last_cpu=142 numa=0 mig=0 fallos=0 perf=full ipc=1.010 ratio_rm=0.0033
[OMPT] tid=645782 ompt_id=12384898975268865 tipo=ompt_thread_worker     last_cpu=143 numa=0 mig=0 fallos=0 perf=full ipc=1.004 ratio_rm=0.0055
[OMPT] ===== Overhead intrínseco =====
  monitor: 2 ticks, 1186.6 us total (max 1185.5 us/tick)
  callbacks implicit_task: 10113, 2666610.6 us total
  migraciones: 0 (0.0 us total)
  resyncs=0  lecturas escaladas por multiplexado=512
  hilos con perf fallido=0  parcial(ipc_only)=0
  ventanas con ciclos=0  con fills=0
