[OMPT] ompt_initialize (OPCIÓN C: integrador con fugas)  verbose=0  migracion=DESACTIVADA
[HWLOC] Nodos NUMA detectados: 2 (usados: 2)
[HWLOC] Nodo 0: 128 CPUs
[HWLOC] Nodo 1: 128 CPUs
[OMPT] callback 'ompt_callback_thread_begin' registrado (result=5)
[OMPT] callback 'ompt_callback_thread_end' registrado (result=5)
[OMPT] callback 'ompt_callback_parallel_begin' registrado (result=5)
[OMPT] callback 'ompt_callback_parallel_end' registrado (result=5)
[OMPT] callback 'ompt_callback_implicit_task' registrado (result=5)
[OMPT] callback 'ompt_callback_control_tool' registrado (result=5)
[OMPT] Callbacks registrados
[OMPT] Sistema: 0 procesadores lógicos
[OMPT][MON] Monitor (C: integrador con fugas)  período=100ms  warmup=5  T=ref+1.00*MAD  leak=0.50*MAD  cap=8.00*MAD  max_mig=1  migracion=DESACTIVADA
[perf_region] tool OMPT detectado: los contadores los lleva el tool, no se abren aqui
[OMPT] control_tool: INICIANDO medicion
[OMPT] control_tool: PAUSANDO medicion
[OMPT] ompt_finalize
[OMPT][MON] Monitor detenido tras 1 ventanas
[OMPT] CSV de ventanas: 0 filas volcadas (0 descartadas)
[OMPT] ===== Tabla final: 64 hilos =====
[OMPT] tid=636110 ompt_id=281474976710657 tipo=ompt_thread_initial    last_cpu=255 numa=1 mig=0 fallos=0 perf=full ipc=0.546 ratio_rm=0.0009
[OMPT] tid=636112 ompt_id=562949953421313 tipo=ompt_thread_worker     last_cpu=195 numa=1 mig=0 fallos=0 perf=full ipc=0.632 ratio_rm=0.0022
[OMPT] tid=636113 ompt_id=844424930131969 tipo=ompt_thread_worker     last_cpu=120 numa=1 mig=0 fallos=0 perf=full ipc=0.535 ratio_rm=0.0011
[OMPT] tid=636115 ompt_id=1407374883553281 tipo=ompt_thread_worker     last_cpu= 28 numa=0 mig=0 fallos=0 perf=full ipc=0.506 ratio_rm=0.0055
[OMPT] tid=636114 ompt_id=1125899906842625 tipo=ompt_thread_worker     last_cpu=126 numa=1 mig=0 fallos=0 perf=full ipc=0.512 ratio_rm=0.0008
[OMPT] tid=636116 ompt_id=1688849860263937 tipo=ompt_thread_worker     last_cpu= 96 numa=1 mig=0 fallos=0 perf=full ipc=0.581 ratio_rm=0.0046
[OMPT] tid=636118 ompt_id=2251799813685249 tipo=ompt_thread_worker     last_cpu=125 numa=1 mig=0 fallos=0 perf=full ipc=0.530 ratio_rm=0.0010
[OMPT] tid=636117 ompt_id=1970324836974593 tipo=ompt_thread_worker     last_cpu= 13 numa=0 mig=0 fallos=0 perf=full ipc=0.395 ratio_rm=0.0061
[OMPT] tid=636119 ompt_id=2533274790395905 tipo=ompt_thread_worker     last_cpu= 12 numa=0 mig=0 fallos=0 perf=full ipc=0.402 ratio_rm=0.0067
[OMPT] tid=636120 ompt_id=2814749767106561 tipo=ompt_thread_worker     last_cpu=  6 numa=0 mig=0 fallos=0 perf=full ipc=0.389 ratio_rm=0.0048
[OMPT] tid=636123 ompt_id=3659174697238529 tipo=ompt_thread_worker     last_cpu= 11 numa=0 mig=0 fallos=0 perf=full ipc=0.446 ratio_rm=0.0062
[OMPT] tid=636122 ompt_id=3377699720527873 tipo=ompt_thread_worker     last_cpu=136 numa=0 mig=0 fallos=0 perf=full ipc=0.341 ratio_rm=0.0030
[OMPT] tid=636121 ompt_id=3096224743817217 tipo=ompt_thread_worker     last_cpu=124 numa=1 mig=0 fallos=0 perf=full ipc=0.515 ratio_rm=0.0011
[OMPT] tid=636125 ompt_id=3940649673949185 tipo=ompt_thread_worker     last_cpu=253 numa=1 mig=0 fallos=0 perf=full ipc=0.538 ratio_rm=0.0007
[OMPT] tid=636124 ompt_id=4222124650659841 tipo=ompt_thread_worker     last_cpu=123 numa=1 mig=0 fallos=0 perf=full ipc=0.480 ratio_rm=0.0009
[OMPT] tid=636126 ompt_id=4503599627370497 tipo=ompt_thread_worker     last_cpu=249 numa=1 mig=0 fallos=0 perf=full ipc=0.553 ratio_rm=0.0010
[OMPT] tid=636127 ompt_id=4785074604081153 tipo=ompt_thread_worker     last_cpu= 10 numa=0 mig=0 fallos=0 perf=full ipc=0.444 ratio_rm=0.0084
[OMPT] tid=636128 ompt_id=5066549580791809 tipo=ompt_thread_worker     last_cpu=122 numa=1 mig=0 fallos=0 perf=full ipc=0.506 ratio_rm=0.0012
[OMPT] tid=636129 ompt_id=5348024557502465 tipo=ompt_thread_worker     last_cpu=  5 numa=0 mig=0 fallos=0 perf=full ipc=0.392 ratio_rm=0.0067
[OMPT] tid=636130 ompt_id=5629499534213121 tipo=ompt_thread_worker     last_cpu=  2 numa=0 mig=0 fallos=0 perf=full ipc=0.463 ratio_rm=0.0049
[OMPT] tid=636131 ompt_id=5910974510923777 tipo=ompt_thread_worker     last_cpu=  4 numa=0 mig=0 fallos=0 perf=full ipc=0.423 ratio_rm=0.0061
[OMPT] tid=636132 ompt_id=6192449487634433 tipo=ompt_thread_worker     last_cpu=  9 numa=0 mig=0 fallos=0 perf=full ipc=0.450 ratio_rm=0.0072
[OMPT] tid=636133 ompt_id=6473924464345089 tipo=ompt_thread_worker     last_cpu=167 numa=0 mig=0 fallos=0 perf=full ipc=0.430 ratio_rm=0.0059
[OMPT] tid=636134 ompt_id=6755399441055745 tipo=ompt_thread_worker     last_cpu=254 numa=1 mig=0 fallos=0 perf=full ipc=0.485 ratio_rm=0.0008
[OMPT] tid=636135 ompt_id=7036874417766401 tipo=ompt_thread_worker     last_cpu=152 numa=0 mig=0 fallos=0 perf=full ipc=0.489 ratio_rm=0.0070
[OMPT] tid=636136 ompt_id=7318349394477057 tipo=ompt_thread_worker     last_cpu=  8 numa=0 mig=0 fallos=0 perf=full ipc=0.348 ratio_rm=0.0029
[OMPT] tid=636137 ompt_id=7599824371187713 tipo=ompt_thread_worker     last_cpu=252 numa=1 mig=0 fallos=0 perf=full ipc=0.499 ratio_rm=0.0012
[OMPT] tid=636138 ompt_id=7881299347898369 tipo=ompt_thread_worker     last_cpu= 15 numa=0 mig=0 fallos=0 perf=full ipc=0.347 ratio_rm=0.0022
[OMPT] tid=636139 ompt_id=8162774324609025 tipo=ompt_thread_worker     last_cpu=  3 numa=0 mig=0 fallos=0 perf=full ipc=0.412 ratio_rm=0.0059
[OMPT] tid=636140 ompt_id=8444249301319681 tipo=ompt_thread_worker     last_cpu=  7 numa=0 mig=0 fallos=0 perf=full ipc=0.416 ratio_rm=0.0029
[OMPT] tid=636141 ompt_id=8725724278030337 tipo=ompt_thread_worker     last_cpu=251 numa=1 mig=0 fallos=0 perf=full ipc=0.515 ratio_rm=0.0010
[OMPT] tid=636142 ompt_id=9007199254740993 tipo=ompt_thread_worker     last_cpu= 14 numa=0 mig=0 fallos=0 perf=full ipc=0.412 ratio_rm=0.0068
[OMPT] tid=636143 ompt_id=9288674231451649 tipo=ompt_thread_worker     last_cpu=121 numa=1 mig=0 fallos=0 perf=full ipc=0.554 ratio_rm=0.0012
[OMPT] tid=636144 ompt_id=9570149208162305 tipo=ompt_thread_worker     last_cpu=127 numa=1 mig=0 fallos=0 perf=full ipc=0.572 ratio_rm=0.0008
[OMPT] tid=636145 ompt_id=9851624184872961 tipo=ompt_thread_worker     last_cpu=250 numa=1 mig=0 fallos=0 perf=full ipc=0.610 ratio_rm=0.0010
[OMPT] tid=636146 ompt_id=10133099161583617 tipo=ompt_thread_worker     last_cpu= 64 numa=1 mig=0 fallos=0 perf=full ipc=0.628 ratio_rm=0.0041
[OMPT] tid=636154 ompt_id=12384898975268865 tipo=ompt_thread_worker     last_cpu=199 numa=1 mig=0 fallos=0 perf=full ipc=0.622 ratio_rm=0.0029
[OMPT] tid=636174 ompt_id=18014398509481985 tipo=ompt_thread_worker     last_cpu=198 numa=1 mig=0 fallos=0 perf=full ipc=0.624 ratio_rm=0.0028
[OMPT] tid=636168 ompt_id=16325548649218049 tipo=ompt_thread_worker     last_cpu=206 numa=1 mig=0 fallos=0 perf=full ipc=0.646 ratio_rm=0.0064
[OMPT] tid=636147 ompt_id=10414574138294273 tipo=ompt_thread_worker     last_cpu=207 numa=1 mig=0 fallos=0 perf=full ipc=0.637 ratio_rm=0.0038
[OMPT] tid=636171 ompt_id=17169973579350017 tipo=ompt_thread_worker     last_cpu=174 numa=0 mig=0 fallos=0 perf=full ipc=0.592 ratio_rm=0.0077
[OMPT] tid=636160 ompt_id=14073748835532801 tipo=ompt_thread_worker     last_cpu=175 numa=0 mig=0 fallos=0 perf=full ipc=0.580 ratio_rm=0.0073
[OMPT] tid=636156 ompt_id=12666373951979521 tipo=ompt_thread_worker     last_cpu=223 numa=1 mig=0 fallos=0 perf=full ipc=0.633 ratio_rm=0.0102
[OMPT] tid=636169 ompt_id=16607023625928705 tipo=ompt_thread_worker     last_cpu=150 numa=0 mig=0 fallos=0 perf=full ipc=0.613 ratio_rm=0.0062
[OMPT] tid=636153 ompt_id=12103423998558209 tipo=ompt_thread_worker     last_cpu= 32 numa=0 mig=0 fallos=0 perf=full ipc=0.553 ratio_rm=0.0085
[OMPT] tid=636167 ompt_id=16044073672507393 tipo=ompt_thread_worker     last_cpu=166 numa=0 mig=0 fallos=0 perf=full ipc=0.462 ratio_rm=0.0078
[OMPT] tid=636164 ompt_id=15199648742375425 tipo=ompt_thread_worker     last_cpu=246 numa=1 mig=0 fallos=0 perf=full ipc=0.596 ratio_rm=0.0073
[OMPT] tid=636152 ompt_id=11821949021847553 tipo=ompt_thread_worker     last_cpu=247 numa=1 mig=0 fallos=0 perf=full ipc=0.584 ratio_rm=0.0037
[OMPT] tid=636157 ompt_id=13229323905400833 tipo=ompt_thread_worker     last_cpu=183 numa=0 mig=0 fallos=0 perf=full ipc=0.577 ratio_rm=0.0096
[OMPT] tid=636151 ompt_id=11540474045136897 tipo=ompt_thread_worker     last_cpu=  1 numa=0 mig=0 fallos=0 perf=full ipc=0.452 ratio_rm=0.0091
[OMPT] tid=636163 ompt_id=14918173765664769 tipo=ompt_thread_worker     last_cpu=  0 numa=0 mig=0 fallos=0 perf=full ipc=0.447 ratio_rm=0.0077
[OMPT] tid=636172 ompt_id=17451448556060673 tipo=ompt_thread_worker     last_cpu=238 numa=1 mig=0 fallos=0 perf=full ipc=0.634 ratio_rm=0.0076
[OMPT] tid=636158 ompt_id=13510798882111489 tipo=ompt_thread_worker     last_cpu=239 numa=1 mig=0 fallos=0 perf=full ipc=0.635 ratio_rm=0.0044
[OMPT] tid=636148 ompt_id=10696049115004929 tipo=ompt_thread_worker     last_cpu=231 numa=1 mig=0 fallos=0 perf=full ipc=0.580 ratio_rm=0.0035
[OMPT] tid=636170 ompt_id=16888498602639361 tipo=ompt_thread_worker     last_cpu=230 numa=1 mig=0 fallos=0 perf=full ipc=0.581 ratio_rm=0.0047
[OMPT] tid=636162 ompt_id=14636698788954113 tipo=ompt_thread_worker     last_cpu=248 numa=1 mig=0 fallos=0 perf=full ipc=0.524 ratio_rm=0.0028
[OMPT] tid=636161 ompt_id=14355223812243457 tipo=ompt_thread_worker     last_cpu=159 numa=0 mig=0 fallos=0 perf=full ipc=0.491 ratio_rm=0.0070
[OMPT] tid=636173 ompt_id=17732923532771329 tipo=ompt_thread_worker     last_cpu=158 numa=0 mig=0 fallos=0 perf=full ipc=0.503 ratio_rm=0.0056
[OMPT] tid=636166 ompt_id=15762598695796737 tipo=ompt_thread_worker     last_cpu=214 numa=1 mig=0 fallos=0 perf=full ipc=0.635 ratio_rm=0.0069
[OMPT] tid=636150 ompt_id=11258999068426241 tipo=ompt_thread_worker     last_cpu=215 numa=1 mig=0 fallos=0 perf=full ipc=0.628 ratio_rm=0.0049
[OMPT] tid=636155 ompt_id=12947848928690177 tipo=ompt_thread_worker     last_cpu=151 numa=0 mig=0 fallos=0 perf=full ipc=0.596 ratio_rm=0.0102
[OMPT] tid=636165 ompt_id=15481123719086081 tipo=ompt_thread_worker     last_cpu=190 numa=0 mig=0 fallos=0 perf=full ipc=0.631 ratio_rm=0.0100
[OMPT] tid=636159 ompt_id=13792273858822145 tipo=ompt_thread_worker     last_cpu=191 numa=0 mig=0 fallos=0 perf=full ipc=0.616 ratio_rm=0.0090
[OMPT] tid=636149 ompt_id=10977524091715585 tipo=ompt_thread_worker     last_cpu=143 numa=0 mig=0 fallos=0 perf=full ipc=0.346 ratio_rm=0.0046
[OMPT] ===== Overhead intrínseco =====
  monitor: 1 ticks, 7.1 us total (max 7.1 us/tick)
  callbacks implicit_task: 10113, 2149895.6 us total
  migraciones: 0 (0.0 us total)
  resyncs=0  lecturas escaladas por multiplexado=256
  hilos con perf fallido=0  parcial(ipc_only)=0
  ventanas con ciclos=0  con fills=0
