[OMPT] ompt_initialize (OPCIÓN C: integrador con fugas)  verbose=0  migracion=DESACTIVADA
[HWLOC] Nodos NUMA detectados: 2 (usados: 2)
[HWLOC] Nodo 0: 128 CPUs
[HWLOC] Nodo 1: 128 CPUs
[OMPT] callback 'ompt_callback_thread_begin' registrado (result=5)
[OMPT] callback 'ompt_callback_thread_end' registrado (result=5)
[OMPT] callback 'ompt_callback_parallel_begin' registrado (result=5)
[OMPT] callback 'ompt_callback_parallel_end' registrado (result=5)
[OMPT] callback 'ompt_callback_implicit_task' registrado (result=5)
[OMPT] callback 'ompt_callback_control_tool' registrado (result=5)
[OMPT] Callbacks registrados
[OMPT] Sistema: 0 procesadores lógicos
[OMPT][MON] Monitor (C: integrador con fugas)  período=100ms  warmup=5  T=ref+1.00*MAD  leak=0.50*MAD  cap=8.00*MAD  max_mig=1  migracion=DESACTIVADA
[perf_region] tool OMPT detectado: los contadores los lleva el tool, no se abren aqui
[OMPT] control_tool: INICIANDO medicion
[OMPT] control_tool: PAUSANDO medicion
[OMPT] ompt_finalize
[OMPT][MON] Monitor detenido tras 63 ventanas
[OMPT] CSV de ventanas: 6784 filas volcadas (0 descartadas)
[OMPT] ===== Tabla final: 128 hilos =====
[OMPT] tid=667244 ompt_id=281474976710657 tipo=ompt_thread_initial    last_cpu=255 numa=1 mig=0 fallos=0 perf=full ipc=0.335 ratio_rm=0.0003
[OMPT] tid=667246 ompt_id=562949953421313 tipo=ompt_thread_worker     last_cpu= 88 numa=1 mig=0 fallos=0 perf=full ipc=0.401 ratio_rm=0.0002
[OMPT] tid=667247 ompt_id=844424930131969 tipo=ompt_thread_worker     last_cpu= 80 numa=1 mig=0 fallos=0 perf=full ipc=0.317 ratio_rm=0.0001
[OMPT] tid=667248 ompt_id=1125899906842625 tipo=ompt_thread_worker     last_cpu= 17 numa=0 mig=0 fallos=0 perf=full ipc=0.330 ratio_rm=0.0226
[OMPT] tid=667249 ompt_id=1407374883553281 tipo=ompt_thread_worker     last_cpu=  3 numa=0 mig=0 fallos=0 perf=full ipc=0.180 ratio_rm=0.2942
[OMPT] tid=667250 ompt_id=1688849860263937 tipo=ompt_thread_worker     last_cpu= 97 numa=1 mig=0 fallos=0 perf=full ipc=0.364 ratio_rm=0.0002
[OMPT] tid=667251 ompt_id=1970324836974593 tipo=ompt_thread_worker     last_cpu=224 numa=1 mig=0 fallos=0 perf=full ipc=0.358 ratio_rm=0.0002
[OMPT] tid=667253 ompt_id=2533274790395905 tipo=ompt_thread_worker     last_cpu= 89 numa=1 mig=0 fallos=0 perf=full ipc=0.382 ratio_rm=0.0002
[OMPT] tid=667252 ompt_id=2251799813685249 tipo=ompt_thread_worker     last_cpu= 24 numa=0 mig=0 fallos=0 perf=full ipc=0.172 ratio_rm=0.2708
[OMPT] tid=667256 ompt_id=3377699720527873 tipo=ompt_thread_worker     last_cpu=  2 numa=0 mig=0 fallos=0 perf=full ipc=0.226 ratio_rm=0.2135
[OMPT] tid=667255 ompt_id=2814749767106561 tipo=ompt_thread_worker     last_cpu= 98 numa=1 mig=0 fallos=0 perf=full ipc=0.311 ratio_rm=0.0001
[OMPT] tid=667257 ompt_id=3659174697238529 tipo=ompt_thread_worker     last_cpu= 90 numa=1 mig=0 fallos=0 perf=full ipc=0.320 ratio_rm=0.0001
[OMPT] tid=667258 ompt_id=3940649673949185 tipo=ompt_thread_worker     last_cpu= 72 numa=1 mig=0 fallos=0 perf=full ipc=0.327 ratio_rm=0.0001
[OMPT] tid=667254 ompt_id=3096224743817217 tipo=ompt_thread_worker     last_cpu= 10 numa=0 mig=0 fallos=0 perf=full ipc=0.176 ratio_rm=0.2566
[OMPT] tid=667260 ompt_id=4503599627370497 tipo=ompt_thread_worker     last_cpu=253 numa=1 mig=0 fallos=0 perf=full ipc=0.378 ratio_rm=0.0001
[OMPT] tid=667259 ompt_id=4222124650659841 tipo=ompt_thread_worker     last_cpu=254 numa=1 mig=0 fallos=0 perf=full ipc=0.372 ratio_rm=0.0001
[OMPT] tid=667261 ompt_id=4785074604081153 tipo=ompt_thread_worker     last_cpu=104 numa=1 mig=0 fallos=0 perf=full ipc=0.373 ratio_rm=0.0002
[OMPT] tid=667262 ompt_id=5066549580791809 tipo=ompt_thread_worker     last_cpu=117 numa=1 mig=0 fallos=0 perf=full ipc=0.326 ratio_rm=0.0001
[OMPT] tid=667263 ompt_id=5348024557502465 tipo=ompt_thread_worker     last_cpu=113 numa=1 mig=0 fallos=0 perf=full ipc=0.366 ratio_rm=0.0002
[OMPT] tid=667264 ompt_id=5629499534213121 tipo=ompt_thread_worker     last_cpu=106 numa=1 mig=0 fallos=0 perf=full ipc=0.317 ratio_rm=0.0002
[OMPT] tid=667265 ompt_id=5910974510923777 tipo=ompt_thread_worker     last_cpu= 66 numa=1 mig=0 fallos=0 perf=full ipc=0.395 ratio_rm=0.0002
[OMPT] tid=667266 ompt_id=6192449487634433 tipo=ompt_thread_worker     last_cpu= 64 numa=1 mig=0 fallos=0 perf=full ipc=0.356 ratio_rm=0.0002
[OMPT] tid=667267 ompt_id=6473924464345089 tipo=ompt_thread_worker     last_cpu=160 numa=0 mig=0 fallos=0 perf=full ipc=0.173 ratio_rm=0.2721
[OMPT] tid=667268 ompt_id=6755399441055745 tipo=ompt_thread_worker     last_cpu=  5 numa=0 mig=0 fallos=0 perf=full ipc=0.142 ratio_rm=0.3407
[OMPT] tid=667269 ompt_id=7036874417766401 tipo=ompt_thread_worker     last_cpu=  4 numa=0 mig=0 fallos=0 perf=full ipc=0.145 ratio_rm=0.3264
[OMPT] tid=667270 ompt_id=7318349394477057 tipo=ompt_thread_worker     last_cpu=129 numa=0 mig=0 fallos=0 perf=full ipc=0.144 ratio_rm=0.3354
[OMPT] tid=667271 ompt_id=7599824371187713 tipo=ompt_thread_worker     last_cpu=128 numa=0 mig=0 fallos=0 perf=full ipc=0.144 ratio_rm=0.3126
[OMPT] tid=667272 ompt_id=7881299347898369 tipo=ompt_thread_worker     last_cpu= 48 numa=0 mig=0 fallos=0 perf=full ipc=0.172 ratio_rm=0.2687
[OMPT] tid=667273 ompt_id=8162774324609025 tipo=ompt_thread_worker     last_cpu= 65 numa=1 mig=0 fallos=0 perf=full ipc=0.401 ratio_rm=0.0002
[OMPT] tid=667274 ompt_id=8444249301319681 tipo=ompt_thread_worker     last_cpu= 73 numa=1 mig=0 fallos=0 perf=full ipc=0.375 ratio_rm=0.0002
[OMPT] tid=667275 ompt_id=8725724278030337 tipo=ompt_thread_worker     last_cpu= 12 numa=0 mig=0 fallos=0 perf=full ipc=0.265 ratio_rm=0.0886
[OMPT] tid=667276 ompt_id=9007199254740993 tipo=ompt_thread_worker     last_cpu=209 numa=1 mig=0 fallos=0 perf=full ipc=0.363 ratio_rm=0.0002
[OMPT] tid=667277 ompt_id=9288674231451649 tipo=ompt_thread_worker     last_cpu=105 numa=1 mig=0 fallos=0 perf=full ipc=0.362 ratio_rm=0.0002
[OMPT] tid=667278 ompt_id=9570149208162305 tipo=ompt_thread_worker     last_cpu=240 numa=1 mig=0 fallos=0 perf=full ipc=0.377 ratio_rm=0.0001
[OMPT] tid=667279 ompt_id=9851624184872961 tipo=ompt_thread_worker     last_cpu=127 numa=1 mig=0 fallos=0 perf=full ipc=0.344 ratio_rm=0.0001
[OMPT] tid=667280 ompt_id=10133099161583617 tipo=ompt_thread_worker     last_cpu= 11 numa=0 mig=0 fallos=0 perf=full ipc=0.153 ratio_rm=0.2622
[OMPT] tid=667335 ompt_id=25614222880669697 tipo=ompt_thread_worker     last_cpu=185 numa=0 mig=0 fallos=0 perf=full ipc=0.170 ratio_rm=0.2814
[OMPT] tid=667311 ompt_id=18858823439613953 tipo=ompt_thread_worker     last_cpu=135 numa=0 mig=0 fallos=0 perf=full ipc=0.140 ratio_rm=0.3382
[OMPT] tid=667338 ompt_id=26458647810801665 tipo=ompt_thread_worker     last_cpu=236 numa=1 mig=0 fallos=0 perf=full ipc=0.370 ratio_rm=0.0001
[OMPT] tid=667328 ompt_id=23643898043695105 tipo=ompt_thread_worker     last_cpu=250 numa=1 mig=0 fallos=0 perf=full ipc=0.395 ratio_rm=0.0001
[OMPT] tid=667296 ompt_id=14636698788954113 tipo=ompt_thread_worker     last_cpu=248 numa=1 mig=0 fallos=0 perf=full ipc=0.386 ratio_rm=0.0001
[OMPT] tid=667344 ompt_id=28147497671065601 tipo=ompt_thread_worker     last_cpu=251 numa=1 mig=0 fallos=0 perf=full ipc=0.387 ratio_rm=0.0001
[OMPT] tid=667312 ompt_id=19140298416324609 tipo=ompt_thread_worker     last_cpu=249 numa=1 mig=0 fallos=0 perf=full ipc=0.383 ratio_rm=0.0002
[OMPT] tid=667360 ompt_id=32651097298436097 tipo=ompt_thread_worker     last_cpu=252 numa=1 mig=0 fallos=0 perf=full ipc=0.375 ratio_rm=0.0001
[OMPT] tid=667336 ompt_id=25895697857380353 tipo=ompt_thread_worker     last_cpu=212 numa=1 mig=0 fallos=0 perf=full ipc=0.319 ratio_rm=0.0001
[OMPT] tid=667286 ompt_id=11821949021847553 tipo=ompt_thread_worker     last_cpu=215 numa=1 mig=0 fallos=0 perf=full ipc=0.362 ratio_rm=0.0001
[OMPT] tid=667370 ompt_id=35465847065542657 tipo=ompt_thread_worker     last_cpu=234 numa=1 mig=0 fallos=0 perf=full ipc=0.339 ratio_rm=0.0001
[OMPT] tid=667304 ompt_id=16888498602639361 tipo=ompt_thread_worker     last_cpu=238 numa=1 mig=0 fallos=0 perf=full ipc=0.372 ratio_rm=0.0001
[OMPT] tid=667352 ompt_id=30399297484750849 tipo=ompt_thread_worker     last_cpu=235 numa=1 mig=0 fallos=0 perf=full ipc=0.380 ratio_rm=0.0001
[OMPT] tid=667347 ompt_id=28991922601197569 tipo=ompt_thread_worker     last_cpu= 43 numa=0 mig=0 fallos=0 perf=full ipc=0.176 ratio_rm=0.2662
[OMPT] tid=667291 ompt_id=13510798882111489 tipo=ompt_thread_worker     last_cpu=151 numa=0 mig=0 fallos=0 perf=full ipc=0.155 ratio_rm=0.2536
[OMPT] tid=667364 ompt_id=33776997205278721 tipo=ompt_thread_worker     last_cpu=218 numa=1 mig=0 fallos=0 perf=full ipc=0.356 ratio_rm=0.0001
[OMPT] tid=667342 ompt_id=27584547717644289 tipo=ompt_thread_worker     last_cpu=220 numa=1 mig=0 fallos=0 perf=full ipc=0.404 ratio_rm=0.0001
[OMPT] tid=667282 ompt_id=10696049115004929 tipo=ompt_thread_worker     last_cpu=223 numa=1 mig=0 fallos=0 perf=full ipc=0.392 ratio_rm=0.0001
[OMPT] tid=667354 ompt_id=30962247438172161 tipo=ompt_thread_worker     last_cpu=219 numa=1 mig=0 fallos=0 perf=full ipc=0.397 ratio_rm=0.0001
[OMPT] tid=667320 ompt_id=21392098230009857 tipo=ompt_thread_worker     last_cpu=221 numa=1 mig=0 fallos=0 perf=full ipc=0.396 ratio_rm=0.0001
[OMPT] tid=667310 ompt_id=18577348462903297 tipo=ompt_thread_worker     last_cpu=222 numa=1 mig=0 fallos=0 perf=full ipc=0.387 ratio_rm=0.0001
[OMPT] tid=667334 ompt_id=25332747903959041 tipo=ompt_thread_worker     last_cpu=244 numa=1 mig=0 fallos=0 perf=full ipc=0.361 ratio_rm=0.0001
[OMPT] tid=667346 ompt_id=28710447624486913 tipo=ompt_thread_worker     last_cpu=243 numa=1 mig=0 fallos=0 perf=full ipc=0.364 ratio_rm=0.0002
[OMPT] tid=667372 ompt_id=36028797018963969 tipo=ompt_thread_worker     last_cpu=242 numa=1 mig=0 fallos=0 perf=full ipc=0.370 ratio_rm=0.0002
[OMPT] tid=667290 ompt_id=12947848928690177 tipo=ompt_thread_worker     last_cpu=247 numa=1 mig=0 fallos=0 perf=full ipc=0.371 ratio_rm=0.0001
[OMPT] tid=667350 ompt_id=29836347531329537 tipo=ompt_thread_worker     last_cpu=203 numa=1 mig=0 fallos=0 perf=full ipc=0.337 ratio_rm=0.0001
[OMPT] tid=667366 ompt_id=34339947158700033 tipo=ompt_thread_worker     last_cpu=202 numa=1 mig=0 fallos=0 perf=full ipc=0.362 ratio_rm=0.0001
[OMPT] tid=667298 ompt_id=15199648742375425 tipo=ompt_thread_worker     last_cpu=206 numa=1 mig=0 fallos=0 perf=full ipc=0.364 ratio_rm=0.0001
[OMPT] tid=667330 ompt_id=24206847997116417 tipo=ompt_thread_worker     last_cpu=204 numa=1 mig=0 fallos=0 perf=full ipc=0.367 ratio_rm=0.0001
[OMPT] tid=667284 ompt_id=11258999068426241 tipo=ompt_thread_worker     last_cpu=207 numa=1 mig=0 fallos=0 perf=full ipc=0.369 ratio_rm=0.0001
[OMPT] tid=667314 ompt_id=19703248369745921 tipo=ompt_thread_worker     last_cpu=205 numa=1 mig=0 fallos=0 perf=full ipc=0.368 ratio_rm=0.0001
[OMPT] tid=667287 ompt_id=12103423998558209 tipo=ompt_thread_worker     last_cpu=167 numa=0 mig=0 fallos=0 perf=full ipc=0.163 ratio_rm=0.2537
[OMPT] tid=667289 ompt_id=12666373951979521 tipo=ompt_thread_worker     last_cpu=143 numa=0 mig=0 fallos=0 perf=full ipc=0.176 ratio_rm=0.2602
[OMPT] tid=667359 ompt_id=32369622321725441 tipo=ompt_thread_worker     last_cpu=137 numa=0 mig=0 fallos=0 perf=full ipc=0.179 ratio_rm=0.2525
[OMPT] tid=667317 ompt_id=20547673299877889 tipo=ompt_thread_worker     last_cpu=141 numa=0 mig=0 fallos=0 perf=full ipc=0.174 ratio_rm=0.2527
[OMPT] tid=667305 ompt_id=17169973579350017 tipo=ompt_thread_worker     last_cpu=142 numa=0 mig=0 fallos=0 perf=full ipc=0.177 ratio_rm=0.2611
[OMPT] tid=667329 ompt_id=23925373020405761 tipo=ompt_thread_worker     last_cpu=136 numa=0 mig=0 fallos=0 perf=full ipc=0.180 ratio_rm=0.2461
[OMPT] tid=667324 ompt_id=22517998136852481 tipo=ompt_thread_worker     last_cpu=237 numa=1 mig=0 fallos=0 perf=full ipc=0.368 ratio_rm=0.0001
[OMPT] tid=667288 ompt_id=12384898975268865 tipo=ompt_thread_worker     last_cpu=239 numa=1 mig=0 fallos=0 perf=full ipc=0.368 ratio_rm=0.0001
[OMPT] tid=667345 ompt_id=28428972647776257 tipo=ompt_thread_worker     last_cpu=187 numa=0 mig=0 fallos=0 perf=full ipc=0.164 ratio_rm=0.2677
[OMPT] tid=667306 ompt_id=17451448556060673 tipo=ompt_thread_worker     last_cpu=246 numa=1 mig=0 fallos=0 perf=full ipc=0.370 ratio_rm=0.0001
[OMPT] tid=667339 ompt_id=26740122787512321 tipo=ompt_thread_worker     last_cpu=148 numa=0 mig=0 fallos=0 perf=full ipc=0.157 ratio_rm=0.2449
[OMPT] tid=667325 ompt_id=22799473113563137 tipo=ompt_thread_worker     last_cpu= 21 numa=0 mig=0 fallos=0 perf=full ipc=0.157 ratio_rm=0.2664
[OMPT] tid=667307 ompt_id=17732923532771329 tipo=ompt_thread_worker     last_cpu=150 numa=0 mig=0 fallos=0 perf=full ipc=0.155 ratio_rm=0.2498
[OMPT] tid=667349 ompt_id=29554872554618881 tipo=ompt_thread_worker     last_cpu=147 numa=0 mig=0 fallos=0 perf=full ipc=0.162 ratio_rm=0.2712
[OMPT] tid=667371 ompt_id=35747322042253313 tipo=ompt_thread_worker     last_cpu=162 numa=0 mig=0 fallos=0 perf=full ipc=0.173 ratio_rm=0.2677
[OMPT] tid=667333 ompt_id=25051272927248385 tipo=ompt_thread_worker     last_cpu=164 numa=0 mig=0 fallos=0 perf=full ipc=0.167 ratio_rm=0.2445
[OMPT] tid=667357 ompt_id=31806672368304129 tipo=ompt_thread_worker     last_cpu=163 numa=0 mig=0 fallos=0 perf=full ipc=0.174 ratio_rm=0.2745
[OMPT] tid=667323 ompt_id=22236523160141825 tipo=ompt_thread_worker     last_cpu=181 numa=0 mig=0 fallos=0 perf=full ipc=0.167 ratio_rm=0.2550
[OMPT] tid=667353 ompt_id=30680772461461505 tipo=ompt_thread_worker     last_cpu= 27 numa=0 mig=0 fallos=0 perf=full ipc=0.173 ratio_rm=0.2676
[OMPT] tid=667367 ompt_id=34621422135410689 tipo=ompt_thread_worker     last_cpu=154 numa=0 mig=0 fallos=0 perf=full ipc=0.172 ratio_rm=0.2654
[OMPT] tid=667315 ompt_id=19984723346456577 tipo=ompt_thread_worker     last_cpu=157 numa=0 mig=0 fallos=0 perf=full ipc=0.165 ratio_rm=0.2612
[OMPT] tid=667332 ompt_id=24769797950537729 tipo=ompt_thread_worker     last_cpu=196 numa=1 mig=0 fallos=0 perf=full ipc=0.417 ratio_rm=0.0001
[OMPT] tid=667358 ompt_id=32088147345014785 tipo=ompt_thread_worker     last_cpu=195 numa=1 mig=0 fallos=0 perf=full ipc=0.397 ratio_rm=0.0002
[OMPT] tid=667292 ompt_id=13229323905400833 tipo=ompt_thread_worker     last_cpu=199 numa=1 mig=0 fallos=0 perf=full ipc=0.402 ratio_rm=0.0001
[OMPT] tid=667368 ompt_id=34902897112121345 tipo=ompt_thread_worker     last_cpu=226 numa=1 mig=0 fallos=0 perf=full ipc=0.315 ratio_rm=0.0001
[OMPT] tid=667356 ompt_id=31525197391593473 tipo=ompt_thread_worker     last_cpu=227 numa=1 mig=0 fallos=0 perf=full ipc=0.360 ratio_rm=0.0001
[OMPT] tid=667343 ompt_id=27866022694354945 tipo=ompt_thread_worker     last_cpu= 28 numa=0 mig=0 fallos=0 perf=full ipc=0.164 ratio_rm=0.2393
[OMPT] tid=667293 ompt_id=13792273858822145 tipo=ompt_thread_worker     last_cpu=159 numa=0 mig=0 fallos=0 perf=full ipc=0.163 ratio_rm=0.2529
[OMPT] tid=667301 ompt_id=16044073672507393 tipo=ompt_thread_worker     last_cpu=158 numa=0 mig=0 fallos=0 perf=full ipc=0.162 ratio_rm=0.2480
[OMPT] tid=667308 ompt_id=18014398509481985 tipo=ompt_thread_worker     last_cpu=214 numa=1 mig=0 fallos=0 perf=full ipc=0.361 ratio_rm=0.0001
[OMPT] tid=667362 ompt_id=33214047251857409 tipo=ompt_thread_worker     last_cpu=210 numa=1 mig=0 fallos=0 perf=full ipc=0.363 ratio_rm=0.0002
[OMPT] tid=667318 ompt_id=20829148276588545 tipo=ompt_thread_worker     last_cpu=213 numa=1 mig=0 fallos=0 perf=full ipc=0.361 ratio_rm=0.0001
[OMPT] tid=667348 ompt_id=29273397577908225 tipo=ompt_thread_worker     last_cpu=211 numa=1 mig=0 fallos=0 perf=full ipc=0.354 ratio_rm=0.0001
[OMPT] tid=667341 ompt_id=27303072740933633 tipo=ompt_thread_worker     last_cpu=180 numa=0 mig=0 fallos=0 perf=full ipc=0.165 ratio_rm=0.2397
[OMPT] tid=667294 ompt_id=14073748835532801 tipo=ompt_thread_worker     last_cpu=183 numa=0 mig=0 fallos=0 perf=full ipc=0.165 ratio_rm=0.2497
[OMPT] tid=667351 ompt_id=30117822508040193 tipo=ompt_thread_worker     last_cpu=179 numa=0 mig=0 fallos=0 perf=full ipc=0.174 ratio_rm=0.2670
[OMPT] tid=667322 ompt_id=21955048183431169 tipo=ompt_thread_worker     last_cpu=245 numa=1 mig=0 fallos=0 perf=full ipc=0.323 ratio_rm=0.0001
[OMPT] tid=667363 ompt_id=33495522228568065 tipo=ompt_thread_worker     last_cpu=178 numa=0 mig=0 fallos=0 perf=full ipc=0.177 ratio_rm=0.2671
[OMPT] tid=667303 ompt_id=16607023625928705 tipo=ompt_thread_worker     last_cpu=182 numa=0 mig=0 fallos=0 perf=full ipc=0.163 ratio_rm=0.2448
[OMPT] tid=667281 ompt_id=10414574138294273 tipo=ompt_thread_worker     last_cpu=231 numa=1 mig=0 fallos=0 perf=full ipc=0.356 ratio_rm=0.0001
[OMPT] tid=667340 ompt_id=27021597764222977 tipo=ompt_thread_worker     last_cpu=228 numa=1 mig=0 fallos=0 perf=full ipc=0.361 ratio_rm=0.0002
[OMPT] tid=667302 ompt_id=16325548649218049 tipo=ompt_thread_worker     last_cpu=230 numa=1 mig=0 fallos=0 perf=full ipc=0.361 ratio_rm=0.0001
[OMPT] tid=667326 ompt_id=23080948090273793 tipo=ompt_thread_worker     last_cpu=229 numa=1 mig=0 fallos=0 perf=full ipc=0.357 ratio_rm=0.0001
[OMPT] tid=667365 ompt_id=34058472181989377 tipo=ompt_thread_worker     last_cpu=146 numa=0 mig=0 fallos=0 perf=full ipc=0.162 ratio_rm=0.2637
[OMPT] tid=667319 ompt_id=21110623253299201 tipo=ompt_thread_worker     last_cpu= 37 numa=0 mig=0 fallos=0 perf=full ipc=0.167 ratio_rm=0.2666
[OMPT] tid=667309 ompt_id=18295873486192641 tipo=ompt_thread_worker     last_cpu=166 numa=0 mig=0 fallos=0 perf=full ipc=0.163 ratio_rm=0.2504
[OMPT] tid=667361 ompt_id=32932572275146753 tipo=ompt_thread_worker     last_cpu=186 numa=0 mig=0 fallos=0 perf=full ipc=0.173 ratio_rm=0.2789
[OMPT] tid=667297 ompt_id=14918173765664769 tipo=ompt_thread_worker     last_cpu=190 numa=0 mig=0 fallos=0 perf=full ipc=0.159 ratio_rm=0.2581
[OMPT] tid=667316 ompt_id=20266198323167233 tipo=ompt_thread_worker     last_cpu=197 numa=1 mig=0 fallos=0 perf=full ipc=0.405 ratio_rm=0.0001
[OMPT] tid=667300 ompt_id=15762598695796737 tipo=ompt_thread_worker     last_cpu=198 numa=1 mig=0 fallos=0 perf=full ipc=0.402 ratio_rm=0.0001
[OMPT] tid=667369 ompt_id=35184372088832001 tipo=ompt_thread_worker     last_cpu=170 numa=0 mig=0 fallos=0 perf=full ipc=0.174 ratio_rm=0.2598
[OMPT] tid=667321 ompt_id=21673573206720513 tipo=ompt_thread_worker     last_cpu= 46 numa=0 mig=0 fallos=0 perf=full ipc=0.167 ratio_rm=0.2427
[OMPT] tid=667299 ompt_id=15481123719086081 tipo=ompt_thread_worker     last_cpu=173 numa=0 mig=0 fallos=0 perf=full ipc=0.169 ratio_rm=0.2592
[OMPT] tid=667331 ompt_id=24488322973827073 tipo=ompt_thread_worker     last_cpu=188 numa=0 mig=0 fallos=0 perf=full ipc=0.162 ratio_rm=0.2602
[OMPT] tid=667337 ompt_id=26177172834091009 tipo=ompt_thread_worker     last_cpu=172 numa=0 mig=0 fallos=0 perf=full ipc=0.167 ratio_rm=0.2361
[OMPT] tid=667327 ompt_id=23362423066984449 tipo=ompt_thread_worker     last_cpu=134 numa=0 mig=0 fallos=0 perf=full ipc=0.145 ratio_rm=0.3303
[OMPT] tid=667283 ompt_id=10977524091715585 tipo=ompt_thread_worker     last_cpu= 40 numa=0 mig=0 fallos=0 perf=full ipc=0.177 ratio_rm=0.2679
[OMPT] tid=667313 ompt_id=19421773393035265 tipo=ompt_thread_worker     last_cpu=189 numa=0 mig=0 fallos=0 perf=full ipc=0.157 ratio_rm=0.2578
[OMPT] tid=667285 ompt_id=11540474045136897 tipo=ompt_thread_worker     last_cpu=191 numa=0 mig=0 fallos=0 perf=full ipc=0.159 ratio_rm=0.2562
[OMPT] tid=667295 ompt_id=14355223812243457 tipo=ompt_thread_worker     last_cpu=175 numa=0 mig=0 fallos=0 perf=full ipc=0.167 ratio_rm=0.2491
[OMPT] tid=667355 ompt_id=31243722414882817 tipo=ompt_thread_worker     last_cpu= 16 numa=0 mig=0 fallos=0 perf=full ipc=0.166 ratio_rm=0.2729
[OMPT] ===== Overhead intrínseco =====
  monitor: 63 ticks, 459798.5 us total (max 12155.3 us/tick)
  callbacks implicit_task: 20225, 24685783.0 us total
  migraciones: 0 (0.0 us total)
  resyncs=0  lecturas escaladas por multiplexado=28160
  hilos con perf fallido=0  parcial(ipc_only)=0
  ventanas con ciclos=6784  con fills=6784
