[OMPT] ompt_initialize (OPCIÓN C: integrador con fugas)  verbose=0  migracion=DESACTIVADA
[HWLOC] Nodos NUMA detectados: 2 (usados: 2)
[HWLOC] Nodo 0: 128 CPUs
[HWLOC] Nodo 1: 128 CPUs
[OMPT] callback 'ompt_callback_thread_begin' registrado (result=5)
[OMPT] callback 'ompt_callback_thread_end' registrado (result=5)
[OMPT] callback 'ompt_callback_parallel_begin' registrado (result=5)
[OMPT] callback 'ompt_callback_parallel_end' registrado (result=5)
[OMPT] callback 'ompt_callback_implicit_task' registrado (result=5)
[OMPT] callback 'ompt_callback_control_tool' registrado (result=5)
[OMPT] Callbacks registrados
[OMPT] Sistema: 0 procesadores lógicos
[OMPT][MON] Monitor (C: integrador con fugas)  período=100ms  warmup=5  T=ref+1.00*MAD  leak=0.50*MAD  cap=8.00*MAD  max_mig=1  migracion=DESACTIVADA
[perf_region] tool OMPT detectado: los contadores los lleva el tool, no se abren aqui
[OMPT] control_tool: INICIANDO medicion
[OMPT] control_tool: PAUSANDO medicion
[OMPT] ompt_finalize
[OMPT][MON] Monitor detenido tras 67 ventanas
[OMPT] CSV de ventanas: 928 filas volcadas (0 descartadas)
[OMPT] ===== Tabla final: 16 hilos =====
[OMPT] tid=663260 ompt_id=281474976710657 tipo=ompt_thread_initial    last_cpu=255 numa=1 mig=0 fallos=0 perf=full ipc=1.228 ratio_rm=0.0001
[OMPT] tid=663262 ompt_id=562949953421313 tipo=ompt_thread_worker     last_cpu=207 numa=1 mig=0 fallos=0 perf=full ipc=1.199 ratio_rm=0.0001
[OMPT] tid=663263 ompt_id=844424930131969 tipo=ompt_thread_worker     last_cpu= 40 numa=0 mig=0 fallos=0 perf=full ipc=1.049 ratio_rm=0.0408
[OMPT] tid=663264 ompt_id=1125899906842625 tipo=ompt_thread_worker     last_cpu= 32 numa=0 mig=0 fallos=0 perf=full ipc=1.055 ratio_rm=0.1019
[OMPT] tid=663265 ompt_id=1407374883553281 tipo=ompt_thread_worker     last_cpu= 16 numa=0 mig=0 fallos=0 perf=full ipc=1.071 ratio_rm=0.1426
[OMPT] tid=663266 ompt_id=1970324836974593 tipo=ompt_thread_worker     last_cpu=231 numa=1 mig=0 fallos=0 perf=full ipc=1.085 ratio_rm=0.0000
[OMPT] tid=663267 ompt_id=1688849860263937 tipo=ompt_thread_worker     last_cpu=104 numa=1 mig=0 fallos=0 perf=full ipc=1.070 ratio_rm=0.0000
[OMPT] tid=663268 ompt_id=2251799813685249 tipo=ompt_thread_worker     last_cpu=106 numa=1 mig=0 fallos=0 perf=full ipc=1.068 ratio_rm=0.0000
[OMPT] tid=663269 ompt_id=2533274790395905 tipo=ompt_thread_worker     last_cpu=  8 numa=0 mig=0 fallos=0 perf=full ipc=1.082 ratio_rm=0.1964
[OMPT] tid=663270 ompt_id=2814749767106561 tipo=ompt_thread_worker     last_cpu=247 numa=1 mig=0 fallos=0 perf=full ipc=1.080 ratio_rm=0.0000
[OMPT] tid=663272 ompt_id=3377699720527873 tipo=ompt_thread_worker     last_cpu=199 numa=1 mig=0 fallos=0 perf=full ipc=1.214 ratio_rm=0.0001
[OMPT] tid=663274 ompt_id=3940649673949185 tipo=ompt_thread_worker     last_cpu=112 numa=1 mig=0 fallos=0 perf=full ipc=1.081 ratio_rm=0.0000
[OMPT] tid=663275 ompt_id=4222124650659841 tipo=ompt_thread_worker     last_cpu=223 numa=1 mig=0 fallos=0 perf=full ipc=1.130 ratio_rm=0.0000
[OMPT] tid=663271 ompt_id=3096224743817217 tipo=ompt_thread_worker     last_cpu=128 numa=0 mig=0 fallos=0 perf=full ipc=1.024 ratio_rm=0.2512
[OMPT] tid=663276 ompt_id=4503599627370497 tipo=ompt_thread_worker     last_cpu=212 numa=1 mig=0 fallos=0 perf=full ipc=1.164 ratio_rm=0.0001
[OMPT] tid=663273 ompt_id=3659174697238529 tipo=ompt_thread_worker     last_cpu=191 numa=0 mig=0 fallos=0 perf=full ipc=1.104 ratio_rm=0.2020
[OMPT] ===== Overhead intrínseco =====
  monitor: 67 ticks, 18666.5 us total (max 515.8 us/tick)
  callbacks implicit_task: 2529, 445923.4 us total
  migraciones: 0 (0.0 us total)
  resyncs=0  lecturas escaladas por multiplexado=3840
  hilos con perf fallido=0  parcial(ipc_only)=0
  ventanas con ciclos=928  con fills=928
