[OMPT] ompt_initialize (OPCIÓN C: integrador con fugas)  verbose=0  migracion=activa
[HWLOC] Nodos NUMA detectados: 2 (usados: 2)
[HWLOC] Nodo 0: 128 CPUs
[HWLOC] Nodo 1: 128 CPUs
[OMPT] callback 'ompt_callback_thread_begin' registrado (result=5)
[OMPT] callback 'ompt_callback_thread_end' registrado (result=5)
[OMPT] callback 'ompt_callback_parallel_begin' registrado (result=5)
[OMPT] callback 'ompt_callback_parallel_end' registrado (result=5)
[OMPT] callback 'ompt_callback_implicit_task' registrado (result=5)
[OMPT] callback 'ompt_callback_control_tool' registrado (result=5)
[OMPT] Callbacks registrados
[OMPT] Sistema: 0 procesadores lógicos
[OMPT][MON] Monitor (C: integrador con fugas)  período=100ms  warmup=5  T=ref+1.00*MAD  leak=0.50*MAD  cap=8.00*MAD  max_mig=1  migracion=activa
[OMPT][PERF] tid=423277 SIN eventos NUMA (solo IPC). Este hilo no podrá disparar migraciones.
    modo=6 mascaras por origen  primer errno: Invalid argument / Invalid argument
  → los eventos crudos son específicos de AMD Zen; en otra PMU no existen
  → con OMPT_MASCARAS=0 se vuelve al par 0xFF44/0xD044
[OMPT][PERF] tid=423279 SIN eventos NUMA (solo IPC). Este hilo no podrá disparar migraciones.
    modo=6 mascaras por origen  primer errno: Invalid argument / Invalid argument
  → los eventos crudos son específicos de AMD Zen; en otra PMU no existen
  → con OMPT_MASCARAS=0 se vuelve al par 0xFF44/0xD044
[OMPT][PERF] tid=423282 SIN eventos NUMA (solo IPC). Este hilo no podrá disparar migraciones.
    modo=6 mascaras por origen  primer errno: Invalid argument / Invalid argument
  → los eventos crudos son específicos de AMD Zen; en otra PMU no existen
  → con OMPT_MASCARAS=0 se vuelve al par 0xFF44/0xD044
[OMPT][PERF] tid=423281 SIN eventos NUMA (solo IPC). Este hilo no podrá disparar migraciones.
    modo=6 mascaras por origen  primer errno: Invalid argument / Invalid argument
  → los eventos crudos son específicos de AMD Zen; en otra PMU no existen
  → con OMPT_MASCARAS=0 se vuelve al par 0xFF44/0xD044
[OMPT][PERF] tid=423280 SIN eventos NUMA (solo IPC). Este hilo no podrá disparar migraciones.
    modo=6 mascaras por origen  primer errno: Invalid argument / Invalid argument
  → los eventos crudos son específicos de AMD Zen; en otra PMU no existen
  → con OMPT_MASCARAS=0 se vuelve al par 0xFF44/0xD044
[OMPT][PERF] tid=423283 SIN eventos NUMA (solo IPC). Este hilo no podrá disparar migraciones.
    modo=6 mascaras por origen  primer errno: Invalid argument / Invalid argument
  → los eventos crudos son específicos de AMD Zen; en otra PMU no existen
  → con OMPT_MASCARAS=0 se vuelve al par 0xFF44/0xD044
[OMPT][PERF] tid=423285 SIN eventos NUMA (solo IPC). Este hilo no podrá disparar migraciones.
    modo=6 mascaras por origen  primer errno: Invalid argument / Invalid argument
  → los eventos crudos son específicos de AMD Zen; en otra PMU no existen
  → con OMPT_MASCARAS=0 se vuelve al par 0xFF44/0xD044
[OMPT][PERF] tid=423286 SIN eventos NUMA (solo IPC). Este hilo no podrá disparar migraciones.
    modo=6 mascaras por origen  primer errno: Invalid argument / Invalid argument
  → los eventos crudos son específicos de AMD Zen; en otra PMU no existen
  → con OMPT_MASCARAS=0 se vuelve al par 0xFF44/0xD044
[OMPT][PERF] tid=423289 SIN eventos NUMA (solo IPC). Este hilo no podrá disparar migraciones.
    modo=6 mascaras por origen  primer errno: Invalid argument / Invalid argument
  → los eventos crudos son específicos de AMD Zen; en otra PMU no existen
  → con OMPT_MASCARAS=0 se vuelve al par 0xFF44/0xD044
[OMPT][PERF] tid=423290 SIN eventos NUMA (solo IPC). Este hilo no podrá disparar migraciones.
    modo=6 mascaras por origen  primer errno: Invalid argument / Invalid argument
  → los eventos crudos son específicos de AMD Zen; en otra PMU no existen
  → con OMPT_MASCARAS=0 se vuelve al par 0xFF44/0xD044
[OMPT][PERF] tid=423284 SIN eventos NUMA (solo IPC). Este hilo no podrá disparar migraciones.
    modo=6 mascaras por origen  primer errno: Invalid argument / Invalid argument
  → los eventos crudos son específicos de AMD Zen; en otra PMU no existen
  → con OMPT_MASCARAS=0 se vuelve al par 0xFF44/0xD044
[OMPT][PERF] tid=423294 SIN eventos NUMA (solo IPC). Este hilo no podrá disparar migraciones.
    modo=6 mascaras por origen  primer errno: Invalid argument / Invalid argument
  → los eventos crudos son específicos de AMD Zen; en otra PMU no existen
  → con OMPT_MASCARAS=0 se vuelve al par 0xFF44/0xD044
[OMPT][PERF] tid=423295 SIN eventos NUMA (solo IPC). Este hilo no podrá disparar migraciones.
    modo=6 mascaras por origen  primer errno: Invalid argument / Invalid argument
  → los eventos crudos son específicos de AMD Zen; en otra PMU no existen
  → con OMPT_MASCARAS=0 se vuelve al par 0xFF44/0xD044
[OMPT][PERF] tid=423297 SIN eventos NUMA (solo IPC). Este hilo no podrá disparar migraciones.
    modo=6 mascaras por origen  primer errno: Invalid argument / Invalid argument
  → los eventos crudos son específicos de AMD Zen; en otra PMU no existen
  → con OMPT_MASCARAS=0 se vuelve al par 0xFF44/0xD044
[OMPT][PERF] tid=423288 SIN eventos NUMA (solo IPC). Este hilo no podrá disparar migraciones.
    modo=6 mascaras por origen  primer errno: Invalid argument / Invalid argument
  → los eventos crudos son específicos de AMD Zen; en otra PMU no existen
  → con OMPT_MASCARAS=0 se vuelve al par 0xFF44/0xD044
[OMPT][PERF] tid=423296 SIN eventos NUMA (solo IPC). Este hilo no podrá disparar migraciones.
    modo=6 mascaras por origen  primer errno: Invalid argument / Invalid argument
  → los eventos crudos son específicos de AMD Zen; en otra PMU no existen
  → con OMPT_MASCARAS=0 se vuelve al par 0xFF44/0xD044
[OMPT][PERF] tid=423291 SIN eventos NUMA (solo IPC). Este hilo no podrá disparar migraciones.
    modo=6 mascaras por origen  primer errno: Invalid argument / Invalid argument
  → los eventos crudos son específicos de AMD Zen; en otra PMU no existen
  → con OMPT_MASCARAS=0 se vuelve al par 0xFF44/0xD044
[OMPT][PERF] tid=423287 SIN eventos NUMA (solo IPC). Este hilo no podrá disparar migraciones.
    modo=6 mascaras por origen  primer errno: Invalid argument / Invalid argument
  → los eventos crudos son específicos de AMD Zen; en otra PMU no existen
  → con OMPT_MASCARAS=0 se vuelve al par 0xFF44/0xD044
[OMPT][PERF] tid=423293 SIN eventos NUMA (solo IPC). Este hilo no podrá disparar migraciones.
    modo=6 mascaras por origen  primer errno: Invalid argument / Invalid argument
  → los eventos crudos son específicos de AMD Zen; en otra PMU no existen
  → con OMPT_MASCARAS=0 se vuelve al par 0xFF44/0xD044
[OMPT][PERF] tid=423304 SIN eventos NUMA (solo IPC). Este hilo no podrá disparar migraciones.
    modo=6 mascaras por origen  primer errno: Invalid argument / Invalid argument
  → los eventos crudos son específicos de AMD Zen; en otra PMU no existen
  → con OMPT_MASCARAS=0 se vuelve al par 0xFF44/0xD044
[OMPT][PERF] tid=423299 SIN eventos NUMA (solo IPC). Este hilo no podrá disparar migraciones.
    modo=6 mascaras por origen  primer errno: Invalid argument / Invalid argument
  → los eventos crudos son específicos de AMD Zen; en otra PMU no existen
  → con OMPT_MASCARAS=0 se vuelve al par 0xFF44/0xD044
[OMPT][PERF] tid=423308 SIN eventos NUMA (solo IPC). Este hilo no podrá disparar migraciones.
    modo=6 mascaras por origen  primer errno: Invalid argument / Invalid argument
  → los eventos crudos son específicos de AMD Zen; en otra PMU no existen
  → con OMPT_MASCARAS=0 se vuelve al par 0xFF44/0xD044
[OMPT][PERF] tid=423309 SIN eventos NUMA (solo IPC). Este hilo no podrá disparar migraciones.
    modo=6 mascaras por origen  primer errno: Invalid argument / Invalid argument
  → los eventos crudos son específicos de AMD Zen; en otra PMU no existen
  → con OMPT_MASCARAS=0 se vuelve al par 0xFF44/0xD044
[OMPT][PERF] tid=423303 SIN eventos NUMA (solo IPC). Este hilo no podrá disparar migraciones.
    modo=6 mascaras por origen  primer errno: Invalid argument / Invalid argument
  → los eventos crudos son específicos de AMD Zen; en otra PMU no existen
  → con OMPT_MASCARAS=0 se vuelve al par 0xFF44/0xD044
[OMPT][PERF] tid=423310 SIN eventos NUMA (solo IPC). Este hilo no podrá disparar migraciones.
    modo=6 mascaras por origen  primer errno: Invalid argument / Invalid argument
  → los eventos crudos son específicos de AMD Zen; en otra PMU no existen
  → con OMPT_MASCARAS=0 se vuelve al par 0xFF44/0xD044
[OMPT][PERF] tid=423300 SIN eventos NUMA (solo IPC). Este hilo no podrá disparar migraciones.
    modo=6 mascaras por origen  primer errno: Invalid argument / Invalid argument
  → los eventos crudos son específicos de AMD Zen; en otra PMU no existen
  → con OMPT_MASCARAS=0 se vuelve al par 0xFF44/0xD044
[OMPT][PERF] tid=423301 SIN eventos NUMA (solo IPC). Este hilo no podrá disparar migraciones.
    modo=6 mascaras por origen  primer errno: Invalid argument / Invalid argument
  → los eventos crudos son específicos de AMD Zen; en otra PMU no existen
  → con OMPT_MASCARAS=0 se vuelve al par 0xFF44/0xD044
[OMPT][PERF] tid=423313 SIN eventos NUMA (solo IPC). Este hilo no podrá disparar migraciones.
    modo=6 mascaras por origen  primer errno: Invalid argument / Invalid argument
  → los eventos crudos son específicos de AMD Zen; en otra PMU no existen
  → con OMPT_MASCARAS=0 se vuelve al par 0xFF44/0xD044
[OMPT][PERF] tid=423305 SIN eventos NUMA (solo IPC). Este hilo no podrá disparar migraciones.
    modo=6 mascaras por origen  primer errno: Invalid argument / Invalid argument
  → los eventos crudos son específicos de AMD Zen; en otra PMU no existen
  → con OMPT_MASCARAS=0 se vuelve al par 0xFF44/0xD044
[OMPT][PERF] tid=423314 SIN eventos NUMA (solo IPC). Este hilo no podrá disparar migraciones.
    modo=6 mascaras por origen  primer errno: Invalid argument / Invalid argument
  → los eventos crudos son específicos de AMD Zen; en otra PMU no existen
  → con OMPT_MASCARAS=0 se vuelve al par 0xFF44/0xD044
[OMPT][PERF] tid=423317 SIN eventos NUMA (solo IPC). Este hilo no podrá disparar migraciones.
    modo=6 mascaras por origen  primer errno: Invalid argument / Invalid argument
  → los eventos crudos son específicos de AMD Zen; en otra PMU no existen
  → con OMPT_MASCARAS=0 se vuelve al par 0xFF44/0xD044
[OMPT][PERF] tid=423306 SIN eventos NUMA (solo IPC). Este hilo no podrá disparar migraciones.
    modo=6 mascaras por origen  primer errno: Invalid argument / Invalid argument
  → los eventos crudos son específicos de AMD Zen; en otra PMU no existen
  → con OMPT_MASCARAS=0 se vuelve al par 0xFF44/0xD044
[OMPT][PERF] tid=423292 SIN eventos NUMA (solo IPC). Este hilo no podrá disparar migraciones.
    modo=6 mascaras por origen  primer errno: Invalid argument / Invalid argument
  → los eventos crudos son específicos de AMD Zen; en otra PMU no existen
  → con OMPT_MASCARAS=0 se vuelve al par 0xFF44/0xD044
[OMPT][PERF] tid=423319 SIN eventos NUMA (solo IPC). Este hilo no podrá disparar migraciones.
    modo=6 mascaras por origen  primer errno: Invalid argument / Invalid argument
  → los eventos crudos son específicos de AMD Zen; en otra PMU no existen
  → con OMPT_MASCARAS=0 se vuelve al par 0xFF44/0xD044
[OMPT][PERF] tid=423312 SIN eventos NUMA (solo IPC). Este hilo no podrá disparar migraciones.
    modo=6 mascaras por origen  primer errno: Invalid argument / Invalid argument
  → los eventos crudos son específicos de AMD Zen; en otra PMU no existen
  → con OMPT_MASCARAS=0 se vuelve al par 0xFF44/0xD044
[OMPT][PERF] tid=423320 SIN eventos NUMA (solo IPC). Este hilo no podrá disparar migraciones.
    modo=6 mascaras por origen  primer errno: Invalid argument / Invalid argument
  → los eventos crudos son específicos de AMD Zen; en otra PMU no existen
  → con OMPT_MASCARAS=0 se vuelve al par 0xFF44/0xD044
[OMPT][PERF] tid=423321 SIN eventos NUMA (solo IPC). Este hilo no podrá disparar migraciones.
    modo=6 mascaras por origen  primer errno: Invalid argument / Invalid argument
  → los eventos crudos son específicos de AMD Zen; en otra PMU no existen
  → con OMPT_MASCARAS=0 se vuelve al par 0xFF44/0xD044
[OMPT][PERF] tid=423323 SIN eventos NUMA (solo IPC). Este hilo no podrá disparar migraciones.
    modo=6 mascaras por origen  primer errno: Invalid argument / Invalid argument
  → los eventos crudos son específicos de AMD Zen; en otra PMU no existen
  → con OMPT_MASCARAS=0 se vuelve al par 0xFF44/0xD044
[OMPT][PERF] tid=423307 SIN eventos NUMA (solo IPC). Este hilo no podrá disparar migraciones.
    modo=6 mascaras por origen  primer errno: Invalid argument / Invalid argument
  → los eventos crudos son específicos de AMD Zen; en otra PMU no existen
  → con OMPT_MASCARAS=0 se vuelve al par 0xFF44/0xD044
[OMPT][PERF] tid=423311 SIN eventos NUMA (solo IPC). Este hilo no podrá disparar migraciones.
    modo=6 mascaras por origen  primer errno: Invalid argument / Invalid argument
  → los eventos crudos son específicos de AMD Zen; en otra PMU no existen
  → con OMPT_MASCARAS=0 se vuelve al par 0xFF44/0xD044
[OMPT][PERF] tid=423327 SIN eventos NUMA (solo IPC). Este hilo no podrá disparar migraciones.
    modo=6 mascaras por origen  primer errno: Invalid argument / Invalid argument
  → los eventos crudos son específicos de AMD Zen; en otra PMU no existen
  → con OMPT_MASCARAS=0 se vuelve al par 0xFF44/0xD044
[OMPT][PERF] tid=423326 SIN eventos NUMA (solo IPC). Este hilo no podrá disparar migraciones.
    modo=6 mascaras por origen  primer errno: Invalid argument / Invalid argument
  → los eventos crudos son específicos de AMD Zen; en otra PMU no existen
  → con OMPT_MASCARAS=0 se vuelve al par 0xFF44/0xD044
[OMPT][PERF] tid=423316 SIN eventos NUMA (solo IPC). Este hilo no podrá disparar migraciones.
    modo=6 mascaras por origen  primer errno: Invalid argument / Invalid argument
  → los eventos crudos son específicos de AMD Zen; en otra PMU no existen
  → con OMPT_MASCARAS=0 se vuelve al par 0xFF44/0xD044
[OMPT][PERF] tid=423318 SIN eventos NUMA (solo IPC). Este hilo no podrá disparar migraciones.
    modo=6 mascaras por origen  primer errno: Invalid argument / Invalid argument
  → los eventos crudos son específicos de AMD Zen; en otra PMU no existen
  → con OMPT_MASCARAS=0 se vuelve al par 0xFF44/0xD044
[OMPT][PERF] tid=423333 SIN eventos NUMA (solo IPC). Este hilo no podrá disparar migraciones.
    modo=6 mascaras por origen  primer errno: Invalid argument / Invalid argument
  → los eventos crudos son específicos de AMD Zen; en otra PMU no existen
  → con OMPT_MASCARAS=0 se vuelve al par 0xFF44/0xD044
[OMPT][PERF] tid=423324 SIN eventos NUMA (solo IPC). Este hilo no podrá disparar migraciones.
    modo=6 mascaras por origen  primer errno: Invalid argument / Invalid argument
  → los eventos crudos son específicos de AMD Zen; en otra PMU no existen
  → con OMPT_MASCARAS=0 se vuelve al par 0xFF44/0xD044
[OMPT][PERF] tid=423325 SIN eventos NUMA (solo IPC). Este hilo no podrá disparar migraciones.
    modo=6 mascaras por origen  primer errno: Invalid argument / Invalid argument
  → los eventos crudos son específicos de AMD Zen; en otra PMU no existen
  → con OMPT_MASCARAS=0 se vuelve al par 0xFF44/0xD044
[OMPT][PERF] tid=423332 SIN eventos NUMA (solo IPC). Este hilo no podrá disparar migraciones.
    modo=6 mascaras por origen  primer errno: Invalid argument / Invalid argument
  → los eventos crudos son específicos de AMD Zen; en otra PMU no existen
  → con OMPT_MASCARAS=0 se vuelve al par 0xFF44/0xD044
[OMPT][PERF] tid=423302 SIN eventos NUMA (solo IPC). Este hilo no podrá disparar migraciones.
    modo=6 mascaras por origen  primer errno: Invalid argument / Invalid argument
  → los eventos crudos son específicos de AMD Zen; en otra PMU no existen
  → con OMPT_MASCARAS=0 se vuelve al par 0xFF44/0xD044
[OMPT][PERF] tid=423338 SIN eventos NUMA (solo IPC). Este hilo no podrá disparar migraciones.
    modo=6 mascaras por origen  primer errno: Invalid argument / Invalid argument
  → los eventos crudos son específicos de AMD Zen; en otra PMU no existen
  → con OMPT_MASCARAS=0 se vuelve al par 0xFF44/0xD044
[OMPT][PERF] tid=423341 SIN eventos NUMA (solo IPC). Este hilo no podrá disparar migraciones.
    modo=6 mascaras por origen  primer errno: Invalid argument / Invalid argument
  → los eventos crudos son específicos de AMD Zen; en otra PMU no existen
  → con OMPT_MASCARAS=0 se vuelve al par 0xFF44/0xD044
[OMPT][PERF] tid=423315 SIN eventos NUMA (solo IPC). Este hilo no podrá disparar migraciones.
    modo=6 mascaras por origen  primer errno: Invalid argument / Invalid argument
  → los eventos crudos son específicos de AMD Zen; en otra PMU no existen
  → con OMPT_MASCARAS=0 se vuelve al par 0xFF44/0xD044
[OMPT][PERF] tid=423334 SIN eventos NUMA (solo IPC). Este hilo no podrá disparar migraciones.
    modo=6 mascaras por origen  primer errno: Invalid argument / Invalid argument
  → los eventos crudos son específicos de AMD Zen; en otra PMU no existen
  → con OMPT_MASCARAS=0 se vuelve al par 0xFF44/0xD044
[OMPT][PERF] tid=423336 SIN eventos NUMA (solo IPC). Este hilo no podrá disparar migraciones.
    modo=6 mascaras por origen  primer errno: Invalid argument / Invalid argument
  → los eventos crudos son específicos de AMD Zen; en otra PMU no existen
  → con OMPT_MASCARAS=0 se vuelve al par 0xFF44/0xD044
[OMPT][PERF] tid=423335 SIN eventos NUMA (solo IPC). Este hilo no podrá disparar migraciones.
    modo=6 mascaras por origen  primer errno: Invalid argument / Invalid argument
  → los eventos crudos son específicos de AMD Zen; en otra PMU no existen
  → con OMPT_MASCARAS=0 se vuelve al par 0xFF44/0xD044
[OMPT][PERF] tid=423340 SIN eventos NUMA (solo IPC). Este hilo no podrá disparar migraciones.
    modo=6 mascaras por origen  primer errno: Invalid argument / Invalid argument
  → los eventos crudos son específicos de AMD Zen; en otra PMU no existen
  → con OMPT_MASCARAS=0 se vuelve al par 0xFF44/0xD044
[OMPT][PERF] tid=423347 SIN eventos NUMA (solo IPC). Este hilo no podrá disparar migraciones.
    modo=6 mascaras por origen  primer errno: Invalid argument / Invalid argument
  → los eventos crudos son específicos de AMD Zen; en otra PMU no existen
  → con OMPT_MASCARAS=0 se vuelve al par 0xFF44/0xD044
[OMPT][PERF] tid=423322 SIN eventos NUMA (solo IPC). Este hilo no podrá disparar migraciones.
    modo=6 mascaras por origen  primer errno: Invalid argument / Invalid argument
  → los eventos crudos son específicos de AMD Zen; en otra PMU no existen
  → con OMPT_MASCARAS=0 se vuelve al par 0xFF44/0xD044
[OMPT][PERF] tid=423345 SIN eventos NUMA (solo IPC). Este hilo no podrá disparar migraciones.
    modo=6 mascaras por origen  primer errno: Invalid argument / Invalid argument
  → los eventos crudos son específicos de AMD Zen; en otra PMU no existen
  → con OMPT_MASCARAS=0 se vuelve al par 0xFF44/0xD044
[OMPT][PERF] tid=423351 SIN eventos NUMA (solo IPC). Este hilo no podrá disparar migraciones.
    modo=6 mascaras por origen  primer errno: Invalid argument / Invalid argument
  → los eventos crudos son específicos de AMD Zen; en otra PMU no existen
  → con OMPT_MASCARAS=0 se vuelve al par 0xFF44/0xD044
[OMPT][PERF] tid=423328 SIN eventos NUMA (solo IPC). Este hilo no podrá disparar migraciones.
    modo=6 mascaras por origen  primer errno: Invalid argument / Invalid argument
  → los eventos crudos son específicos de AMD Zen; en otra PMU no existen
  → con OMPT_MASCARAS=0 se vuelve al par 0xFF44/0xD044
[OMPT][PERF] tid=423354 SIN eventos NUMA (solo IPC). Este hilo no podrá disparar migraciones.
    modo=6 mascaras por origen  primer errno: Invalid argument / Invalid argument
  → los eventos crudos son específicos de AMD Zen; en otra PMU no existen
  → con OMPT_MASCARAS=0 se vuelve al par 0xFF44/0xD044
[OMPT][PERF] tid=423348 SIN eventos NUMA (solo IPC). Este hilo no podrá disparar migraciones.
    modo=6 mascaras por origen  primer errno: Invalid argument / Invalid argument
  → los eventos crudos son específicos de AMD Zen; en otra PMU no existen
  → con OMPT_MASCARAS=0 se vuelve al par 0xFF44/0xD044
[OMPT][PERF] tid=423329 SIN eventos NUMA (solo IPC). Este hilo no podrá disparar migraciones.
    modo=6 mascaras por origen  primer errno: Invalid argument / Invalid argument
  → los eventos crudos son específicos de AMD Zen; en otra PMU no existen
  → con OMPT_MASCARAS=0 se vuelve al par 0xFF44/0xD044
[OMPT][PERF] tid=423330 SIN eventos NUMA (solo IPC). Este hilo no podrá disparar migraciones.
    modo=6 mascaras por origen  primer errno: Invalid argument / Invalid argument
  → los eventos crudos son específicos de AMD Zen; en otra PMU no existen
  → con OMPT_MASCARAS=0 se vuelve al par 0xFF44/0xD044
[OMPT][PERF] tid=423343 SIN eventos NUMA (solo IPC). Este hilo no podrá disparar migraciones.
    modo=6 mascaras por origen  primer errno: Invalid argument / Invalid argument
  → los eventos crudos son específicos de AMD Zen; en otra PMU no existen
  → con OMPT_MASCARAS=0 se vuelve al par 0xFF44/0xD044
[OMPT][PERF] tid=423331 SIN eventos NUMA (solo IPC). Este hilo no podrá disparar migraciones.
    modo=6 mascaras por origen  primer errno: Invalid argument / Invalid argument
  → los eventos crudos son específicos de AMD Zen; en otra PMU no existen
  → con OMPT_MASCARAS=0 se vuelve al par 0xFF44/0xD044
[OMPT][PERF] tid=423356 SIN eventos NUMA (solo IPC). Este hilo no podrá disparar migraciones.
    modo=6 mascaras por origen  primer errno: Invalid argument / Invalid argument
  → los eventos crudos son específicos de AMD Zen; en otra PMU no existen
  → con OMPT_MASCARAS=0 se vuelve al par 0xFF44/0xD044
[OMPT][PERF] tid=423339 SIN eventos NUMA (solo IPC). Este hilo no podrá disparar migraciones.
    modo=6 mascaras por origen  primer errno: Invalid argument / Invalid argument
  → los eventos crudos son específicos de AMD Zen; en otra PMU no existen
  → con OMPT_MASCARAS=0 se vuelve al par 0xFF44/0xD044
[OMPT][PERF] tid=423337 SIN eventos NUMA (solo IPC). Este hilo no podrá disparar migraciones.
    modo=6 mascaras por origen  primer errno: Invalid argument / Invalid argument
  → los eventos crudos son específicos de AMD Zen; en otra PMU no existen
  → con OMPT_MASCARAS=0 se vuelve al par 0xFF44/0xD044
[OMPT][PERF] tid=423357 SIN eventos NUMA (solo IPC). Este hilo no podrá disparar migraciones.
    modo=6 mascaras por origen  primer errno: Invalid argument / Invalid argument
  → los eventos crudos son específicos de AMD Zen; en otra PMU no existen
  → con OMPT_MASCARAS=0 se vuelve al par 0xFF44/0xD044
[OMPT][PERF] tid=423352 SIN eventos NUMA (solo IPC). Este hilo no podrá disparar migraciones.
    modo=6 mascaras por origen  primer errno: Invalid argument / Invalid argument
  → los eventos crudos son específicos de AMD Zen; en otra PMU no existen
  → con OMPT_MASCARAS=0 se vuelve al par 0xFF44/0xD044
[OMPT][PERF] tid=423361 SIN eventos NUMA (solo IPC). Este hilo no podrá disparar migraciones.
    modo=6 mascaras por origen  primer errno: Invalid argument / Invalid argument
  → los eventos crudos son específicos de AMD Zen; en otra PMU no existen
  → con OMPT_MASCARAS=0 se vuelve al par 0xFF44/0xD044
[OMPT][PERF] tid=423355 SIN eventos NUMA (solo IPC). Este hilo no podrá disparar migraciones.
    modo=6 mascaras por origen  primer errno: Invalid argument / Invalid argument
  → los eventos crudos son específicos de AMD Zen; en otra PMU no existen
  → con OMPT_MASCARAS=0 se vuelve al par 0xFF44/0xD044
[OMPT][PERF] tid=423364 SIN eventos NUMA (solo IPC). Este hilo no podrá disparar migraciones.
    modo=6 mascaras por origen  primer errno: Invalid argument / Invalid argument
  → los eventos crudos son específicos de AMD Zen; en otra PMU no existen
  → con OMPT_MASCARAS=0 se vuelve al par 0xFF44/0xD044
[OMPT][PERF] tid=423367 SIN eventos NUMA (solo IPC). Este hilo no podrá disparar migraciones.
    modo=6 mascaras por origen  primer errno: Invalid argument / Invalid argument
  → los eventos crudos son específicos de AMD Zen; en otra PMU no existen
  → con OMPT_MASCARAS=0 se vuelve al par 0xFF44/0xD044
[OMPT][PERF] tid=423373 SIN eventos NUMA (solo IPC). Este hilo no podrá disparar migraciones.
    modo=6 mascaras por origen  primer errno: Invalid argument / Invalid argument
  → los eventos crudos son específicos de AMD Zen; en otra PMU no existen
  → con OMPT_MASCARAS=0 se vuelve al par 0xFF44/0xD044
[OMPT][PERF] tid=423342 SIN eventos NUMA (solo IPC). Este hilo no podrá disparar migraciones.
    modo=6 mascaras por origen  primer errno: Invalid argument / Invalid argument
  → los eventos crudos son específicos de AMD Zen; en otra PMU no existen
  → con OMPT_MASCARAS=0 se vuelve al par 0xFF44/0xD044
[OMPT][PERF] tid=423363 SIN eventos NUMA (solo IPC). Este hilo no podrá disparar migraciones.
    modo=6 mascaras por origen  primer errno: Invalid argument / Invalid argument
  → los eventos crudos son específicos de AMD Zen; en otra PMU no existen
  → con OMPT_MASCARAS=0 se vuelve al par 0xFF44/0xD044
[OMPT][PERF] tid=423375 SIN eventos NUMA (solo IPC). Este hilo no podrá disparar migraciones.
    modo=6 mascaras por origen  primer errno: Invalid argument / Invalid argument
  → los eventos crudos son específicos de AMD Zen; en otra PMU no existen
  → con OMPT_MASCARAS=0 se vuelve al par 0xFF44/0xD044
[OMPT][PERF] tid=423366 SIN eventos NUMA (solo IPC). Este hilo no podrá disparar migraciones.
    modo=6 mascaras por origen  primer errno: Invalid argument / Invalid argument
  → los eventos crudos son específicos de AMD Zen; en otra PMU no existen
  → con OMPT_MASCARAS=0 se vuelve al par 0xFF44/0xD044
[OMPT][PERF] tid=423369 SIN eventos NUMA (solo IPC). Este hilo no podrá disparar migraciones.
    modo=6 mascaras por origen  primer errno: Invalid argument / Invalid argument
  → los eventos crudos son específicos de AMD Zen; en otra PMU no existen
  → con OMPT_MASCARAS=0 se vuelve al par 0xFF44/0xD044
[OMPT][PERF] tid=423344 SIN eventos NUMA (solo IPC). Este hilo no podrá disparar migraciones.
    modo=6 mascaras por origen  primer errno: Invalid argument / Invalid argument
  → los eventos crudos son específicos de AMD Zen; en otra PMU no existen
  → con OMPT_MASCARAS=0 se vuelve al par 0xFF44/0xD044
[OMPT][PERF] tid=423376 SIN eventos NUMA (solo IPC). Este hilo no podrá disparar migraciones.
    modo=6 mascaras por origen  primer errno: Invalid argument / Invalid argument
  → los eventos crudos son específicos de AMD Zen; en otra PMU no existen
  → con OMPT_MASCARAS=0 se vuelve al par 0xFF44/0xD044
[OMPT][PERF] tid=423362 SIN eventos NUMA (solo IPC). Este hilo no podrá disparar migraciones.
    modo=6 mascaras por origen  primer errno: Invalid argument / Invalid argument
  → los eventos crudos son específicos de AMD Zen; en otra PMU no existen
  → con OMPT_MASCARAS=0 se vuelve al par 0xFF44/0xD044
[OMPT][PERF] tid=423380 SIN eventos NUMA (solo IPC). Este hilo no podrá disparar migraciones.
    modo=6 mascaras por origen  primer errno: Invalid argument / Invalid argument
  → los eventos crudos son específicos de AMD Zen; en otra PMU no existen
  → con OMPT_MASCARAS=0 se vuelve al par 0xFF44/0xD044
[OMPT][PERF] tid=423372 SIN eventos NUMA (solo IPC). Este hilo no podrá disparar migraciones.
    modo=6 mascaras por origen  primer errno: Invalid argument / Invalid argument
  → los eventos crudos son específicos de AMD Zen; en otra PMU no existen
  → con OMPT_MASCARAS=0 se vuelve al par 0xFF44/0xD044
[OMPT][PERF] tid=423381 SIN eventos NUMA (solo IPC). Este hilo no podrá disparar migraciones.
    modo=6 mascaras por origen  primer errno: Invalid argument / Invalid argument
  → los eventos crudos son específicos de AMD Zen; en otra PMU no existen
  → con OMPT_MASCARAS=0 se vuelve al par 0xFF44/0xD044
[OMPT][PERF] tid=423350 SIN eventos NUMA (solo IPC). Este hilo no podrá disparar migraciones.
    modo=6 mascaras por origen  primer errno: Invalid argument / Invalid argument
  → los eventos crudos son específicos de AMD Zen; en otra PMU no existen
  → con OMPT_MASCARAS=0 se vuelve al par 0xFF44/0xD044
[OMPT][PERF] tid=423346 SIN eventos NUMA (solo IPC). Este hilo no podrá disparar migraciones.
    modo=6 mascaras por origen  primer errno: Invalid argument / Invalid argument
  → los eventos crudos son específicos de AMD Zen; en otra PMU no existen
  → con OMPT_MASCARAS=0 se vuelve al par 0xFF44/0xD044
[OMPT][PERF] tid=423391 SIN eventos NUMA (solo IPC). Este hilo no podrá disparar migraciones.
    modo=6 mascaras por origen  primer errno: Invalid argument / Invalid argument
  → los eventos crudos son específicos de AMD Zen; en otra PMU no existen
  → con OMPT_MASCARAS=0 se vuelve al par 0xFF44/0xD044
[OMPT][PERF] tid=423384 SIN eventos NUMA (solo IPC). Este hilo no podrá disparar migraciones.
    modo=6 mascaras por origen  primer errno: Invalid argument / Invalid argument
  → los eventos crudos son específicos de AMD Zen; en otra PMU no existen
  → con OMPT_MASCARAS=0 se vuelve al par 0xFF44/0xD044
[OMPT][PERF] tid=423393 SIN eventos NUMA (solo IPC). Este hilo no podrá disparar migraciones.
    modo=6 mascaras por origen  primer errno: Invalid argument / Invalid argument
  → los eventos crudos son específicos de AMD Zen; en otra PMU no existen
  → con OMPT_MASCARAS=0 se vuelve al par 0xFF44/0xD044
[OMPT][PERF] tid=423390 SIN eventos NUMA (solo IPC). Este hilo no podrá disparar migraciones.
    modo=6 mascaras por origen  primer errno: Invalid argument / Invalid argument
  → los eventos crudos son específicos de AMD Zen; en otra PMU no existen
  → con OMPT_MASCARAS=0 se vuelve al par 0xFF44/0xD044
[OMPT][PERF] tid=423389 SIN eventos NUMA (solo IPC). Este hilo no podrá disparar migraciones.
    modo=6 mascaras por origen  primer errno: Invalid argument / Invalid argument
  → los eventos crudos son específicos de AMD Zen; en otra PMU no existen
  → con OMPT_MASCARAS=0 se vuelve al par 0xFF44/0xD044
[OMPT][PERF] tid=423392 SIN eventos NUMA (solo IPC). Este hilo no podrá disparar migraciones.
    modo=6 mascaras por origen  primer errno: Invalid argument / Invalid argument
  → los eventos crudos son específicos de AMD Zen; en otra PMU no existen
  → con OMPT_MASCARAS=0 se vuelve al par 0xFF44/0xD044
[OMPT][PERF] tid=423396 SIN eventos NUMA (solo IPC). Este hilo no podrá disparar migraciones.
    modo=6 mascaras por origen  primer errno: Invalid argument / Invalid argument
  → los eventos crudos son específicos de AMD Zen; en otra PMU no existen
  → con OMPT_MASCARAS=0 se vuelve al par 0xFF44/0xD044
[OMPT][PERF] tid=423397 SIN eventos NUMA (solo IPC). Este hilo no podrá disparar migraciones.
    modo=6 mascaras por origen  primer errno: Invalid argument / Invalid argument
  → los eventos crudos son específicos de AMD Zen; en otra PMU no existen
  → con OMPT_MASCARAS=0 se vuelve al par 0xFF44/0xD044
[OMPT][PERF] tid=423377 SIN eventos NUMA (solo IPC). Este hilo no podrá disparar migraciones.
    modo=6 mascaras por origen  primer errno: Invalid argument / Invalid argument
  → los eventos crudos son específicos de AMD Zen; en otra PMU no existen
  → con OMPT_MASCARAS=0 se vuelve al par 0xFF44/0xD044
[OMPT][PERF] tid=423394 SIN eventos NUMA (solo IPC). Este hilo no podrá disparar migraciones.
    modo=6 mascaras por origen  primer errno: Invalid argument / Invalid argument
  → los eventos crudos son específicos de AMD Zen; en otra PMU no existen
  → con OMPT_MASCARAS=0 se vuelve al par 0xFF44/0xD044
[OMPT][PERF] tid=423401 SIN eventos NUMA (solo IPC). Este hilo no podrá disparar migraciones.
    modo=6 mascaras por origen  primer errno: Invalid argument / Invalid argument
  → los eventos crudos son específicos de AMD Zen; en otra PMU no existen
  → con OMPT_MASCARAS=0 se vuelve al par 0xFF44/0xD044
[OMPT][PERF] tid=423388 SIN eventos NUMA (solo IPC). Este hilo no podrá disparar migraciones.
    modo=6 mascaras por origen  primer errno: Invalid argument / Invalid argument
  → los eventos crudos son específicos de AMD Zen; en otra PMU no existen
  → con OMPT_MASCARAS=0 se vuelve al par 0xFF44/0xD044
[OMPT][PERF] tid=423368 SIN eventos NUMA (solo IPC). Este hilo no podrá disparar migraciones.
    modo=6 mascaras por origen  primer errno: Invalid argument / Invalid argument
  → los eventos crudos son específicos de AMD Zen; en otra PMU no existen
  → con OMPT_MASCARAS=0 se vuelve al par 0xFF44/0xD044
[OMPT][PERF] tid=423403 SIN eventos NUMA (solo IPC). Este hilo no podrá disparar migraciones.
    modo=6 mascaras por origen  primer errno: Invalid argument / Invalid argument
  → los eventos crudos son específicos de AMD Zen; en otra PMU no existen
  → con OMPT_MASCARAS=0 se vuelve al par 0xFF44/0xD044
[OMPT][PERF] tid=423404 SIN eventos NUMA (solo IPC). Este hilo no podrá disparar migraciones.
    modo=6 mascaras por origen  primer errno: Invalid argument / Invalid argument
  → los eventos crudos son específicos de AMD Zen; en otra PMU no existen
  → con OMPT_MASCARAS=0 se vuelve al par 0xFF44/0xD044
[OMPT][PERF] tid=423378 SIN eventos NUMA (solo IPC). Este hilo no podrá disparar migraciones.
    modo=6 mascaras por origen  primer errno: Invalid argument / Invalid argument
  → los eventos crudos son específicos de AMD Zen; en otra PMU no existen
  → con OMPT_MASCARAS=0 se vuelve al par 0xFF44/0xD044
[OMPT][PERF] tid=423379 SIN eventos NUMA (solo IPC). Este hilo no podrá disparar migraciones.
    modo=6 mascaras por origen  primer errno: Invalid argument / Invalid argument
  → los eventos crudos son específicos de AMD Zen; en otra PMU no existen
  → con OMPT_MASCARAS=0 se vuelve al par 0xFF44/0xD044
[OMPT][PERF] tid=423399 SIN eventos NUMA (solo IPC). Este hilo no podrá disparar migraciones.
    modo=6 mascaras por origen  primer errno: Invalid argument / Invalid argument
  → los eventos crudos son específicos de AMD Zen; en otra PMU no existen
  → con OMPT_MASCARAS=0 se vuelve al par 0xFF44/0xD044
[OMPT][PERF] tid=423398 SIN eventos NUMA (solo IPC). Este hilo no podrá disparar migraciones.
    modo=6 mascaras por origen  primer errno: Invalid argument / Invalid argument
  → los eventos crudos son específicos de AMD Zen; en otra PMU no existen
  → con OMPT_MASCARAS=0 se vuelve al par 0xFF44/0xD044
[OMPT][PERF] tid=423400 SIN eventos NUMA (solo IPC). Este hilo no podrá disparar migraciones.
    modo=6 mascaras por origen  primer errno: Invalid argument / Invalid argument
  → los eventos crudos son específicos de AMD Zen; en otra PMU no existen
  → con OMPT_MASCARAS=0 se vuelve al par 0xFF44/0xD044
[OMPT][PERF] tid=423349 SIN eventos NUMA (solo IPC). Este hilo no podrá disparar migraciones.
    modo=6 mascaras por origen  primer errno: Invalid argument / Invalid argument
  → los eventos crudos son específicos de AMD Zen; en otra PMU no existen
  → con OMPT_MASCARAS=0 se vuelve al par 0xFF44/0xD044
[OMPT][PERF] tid=423358 SIN eventos NUMA (solo IPC). Este hilo no podrá disparar migraciones.
    modo=6 mascaras por origen  primer errno: Invalid argument / Invalid argument
  → los eventos crudos son específicos de AMD Zen; en otra PMU no existen
  → con OMPT_MASCARAS=0 se vuelve al par 0xFF44/0xD044
[OMPT][PERF] tid=423371 SIN eventos NUMA (solo IPC). Este hilo no podrá disparar migraciones.
    modo=6 mascaras por origen  primer errno: Invalid argument / Invalid argument
  → los eventos crudos son específicos de AMD Zen; en otra PMU no existen
  → con OMPT_MASCARAS=0 se vuelve al par 0xFF44/0xD044
[OMPT][PERF] tid=423405 SIN eventos NUMA (solo IPC). Este hilo no podrá disparar migraciones.
    modo=6 mascaras por origen  primer errno: Invalid argument / Invalid argument
  → los eventos crudos son específicos de AMD Zen; en otra PMU no existen
  → con OMPT_MASCARAS=0 se vuelve al par 0xFF44/0xD044
[OMPT][PERF] tid=423386 SIN eventos NUMA (solo IPC). Este hilo no podrá disparar migraciones.
    modo=6 mascaras por origen  primer errno: Invalid argument / Invalid argument
  → los eventos crudos son específicos de AMD Zen; en otra PMU no existen
  → con OMPT_MASCARAS=0 se vuelve al par 0xFF44/0xD044
[OMPT][PERF] tid=423359 SIN eventos NUMA (solo IPC). Este hilo no podrá disparar migraciones.
    modo=6 mascaras por origen  primer errno: Invalid argument / Invalid argument
  → los eventos crudos son específicos de AMD Zen; en otra PMU no existen
  → con OMPT_MASCARAS=0 se vuelve al par 0xFF44/0xD044
[OMPT][PERF] tid=423365 SIN eventos NUMA (solo IPC). Este hilo no podrá disparar migraciones.
    modo=6 mascaras por origen  primer errno: Invalid argument / Invalid argument
  → los eventos crudos son específicos de AMD Zen; en otra PMU no existen
  → con OMPT_MASCARAS=0 se vuelve al par 0xFF44/0xD044
[OMPT][PERF] tid=423298 SIN eventos NUMA (solo IPC). Este hilo no podrá disparar migraciones.
    modo=6 mascaras por origen  primer errno: Invalid argument / Invalid argument
  → los eventos crudos son específicos de AMD Zen; en otra PMU no existen
  → con OMPT_MASCARAS=0 se vuelve al par 0xFF44/0xD044
[OMPT][PERF] tid=423360 SIN eventos NUMA (solo IPC). Este hilo no podrá disparar migraciones.
    modo=6 mascaras por origen  primer errno: Invalid argument / Invalid argument
  → los eventos crudos son específicos de AMD Zen; en otra PMU no existen
  → con OMPT_MASCARAS=0 se vuelve al par 0xFF44/0xD044
[OMPT][PERF] tid=423353 SIN eventos NUMA (solo IPC). Este hilo no podrá disparar migraciones.
    modo=6 mascaras por origen  primer errno: Invalid argument / Invalid argument
  → los eventos crudos son específicos de AMD Zen; en otra PMU no existen
  → con OMPT_MASCARAS=0 se vuelve al par 0xFF44/0xD044
[OMPT][PERF] tid=423370 SIN eventos NUMA (solo IPC). Este hilo no podrá disparar migraciones.
    modo=6 mascaras por origen  primer errno: Invalid argument / Invalid argument
  → los eventos crudos son específicos de AMD Zen; en otra PMU no existen
  → con OMPT_MASCARAS=0 se vuelve al par 0xFF44/0xD044
[OMPT][PERF] tid=423383 SIN eventos NUMA (solo IPC). Este hilo no podrá disparar migraciones.
    modo=6 mascaras por origen  primer errno: Invalid argument / Invalid argument
  → los eventos crudos son específicos de AMD Zen; en otra PMU no existen
  → con OMPT_MASCARAS=0 se vuelve al par 0xFF44/0xD044
[OMPT][PERF] tid=423374 SIN eventos NUMA (solo IPC). Este hilo no podrá disparar migraciones.
    modo=6 mascaras por origen  primer errno: Invalid argument / Invalid argument
  → los eventos crudos son específicos de AMD Zen; en otra PMU no existen
  → con OMPT_MASCARAS=0 se vuelve al par 0xFF44/0xD044
[OMPT][PERF] tid=423395 SIN eventos NUMA (solo IPC). Este hilo no podrá disparar migraciones.
    modo=6 mascaras por origen  primer errno: Invalid argument / Invalid argument
  → los eventos crudos son específicos de AMD Zen; en otra PMU no existen
  → con OMPT_MASCARAS=0 se vuelve al par 0xFF44/0xD044
[OMPT][PERF] tid=423385 SIN eventos NUMA (solo IPC). Este hilo no podrá disparar migraciones.
    modo=6 mascaras por origen  primer errno: Invalid argument / Invalid argument
  → los eventos crudos son específicos de AMD Zen; en otra PMU no existen
  → con OMPT_MASCARAS=0 se vuelve al par 0xFF44/0xD044
[OMPT][PERF] tid=423402 SIN eventos NUMA (solo IPC). Este hilo no podrá disparar migraciones.
    modo=6 mascaras por origen  primer errno: Invalid argument / Invalid argument
  → los eventos crudos son específicos de AMD Zen; en otra PMU no existen
  → con OMPT_MASCARAS=0 se vuelve al par 0xFF44/0xD044
[OMPT][PERF] tid=423387 SIN eventos NUMA (solo IPC). Este hilo no podrá disparar migraciones.
    modo=6 mascaras por origen  primer errno: Invalid argument / Invalid argument
  → los eventos crudos son específicos de AMD Zen; en otra PMU no existen
  → con OMPT_MASCARAS=0 se vuelve al par 0xFF44/0xD044
[OMPT][PERF] tid=423382 SIN eventos NUMA (solo IPC). Este hilo no podrá disparar migraciones.
    modo=6 mascaras por origen  primer errno: Invalid argument / Invalid argument
  → los eventos crudos son específicos de AMD Zen; en otra PMU no existen
  → con OMPT_MASCARAS=0 se vuelve al par 0xFF44/0xD044
[perf_region] tool OMPT detectado: los contadores los lleva el tool, no se abren aqui
[OMPT] control_tool: INICIANDO medicion
[OMPT] control_tool: PAUSANDO medicion
[OMPT] ompt_finalize
[OMPT][MON] Monitor detenido tras 2 ventanas
[OMPT] CSV de ventanas: 0 filas volcadas (0 descartadas)
[OMPT] ===== Tabla final: 128 hilos =====
[OMPT] tid=423277 ompt_id=281474976710657 tipo=ompt_thread_initial    last_cpu=255 numa=1 mig=0 fallos=0 perf=ipc_only ipc=0.500 ratio_rm=-1.0000
[OMPT] tid=423279 ompt_id=562949953421313 tipo=ompt_thread_worker     last_cpu=250 numa=1 mig=0 fallos=0 perf=ipc_only ipc=0.422 ratio_rm=-1.0000
[OMPT] tid=423282 ompt_id=1407374883553281 tipo=ompt_thread_worker     last_cpu=  5 numa=0 mig=0 fallos=0 perf=ipc_only ipc=0.447 ratio_rm=-1.0000
[OMPT] tid=423281 ompt_id=1125899906842625 tipo=ompt_thread_worker     last_cpu=248 numa=1 mig=0 fallos=0 perf=ipc_only ipc=0.462 ratio_rm=-1.0000
[OMPT] tid=423280 ompt_id=844424930131969 tipo=ompt_thread_worker     last_cpu=124 numa=1 mig=0 fallos=0 perf=ipc_only ipc=0.462 ratio_rm=-1.0000
[OMPT] tid=423283 ompt_id=1688849860263937 tipo=ompt_thread_worker     last_cpu=174 numa=0 mig=0 fallos=0 perf=ipc_only ipc=0.424 ratio_rm=-1.0000
[OMPT] tid=423285 ompt_id=2251799813685249 tipo=ompt_thread_worker     last_cpu=126 numa=1 mig=0 fallos=0 perf=ipc_only ipc=0.462 ratio_rm=-1.0000
[OMPT] tid=423286 ompt_id=2533274790395905 tipo=ompt_thread_worker     last_cpu=125 numa=1 mig=0 fallos=0 perf=ipc_only ipc=0.451 ratio_rm=-1.0000
[OMPT] tid=423289 ompt_id=3377699720527873 tipo=ompt_thread_worker     last_cpu= 94 numa=1 mig=0 fallos=0 perf=ipc_only ipc=0.614 ratio_rm=-1.0000
[OMPT] tid=423290 ompt_id=3659174697238529 tipo=ompt_thread_worker     last_cpu=207 numa=1 mig=0 fallos=0 perf=ipc_only ipc=0.497 ratio_rm=-1.0000
[OMPT] tid=423284 ompt_id=1970324836974593 tipo=ompt_thread_worker     last_cpu= 17 numa=0 mig=0 fallos=0 perf=ipc_only ipc=0.500 ratio_rm=-1.0000
[OMPT] tid=423294 ompt_id=4785074604081153 tipo=ompt_thread_worker     last_cpu=  3 numa=0 mig=0 fallos=0 perf=ipc_only ipc=0.461 ratio_rm=-1.0000
[OMPT] tid=423295 ompt_id=5066549580791809 tipo=ompt_thread_worker     last_cpu=123 numa=1 mig=0 fallos=0 perf=ipc_only ipc=0.477 ratio_rm=-1.0000
[OMPT] tid=423297 ompt_id=5629499534213121 tipo=ompt_thread_worker     last_cpu=  1 numa=0 mig=0 fallos=0 perf=ipc_only ipc=0.358 ratio_rm=-1.0000
[OMPT] tid=423288 ompt_id=2814749767106561 tipo=ompt_thread_worker     last_cpu=200 numa=1 mig=0 fallos=0 perf=ipc_only ipc=0.516 ratio_rm=-1.0000
[OMPT] tid=423296 ompt_id=5348024557502465 tipo=ompt_thread_worker     last_cpu= 14 numa=0 mig=0 fallos=0 perf=ipc_only ipc=0.475 ratio_rm=-1.0000
[OMPT] tid=423291 ompt_id=3940649673949185 tipo=ompt_thread_worker     last_cpu=  8 numa=0 mig=0 fallos=0 perf=ipc_only ipc=0.378 ratio_rm=-1.0000
[OMPT] tid=423287 ompt_id=3096224743817217 tipo=ompt_thread_worker     last_cpu=  4 numa=0 mig=0 fallos=0 perf=ipc_only ipc=0.469 ratio_rm=-1.0000
[OMPT] tid=423293 ompt_id=4503599627370497 tipo=ompt_thread_worker     last_cpu= 77 numa=1 mig=0 fallos=0 perf=ipc_only ipc=0.494 ratio_rm=-1.0000
[OMPT] tid=423304 ompt_id=7599824371187713 tipo=ompt_thread_worker     last_cpu=104 numa=1 mig=0 fallos=0 perf=ipc_only ipc=0.514 ratio_rm=-1.0000
[OMPT] tid=423299 ompt_id=6192449487634433 tipo=ompt_thread_worker     last_cpu= 34 numa=0 mig=0 fallos=0 perf=ipc_only ipc=0.524 ratio_rm=-1.0000
[OMPT] tid=423308 ompt_id=8725724278030337 tipo=ompt_thread_worker     last_cpu=251 numa=1 mig=0 fallos=0 perf=ipc_only ipc=0.545 ratio_rm=-1.0000
[OMPT] tid=423309 ompt_id=9007199254740993 tipo=ompt_thread_worker     last_cpu=206 numa=1 mig=0 fallos=0 perf=ipc_only ipc=0.539 ratio_rm=-1.0000
[OMPT] tid=423303 ompt_id=7318349394477057 tipo=ompt_thread_worker     last_cpu= 56 numa=0 mig=0 fallos=0 perf=ipc_only ipc=0.585 ratio_rm=-1.0000
[OMPT] tid=423310 ompt_id=9288674231451649 tipo=ompt_thread_worker     last_cpu=128 numa=0 mig=0 fallos=0 perf=ipc_only ipc=0.365 ratio_rm=-1.0000
[OMPT] tid=423300 ompt_id=6473924464345089 tipo=ompt_thread_worker     last_cpu= 33 numa=0 mig=0 fallos=0 perf=ipc_only ipc=0.523 ratio_rm=-1.0000
[OMPT] tid=423301 ompt_id=6755399441055745 tipo=ompt_thread_worker     last_cpu= 32 numa=0 mig=0 fallos=0 perf=ipc_only ipc=0.501 ratio_rm=-1.0000
[OMPT] tid=423313 ompt_id=10133099161583617 tipo=ompt_thread_worker     last_cpu=  0 numa=0 mig=0 fallos=0 perf=ipc_only ipc=0.369 ratio_rm=-1.0000
[OMPT] tid=423305 ompt_id=7881299347898369 tipo=ompt_thread_worker     last_cpu=  9 numa=0 mig=0 fallos=0 perf=ipc_only ipc=0.361 ratio_rm=-1.0000
[OMPT] tid=423314 ompt_id=10414574138294273 tipo=ompt_thread_worker     last_cpu=231 numa=1 mig=0 fallos=0 perf=ipc_only ipc=0.621 ratio_rm=-1.0000
[OMPT] tid=423317 ompt_id=11258999068426241 tipo=ompt_thread_worker     last_cpu= 96 numa=1 mig=0 fallos=0 perf=ipc_only ipc=0.625 ratio_rm=-1.0000
[OMPT] tid=423306 ompt_id=8162774324609025 tipo=ompt_thread_worker     last_cpu=123 numa=1 mig=0 fallos=0 perf=ipc_only ipc=0.277 ratio_rm=-1.0000
[OMPT] tid=423292 ompt_id=4222124650659841 tipo=ompt_thread_worker     last_cpu= 24 numa=0 mig=0 fallos=0 perf=ipc_only ipc=0.508 ratio_rm=-1.0000
[OMPT] tid=423319 ompt_id=11821949021847553 tipo=ompt_thread_worker     last_cpu=107 numa=1 mig=0 fallos=0 perf=ipc_only ipc=0.530 ratio_rm=-1.0000
[OMPT] tid=423312 ompt_id=9851624184872961 tipo=ompt_thread_worker     last_cpu=122 numa=1 mig=0 fallos=0 perf=ipc_only ipc=0.451 ratio_rm=-1.0000
[OMPT] tid=423320 ompt_id=12103423998558209 tipo=ompt_thread_worker     last_cpu= 97 numa=1 mig=0 fallos=0 perf=ipc_only ipc=0.640 ratio_rm=-1.0000
[OMPT] tid=423321 ompt_id=12384898975268865 tipo=ompt_thread_worker     last_cpu=254 numa=1 mig=0 fallos=0 perf=ipc_only ipc=0.561 ratio_rm=-1.0000
[OMPT] tid=423323 ompt_id=12947848928690177 tipo=ompt_thread_worker     last_cpu= 16 numa=0 mig=0 fallos=0 perf=ipc_only ipc=0.475 ratio_rm=-1.0000
[OMPT] tid=423307 ompt_id=8444249301319681 tipo=ompt_thread_worker     last_cpu= 48 numa=0 mig=0 fallos=0 perf=ipc_only ipc=0.376 ratio_rm=-1.0000
[OMPT] tid=423311 ompt_id=9570149208162305 tipo=ompt_thread_worker     last_cpu=183 numa=0 mig=0 fallos=0 perf=ipc_only ipc=0.346 ratio_rm=-1.0000
[OMPT] tid=423327 ompt_id=14073748835532801 tipo=ompt_thread_worker     last_cpu= 13 numa=0 mig=0 fallos=0 perf=ipc_only ipc=0.469 ratio_rm=-1.0000
[OMPT] tid=423326 ompt_id=13792273858822145 tipo=ompt_thread_worker     last_cpu=121 numa=1 mig=0 fallos=0 perf=ipc_only ipc=0.439 ratio_rm=-1.0000
[OMPT] tid=423316 ompt_id=10977524091715585 tipo=ompt_thread_worker     last_cpu= 80 numa=1 mig=0 fallos=0 perf=ipc_only ipc=0.514 ratio_rm=-1.0000
[OMPT] tid=423318 ompt_id=11540474045136897 tipo=ompt_thread_worker     last_cpu=126 numa=1 mig=0 fallos=0 perf=ipc_only ipc=0.235 ratio_rm=-1.0000
[OMPT] tid=423333 ompt_id=15762598695796737 tipo=ompt_thread_worker     last_cpu= 25 numa=0 mig=0 fallos=0 perf=ipc_only ipc=0.528 ratio_rm=-1.0000
[OMPT] tid=423324 ompt_id=13229323905400833 tipo=ompt_thread_worker     last_cpu=106 numa=1 mig=0 fallos=0 perf=ipc_only ipc=0.537 ratio_rm=-1.0000
[OMPT] tid=423325 ompt_id=13510798882111489 tipo=ompt_thread_worker     last_cpu=105 numa=1 mig=0 fallos=0 perf=ipc_only ipc=0.536 ratio_rm=-1.0000
[OMPT] tid=423332 ompt_id=15481123719086081 tipo=ompt_thread_worker     last_cpu= 26 numa=0 mig=0 fallos=0 perf=ipc_only ipc=0.528 ratio_rm=-1.0000
[OMPT] tid=423302 ompt_id=7036874417766401 tipo=ompt_thread_worker     last_cpu=239 numa=1 mig=0 fallos=0 perf=ipc_only ipc=0.498 ratio_rm=-1.0000
[OMPT] tid=423338 ompt_id=17169973579350017 tipo=ompt_thread_worker     last_cpu= 19 numa=0 mig=0 fallos=0 perf=ipc_only ipc=0.476 ratio_rm=-1.0000
[OMPT] tid=423341 ompt_id=18014398509481985 tipo=ompt_thread_worker     last_cpu= 20 numa=0 mig=0 fallos=0 perf=ipc_only ipc=0.405 ratio_rm=-1.0000
[OMPT] tid=423315 ompt_id=10696049115004929 tipo=ompt_thread_worker     last_cpu= 73 numa=1 mig=0 fallos=0 perf=ipc_only ipc=0.529 ratio_rm=-1.0000
[OMPT] tid=423334 ompt_id=16044073672507393 tipo=ompt_thread_worker     last_cpu= 15 numa=0 mig=0 fallos=0 perf=ipc_only ipc=0.372 ratio_rm=-1.0000
[OMPT] tid=423336 ompt_id=16607023625928705 tipo=ompt_thread_worker     last_cpu=137 numa=0 mig=0 fallos=0 perf=ipc_only ipc=0.371 ratio_rm=-1.0000
[OMPT] tid=423335 ompt_id=16325548649218049 tipo=ompt_thread_worker     last_cpu=138 numa=0 mig=0 fallos=0 perf=ipc_only ipc=0.370 ratio_rm=-1.0000
[OMPT] tid=423340 ompt_id=17732923532771329 tipo=ompt_thread_worker     last_cpu= 21 numa=0 mig=0 fallos=0 perf=ipc_only ipc=0.513 ratio_rm=-1.0000
[OMPT] tid=423347 ompt_id=19703248369745921 tipo=ompt_thread_worker     last_cpu= 42 numa=0 mig=0 fallos=0 perf=ipc_only ipc=0.482 ratio_rm=-1.0000
[OMPT] tid=423322 ompt_id=12666373951979521 tipo=ompt_thread_worker     last_cpu=238 numa=1 mig=0 fallos=0 perf=ipc_only ipc=0.500 ratio_rm=-1.0000
[OMPT] tid=423345 ompt_id=19140298416324609 tipo=ompt_thread_worker     last_cpu=247 numa=1 mig=0 fallos=0 perf=ipc_only ipc=0.605 ratio_rm=-1.0000
[OMPT] tid=423351 ompt_id=20829148276588545 tipo=ompt_thread_worker     last_cpu=253 numa=1 mig=0 fallos=0 perf=ipc_only ipc=0.410 ratio_rm=-1.0000
[OMPT] tid=423328 ompt_id=14355223812243457 tipo=ompt_thread_worker     last_cpu= 70 numa=1 mig=0 fallos=0 perf=ipc_only ipc=0.625 ratio_rm=-1.0000
[OMPT] tid=423354 ompt_id=21673573206720513 tipo=ompt_thread_worker     last_cpu= 18 numa=0 mig=0 fallos=0 perf=ipc_only ipc=0.521 ratio_rm=-1.0000
[OMPT] tid=423348 ompt_id=19984723346456577 tipo=ompt_thread_worker     last_cpu= 41 numa=0 mig=0 fallos=0 perf=ipc_only ipc=0.492 ratio_rm=-1.0000
[OMPT] tid=423329 ompt_id=14636698788954113 tipo=ompt_thread_worker     last_cpu= 11 numa=0 mig=0 fallos=0 perf=ipc_only ipc=0.503 ratio_rm=-1.0000
[OMPT] tid=423330 ompt_id=14918173765664769 tipo=ompt_thread_worker     last_cpu=159 numa=0 mig=0 fallos=0 perf=ipc_only ipc=0.493 ratio_rm=-1.0000
[OMPT] tid=423343 ompt_id=18577348462903297 tipo=ompt_thread_worker     last_cpu=  2 numa=0 mig=0 fallos=0 perf=ipc_only ipc=0.500 ratio_rm=-1.0000
[OMPT] tid=423331 ompt_id=15199648742375425 tipo=ompt_thread_worker     last_cpu= 49 numa=0 mig=0 fallos=0 perf=ipc_only ipc=0.332 ratio_rm=-1.0000
[OMPT] tid=423356 ompt_id=22236523160141825 tipo=ompt_thread_worker     last_cpu= 45 numa=0 mig=0 fallos=0 perf=ipc_only ipc=0.340 ratio_rm=-1.0000
[OMPT] tid=423339 ompt_id=17451448556060673 tipo=ompt_thread_worker     last_cpu=148 numa=0 mig=0 fallos=0 perf=ipc_only ipc=0.384 ratio_rm=-1.0000
[OMPT] tid=423337 ompt_id=16888498602639361 tipo=ompt_thread_worker     last_cpu=136 numa=0 mig=0 fallos=0 perf=ipc_only ipc=0.374 ratio_rm=-1.0000
[OMPT] tid=423357 ompt_id=22517998136852481 tipo=ompt_thread_worker     last_cpu=215 numa=1 mig=0 fallos=0 perf=ipc_only ipc=0.399 ratio_rm=-1.0000
[OMPT] tid=423352 ompt_id=21110623253299201 tipo=ompt_thread_worker     last_cpu=125 numa=1 mig=0 fallos=0 perf=ipc_only ipc=0.365 ratio_rm=-1.0000
[OMPT] tid=423361 ompt_id=23643898043695105 tipo=ompt_thread_worker     last_cpu= 83 numa=1 mig=0 fallos=0 perf=ipc_only ipc=0.394 ratio_rm=-1.0000
[OMPT] tid=423355 ompt_id=21955048183431169 tipo=ompt_thread_worker     last_cpu=127 numa=1 mig=0 fallos=0 perf=ipc_only ipc=0.489 ratio_rm=-1.0000
[OMPT] tid=423364 ompt_id=24488322973827073 tipo=ompt_thread_worker     last_cpu=211 numa=1 mig=0 fallos=0 perf=ipc_only ipc=0.398 ratio_rm=-1.0000
[OMPT] tid=423367 ompt_id=25332747903959041 tipo=ompt_thread_worker     last_cpu= 86 numa=1 mig=0 fallos=0 perf=ipc_only ipc=0.409 ratio_rm=-1.0000
[OMPT] tid=423373 ompt_id=27021597764222977 tipo=ompt_thread_worker     last_cpu=108 numa=1 mig=0 fallos=0 perf=ipc_only ipc=0.527 ratio_rm=-1.0000
[OMPT] tid=423342 ompt_id=18295873486192641 tipo=ompt_thread_worker     last_cpu= 12 numa=0 mig=0 fallos=0 perf=ipc_only ipc=0.523 ratio_rm=-1.0000
[OMPT] tid=423363 ompt_id=24206847997116417 tipo=ompt_thread_worker     last_cpu= 87 numa=1 mig=0 fallos=0 perf=ipc_only ipc=0.395 ratio_rm=-1.0000
[OMPT] tid=423375 ompt_id=27584547717644289 tipo=ompt_thread_worker     last_cpu=158 numa=0 mig=0 fallos=0 perf=ipc_only ipc=0.494 ratio_rm=-1.0000
[OMPT] tid=423366 ompt_id=25051272927248385 tipo=ompt_thread_worker     last_cpu= 81 numa=1 mig=0 fallos=0 perf=ipc_only ipc=0.518 ratio_rm=-1.0000
[OMPT] tid=423369 ompt_id=25895697857380353 tipo=ompt_thread_worker     last_cpu= 84 numa=1 mig=0 fallos=0 perf=ipc_only ipc=0.499 ratio_rm=-1.0000
[OMPT] tid=423344 ompt_id=18858823439613953 tipo=ompt_thread_worker     last_cpu=120 numa=1 mig=0 fallos=0 perf=ipc_only ipc=0.442 ratio_rm=-1.0000
[OMPT] tid=423376 ompt_id=27866022694354945 tipo=ompt_thread_worker     last_cpu=179 numa=0 mig=0 fallos=0 perf=ipc_only ipc=0.336 ratio_rm=-1.0000
[OMPT] tid=423362 ompt_id=23925373020405761 tipo=ompt_thread_worker     last_cpu= 82 numa=1 mig=0 fallos=0 perf=ipc_only ipc=0.523 ratio_rm=-1.0000
[OMPT] tid=423380 ompt_id=28991922601197569 tipo=ompt_thread_worker     last_cpu=176 numa=0 mig=0 fallos=0 perf=ipc_only ipc=0.350 ratio_rm=-1.0000
[OMPT] tid=423372 ompt_id=26740122787512321 tipo=ompt_thread_worker     last_cpu=113 numa=1 mig=0 fallos=0 perf=ipc_only ipc=0.610 ratio_rm=-1.0000
[OMPT] tid=423381 ompt_id=29273397577908225 tipo=ompt_thread_worker     last_cpu= 55 numa=0 mig=0 fallos=0 perf=ipc_only ipc=0.346 ratio_rm=-1.0000
[OMPT] tid=423350 ompt_id=20547673299877889 tipo=ompt_thread_worker     last_cpu= 10 numa=0 mig=0 fallos=0 perf=ipc_only ipc=0.366 ratio_rm=-1.0000
[OMPT] tid=423346 ompt_id=19421773393035265 tipo=ompt_thread_worker     last_cpu=172 numa=0 mig=0 fallos=0 perf=ipc_only ipc=0.423 ratio_rm=-1.0000
[OMPT] tid=423391 ompt_id=32088147345014785 tipo=ompt_thread_worker     last_cpu=249 numa=1 mig=0 fallos=0 perf=ipc_only ipc=0.451 ratio_rm=-1.0000
[OMPT] tid=423384 ompt_id=30117822508040193 tipo=ompt_thread_worker     last_cpu= 64 numa=1 mig=0 fallos=0 perf=ipc_only ipc=0.579 ratio_rm=-1.0000
[OMPT] tid=423393 ompt_id=32651097298436097 tipo=ompt_thread_worker     last_cpu=  6 numa=0 mig=0 fallos=0 perf=ipc_only ipc=0.453 ratio_rm=-1.0000
[OMPT] tid=423390 ompt_id=31806672368304129 tipo=ompt_thread_worker     last_cpu=129 numa=0 mig=0 fallos=0 perf=ipc_only ipc=0.371 ratio_rm=-1.0000
[OMPT] tid=423389 ompt_id=31525197391593473 tipo=ompt_thread_worker     last_cpu= 54 numa=0 mig=0 fallos=0 perf=ipc_only ipc=0.329 ratio_rm=-1.0000
[OMPT] tid=423392 ompt_id=32369622321725441 tipo=ompt_thread_worker     last_cpu=112 numa=1 mig=0 fallos=0 perf=ipc_only ipc=0.612 ratio_rm=-1.0000
[OMPT] tid=423396 ompt_id=33495522228568065 tipo=ompt_thread_worker     last_cpu=  7 numa=0 mig=0 fallos=0 perf=ipc_only ipc=0.455 ratio_rm=-1.0000
[OMPT] tid=423397 ompt_id=33776997205278721 tipo=ompt_thread_worker     last_cpu=175 numa=0 mig=0 fallos=0 perf=ipc_only ipc=0.423 ratio_rm=-1.0000
[OMPT] tid=423377 ompt_id=28147497671065601 tipo=ompt_thread_worker     last_cpu= 53 numa=0 mig=0 fallos=0 perf=ipc_only ipc=0.422 ratio_rm=-1.0000
[OMPT] tid=423394 ompt_id=32932572275146753 tipo=ompt_thread_worker     last_cpu=173 numa=0 mig=0 fallos=0 perf=ipc_only ipc=0.345 ratio_rm=-1.0000
[OMPT] tid=423401 ompt_id=34902897112121345 tipo=ompt_thread_worker     last_cpu= 74 numa=1 mig=0 fallos=0 perf=ipc_only ipc=0.540 ratio_rm=-1.0000
[OMPT] tid=423388 ompt_id=31243722414882817 tipo=ompt_thread_worker     last_cpu=230 numa=1 mig=0 fallos=0 perf=ipc_only ipc=0.622 ratio_rm=-1.0000
[OMPT] tid=423368 ompt_id=25614222880669697 tipo=ompt_thread_worker     last_cpu= 85 numa=1 mig=0 fallos=0 perf=ipc_only ipc=0.473 ratio_rm=-1.0000
[OMPT] tid=423403 ompt_id=35465847065542657 tipo=ompt_thread_worker     last_cpu=109 numa=1 mig=0 fallos=0 perf=ipc_only ipc=0.520 ratio_rm=-1.0000
[OMPT] tid=423404 ompt_id=35747322042253313 tipo=ompt_thread_worker     last_cpu=252 numa=1 mig=0 fallos=0 perf=ipc_only ipc=0.574 ratio_rm=-1.0000
[OMPT] tid=423378 ompt_id=28428972647776257 tipo=ompt_thread_worker     last_cpu= 52 numa=0 mig=0 fallos=0 perf=ipc_only ipc=0.447 ratio_rm=-1.0000
[OMPT] tid=423379 ompt_id=28710447624486913 tipo=ompt_thread_worker     last_cpu=177 numa=0 mig=0 fallos=0 perf=ipc_only ipc=0.344 ratio_rm=-1.0000
[OMPT] tid=423399 ompt_id=34339947158700033 tipo=ompt_thread_worker     last_cpu= 88 numa=1 mig=0 fallos=0 perf=ipc_only ipc=0.610 ratio_rm=-1.0000
[OMPT] tid=423398 ompt_id=34058472181989377 tipo=ompt_thread_worker     last_cpu=223 numa=1 mig=0 fallos=0 perf=ipc_only ipc=0.604 ratio_rm=-1.0000
[OMPT] tid=423400 ompt_id=34621422135410689 tipo=ompt_thread_worker     last_cpu=246 numa=1 mig=0 fallos=0 perf=ipc_only ipc=0.611 ratio_rm=-1.0000
[OMPT] tid=423349 ompt_id=20266198323167233 tipo=ompt_thread_worker     last_cpu= 40 numa=0 mig=0 fallos=0 perf=ipc_only ipc=0.485 ratio_rm=-1.0000
[OMPT] tid=423358 ompt_id=22799473113563137 tipo=ompt_thread_worker     last_cpu=214 numa=1 mig=0 fallos=0 perf=ipc_only ipc=0.407 ratio_rm=-1.0000
[OMPT] tid=423371 ompt_id=26458647810801665 tipo=ompt_thread_worker     last_cpu= 43 numa=0 mig=0 fallos=0 perf=ipc_only ipc=0.437 ratio_rm=-1.0000
[OMPT] tid=423405 ompt_id=36028797018963969 tipo=ompt_thread_worker     last_cpu= 75 numa=1 mig=0 fallos=0 perf=ipc_only ipc=0.539 ratio_rm=-1.0000
[OMPT] tid=423386 ompt_id=30680772461461505 tipo=ompt_thread_worker     last_cpu= 51 numa=0 mig=0 fallos=0 perf=ipc_only ipc=0.361 ratio_rm=-1.0000
[OMPT] tid=423359 ompt_id=23080948090273793 tipo=ompt_thread_worker     last_cpu=143 numa=0 mig=0 fallos=0 perf=ipc_only ipc=0.364 ratio_rm=-1.0000
[OMPT] tid=423365 ompt_id=24769797950537729 tipo=ompt_thread_worker     last_cpu=166 numa=0 mig=0 fallos=0 perf=ipc_only ipc=0.466 ratio_rm=-1.0000
[OMPT] tid=423298 ompt_id=5910974510923777 tipo=ompt_thread_worker     last_cpu=167 numa=0 mig=0 fallos=0 perf=ipc_only ipc=0.431 ratio_rm=-1.0000
[OMPT] tid=423360 ompt_id=23362423066984449 tipo=ompt_thread_worker     last_cpu=190 numa=0 mig=0 fallos=0 perf=ipc_only ipc=0.486 ratio_rm=-1.0000
[OMPT] tid=423353 ompt_id=21392098230009857 tipo=ompt_thread_worker     last_cpu=191 numa=0 mig=0 fallos=0 perf=ipc_only ipc=0.445 ratio_rm=-1.0000
[OMPT] tid=423370 ompt_id=26177172834091009 tipo=ompt_thread_worker     last_cpu=199 numa=1 mig=0 fallos=0 perf=ipc_only ipc=0.624 ratio_rm=-1.0000
[OMPT] tid=423383 ompt_id=29836347531329537 tipo=ompt_thread_worker     last_cpu= 23 numa=0 mig=0 fallos=0 perf=ipc_only ipc=0.358 ratio_rm=-1.0000
[OMPT] tid=423374 ompt_id=27303072740933633 tipo=ompt_thread_worker     last_cpu= 50 numa=0 mig=0 fallos=0 perf=ipc_only ipc=0.470 ratio_rm=-1.0000
[OMPT] tid=423395 ompt_id=33214047251857409 tipo=ompt_thread_worker     last_cpu=150 numa=0 mig=0 fallos=0 perf=ipc_only ipc=0.366 ratio_rm=-1.0000
[OMPT] tid=423385 ompt_id=30399297484750849 tipo=ompt_thread_worker     last_cpu= 22 numa=0 mig=0 fallos=0 perf=ipc_only ipc=0.363 ratio_rm=-1.0000
[OMPT] tid=423402 ompt_id=35184372088832001 tipo=ompt_thread_worker     last_cpu=124 numa=1 mig=0 fallos=0 perf=ipc_only ipc=0.205 ratio_rm=-1.0000
[OMPT] tid=423387 ompt_id=30962247438172161 tipo=ompt_thread_worker     last_cpu=182 numa=0 mig=0 fallos=0 perf=ipc_only ipc=0.334 ratio_rm=-1.0000
[OMPT] tid=423382 ompt_id=29554872554618881 tipo=ompt_thread_worker     last_cpu=151 numa=0 mig=0 fallos=0 perf=ipc_only ipc=0.349 ratio_rm=-1.0000
[OMPT] ===== Overhead intrínseco =====
  monitor: 2 ticks, 2690.4 us total (max 2688.7 us/tick)
  callbacks implicit_task: 20225, 7962810.5 us total
  migraciones: 0 (0.0 us total)
  resyncs=0  lecturas escaladas por multiplexado=0
  hilos con perf fallido=0  parcial(ipc_only)=128
  ventanas con ciclos=0  con fills=0
