[OMPT] ompt_initialize (OPCIÓN C: integrador con fugas)  verbose=0  migracion=DESACTIVADA
[HWLOC] Nodos NUMA detectados: 2 (usados: 2)
[HWLOC] Nodo 0: 128 CPUs
[HWLOC] Nodo 1: 128 CPUs
[OMPT] callback 'ompt_callback_thread_begin' registrado (result=5)
[OMPT] callback 'ompt_callback_thread_end' registrado (result=5)
[OMPT] callback 'ompt_callback_parallel_begin' registrado (result=5)
[OMPT] callback 'ompt_callback_parallel_end' registrado (result=5)
[OMPT] callback 'ompt_callback_implicit_task' registrado (result=5)
[OMPT] callback 'ompt_callback_control_tool' registrado (result=5)
[OMPT] Callbacks registrados
[OMPT] Sistema: 0 procesadores lógicos
[OMPT][MON] Monitor (C: integrador con fugas)  período=100ms  warmup=5  T=ref+1.00*MAD  leak=0.50*MAD  cap=8.00*MAD  max_mig=1  migracion=DESACTIVADA
[OMPT][PERF] tid=439065 SIN eventos NUMA (solo IPC). Este hilo no podrá disparar migraciones.
    modo=6 mascaras por origen  primer errno: Invalid argument / Invalid argument
  → los eventos crudos son específicos de AMD Zen; en otra PMU no existen
  → con OMPT_MASCARAS=0 se vuelve al par 0xFF44/0xD044
[OMPT][PERF] tid=439067 SIN eventos NUMA (solo IPC). Este hilo no podrá disparar migraciones.
    modo=6 mascaras por origen  primer errno: Invalid argument / Invalid argument
  → los eventos crudos son específicos de AMD Zen; en otra PMU no existen
  → con OMPT_MASCARAS=0 se vuelve al par 0xFF44/0xD044
[OMPT][PERF] tid=439068 SIN eventos NUMA (solo IPC). Este hilo no podrá disparar migraciones.
    modo=6 mascaras por origen  primer errno: Invalid argument / Invalid argument
  → los eventos crudos son específicos de AMD Zen; en otra PMU no existen
  → con OMPT_MASCARAS=0 se vuelve al par 0xFF44/0xD044
[OMPT][PERF] tid=439070 SIN eventos NUMA (solo IPC). Este hilo no podrá disparar migraciones.
    modo=6 mascaras por origen  primer errno: Invalid argument / Invalid argument
  → los eventos crudos son específicos de AMD Zen; en otra PMU no existen
  → con OMPT_MASCARAS=0 se vuelve al par 0xFF44/0xD044
[OMPT][PERF] tid=439073 SIN eventos NUMA (solo IPC). Este hilo no podrá disparar migraciones.
    modo=6 mascaras por origen  primer errno: Invalid argument / Invalid argument
  → los eventos crudos son específicos de AMD Zen; en otra PMU no existen
  → con OMPT_MASCARAS=0 se vuelve al par 0xFF44/0xD044
[OMPT][PERF] tid=439069 SIN eventos NUMA (solo IPC). Este hilo no podrá disparar migraciones.
    modo=6 mascaras por origen  primer errno: Invalid argument / Invalid argument
  → los eventos crudos son específicos de AMD Zen; en otra PMU no existen
  → con OMPT_MASCARAS=0 se vuelve al par 0xFF44/0xD044
[OMPT][PERF] tid=439077 SIN eventos NUMA (solo IPC). Este hilo no podrá disparar migraciones.
    modo=6 mascaras por origen  primer errno: Invalid argument / Invalid argument
  → los eventos crudos son específicos de AMD Zen; en otra PMU no existen
  → con OMPT_MASCARAS=0 se vuelve al par 0xFF44/0xD044
[OMPT][PERF] tid=439071 SIN eventos NUMA (solo IPC). Este hilo no podrá disparar migraciones.
    modo=6 mascaras por origen  primer errno: Invalid argument / Invalid argument
  → los eventos crudos son específicos de AMD Zen; en otra PMU no existen
  → con OMPT_MASCARAS=0 se vuelve al par 0xFF44/0xD044
[OMPT][PERF] tid=439075 SIN eventos NUMA (solo IPC). Este hilo no podrá disparar migraciones.
    modo=6 mascaras por origen  primer errno: Invalid argument / Invalid argument
  → los eventos crudos son específicos de AMD Zen; en otra PMU no existen
  → con OMPT_MASCARAS=0 se vuelve al par 0xFF44/0xD044
[OMPT][PERF] tid=439076 SIN eventos NUMA (solo IPC). Este hilo no podrá disparar migraciones.
    modo=6 mascaras por origen  primer errno: Invalid argument / Invalid argument
  → los eventos crudos son específicos de AMD Zen; en otra PMU no existen
  → con OMPT_MASCARAS=0 se vuelve al par 0xFF44/0xD044
[OMPT][PERF] tid=439074 SIN eventos NUMA (solo IPC). Este hilo no podrá disparar migraciones.
    modo=6 mascaras por origen  primer errno: Invalid argument / Invalid argument
  → los eventos crudos son específicos de AMD Zen; en otra PMU no existen
  → con OMPT_MASCARAS=0 se vuelve al par 0xFF44/0xD044
[OMPT][PERF] tid=439072 SIN eventos NUMA (solo IPC). Este hilo no podrá disparar migraciones.
    modo=6 mascaras por origen  primer errno: Invalid argument / Invalid argument
  → los eventos crudos son específicos de AMD Zen; en otra PMU no existen
  → con OMPT_MASCARAS=0 se vuelve al par 0xFF44/0xD044
[OMPT][PERF] tid=439080 SIN eventos NUMA (solo IPC). Este hilo no podrá disparar migraciones.
    modo=6 mascaras por origen  primer errno: Invalid argument / Invalid argument
  → los eventos crudos son específicos de AMD Zen; en otra PMU no existen
  → con OMPT_MASCARAS=0 se vuelve al par 0xFF44/0xD044
[OMPT][PERF] tid=439084 SIN eventos NUMA (solo IPC). Este hilo no podrá disparar migraciones.
    modo=6 mascaras por origen  primer errno: Invalid argument / Invalid argument
  → los eventos crudos son específicos de AMD Zen; en otra PMU no existen
  → con OMPT_MASCARAS=0 se vuelve al par 0xFF44/0xD044
[OMPT][PERF] tid=439085 SIN eventos NUMA (solo IPC). Este hilo no podrá disparar migraciones.
    modo=6 mascaras por origen  primer errno: Invalid argument / Invalid argument
  → los eventos crudos son específicos de AMD Zen; en otra PMU no existen
  → con OMPT_MASCARAS=0 se vuelve al par 0xFF44/0xD044
[OMPT][PERF] tid=439092 SIN eventos NUMA (solo IPC). Este hilo no podrá disparar migraciones.
    modo=6 mascaras por origen  primer errno: Invalid argument / Invalid argument
  → los eventos crudos son específicos de AMD Zen; en otra PMU no existen
  → con OMPT_MASCARAS=0 se vuelve al par 0xFF44/0xD044
[OMPT][PERF] tid=439078 SIN eventos NUMA (solo IPC). Este hilo no podrá disparar migraciones.
    modo=6 mascaras por origen  primer errno: Invalid argument / Invalid argument
  → los eventos crudos son específicos de AMD Zen; en otra PMU no existen
  → con OMPT_MASCARAS=0 se vuelve al par 0xFF44/0xD044
[OMPT][PERF] tid=439087 SIN eventos NUMA (solo IPC). Este hilo no podrá disparar migraciones.
    modo=6 mascaras por origen  primer errno: Invalid argument / Invalid argument
  → los eventos crudos son específicos de AMD Zen; en otra PMU no existen
  → con OMPT_MASCARAS=0 se vuelve al par 0xFF44/0xD044
[OMPT][PERF] tid=439093 SIN eventos NUMA (solo IPC). Este hilo no podrá disparar migraciones.
    modo=6 mascaras por origen  primer errno: Invalid argument / Invalid argument
  → los eventos crudos son específicos de AMD Zen; en otra PMU no existen
  → con OMPT_MASCARAS=0 se vuelve al par 0xFF44/0xD044
[OMPT][PERF] tid=439086 SIN eventos NUMA (solo IPC). Este hilo no podrá disparar migraciones.
    modo=6 mascaras por origen  primer errno: Invalid argument / Invalid argument
  → los eventos crudos son específicos de AMD Zen; en otra PMU no existen
  → con OMPT_MASCARAS=0 se vuelve al par 0xFF44/0xD044
[OMPT][PERF] tid=439091 SIN eventos NUMA (solo IPC). Este hilo no podrá disparar migraciones.
    modo=6 mascaras por origen  primer errno: Invalid argument / Invalid argument
  → los eventos crudos son específicos de AMD Zen; en otra PMU no existen
  → con OMPT_MASCARAS=0 se vuelve al par 0xFF44/0xD044
[OMPT][PERF] tid=439095 SIN eventos NUMA (solo IPC). Este hilo no podrá disparar migraciones.
    modo=6 mascaras por origen  primer errno: Invalid argument / Invalid argument
  → los eventos crudos son específicos de AMD Zen; en otra PMU no existen
  → con OMPT_MASCARAS=0 se vuelve al par 0xFF44/0xD044
[OMPT][PERF] tid=439096 SIN eventos NUMA (solo IPC). Este hilo no podrá disparar migraciones.
    modo=6 mascaras por origen  primer errno: Invalid argument / Invalid argument
  → los eventos crudos son específicos de AMD Zen; en otra PMU no existen
  → con OMPT_MASCARAS=0 se vuelve al par 0xFF44/0xD044
[OMPT][PERF] tid=439082 SIN eventos NUMA (solo IPC). Este hilo no podrá disparar migraciones.
    modo=6 mascaras por origen  primer errno: Invalid argument / Invalid argument
  → los eventos crudos son específicos de AMD Zen; en otra PMU no existen
  → con OMPT_MASCARAS=0 se vuelve al par 0xFF44/0xD044
[OMPT][PERF] tid=439088 SIN eventos NUMA (solo IPC). Este hilo no podrá disparar migraciones.
    modo=6 mascaras por origen  primer errno: Invalid argument / Invalid argument
  → los eventos crudos son específicos de AMD Zen; en otra PMU no existen
  → con OMPT_MASCARAS=0 se vuelve al par 0xFF44/0xD044
[OMPT][PERF] tid=439097 SIN eventos NUMA (solo IPC). Este hilo no podrá disparar migraciones.
    modo=6 mascaras por origen  primer errno: Invalid argument / Invalid argument
  → los eventos crudos son específicos de AMD Zen; en otra PMU no existen
  → con OMPT_MASCARAS=0 se vuelve al par 0xFF44/0xD044
[OMPT][PERF] tid=439083 SIN eventos NUMA (solo IPC). Este hilo no podrá disparar migraciones.
    modo=6 mascaras por origen  primer errno: Invalid argument / Invalid argument
  → los eventos crudos son específicos de AMD Zen; en otra PMU no existen
  → con OMPT_MASCARAS=0 se vuelve al par 0xFF44/0xD044
[OMPT][PERF] tid=439094 SIN eventos NUMA (solo IPC). Este hilo no podrá disparar migraciones.
    modo=6 mascaras por origen  primer errno: Invalid argument / Invalid argument
  → los eventos crudos son específicos de AMD Zen; en otra PMU no existen
  → con OMPT_MASCARAS=0 se vuelve al par 0xFF44/0xD044
[OMPT][PERF] tid=439089 SIN eventos NUMA (solo IPC). Este hilo no podrá disparar migraciones.
    modo=6 mascaras por origen  primer errno: Invalid argument / Invalid argument
  → los eventos crudos son específicos de AMD Zen; en otra PMU no existen
  → con OMPT_MASCARAS=0 se vuelve al par 0xFF44/0xD044
[OMPT][PERF] tid=439090 SIN eventos NUMA (solo IPC). Este hilo no podrá disparar migraciones.
    modo=6 mascaras por origen  primer errno: Invalid argument / Invalid argument
  → los eventos crudos son específicos de AMD Zen; en otra PMU no existen
  → con OMPT_MASCARAS=0 se vuelve al par 0xFF44/0xD044
[OMPT][PERF] tid=439081 SIN eventos NUMA (solo IPC). Este hilo no podrá disparar migraciones.
    modo=6 mascaras por origen  primer errno: Invalid argument / Invalid argument
  → los eventos crudos son específicos de AMD Zen; en otra PMU no existen
  → con OMPT_MASCARAS=0 se vuelve al par 0xFF44/0xD044
[OMPT][PERF] tid=439079 SIN eventos NUMA (solo IPC). Este hilo no podrá disparar migraciones.
    modo=6 mascaras por origen  primer errno: Invalid argument / Invalid argument
  → los eventos crudos son específicos de AMD Zen; en otra PMU no existen
  → con OMPT_MASCARAS=0 se vuelve al par 0xFF44/0xD044
[perf_region] tool OMPT detectado: los contadores los lleva el tool, no se abren aqui
[OMPT] control_tool: INICIANDO medicion
[OMPT] control_tool: PAUSANDO medicion
[OMPT] ompt_finalize
[OMPT][MON] Monitor detenido tras 11 ventanas
[OMPT] CSV de ventanas: 224 filas volcadas (0 descartadas)
[OMPT] ===== Tabla final: 32 hilos =====
[OMPT] tid=439065 ompt_id=281474976710657 tipo=ompt_thread_initial    last_cpu=255 numa=1 mig=0 fallos=0 perf=ipc_only ipc=0.964 ratio_rm=-1.0000
[OMPT] tid=439067 ompt_id=562949953421313 tipo=ompt_thread_worker     last_cpu=122 numa=1 mig=0 fallos=0 perf=ipc_only ipc=0.978 ratio_rm=-1.0000
[OMPT] tid=439068 ompt_id=844424930131969 tipo=ompt_thread_worker     last_cpu= 97 numa=1 mig=0 fallos=0 perf=ipc_only ipc=0.867 ratio_rm=-1.0000
[OMPT] tid=439070 ompt_id=1407374883553281 tipo=ompt_thread_worker     last_cpu=223 numa=1 mig=0 fallos=0 perf=ipc_only ipc=1.110 ratio_rm=-1.0000
[OMPT] tid=439073 ompt_id=2251799813685249 tipo=ompt_thread_worker     last_cpu=232 numa=1 mig=0 fallos=0 perf=ipc_only ipc=0.887 ratio_rm=-1.0000
[OMPT] tid=439069 ompt_id=1125899906842625 tipo=ompt_thread_worker     last_cpu=  1 numa=0 mig=0 fallos=0 perf=ipc_only ipc=1.191 ratio_rm=-1.0000
[OMPT] tid=439077 ompt_id=3377699720527873 tipo=ompt_thread_worker     last_cpu= 72 numa=1 mig=0 fallos=0 perf=ipc_only ipc=0.935 ratio_rm=-1.0000
[OMPT] tid=439071 ompt_id=1688849860263937 tipo=ompt_thread_worker     last_cpu= 16 numa=0 mig=0 fallos=0 perf=ipc_only ipc=0.895 ratio_rm=-1.0000
[OMPT] tid=439075 ompt_id=3096224743817217 tipo=ompt_thread_worker     last_cpu= 24 numa=0 mig=0 fallos=0 perf=ipc_only ipc=0.979 ratio_rm=-1.0000
[OMPT] tid=439076 ompt_id=2814749767106561 tipo=ompt_thread_worker     last_cpu=113 numa=1 mig=0 fallos=0 perf=ipc_only ipc=0.954 ratio_rm=-1.0000
[OMPT] tid=439074 ompt_id=2533274790395905 tipo=ompt_thread_worker     last_cpu=112 numa=1 mig=0 fallos=0 perf=ipc_only ipc=0.942 ratio_rm=-1.0000
[OMPT] tid=439072 ompt_id=1970324836974593 tipo=ompt_thread_worker     last_cpu= 96 numa=1 mig=0 fallos=0 perf=ipc_only ipc=1.017 ratio_rm=-1.0000
[OMPT] tid=439080 ompt_id=4222124650659841 tipo=ompt_thread_worker     last_cpu=106 numa=1 mig=0 fallos=0 perf=ipc_only ipc=0.890 ratio_rm=-1.0000
[OMPT] tid=439084 ompt_id=5348024557502465 tipo=ompt_thread_worker     last_cpu= 57 numa=0 mig=0 fallos=0 perf=ipc_only ipc=0.900 ratio_rm=-1.0000
[OMPT] tid=439085 ompt_id=5629499534213121 tipo=ompt_thread_worker     last_cpu=183 numa=0 mig=0 fallos=0 perf=ipc_only ipc=1.400 ratio_rm=-1.0000
[OMPT] tid=439092 ompt_id=7599824371187713 tipo=ompt_thread_worker     last_cpu= 80 numa=1 mig=0 fallos=0 perf=ipc_only ipc=1.019 ratio_rm=-1.0000
[OMPT] tid=439078 ompt_id=3659174697238529 tipo=ompt_thread_worker     last_cpu= 64 numa=1 mig=0 fallos=0 perf=ipc_only ipc=0.933 ratio_rm=-1.0000
[OMPT] tid=439087 ompt_id=6192449487634433 tipo=ompt_thread_worker     last_cpu= 73 numa=1 mig=0 fallos=0 perf=ipc_only ipc=0.938 ratio_rm=-1.0000
[OMPT] tid=439093 ompt_id=7881299347898369 tipo=ompt_thread_worker     last_cpu= 88 numa=1 mig=0 fallos=0 perf=ipc_only ipc=1.112 ratio_rm=-1.0000
[OMPT] tid=439086 ompt_id=5910974510923777 tipo=ompt_thread_worker     last_cpu=199 numa=1 mig=0 fallos=0 perf=ipc_only ipc=1.238 ratio_rm=-1.0000
[OMPT] tid=439091 ompt_id=7318349394477057 tipo=ompt_thread_worker     last_cpu=231 numa=1 mig=0 fallos=0 perf=ipc_only ipc=1.013 ratio_rm=-1.0000
[OMPT] tid=439095 ompt_id=8162774324609025 tipo=ompt_thread_worker     last_cpu=239 numa=1 mig=0 fallos=0 perf=ipc_only ipc=0.879 ratio_rm=-1.0000
[OMPT] tid=439096 ompt_id=8725724278030337 tipo=ompt_thread_worker     last_cpu=215 numa=1 mig=0 fallos=0 perf=ipc_only ipc=1.200 ratio_rm=-1.0000
[OMPT] tid=439082 ompt_id=4785074604081153 tipo=ompt_thread_worker     last_cpu=191 numa=0 mig=0 fallos=0 perf=ipc_only ipc=0.898 ratio_rm=-1.0000
[OMPT] tid=439088 ompt_id=6473924464345089 tipo=ompt_thread_worker     last_cpu=247 numa=1 mig=0 fallos=0 perf=ipc_only ipc=0.942 ratio_rm=-1.0000
[OMPT] tid=439097 ompt_id=9007199254740993 tipo=ompt_thread_worker     last_cpu=207 numa=1 mig=0 fallos=0 perf=ipc_only ipc=0.928 ratio_rm=-1.0000
[OMPT] tid=439083 ompt_id=5066549580791809 tipo=ompt_thread_worker     last_cpu=159 numa=0 mig=0 fallos=0 perf=ipc_only ipc=0.973 ratio_rm=-1.0000
[OMPT] tid=439094 ompt_id=8444249301319681 tipo=ompt_thread_worker     last_cpu=167 numa=0 mig=0 fallos=0 perf=ipc_only ipc=1.411 ratio_rm=-1.0000
[OMPT] tid=439089 ompt_id=6755399441055745 tipo=ompt_thread_worker     last_cpu=173 numa=0 mig=0 fallos=0 perf=ipc_only ipc=1.396 ratio_rm=-1.0000
[OMPT] tid=439090 ompt_id=7036874417766401 tipo=ompt_thread_worker     last_cpu=143 numa=0 mig=0 fallos=0 perf=ipc_only ipc=1.099 ratio_rm=-1.0000
[OMPT] tid=439081 ompt_id=4503599627370497 tipo=ompt_thread_worker     last_cpu=151 numa=0 mig=0 fallos=0 perf=ipc_only ipc=1.076 ratio_rm=-1.0000
[OMPT] tid=439079 ompt_id=3940649673949185 tipo=ompt_thread_worker     last_cpu=  8 numa=0 mig=0 fallos=0 perf=ipc_only ipc=0.979 ratio_rm=-1.0000
[OMPT] ===== Overhead intrínseco =====
  monitor: 11 ticks, 3569.2 us total (max 504.3 us/tick)
  callbacks implicit_task: 5057, 544147.7 us total
  migraciones: 0 (0.0 us total)
  resyncs=0  lecturas escaladas por multiplexado=0
  hilos con perf fallido=0  parcial(ipc_only)=32
  ventanas con ciclos=224  con fills=0

[OMPT] *** AVISO GRAVE ***
  Se midieron 224 ventanas con ciclos pero NINGUNA con data cache fills.
  Los eventos crudos 0xD044/0xFF44 abrieron pero cuentan siempre 0:
  esta PMU no los implementa (son de AMD Zen). ratio_rm no existe y el
  scheduler NO PUEDE decidir migraciones. Los resultados de localidad de
  esta corrida no son válidos.

