[OMPT] ompt_initialize (OPCIÓN C: integrador con fugas)  verbose=0  migracion=DESACTIVADA
[HWLOC] Nodos NUMA detectados: 2 (usados: 2)
[HWLOC] Nodo 0: 128 CPUs
[HWLOC] Nodo 1: 128 CPUs
[OMPT] callback 'ompt_callback_thread_begin' registrado (result=5)
[OMPT] callback 'ompt_callback_thread_end' registrado (result=5)
[OMPT] callback 'ompt_callback_parallel_begin' registrado (result=5)
[OMPT] callback 'ompt_callback_parallel_end' registrado (result=5)
[OMPT] callback 'ompt_callback_implicit_task' registrado (result=5)
[OMPT] callback 'ompt_callback_control_tool' registrado (result=5)
[OMPT] Callbacks registrados
[OMPT] Sistema: 0 procesadores lógicos
[OMPT][MON] Monitor (C: integrador con fugas)  período=100ms  warmup=5  T=ref+1.00*MAD  leak=0.50*MAD  cap=8.00*MAD  max_mig=1  migracion=DESACTIVADA
[perf_region] tool OMPT detectado: los contadores los lleva el tool, no se abren aqui
[OMPT] control_tool: INICIANDO medicion
[OMPT] control_tool: PAUSANDO medicion
[OMPT] ompt_finalize
[OMPT][MON] Monitor detenido tras 1 ventanas
[OMPT] CSV de ventanas: 0 filas volcadas (0 descartadas)
[OMPT] ===== Tabla final: 64 hilos =====
[OMPT] tid=616854 ompt_id=281474976710657 tipo=ompt_thread_initial    last_cpu=255 numa=1 mig=0 fallos=0 perf=full ipc=0.458 ratio_rm=0.0054
[OMPT] tid=616856 ompt_id=562949953421313 tipo=ompt_thread_worker     last_cpu=127 numa=1 mig=0 fallos=0 perf=full ipc=0.376 ratio_rm=0.0070
[OMPT] tid=616857 ompt_id=844424930131969 tipo=ompt_thread_worker     last_cpu=120 numa=1 mig=0 fallos=0 perf=full ipc=0.336 ratio_rm=0.0104
[OMPT] tid=616859 ompt_id=1407374883553281 tipo=ompt_thread_worker     last_cpu=125 numa=1 mig=0 fallos=0 perf=full ipc=0.339 ratio_rm=0.0101
[OMPT] tid=616860 ompt_id=1688849860263937 tipo=ompt_thread_worker     last_cpu= 56 numa=0 mig=0 fallos=0 perf=full ipc=0.199 ratio_rm=0.0420
[OMPT] tid=616861 ompt_id=1970324836974593 tipo=ompt_thread_worker     last_cpu= 93 numa=1 mig=0 fallos=0 perf=full ipc=0.188 ratio_rm=0.0204
[OMPT] tid=616862 ompt_id=2251799813685249 tipo=ompt_thread_worker     last_cpu=  4 numa=0 mig=0 fallos=0 perf=full ipc=0.138 ratio_rm=0.1238
[OMPT] tid=616864 ompt_id=2814749767106561 tipo=ompt_thread_worker     last_cpu=146 numa=0 mig=0 fallos=0 perf=full ipc=0.222 ratio_rm=0.0816
[OMPT] tid=616863 ompt_id=2533274790395905 tipo=ompt_thread_worker     last_cpu=124 numa=1 mig=0 fallos=0 perf=full ipc=0.328 ratio_rm=0.0136
[OMPT] tid=616865 ompt_id=3377699720527873 tipo=ompt_thread_worker     last_cpu=253 numa=1 mig=0 fallos=0 perf=full ipc=0.323 ratio_rm=0.0095
[OMPT] tid=616866 ompt_id=3096224743817217 tipo=ompt_thread_worker     last_cpu=  9 numa=0 mig=0 fallos=0 perf=full ipc=0.253 ratio_rm=0.0644
[OMPT] tid=616868 ompt_id=3940649673949185 tipo=ompt_thread_worker     last_cpu= 89 numa=1 mig=0 fallos=0 perf=full ipc=0.229 ratio_rm=0.0426
[OMPT] tid=616869 ompt_id=4222124650659841 tipo=ompt_thread_worker     last_cpu=254 numa=1 mig=0 fallos=0 perf=full ipc=0.325 ratio_rm=0.0104
[OMPT] tid=616858 ompt_id=1125899906842625 tipo=ompt_thread_worker     last_cpu=126 numa=1 mig=0 fallos=0 perf=full ipc=0.355 ratio_rm=0.0103
[OMPT] tid=616870 ompt_id=4503599627370497 tipo=ompt_thread_worker     last_cpu=252 numa=1 mig=0 fallos=0 perf=full ipc=0.437 ratio_rm=0.0127
[OMPT] tid=616867 ompt_id=3659174697238529 tipo=ompt_thread_worker     last_cpu=123 numa=1 mig=0 fallos=0 perf=full ipc=0.331 ratio_rm=0.0121
[OMPT] tid=616872 ompt_id=5066549580791809 tipo=ompt_thread_worker     last_cpu=145 numa=0 mig=0 fallos=0 perf=full ipc=0.186 ratio_rm=0.0691
[OMPT] tid=616871 ompt_id=4785074604081153 tipo=ompt_thread_worker     last_cpu=122 numa=1 mig=0 fallos=0 perf=full ipc=0.322 ratio_rm=0.0140
[OMPT] tid=616873 ompt_id=5348024557502465 tipo=ompt_thread_worker     last_cpu=  3 numa=0 mig=0 fallos=0 perf=full ipc=0.128 ratio_rm=0.0504
[OMPT] tid=616874 ompt_id=5629499534213121 tipo=ompt_thread_worker     last_cpu=  2 numa=0 mig=0 fallos=0 perf=full ipc=0.181 ratio_rm=0.0244
[OMPT] tid=616875 ompt_id=5910974510923777 tipo=ompt_thread_worker     last_cpu= 88 numa=1 mig=0 fallos=0 perf=full ipc=0.210 ratio_rm=0.0264
[OMPT] tid=616876 ompt_id=6192449487634433 tipo=ompt_thread_worker     last_cpu= 92 numa=1 mig=0 fallos=0 perf=full ipc=0.205 ratio_rm=0.0239
[OMPT] tid=616877 ompt_id=6473924464345089 tipo=ompt_thread_worker     last_cpu= 91 numa=1 mig=0 fallos=0 perf=full ipc=0.214 ratio_rm=0.0211
[OMPT] tid=616878 ompt_id=6755399441055745 tipo=ompt_thread_worker     last_cpu=113 numa=1 mig=0 fallos=0 perf=full ipc=0.352 ratio_rm=0.0389
[OMPT] tid=616879 ompt_id=7036874417766401 tipo=ompt_thread_worker     last_cpu=249 numa=1 mig=0 fallos=0 perf=full ipc=0.303 ratio_rm=0.0148
[OMPT] tid=616880 ompt_id=7318349394477057 tipo=ompt_thread_worker     last_cpu=104 numa=1 mig=0 fallos=0 perf=full ipc=0.355 ratio_rm=0.0340
[OMPT] tid=616881 ompt_id=7599824371187713 tipo=ompt_thread_worker     last_cpu=105 numa=1 mig=0 fallos=0 perf=full ipc=0.284 ratio_rm=0.0165
[OMPT] tid=616882 ompt_id=7881299347898369 tipo=ompt_thread_worker     last_cpu=233 numa=1 mig=0 fallos=0 perf=full ipc=0.285 ratio_rm=0.0208
[OMPT] tid=616883 ompt_id=8162774324609025 tipo=ompt_thread_worker     last_cpu=251 numa=1 mig=0 fallos=0 perf=full ipc=0.346 ratio_rm=0.0089
[OMPT] tid=616884 ompt_id=8444249301319681 tipo=ompt_thread_worker     last_cpu=  6 numa=0 mig=0 fallos=0 perf=full ipc=0.134 ratio_rm=0.0766
[OMPT] tid=616885 ompt_id=8725724278030337 tipo=ompt_thread_worker     last_cpu= 90 numa=1 mig=0 fallos=0 perf=full ipc=0.223 ratio_rm=0.0416
[OMPT] tid=616886 ompt_id=9007199254740993 tipo=ompt_thread_worker     last_cpu=  5 numa=0 mig=0 fallos=0 perf=full ipc=0.132 ratio_rm=0.0636
[OMPT] tid=616887 ompt_id=9288674231451649 tipo=ompt_thread_worker     last_cpu=121 numa=1 mig=0 fallos=0 perf=full ipc=0.319 ratio_rm=0.0116
[OMPT] tid=616888 ompt_id=9570149208162305 tipo=ompt_thread_worker     last_cpu=112 numa=1 mig=0 fallos=0 perf=full ipc=0.351 ratio_rm=0.0393
[OMPT] tid=616889 ompt_id=9851624184872961 tipo=ompt_thread_worker     last_cpu=250 numa=1 mig=0 fallos=0 perf=full ipc=0.324 ratio_rm=0.0132
[OMPT] tid=616890 ompt_id=10133099161583617 tipo=ompt_thread_worker     last_cpu=106 numa=1 mig=0 fallos=0 perf=full ipc=0.357 ratio_rm=0.0398
[OMPT] tid=616902 ompt_id=13229323905400833 tipo=ompt_thread_worker     last_cpu=239 numa=1 mig=0 fallos=0 perf=full ipc=0.342 ratio_rm=0.0245
[OMPT] tid=616913 ompt_id=16607023625928705 tipo=ompt_thread_worker     last_cpu=144 numa=0 mig=0 fallos=0 perf=full ipc=0.194 ratio_rm=0.0577
[OMPT] tid=616910 ompt_id=15762598695796737 tipo=ompt_thread_worker     last_cpu=206 numa=1 mig=0 fallos=0 perf=full ipc=0.322 ratio_rm=0.0927
[OMPT] tid=616892 ompt_id=10696049115004929 tipo=ompt_thread_worker     last_cpu=207 numa=1 mig=0 fallos=0 perf=full ipc=0.321 ratio_rm=0.0451
[OMPT] tid=616917 ompt_id=17732923532771329 tipo=ompt_thread_worker     last_cpu=182 numa=0 mig=0 fallos=0 perf=full ipc=0.282 ratio_rm=0.0536
[OMPT] tid=616903 ompt_id=13792273858822145 tipo=ompt_thread_worker     last_cpu=183 numa=0 mig=0 fallos=0 perf=full ipc=0.277 ratio_rm=0.0552
[OMPT] tid=616908 ompt_id=15199648742375425 tipo=ompt_thread_worker     last_cpu=230 numa=1 mig=0 fallos=0 perf=full ipc=0.365 ratio_rm=0.0838
[OMPT] tid=616898 ompt_id=12103423998558209 tipo=ompt_thread_worker     last_cpu=231 numa=1 mig=0 fallos=0 perf=full ipc=0.357 ratio_rm=0.0353
[OMPT] tid=616900 ompt_id=12947848928690177 tipo=ompt_thread_worker     last_cpu=199 numa=1 mig=0 fallos=0 perf=full ipc=0.353 ratio_rm=0.0436
[OMPT] tid=616905 ompt_id=14355223812243457 tipo=ompt_thread_worker     last_cpu=143 numa=0 mig=0 fallos=0 perf=full ipc=0.247 ratio_rm=0.1142
[OMPT] tid=616914 ompt_id=16888498602639361 tipo=ompt_thread_worker     last_cpu=222 numa=1 mig=0 fallos=0 perf=full ipc=0.208 ratio_rm=0.0262
[OMPT] tid=616901 ompt_id=13510798882111489 tipo=ompt_thread_worker     last_cpu=175 numa=0 mig=0 fallos=0 perf=full ipc=0.289 ratio_rm=0.0785
[OMPT] tid=616912 ompt_id=16325548649218049 tipo=ompt_thread_worker     last_cpu=246 numa=1 mig=0 fallos=0 perf=full ipc=0.351 ratio_rm=0.0233
[OMPT] tid=616896 ompt_id=11821949021847553 tipo=ompt_thread_worker     last_cpu=247 numa=1 mig=0 fallos=0 perf=full ipc=0.352 ratio_rm=0.0183
[OMPT] tid=616918 ompt_id=18014398509481985 tipo=ompt_thread_worker     last_cpu=198 numa=1 mig=0 fallos=0 perf=full ipc=0.363 ratio_rm=0.0936
[OMPT] tid=616894 ompt_id=11258999068426241 tipo=ompt_thread_worker     last_cpu=223 numa=1 mig=0 fallos=0 perf=full ipc=0.203 ratio_rm=0.0184
[OMPT] tid=616915 ompt_id=17169973579350017 tipo=ompt_thread_worker     last_cpu=166 numa=0 mig=0 fallos=0 perf=full ipc=0.288 ratio_rm=0.0879
[OMPT] tid=616899 ompt_id=12666373951979521 tipo=ompt_thread_worker     last_cpu=167 numa=0 mig=0 fallos=0 perf=full ipc=0.284 ratio_rm=0.0553
[OMPT] tid=616916 ompt_id=17451448556060673 tipo=ompt_thread_worker     last_cpu=214 numa=1 mig=0 fallos=0 perf=full ipc=0.365 ratio_rm=0.0771
[OMPT] tid=616891 ompt_id=10414574138294273 tipo=ompt_thread_worker     last_cpu=215 numa=1 mig=0 fallos=0 perf=full ipc=0.364 ratio_rm=0.0456
[OMPT] tid=616911 ompt_id=16044073672507393 tipo=ompt_thread_worker     last_cpu=158 numa=0 mig=0 fallos=0 perf=full ipc=0.301 ratio_rm=0.0869
[OMPT] tid=616897 ompt_id=12384898975268865 tipo=ompt_thread_worker     last_cpu=159 numa=0 mig=0 fallos=0 perf=full ipc=0.277 ratio_rm=0.0608
[OMPT] tid=616906 ompt_id=14636698788954113 tipo=ompt_thread_worker     last_cpu=248 numa=1 mig=0 fallos=0 perf=full ipc=0.297 ratio_rm=0.0149
[OMPT] tid=616909 ompt_id=15481123719086081 tipo=ompt_thread_worker     last_cpu=190 numa=0 mig=0 fallos=0 perf=full ipc=0.220 ratio_rm=0.0677
[OMPT] tid=616893 ompt_id=10977524091715585 tipo=ompt_thread_worker     last_cpu=191 numa=0 mig=0 fallos=0 perf=full ipc=0.151 ratio_rm=0.0514
[OMPT] tid=616904 ompt_id=14073748835532801 tipo=ompt_thread_worker     last_cpu= 23 numa=0 mig=0 fallos=0 perf=full ipc=0.196 ratio_rm=0.1232
[OMPT] tid=616907 ompt_id=14918173765664769 tipo=ompt_thread_worker     last_cpu=  1 numa=0 mig=0 fallos=0 perf=full ipc=0.175 ratio_rm=0.1292
[OMPT] tid=616895 ompt_id=11540474045136897 tipo=ompt_thread_worker     last_cpu=  0 numa=0 mig=0 fallos=0 perf=full ipc=0.165 ratio_rm=0.1185
[OMPT] ===== Overhead intrínseco =====
  monitor: 1 ticks, 6.3 us total (max 6.3 us/tick)
  callbacks implicit_task: 10113, 2062299.9 us total
  migraciones: 0 (0.0 us total)
  resyncs=0  lecturas escaladas por multiplexado=256
  hilos con perf fallido=0  parcial(ipc_only)=0
  ventanas con ciclos=0  con fills=0
