[OMPT] ompt_initialize (OPCIÓN C: integrador con fugas)  verbose=0  migracion=activa
[HWLOC] Nodos NUMA detectados: 2 (usados: 2)
[HWLOC] Nodo 0: 128 CPUs
[HWLOC] Nodo 1: 128 CPUs
[OMPT] callback 'ompt_callback_thread_begin' registrado (result=5)
[OMPT] callback 'ompt_callback_thread_end' registrado (result=5)
[OMPT] callback 'ompt_callback_parallel_begin' registrado (result=5)
[OMPT] callback 'ompt_callback_parallel_end' registrado (result=5)
[OMPT] callback 'ompt_callback_implicit_task' registrado (result=5)
[OMPT] callback 'ompt_callback_control_tool' registrado (result=5)
[OMPT] Callbacks registrados
[OMPT] Sistema: 0 procesadores lógicos
[OMPT][MON] Monitor (C: integrador con fugas)  período=100ms  warmup=5  T=ref+1.00*MAD  leak=0.50*MAD  cap=8.00*MAD  max_mig=1  migracion=activa
[perf_region] tool OMPT detectado: los contadores los lleva el tool, no se abren aqui
[OMPT] control_tool: INICIANDO medicion
[OMPT] control_tool: PAUSANDO medicion
[OMPT] ompt_finalize
[OMPT][MON] Monitor detenido tras 5 ventanas
[OMPT] CSV de ventanas: 256 filas volcadas (0 descartadas)
[OMPT] ===== Tabla final: 256 hilos =====
[OMPT] tid=642552 ompt_id=281474976710657 tipo=ompt_thread_initial    last_cpu=247 numa=1 mig=0 fallos=0 perf=full ipc=0.408 ratio_rm=0.0075
[OMPT] tid=642554 ompt_id=562949953421313 tipo=ompt_thread_worker     last_cpu= 72 numa=1 mig=0 fallos=0 perf=full ipc=0.269 ratio_rm=0.0164
[OMPT] tid=642555 ompt_id=844424930131969 tipo=ompt_thread_worker     last_cpu= 81 numa=1 mig=0 fallos=0 perf=full ipc=0.299 ratio_rm=0.0174
[OMPT] tid=642556 ompt_id=1125899906842625 tipo=ompt_thread_worker     last_cpu=223 numa=1 mig=0 fallos=0 perf=full ipc=0.306 ratio_rm=0.0119
[OMPT] tid=642557 ompt_id=1407374883553281 tipo=ompt_thread_worker     last_cpu= 16 numa=0 mig=0 fallos=0 perf=full ipc=0.275 ratio_rm=0.0239
[OMPT] tid=642558 ompt_id=1688849860263937 tipo=ompt_thread_worker     last_cpu=132 numa=0 mig=0 fallos=0 perf=full ipc=0.221 ratio_rm=0.0165
[OMPT] tid=642560 ompt_id=2251799813685249 tipo=ompt_thread_worker     last_cpu= 17 numa=0 mig=0 fallos=0 perf=full ipc=0.221 ratio_rm=0.0136
[OMPT] tid=642561 ompt_id=2533274790395905 tipo=ompt_thread_worker     last_cpu=113 numa=1 mig=0 fallos=0 perf=full ipc=0.346 ratio_rm=0.0137
[OMPT] tid=642559 ompt_id=1970324836974593 tipo=ompt_thread_worker     last_cpu= 18 numa=0 mig=0 fallos=0 perf=full ipc=0.218 ratio_rm=0.0142
[OMPT] tid=642564 ompt_id=3377699720527873 tipo=ompt_thread_worker     last_cpu=241 numa=1 mig=0 fallos=0 perf=full ipc=0.399 ratio_rm=0.0104
[OMPT] tid=642562 ompt_id=3096224743817217 tipo=ompt_thread_worker     last_cpu= 64 numa=1 mig=0 fallos=0 perf=full ipc=0.284 ratio_rm=0.0155
[OMPT] tid=642563 ompt_id=2814749767106561 tipo=ompt_thread_worker     last_cpu=  3 numa=0 mig=0 fallos=0 perf=full ipc=0.227 ratio_rm=0.0184
[OMPT] tid=642565 ompt_id=3659174697238529 tipo=ompt_thread_worker     last_cpu=243 numa=1 mig=0 fallos=0 perf=full ipc=0.362 ratio_rm=0.0112
[OMPT] tid=642566 ompt_id=3940649673949185 tipo=ompt_thread_worker     last_cpu=129 numa=0 mig=0 fallos=0 perf=full ipc=0.217 ratio_rm=0.0102
[OMPT] tid=642567 ompt_id=4222124650659841 tipo=ompt_thread_worker     last_cpu= 88 numa=1 mig=0 fallos=0 perf=full ipc=0.273 ratio_rm=0.0173
[OMPT] tid=642568 ompt_id=4503599627370497 tipo=ompt_thread_worker     last_cpu=255 numa=1 mig=0 fallos=0 perf=full ipc=0.342 ratio_rm=0.0126
[OMPT] tid=642569 ompt_id=4785074604081153 tipo=ompt_thread_worker     last_cpu=121 numa=1 mig=0 fallos=0 perf=full ipc=0.292 ratio_rm=0.0144
[OMPT] tid=642570 ompt_id=5066549580791809 tipo=ompt_thread_worker     last_cpu=104 numa=1 mig=0 fallos=0 perf=full ipc=0.294 ratio_rm=0.0164
[OMPT] tid=642571 ompt_id=5348024557502465 tipo=ompt_thread_worker     last_cpu=116 numa=1 mig=0 fallos=0 perf=full ipc=0.361 ratio_rm=0.0104
[OMPT] tid=642572 ompt_id=5629499534213121 tipo=ompt_thread_worker     last_cpu=245 numa=1 mig=0 fallos=0 perf=full ipc=0.371 ratio_rm=0.0093
[OMPT] tid=642573 ompt_id=5910974510923777 tipo=ompt_thread_worker     last_cpu=240 numa=1 mig=0 fallos=0 perf=full ipc=0.356 ratio_rm=0.0132
[OMPT] tid=642574 ompt_id=6192449487634433 tipo=ompt_thread_worker     last_cpu= 80 numa=1 mig=0 fallos=0 perf=full ipc=0.313 ratio_rm=0.0178
[OMPT] tid=642575 ompt_id=6473924464345089 tipo=ompt_thread_worker     last_cpu= 98 numa=1 mig=0 fallos=0 perf=full ipc=0.262 ratio_rm=0.0149
[OMPT] tid=642576 ompt_id=6755399441055745 tipo=ompt_thread_worker     last_cpu= 89 numa=1 mig=0 fallos=0 perf=full ipc=0.276 ratio_rm=0.0128
[OMPT] tid=642577 ompt_id=7036874417766401 tipo=ompt_thread_worker     last_cpu= 11 numa=0 mig=0 fallos=0 perf=full ipc=0.220 ratio_rm=0.0173
[OMPT] tid=642578 ompt_id=7318349394477057 tipo=ompt_thread_worker     last_cpu= 24 numa=0 mig=0 fallos=0 perf=full ipc=0.238 ratio_rm=0.0162
[OMPT] tid=642579 ompt_id=7599824371187713 tipo=ompt_thread_worker     last_cpu= 66 numa=1 mig=0 fallos=0 perf=full ipc=0.298 ratio_rm=0.0167
[OMPT] tid=642580 ompt_id=7881299347898369 tipo=ompt_thread_worker     last_cpu=  7 numa=0 mig=0 fallos=0 perf=full ipc=0.215 ratio_rm=0.0192
[OMPT] tid=642581 ompt_id=8162774324609025 tipo=ompt_thread_worker     last_cpu= 57 numa=0 mig=0 fallos=0 perf=full ipc=0.188 ratio_rm=0.0174
[OMPT] tid=642582 ompt_id=8444249301319681 tipo=ompt_thread_worker     last_cpu= 10 numa=0 mig=0 fallos=0 perf=full ipc=0.246 ratio_rm=0.0139
[OMPT] tid=642583 ompt_id=8725724278030337 tipo=ompt_thread_worker     last_cpu= 59 numa=0 mig=0 fallos=0 perf=full ipc=0.203 ratio_rm=0.0098
[OMPT] tid=642584 ompt_id=9007199254740993 tipo=ompt_thread_worker     last_cpu= 58 numa=0 mig=0 fallos=0 perf=full ipc=0.216 ratio_rm=0.0125
[OMPT] tid=642585 ompt_id=9288674231451649 tipo=ompt_thread_worker     last_cpu=120 numa=1 mig=0 fallos=0 perf=full ipc=0.284 ratio_rm=0.0184
[OMPT] tid=642586 ompt_id=9570149208162305 tipo=ompt_thread_worker     last_cpu=118 numa=1 mig=0 fallos=0 perf=full ipc=0.358 ratio_rm=0.0074
[OMPT] tid=642587 ompt_id=9851624184872961 tipo=ompt_thread_worker     last_cpu=117 numa=1 mig=0 fallos=0 perf=full ipc=0.385 ratio_rm=0.0101
[OMPT] tid=642588 ompt_id=10133099161583617 tipo=ompt_thread_worker     last_cpu=112 numa=1 mig=0 fallos=0 perf=full ipc=0.360 ratio_rm=0.0148
[OMPT] tid=642710 ompt_id=44473046320283649 tipo=ompt_thread_worker     last_cpu=140 numa=0 mig=0 fallos=0 perf=full ipc=0.245 ratio_rm=0.0090
[OMPT] tid=642750 ompt_id=55732045388709889 tipo=ompt_thread_worker     last_cpu=131 numa=0 mig=0 fallos=0 perf=full ipc=0.217 ratio_rm=0.0137
[OMPT] tid=642628 ompt_id=21392098230009857 tipo=ompt_thread_worker     last_cpu= 40 numa=0 mig=0 fallos=0 perf=full ipc=0.214 ratio_rm=0.0100
[OMPT] tid=642600 ompt_id=13510798882111489 tipo=ompt_thread_worker     last_cpu= 12 numa=0 mig=0 fallos=0 perf=full ipc=0.223 ratio_rm=0.0194
[OMPT] tid=642722 ompt_id=47850746040811521 tipo=ompt_thread_worker     last_cpu=119 numa=1 mig=0 fallos=0 perf=full ipc=0.416 ratio_rm=0.0096
[OMPT] tid=642698 ompt_id=41095346599755777 tipo=ompt_thread_worker     last_cpu=242 numa=1 mig=0 fallos=0 perf=full ipc=0.339 ratio_rm=0.0148
[OMPT] tid=642778 ompt_id=63613344736608257 tipo=ompt_thread_worker     last_cpu=184 numa=0 mig=0 fallos=0 perf=full ipc=0.221 ratio_rm=0.0150
[OMPT] tid=642790 ompt_id=66709569480425473 tipo=ompt_thread_worker     last_cpu=115 numa=1 mig=0 fallos=0 perf=full ipc=0.347 ratio_rm=0.0110
[OMPT] tid=642656 ompt_id=29273397577908225 tipo=ompt_thread_worker     last_cpu=187 numa=0 mig=0 fallos=0 perf=full ipc=0.193 ratio_rm=0.0188
[OMPT] tid=642611 ompt_id=16607023625928705 tipo=ompt_thread_worker     last_cpu=246 numa=1 mig=0 fallos=0 perf=full ipc=0.341 ratio_rm=0.0103
[OMPT] tid=642740 ompt_id=52917295621603329 tipo=ompt_thread_worker     last_cpu= 14 numa=0 mig=0 fallos=0 perf=full ipc=0.221 ratio_rm=0.0225
[OMPT] tid=642765 ompt_id=59954170039369729 tipo=ompt_thread_worker     last_cpu=179 numa=0 mig=0 fallos=0 perf=full ipc=0.219 ratio_rm=0.0230
[OMPT] tid=642667 ompt_id=32369622321725441 tipo=ompt_thread_worker     last_cpu=135 numa=0 mig=0 fallos=0 perf=full ipc=0.219 ratio_rm=0.0119
[OMPT] tid=642637 ompt_id=23925373020405761 tipo=ompt_thread_worker     last_cpu= 25 numa=0 mig=0 fallos=0 perf=full ipc=0.215 ratio_rm=0.0178
[OMPT] tid=642717 ompt_id=46443371157258241 tipo=ompt_thread_worker     last_cpu=153 numa=0 mig=0 fallos=0 perf=full ipc=0.222 ratio_rm=0.0209
[OMPT] tid=642706 ompt_id=43347146413441025 tipo=ompt_thread_worker     last_cpu=133 numa=0 mig=0 fallos=0 perf=full ipc=0.247 ratio_rm=0.0191
[OMPT] tid=642783 ompt_id=65020719620161537 tipo=ompt_thread_worker     last_cpu=  4 numa=0 mig=0 fallos=0 perf=full ipc=0.208 ratio_rm=0.0170
[OMPT] tid=642673 ompt_id=34058472181989377 tipo=ompt_thread_worker     last_cpu= 73 numa=1 mig=0 fallos=0 perf=full ipc=0.258 ratio_rm=0.0153
[OMPT] tid=642799 ompt_id=69524319247532033 tipo=ompt_thread_worker     last_cpu=130 numa=0 mig=0 fallos=0 perf=full ipc=0.195 ratio_rm=0.0172
[OMPT] tid=642696 ompt_id=40532396646334465 tipo=ompt_thread_worker     last_cpu=217 numa=1 mig=0 fallos=0 perf=full ipc=0.265 ratio_rm=0.0150
[OMPT] tid=642805 ompt_id=71494644084506625 tipo=ompt_thread_worker     last_cpu= 50 numa=0 mig=0 fallos=0 perf=full ipc=0.210 ratio_rm=0.0194
[OMPT] tid=642745 ompt_id=54606145481867265 tipo=ompt_thread_worker     last_cpu= 54 numa=0 mig=0 fallos=0 perf=full ipc=0.275 ratio_rm=0.0255
[OMPT] tid=642671 ompt_id=33495522228568065 tipo=ompt_thread_worker     last_cpu=178 numa=0 mig=0 fallos=0 perf=full ipc=0.217 ratio_rm=0.0170
[OMPT] tid=642689 ompt_id=38562071809359873 tipo=ompt_thread_worker     last_cpu=177 numa=0 mig=0 fallos=0 perf=full ipc=0.217 ratio_rm=0.0159
[OMPT] tid=642703 ompt_id=42502721483309057 tipo=ompt_thread_worker     last_cpu= 49 numa=0 mig=0 fallos=0 perf=full ipc=0.238 ratio_rm=0.0156
[OMPT] tid=642590 ompt_id=10696049115004929 tipo=ompt_thread_worker     last_cpu= 86 numa=1 mig=0 fallos=0 perf=full ipc=0.340 ratio_rm=0.0087
[OMPT] tid=642662 ompt_id=30962247438172161 tipo=ompt_thread_worker     last_cpu=219 numa=1 mig=0 fallos=0 perf=full ipc=0.293 ratio_rm=0.0116
[OMPT] tid=642788 ompt_id=66428094503714817 tipo=ompt_thread_worker     last_cpu= 91 numa=1 mig=0 fallos=0 perf=full ipc=0.299 ratio_rm=0.0121
[OMPT] tid=642626 ompt_id=20829148276588545 tipo=ompt_thread_worker     last_cpu=221 numa=1 mig=0 fallos=0 perf=full ipc=0.289 ratio_rm=0.0107
[OMPT] tid=642774 ompt_id=62487444829765633 tipo=ompt_thread_worker     last_cpu= 92 numa=1 mig=0 fallos=0 perf=full ipc=0.288 ratio_rm=0.0108
[OMPT] tid=642762 ompt_id=59109745109237761 tipo=ompt_thread_worker     last_cpu=176 numa=0 mig=0 fallos=0 perf=full ipc=0.259 ratio_rm=0.0187
[OMPT] tid=642683 ompt_id=36873221949095937 tipo=ompt_thread_worker     last_cpu=146 numa=0 mig=0 fallos=0 perf=full ipc=0.205 ratio_rm=0.0164
[OMPT] tid=642622 ompt_id=19703248369745921 tipo=ompt_thread_worker     last_cpu=237 numa=1 mig=0 fallos=0 perf=full ipc=0.311 ratio_rm=0.0120
[OMPT] tid=642758 ompt_id=57983845202395137 tipo=ompt_thread_worker     last_cpu=109 numa=1 mig=0 fallos=0 perf=full ipc=0.315 ratio_rm=0.0115
[OMPT] tid=642690 ompt_id=38843546786070529 tipo=ompt_thread_worker     last_cpu=233 numa=1 mig=0 fallos=0 perf=full ipc=0.319 ratio_rm=0.0133
[OMPT] tid=642782 ompt_id=64739244643450881 tipo=ompt_thread_worker     last_cpu=107 numa=1 mig=0 fallos=0 perf=full ipc=0.335 ratio_rm=0.0118
[OMPT] tid=642798 ompt_id=69242844270821377 tipo=ompt_thread_worker     last_cpu=106 numa=1 mig=0 fallos=0 perf=full ipc=0.322 ratio_rm=0.0124
[OMPT] tid=642742 ompt_id=53480245575024641 tipo=ompt_thread_worker     last_cpu=110 numa=1 mig=0 fallos=0 perf=full ipc=0.319 ratio_rm=0.0114
[OMPT] tid=642606 ompt_id=15199648742375425 tipo=ompt_thread_worker     last_cpu=238 numa=1 mig=0 fallos=0 perf=full ipc=0.317 ratio_rm=0.0114
[OMPT] tid=642704 ompt_id=42784196460019713 tipo=ompt_thread_worker     last_cpu=232 numa=1 mig=0 fallos=0 perf=full ipc=0.314 ratio_rm=0.0179
[OMPT] tid=642678 ompt_id=35465847065542657 tipo=ompt_thread_worker     last_cpu=234 numa=1 mig=0 fallos=0 perf=full ipc=0.312 ratio_rm=0.0162
[OMPT] tid=642654 ompt_id=28710447624486913 tipo=ompt_thread_worker     last_cpu=235 numa=1 mig=0 fallos=0 perf=full ipc=0.298 ratio_rm=0.0119
[OMPT] tid=642594 ompt_id=11821949021847553 tipo=ompt_thread_worker     last_cpu=239 numa=1 mig=0 fallos=0 perf=full ipc=0.338 ratio_rm=0.0109
[OMPT] tid=642726 ompt_id=48976645947654145 tipo=ompt_thread_worker     last_cpu=111 numa=1 mig=0 fallos=0 perf=full ipc=0.340 ratio_rm=0.0099
[OMPT] tid=642770 ompt_id=61361544922923009 tipo=ompt_thread_worker     last_cpu=108 numa=1 mig=0 fallos=0 perf=full ipc=0.307 ratio_rm=0.0097
[OMPT] tid=642638 ompt_id=24206847997116417 tipo=ompt_thread_worker     last_cpu=236 numa=1 mig=0 fallos=0 perf=full ipc=0.301 ratio_rm=0.0113
[OMPT] tid=642711 ompt_id=44754521296994305 tipo=ompt_thread_worker     last_cpu=160 numa=0 mig=0 fallos=0 perf=full ipc=0.178 ratio_rm=0.0170
[OMPT] tid=642767 ompt_id=60517119992791041 tipo=ompt_thread_worker     last_cpu= 28 numa=0 mig=0 fallos=0 perf=full ipc=0.216 ratio_rm=0.0169
[OMPT] tid=642691 ompt_id=39125021762781185 tipo=ompt_thread_worker     last_cpu= 99 numa=1 mig=0 fallos=0 perf=full ipc=0.302 ratio_rm=0.0127
[OMPT] tid=642755 ompt_id=57139420272263169 tipo=ompt_thread_worker     last_cpu= 29 numa=0 mig=0 fallos=0 perf=full ipc=0.219 ratio_rm=0.0159
[OMPT] tid=642787 ompt_id=66146619527004161 tipo=ompt_thread_worker     last_cpu= 27 numa=0 mig=0 fallos=0 perf=full ipc=0.223 ratio_rm=0.0189
[OMPT] tid=642649 ompt_id=27303072740933633 tipo=ompt_thread_worker     last_cpu=156 numa=0 mig=0 fallos=0 perf=full ipc=0.225 ratio_rm=0.0238
[OMPT] tid=642713 ompt_id=45317471250415617 tipo=ompt_thread_worker     last_cpu=152 numa=0 mig=0 fallos=0 perf=full ipc=0.240 ratio_rm=0.0237
[OMPT] tid=642646 ompt_id=26458647810801665 tipo=ompt_thread_worker     last_cpu=244 numa=1 mig=0 fallos=0 perf=full ipc=0.338 ratio_rm=0.0142
[OMPT] tid=642672 ompt_id=33776997205278721 tipo=ompt_thread_worker     last_cpu= 33 numa=0 mig=0 fallos=0 perf=full ipc=0.171 ratio_rm=0.0209
[OMPT] tid=642802 ompt_id=70368744177664001 tipo=ompt_thread_worker     last_cpu=114 numa=1 mig=0 fallos=0 perf=full ipc=0.353 ratio_rm=0.0186
[OMPT] tid=642695 ompt_id=40250921669623809 tipo=ompt_thread_worker     last_cpu=161 numa=0 mig=0 fallos=0 perf=full ipc=0.186 ratio_rm=0.0184
[OMPT] tid=642751 ompt_id=56013520365420545 tipo=ompt_thread_worker     last_cpu= 56 numa=0 mig=0 fallos=0 perf=full ipc=0.249 ratio_rm=0.0233
[OMPT] tid=642629 ompt_id=21673573206720513 tipo=ompt_thread_worker     last_cpu=141 numa=0 mig=0 fallos=0 perf=full ipc=0.242 ratio_rm=0.0205
[OMPT] tid=642670 ompt_id=33214047251857409 tipo=ompt_thread_worker     last_cpu=194 numa=1 mig=0 fallos=0 perf=full ipc=0.294 ratio_rm=0.0158
[OMPT] tid=642684 ompt_id=37154696925806593 tipo=ompt_thread_worker     last_cpu=253 numa=1 mig=0 fallos=0 perf=full ipc=0.285 ratio_rm=0.0123
[OMPT] tid=642716 ompt_id=46161896180547585 tipo=ompt_thread_worker     last_cpu=127 numa=1 mig=0 fallos=0 perf=full ipc=0.312 ratio_rm=0.0119
[OMPT] tid=642732 ompt_id=50665495807918081 tipo=ompt_thread_worker     last_cpu=126 numa=1 mig=0 fallos=0 perf=full ipc=0.304 ratio_rm=0.0056
[OMPT] tid=642700 ompt_id=41658296553177089 tipo=ompt_thread_worker     last_cpu=254 numa=1 mig=0 fallos=0 perf=full ipc=0.281 ratio_rm=0.0112
[OMPT] tid=642636 ompt_id=23643898043695105 tipo=ompt_thread_worker     last_cpu=250 numa=1 mig=0 fallos=0 perf=full ipc=0.277 ratio_rm=0.0153
[OMPT] tid=642620 ompt_id=19140298416324609 tipo=ompt_thread_worker     last_cpu=249 numa=1 mig=0 fallos=0 perf=full ipc=0.292 ratio_rm=0.0132
[OMPT] tid=642796 ompt_id=68679894317400065 tipo=ompt_thread_worker     last_cpu=122 numa=1 mig=0 fallos=0 perf=full ipc=0.298 ratio_rm=0.0123
[OMPT] tid=642775 ompt_id=62768919806476289 tipo=ompt_thread_worker     last_cpu=181 numa=0 mig=0 fallos=0 perf=full ipc=0.253 ratio_rm=0.0105
[OMPT] tid=642757 ompt_id=57702370225684481 tipo=ompt_thread_worker     last_cpu= 13 numa=0 mig=0 fallos=0 perf=full ipc=0.270 ratio_rm=0.0193
[OMPT] tid=642647 ompt_id=26740122787512321 tipo=ompt_thread_worker     last_cpu= 95 numa=1 mig=0 fallos=0 perf=full ipc=0.288 ratio_rm=0.0109
[OMPT] tid=642657 ompt_id=29554872554618881 tipo=ompt_thread_worker     last_cpu=139 numa=0 mig=0 fallos=0 perf=full ipc=0.238 ratio_rm=0.0186
[OMPT] tid=642597 ompt_id=12947848928690177 tipo=ompt_thread_worker     last_cpu=143 numa=0 mig=0 fallos=0 perf=full ipc=0.239 ratio_rm=0.0243
[OMPT] tid=642797 ompt_id=68961369294110721 tipo=ompt_thread_worker     last_cpu=  9 numa=0 mig=0 fallos=0 perf=full ipc=0.242 ratio_rm=0.0210
[OMPT] tid=642709 ompt_id=44191571343572993 tipo=ompt_thread_worker     last_cpu=136 numa=0 mig=0 fallos=0 perf=full ipc=0.263 ratio_rm=0.0186
[OMPT] tid=642719 ompt_id=47287796087390209 tipo=ompt_thread_worker     last_cpu= 15 numa=0 mig=0 fallos=0 perf=full ipc=0.224 ratio_rm=0.0185
[OMPT] tid=642681 ompt_id=36310271995674625 tipo=ompt_thread_worker     last_cpu=138 numa=0 mig=0 fallos=0 perf=full ipc=0.235 ratio_rm=0.0274
[OMPT] tid=642598 ompt_id=12666373951979521 tipo=ompt_thread_worker     last_cpu=207 numa=1 mig=0 fallos=0 perf=full ipc=0.310 ratio_rm=0.0109
[OMPT] tid=642720 ompt_id=47006321110679553 tipo=ompt_thread_worker     last_cpu= 79 numa=1 mig=0 fallos=0 perf=full ipc=0.321 ratio_rm=0.0107
[OMPT] tid=642694 ompt_id=39969446692913153 tipo=ompt_thread_worker     last_cpu=201 numa=1 mig=0 fallos=0 perf=full ipc=0.252 ratio_rm=0.0174
[OMPT] tid=642808 ompt_id=72057594037927937 tipo=ompt_thread_worker     last_cpu= 74 numa=1 mig=0 fallos=0 perf=full ipc=0.297 ratio_rm=0.0183
[OMPT] tid=642744 ompt_id=54043195528445953 tipo=ompt_thread_worker     last_cpu= 70 numa=1 mig=0 fallos=0 perf=full ipc=0.315 ratio_rm=0.0111
[OMPT] tid=642632 ompt_id=22517998136852481 tipo=ompt_thread_worker     last_cpu=197 numa=1 mig=0 fallos=0 perf=full ipc=0.318 ratio_rm=0.0124
[OMPT] tid=642616 ompt_id=18014398509481985 tipo=ompt_thread_worker     last_cpu=198 numa=1 mig=0 fallos=0 perf=full ipc=0.307 ratio_rm=0.0105
[OMPT] tid=642686 ompt_id=37717646879227905 tipo=ompt_thread_worker     last_cpu=193 numa=1 mig=0 fallos=0 perf=full ipc=0.280 ratio_rm=0.0163
[OMPT] tid=642714 ompt_id=45598946227126273 tipo=ompt_thread_worker     last_cpu=192 numa=1 mig=0 fallos=0 perf=full ipc=0.312 ratio_rm=0.0165
[OMPT] tid=642596 ompt_id=12103423998558209 tipo=ompt_thread_worker     last_cpu=199 numa=1 mig=0 fallos=0 perf=full ipc=0.305 ratio_rm=0.0112
[OMPT] tid=642728 ompt_id=49539595901075457 tipo=ompt_thread_worker     last_cpu= 71 numa=1 mig=0 fallos=0 perf=full ipc=0.301 ratio_rm=0.0105
[OMPT] tid=642794 ompt_id=68116944363978753 tipo=ompt_thread_worker     last_cpu= 67 numa=1 mig=0 fallos=0 perf=full ipc=0.297 ratio_rm=0.0125
[OMPT] tid=642752 ompt_id=56294995342131201 tipo=ompt_thread_worker     last_cpu= 69 numa=1 mig=0 fallos=0 perf=full ipc=0.294 ratio_rm=0.0129
[OMPT] tid=642766 ompt_id=60235645016080385 tipo=ompt_thread_worker     last_cpu= 68 numa=1 mig=0 fallos=0 perf=full ipc=0.266 ratio_rm=0.0141
[OMPT] tid=642666 ompt_id=32088147345014785 tipo=ompt_thread_worker     last_cpu=195 numa=1 mig=0 fallos=0 perf=full ipc=0.285 ratio_rm=0.0122
[OMPT] tid=642807 ompt_id=71776119061217281 tipo=ompt_thread_worker     last_cpu= 42 numa=0 mig=0 fallos=0 perf=full ipc=0.204 ratio_rm=0.0252
[OMPT] tid=642724 ompt_id=48413695994232833 tipo=ompt_thread_worker     last_cpu=101 numa=1 mig=0 fallos=0 perf=full ipc=0.276 ratio_rm=0.0125
[OMPT] tid=642642 ompt_id=25332747903959041 tipo=ompt_thread_worker     last_cpu=229 numa=1 mig=0 fallos=0 perf=full ipc=0.266 ratio_rm=0.0122
[OMPT] tid=642592 ompt_id=11258999068426241 tipo=ompt_thread_worker     last_cpu=231 numa=1 mig=0 fallos=0 perf=full ipc=0.291 ratio_rm=0.0114
[OMPT] tid=642756 ompt_id=57420895248973825 tipo=ompt_thread_worker     last_cpu=224 numa=1 mig=0 fallos=0 perf=full ipc=0.274 ratio_rm=0.0159
[OMPT] tid=642712 ompt_id=45035996273704961 tipo=ompt_thread_worker     last_cpu= 97 numa=1 mig=0 fallos=0 perf=full ipc=0.311 ratio_rm=0.0145
[OMPT] tid=642614 ompt_id=17451448556060673 tipo=ompt_thread_worker     last_cpu= 96 numa=1 mig=0 fallos=0 perf=full ipc=0.263 ratio_rm=0.0180
[OMPT] tid=642680 ompt_id=36028797018963969 tipo=ompt_thread_worker     last_cpu=227 numa=1 mig=0 fallos=0 perf=full ipc=0.300 ratio_rm=0.0126
[OMPT] tid=642648 ompt_id=27021597764222977 tipo=ompt_thread_worker     last_cpu=196 numa=1 mig=0 fallos=0 perf=full ipc=0.279 ratio_rm=0.0110
[OMPT] tid=642604 ompt_id=14636698788954113 tipo=ompt_thread_worker     last_cpu=248 numa=1 mig=0 fallos=0 perf=full ipc=0.309 ratio_rm=0.0159
[OMPT] tid=642652 ompt_id=28147497671065601 tipo=ompt_thread_worker     last_cpu=251 numa=1 mig=0 fallos=0 perf=full ipc=0.298 ratio_rm=0.0129
[OMPT] tid=642780 ompt_id=64176294690029569 tipo=ompt_thread_worker     last_cpu=123 numa=1 mig=0 fallos=0 perf=full ipc=0.302 ratio_rm=0.0100
[OMPT] tid=642764 ompt_id=59672695062659073 tipo=ompt_thread_worker     last_cpu=124 numa=1 mig=0 fallos=0 perf=full ipc=0.281 ratio_rm=0.0124
[OMPT] tid=642748 ompt_id=54887620458577921 tipo=ompt_thread_worker     last_cpu=125 numa=1 mig=0 fallos=0 perf=full ipc=0.325 ratio_rm=0.0104
[OMPT] tid=642668 ompt_id=32651097298436097 tipo=ompt_thread_worker     last_cpu=252 numa=1 mig=0 fallos=0 perf=full ipc=0.303 ratio_rm=0.0120
[OMPT] tid=642730 ompt_id=50102545854496769 tipo=ompt_thread_worker     last_cpu= 87 numa=1 mig=0 fallos=0 perf=full ipc=0.348 ratio_rm=0.0123
[OMPT] tid=642608 ompt_id=15762598695796737 tipo=ompt_thread_worker     last_cpu=214 numa=1 mig=0 fallos=0 perf=full ipc=0.301 ratio_rm=0.0121
[OMPT] tid=642736 ompt_id=51791395714760705 tipo=ompt_thread_worker     last_cpu=128 numa=0 mig=0 fallos=0 perf=full ipc=0.213 ratio_rm=0.0246
[OMPT] tid=642660 ompt_id=30399297484750849 tipo=ompt_thread_worker     last_cpu=211 numa=1 mig=0 fallos=0 perf=full ipc=0.303 ratio_rm=0.0131
[OMPT] tid=642589 ompt_id=10414574138294273 tipo=ompt_thread_worker     last_cpu=215 numa=1 mig=0 fallos=0 perf=full ipc=0.346 ratio_rm=0.0107
[OMPT] tid=642760 ompt_id=58546795155816449 tipo=ompt_thread_worker     last_cpu= 85 numa=1 mig=0 fallos=0 perf=full ipc=0.333 ratio_rm=0.0117
[OMPT] tid=642800 ompt_id=69805794224242689 tipo=ompt_thread_worker     last_cpu= 82 numa=1 mig=0 fallos=0 perf=full ipc=0.297 ratio_rm=0.0132
[OMPT] tid=642624 ompt_id=20266198323167233 tipo=ompt_thread_worker     last_cpu=213 numa=1 mig=0 fallos=0 perf=full ipc=0.306 ratio_rm=0.0132
[OMPT] tid=642723 ompt_id=48132221017522177 tipo=ompt_thread_worker     last_cpu= 39 numa=0 mig=0 fallos=0 perf=full ipc=0.209 ratio_rm=0.0178
[OMPT] tid=642599 ompt_id=13229323905400833 tipo=ompt_thread_worker     last_cpu=167 numa=0 mig=0 fallos=0 perf=full ipc=0.198 ratio_rm=0.0217
[OMPT] tid=642663 ompt_id=31243722414882817 tipo=ompt_thread_worker     last_cpu=163 numa=0 mig=0 fallos=0 perf=full ipc=0.191 ratio_rm=0.0208
[OMPT] tid=642701 ompt_id=41939771529887745 tipo=ompt_thread_worker     last_cpu= 32 numa=0 mig=0 fallos=0 perf=full ipc=0.206 ratio_rm=0.0206
[OMPT] tid=642793 ompt_id=67835469387268097 tipo=ompt_thread_worker     last_cpu= 60 numa=0 mig=0 fallos=0 perf=full ipc=0.217 ratio_rm=0.0257
[OMPT] tid=642687 ompt_id=37999121855938561 tipo=ompt_thread_worker     last_cpu=169 numa=0 mig=0 fallos=0 perf=full ipc=0.201 ratio_rm=0.0171
[OMPT] tid=642601 ompt_id=13792273858822145 tipo=ompt_thread_worker     last_cpu=175 numa=0 mig=0 fallos=0 perf=full ipc=0.192 ratio_rm=0.0198
[OMPT] tid=642733 ompt_id=50946970784628737 tipo=ompt_thread_worker     last_cpu=  5 numa=0 mig=0 fallos=0 perf=full ipc=0.198 ratio_rm=0.0251
[OMPT] tid=642605 ompt_id=14918173765664769 tipo=ompt_thread_worker     last_cpu=  1 numa=0 mig=0 fallos=0 perf=full ipc=0.208 ratio_rm=0.0264
[OMPT] tid=642627 ompt_id=21110623253299201 tipo=ompt_thread_worker     last_cpu= 41 numa=0 mig=0 fallos=0 perf=full ipc=0.189 ratio_rm=0.0140
[OMPT] tid=642773 ompt_id=62205969853054977 tipo=ompt_thread_worker     last_cpu= 52 numa=0 mig=0 fallos=0 perf=full ipc=0.197 ratio_rm=0.0159
[OMPT] tid=642641 ompt_id=25051272927248385 tipo=ompt_thread_worker     last_cpu=180 numa=0 mig=0 fallos=0 perf=full ipc=0.232 ratio_rm=0.0080
[OMPT] tid=642618 ompt_id=18577348462903297 tipo=ompt_thread_worker     last_cpu=206 numa=1 mig=0 fallos=0 perf=full ipc=0.303 ratio_rm=0.0108
[OMPT] tid=642746 ompt_id=54324670505156609 tipo=ompt_thread_worker     last_cpu= 78 numa=1 mig=0 fallos=0 perf=full ipc=0.300 ratio_rm=0.0131
[OMPT] tid=642634 ompt_id=23080948090273793 tipo=ompt_thread_worker     last_cpu=205 numa=1 mig=0 fallos=0 perf=full ipc=0.296 ratio_rm=0.0126
[OMPT] tid=642754 ompt_id=56857945295552513 tipo=ompt_thread_worker     last_cpu= 77 numa=1 mig=0 fallos=0 perf=full ipc=0.299 ratio_rm=0.0123
[OMPT] tid=642688 ompt_id=38280596832649217 tipo=ompt_thread_worker     last_cpu=209 numa=1 mig=0 fallos=0 perf=full ipc=0.329 ratio_rm=0.0136
[OMPT] tid=642702 ompt_id=42221246506598401 tipo=ompt_thread_worker     last_cpu=208 numa=1 mig=0 fallos=0 perf=full ipc=0.288 ratio_rm=0.0193
[OMPT] tid=642792 ompt_id=67272519433846785 tipo=ompt_thread_worker     last_cpu= 83 numa=1 mig=0 fallos=0 perf=full ipc=0.356 ratio_rm=0.0113
[OMPT] tid=642676 ompt_id=34902897112121345 tipo=ompt_thread_worker     last_cpu=210 numa=1 mig=0 fallos=0 perf=full ipc=0.290 ratio_rm=0.0157
[OMPT] tid=642776 ompt_id=63050394783186945 tipo=ompt_thread_worker     last_cpu= 84 numa=1 mig=0 fallos=0 perf=full ipc=0.307 ratio_rm=0.0116
[OMPT] tid=642685 ompt_id=37436171902517249 tipo=ompt_thread_worker     last_cpu=185 numa=0 mig=0 fallos=0 perf=full ipc=0.199 ratio_rm=0.0230
[OMPT] tid=642651 ompt_id=27866022694354945 tipo=ompt_thread_worker     last_cpu=148 numa=0 mig=0 fallos=0 perf=full ipc=0.212 ratio_rm=0.0212
[OMPT] tid=642593 ompt_id=11540474045136897 tipo=ompt_thread_worker     last_cpu=151 numa=0 mig=0 fallos=0 perf=full ipc=0.241 ratio_rm=0.0201
[OMPT] tid=642731 ompt_id=50384020831207425 tipo=ompt_thread_worker     last_cpu= 23 numa=0 mig=0 fallos=0 perf=full ipc=0.233 ratio_rm=0.0196
[OMPT] tid=642738 ompt_id=52354345668182017 tipo=ompt_thread_worker     last_cpu=225 numa=1 mig=0 fallos=0 perf=full ipc=0.311 ratio_rm=0.0136
[OMPT] tid=642664 ompt_id=31525197391593473 tipo=ompt_thread_worker     last_cpu=228 numa=1 mig=0 fallos=0 perf=full ipc=0.282 ratio_rm=0.0128
[OMPT] tid=642804 ompt_id=70931694131085313 tipo=ompt_thread_worker     last_cpu=100 numa=1 mig=0 fallos=0 perf=full ipc=0.298 ratio_rm=0.0132
[OMPT] tid=642784 ompt_id=65302194596872193 tipo=ompt_thread_worker     last_cpu=102 numa=1 mig=0 fallos=0 perf=full ipc=0.273 ratio_rm=0.0106
[OMPT] tid=642768 ompt_id=60798594969501697 tipo=ompt_thread_worker     last_cpu=103 numa=1 mig=0 fallos=0 perf=full ipc=0.268 ratio_rm=0.0109
[OMPT] tid=642692 ompt_id=39406496739491841 tipo=ompt_thread_worker     last_cpu=226 numa=1 mig=0 fallos=0 perf=full ipc=0.271 ratio_rm=0.0129
[OMPT] tid=642630 ompt_id=21955048183431169 tipo=ompt_thread_worker     last_cpu=230 numa=1 mig=0 fallos=0 perf=full ipc=0.282 ratio_rm=0.0117
[OMPT] tid=642734 ompt_id=51228445761339393 tipo=ompt_thread_worker     last_cpu= 94 numa=1 mig=0 fallos=0 perf=full ipc=0.289 ratio_rm=0.0108
[OMPT] tid=642707 ompt_id=43628621390151681 tipo=ompt_thread_worker     last_cpu=216 numa=1 mig=0 fallos=0 perf=full ipc=0.275 ratio_rm=0.0211
[OMPT] tid=642644 ompt_id=25895697857380353 tipo=ompt_thread_worker     last_cpu=220 numa=1 mig=0 fallos=0 perf=full ipc=0.290 ratio_rm=0.0112
[OMPT] tid=642610 ompt_id=16325548649218049 tipo=ompt_thread_worker     last_cpu=222 numa=1 mig=0 fallos=0 perf=full ipc=0.302 ratio_rm=0.0116
[OMPT] tid=642674 ompt_id=34339947158700033 tipo=ompt_thread_worker     last_cpu=218 numa=1 mig=0 fallos=0 perf=full ipc=0.321 ratio_rm=0.0161
[OMPT] tid=642806 ompt_id=71213169107795969 tipo=ompt_thread_worker     last_cpu= 90 numa=1 mig=0 fallos=0 perf=full ipc=0.297 ratio_rm=0.0156
[OMPT] tid=642615 ompt_id=17732923532771329 tipo=ompt_thread_worker     last_cpu=182 numa=0 mig=0 fallos=0 perf=full ipc=0.241 ratio_rm=0.0235
[OMPT] tid=642640 ompt_id=24769797950537729 tipo=ompt_thread_worker     last_cpu=212 numa=1 mig=0 fallos=0 perf=full ipc=0.339 ratio_rm=0.0118
[OMPT] tid=642801 ompt_id=70087269200953345 tipo=ompt_thread_worker     last_cpu= 26 numa=0 mig=0 fallos=0 perf=full ipc=0.196 ratio_rm=0.0235
[OMPT] tid=642789 ompt_id=66991044457136129 tipo=ompt_thread_worker     last_cpu= 51 numa=0 mig=0 fallos=0 perf=full ipc=0.249 ratio_rm=0.0186
[OMPT] tid=642761 ompt_id=58828270132527105 tipo=ompt_thread_worker     last_cpu= 53 numa=0 mig=0 fallos=0 perf=full ipc=0.259 ratio_rm=0.0238
[OMPT] tid=642661 ompt_id=30680772461461505 tipo=ompt_thread_worker     last_cpu= 48 numa=0 mig=0 fallos=0 perf=full ipc=0.218 ratio_rm=0.0250
[OMPT] tid=642791 ompt_id=67553994410557441 tipo=ompt_thread_worker     last_cpu= 35 numa=0 mig=0 fallos=0 perf=full ipc=0.177 ratio_rm=0.0183
[OMPT] tid=642753 ompt_id=56576470318841857 tipo=ompt_thread_worker     last_cpu= 37 numa=0 mig=0 fallos=0 perf=full ipc=0.159 ratio_rm=0.0167
[OMPT] tid=642735 ompt_id=51509920738050049 tipo=ompt_thread_worker     last_cpu= 38 numa=0 mig=0 fallos=0 perf=full ipc=0.187 ratio_rm=0.0166
[OMPT] tid=642715 ompt_id=45880421203836929 tipo=ompt_thread_worker     last_cpu=144 numa=0 mig=0 fallos=0 perf=full ipc=0.236 ratio_rm=0.0211
[OMPT] tid=642607 ompt_id=15481123719086081 tipo=ompt_thread_worker     last_cpu=190 numa=0 mig=0 fallos=0 perf=full ipc=0.205 ratio_rm=0.0172
[OMPT] tid=642639 ompt_id=24488322973827073 tipo=ompt_thread_worker     last_cpu=188 numa=0 mig=0 fallos=0 perf=full ipc=0.225 ratio_rm=0.0197
[OMPT] tid=642729 ompt_id=49821070877786113 tipo=ompt_thread_worker     last_cpu= 63 numa=0 mig=0 fallos=0 perf=full ipc=0.221 ratio_rm=0.0228
[OMPT] tid=642595 ompt_id=12384898975268865 tipo=ompt_thread_worker     last_cpu=191 numa=0 mig=0 fallos=0 perf=full ipc=0.209 ratio_rm=0.0201
[OMPT] tid=642741 ompt_id=53198770598313985 tipo=ompt_thread_worker     last_cpu= 30 numa=0 mig=0 fallos=0 perf=full ipc=0.234 ratio_rm=0.0223
[OMPT] tid=642603 ompt_id=14355223812243457 tipo=ompt_thread_worker     last_cpu=159 numa=0 mig=0 fallos=0 perf=full ipc=0.258 ratio_rm=0.0213
[OMPT] tid=642659 ompt_id=30117822508040193 tipo=ompt_thread_worker     last_cpu=155 numa=0 mig=0 fallos=0 perf=full ipc=0.241 ratio_rm=0.0222
[OMPT] tid=642718 ompt_id=46724846133968897 tipo=ompt_thread_worker     last_cpu= 93 numa=1 mig=0 fallos=0 perf=full ipc=0.299 ratio_rm=0.0142
[OMPT] tid=642650 ompt_id=27584547717644289 tipo=ompt_thread_worker     last_cpu=204 numa=1 mig=0 fallos=0 perf=full ipc=0.276 ratio_rm=0.0131
[OMPT] tid=642602 ompt_id=14073748835532801 tipo=ompt_thread_worker     last_cpu=183 numa=0 mig=0 fallos=0 perf=full ipc=0.219 ratio_rm=0.0147
[OMPT] tid=642721 ompt_id=47569271064100865 tipo=ompt_thread_worker     last_cpu= 55 numa=0 mig=0 fallos=0 perf=full ipc=0.211 ratio_rm=0.0114
[OMPT] tid=642705 ompt_id=43065671436730369 tipo=ompt_thread_worker     last_cpu=168 numa=0 mig=0 fallos=0 perf=full ipc=0.182 ratio_rm=0.0249
[OMPT] tid=642743 ompt_id=53761720551735297 tipo=ompt_thread_worker     last_cpu= 46 numa=0 mig=0 fallos=0 perf=full ipc=0.219 ratio_rm=0.0196
[OMPT] tid=642591 ompt_id=10977524091715585 tipo=ompt_thread_worker     last_cpu=  0 numa=0 mig=0 fallos=0 perf=full ipc=0.235 ratio_rm=0.0248
[OMPT] tid=642785 ompt_id=65583669573582849 tipo=ompt_thread_worker     last_cpu= 43 numa=0 mig=0 fallos=0 perf=full ipc=0.183 ratio_rm=0.0179
[OMPT] tid=642727 ompt_id=49258120924364801 tipo=ompt_thread_worker     last_cpu= 47 numa=0 mig=0 fallos=0 perf=full ipc=0.208 ratio_rm=0.0153
[OMPT] tid=642613 ompt_id=17169973579350017 tipo=ompt_thread_worker     last_cpu=174 numa=0 mig=0 fallos=0 perf=full ipc=0.214 ratio_rm=0.0179
[OMPT] tid=642749 ompt_id=55450570411999233 tipo=ompt_thread_worker     last_cpu=  6 numa=0 mig=0 fallos=0 perf=full ipc=0.212 ratio_rm=0.0208
[OMPT] tid=642699 ompt_id=41376821576466433 tipo=ompt_thread_worker     last_cpu=134 numa=0 mig=0 fallos=0 perf=full ipc=0.223 ratio_rm=0.0246
[OMPT] tid=642747 ompt_id=55169095435288577 tipo=ompt_thread_worker     last_cpu= 22 numa=0 mig=0 fallos=0 perf=full ipc=0.230 ratio_rm=0.0183
[OMPT] tid=642772 ompt_id=61924494876344321 tipo=ompt_thread_worker     last_cpu= 76 numa=1 mig=0 fallos=0 perf=full ipc=0.264 ratio_rm=0.0131
[OMPT] tid=642777 ompt_id=63331869759897601 tipo=ompt_thread_worker     last_cpu= 61 numa=0 mig=0 fallos=0 perf=full ipc=0.229 ratio_rm=0.0204
[OMPT] tid=642631 ompt_id=22236523160141825 tipo=ompt_thread_worker     last_cpu=189 numa=0 mig=0 fallos=0 perf=full ipc=0.228 ratio_rm=0.0218
[OMPT] tid=642725 ompt_id=48695170970943489 tipo=ompt_thread_worker     last_cpu= 31 numa=0 mig=0 fallos=0 perf=full ipc=0.247 ratio_rm=0.0184
[OMPT] tid=642633 ompt_id=22799473113563137 tipo=ompt_thread_worker     last_cpu=157 numa=0 mig=0 fallos=0 perf=full ipc=0.222 ratio_rm=0.0209
[OMPT] tid=642617 ompt_id=18295873486192641 tipo=ompt_thread_worker     last_cpu=158 numa=0 mig=0 fallos=0 perf=full ipc=0.220 ratio_rm=0.0285
[OMPT] tid=642803 ompt_id=70650219154374657 tipo=ompt_thread_worker     last_cpu= 34 numa=0 mig=0 fallos=0 perf=full ipc=0.168 ratio_rm=0.0199
[OMPT] tid=642677 ompt_id=35184372088832001 tipo=ompt_thread_worker     last_cpu=162 numa=0 mig=0 fallos=0 perf=full ipc=0.155 ratio_rm=0.0251
[OMPT] tid=642612 ompt_id=16888498602639361 tipo=ompt_thread_worker     last_cpu=166 numa=0 mig=0 fallos=0 perf=full ipc=0.191 ratio_rm=0.0203
[OMPT] tid=642769 ompt_id=61080069946212353 tipo=ompt_thread_worker     last_cpu= 36 numa=0 mig=0 fallos=0 perf=full ipc=0.155 ratio_rm=0.0203
[OMPT] tid=642643 ompt_id=25614222880669697 tipo=ompt_thread_worker     last_cpu=164 numa=0 mig=0 fallos=0 perf=full ipc=0.185 ratio_rm=0.0189
[OMPT] tid=642623 ompt_id=19984723346456577 tipo=ompt_thread_worker     last_cpu=165 numa=0 mig=0 fallos=0 perf=full ipc=0.175 ratio_rm=0.0136
[OMPT] tid=642697 ompt_id=40813871623045121 tipo=ompt_thread_worker     last_cpu=145 numa=0 mig=0 fallos=0 perf=full ipc=0.215 ratio_rm=0.0258
[OMPT] tid=642635 ompt_id=23362423066984449 tipo=ompt_thread_worker     last_cpu=149 numa=0 mig=0 fallos=0 perf=full ipc=0.242 ratio_rm=0.0210
[OMPT] tid=642763 ompt_id=59391220085948417 tipo=ompt_thread_worker     last_cpu= 21 numa=0 mig=0 fallos=0 perf=full ipc=0.259 ratio_rm=0.0208
[OMPT] tid=642759 ompt_id=58265320179105793 tipo=ompt_thread_worker     last_cpu= 45 numa=0 mig=0 fallos=0 perf=full ipc=0.182 ratio_rm=0.0173
[OMPT] tid=642619 ompt_id=18858823439613953 tipo=ompt_thread_worker     last_cpu=150 numa=0 mig=0 fallos=0 perf=full ipc=0.242 ratio_rm=0.0173
[OMPT] tid=642779 ompt_id=63894819713318913 tipo=ompt_thread_worker     last_cpu= 20 numa=0 mig=0 fallos=0 perf=full ipc=0.213 ratio_rm=0.0163
[OMPT] tid=642786 ompt_id=65865144550293505 tipo=ompt_thread_worker     last_cpu= 75 numa=1 mig=0 fallos=0 perf=full ipc=0.286 ratio_rm=0.0158
[OMPT] tid=642708 ompt_id=43910096366862337 tipo=ompt_thread_worker     last_cpu=200 numa=1 mig=0 fallos=0 perf=full ipc=0.307 ratio_rm=0.0175
[OMPT] tid=642682 ompt_id=36591746972385281 tipo=ompt_thread_worker     last_cpu=202 numa=1 mig=0 fallos=0 perf=full ipc=0.259 ratio_rm=0.0201
[OMPT] tid=642658 ompt_id=29836347531329537 tipo=ompt_thread_worker     last_cpu=203 numa=1 mig=0 fallos=0 perf=full ipc=0.285 ratio_rm=0.0151
[OMPT] tid=642771 ompt_id=61643019899633665 tipo=ompt_thread_worker     last_cpu= 44 numa=0 mig=0 fallos=0 perf=full ipc=0.201 ratio_rm=0.0190
[OMPT] tid=642645 ompt_id=26177172834091009 tipo=ompt_thread_worker     last_cpu=172 numa=0 mig=0 fallos=0 perf=full ipc=0.200 ratio_rm=0.0230
[OMPT] tid=642625 ompt_id=20547673299877889 tipo=ompt_thread_worker     last_cpu=173 numa=0 mig=0 fallos=0 perf=full ipc=0.207 ratio_rm=0.0180
[OMPT] tid=642675 ompt_id=34621422135410689 tipo=ompt_thread_worker     last_cpu=170 numa=0 mig=0 fallos=0 perf=full ipc=0.181 ratio_rm=0.0204
[OMPT] tid=642781 ompt_id=64457769666740225 tipo=ompt_thread_worker     last_cpu=  8 numa=0 mig=0 fallos=0 perf=full ipc=0.259 ratio_rm=0.0283
[OMPT] tid=642679 ompt_id=35747322042253313 tipo=ompt_thread_worker     last_cpu=154 numa=0 mig=0 fallos=0 perf=full ipc=0.223 ratio_rm=0.0221
[OMPT] tid=642669 ompt_id=32932572275146753 tipo=ompt_thread_worker     last_cpu=186 numa=0 mig=0 fallos=0 perf=full ipc=0.211 ratio_rm=0.0252
[OMPT] tid=642795 ompt_id=68398419340689409 tipo=ompt_thread_worker     last_cpu= 19 numa=0 mig=0 fallos=0 perf=full ipc=0.224 ratio_rm=0.0186
[OMPT] tid=642665 ompt_id=31806672368304129 tipo=ompt_thread_worker     last_cpu=147 numa=0 mig=0 fallos=0 perf=full ipc=0.242 ratio_rm=0.0234
[OMPT] tid=642655 ompt_id=28991922601197569 tipo=ompt_thread_worker     last_cpu=171 numa=0 mig=0 fallos=0 perf=full ipc=0.188 ratio_rm=0.0199
[OMPT] tid=642693 ompt_id=39687971716202497 tipo=ompt_thread_worker     last_cpu=137 numa=0 mig=0 fallos=0 perf=full ipc=0.219 ratio_rm=0.0297
[OMPT] tid=642621 ompt_id=19421773393035265 tipo=ompt_thread_worker     last_cpu=  2 numa=0 mig=0 fallos=0 perf=full ipc=0.210 ratio_rm=0.0310
[OMPT] tid=642737 ompt_id=52072870691471361 tipo=ompt_thread_worker     last_cpu= 65 numa=1 mig=0 fallos=0 perf=full ipc=0.266 ratio_rm=0.0271
[OMPT] tid=642609 ompt_id=16044073672507393 tipo=ompt_thread_worker     last_cpu=142 numa=0 mig=0 fallos=0 perf=full ipc=0.224 ratio_rm=0.0259
[OMPT] tid=642739 ompt_id=52635820644892673 tipo=ompt_thread_worker     last_cpu= 62 numa=0 mig=0 fallos=0 perf=full ipc=0.216 ratio_rm=0.0203
[OMPT] tid=642653 ompt_id=28428972647776257 tipo=ompt_thread_worker     last_cpu=105 numa=1 mig=0 fallos=0 perf=full ipc=0.286 ratio_rm=0.0308
[OMPT] ===== Overhead intrínseco =====
  monitor: 5 ticks, 18241.5 us total (max 9718.5 us/tick)
  callbacks implicit_task: 40449, 49830285.3 us total
  migraciones: 0 (0.0 us total)
  resyncs=0  lecturas escaladas por multiplexado=3072
  hilos con perf fallido=0  parcial(ipc_only)=0
  ventanas con ciclos=256  con fills=256
