[OMPT] ompt_initialize (OPCIÓN C: integrador con fugas)  verbose=0  migracion=DESACTIVADA
[HWLOC] Nodos NUMA detectados: 2 (usados: 2)
[HWLOC] Nodo 0: 128 CPUs
[HWLOC] Nodo 1: 128 CPUs
[OMPT] callback 'ompt_callback_thread_begin' registrado (result=5)
[OMPT] callback 'ompt_callback_thread_end' registrado (result=5)
[OMPT] callback 'ompt_callback_parallel_begin' registrado (result=5)
[OMPT] callback 'ompt_callback_parallel_end' registrado (result=5)
[OMPT] callback 'ompt_callback_implicit_task' registrado (result=5)
[OMPT] callback 'ompt_callback_control_tool' registrado (result=5)
[OMPT] Callbacks registrados
[OMPT] Sistema: 0 procesadores lógicos
[OMPT][MON] Monitor (C: integrador con fugas)  período=100ms  warmup=5  T=ref+1.00*MAD  leak=0.50*MAD  cap=8.00*MAD  max_mig=1  migracion=DESACTIVADA
[perf_region] tool OMPT detectado: los contadores los lleva el tool, no se abren aqui
[OMPT] control_tool: INICIANDO medicion
[OMPT] control_tool: PAUSANDO medicion
[OMPT] ompt_finalize
[OMPT][MON] Monitor detenido tras 3 ventanas
[OMPT] CSV de ventanas: 128 filas volcadas (0 descartadas)
[OMPT] ===== Tabla final: 128 hilos =====
[OMPT] tid=647791 ompt_id=281474976710657 tipo=ompt_thread_initial    last_cpu=255 numa=1 mig=0 fallos=0 perf=full ipc=0.514 ratio_rm=0.0005
[OMPT] tid=647793 ompt_id=562949953421313 tipo=ompt_thread_worker     last_cpu=124 numa=1 mig=0 fallos=0 perf=full ipc=0.530 ratio_rm=0.0004
[OMPT] tid=647794 ompt_id=844424930131969 tipo=ompt_thread_worker     last_cpu=123 numa=1 mig=0 fallos=0 perf=full ipc=0.536 ratio_rm=0.0004
[OMPT] tid=647795 ompt_id=1125899906842625 tipo=ompt_thread_worker     last_cpu=  1 numa=0 mig=0 fallos=0 perf=full ipc=0.604 ratio_rm=0.0047
[OMPT] tid=647796 ompt_id=1407374883553281 tipo=ompt_thread_worker     last_cpu=  6 numa=0 mig=0 fallos=0 perf=full ipc=0.395 ratio_rm=0.0016
[OMPT] tid=647797 ompt_id=1688849860263937 tipo=ompt_thread_worker     last_cpu=122 numa=1 mig=0 fallos=0 perf=full ipc=0.555 ratio_rm=0.0005
[OMPT] tid=647798 ompt_id=1970324836974593 tipo=ompt_thread_worker     last_cpu=228 numa=1 mig=0 fallos=0 perf=full ipc=0.577 ratio_rm=0.0006
[OMPT] tid=647800 ompt_id=2533274790395905 tipo=ompt_thread_worker     last_cpu= 30 numa=0 mig=0 fallos=0 perf=full ipc=0.398 ratio_rm=0.0028
[OMPT] tid=647803 ompt_id=3377699720527873 tipo=ompt_thread_worker     last_cpu=226 numa=1 mig=0 fallos=0 perf=full ipc=0.699 ratio_rm=0.0023
[OMPT] tid=647802 ompt_id=2814749767106561 tipo=ompt_thread_worker     last_cpu= 11 numa=0 mig=0 fallos=0 perf=full ipc=0.415 ratio_rm=0.0020
[OMPT] tid=647805 ompt_id=3940649673949185 tipo=ompt_thread_worker     last_cpu=120 numa=1 mig=0 fallos=0 perf=full ipc=0.549 ratio_rm=0.0005
[OMPT] tid=647799 ompt_id=2251799813685249 tipo=ompt_thread_worker     last_cpu= 12 numa=0 mig=0 fallos=0 perf=full ipc=0.417 ratio_rm=0.0023
[OMPT] tid=647804 ompt_id=3659174697238529 tipo=ompt_thread_worker     last_cpu=167 numa=0 mig=0 fallos=0 perf=full ipc=0.482 ratio_rm=0.0055
[OMPT] tid=647801 ompt_id=3096224743817217 tipo=ompt_thread_worker     last_cpu=121 numa=1 mig=0 fallos=0 perf=full ipc=0.532 ratio_rm=0.0006
[OMPT] tid=647808 ompt_id=4785074604081153 tipo=ompt_thread_worker     last_cpu=221 numa=1 mig=0 fallos=0 perf=full ipc=0.648 ratio_rm=0.0007
[OMPT] tid=647806 ompt_id=4222124650659841 tipo=ompt_thread_worker     last_cpu= 10 numa=0 mig=0 fallos=0 perf=full ipc=0.387 ratio_rm=0.0022
[OMPT] tid=647807 ompt_id=4503599627370497 tipo=ompt_thread_worker     last_cpu= 16 numa=0 mig=0 fallos=0 perf=full ipc=0.499 ratio_rm=0.0034
[OMPT] tid=647810 ompt_id=5348024557502465 tipo=ompt_thread_worker     last_cpu=126 numa=1 mig=0 fallos=0 perf=full ipc=0.543 ratio_rm=0.0004
[OMPT] tid=647809 ompt_id=5066549580791809 tipo=ompt_thread_worker     last_cpu=153 numa=0 mig=0 fallos=0 perf=full ipc=0.575 ratio_rm=0.0054
[OMPT] tid=647811 ompt_id=5629499534213121 tipo=ompt_thread_worker     last_cpu=  8 numa=0 mig=0 fallos=0 perf=full ipc=0.591 ratio_rm=0.0044
[OMPT] tid=647812 ompt_id=5910974510923777 tipo=ompt_thread_worker     last_cpu=  3 numa=0 mig=0 fallos=0 perf=full ipc=0.410 ratio_rm=0.0019
[OMPT] tid=647813 ompt_id=6192449487634433 tipo=ompt_thread_worker     last_cpu=130 numa=0 mig=0 fallos=0 perf=full ipc=0.400 ratio_rm=0.0029
[OMPT] tid=647814 ompt_id=6473924464345089 tipo=ompt_thread_worker     last_cpu=  4 numa=0 mig=0 fallos=0 perf=full ipc=0.420 ratio_rm=0.0028
[OMPT] tid=647815 ompt_id=6755399441055745 tipo=ompt_thread_worker     last_cpu=  7 numa=0 mig=0 fallos=0 perf=full ipc=0.416 ratio_rm=0.0016
[OMPT] tid=647816 ompt_id=7036874417766401 tipo=ompt_thread_worker     last_cpu=135 numa=0 mig=0 fallos=0 perf=full ipc=0.426 ratio_rm=0.0019
[OMPT] tid=647817 ompt_id=7318349394477057 tipo=ompt_thread_worker     last_cpu=254 numa=1 mig=0 fallos=0 perf=full ipc=0.540 ratio_rm=0.0004
[OMPT] tid=647818 ompt_id=7599824371187713 tipo=ompt_thread_worker     last_cpu= 14 numa=0 mig=0 fallos=0 perf=full ipc=0.417 ratio_rm=0.0032
[OMPT] tid=647819 ompt_id=7881299347898369 tipo=ompt_thread_worker     last_cpu=211 numa=1 mig=0 fallos=0 perf=full ipc=0.614 ratio_rm=0.0006
[OMPT] tid=647820 ompt_id=8162774324609025 tipo=ompt_thread_worker     last_cpu=242 numa=1 mig=0 fallos=0 perf=full ipc=0.753 ratio_rm=0.0018
[OMPT] tid=647821 ompt_id=8444249301319681 tipo=ompt_thread_worker     last_cpu= 13 numa=0 mig=0 fallos=0 perf=full ipc=0.417 ratio_rm=0.0022
[OMPT] tid=647822 ompt_id=8725724278030337 tipo=ompt_thread_worker     last_cpu=  9 numa=0 mig=0 fallos=0 perf=full ipc=0.606 ratio_rm=0.0037
[OMPT] tid=647823 ompt_id=9007199254740993 tipo=ompt_thread_worker     last_cpu=253 numa=1 mig=0 fallos=0 perf=full ipc=0.522 ratio_rm=0.0004
[OMPT] tid=647824 ompt_id=9288674231451649 tipo=ompt_thread_worker     last_cpu=223 numa=1 mig=0 fallos=0 perf=full ipc=0.640 ratio_rm=0.0007
[OMPT] tid=647825 ompt_id=9570149208162305 tipo=ompt_thread_worker     last_cpu=125 numa=1 mig=0 fallos=0 perf=full ipc=0.518 ratio_rm=0.0005
[OMPT] tid=647827 ompt_id=9851624184872961 tipo=ompt_thread_worker     last_cpu=127 numa=1 mig=0 fallos=0 perf=full ipc=0.531 ratio_rm=0.0004
[OMPT] tid=647826 ompt_id=10133099161583617 tipo=ompt_thread_worker     last_cpu= 26 numa=0 mig=0 fallos=0 perf=full ipc=0.565 ratio_rm=0.0061
[OMPT] tid=647870 ompt_id=22236523160141825 tipo=ompt_thread_worker     last_cpu=165 numa=0 mig=0 fallos=0 perf=full ipc=0.520 ratio_rm=0.0062
[OMPT] tid=647842 ompt_id=14355223812243457 tipo=ompt_thread_worker     last_cpu= 32 numa=0 mig=0 fallos=0 perf=full ipc=0.565 ratio_rm=0.0072
[OMPT] tid=647886 ompt_id=26740122787512321 tipo=ompt_thread_worker     last_cpu=164 numa=0 mig=0 fallos=0 perf=full ipc=0.554 ratio_rm=0.0054
[OMPT] tid=647836 ompt_id=12947848928690177 tipo=ompt_thread_worker     last_cpu=143 numa=0 mig=0 fallos=0 perf=full ipc=0.426 ratio_rm=0.0024
[OMPT] tid=647909 ompt_id=33214047251857409 tipo=ompt_thread_worker     last_cpu=227 numa=1 mig=0 fallos=0 perf=full ipc=0.579 ratio_rm=0.0008
[OMPT] tid=647879 ompt_id=24769797950537729 tipo=ompt_thread_worker     last_cpu=128 numa=0 mig=0 fallos=0 perf=full ipc=0.407 ratio_rm=0.0016
[OMPT] tid=647833 ompt_id=11821949021847553 tipo=ompt_thread_worker     last_cpu= 88 numa=1 mig=0 fallos=0 perf=full ipc=0.740 ratio_rm=0.0014
[OMPT] tid=647869 ompt_id=21955048183431169 tipo=ompt_thread_worker     last_cpu=142 numa=0 mig=0 fallos=0 perf=full ipc=0.422 ratio_rm=0.0026
[OMPT] tid=647878 ompt_id=24488322973827073 tipo=ompt_thread_worker     last_cpu=148 numa=0 mig=0 fallos=0 perf=full ipc=0.501 ratio_rm=0.0039
[OMPT] tid=647915 ompt_id=34902897112121345 tipo=ompt_thread_worker     last_cpu= 48 numa=0 mig=0 fallos=0 perf=full ipc=0.545 ratio_rm=0.0029
[OMPT] tid=647843 ompt_id=14636698788954113 tipo=ompt_thread_worker     last_cpu=248 numa=1 mig=0 fallos=0 perf=full ipc=0.535 ratio_rm=0.0006
[OMPT] tid=647891 ompt_id=28147497671065601 tipo=ompt_thread_worker     last_cpu=251 numa=1 mig=0 fallos=0 perf=full ipc=0.551 ratio_rm=0.0004
[OMPT] tid=647907 ompt_id=32651097298436097 tipo=ompt_thread_worker     last_cpu=252 numa=1 mig=0 fallos=0 perf=full ipc=0.559 ratio_rm=0.0004
[OMPT] tid=647875 ompt_id=23643898043695105 tipo=ompt_thread_worker     last_cpu=250 numa=1 mig=0 fallos=0 perf=full ipc=0.526 ratio_rm=0.0005
[OMPT] tid=647859 ompt_id=19140298416324609 tipo=ompt_thread_worker     last_cpu=249 numa=1 mig=0 fallos=0 perf=full ipc=0.543 ratio_rm=0.0005
[OMPT] tid=647917 ompt_id=35465847065542657 tipo=ompt_thread_worker     last_cpu=194 numa=1 mig=0 fallos=0 perf=full ipc=0.726 ratio_rm=0.0026
[OMPT] tid=647910 ompt_id=33495522228568065 tipo=ompt_thread_worker     last_cpu=146 numa=0 mig=0 fallos=0 perf=full ipc=0.582 ratio_rm=0.0044
[OMPT] tid=647852 ompt_id=17169973579350017 tipo=ompt_thread_worker     last_cpu=150 numa=0 mig=0 fallos=0 perf=full ipc=0.522 ratio_rm=0.0017
[OMPT] tid=647864 ompt_id=20547673299877889 tipo=ompt_thread_worker     last_cpu=149 numa=0 mig=0 fallos=0 perf=full ipc=0.556 ratio_rm=0.0037
[OMPT] tid=647911 ompt_id=33776997205278721 tipo=ompt_thread_worker     last_cpu=210 numa=1 mig=0 fallos=0 perf=full ipc=0.725 ratio_rm=0.0022
[OMPT] tid=647867 ompt_id=21392098230009857 tipo=ompt_thread_worker     last_cpu=213 numa=1 mig=0 fallos=0 perf=full ipc=0.613 ratio_rm=0.0004
[OMPT] tid=647897 ompt_id=29836347531329537 tipo=ompt_thread_worker     last_cpu= 49 numa=0 mig=0 fallos=0 perf=full ipc=0.608 ratio_rm=0.0048
[OMPT] tid=647831 ompt_id=11258999068426241 tipo=ompt_thread_worker     last_cpu=215 numa=1 mig=0 fallos=0 perf=full ipc=0.606 ratio_rm=0.0004
[OMPT] tid=647887 ompt_id=27021597764222977 tipo=ompt_thread_worker     last_cpu=212 numa=1 mig=0 fallos=0 perf=full ipc=0.620 ratio_rm=0.0005
[OMPT] tid=647855 ompt_id=18014398509481985 tipo=ompt_thread_worker     last_cpu=214 numa=1 mig=0 fallos=0 perf=full ipc=0.610 ratio_rm=0.0005
[OMPT] tid=647849 ompt_id=16325548649218049 tipo=ompt_thread_worker     last_cpu=222 numa=1 mig=0 fallos=0 perf=full ipc=0.651 ratio_rm=0.0006
[OMPT] tid=647881 ompt_id=25332747903959041 tipo=ompt_thread_worker     last_cpu=220 numa=1 mig=0 fallos=0 perf=full ipc=0.653 ratio_rm=0.0008
[OMPT] tid=647901 ompt_id=30962247438172161 tipo=ompt_thread_worker     last_cpu=219 numa=1 mig=0 fallos=0 perf=full ipc=0.681 ratio_rm=0.0008
[OMPT] tid=647874 ompt_id=23362423066984449 tipo=ompt_thread_worker     last_cpu=189 numa=0 mig=0 fallos=0 perf=full ipc=0.596 ratio_rm=0.0037
[OMPT] tid=647858 ompt_id=18858823439613953 tipo=ompt_thread_worker     last_cpu=190 numa=0 mig=0 fallos=0 perf=full ipc=0.603 ratio_rm=0.0036
[OMPT] tid=647906 ompt_id=32369622321725441 tipo=ompt_thread_worker     last_cpu=187 numa=0 mig=0 fallos=0 perf=full ipc=0.687 ratio_rm=0.0062
[OMPT] tid=647834 ompt_id=12103423998558209 tipo=ompt_thread_worker     last_cpu=191 numa=0 mig=0 fallos=0 perf=full ipc=0.654 ratio_rm=0.0052
[OMPT] tid=647890 ompt_id=27866022694354945 tipo=ompt_thread_worker     last_cpu=188 numa=0 mig=0 fallos=0 perf=full ipc=0.641 ratio_rm=0.0058
[OMPT] tid=647846 ompt_id=15481123719086081 tipo=ompt_thread_worker     last_cpu= 15 numa=0 mig=0 fallos=0 perf=full ipc=0.435 ratio_rm=0.0021
[OMPT] tid=647919 ompt_id=36028797018963969 tipo=ompt_thread_worker     last_cpu=202 numa=1 mig=0 fallos=0 perf=full ipc=0.705 ratio_rm=0.0023
[OMPT] tid=647883 ompt_id=25895697857380353 tipo=ompt_thread_worker     last_cpu=204 numa=1 mig=0 fallos=0 perf=full ipc=0.577 ratio_rm=0.0007
[OMPT] tid=647865 ompt_id=20829148276588545 tipo=ompt_thread_worker     last_cpu=205 numa=1 mig=0 fallos=0 perf=full ipc=0.571 ratio_rm=0.0005
[OMPT] tid=647905 ompt_id=32088147345014785 tipo=ompt_thread_worker     last_cpu=203 numa=1 mig=0 fallos=0 perf=full ipc=0.608 ratio_rm=0.0005
[OMPT] tid=647895 ompt_id=29273397577908225 tipo=ompt_thread_worker     last_cpu=  0 numa=0 mig=0 fallos=0 perf=full ipc=0.426 ratio_rm=0.0029
[OMPT] tid=647913 ompt_id=34339947158700033 tipo=ompt_thread_worker     last_cpu=234 numa=1 mig=0 fallos=0 perf=full ipc=0.717 ratio_rm=0.0022
[OMPT] tid=647884 ompt_id=26177172834091009 tipo=ompt_thread_worker     last_cpu=140 numa=0 mig=0 fallos=0 perf=full ipc=0.411 ratio_rm=0.0029
[OMPT] tid=647868 ompt_id=21673573206720513 tipo=ompt_thread_worker     last_cpu=141 numa=0 mig=0 fallos=0 perf=full ipc=0.434 ratio_rm=0.0025
[OMPT] tid=647914 ompt_id=34621422135410689 tipo=ompt_thread_worker     last_cpu=138 numa=0 mig=0 fallos=0 perf=full ipc=0.420 ratio_rm=0.0017
[OMPT] tid=647902 ompt_id=31243722414882817 tipo=ompt_thread_worker     last_cpu=163 numa=0 mig=0 fallos=0 perf=full ipc=0.521 ratio_rm=0.0042
[OMPT] tid=647829 ompt_id=10696049115004929 tipo=ompt_thread_worker     last_cpu=207 numa=1 mig=0 fallos=0 perf=full ipc=0.572 ratio_rm=0.0003
[OMPT] tid=647851 ompt_id=16888498602639361 tipo=ompt_thread_worker     last_cpu=206 numa=1 mig=0 fallos=0 perf=full ipc=0.578 ratio_rm=0.0005
[OMPT] tid=647903 ompt_id=31525197391593473 tipo=ompt_thread_worker     last_cpu=195 numa=1 mig=0 fallos=0 perf=full ipc=0.619 ratio_rm=0.0007
[OMPT] tid=647839 ompt_id=13229323905400833 tipo=ompt_thread_worker     last_cpu=199 numa=1 mig=0 fallos=0 perf=full ipc=0.588 ratio_rm=0.0005
[OMPT] tid=647857 ompt_id=18577348462903297 tipo=ompt_thread_worker     last_cpu=198 numa=1 mig=0 fallos=0 perf=full ipc=0.611 ratio_rm=0.0005
[OMPT] tid=647889 ompt_id=27584547717644289 tipo=ompt_thread_worker     last_cpu=196 numa=1 mig=0 fallos=0 perf=full ipc=0.614 ratio_rm=0.0007
[OMPT] tid=647871 ompt_id=22517998136852481 tipo=ompt_thread_worker     last_cpu=245 numa=1 mig=0 fallos=0 perf=full ipc=0.682 ratio_rm=0.0004
[OMPT] tid=647899 ompt_id=30399297484750849 tipo=ompt_thread_worker     last_cpu=243 numa=1 mig=0 fallos=0 perf=full ipc=0.690 ratio_rm=0.0006
[OMPT] tid=647885 ompt_id=26458647810801665 tipo=ompt_thread_worker     last_cpu=244 numa=1 mig=0 fallos=0 perf=full ipc=0.696 ratio_rm=0.0006
[OMPT] tid=647840 ompt_id=13792273858822145 tipo=ompt_thread_worker     last_cpu=183 numa=0 mig=0 fallos=0 perf=full ipc=0.638 ratio_rm=0.0071
[OMPT] tid=647918 ompt_id=35747322042253313 tipo=ompt_thread_worker     last_cpu=170 numa=0 mig=0 fallos=0 perf=full ipc=0.608 ratio_rm=0.0053
[OMPT] tid=647904 ompt_id=31806672368304129 tipo=ompt_thread_worker     last_cpu=155 numa=0 mig=0 fallos=0 perf=full ipc=0.571 ratio_rm=0.0066
[OMPT] tid=647830 ompt_id=10977524091715585 tipo=ompt_thread_worker     last_cpu=157 numa=0 mig=0 fallos=0 perf=full ipc=0.509 ratio_rm=0.0047
[OMPT] tid=647856 ompt_id=18295873486192641 tipo=ompt_thread_worker     last_cpu=159 numa=0 mig=0 fallos=0 perf=full ipc=0.500 ratio_rm=0.0055
[OMPT] tid=647863 ompt_id=20266198323167233 tipo=ompt_thread_worker     last_cpu=229 numa=1 mig=0 fallos=0 perf=full ipc=0.561 ratio_rm=0.0007
[OMPT] tid=647835 ompt_id=12384898975268865 tipo=ompt_thread_worker     last_cpu=231 numa=1 mig=0 fallos=0 perf=full ipc=0.566 ratio_rm=0.0006
[OMPT] tid=647845 ompt_id=15199648742375425 tipo=ompt_thread_worker     last_cpu=230 numa=1 mig=0 fallos=0 perf=full ipc=0.566 ratio_rm=0.0006
[OMPT] tid=647853 ompt_id=17451448556060673 tipo=ompt_thread_worker     last_cpu=246 numa=1 mig=0 fallos=0 perf=full ipc=0.682 ratio_rm=0.0004
[OMPT] tid=647841 ompt_id=14073748835532801 tipo=ompt_thread_worker     last_cpu=151 numa=0 mig=0 fallos=0 perf=full ipc=0.529 ratio_rm=0.0069
[OMPT] tid=647894 ompt_id=28991922601197569 tipo=ompt_thread_worker     last_cpu=147 numa=0 mig=0 fallos=0 perf=full ipc=0.550 ratio_rm=0.0044
[OMPT] tid=647861 ompt_id=19703248369745921 tipo=ompt_thread_worker     last_cpu=237 numa=1 mig=0 fallos=0 perf=full ipc=0.544 ratio_rm=0.0007
[OMPT] tid=647893 ompt_id=28710447624486913 tipo=ompt_thread_worker     last_cpu=235 numa=1 mig=0 fallos=0 perf=full ipc=0.562 ratio_rm=0.0010
[OMPT] tid=647847 ompt_id=15762598695796737 tipo=ompt_thread_worker     last_cpu=238 numa=1 mig=0 fallos=0 perf=full ipc=0.552 ratio_rm=0.0007
[OMPT] tid=647877 ompt_id=24206847997116417 tipo=ompt_thread_worker     last_cpu=236 numa=1 mig=0 fallos=0 perf=full ipc=0.551 ratio_rm=0.0008
[OMPT] tid=647837 ompt_id=12666373951979521 tipo=ompt_thread_worker     last_cpu=239 numa=1 mig=0 fallos=0 perf=full ipc=0.536 ratio_rm=0.0007
[OMPT] tid=647912 ompt_id=34058472181989377 tipo=ompt_thread_worker     last_cpu=178 numa=0 mig=0 fallos=0 perf=full ipc=0.617 ratio_rm=0.0038
[OMPT] tid=647916 ompt_id=35184372088832001 tipo=ompt_thread_worker     last_cpu=152 numa=0 mig=0 fallos=0 perf=full ipc=0.736 ratio_rm=0.0057
[OMPT] tid=647838 ompt_id=13510798882111489 tipo=ompt_thread_worker     last_cpu=175 numa=0 mig=0 fallos=0 perf=full ipc=0.482 ratio_rm=0.0053
[OMPT] tid=647854 ompt_id=17732923532771329 tipo=ompt_thread_worker     last_cpu=166 numa=0 mig=0 fallos=0 perf=full ipc=0.543 ratio_rm=0.0042
[OMPT] tid=647828 ompt_id=10414574138294273 tipo=ompt_thread_worker     last_cpu=247 numa=1 mig=0 fallos=0 perf=full ipc=0.678 ratio_rm=0.0005
[OMPT] tid=647898 ompt_id=30117822508040193 tipo=ompt_thread_worker     last_cpu=139 numa=0 mig=0 fallos=0 perf=full ipc=0.439 ratio_rm=0.0036
[OMPT] tid=647908 ompt_id=32932572275146753 tipo=ompt_thread_worker     last_cpu=134 numa=0 mig=0 fallos=0 perf=full ipc=0.401 ratio_rm=0.0028
[OMPT] tid=647862 ompt_id=19984723346456577 tipo=ompt_thread_worker     last_cpu= 54 numa=0 mig=0 fallos=0 perf=full ipc=0.430 ratio_rm=0.0018
[OMPT] tid=647896 ompt_id=29554872554618881 tipo=ompt_thread_worker     last_cpu=179 numa=0 mig=0 fallos=0 perf=full ipc=0.498 ratio_rm=0.0047
[OMPT] tid=647888 ompt_id=27303072740933633 tipo=ompt_thread_worker     last_cpu=156 numa=0 mig=0 fallos=0 perf=full ipc=0.650 ratio_rm=0.0044
[OMPT] tid=647872 ompt_id=22799473113563137 tipo=ompt_thread_worker     last_cpu=158 numa=0 mig=0 fallos=0 perf=full ipc=0.401 ratio_rm=0.0028
[OMPT] tid=647866 ompt_id=21110623253299201 tipo=ompt_thread_worker     last_cpu=173 numa=0 mig=0 fallos=0 perf=full ipc=0.487 ratio_rm=0.0056
[OMPT] tid=647848 ompt_id=16044073672507393 tipo=ompt_thread_worker     last_cpu=174 numa=0 mig=0 fallos=0 perf=full ipc=0.489 ratio_rm=0.0041
[OMPT] tid=647892 ompt_id=28428972647776257 tipo=ompt_thread_worker     last_cpu=133 numa=0 mig=0 fallos=0 perf=full ipc=0.482 ratio_rm=0.0049
[OMPT] tid=647876 ompt_id=23925373020405761 tipo=ompt_thread_worker     last_cpu=132 numa=0 mig=0 fallos=0 perf=full ipc=0.392 ratio_rm=0.0024
[OMPT] tid=647860 ompt_id=19421773393035265 tipo=ompt_thread_worker     last_cpu=181 numa=0 mig=0 fallos=0 perf=full ipc=0.497 ratio_rm=0.0058
[OMPT] tid=647882 ompt_id=25614222880669697 tipo=ompt_thread_worker     last_cpu=172 numa=0 mig=0 fallos=0 perf=full ipc=0.537 ratio_rm=0.0055
[OMPT] tid=647873 ompt_id=23080948090273793 tipo=ompt_thread_worker     last_cpu=197 numa=1 mig=0 fallos=0 perf=full ipc=0.608 ratio_rm=0.0008
[OMPT] tid=647832 ompt_id=11540474045136897 tipo=ompt_thread_worker     last_cpu=  2 numa=0 mig=0 fallos=0 perf=full ipc=0.404 ratio_rm=0.0041
[OMPT] tid=647850 ompt_id=16607023625928705 tipo=ompt_thread_worker     last_cpu=182 numa=0 mig=0 fallos=0 perf=full ipc=0.418 ratio_rm=0.0024
[OMPT] tid=647900 ompt_id=30680772461461505 tipo=ompt_thread_worker     last_cpu=171 numa=0 mig=0 fallos=0 perf=full ipc=0.533 ratio_rm=0.0054
[OMPT] tid=647880 ompt_id=25051272927248385 tipo=ompt_thread_worker     last_cpu=180 numa=0 mig=0 fallos=0 perf=full ipc=0.542 ratio_rm=0.0044
[OMPT] tid=647844 ompt_id=14918173765664769 tipo=ompt_thread_worker     last_cpu=131 numa=0 mig=0 fallos=0 perf=full ipc=0.404 ratio_rm=0.0022
[OMPT] ===== Overhead intrínseco =====
  monitor: 3 ticks, 7160.5 us total (max 3864.8 us/tick)
  callbacks implicit_task: 20225, 11005263.3 us total
  migraciones: 0 (0.0 us total)
  resyncs=0  lecturas escaladas por multiplexado=1536
  hilos con perf fallido=0  parcial(ipc_only)=0
  ventanas con ciclos=128  con fills=128
