[OMPT] ompt_initialize (OPCIÓN C: integrador con fugas)  verbose=0  migracion=activa
[HWLOC] Nodos NUMA detectados: 2 (usados: 2)
[HWLOC] Nodo 0: 128 CPUs
[HWLOC] Nodo 1: 128 CPUs
[OMPT] callback 'ompt_callback_thread_begin' registrado (result=5)
[OMPT] callback 'ompt_callback_thread_end' registrado (result=5)
[OMPT] callback 'ompt_callback_parallel_begin' registrado (result=5)
[OMPT] callback 'ompt_callback_parallel_end' registrado (result=5)
[OMPT] callback 'ompt_callback_implicit_task' registrado (result=5)
[OMPT] callback 'ompt_callback_control_tool' registrado (result=5)
[OMPT] Callbacks registrados
[OMPT] Sistema: 0 procesadores lógicos
[OMPT][MON] Monitor (C: integrador con fugas)  período=100ms  warmup=5  T=ref+1.00*MAD  leak=0.50*MAD  cap=8.00*MAD  max_mig=1  migracion=activa
[perf_region] tool OMPT detectado: los contadores los lleva el tool, no se abren aqui
[OMPT] control_tool: INICIANDO medicion
[OMPT] control_tool: PAUSANDO medicion
[OMPT] ompt_finalize
[OMPT][MON] Monitor detenido tras 64 ventanas
[OMPT] CSV de ventanas: 6625 filas volcadas (0 descartadas)
[OMPT] ===== Tabla final: 128 hilos =====
[OMPT] tid=667534 ompt_id=281474976710657 tipo=ompt_thread_initial    last_cpu=127 numa=1 mig=0 fallos=0 perf=full ipc=0.381 ratio_rm=0.0004
[OMPT] tid=667536 ompt_id=562949953421313 tipo=ompt_thread_worker     last_cpu=204 numa=1 mig=0 fallos=0 perf=full ipc=0.329 ratio_rm=0.0001
[OMPT] tid=667537 ompt_id=844424930131969 tipo=ompt_thread_worker     last_cpu=105 numa=1 mig=0 fallos=0 perf=full ipc=0.349 ratio_rm=0.0002
[OMPT] tid=667538 ompt_id=1125899906842625 tipo=ompt_thread_worker     last_cpu= 97 numa=1 mig=0 fallos=0 perf=full ipc=0.358 ratio_rm=0.0002
[OMPT] tid=667539 ompt_id=1407374883553281 tipo=ompt_thread_worker     last_cpu=229 numa=1 mig=0 fallos=0 perf=full ipc=0.343 ratio_rm=0.0001
[OMPT] tid=667540 ompt_id=1688849860263937 tipo=ompt_thread_worker     last_cpu= 91 numa=1 mig=1 fallos=0 perf=full ipc=0.217 ratio_rm=0.1194
[OMPT] tid=667541 ompt_id=1970324836974593 tipo=ompt_thread_worker     last_cpu= 89 numa=1 mig=0 fallos=0 perf=full ipc=0.374 ratio_rm=0.0002
[OMPT] tid=667542 ompt_id=2251799813685249 tipo=ompt_thread_worker     last_cpu= 93 numa=1 mig=1 fallos=0 perf=full ipc=0.189 ratio_rm=0.1870
[OMPT] tid=667543 ompt_id=2533274790395905 tipo=ompt_thread_worker     last_cpu=231 numa=1 mig=0 fallos=0 perf=full ipc=0.347 ratio_rm=0.0001
[OMPT] tid=667545 ompt_id=3096224743817217 tipo=ompt_thread_worker     last_cpu= 83 numa=1 mig=0 fallos=0 perf=full ipc=0.293 ratio_rm=0.0001
[OMPT] tid=667547 ompt_id=3659174697238529 tipo=ompt_thread_worker     last_cpu=215 numa=1 mig=0 fallos=0 perf=full ipc=0.329 ratio_rm=0.0002
[OMPT] tid=667546 ompt_id=3377699720527873 tipo=ompt_thread_worker     last_cpu= 17 numa=0 mig=0 fallos=0 perf=full ipc=0.213 ratio_rm=0.2564
[OMPT] tid=667548 ompt_id=3940649673949185 tipo=ompt_thread_worker     last_cpu=107 numa=1 mig=1 fallos=0 perf=full ipc=0.188 ratio_rm=0.1701
[OMPT] tid=667544 ompt_id=2814749767106561 tipo=ompt_thread_worker     last_cpu= 99 numa=1 mig=1 fallos=0 perf=full ipc=0.200 ratio_rm=0.1575
[OMPT] tid=667549 ompt_id=4222124650659841 tipo=ompt_thread_worker     last_cpu=100 numa=1 mig=0 fallos=0 perf=full ipc=0.332 ratio_rm=0.0002
[OMPT] tid=667550 ompt_id=4503599627370497 tipo=ompt_thread_worker     last_cpu= 84 numa=1 mig=1 fallos=0 perf=full ipc=0.182 ratio_rm=0.1863
[OMPT] tid=667551 ompt_id=4785074604081153 tipo=ompt_thread_worker     last_cpu=226 numa=1 mig=0 fallos=0 perf=full ipc=0.336 ratio_rm=0.0001
[OMPT] tid=667552 ompt_id=5066549580791809 tipo=ompt_thread_worker     last_cpu= 44 numa=0 mig=0 fallos=0 perf=full ipc=0.227 ratio_rm=0.2598
[OMPT] tid=667553 ompt_id=5348024557502465 tipo=ompt_thread_worker     last_cpu=121 numa=1 mig=1 fallos=0 perf=full ipc=0.211 ratio_rm=0.1697
[OMPT] tid=667554 ompt_id=5629499534213121 tipo=ompt_thread_worker     last_cpu= 73 numa=1 mig=0 fallos=0 perf=full ipc=0.329 ratio_rm=0.0002
[OMPT] tid=667555 ompt_id=5910974510923777 tipo=ompt_thread_worker     last_cpu=200 numa=1 mig=1 fallos=0 perf=full ipc=0.176 ratio_rm=0.1808
[OMPT] tid=667556 ompt_id=6192449487634433 tipo=ompt_thread_worker     last_cpu=101 numa=1 mig=1 fallos=0 perf=full ipc=0.201 ratio_rm=0.2092
[OMPT] tid=667557 ompt_id=6473924464345089 tipo=ompt_thread_worker     last_cpu=119 numa=1 mig=1 fallos=0 perf=full ipc=0.198 ratio_rm=0.2047
[OMPT] tid=667558 ompt_id=6755399441055745 tipo=ompt_thread_worker     last_cpu= 77 numa=1 mig=1 fallos=0 perf=full ipc=0.162 ratio_rm=0.1739
[OMPT] tid=667559 ompt_id=7036874417766401 tipo=ompt_thread_worker     last_cpu=253 numa=1 mig=0 fallos=0 perf=full ipc=0.378 ratio_rm=0.0001
[OMPT] tid=667560 ompt_id=7318349394477057 tipo=ompt_thread_worker     last_cpu= 98 numa=1 mig=0 fallos=0 perf=full ipc=0.333 ratio_rm=0.0001
[OMPT] tid=667561 ompt_id=7599824371187713 tipo=ompt_thread_worker     last_cpu=123 numa=1 mig=1 fallos=0 perf=full ipc=0.309 ratio_rm=0.1595
[OMPT] tid=667562 ompt_id=7881299347898369 tipo=ompt_thread_worker     last_cpu=120 numa=1 mig=0 fallos=0 perf=full ipc=0.340 ratio_rm=0.0001
[OMPT] tid=667563 ompt_id=8162774324609025 tipo=ompt_thread_worker     last_cpu=114 numa=1 mig=0 fallos=0 perf=full ipc=0.359 ratio_rm=0.0002
[OMPT] tid=667564 ompt_id=8444249301319681 tipo=ompt_thread_worker     last_cpu= 88 numa=1 mig=0 fallos=0 perf=full ipc=0.365 ratio_rm=0.0002
[OMPT] tid=667565 ompt_id=8725724278030337 tipo=ompt_thread_worker     last_cpu=112 numa=1 mig=0 fallos=0 perf=full ipc=0.364 ratio_rm=0.0002
[OMPT] tid=667566 ompt_id=9007199254740993 tipo=ompt_thread_worker     last_cpu= 96 numa=1 mig=0 fallos=0 perf=full ipc=0.350 ratio_rm=0.0001
[OMPT] tid=667567 ompt_id=9288674231451649 tipo=ompt_thread_worker     last_cpu=113 numa=1 mig=0 fallos=0 perf=full ipc=0.368 ratio_rm=0.0002
[OMPT] tid=667568 ompt_id=9570149208162305 tipo=ompt_thread_worker     last_cpu=254 numa=1 mig=0 fallos=0 perf=full ipc=0.376 ratio_rm=0.0001
[OMPT] tid=667569 ompt_id=9851624184872961 tipo=ompt_thread_worker     last_cpu=140 numa=0 mig=0 fallos=0 perf=full ipc=0.203 ratio_rm=0.2577
[OMPT] tid=667570 ompt_id=10133099161583617 tipo=ompt_thread_worker     last_cpu= 81 numa=1 mig=0 fallos=0 perf=full ipc=0.336 ratio_rm=0.0002
[OMPT] tid=667582 ompt_id=13229323905400833 tipo=ompt_thread_worker     last_cpu= 80 numa=1 mig=0 fallos=0 perf=full ipc=0.336 ratio_rm=0.0002
[OMPT] tid=667580 ompt_id=12666373951979521 tipo=ompt_thread_worker     last_cpu=  2 numa=0 mig=0 fallos=0 perf=full ipc=0.198 ratio_rm=0.2562
[OMPT] tid=667616 ompt_id=23080948090273793 tipo=ompt_thread_worker     last_cpu= 86 numa=1 mig=1 fallos=0 perf=full ipc=0.165 ratio_rm=0.2316
[OMPT] tid=667660 ompt_id=35465847065542657 tipo=ompt_thread_worker     last_cpu=155 numa=0 mig=0 fallos=0 perf=full ipc=0.219 ratio_rm=0.2598
[OMPT] tid=667633 ompt_id=27866022694354945 tipo=ompt_thread_worker     last_cpu=  1 numa=0 mig=0 fallos=0 perf=full ipc=0.235 ratio_rm=0.2490
[OMPT] tid=667620 ompt_id=24206847997116417 tipo=ompt_thread_worker     last_cpu= 75 numa=1 mig=1 fallos=0 perf=full ipc=0.210 ratio_rm=0.1303
[OMPT] tid=667656 ompt_id=34339947158700033 tipo=ompt_thread_worker     last_cpu=202 numa=1 mig=0 fallos=0 perf=full ipc=0.318 ratio_rm=0.0001
[OMPT] tid=667636 ompt_id=28710447624486913 tipo=ompt_thread_worker     last_cpu=203 numa=1 mig=0 fallos=0 perf=full ipc=0.320 ratio_rm=0.0001
[OMPT] tid=667588 ompt_id=15199648742375425 tipo=ompt_thread_worker     last_cpu=206 numa=1 mig=0 fallos=0 perf=full ipc=0.332 ratio_rm=0.0001
[OMPT] tid=667572 ompt_id=10696049115004929 tipo=ompt_thread_worker     last_cpu=207 numa=1 mig=0 fallos=0 perf=full ipc=0.328 ratio_rm=0.0001
[OMPT] tid=667604 ompt_id=19703248369745921 tipo=ompt_thread_worker     last_cpu=205 numa=1 mig=0 fallos=0 perf=full ipc=0.327 ratio_rm=0.0001
[OMPT] tid=667646 ompt_id=31525197391593473 tipo=ompt_thread_worker     last_cpu=227 numa=1 mig=0 fallos=0 perf=full ipc=0.342 ratio_rm=0.0001
[OMPT] tid=667637 ompt_id=28991922601197569 tipo=ompt_thread_worker     last_cpu=111 numa=1 mig=1 fallos=0 perf=full ipc=0.237 ratio_rm=0.0970
[OMPT] tid=667573 ompt_id=10977524091715585 tipo=ompt_thread_worker     last_cpu=128 numa=0 mig=0 fallos=0 perf=full ipc=0.294 ratio_rm=0.2460
[OMPT] tid=667593 ompt_id=16607023625928705 tipo=ompt_thread_worker     last_cpu=182 numa=0 mig=0 fallos=0 perf=full ipc=0.225 ratio_rm=0.2575
[OMPT] tid=667602 ompt_id=19140298416324609 tipo=ompt_thread_worker     last_cpu=249 numa=1 mig=0 fallos=0 perf=full ipc=0.368 ratio_rm=0.0001
[OMPT] tid=667586 ompt_id=14636698788954113 tipo=ompt_thread_worker     last_cpu=248 numa=1 mig=0 fallos=0 perf=full ipc=0.355 ratio_rm=0.0001
[OMPT] tid=667619 ompt_id=23925373020405761 tipo=ompt_thread_worker     last_cpu=188 numa=0 mig=0 fallos=0 perf=full ipc=0.211 ratio_rm=0.2568
[OMPT] tid=667642 ompt_id=30399297484750849 tipo=ompt_thread_worker     last_cpu=219 numa=1 mig=0 fallos=0 perf=full ipc=0.348 ratio_rm=0.0001
[OMPT] tid=667606 ompt_id=20266198323167233 tipo=ompt_thread_worker     last_cpu=221 numa=1 mig=0 fallos=0 perf=full ipc=0.357 ratio_rm=0.0001
[OMPT] tid=667622 ompt_id=24769797950537729 tipo=ompt_thread_worker     last_cpu=220 numa=1 mig=0 fallos=0 perf=full ipc=0.351 ratio_rm=0.0001
[OMPT] tid=667654 ompt_id=33776997205278721 tipo=ompt_thread_worker     last_cpu=218 numa=1 mig=0 fallos=0 perf=full ipc=0.350 ratio_rm=0.0001
[OMPT] tid=667592 ompt_id=16325548649218049 tipo=ompt_thread_worker     last_cpu=222 numa=1 mig=0 fallos=0 perf=full ipc=0.363 ratio_rm=0.0001
[OMPT] tid=667574 ompt_id=11258999068426241 tipo=ompt_thread_worker     last_cpu=223 numa=1 mig=0 fallos=0 perf=full ipc=0.364 ratio_rm=0.0001
[OMPT] tid=667661 ompt_id=35747322042253313 tipo=ompt_thread_worker     last_cpu= 76 numa=1 mig=1 fallos=0 perf=full ipc=0.189 ratio_rm=0.1885
[OMPT] tid=667621 ompt_id=24488322973827073 tipo=ompt_thread_worker     last_cpu=180 numa=0 mig=0 fallos=0 perf=full ipc=0.229 ratio_rm=0.2536
[OMPT] tid=667607 ompt_id=20547673299877889 tipo=ompt_thread_worker     last_cpu=181 numa=0 mig=0 fallos=0 perf=full ipc=0.226 ratio_rm=0.2586
[OMPT] tid=667655 ompt_id=34058472181989377 tipo=ompt_thread_worker     last_cpu=138 numa=0 mig=0 fallos=0 perf=full ipc=0.201 ratio_rm=0.2575
[OMPT] tid=667581 ompt_id=13510798882111489 tipo=ompt_thread_worker     last_cpu=183 numa=0 mig=0 fallos=0 perf=full ipc=0.224 ratio_rm=0.2620
[OMPT] tid=667645 ompt_id=31243722414882817 tipo=ompt_thread_worker     last_cpu= 68 numa=1 mig=1 fallos=0 perf=full ipc=0.185 ratio_rm=0.2172
[OMPT] tid=667591 ompt_id=16044073672507393 tipo=ompt_thread_worker     last_cpu= 71 numa=1 mig=1 fallos=0 perf=full ipc=0.168 ratio_rm=0.1430
[OMPT] tid=667590 ompt_id=15762598695796737 tipo=ompt_thread_worker     last_cpu=238 numa=1 mig=0 fallos=0 perf=full ipc=0.346 ratio_rm=0.0001
[OMPT] tid=667652 ompt_id=33214047251857409 tipo=ompt_thread_worker     last_cpu=234 numa=1 mig=0 fallos=0 perf=full ipc=0.341 ratio_rm=0.0002
[OMPT] tid=667623 ompt_id=25051272927248385 tipo=ompt_thread_worker     last_cpu=108 numa=1 mig=0 fallos=0 perf=full ipc=0.345 ratio_rm=0.0001
[OMPT] tid=667571 ompt_id=10414574138294273 tipo=ompt_thread_worker     last_cpu=239 numa=1 mig=0 fallos=0 perf=full ipc=0.328 ratio_rm=0.0001
[OMPT] tid=667610 ompt_id=21392098230009857 tipo=ompt_thread_worker     last_cpu=237 numa=1 mig=0 fallos=0 perf=full ipc=0.343 ratio_rm=0.0001
[OMPT] tid=667638 ompt_id=29273397577908225 tipo=ompt_thread_worker     last_cpu=235 numa=1 mig=0 fallos=0 perf=full ipc=0.344 ratio_rm=0.0001
[OMPT] tid=667650 ompt_id=32651097298436097 tipo=ompt_thread_worker     last_cpu=124 numa=1 mig=0 fallos=0 perf=full ipc=0.376 ratio_rm=0.0001
[OMPT] tid=667634 ompt_id=28147497671065601 tipo=ompt_thread_worker     last_cpu=251 numa=1 mig=0 fallos=0 perf=full ipc=0.379 ratio_rm=0.0001
[OMPT] tid=667618 ompt_id=23643898043695105 tipo=ompt_thread_worker     last_cpu=250 numa=1 mig=0 fallos=0 perf=full ipc=0.376 ratio_rm=0.0002
[OMPT] tid=667608 ompt_id=20829148276588545 tipo=ompt_thread_worker     last_cpu=245 numa=1 mig=0 fallos=0 perf=full ipc=0.344 ratio_rm=0.0001
[OMPT] tid=667576 ompt_id=11821949021847553 tipo=ompt_thread_worker     last_cpu=247 numa=1 mig=0 fallos=0 perf=full ipc=0.356 ratio_rm=0.0001
[OMPT] tid=667628 ompt_id=26458647810801665 tipo=ompt_thread_worker     last_cpu=116 numa=1 mig=0 fallos=0 perf=full ipc=0.366 ratio_rm=0.0001
[OMPT] tid=667653 ompt_id=33495522228568065 tipo=ompt_thread_worker     last_cpu=122 numa=1 mig=1 fallos=0 perf=full ipc=0.202 ratio_rm=0.1302
[OMPT] tid=667603 ompt_id=19421773393035265 tipo=ompt_thread_worker     last_cpu=189 numa=0 mig=0 fallos=0 perf=full ipc=0.206 ratio_rm=0.2483
[OMPT] tid=667589 ompt_id=15481123719086081 tipo=ompt_thread_worker     last_cpu=190 numa=0 mig=0 fallos=0 perf=full ipc=0.207 ratio_rm=0.2567
[OMPT] tid=667662 ompt_id=36028797018963969 tipo=ompt_thread_worker     last_cpu=194 numa=1 mig=0 fallos=0 perf=full ipc=0.304 ratio_rm=0.0002
[OMPT] tid=667632 ompt_id=27584547717644289 tipo=ompt_thread_worker     last_cpu=228 numa=1 mig=0 fallos=0 perf=full ipc=0.341 ratio_rm=0.0001
[OMPT] tid=667600 ompt_id=18577348462903297 tipo=ompt_thread_worker     last_cpu=230 numa=1 mig=0 fallos=0 perf=full ipc=0.345 ratio_rm=0.0001
[OMPT] tid=667658 ompt_id=34902897112121345 tipo=ompt_thread_worker     last_cpu=210 numa=1 mig=0 fallos=0 perf=full ipc=0.318 ratio_rm=0.0001
[OMPT] tid=667614 ompt_id=22517998136852481 tipo=ompt_thread_worker     last_cpu=213 numa=1 mig=0 fallos=0 perf=full ipc=0.329 ratio_rm=0.0001
[OMPT] tid=667630 ompt_id=27021597764222977 tipo=ompt_thread_worker     last_cpu=212 numa=1 mig=0 fallos=0 perf=full ipc=0.326 ratio_rm=0.0001
[OMPT] tid=667644 ompt_id=30962247438172161 tipo=ompt_thread_worker     last_cpu=211 numa=1 mig=0 fallos=0 perf=full ipc=0.291 ratio_rm=0.0001
[OMPT] tid=667598 ompt_id=18014398509481985 tipo=ompt_thread_worker     last_cpu=214 numa=1 mig=0 fallos=0 perf=full ipc=0.334 ratio_rm=0.0001
[OMPT] tid=667611 ompt_id=21673573206720513 tipo=ompt_thread_worker     last_cpu=157 numa=0 mig=0 fallos=0 perf=full ipc=0.217 ratio_rm=0.2583
[OMPT] tid=667626 ompt_id=25895697857380353 tipo=ompt_thread_worker     last_cpu=196 numa=1 mig=0 fallos=0 perf=full ipc=0.294 ratio_rm=0.0001
[OMPT] tid=667596 ompt_id=17451448556060673 tipo=ompt_thread_worker     last_cpu=198 numa=1 mig=0 fallos=0 perf=full ipc=0.284 ratio_rm=0.0001
[OMPT] tid=667640 ompt_id=29836347531329537 tipo=ompt_thread_worker     last_cpu=195 numa=1 mig=0 fallos=0 perf=full ipc=0.302 ratio_rm=0.0001
[OMPT] tid=667612 ompt_id=21955048183431169 tipo=ompt_thread_worker     last_cpu=197 numa=1 mig=0 fallos=0 perf=full ipc=0.295 ratio_rm=0.0001
[OMPT] tid=667578 ompt_id=12103423998558209 tipo=ompt_thread_worker     last_cpu=199 numa=1 mig=0 fallos=0 perf=full ipc=0.291 ratio_rm=0.0001
[OMPT] tid=667657 ompt_id=34621422135410689 tipo=ompt_thread_worker     last_cpu= 67 numa=1 mig=1 fallos=0 perf=full ipc=0.213 ratio_rm=0.2194
[OMPT] tid=667624 ompt_id=25332747903959041 tipo=ompt_thread_worker     last_cpu= 74 numa=1 mig=1 fallos=0 perf=full ipc=0.202 ratio_rm=0.1205
[OMPT] tid=667617 ompt_id=23362423066984449 tipo=ompt_thread_worker     last_cpu=174 numa=0 mig=0 fallos=0 perf=full ipc=0.213 ratio_rm=0.2550
[OMPT] tid=667635 ompt_id=28428972647776257 tipo=ompt_thread_worker     last_cpu=117 numa=1 mig=1 fallos=0 perf=full ipc=0.212 ratio_rm=0.1249
[OMPT] tid=667651 ompt_id=32932572275146753 tipo=ompt_thread_worker     last_cpu= 90 numa=1 mig=1 fallos=0 perf=full ipc=0.231 ratio_rm=0.1075
[OMPT] tid=667579 ompt_id=12947848928690177 tipo=ompt_thread_worker     last_cpu=118 numa=1 mig=1 fallos=0 perf=full ipc=0.175 ratio_rm=0.1799
[OMPT] tid=667615 ompt_id=22799473113563137 tipo=ompt_thread_worker     last_cpu= 72 numa=1 mig=1 fallos=0 perf=full ipc=0.158 ratio_rm=0.2330
[OMPT] tid=667643 ompt_id=30680772461461505 tipo=ompt_thread_worker     last_cpu=139 numa=0 mig=0 fallos=0 perf=full ipc=0.186 ratio_rm=0.2533
[OMPT] tid=667648 ompt_id=32088147345014785 tipo=ompt_thread_worker     last_cpu=243 numa=1 mig=0 fallos=0 perf=full ipc=0.342 ratio_rm=0.0001
[OMPT] tid=667627 ompt_id=26177172834091009 tipo=ompt_thread_worker     last_cpu= 36 numa=0 mig=0 fallos=0 perf=full ipc=0.261 ratio_rm=0.2572
[OMPT] tid=667639 ompt_id=29554872554618881 tipo=ompt_thread_worker     last_cpu=106 numa=1 mig=1 fallos=0 perf=full ipc=0.215 ratio_rm=0.1712
[OMPT] tid=667613 ompt_id=22236523160141825 tipo=ompt_thread_worker     last_cpu= 69 numa=1 mig=1 fallos=0 perf=full ipc=0.199 ratio_rm=0.1851
[OMPT] tid=667647 ompt_id=31806672368304129 tipo=ompt_thread_worker     last_cpu= 87 numa=1 mig=1 fallos=0 perf=full ipc=0.204 ratio_rm=0.2531
[OMPT] tid=667577 ompt_id=12384898975268865 tipo=ompt_thread_worker     last_cpu=191 numa=0 mig=0 fallos=0 perf=full ipc=0.206 ratio_rm=0.2524
[OMPT] tid=667659 ompt_id=35184372088832001 tipo=ompt_thread_worker     last_cpu= 70 numa=1 mig=1 fallos=0 perf=full ipc=0.200 ratio_rm=0.1020
[OMPT] tid=667595 ompt_id=17169973579350017 tipo=ompt_thread_worker     last_cpu= 66 numa=1 mig=1 fallos=0 perf=full ipc=0.198 ratio_rm=0.2492
[OMPT] tid=667605 ompt_id=19984723346456577 tipo=ompt_thread_worker     last_cpu= 32 numa=0 mig=0 fallos=0 perf=full ipc=0.219 ratio_rm=0.2569
[OMPT] tid=667609 ompt_id=21110623253299201 tipo=ompt_thread_worker     last_cpu= 82 numa=1 mig=1 fallos=0 perf=full ipc=0.208 ratio_rm=0.1257
[OMPT] tid=667641 ompt_id=30117822508040193 tipo=ompt_thread_worker     last_cpu=147 numa=0 mig=0 fallos=0 perf=full ipc=0.343 ratio_rm=0.1609
[OMPT] tid=667631 ompt_id=27303072740933633 tipo=ompt_thread_worker     last_cpu=193 numa=1 mig=1 fallos=0 perf=full ipc=0.197 ratio_rm=0.1439
[OMPT] tid=667594 ompt_id=16888498602639361 tipo=ompt_thread_worker     last_cpu=246 numa=1 mig=0 fallos=0 perf=full ipc=0.353 ratio_rm=0.0001
[OMPT] tid=667585 ompt_id=14355223812243457 tipo=ompt_thread_worker     last_cpu= 64 numa=1 mig=1 fallos=0 perf=full ipc=0.235 ratio_rm=0.2470
[OMPT] tid=667629 ompt_id=26740122787512321 tipo=ompt_thread_worker     last_cpu= 85 numa=1 mig=1 fallos=0 perf=full ipc=0.195 ratio_rm=0.2026
[OMPT] tid=667587 ompt_id=14918173765664769 tipo=ompt_thread_worker     last_cpu=109 numa=1 mig=1 fallos=0 perf=full ipc=0.203 ratio_rm=0.2351
[OMPT] tid=667649 ompt_id=32369622321725441 tipo=ompt_thread_worker     last_cpu= 92 numa=1 mig=1 fallos=0 perf=full ipc=0.163 ratio_rm=0.1726
[OMPT] tid=667601 ompt_id=18858823439613953 tipo=ompt_thread_worker     last_cpu=175 numa=0 mig=0 fallos=0 perf=full ipc=0.212 ratio_rm=0.2574
[OMPT] tid=667575 ompt_id=11540474045136897 tipo=ompt_thread_worker     last_cpu= 16 numa=0 mig=0 fallos=0 perf=full ipc=0.349 ratio_rm=0.2037
[OMPT] tid=667625 ompt_id=25614222880669697 tipo=ompt_thread_worker     last_cpu= 65 numa=1 mig=1 fallos=0 perf=full ipc=0.209 ratio_rm=0.2555
[OMPT] tid=667583 ompt_id=13792273858822145 tipo=ompt_thread_worker     last_cpu= 94 numa=1 mig=1 fallos=0 perf=full ipc=0.214 ratio_rm=0.2616
[OMPT] tid=667584 ompt_id=14073748835532801 tipo=ompt_thread_worker     last_cpu=115 numa=1 mig=1 fallos=0 perf=full ipc=0.218 ratio_rm=0.1194
[OMPT] tid=667597 ompt_id=17732923532771329 tipo=ompt_thread_worker     last_cpu=104 numa=1 mig=1 fallos=0 perf=full ipc=0.217 ratio_rm=0.1262
[OMPT] tid=667599 ompt_id=18295873486192641 tipo=ompt_thread_worker     last_cpu=192 numa=1 mig=1 fallos=0 perf=full ipc=0.243 ratio_rm=0.2548
[OMPT] ===== Overhead intrínseco =====
  monitor: 64 ticks, 444699.8 us total (max 13829.1 us/tick)
  callbacks implicit_task: 20225, 23654174.2 us total
  migraciones: 40 (67889.0 us total)
  resyncs=249  lecturas escaladas por multiplexado=28672
  hilos con perf fallido=0  parcial(ipc_only)=0
  ventanas con ciclos=6625  con fills=6625
