[OMPT] ompt_initialize (OPCIÓN C: integrador con fugas)  verbose=0  migracion=activa
[HWLOC] Nodos NUMA detectados: 2 (usados: 2)
[HWLOC] Nodo 0: 128 CPUs
[HWLOC] Nodo 1: 128 CPUs
[OMPT] callback 'ompt_callback_thread_begin' registrado (result=5)
[OMPT] callback 'ompt_callback_thread_end' registrado (result=5)
[OMPT] callback 'ompt_callback_parallel_begin' registrado (result=5)
[OMPT] callback 'ompt_callback_parallel_end' registrado (result=5)
[OMPT] callback 'ompt_callback_implicit_task' registrado (result=5)
[OMPT] callback 'ompt_callback_control_tool' registrado (result=5)
[OMPT] Callbacks registrados
[OMPT] Sistema: 0 procesadores lógicos
[OMPT][MON] Monitor (C: integrador con fugas)  período=100ms  warmup=5  referencia=MIN  T=min+max(0.050, 3.00*MAD_bajo)  leak=0.50*margen  cap=8.00*margen  max_mig=1  migracion=activa
[perf_region] tool OMPT detectado: los contadores los lleva el tool, no se abren aqui
[OMPT] control_tool: INICIANDO medicion
[OMPT] control_tool: PAUSANDO medicion
[OMPT] ompt_finalize
[OMPT][MON] Monitor detenido tras 5 ventanas
[OMPT] CSV de ventanas: 128 filas volcadas (0 descartadas)
[OMPT] ===== Tabla final: 128 hilos =====
[OMPT] tid=990924 ompt_id=281474976710657 tipo=ompt_thread_initial    last_cpu=255 numa=1 mig=0 fallos=0 perf=full ratio_rm=0.0002
[OMPT] tid=990926 ompt_id=562949953421313 tipo=ompt_thread_worker     last_cpu=207 numa=1 mig=0 fallos=0 perf=full ratio_rm=0.0001
[OMPT] tid=990927 ompt_id=844424930131969 tipo=ompt_thread_worker     last_cpu=124 numa=1 mig=0 fallos=0 perf=full ratio_rm=0.0001
[OMPT] tid=990928 ompt_id=1125899906842625 tipo=ompt_thread_worker     last_cpu=123 numa=1 mig=0 fallos=0 perf=full ratio_rm=0.0002
[OMPT] tid=990930 ompt_id=1688849860263937 tipo=ompt_thread_worker     last_cpu=105 numa=1 mig=0 fallos=0 perf=full ratio_rm=0.0003
[OMPT] tid=990929 ompt_id=1407374883553281 tipo=ompt_thread_worker     last_cpu=122 numa=1 mig=0 fallos=0 perf=full ratio_rm=0.0002
[OMPT] tid=990931 ompt_id=2251799813685249 tipo=ompt_thread_worker     last_cpu= 85 numa=1 mig=0 fallos=0 perf=full ratio_rm=0.0002
[OMPT] tid=990933 ompt_id=2533274790395905 tipo=ompt_thread_worker     last_cpu=121 numa=1 mig=0 fallos=0 perf=full ratio_rm=0.0002
[OMPT] tid=990934 ompt_id=2814749767106561 tipo=ompt_thread_worker     last_cpu= 24 numa=0 mig=0 fallos=0 perf=full ratio_rm=0.0030
[OMPT] tid=990936 ompt_id=3377699720527873 tipo=ompt_thread_worker     last_cpu= 84 numa=1 mig=0 fallos=0 perf=full ratio_rm=0.0002
[OMPT] tid=990932 ompt_id=1970324836974593 tipo=ompt_thread_worker     last_cpu= 40 numa=0 mig=0 fallos=0 perf=full ratio_rm=0.0056
[OMPT] tid=990935 ompt_id=3096224743817217 tipo=ompt_thread_worker     last_cpu= 64 numa=1 mig=0 fallos=0 perf=full ratio_rm=0.0003
[OMPT] tid=990938 ompt_id=3940649673949185 tipo=ompt_thread_worker     last_cpu=104 numa=1 mig=0 fallos=0 perf=full ratio_rm=0.0003
[OMPT] tid=990937 ompt_id=3659174697238529 tipo=ompt_thread_worker     last_cpu= 87 numa=1 mig=0 fallos=0 perf=full ratio_rm=0.0002
[OMPT] tid=990939 ompt_id=4222124650659841 tipo=ompt_thread_worker     last_cpu= 10 numa=0 mig=0 fallos=0 perf=full ratio_rm=0.0142
[OMPT] tid=990940 ompt_id=4503599627370497 tipo=ompt_thread_worker     last_cpu= 96 numa=1 mig=0 fallos=0 perf=full ratio_rm=0.0003
[OMPT] tid=990941 ompt_id=4785074604081153 tipo=ompt_thread_worker     last_cpu=126 numa=1 mig=0 fallos=0 perf=full ratio_rm=0.0001
[OMPT] tid=990942 ompt_id=5066549580791809 tipo=ompt_thread_worker     last_cpu= 11 numa=0 mig=0 fallos=0 perf=full ratio_rm=0.0196
[OMPT] tid=990943 ompt_id=5348024557502465 tipo=ompt_thread_worker     last_cpu= 56 numa=0 mig=0 fallos=0 perf=full ratio_rm=0.0219
[OMPT] tid=990944 ompt_id=5629499534213121 tipo=ompt_thread_worker     last_cpu=227 numa=1 mig=0 fallos=0 perf=full ratio_rm=0.0002
[OMPT] tid=990945 ompt_id=5910974510923777 tipo=ompt_thread_worker     last_cpu= 65 numa=1 mig=0 fallos=0 perf=full ratio_rm=0.0003
[OMPT] tid=990946 ompt_id=6192449487634433 tipo=ompt_thread_worker     last_cpu= 82 numa=1 mig=0 fallos=0 perf=full ratio_rm=0.0002
[OMPT] tid=990947 ompt_id=6473924464345089 tipo=ompt_thread_worker     last_cpu=209 numa=1 mig=0 fallos=0 perf=full ratio_rm=0.0002
[OMPT] tid=990948 ompt_id=6755399441055745 tipo=ompt_thread_worker     last_cpu= 81 numa=1 mig=0 fallos=0 perf=full ratio_rm=0.0002
[OMPT] tid=990949 ompt_id=7036874417766401 tipo=ompt_thread_worker     last_cpu=254 numa=1 mig=0 fallos=0 perf=full ratio_rm=0.0001
[OMPT] tid=990950 ompt_id=7318349394477057 tipo=ompt_thread_worker     last_cpu= 13 numa=0 mig=0 fallos=0 perf=full ratio_rm=0.0233
[OMPT] tid=990951 ompt_id=7599824371187713 tipo=ompt_thread_worker     last_cpu= 97 numa=1 mig=0 fallos=0 perf=full ratio_rm=0.0002
[OMPT] tid=990952 ompt_id=7881299347898369 tipo=ompt_thread_worker     last_cpu=  7 numa=0 mig=0 fallos=0 perf=full ratio_rm=0.0254
[OMPT] tid=990953 ompt_id=8162774324609025 tipo=ompt_thread_worker     last_cpu=253 numa=1 mig=0 fallos=0 perf=full ratio_rm=0.0001
[OMPT] tid=990954 ompt_id=8444249301319681 tipo=ompt_thread_worker     last_cpu= 86 numa=1 mig=0 fallos=0 perf=full ratio_rm=0.0002
[OMPT] tid=990955 ompt_id=8725724278030337 tipo=ompt_thread_worker     last_cpu= 88 numa=1 mig=0 fallos=0 perf=full ratio_rm=0.0003
[OMPT] tid=990956 ompt_id=9007199254740993 tipo=ompt_thread_worker     last_cpu= 83 numa=1 mig=0 fallos=0 perf=full ratio_rm=0.0002
[OMPT] tid=990957 ompt_id=9288674231451649 tipo=ompt_thread_worker     last_cpu=125 numa=1 mig=0 fallos=0 perf=full ratio_rm=0.0001
[OMPT] tid=990958 ompt_id=9570149208162305 tipo=ompt_thread_worker     last_cpu=  6 numa=0 mig=0 fallos=0 perf=full ratio_rm=0.0029
[OMPT] tid=990959 ompt_id=9851624184872961 tipo=ompt_thread_worker     last_cpu=127 numa=1 mig=0 fallos=0 perf=full ratio_rm=0.0001
[OMPT] tid=990960 ompt_id=10133099161583617 tipo=ompt_thread_worker     last_cpu= 89 numa=1 mig=0 fallos=0 perf=full ratio_rm=0.0004
[OMPT] tid=990996 ompt_id=20266198323167233 tipo=ompt_thread_worker     last_cpu=221 numa=1 mig=0 fallos=0 perf=full ratio_rm=0.0002
[OMPT] tid=991030 ompt_id=29836347531329537 tipo=ompt_thread_worker     last_cpu=219 numa=1 mig=0 fallos=0 perf=full ratio_rm=0.0002
[OMPT] tid=991048 ompt_id=34902897112121345 tipo=ompt_thread_worker     last_cpu=218 numa=1 mig=0 fallos=0 perf=full ratio_rm=0.0003
[OMPT] tid=991016 ompt_id=25895697857380353 tipo=ompt_thread_worker     last_cpu=220 numa=1 mig=0 fallos=0 perf=full ratio_rm=0.0002
[OMPT] tid=990968 ompt_id=12103423998558209 tipo=ompt_thread_worker     last_cpu=223 numa=1 mig=0 fallos=0 perf=full ratio_rm=0.0001
[OMPT] tid=990980 ompt_id=15762598695796737 tipo=ompt_thread_worker     last_cpu=222 numa=1 mig=0 fallos=0 perf=full ratio_rm=0.0002
[OMPT] tid=991036 ompt_id=31525197391593473 tipo=ompt_thread_worker     last_cpu=195 numa=1 mig=0 fallos=0 perf=full ratio_rm=0.0003
[OMPT] tid=990984 ompt_id=16888498602639361 tipo=ompt_thread_worker     last_cpu=214 numa=1 mig=0 fallos=0 perf=full ratio_rm=0.0002
[OMPT] tid=990966 ompt_id=11821949021847553 tipo=ompt_thread_worker     last_cpu=215 numa=1 mig=0 fallos=0 perf=full ratio_rm=0.0002
[OMPT] tid=991044 ompt_id=33776997205278721 tipo=ompt_thread_worker     last_cpu=210 numa=1 mig=0 fallos=0 perf=full ratio_rm=0.0002
[OMPT] tid=991006 ompt_id=23080948090273793 tipo=ompt_thread_worker     last_cpu= 78 numa=1 mig=0 fallos=0 perf=full ratio_rm=0.0001
[OMPT] tid=990990 ompt_id=18577348462903297 tipo=ompt_thread_worker     last_cpu= 77 numa=1 mig=0 fallos=0 perf=full ratio_rm=0.0002
[OMPT] tid=990972 ompt_id=13510798882111489 tipo=ompt_thread_worker     last_cpu= 76 numa=1 mig=0 fallos=0 perf=full ratio_rm=0.0002
[OMPT] tid=991022 ompt_id=27584547717644289 tipo=ompt_thread_worker     last_cpu= 75 numa=1 mig=0 fallos=0 perf=full ratio_rm=0.0002
[OMPT] tid=991038 ompt_id=32088147345014785 tipo=ompt_thread_worker     last_cpu= 73 numa=1 mig=0 fallos=0 perf=full ratio_rm=0.0007
[OMPT] tid=990992 ompt_id=19140298416324609 tipo=ompt_thread_worker     last_cpu=249 numa=1 mig=0 fallos=0 perf=full ratio_rm=0.0001
[OMPT] tid=991008 ompt_id=23643898043695105 tipo=ompt_thread_worker     last_cpu=250 numa=1 mig=0 fallos=0 perf=full ratio_rm=0.0002
[OMPT] tid=991051 ompt_id=35747322042253313 tipo=ompt_thread_worker     last_cpu=178 numa=0 mig=0 fallos=0 perf=full ratio_rm=0.0250
[OMPT] tid=991039 ompt_id=32369622321725441 tipo=ompt_thread_worker     last_cpu=155 numa=0 mig=0 fallos=0 perf=full ratio_rm=0.0167
[OMPT] tid=991003 ompt_id=22236523160141825 tipo=ompt_thread_worker     last_cpu=165 numa=0 mig=0 fallos=0 perf=full ratio_rm=0.0086
[OMPT] tid=991028 ompt_id=29273397577908225 tipo=ompt_thread_worker     last_cpu=235 numa=1 mig=0 fallos=0 perf=full ratio_rm=0.0003
[OMPT] tid=991010 ompt_id=24206847997116417 tipo=ompt_thread_worker     last_cpu=236 numa=1 mig=0 fallos=0 perf=full ratio_rm=0.0002
[OMPT] tid=991046 ompt_id=34339947158700033 tipo=ompt_thread_worker     last_cpu=234 numa=1 mig=0 fallos=0 perf=full ratio_rm=0.0004
[OMPT] tid=990978 ompt_id=15199648742375425 tipo=ompt_thread_worker     last_cpu=238 numa=1 mig=0 fallos=0 perf=full ratio_rm=0.0002
[OMPT] tid=990994 ompt_id=19703248369745921 tipo=ompt_thread_worker     last_cpu=237 numa=1 mig=0 fallos=0 perf=full ratio_rm=0.0002
[OMPT] tid=990962 ompt_id=10696049115004929 tipo=ompt_thread_worker     last_cpu=239 numa=1 mig=0 fallos=0 perf=full ratio_rm=0.0002
[OMPT] tid=991018 ompt_id=26458647810801665 tipo=ompt_thread_worker     last_cpu=212 numa=1 mig=0 fallos=0 perf=full ratio_rm=0.0002
[OMPT] tid=991034 ompt_id=30962247438172161 tipo=ompt_thread_worker     last_cpu=211 numa=1 mig=0 fallos=0 perf=full ratio_rm=0.0002
[OMPT] tid=991000 ompt_id=21392098230009857 tipo=ompt_thread_worker     last_cpu=213 numa=1 mig=0 fallos=0 perf=full ratio_rm=0.0002
[OMPT] tid=991052 ompt_id=36028797018963969 tipo=ompt_thread_worker     last_cpu=194 numa=1 mig=0 fallos=0 perf=full ratio_rm=0.0005
[OMPT] tid=990986 ompt_id=17451448556060673 tipo=ompt_thread_worker     last_cpu=198 numa=1 mig=0 fallos=0 perf=full ratio_rm=0.0002
[OMPT] tid=991020 ompt_id=27021597764222977 tipo=ompt_thread_worker     last_cpu=196 numa=1 mig=0 fallos=0 perf=full ratio_rm=0.0003
[OMPT] tid=990964 ompt_id=11258999068426241 tipo=ompt_thread_worker     last_cpu=199 numa=1 mig=0 fallos=0 perf=full ratio_rm=0.0001
[OMPT] tid=991002 ompt_id=21955048183431169 tipo=ompt_thread_worker     last_cpu=197 numa=1 mig=0 fallos=0 perf=full ratio_rm=0.0003
[OMPT] tid=991017 ompt_id=26177172834091009 tipo=ompt_thread_worker     last_cpu=164 numa=0 mig=0 fallos=0 perf=full ratio_rm=0.0139
[OMPT] tid=990989 ompt_id=18295873486192641 tipo=ompt_thread_worker     last_cpu=166 numa=0 mig=0 fallos=0 perf=full ratio_rm=0.0042
[OMPT] tid=991049 ompt_id=35184372088832001 tipo=ompt_thread_worker     last_cpu=163 numa=0 mig=0 fallos=0 perf=full ratio_rm=0.0173
[OMPT] tid=991029 ompt_id=29554872554618881 tipo=ompt_thread_worker     last_cpu=162 numa=0 mig=0 fallos=0 perf=full ratio_rm=0.0028
[OMPT] tid=991024 ompt_id=28147497671065601 tipo=ompt_thread_worker     last_cpu=251 numa=1 mig=0 fallos=0 perf=full ratio_rm=0.0002
[OMPT] tid=991050 ompt_id=35465847065542657 tipo=ompt_thread_worker     last_cpu=242 numa=1 mig=0 fallos=0 perf=full ratio_rm=0.0006
[OMPT] tid=991012 ompt_id=24769797950537729 tipo=ompt_thread_worker     last_cpu=244 numa=1 mig=0 fallos=0 perf=full ratio_rm=0.0002
[OMPT] tid=990998 ompt_id=20829148276588545 tipo=ompt_thread_worker     last_cpu=245 numa=1 mig=0 fallos=0 perf=full ratio_rm=0.0001
[OMPT] tid=991032 ompt_id=30399297484750849 tipo=ompt_thread_worker     last_cpu=243 numa=1 mig=0 fallos=0 perf=full ratio_rm=0.0002
[OMPT] tid=990982 ompt_id=16325548649218049 tipo=ompt_thread_worker     last_cpu=246 numa=1 mig=0 fallos=0 perf=full ratio_rm=0.0002
[OMPT] tid=990961 ompt_id=10414574138294273 tipo=ompt_thread_worker     last_cpu=247 numa=1 mig=0 fallos=0 perf=full ratio_rm=0.0002
[OMPT] tid=990970 ompt_id=12947848928690177 tipo=ompt_thread_worker     last_cpu=226 numa=1 mig=0 fallos=0 perf=full ratio_rm=0.0004
[OMPT] tid=991014 ompt_id=25332747903959041 tipo=ompt_thread_worker     last_cpu=230 numa=1 mig=0 fallos=0 perf=full ratio_rm=0.0002
[OMPT] tid=991042 ompt_id=33214047251857409 tipo=ompt_thread_worker     last_cpu=228 numa=1 mig=0 fallos=0 perf=full ratio_rm=0.0002
[OMPT] tid=990988 ompt_id=18014398509481985 tipo=ompt_thread_worker     last_cpu=225 numa=1 mig=0 fallos=0 perf=full ratio_rm=0.0002
[OMPT] tid=990975 ompt_id=14636698788954113 tipo=ompt_thread_worker     last_cpu=167 numa=0 mig=0 fallos=0 perf=full ratio_rm=0.0073
[OMPT] tid=991040 ompt_id=32651097298436097 tipo=ompt_thread_worker     last_cpu=252 numa=1 mig=0 fallos=0 perf=full ratio_rm=0.0002
[OMPT] tid=990976 ompt_id=14355223812243457 tipo=ompt_thread_worker     last_cpu=248 numa=1 mig=0 fallos=0 perf=full ratio_rm=0.0002
[OMPT] tid=990969 ompt_id=12666373951979521 tipo=ompt_thread_worker     last_cpu=183 numa=0 mig=0 fallos=0 perf=full ratio_rm=0.0041
[OMPT] tid=991035 ompt_id=31243722414882817 tipo=ompt_thread_worker     last_cpu=179 numa=0 mig=0 fallos=0 perf=full ratio_rm=0.0151
[OMPT] tid=990987 ompt_id=17732923532771329 tipo=ompt_thread_worker     last_cpu=182 numa=0 mig=0 fallos=0 perf=full ratio_rm=0.0148
[OMPT] tid=991043 ompt_id=33495522228568065 tipo=ompt_thread_worker     last_cpu=186 numa=0 mig=0 fallos=0 perf=full ratio_rm=0.0340
[OMPT] tid=991045 ompt_id=34058472181989377 tipo=ompt_thread_worker     last_cpu=170 numa=0 mig=0 fallos=0 perf=full ratio_rm=0.0027
[OMPT] tid=990963 ompt_id=10977524091715585 tipo=ompt_thread_worker     last_cpu=159 numa=0 mig=0 fallos=0 perf=full ratio_rm=0.0025
[OMPT] tid=991023 ompt_id=27866022694354945 tipo=ompt_thread_worker     last_cpu=156 numa=0 mig=0 fallos=0 perf=full ratio_rm=0.0107
[OMPT] tid=991013 ompt_id=25051272927248385 tipo=ompt_thread_worker     last_cpu=180 numa=0 mig=0 fallos=0 perf=full ratio_rm=0.0024
[OMPT] tid=990999 ompt_id=21110623253299201 tipo=ompt_thread_worker     last_cpu=181 numa=0 mig=0 fallos=0 perf=full ratio_rm=0.0045
[OMPT] tid=990977 ompt_id=14918173765664769 tipo=ompt_thread_worker     last_cpu=  1 numa=0 mig=0 fallos=0 perf=full ratio_rm=0.0350
[OMPT] tid=990993 ompt_id=19421773393035265 tipo=ompt_thread_worker     last_cpu=  2 numa=0 mig=0 fallos=0 perf=full ratio_rm=0.0198
[OMPT] tid=991037 ompt_id=31806672368304129 tipo=ompt_thread_worker     last_cpu=147 numa=0 mig=0 fallos=0 perf=full ratio_rm=0.0130
[OMPT] tid=991004 ompt_id=22517998136852481 tipo=ompt_thread_worker     last_cpu=231 numa=1 mig=0 fallos=0 perf=full ratio_rm=0.0003
[OMPT] tid=991026 ompt_id=28710447624486913 tipo=ompt_thread_worker     last_cpu=229 numa=1 mig=0 fallos=0 perf=full ratio_rm=0.0002
[OMPT] tid=990979 ompt_id=15481123719086081 tipo=ompt_thread_worker     last_cpu=190 numa=0 mig=0 fallos=0 perf=full ratio_rm=0.0156
[OMPT] tid=991011 ompt_id=24488322973827073 tipo=ompt_thread_worker     last_cpu=188 numa=0 mig=0 fallos=0 perf=full ratio_rm=0.0324
[OMPT] tid=991027 ompt_id=28991922601197569 tipo=ompt_thread_worker     last_cpu=187 numa=0 mig=0 fallos=0 perf=full ratio_rm=0.0099
[OMPT] tid=990965 ompt_id=11540474045136897 tipo=ompt_thread_worker     last_cpu=  0 numa=0 mig=0 fallos=0 perf=full ratio_rm=0.0044
[OMPT] tid=991033 ompt_id=30680772461461505 tipo=ompt_thread_worker     last_cpu=136 numa=0 mig=0 fallos=0 perf=full ratio_rm=0.0386
[OMPT] tid=990981 ompt_id=16044073672507393 tipo=ompt_thread_worker     last_cpu=150 numa=0 mig=0 fallos=0 perf=full ratio_rm=0.0027
[OMPT] tid=990997 ompt_id=20547673299877889 tipo=ompt_thread_worker     last_cpu=149 numa=0 mig=0 fallos=0 perf=full ratio_rm=0.0024
[OMPT] tid=991047 ompt_id=34621422135410689 tipo=ompt_thread_worker     last_cpu=146 numa=0 mig=0 fallos=0 perf=full ratio_rm=0.0027
[OMPT] tid=991021 ompt_id=27303072740933633 tipo=ompt_thread_worker     last_cpu=148 numa=0 mig=0 fallos=0 perf=full ratio_rm=0.0026
[OMPT] tid=990985 ompt_id=17169973579350017 tipo=ompt_thread_worker     last_cpu=174 numa=0 mig=0 fallos=0 perf=full ratio_rm=0.0104
[OMPT] tid=990991 ompt_id=18858823439613953 tipo=ompt_thread_worker     last_cpu=158 numa=0 mig=0 fallos=0 perf=full ratio_rm=0.0134
[OMPT] tid=990971 ompt_id=13229323905400833 tipo=ompt_thread_worker     last_cpu=191 numa=0 mig=0 fallos=0 perf=full ratio_rm=0.0022
[OMPT] tid=990995 ompt_id=19984723346456577 tipo=ompt_thread_worker     last_cpu=189 numa=0 mig=0 fallos=0 perf=full ratio_rm=0.0115
[OMPT] tid=991041 ompt_id=32932572275146753 tipo=ompt_thread_worker     last_cpu=  5 numa=0 mig=0 fallos=0 perf=full ratio_rm=0.0366
[OMPT] tid=991005 ompt_id=22799473113563137 tipo=ompt_thread_worker     last_cpu=173 numa=0 mig=0 fallos=0 perf=full ratio_rm=0.0022
[OMPT] tid=991025 ompt_id=28428972647776257 tipo=ompt_thread_worker     last_cpu=  4 numa=0 mig=0 fallos=0 perf=full ratio_rm=0.0074
[OMPT] tid=991019 ompt_id=26740122787512321 tipo=ompt_thread_worker     last_cpu=172 numa=0 mig=0 fallos=0 perf=full ratio_rm=0.0024
[OMPT] tid=990967 ompt_id=12384898975268865 tipo=ompt_thread_worker     last_cpu=175 numa=0 mig=0 fallos=0 perf=full ratio_rm=0.0210
[OMPT] tid=991031 ompt_id=30117822508040193 tipo=ompt_thread_worker     last_cpu=171 numa=0 mig=0 fallos=0 perf=full ratio_rm=0.0200
[OMPT] tid=991009 ompt_id=23925373020405761 tipo=ompt_thread_worker     last_cpu=  3 numa=0 mig=0 fallos=0 perf=full ratio_rm=0.0310
[OMPT] tid=991007 ompt_id=23362423066984449 tipo=ompt_thread_worker     last_cpu=157 numa=0 mig=0 fallos=0 perf=full ratio_rm=0.0144
[OMPT] tid=990983 ompt_id=16607023625928705 tipo=ompt_thread_worker     last_cpu=142 numa=0 mig=0 fallos=0 perf=full ratio_rm=0.0182
[OMPT] tid=990973 ompt_id=13792273858822145 tipo=ompt_thread_worker     last_cpu=151 numa=0 mig=0 fallos=0 perf=full ratio_rm=0.0174
[OMPT] tid=990974 ompt_id=14073748835532801 tipo=ompt_thread_worker     last_cpu=143 numa=0 mig=0 fallos=0 perf=full ratio_rm=0.0131
[OMPT] tid=991001 ompt_id=21673573206720513 tipo=ompt_thread_worker     last_cpu= 12 numa=0 mig=0 fallos=0 perf=full ratio_rm=0.0263
[OMPT] tid=991015 ompt_id=25614222880669697 tipo=ompt_thread_worker     last_cpu=141 numa=0 mig=0 fallos=0 perf=full ratio_rm=0.0274
[OMPT] ===== Overhead intrínseco =====
  monitor: 5 ticks, 2490.3 us total (max 1789.4 us/tick)
  callbacks implicit_task: 20993, 10824405.3 us total
  migraciones: 0 (0.0 us total)
  resyncs=0  lecturas escaladas por multiplexado=1408
  hilos con perf fallido=0  parcial=0
  ventanas con fills=128
