[OMPT] ompt_initialize (OPCIÓN C: integrador con fugas)  verbose=0  migracion=activa
[HWLOC] Nodos NUMA detectados: 2 (usados: 2)
[HWLOC] Nodo 0: 128 CPUs
[HWLOC] Nodo 1: 128 CPUs
[OMPT] callback 'ompt_callback_thread_begin' registrado (result=5)
[OMPT] callback 'ompt_callback_thread_end' registrado (result=5)
[OMPT] callback 'ompt_callback_parallel_begin' registrado (result=5)
[OMPT] callback 'ompt_callback_parallel_end' registrado (result=5)
[OMPT] callback 'ompt_callback_implicit_task' registrado (result=5)
[OMPT] callback 'ompt_callback_control_tool' registrado (result=5)
[OMPT] Callbacks registrados
[OMPT] Sistema: 0 procesadores lógicos
[OMPT][MON] Monitor (C: integrador con fugas)  período=100ms  warmup=5  referencia=MIN  T=min+max(0.050, 3.00*MAD_bajo)  leak=0.50*margen  cap=8.00*margen  max_mig=1  migracion=activa
[perf_region] tool OMPT detectado: los contadores los lleva el tool, no se abren aqui
[OMPT] control_tool: INICIANDO medicion
[OMPT] control_tool: PAUSANDO medicion
[OMPT] ompt_finalize
[OMPT][MON] Monitor detenido tras 208 ventanas
[OMPT] CSV de ventanas: 14652 filas volcadas (0 descartadas)
[OMPT] ===== Tabla final: 128 hilos =====
[OMPT] tid=1010211 ompt_id=281474976710657 tipo=ompt_thread_initial    last_cpu=255 numa=1 mig=0 fallos=0 perf=full ratio_rm=0.0001
[OMPT] tid=1010214 ompt_id=562949953421313 tipo=ompt_thread_worker     last_cpu= 96 numa=1 mig=0 fallos=0 perf=full ratio_rm=0.0000
[OMPT] tid=1010213 ompt_id=844424930131969 tipo=ompt_thread_worker     last_cpu=246 numa=1 mig=0 fallos=0 perf=full ratio_rm=0.0000
[OMPT] tid=1010215 ompt_id=1125899906842625 tipo=ompt_thread_worker     last_cpu= 89 numa=1 mig=0 fallos=0 perf=full ratio_rm=0.0000
[OMPT] tid=1010216 ompt_id=1407374883553281 tipo=ompt_thread_worker     last_cpu=125 numa=1 mig=1 fallos=0 perf=full ratio_rm=0.0208
[OMPT] tid=1010217 ompt_id=1688849860263937 tipo=ompt_thread_worker     last_cpu= 73 numa=1 mig=0 fallos=0 perf=full ratio_rm=0.0000
[OMPT] tid=1010218 ompt_id=1970324836974593 tipo=ompt_thread_worker     last_cpu=225 numa=1 mig=1 fallos=0 perf=full ratio_rm=0.0208
[OMPT] tid=1010219 ompt_id=2251799813685249 tipo=ompt_thread_worker     last_cpu= 80 numa=1 mig=0 fallos=0 perf=full ratio_rm=0.0000
[OMPT] tid=1010220 ompt_id=2533274790395905 tipo=ompt_thread_worker     last_cpu= 74 numa=1 mig=1 fallos=0 perf=full ratio_rm=0.0206
[OMPT] tid=1010221 ompt_id=2814749767106561 tipo=ompt_thread_worker     last_cpu=117 numa=1 mig=1 fallos=0 perf=full ratio_rm=0.0202
[OMPT] tid=1010222 ompt_id=3096224743817217 tipo=ompt_thread_worker     last_cpu= 72 numa=1 mig=0 fallos=0 perf=full ratio_rm=0.0000
[OMPT] tid=1010224 ompt_id=3659174697238529 tipo=ompt_thread_worker     last_cpu=231 numa=1 mig=1 fallos=0 perf=full ratio_rm=0.0206
[OMPT] tid=1010227 ompt_id=4503599627370497 tipo=ompt_thread_worker     last_cpu=123 numa=1 mig=1 fallos=0 perf=full ratio_rm=0.0205
[OMPT] tid=1010223 ompt_id=3377699720527873 tipo=ompt_thread_worker     last_cpu=120 numa=1 mig=1 fallos=0 perf=full ratio_rm=0.0203
[OMPT] tid=1010228 ompt_id=4785074604081153 tipo=ompt_thread_worker     last_cpu=221 numa=1 mig=0 fallos=0 perf=full ratio_rm=0.0000
[OMPT] tid=1010229 ompt_id=5066549580791809 tipo=ompt_thread_worker     last_cpu=103 numa=1 mig=1 fallos=0 perf=full ratio_rm=0.0204
[OMPT] tid=1010225 ompt_id=3940649673949185 tipo=ompt_thread_worker     last_cpu=110 numa=1 mig=1 fallos=0 perf=full ratio_rm=0.0042
[OMPT] tid=1010226 ompt_id=4222124650659841 tipo=ompt_thread_worker     last_cpu=229 numa=1 mig=1 fallos=0 perf=full ratio_rm=0.0203
[OMPT] tid=1010231 ompt_id=5629499534213121 tipo=ompt_thread_worker     last_cpu=253 numa=1 mig=1 fallos=0 perf=full ratio_rm=0.0212
[OMPT] tid=1010230 ompt_id=5348024557502465 tipo=ompt_thread_worker     last_cpu=113 numa=1 mig=0 fallos=0 perf=full ratio_rm=0.0000
[OMPT] tid=1010232 ompt_id=5910974510923777 tipo=ompt_thread_worker     last_cpu= 94 numa=1 mig=1 fallos=0 perf=full ratio_rm=0.0205
[OMPT] tid=1010233 ompt_id=6192449487634433 tipo=ompt_thread_worker     last_cpu=105 numa=1 mig=1 fallos=0 perf=full ratio_rm=0.0206
[OMPT] tid=1010234 ompt_id=6473924464345089 tipo=ompt_thread_worker     last_cpu=107 numa=1 mig=1 fallos=0 perf=full ratio_rm=0.0210
[OMPT] tid=1010235 ompt_id=6755399441055745 tipo=ompt_thread_worker     last_cpu=115 numa=1 mig=1 fallos=0 perf=full ratio_rm=0.0210
[OMPT] tid=1010236 ompt_id=7036874417766401 tipo=ompt_thread_worker     last_cpu=243 numa=1 mig=0 fallos=0 perf=full ratio_rm=0.0000
[OMPT] tid=1010237 ompt_id=7318349394477057 tipo=ompt_thread_worker     last_cpu=201 numa=1 mig=1 fallos=0 perf=full ratio_rm=0.0204
[OMPT] tid=1010238 ompt_id=7599824371187713 tipo=ompt_thread_worker     last_cpu=254 numa=1 mig=0 fallos=0 perf=full ratio_rm=0.0000
[OMPT] tid=1010239 ompt_id=7881299347898369 tipo=ompt_thread_worker     last_cpu=230 numa=1 mig=1 fallos=0 perf=full ratio_rm=0.0205
[OMPT] tid=1010240 ompt_id=8162774324609025 tipo=ompt_thread_worker     last_cpu=210 numa=1 mig=0 fallos=0 perf=full ratio_rm=0.0000
[OMPT] tid=1010241 ompt_id=8444249301319681 tipo=ompt_thread_worker     last_cpu=228 numa=1 mig=1 fallos=0 perf=full ratio_rm=0.0204
[OMPT] tid=1010242 ompt_id=8725724278030337 tipo=ompt_thread_worker     last_cpu=195 numa=1 mig=1 fallos=0 perf=full ratio_rm=0.0021
[OMPT] tid=1010243 ompt_id=9007199254740993 tipo=ompt_thread_worker     last_cpu= 95 numa=1 mig=1 fallos=0 perf=full ratio_rm=0.0205
[OMPT] tid=1010244 ompt_id=9288674231451649 tipo=ompt_thread_worker     last_cpu=222 numa=1 mig=0 fallos=0 perf=full ratio_rm=0.0000
[OMPT] tid=1010245 ompt_id=9570149208162305 tipo=ompt_thread_worker     last_cpu=104 numa=1 mig=0 fallos=0 perf=full ratio_rm=0.0000
[OMPT] tid=1010246 ompt_id=9851624184872961 tipo=ompt_thread_worker     last_cpu= 97 numa=1 mig=0 fallos=0 perf=full ratio_rm=0.0000
[OMPT] tid=1010247 ompt_id=10133099161583617 tipo=ompt_thread_worker     last_cpu= 81 numa=1 mig=0 fallos=0 perf=full ratio_rm=0.0000
[OMPT] tid=1010277 ompt_id=18577348462903297 tipo=ompt_thread_worker     last_cpu=223 numa=1 mig=0 fallos=0 perf=full ratio_rm=0.0000
[OMPT] tid=1010293 ompt_id=23080948090273793 tipo=ompt_thread_worker     last_cpu= 64 numa=1 mig=1 fallos=0 perf=full ratio_rm=0.0203
[OMPT] tid=1010339 ompt_id=36028797018963969 tipo=ompt_thread_worker     last_cpu= 70 numa=1 mig=1 fallos=0 perf=full ratio_rm=0.0206
[OMPT] tid=1010290 ompt_id=22236523160141825 tipo=ompt_thread_worker     last_cpu=200 numa=1 mig=1 fallos=0 perf=full ratio_rm=0.0204
[OMPT] tid=1010323 ompt_id=31525197391593473 tipo=ompt_thread_worker     last_cpu=112 numa=1 mig=0 fallos=0 perf=full ratio_rm=0.0000
[OMPT] tid=1010271 ompt_id=16888498602639361 tipo=ompt_thread_worker     last_cpu=101 numa=1 mig=1 fallos=0 perf=full ratio_rm=0.0207
[OMPT] tid=1010303 ompt_id=25895697857380353 tipo=ompt_thread_worker     last_cpu=244 numa=1 mig=0 fallos=0 perf=full ratio_rm=0.0000
[OMPT] tid=1010251 ompt_id=11258999068426241 tipo=ompt_thread_worker     last_cpu=247 numa=1 mig=0 fallos=0 perf=full ratio_rm=0.0000
[OMPT] tid=1010287 ompt_id=21392098230009857 tipo=ompt_thread_worker     last_cpu=245 numa=1 mig=0 fallos=0 perf=full ratio_rm=0.0000
[OMPT] tid=1010337 ompt_id=35465847065542657 tipo=ompt_thread_worker     last_cpu=241 numa=1 mig=1 fallos=0 perf=full ratio_rm=0.0042
[OMPT] tid=1010307 ompt_id=27021597764222977 tipo=ompt_thread_worker     last_cpu= 67 numa=1 mig=1 fallos=0 perf=full ratio_rm=0.0043
[OMPT] tid=1010249 ompt_id=10696049115004929 tipo=ompt_thread_worker     last_cpu= 66 numa=1 mig=1 fallos=0 perf=full ratio_rm=0.0038
[OMPT] tid=1010269 ompt_id=16325548649218049 tipo=ompt_thread_worker     last_cpu=240 numa=1 mig=1 fallos=0 perf=full ratio_rm=0.0021
[OMPT] tid=1010285 ompt_id=20829148276588545 tipo=ompt_thread_worker     last_cpu=202 numa=1 mig=1 fallos=0 perf=full ratio_rm=0.0023
[OMPT] tid=1010315 ompt_id=29273397577908225 tipo=ompt_thread_worker     last_cpu=192 numa=1 mig=1 fallos=0 perf=full ratio_rm=0.0060
[OMPT] tid=1010252 ompt_id=11540474045136897 tipo=ompt_thread_worker     last_cpu=126 numa=1 mig=1 fallos=0 perf=full ratio_rm=0.0201
[OMPT] tid=1010264 ompt_id=14918173765664769 tipo=ompt_thread_worker     last_cpu=106 numa=1 mig=1 fallos=0 perf=full ratio_rm=0.0207
[OMPT] tid=1010274 ompt_id=17732923532771329 tipo=ompt_thread_worker     last_cpu= 75 numa=1 mig=1 fallos=0 perf=full ratio_rm=0.0204
[OMPT] tid=1010294 ompt_id=23362423066984449 tipo=ompt_thread_worker     last_cpu= 86 numa=1 mig=1 fallos=0 perf=full ratio_rm=0.0201
[OMPT] tid=1010335 ompt_id=34902897112121345 tipo=ompt_thread_worker     last_cpu=226 numa=1 mig=0 fallos=0 perf=full ratio_rm=0.0000
[OMPT] tid=1010248 ompt_id=10414574138294273 tipo=ompt_thread_worker     last_cpu=194 numa=1 mig=1 fallos=0 perf=full ratio_rm=0.0036
[OMPT] tid=1010319 ompt_id=30399297484750849 tipo=ompt_thread_worker     last_cpu=227 numa=1 mig=0 fallos=0 perf=full ratio_rm=0.0000
[OMPT] tid=1010301 ompt_id=25332747903959041 tipo=ompt_thread_worker     last_cpu=242 numa=1 mig=1 fallos=0 perf=full ratio_rm=0.0036
[OMPT] tid=1010273 ompt_id=17451448556060673 tipo=ompt_thread_worker     last_cpu= 65 numa=1 mig=1 fallos=0 perf=full ratio_rm=0.0044
[OMPT] tid=1010300 ompt_id=25051272927248385 tipo=ompt_thread_worker     last_cpu=111 numa=1 mig=1 fallos=0 perf=full ratio_rm=0.0206
[OMPT] tid=1010254 ompt_id=12103423998558209 tipo=ompt_thread_worker     last_cpu=208 numa=1 mig=1 fallos=0 perf=full ratio_rm=0.0207
[OMPT] tid=1010314 ompt_id=28991922601197569 tipo=ompt_thread_worker     last_cpu= 76 numa=1 mig=1 fallos=0 perf=full ratio_rm=0.0207
[OMPT] tid=1010268 ompt_id=16044073672507393 tipo=ompt_thread_worker     last_cpu=124 numa=1 mig=1 fallos=0 perf=full ratio_rm=0.0205
[OMPT] tid=1010311 ompt_id=28147497671065601 tipo=ompt_thread_worker     last_cpu=251 numa=1 mig=0 fallos=0 perf=full ratio_rm=0.0000
[OMPT] tid=1010279 ompt_id=19140298416324609 tipo=ompt_thread_worker     last_cpu=119 numa=1 mig=1 fallos=0 perf=full ratio_rm=0.0058
[OMPT] tid=1010327 ompt_id=32651097298436097 tipo=ompt_thread_worker     last_cpu=252 numa=1 mig=0 fallos=0 perf=full ratio_rm=0.0000
[OMPT] tid=1010289 ompt_id=21955048183431169 tipo=ompt_thread_worker     last_cpu=217 numa=1 mig=1 fallos=0 perf=full ratio_rm=0.0042
[OMPT] tid=1010329 ompt_id=33214047251857409 tipo=ompt_thread_worker     last_cpu=234 numa=1 mig=0 fallos=0 perf=full ratio_rm=0.0000
[OMPT] tid=1010283 ompt_id=20266198323167233 tipo=ompt_thread_worker     last_cpu=237 numa=1 mig=0 fallos=0 perf=full ratio_rm=0.0000
[OMPT] tid=1010313 ompt_id=28710447624486913 tipo=ompt_thread_worker     last_cpu=235 numa=1 mig=0 fallos=0 perf=full ratio_rm=0.0000
[OMPT] tid=1010297 ompt_id=24206847997116417 tipo=ompt_thread_worker     last_cpu=236 numa=1 mig=0 fallos=0 perf=full ratio_rm=0.0000
[OMPT] tid=1010278 ompt_id=18858823439613953 tipo=ompt_thread_worker     last_cpu=121 numa=1 mig=1 fallos=0 perf=full ratio_rm=0.0203
[OMPT] tid=1010330 ompt_id=33495522228568065 tipo=ompt_thread_worker     last_cpu=127 numa=1 mig=1 fallos=0 perf=full ratio_rm=0.0202
[OMPT] tid=1010326 ompt_id=32369622321725441 tipo=ompt_thread_worker     last_cpu= 91 numa=1 mig=1 fallos=0 perf=full ratio_rm=0.0202
[OMPT] tid=1010288 ompt_id=21673573206720513 tipo=ompt_thread_worker     last_cpu=197 numa=1 mig=1 fallos=0 perf=full ratio_rm=0.0206
[OMPT] tid=1010304 ompt_id=26177172834091009 tipo=ompt_thread_worker     last_cpu= 77 numa=1 mig=1 fallos=0 perf=full ratio_rm=0.0206
[OMPT] tid=1010338 ompt_id=35747322042253313 tipo=ompt_thread_worker     last_cpu=209 numa=1 mig=1 fallos=0 perf=full ratio_rm=0.0207
[OMPT] tid=1010296 ompt_id=23925373020405761 tipo=ompt_thread_worker     last_cpu=108 numa=1 mig=1 fallos=0 perf=full ratio_rm=0.0206
[OMPT] tid=1010267 ompt_id=15762598695796737 tipo=ompt_thread_worker     last_cpu=214 numa=1 mig=0 fallos=0 perf=full ratio_rm=0.0000
[OMPT] tid=1010255 ompt_id=12384898975268865 tipo=ompt_thread_worker     last_cpu=215 numa=1 mig=0 fallos=0 perf=full ratio_rm=0.0000
[OMPT] tid=1010317 ompt_id=29836347531329537 tipo=ompt_thread_worker     last_cpu=211 numa=1 mig=0 fallos=0 perf=full ratio_rm=0.0000
[OMPT] tid=1010299 ompt_id=24769797950537729 tipo=ompt_thread_worker     last_cpu=212 numa=1 mig=0 fallos=0 perf=full ratio_rm=0.0000
[OMPT] tid=1010258 ompt_id=13229323905400833 tipo=ompt_thread_worker     last_cpu=122 numa=1 mig=1 fallos=0 perf=full ratio_rm=0.0204
[OMPT] tid=1010272 ompt_id=17169973579350017 tipo=ompt_thread_worker     last_cpu= 87 numa=1 mig=1 fallos=0 perf=full ratio_rm=0.0205
[OMPT] tid=1010331 ompt_id=33776997205278721 tipo=ompt_thread_worker     last_cpu=193 numa=1 mig=1 fallos=0 perf=full ratio_rm=0.0074
[OMPT] tid=1010265 ompt_id=15199648742375425 tipo=ompt_thread_worker     last_cpu=238 numa=1 mig=0 fallos=0 perf=full ratio_rm=0.0000
[OMPT] tid=1010257 ompt_id=12947848928690177 tipo=ompt_thread_worker     last_cpu=239 numa=1 mig=0 fallos=0 perf=full ratio_rm=0.0000
[OMPT] tid=1010266 ompt_id=15481123719086081 tipo=ompt_thread_worker     last_cpu=109 numa=1 mig=1 fallos=0 perf=full ratio_rm=0.0204
[OMPT] tid=1010318 ompt_id=30117822508040193 tipo=ompt_thread_worker     last_cpu=114 numa=1 mig=1 fallos=0 perf=full ratio_rm=0.0206
[OMPT] tid=1010295 ompt_id=23643898043695105 tipo=ompt_thread_worker     last_cpu=250 numa=1 mig=0 fallos=0 perf=full ratio_rm=0.0000
[OMPT] tid=1010263 ompt_id=14636698788954113 tipo=ompt_thread_worker     last_cpu=248 numa=1 mig=0 fallos=0 perf=full ratio_rm=0.0000
[OMPT] tid=1010333 ompt_id=34339947158700033 tipo=ompt_thread_worker     last_cpu=218 numa=1 mig=0 fallos=0 perf=full ratio_rm=0.0000
[OMPT] tid=1010305 ompt_id=26458647810801665 tipo=ompt_thread_worker     last_cpu=204 numa=1 mig=0 fallos=0 perf=full ratio_rm=0.0000
[OMPT] tid=1010275 ompt_id=18014398509481985 tipo=ompt_thread_worker     last_cpu=206 numa=1 mig=0 fallos=0 perf=full ratio_rm=0.0000
[OMPT] tid=1010291 ompt_id=22517998136852481 tipo=ompt_thread_worker     last_cpu=205 numa=1 mig=0 fallos=0 perf=full ratio_rm=0.0000
[OMPT] tid=1010253 ompt_id=11821949021847553 tipo=ompt_thread_worker     last_cpu=207 numa=1 mig=0 fallos=0 perf=full ratio_rm=0.0000
[OMPT] tid=1010321 ompt_id=30962247438172161 tipo=ompt_thread_worker     last_cpu=203 numa=1 mig=0 fallos=0 perf=full ratio_rm=0.0000
[OMPT] tid=1010309 ompt_id=27584547717644289 tipo=ompt_thread_worker     last_cpu=220 numa=1 mig=0 fallos=0 perf=full ratio_rm=0.0000
[OMPT] tid=1010325 ompt_id=32088147345014785 tipo=ompt_thread_worker     last_cpu=219 numa=1 mig=0 fallos=0 perf=full ratio_rm=0.0000
[OMPT] tid=1010259 ompt_id=13510798882111489 tipo=ompt_thread_worker     last_cpu=216 numa=1 mig=0 fallos=0 perf=full ratio_rm=0.0000
[OMPT] tid=1010286 ompt_id=21110623253299201 tipo=ompt_thread_worker     last_cpu= 71 numa=1 mig=1 fallos=0 perf=full ratio_rm=0.0205
[OMPT] tid=1010262 ompt_id=14355223812243457 tipo=ompt_thread_worker     last_cpu= 88 numa=1 mig=1 fallos=0 perf=full ratio_rm=0.0202
[OMPT] tid=1010310 ompt_id=27866022694354945 tipo=ompt_thread_worker     last_cpu= 92 numa=1 mig=1 fallos=0 perf=full ratio_rm=0.0203
[OMPT] tid=1010298 ompt_id=24488322973827073 tipo=ompt_thread_worker     last_cpu= 85 numa=1 mig=1 fallos=0 perf=full ratio_rm=0.0204
[OMPT] tid=1010320 ompt_id=30680772461461505 tipo=ompt_thread_worker     last_cpu= 83 numa=1 mig=1 fallos=0 perf=full ratio_rm=0.0205
[OMPT] tid=1010328 ompt_id=32932572275146753 tipo=ompt_thread_worker     last_cpu=102 numa=1 mig=1 fallos=0 perf=full ratio_rm=0.0204
[OMPT] tid=1010250 ompt_id=10977524091715585 tipo=ompt_thread_worker     last_cpu=100 numa=1 mig=1 fallos=0 perf=full ratio_rm=0.0207
[OMPT] tid=1010280 ompt_id=19421773393035265 tipo=ompt_thread_worker     last_cpu=224 numa=1 mig=1 fallos=0 perf=full ratio_rm=0.0207
[OMPT] tid=1010312 ompt_id=28428972647776257 tipo=ompt_thread_worker     last_cpu=198 numa=1 mig=1 fallos=0 perf=full ratio_rm=0.0207
[OMPT] tid=1010281 ompt_id=19703248369745921 tipo=ompt_thread_worker     last_cpu=213 numa=1 mig=0 fallos=0 perf=full ratio_rm=0.0000
[OMPT] tid=1010284 ompt_id=20547673299877889 tipo=ompt_thread_worker     last_cpu= 98 numa=1 mig=1 fallos=0 perf=full ratio_rm=0.0205
[OMPT] tid=1010336 ompt_id=35184372088832001 tipo=ompt_thread_worker     last_cpu= 99 numa=1 mig=1 fallos=0 perf=full ratio_rm=0.0209
[OMPT] tid=1010292 ompt_id=22799473113563137 tipo=ompt_thread_worker     last_cpu=233 numa=1 mig=1 fallos=0 perf=full ratio_rm=0.0203
[OMPT] tid=1010322 ompt_id=31243722414882817 tipo=ompt_thread_worker     last_cpu=199 numa=1 mig=1 fallos=0 perf=full ratio_rm=0.0204
[OMPT] tid=1010260 ompt_id=13792273858822145 tipo=ompt_thread_worker     last_cpu=196 numa=1 mig=1 fallos=0 perf=full ratio_rm=0.0205
[OMPT] tid=1010306 ompt_id=26740122787512321 tipo=ompt_thread_worker     last_cpu=118 numa=1 mig=1 fallos=0 perf=full ratio_rm=0.0204
[OMPT] tid=1010308 ompt_id=27303072740933633 tipo=ompt_thread_worker     last_cpu= 84 numa=1 mig=1 fallos=0 perf=full ratio_rm=0.0204
[OMPT] tid=1010276 ompt_id=18295873486192641 tipo=ompt_thread_worker     last_cpu= 82 numa=1 mig=1 fallos=0 perf=full ratio_rm=0.0205
[OMPT] tid=1010270 ompt_id=16607023625928705 tipo=ompt_thread_worker     last_cpu= 90 numa=1 mig=1 fallos=0 perf=full ratio_rm=0.0206
[OMPT] tid=1010324 ompt_id=31806672368304129 tipo=ompt_thread_worker     last_cpu= 93 numa=1 mig=1 fallos=0 perf=full ratio_rm=0.0204
[OMPT] tid=1010332 ompt_id=34058472181989377 tipo=ompt_thread_worker     last_cpu= 79 numa=1 mig=1 fallos=0 perf=full ratio_rm=0.0210
[OMPT] tid=1010334 ompt_id=34621422135410689 tipo=ompt_thread_worker     last_cpu= 68 numa=1 mig=1 fallos=0 perf=full ratio_rm=0.0206
[OMPT] tid=1010282 ompt_id=19984723346456577 tipo=ompt_thread_worker     last_cpu= 69 numa=1 mig=1 fallos=0 perf=full ratio_rm=0.0204
[OMPT] tid=1010261 ompt_id=14073748835532801 tipo=ompt_thread_worker     last_cpu=232 numa=1 mig=1 fallos=0 perf=full ratio_rm=0.0203
[OMPT] tid=1010316 ompt_id=29554872554618881 tipo=ompt_thread_worker     last_cpu=249 numa=1 mig=1 fallos=0 perf=full ratio_rm=0.0212
[OMPT] tid=1010302 ompt_id=25614222880669697 tipo=ompt_thread_worker     last_cpu=116 numa=1 mig=1 fallos=0 perf=full ratio_rm=0.0205
[OMPT] tid=1010256 ompt_id=12666373951979521 tipo=ompt_thread_worker     last_cpu= 78 numa=1 mig=1 fallos=0 perf=full ratio_rm=0.0205
[OMPT] ===== Overhead intrínseco =====
  monitor: 208 ticks, 218774.7 us total (max 3144.1 us/tick)
  callbacks implicit_task: 20993, 13395310.4 us total
  migraciones: 81 (689214.9 us total)
  resyncs=4083  lecturas escaladas por multiplexado=38784
  hilos con perf fallido=0  parcial=0
  ventanas con fills=14652
