[OMPT] ompt_initialize (OPCIÓN C: integrador con fugas)  verbose=0  migracion=DESACTIVADA
[HWLOC] Nodos NUMA detectados: 2 (usados: 2)
[HWLOC] Nodo 0: 128 CPUs
[HWLOC] Nodo 1: 128 CPUs
[OMPT] callback 'ompt_callback_thread_begin' registrado (result=5)
[OMPT] callback 'ompt_callback_thread_end' registrado (result=5)
[OMPT] callback 'ompt_callback_parallel_begin' registrado (result=5)
[OMPT] callback 'ompt_callback_parallel_end' registrado (result=5)
[OMPT] callback 'ompt_callback_implicit_task' registrado (result=5)
[OMPT] callback 'ompt_callback_control_tool' registrado (result=5)
[OMPT] Callbacks registrados
[OMPT] Sistema: 0 procesadores lógicos
[OMPT][MON] Monitor (C: integrador con fugas)  período=100ms  warmup=5  referencia=MIN  T=min+max(0.050, 3.00*MAD_bajo)  leak=0.50*margen  cap=8.00*margen  max_mig=1  migracion=DESACTIVADA
[perf_region] tool OMPT detectado: los contadores los lleva el tool, no se abren aqui
[OMPT] control_tool: INICIANDO medicion
[OMPT] control_tool: PAUSANDO medicion
[OMPT] ompt_finalize
[OMPT][MON] Monitor detenido tras 5 ventanas
[OMPT] CSV de ventanas: 512 filas volcadas (0 descartadas)
[OMPT] ===== Tabla final: 256 hilos =====
[OMPT] tid=975532 ompt_id=281474976710657 tipo=ompt_thread_initial    last_cpu=200 numa=1 mig=0 fallos=0 perf=full ratio_rm=0.0036
[OMPT] tid=975534 ompt_id=562949953421313 tipo=ompt_thread_worker     last_cpu= 78 numa=1 mig=0 fallos=0 perf=full ratio_rm=0.0040
[OMPT] tid=975535 ompt_id=844424930131969 tipo=ompt_thread_worker     last_cpu= 80 numa=1 mig=0 fallos=0 perf=full ratio_rm=0.0072
[OMPT] tid=975537 ompt_id=1407374883553281 tipo=ompt_thread_worker     last_cpu= 89 numa=1 mig=0 fallos=0 perf=full ratio_rm=0.0072
[OMPT] tid=975538 ompt_id=1688849860263937 tipo=ompt_thread_worker     last_cpu= 96 numa=1 mig=0 fallos=0 perf=full ratio_rm=0.0073
[OMPT] tid=975540 ompt_id=2251799813685249 tipo=ompt_thread_worker     last_cpu=120 numa=1 mig=0 fallos=0 perf=full ratio_rm=0.0060
[OMPT] tid=975536 ompt_id=1125899906842625 tipo=ompt_thread_worker     last_cpu= 63 numa=0 mig=0 fallos=0 perf=full ratio_rm=0.0039
[OMPT] tid=975541 ompt_id=2533274790395905 tipo=ompt_thread_worker     last_cpu=113 numa=1 mig=0 fallos=0 perf=full ratio_rm=0.0061
[OMPT] tid=975543 ompt_id=3096224743817217 tipo=ompt_thread_worker     last_cpu= 79 numa=1 mig=0 fallos=0 perf=full ratio_rm=0.0044
[OMPT] tid=975542 ompt_id=2814749767106561 tipo=ompt_thread_worker     last_cpu= 65 numa=1 mig=0 fallos=0 perf=full ratio_rm=0.0061
[OMPT] tid=975545 ompt_id=3659174697238529 tipo=ompt_thread_worker     last_cpu= 75 numa=1 mig=0 fallos=0 perf=full ratio_rm=0.0045
[OMPT] tid=975539 ompt_id=1970324836974593 tipo=ompt_thread_worker     last_cpu= 56 numa=0 mig=0 fallos=0 perf=full ratio_rm=0.0047
[OMPT] tid=975547 ompt_id=4222124650659841 tipo=ompt_thread_worker     last_cpu= 88 numa=1 mig=0 fallos=0 perf=full ratio_rm=0.0066
[OMPT] tid=975548 ompt_id=4503599627370497 tipo=ompt_thread_worker     last_cpu=255 numa=1 mig=0 fallos=0 perf=full ratio_rm=0.0053
[OMPT] tid=975546 ompt_id=3940649673949185 tipo=ompt_thread_worker     last_cpu= 24 numa=0 mig=0 fallos=0 perf=full ratio_rm=0.0047
[OMPT] tid=975549 ompt_id=4785074604081153 tipo=ompt_thread_worker     last_cpu= 74 numa=1 mig=0 fallos=0 perf=full ratio_rm=0.0057
[OMPT] tid=975550 ompt_id=5066549580791809 tipo=ompt_thread_worker     last_cpu=112 numa=1 mig=0 fallos=0 perf=full ratio_rm=0.0063
[OMPT] tid=975551 ompt_id=5348024557502465 tipo=ompt_thread_worker     last_cpu= 64 numa=1 mig=0 fallos=0 perf=full ratio_rm=0.0081
[OMPT] tid=975544 ompt_id=3377699720527873 tipo=ompt_thread_worker     last_cpu= 81 numa=1 mig=0 fallos=0 perf=full ratio_rm=0.0061
[OMPT] tid=975552 ompt_id=5629499534213121 tipo=ompt_thread_worker     last_cpu=207 numa=1 mig=0 fallos=0 perf=full ratio_rm=0.0044
[OMPT] tid=975553 ompt_id=5910974510923777 tipo=ompt_thread_worker     last_cpu=121 numa=1 mig=0 fallos=0 perf=full ratio_rm=0.0064
[OMPT] tid=975554 ompt_id=6192449487634433 tipo=ompt_thread_worker     last_cpu= 72 numa=1 mig=0 fallos=0 perf=full ratio_rm=0.0048
[OMPT] tid=975555 ompt_id=6473924464345089 tipo=ompt_thread_worker     last_cpu=  0 numa=0 mig=0 fallos=0 perf=full ratio_rm=0.0046
[OMPT] tid=975556 ompt_id=6755399441055745 tipo=ompt_thread_worker     last_cpu=205 numa=1 mig=0 fallos=0 perf=full ratio_rm=0.0048
[OMPT] tid=975557 ompt_id=7036874417766401 tipo=ompt_thread_worker     last_cpu= 16 numa=0 mig=0 fallos=0 perf=full ratio_rm=0.0058
[OMPT] tid=975558 ompt_id=7318349394477057 tipo=ompt_thread_worker     last_cpu=191 numa=0 mig=0 fallos=0 perf=full ratio_rm=0.0043
[OMPT] tid=975559 ompt_id=7599824371187713 tipo=ompt_thread_worker     last_cpu= 25 numa=0 mig=0 fallos=0 perf=full ratio_rm=0.0051
[OMPT] tid=975560 ompt_id=7881299347898369 tipo=ompt_thread_worker     last_cpu= 17 numa=0 mig=0 fallos=0 perf=full ratio_rm=0.0047
[OMPT] tid=975561 ompt_id=8162774324609025 tipo=ompt_thread_worker     last_cpu=  7 numa=0 mig=0 fallos=0 perf=full ratio_rm=0.0055
[OMPT] tid=975562 ompt_id=8444249301319681 tipo=ompt_thread_worker     last_cpu=  9 numa=0 mig=0 fallos=0 perf=full ratio_rm=0.0050
[OMPT] tid=975563 ompt_id=8725724278030337 tipo=ompt_thread_worker     last_cpu=  8 numa=0 mig=0 fallos=0 perf=full ratio_rm=0.0053
[OMPT] tid=975564 ompt_id=9007199254740993 tipo=ompt_thread_worker     last_cpu=128 numa=0 mig=0 fallos=0 perf=full ratio_rm=0.0039
[OMPT] tid=975565 ompt_id=9288674231451649 tipo=ompt_thread_worker     last_cpu=204 numa=1 mig=0 fallos=0 perf=full ratio_rm=0.0041
[OMPT] tid=975566 ompt_id=9570149208162305 tipo=ompt_thread_worker     last_cpu=203 numa=1 mig=0 fallos=0 perf=full ratio_rm=0.0038
[OMPT] tid=975567 ompt_id=9851624184872961 tipo=ompt_thread_worker     last_cpu=125 numa=1 mig=0 fallos=0 perf=full ratio_rm=0.0044
[OMPT] tid=975568 ompt_id=10133099161583617 tipo=ompt_thread_worker     last_cpu= 73 numa=1 mig=0 fallos=0 perf=full ratio_rm=0.0065
[OMPT] tid=975580 ompt_id=13510798882111489 tipo=ompt_thread_worker     last_cpu= 32 numa=0 mig=0 fallos=0 perf=full ratio_rm=0.0101
[OMPT] tid=975628 ompt_id=27021597764222977 tipo=ompt_thread_worker     last_cpu= 39 numa=0 mig=0 fallos=0 perf=full ratio_rm=0.0111
[OMPT] tid=975786 ompt_id=71494644084506625 tipo=ompt_thread_worker     last_cpu=161 numa=0 mig=0 fallos=0 perf=full ratio_rm=0.0099
[OMPT] tid=975686 ompt_id=43347146413441025 tipo=ompt_thread_worker     last_cpu=168 numa=0 mig=0 fallos=0 perf=full ratio_rm=0.0132
[OMPT] tid=975644 ompt_id=31525197391593473 tipo=ompt_thread_worker     last_cpu=148 numa=0 mig=0 fallos=0 perf=full ratio_rm=0.0094
[OMPT] tid=975709 ompt_id=49821070877786113 tipo=ompt_thread_worker     last_cpu=139 numa=0 mig=0 fallos=0 perf=full ratio_rm=0.0342
[OMPT] tid=975717 ompt_id=52072870691471361 tipo=ompt_thread_worker     last_cpu= 77 numa=1 mig=0 fallos=0 perf=full ratio_rm=0.0390
[OMPT] tid=975612 ompt_id=22517998136852481 tipo=ompt_thread_worker     last_cpu=129 numa=0 mig=0 fallos=0 perf=full ratio_rm=0.0155
[OMPT] tid=975676 ompt_id=40532396646334465 tipo=ompt_thread_worker     last_cpu=201 numa=1 mig=0 fallos=0 perf=full ratio_rm=0.0567
[OMPT] tid=975725 ompt_id=54324670505156609 tipo=ompt_thread_worker     last_cpu= 76 numa=1 mig=0 fallos=0 perf=full ratio_rm=0.0460
[OMPT] tid=975701 ompt_id=47569271064100865 tipo=ompt_thread_worker     last_cpu=145 numa=0 mig=0 fallos=0 perf=full ratio_rm=0.0030
[OMPT] tid=975740 ompt_id=58546795155816449 tipo=ompt_thread_worker     last_cpu=100 numa=1 mig=0 fallos=0 perf=full ratio_rm=0.0408
[OMPT] tid=975596 ompt_id=18014398509481985 tipo=ompt_thread_worker     last_cpu=206 numa=1 mig=0 fallos=0 perf=full ratio_rm=0.0399
[OMPT] tid=975660 ompt_id=36028797018963969 tipo=ompt_thread_worker     last_cpu=202 numa=1 mig=0 fallos=0 perf=full ratio_rm=0.0590
[OMPT] tid=975750 ompt_id=61361544922923009 tipo=ompt_thread_worker     last_cpu= 30 numa=0 mig=0 fallos=0 perf=full ratio_rm=0.0082
[OMPT] tid=975575 ompt_id=12103423998558209 tipo=ompt_thread_worker     last_cpu=159 numa=0 mig=0 fallos=0 perf=full ratio_rm=0.0104
[OMPT] tid=975632 ompt_id=28147497671065601 tipo=ompt_thread_worker     last_cpu=251 numa=1 mig=0 fallos=0 perf=full ratio_rm=0.0475
[OMPT] tid=975664 ompt_id=37154696925806593 tipo=ompt_thread_worker     last_cpu=253 numa=1 mig=0 fallos=0 perf=full ratio_rm=0.0415
[OMPT] tid=975714 ompt_id=51228445761339393 tipo=ompt_thread_worker     last_cpu= 71 numa=1 mig=0 fallos=0 perf=full ratio_rm=0.0480
[OMPT] tid=975733 ompt_id=56576470318841857 tipo=ompt_thread_worker     last_cpu=123 numa=1 mig=0 fallos=0 perf=full ratio_rm=0.0469
[OMPT] tid=975680 ompt_id=41658296553177089 tipo=ompt_thread_worker     last_cpu=254 numa=1 mig=0 fallos=0 perf=full ratio_rm=0.0353
[OMPT] tid=975706 ompt_id=48976645947654145 tipo=ompt_thread_worker     last_cpu=126 numa=1 mig=0 fallos=0 perf=full ratio_rm=0.0387
[OMPT] tid=975600 ompt_id=19140298416324609 tipo=ompt_thread_worker     last_cpu=249 numa=1 mig=0 fallos=0 perf=full ratio_rm=0.0504
[OMPT] tid=975696 ompt_id=46161896180547585 tipo=ompt_thread_worker     last_cpu=127 numa=1 mig=0 fallos=0 perf=full ratio_rm=0.0413
[OMPT] tid=975722 ompt_id=53480245575024641 tipo=ompt_thread_worker     last_cpu=124 numa=1 mig=0 fallos=0 perf=full ratio_rm=0.0487
[OMPT] tid=975652 ompt_id=33776997205278721 tipo=ompt_thread_worker     last_cpu=194 numa=1 mig=0 fallos=0 perf=full ratio_rm=0.0690
[OMPT] tid=975578 ompt_id=12666373951979521 tipo=ompt_thread_worker     last_cpu=199 numa=1 mig=0 fallos=0 perf=full ratio_rm=0.0514
[OMPT] tid=975699 ompt_id=47006321110679553 tipo=ompt_thread_worker     last_cpu=105 numa=1 mig=0 fallos=0 perf=full ratio_rm=0.0510
[OMPT] tid=975713 ompt_id=50946970784628737 tipo=ompt_thread_worker     last_cpu= 70 numa=1 mig=0 fallos=0 perf=full ratio_rm=0.0546
[OMPT] tid=975735 ompt_id=57139420272263169 tipo=ompt_thread_worker     last_cpu= 91 numa=1 mig=0 fallos=0 perf=full ratio_rm=0.0472
[OMPT] tid=975636 ompt_id=29273397577908225 tipo=ompt_thread_worker     last_cpu=219 numa=1 mig=0 fallos=0 perf=full ratio_rm=0.0420
[OMPT] tid=975624 ompt_id=25895697857380353 tipo=ompt_thread_worker     last_cpu=244 numa=1 mig=0 fallos=0 perf=full ratio_rm=0.0401
[OMPT] tid=975712 ompt_id=50665495807918081 tipo=ompt_thread_worker     last_cpu=119 numa=1 mig=0 fallos=0 perf=full ratio_rm=0.0436
[OMPT] tid=975594 ompt_id=17451448556060673 tipo=ompt_thread_worker     last_cpu=246 numa=1 mig=0 fallos=0 perf=full ratio_rm=0.0417
[OMPT] tid=975729 ompt_id=55450570411999233 tipo=ompt_thread_worker     last_cpu=116 numa=1 mig=0 fallos=0 perf=full ratio_rm=0.0430
[OMPT] tid=975784 ompt_id=70931694131085313 tipo=ompt_thread_worker     last_cpu=114 numa=1 mig=0 fallos=0 perf=full ratio_rm=0.0463
[OMPT] tid=975734 ompt_id=56857945295552513 tipo=ompt_thread_worker     last_cpu=115 numa=1 mig=0 fallos=0 perf=full ratio_rm=0.0419
[OMPT] tid=975694 ompt_id=45598946227126273 tipo=ompt_thread_worker     last_cpu=240 numa=1 mig=0 fallos=0 perf=full ratio_rm=0.0585
[OMPT] tid=975720 ompt_id=52917295621603329 tipo=ompt_thread_worker     last_cpu=117 numa=1 mig=0 fallos=0 perf=full ratio_rm=0.0413
[OMPT] tid=975642 ompt_id=30962247438172161 tipo=ompt_thread_worker     last_cpu=243 numa=1 mig=0 fallos=0 perf=full ratio_rm=0.0414
[OMPT] tid=975604 ompt_id=20266198323167233 tipo=ompt_thread_worker     last_cpu=221 numa=1 mig=0 fallos=0 perf=full ratio_rm=0.0433
[OMPT] tid=975618 ompt_id=24206847997116417 tipo=ompt_thread_worker     last_cpu=220 numa=1 mig=0 fallos=0 perf=full ratio_rm=0.0424
[OMPT] tid=975702 ompt_id=47850746040811521 tipo=ompt_thread_worker     last_cpu= 95 numa=1 mig=0 fallos=0 perf=full ratio_rm=0.0442
[OMPT] tid=975572 ompt_id=11258999068426241 tipo=ompt_thread_worker     last_cpu=223 numa=1 mig=0 fallos=0 perf=full ratio_rm=0.0429
[OMPT] tid=975674 ompt_id=39969446692913153 tipo=ompt_thread_worker     last_cpu=225 numa=1 mig=0 fallos=0 perf=full ratio_rm=0.0451
[OMPT] tid=975616 ompt_id=23643898043695105 tipo=ompt_thread_worker     last_cpu=250 numa=1 mig=0 fallos=0 perf=full ratio_rm=0.0609
[OMPT] tid=975648 ompt_id=32651097298436097 tipo=ompt_thread_worker     last_cpu=252 numa=1 mig=0 fallos=0 perf=full ratio_rm=0.0460
[OMPT] tid=975584 ompt_id=14355223812243457 tipo=ompt_thread_worker     last_cpu=248 numa=1 mig=0 fallos=0 perf=full ratio_rm=0.0624
[OMPT] tid=975741 ompt_id=58828270132527105 tipo=ompt_thread_worker     last_cpu=122 numa=1 mig=0 fallos=0 perf=full ratio_rm=0.0508
[OMPT] tid=975651 ompt_id=33495522228568065 tipo=ompt_thread_worker     last_cpu=170 numa=0 mig=0 fallos=0 perf=full ratio_rm=0.0149
[OMPT] tid=975779 ompt_id=69524319247532033 tipo=ompt_thread_worker     last_cpu= 41 numa=0 mig=0 fallos=0 perf=full ratio_rm=0.0156
[OMPT] tid=975613 ompt_id=22799473113563137 tipo=ompt_thread_worker     last_cpu=173 numa=0 mig=0 fallos=0 perf=full ratio_rm=0.0241
[OMPT] tid=975667 ompt_id=37999121855938561 tipo=ompt_thread_worker     last_cpu=169 numa=0 mig=0 fallos=0 perf=full ratio_rm=0.0143
[OMPT] tid=975730 ompt_id=55732045388709889 tipo=ompt_thread_worker     last_cpu= 92 numa=1 mig=0 fallos=0 perf=full ratio_rm=0.0443
[OMPT] tid=975770 ompt_id=66991044457136129 tipo=ompt_thread_worker     last_cpu=135 numa=0 mig=0 fallos=0 perf=full ratio_rm=0.0116
[OMPT] tid=975585 ompt_id=14918173765664769 tipo=ompt_thread_worker     last_cpu=  1 numa=0 mig=0 fallos=0 perf=full ratio_rm=0.0269
[OMPT] tid=975653 ompt_id=34058472181989377 tipo=ompt_thread_worker     last_cpu=  5 numa=0 mig=0 fallos=0 perf=full ratio_rm=0.0322
[OMPT] tid=975772 ompt_id=67553994410557441 tipo=ompt_thread_worker     last_cpu=133 numa=0 mig=0 fallos=0 perf=full ratio_rm=0.0131
[OMPT] tid=975757 ompt_id=63331869759897601 tipo=ompt_thread_worker     last_cpu= 62 numa=0 mig=0 fallos=0 perf=full ratio_rm=0.0223
[OMPT] tid=975601 ompt_id=19421773393035265 tipo=ompt_thread_worker     last_cpu=190 numa=0 mig=0 fallos=0 perf=full ratio_rm=0.0013
[OMPT] tid=975619 ompt_id=24488322973827073 tipo=ompt_thread_worker     last_cpu=189 numa=0 mig=0 fallos=0 perf=full ratio_rm=0.0107
[OMPT] tid=975691 ompt_id=44754521296994305 tipo=ompt_thread_worker     last_cpu=186 numa=0 mig=0 fallos=0 perf=full ratio_rm=0.0114
[OMPT] tid=975728 ompt_id=55169095435288577 tipo=ompt_thread_worker     last_cpu=187 numa=0 mig=0 fallos=0 perf=full ratio_rm=0.0103
[OMPT] tid=975637 ompt_id=29554872554618881 tipo=ompt_thread_worker     last_cpu=188 numa=0 mig=0 fallos=0 perf=full ratio_rm=0.0198
[OMPT] tid=975775 ompt_id=68398419340689409 tipo=ompt_thread_worker     last_cpu= 19 numa=0 mig=0 fallos=0 perf=full ratio_rm=0.0130
[OMPT] tid=975693 ompt_id=45317471250415617 tipo=ompt_thread_worker     last_cpu= 23 numa=0 mig=0 fallos=0 perf=full ratio_rm=0.0262
[OMPT] tid=975579 ompt_id=13229323905400833 tipo=ompt_thread_worker     last_cpu=151 numa=0 mig=0 fallos=0 perf=full ratio_rm=0.0143
[OMPT] tid=975752 ompt_id=61924494876344321 tipo=ompt_thread_worker     last_cpu= 21 numa=0 mig=0 fallos=0 perf=full ratio_rm=0.0115
[OMPT] tid=975700 ompt_id=47287796087390209 tipo=ompt_thread_worker     last_cpu= 55 numa=0 mig=0 fallos=0 perf=full ratio_rm=0.0103
[OMPT] tid=975681 ompt_id=41939771529887745 tipo=ompt_thread_worker     last_cpu=176 numa=0 mig=0 fallos=0 perf=full ratio_rm=0.0215
[OMPT] tid=975593 ompt_id=17169973579350017 tipo=ompt_thread_worker     last_cpu=182 numa=0 mig=0 fallos=0 perf=full ratio_rm=0.0176
[OMPT] tid=975605 ompt_id=20547673299877889 tipo=ompt_thread_worker     last_cpu=181 numa=0 mig=0 fallos=0 perf=full ratio_rm=0.0173
[OMPT] tid=975748 ompt_id=60798594969501697 tipo=ompt_thread_worker     last_cpu= 54 numa=0 mig=0 fallos=0 perf=full ratio_rm=0.0093
[OMPT] tid=975639 ompt_id=30117822508040193 tipo=ompt_thread_worker     last_cpu=179 numa=0 mig=0 fallos=0 perf=full ratio_rm=0.0110
[OMPT] tid=975781 ompt_id=70087269200953345 tipo=ompt_thread_worker     last_cpu= 50 numa=0 mig=0 fallos=0 perf=full ratio_rm=0.0208
[OMPT] tid=975766 ompt_id=65865144550293505 tipo=ompt_thread_worker     last_cpu= 51 numa=0 mig=0 fallos=0 perf=full ratio_rm=0.0125
[OMPT] tid=975627 ompt_id=26740122787512321 tipo=ompt_thread_worker     last_cpu=180 numa=0 mig=0 fallos=0 perf=full ratio_rm=0.0106
[OMPT] tid=975581 ompt_id=13792273858822145 tipo=ompt_thread_worker     last_cpu=183 numa=0 mig=0 fallos=0 perf=full ratio_rm=0.0232
[OMPT] tid=975665 ompt_id=37436171902517249 tipo=ompt_thread_worker     last_cpu=185 numa=0 mig=0 fallos=0 perf=full ratio_rm=0.0190
[OMPT] tid=975633 ompt_id=28428972647776257 tipo=ompt_thread_worker     last_cpu=  4 numa=0 mig=0 fallos=0 perf=full ratio_rm=0.0260
[OMPT] tid=975647 ompt_id=32369622321725441 tipo=ompt_thread_worker     last_cpu=155 numa=0 mig=0 fallos=0 perf=full ratio_rm=0.0166
[OMPT] tid=975727 ompt_id=54887620458577921 tipo=ompt_thread_worker     last_cpu= 31 numa=0 mig=0 fallos=0 perf=full ratio_rm=0.0128
[OMPT] tid=975764 ompt_id=65302194596872193 tipo=ompt_thread_worker     last_cpu= 61 numa=0 mig=0 fallos=0 perf=full ratio_rm=0.0108
[OMPT] tid=975778 ompt_id=69242844270821377 tipo=ompt_thread_worker     last_cpu= 60 numa=0 mig=0 fallos=0 perf=full ratio_rm=0.0121
[OMPT] tid=975675 ompt_id=40250921669623809 tipo=ompt_thread_worker     last_cpu= 82 numa=1 mig=0 fallos=0 perf=full ratio_rm=0.0495
[OMPT] tid=975745 ompt_id=59954170039369729 tipo=ompt_thread_worker     last_cpu= 22 numa=0 mig=0 fallos=0 perf=full ratio_rm=0.0175
[OMPT] tid=975641 ompt_id=30680772461461505 tipo=ompt_thread_worker     last_cpu=147 numa=0 mig=0 fallos=0 perf=full ratio_rm=0.0197
[OMPT] tid=975659 ompt_id=35747322042253313 tipo=ompt_thread_worker     last_cpu=162 numa=0 mig=0 fallos=0 perf=full ratio_rm=0.0133
[OMPT] tid=975679 ompt_id=41376821576466433 tipo=ompt_thread_worker     last_cpu=160 numa=0 mig=0 fallos=0 perf=full ratio_rm=0.0155
[OMPT] tid=975749 ompt_id=61080069946212353 tipo=ompt_thread_worker     last_cpu=158 numa=0 mig=0 fallos=0 perf=full ratio_rm=0.0199
[OMPT] tid=975599 ompt_id=18858823439613953 tipo=ompt_thread_worker     last_cpu= 40 numa=0 mig=0 fallos=0 perf=full ratio_rm=0.0107
[OMPT] tid=975573 ompt_id=11540474045136897 tipo=ompt_thread_worker     last_cpu= 26 numa=0 mig=0 fallos=0 perf=full ratio_rm=0.0207
[OMPT] tid=975776 ompt_id=68679894317400065 tipo=ompt_thread_worker     last_cpu= 27 numa=0 mig=0 fallos=0 perf=full ratio_rm=0.0141
[OMPT] tid=975756 ompt_id=63050394783186945 tipo=ompt_thread_worker     last_cpu= 29 numa=0 mig=0 fallos=0 perf=full ratio_rm=0.0159
[OMPT] tid=975663 ompt_id=36873221949095937 tipo=ompt_thread_worker     last_cpu=154 numa=0 mig=0 fallos=0 perf=full ratio_rm=0.0130
[OMPT] tid=975631 ompt_id=27866022694354945 tipo=ompt_thread_worker     last_cpu=156 numa=0 mig=0 fallos=0 perf=full ratio_rm=0.0144
[OMPT] tid=975763 ompt_id=65020719620161537 tipo=ompt_thread_worker     last_cpu= 28 numa=0 mig=0 fallos=0 perf=full ratio_rm=0.0127
[OMPT] tid=975615 ompt_id=23362423066984449 tipo=ompt_thread_worker     last_cpu=157 numa=0 mig=0 fallos=0 perf=full ratio_rm=0.0127
[OMPT] tid=975571 ompt_id=10977524091715585 tipo=ompt_thread_worker     last_cpu=104 numa=1 mig=0 fallos=0 perf=full ratio_rm=0.0550
[OMPT] tid=975719 ompt_id=52635820644892673 tipo=ompt_thread_worker     last_cpu= 93 numa=1 mig=0 fallos=0 perf=full ratio_rm=0.0483
[OMPT] tid=975688 ompt_id=43910096366862337 tipo=ompt_thread_worker     last_cpu=216 numa=1 mig=0 fallos=0 perf=full ratio_rm=0.0561
[OMPT] tid=975742 ompt_id=59109745109237761 tipo=ompt_thread_worker     last_cpu= 66 numa=1 mig=0 fallos=0 perf=full ratio_rm=0.0612
[OMPT] tid=975692 ompt_id=45035996273704961 tipo=ompt_thread_worker     last_cpu=192 numa=1 mig=0 fallos=0 perf=full ratio_rm=0.0683
[OMPT] tid=975732 ompt_id=56294995342131201 tipo=ompt_thread_worker     last_cpu= 68 numa=1 mig=0 fallos=0 perf=full ratio_rm=0.0531
[OMPT] tid=975590 ompt_id=16325548649218049 tipo=ompt_thread_worker     last_cpu=166 numa=0 mig=0 fallos=0 perf=full ratio_rm=0.0144
[OMPT] tid=975704 ompt_id=48413695994232833 tipo=ompt_thread_worker     last_cpu=103 numa=1 mig=0 fallos=0 perf=full ratio_rm=0.0353
[OMPT] tid=975574 ompt_id=11821949021847553 tipo=ompt_thread_worker     last_cpu=231 numa=1 mig=0 fallos=0 perf=full ratio_rm=0.0440
[OMPT] tid=975634 ompt_id=28710447624486913 tipo=ompt_thread_worker     last_cpu=227 numa=1 mig=0 fallos=0 perf=full ratio_rm=0.0420
[OMPT] tid=975723 ompt_id=53761720551735297 tipo=ompt_thread_worker     last_cpu=198 numa=1 mig=0 fallos=0 perf=full ratio_rm=0.0496
[OMPT] tid=975620 ompt_id=24769797950537729 tipo=ompt_thread_worker     last_cpu=228 numa=1 mig=0 fallos=0 perf=full ratio_rm=0.0392
[OMPT] tid=975650 ompt_id=33214047251857409 tipo=ompt_thread_worker     last_cpu=226 numa=1 mig=0 fallos=0 perf=full ratio_rm=0.0621
[OMPT] tid=975662 ompt_id=36591746972385281 tipo=ompt_thread_worker     last_cpu=210 numa=1 mig=0 fallos=0 perf=full ratio_rm=0.0490
[OMPT] tid=975703 ompt_id=48132221017522177 tipo=ompt_thread_worker     last_cpu= 87 numa=1 mig=0 fallos=0 perf=full ratio_rm=0.0476
[OMPT] tid=975576 ompt_id=12384898975268865 tipo=ompt_thread_worker     last_cpu=215 numa=1 mig=0 fallos=0 perf=full ratio_rm=0.0426
[OMPT] tid=975736 ompt_id=57420895248973825 tipo=ompt_thread_worker     last_cpu= 83 numa=1 mig=0 fallos=0 perf=full ratio_rm=0.0517
[OMPT] tid=975646 ompt_id=32088147345014785 tipo=ompt_thread_worker     last_cpu=211 numa=1 mig=0 fallos=0 perf=full ratio_rm=0.0537
[OMPT] tid=975672 ompt_id=39406496739491841 tipo=ompt_thread_worker     last_cpu=209 numa=1 mig=0 fallos=0 perf=full ratio_rm=0.0509
[OMPT] tid=975682 ompt_id=42221246506598401 tipo=ompt_thread_worker     last_cpu=208 numa=1 mig=0 fallos=0 perf=full ratio_rm=0.0650
[OMPT] tid=975598 ompt_id=18577348462903297 tipo=ompt_thread_worker     last_cpu=214 numa=1 mig=0 fallos=0 perf=full ratio_rm=0.0005
[OMPT] tid=975716 ompt_id=51791395714760705 tipo=ompt_thread_worker     last_cpu= 85 numa=1 mig=0 fallos=0 perf=full ratio_rm=0.0367
[OMPT] tid=975708 ompt_id=49539595901075457 tipo=ompt_thread_worker     last_cpu= 86 numa=1 mig=0 fallos=0 perf=full ratio_rm=0.0530
[OMPT] tid=975724 ompt_id=54043195528445953 tipo=ompt_thread_worker     last_cpu= 84 numa=1 mig=0 fallos=0 perf=full ratio_rm=0.0409
[OMPT] tid=975630 ompt_id=27584547717644289 tipo=ompt_thread_worker     last_cpu=212 numa=1 mig=0 fallos=0 perf=full ratio_rm=0.0463
[OMPT] tid=975614 ompt_id=23080948090273793 tipo=ompt_thread_worker     last_cpu=213 numa=1 mig=0 fallos=0 perf=full ratio_rm=0.0526
[OMPT] tid=975586 ompt_id=15199648742375425 tipo=ompt_thread_worker     last_cpu=230 numa=1 mig=0 fallos=0 perf=full ratio_rm=0.0366
[OMPT] tid=975707 ompt_id=49258120924364801 tipo=ompt_thread_worker     last_cpu=102 numa=1 mig=0 fallos=0 perf=full ratio_rm=0.0442
[OMPT] tid=975785 ompt_id=71213169107795969 tipo=ompt_thread_worker     last_cpu= 34 numa=0 mig=0 fallos=0 perf=full ratio_rm=0.0304
[OMPT] tid=975697 ompt_id=46443371157258241 tipo=ompt_thread_worker     last_cpu= 57 numa=0 mig=0 fallos=0 perf=full ratio_rm=0.0300
[OMPT] tid=975577 ompt_id=12947848928690177 tipo=ompt_thread_worker     last_cpu=167 numa=0 mig=0 fallos=0 perf=full ratio_rm=0.0241
[OMPT] tid=975767 ompt_id=66146619527004161 tipo=ompt_thread_worker     last_cpu= 35 numa=0 mig=0 fallos=0 perf=full ratio_rm=0.0153
[OMPT] tid=975607 ompt_id=21110623253299201 tipo=ompt_thread_worker     last_cpu=165 numa=0 mig=0 fallos=0 perf=full ratio_rm=0.0134
[OMPT] tid=975753 ompt_id=62205969853054977 tipo=ompt_thread_worker     last_cpu= 37 numa=0 mig=0 fallos=0 perf=full ratio_rm=0.0263
[OMPT] tid=975760 ompt_id=64176294690029569 tipo=ompt_thread_worker     last_cpu= 36 numa=0 mig=0 fallos=0 perf=full ratio_rm=0.0117
[OMPT] tid=975711 ompt_id=50384020831207425 tipo=ompt_thread_worker     last_cpu= 94 numa=1 mig=0 fallos=0 perf=full ratio_rm=0.0399
[OMPT] tid=975787 ompt_id=71776119061217281 tipo=ompt_thread_worker     last_cpu= 10 numa=0 mig=0 fallos=0 perf=full ratio_rm=0.0224
[OMPT] tid=975685 ompt_id=43065671436730369 tipo=ompt_thread_worker     last_cpu= 58 numa=0 mig=0 fallos=0 perf=full ratio_rm=0.0271
[OMPT] tid=975687 ompt_id=43628621390151681 tipo=ompt_thread_worker     last_cpu= 42 numa=0 mig=0 fallos=0 perf=full ratio_rm=0.0172
[OMPT] tid=975783 ompt_id=70650219154374657 tipo=ompt_thread_worker     last_cpu= 18 numa=0 mig=0 fallos=0 perf=full ratio_rm=0.0266
[OMPT] tid=975762 ompt_id=64739244643450881 tipo=ompt_thread_worker     last_cpu= 20 numa=0 mig=0 fallos=0 perf=full ratio_rm=0.0167
[OMPT] tid=975623 ompt_id=25614222880669697 tipo=ompt_thread_worker     last_cpu=150 numa=0 mig=0 fallos=0 perf=full ratio_rm=0.0222
[OMPT] tid=975603 ompt_id=19984723346456577 tipo=ompt_thread_worker     last_cpu=149 numa=0 mig=0 fallos=0 perf=full ratio_rm=0.0244
[OMPT] tid=975782 ompt_id=70368744177664001 tipo=ompt_thread_worker     last_cpu= 90 numa=1 mig=0 fallos=0 perf=full ratio_rm=0.0591
[OMPT] tid=975588 ompt_id=15762598695796737 tipo=ompt_thread_worker     last_cpu=222 numa=1 mig=0 fallos=0 perf=full ratio_rm=0.0421
[OMPT] tid=975670 ompt_id=38843546786070529 tipo=ompt_thread_worker     last_cpu=217 numa=1 mig=0 fallos=0 perf=full ratio_rm=0.0496
[OMPT] tid=975656 ompt_id=34902897112121345 tipo=ompt_thread_worker     last_cpu=218 numa=1 mig=0 fallos=0 perf=full ratio_rm=0.0555
[OMPT] tid=975751 ompt_id=61643019899633665 tipo=ompt_thread_worker     last_cpu= 46 numa=0 mig=0 fallos=0 perf=full ratio_rm=0.0124
[OMPT] tid=975597 ompt_id=18295873486192641 tipo=ompt_thread_worker     last_cpu=174 numa=0 mig=0 fallos=0 perf=full ratio_rm=0.0328
[OMPT] tid=975744 ompt_id=59672695062659073 tipo=ompt_thread_worker     last_cpu= 47 numa=0 mig=0 fallos=0 perf=full ratio_rm=0.0155
[OMPT] tid=975583 ompt_id=14636698788954113 tipo=ompt_thread_worker     last_cpu=175 numa=0 mig=0 fallos=0 perf=full ratio_rm=0.0153
[OMPT] tid=975689 ompt_id=44191571343572993 tipo=ompt_thread_worker     last_cpu=152 numa=0 mig=0 fallos=0 perf=full ratio_rm=0.0434
[OMPT] tid=975769 ompt_id=66709569480425473 tipo=ompt_thread_worker     last_cpu=  6 numa=0 mig=0 fallos=0 perf=full ratio_rm=0.0208
[OMPT] tid=975771 ompt_id=67272519433846785 tipo=ompt_thread_worker     last_cpu=134 numa=0 mig=0 fallos=0 perf=full ratio_rm=0.0233
[OMPT] tid=975591 ompt_id=16607023625928705 tipo=ompt_thread_worker     last_cpu= 33 numa=0 mig=0 fallos=0 perf=full ratio_rm=0.0209
[OMPT] tid=975677 ompt_id=40813871623045121 tipo=ompt_thread_worker     last_cpu=153 numa=0 mig=0 fallos=0 perf=full ratio_rm=0.0374
[OMPT] tid=975755 ompt_id=62768919806476289 tipo=ompt_thread_worker     last_cpu= 53 numa=0 mig=0 fallos=0 perf=full ratio_rm=0.0165
[OMPT] tid=975629 ompt_id=27303072740933633 tipo=ompt_thread_worker     last_cpu=172 numa=0 mig=0 fallos=0 perf=full ratio_rm=0.0284
[OMPT] tid=975666 ompt_id=37717646879227905 tipo=ompt_thread_worker     last_cpu=193 numa=1 mig=0 fallos=0 perf=full ratio_rm=0.0622
[OMPT] tid=975721 ompt_id=53198770598313985 tipo=ompt_thread_worker     last_cpu= 69 numa=1 mig=0 fallos=0 perf=full ratio_rm=0.0484
[OMPT] tid=975657 ompt_id=35184372088832001 tipo=ompt_thread_worker     last_cpu=146 numa=0 mig=0 fallos=0 perf=full ratio_rm=0.0414
[OMPT] tid=975570 ompt_id=10696049115004929 tipo=ompt_thread_worker     last_cpu=247 numa=1 mig=0 fallos=0 perf=full ratio_rm=0.0072
[OMPT] tid=975668 ompt_id=38280596832649217 tipo=ompt_thread_worker     last_cpu=241 numa=1 mig=0 fallos=0 perf=full ratio_rm=0.0535
[OMPT] tid=975705 ompt_id=48695170970943489 tipo=ompt_thread_worker     last_cpu=144 numa=0 mig=0 fallos=0 perf=full ratio_rm=0.0386
[OMPT] tid=975788 ompt_id=72057594037927937 tipo=ompt_thread_worker     last_cpu= 98 numa=1 mig=0 fallos=0 perf=full ratio_rm=0.0505
[OMPT] tid=975715 ompt_id=51509920738050049 tipo=ompt_thread_worker     last_cpu=101 numa=1 mig=0 fallos=0 perf=full ratio_rm=0.0362
[OMPT] tid=975602 ompt_id=19703248369745921 tipo=ompt_thread_worker     last_cpu=229 numa=1 mig=0 fallos=0 perf=full ratio_rm=0.0380
[OMPT] tid=975684 ompt_id=42784196460019713 tipo=ompt_thread_worker     last_cpu=224 numa=1 mig=0 fallos=0 perf=full ratio_rm=0.0530
[OMPT] tid=975737 ompt_id=57702370225684481 tipo=ompt_thread_worker     last_cpu= 99 numa=1 mig=0 fallos=0 perf=full ratio_rm=0.0503
[OMPT] tid=975622 ompt_id=25332747903959041 tipo=ompt_thread_worker     last_cpu=196 numa=1 mig=0 fallos=0 perf=full ratio_rm=0.0503
[OMPT] tid=975739 ompt_id=58265320179105793 tipo=ompt_thread_worker     last_cpu= 67 numa=1 mig=0 fallos=0 perf=full ratio_rm=0.0463
[OMPT] tid=975640 ompt_id=30399297484750849 tipo=ompt_thread_worker     last_cpu=195 numa=1 mig=0 fallos=0 perf=full ratio_rm=0.0482
[OMPT] tid=975606 ompt_id=20829148276588545 tipo=ompt_thread_worker     last_cpu=197 numa=1 mig=0 fallos=0 perf=full ratio_rm=0.0452
[OMPT] tid=975671 ompt_id=39125021762781185 tipo=ompt_thread_worker     last_cpu= 48 numa=0 mig=0 fallos=0 perf=full ratio_rm=0.0213
[OMPT] tid=975649 ompt_id=32932572275146753 tipo=ompt_thread_worker     last_cpu=184 numa=0 mig=0 fallos=0 perf=full ratio_rm=0.0447
[OMPT] tid=975678 ompt_id=41095346599755777 tipo=ompt_thread_worker     last_cpu=233 numa=1 mig=0 fallos=0 perf=full ratio_rm=0.0466
[OMPT] tid=975592 ompt_id=16888498602639361 tipo=ompt_thread_worker     last_cpu=238 numa=1 mig=0 fallos=0 perf=full ratio_rm=0.0373
[OMPT] tid=975758 ompt_id=63613344736608257 tipo=ompt_thread_worker     last_cpu= 44 numa=0 mig=0 fallos=0 perf=full ratio_rm=0.0225
[OMPT] tid=975765 ompt_id=65583669573582849 tipo=ompt_thread_worker     last_cpu= 43 numa=0 mig=0 fallos=0 perf=full ratio_rm=0.0288
[OMPT] tid=975726 ompt_id=54606145481867265 tipo=ompt_thread_worker     last_cpu= 45 numa=0 mig=0 fallos=0 perf=full ratio_rm=0.0248
[OMPT] tid=975645 ompt_id=31806672368304129 tipo=ompt_thread_worker     last_cpu=171 numa=0 mig=0 fallos=0 perf=full ratio_rm=0.0334
[OMPT] tid=975654 ompt_id=34339947158700033 tipo=ompt_thread_worker     last_cpu=242 numa=1 mig=0 fallos=0 perf=full ratio_rm=0.0527
[OMPT] tid=975610 ompt_id=21955048183431169 tipo=ompt_thread_worker     last_cpu=245 numa=1 mig=0 fallos=0 perf=full ratio_rm=0.0447
[OMPT] tid=975608 ompt_id=21392098230009857 tipo=ompt_thread_worker     last_cpu=237 numa=1 mig=0 fallos=0 perf=full ratio_rm=0.0394
[OMPT] tid=975718 ompt_id=52354345668182017 tipo=ompt_thread_worker     last_cpu=109 numa=1 mig=0 fallos=0 perf=full ratio_rm=0.0428
[OMPT] tid=975690 ompt_id=44473046320283649 tipo=ompt_thread_worker     last_cpu=232 numa=1 mig=0 fallos=0 perf=full ratio_rm=0.0624
[OMPT] tid=975626 ompt_id=26458647810801665 tipo=ompt_thread_worker     last_cpu=236 numa=1 mig=0 fallos=0 perf=full ratio_rm=0.0412
[OMPT] tid=975698 ompt_id=46724846133968897 tipo=ompt_thread_worker     last_cpu=111 numa=1 mig=0 fallos=0 perf=full ratio_rm=0.0302
[OMPT] tid=975731 ompt_id=56013520365420545 tipo=ompt_thread_worker     last_cpu=108 numa=1 mig=0 fallos=0 perf=full ratio_rm=0.0456
[OMPT] tid=975710 ompt_id=50102545854496769 tipo=ompt_thread_worker     last_cpu=110 numa=1 mig=0 fallos=0 perf=full ratio_rm=0.0411
[OMPT] tid=975738 ompt_id=57983845202395137 tipo=ompt_thread_worker     last_cpu=107 numa=1 mig=0 fallos=0 perf=full ratio_rm=0.0373
[OMPT] tid=975638 ompt_id=29836347531329537 tipo=ompt_thread_worker     last_cpu=235 numa=1 mig=0 fallos=0 perf=full ratio_rm=0.0415
[OMPT] tid=975658 ompt_id=35465847065542657 tipo=ompt_thread_worker     last_cpu=234 numa=1 mig=0 fallos=0 perf=full ratio_rm=0.0462
[OMPT] tid=975569 ompt_id=10414574138294273 tipo=ompt_thread_worker     last_cpu=239 numa=1 mig=0 fallos=0 perf=full ratio_rm=0.0056
[OMPT] tid=975743 ompt_id=59391220085948417 tipo=ompt_thread_worker     last_cpu=106 numa=1 mig=0 fallos=0 perf=full ratio_rm=0.0447
[OMPT] tid=975780 ompt_id=69805794224242689 tipo=ompt_thread_worker     last_cpu=118 numa=1 mig=0 fallos=0 perf=full ratio_rm=0.0510
[OMPT] tid=975655 ompt_id=34621422135410689 tipo=ompt_thread_worker     last_cpu=178 numa=0 mig=0 fallos=0 perf=full ratio_rm=0.0326
[OMPT] tid=975777 ompt_id=68961369294110721 tipo=ompt_thread_worker     last_cpu=130 numa=0 mig=0 fallos=0 perf=full ratio_rm=0.0482
[OMPT] tid=975609 ompt_id=21673573206720513 tipo=ompt_thread_worker     last_cpu=  2 numa=0 mig=0 fallos=0 perf=full ratio_rm=0.0430
[OMPT] tid=975617 ompt_id=23925373020405761 tipo=ompt_thread_worker     last_cpu=  3 numa=0 mig=0 fallos=0 perf=full ratio_rm=0.0401
[OMPT] tid=975773 ompt_id=67835469387268097 tipo=ompt_thread_worker     last_cpu=132 numa=0 mig=0 fallos=0 perf=full ratio_rm=0.0545
[OMPT] tid=975669 ompt_id=38562071809359873 tipo=ompt_thread_worker     last_cpu=177 numa=0 mig=0 fallos=0 perf=full ratio_rm=0.0336
[OMPT] tid=975759 ompt_id=63894819713318913 tipo=ompt_thread_worker     last_cpu= 52 numa=0 mig=0 fallos=0 perf=full ratio_rm=0.0317
[OMPT] tid=975774 ompt_id=68116944363978753 tipo=ompt_thread_worker     last_cpu=131 numa=0 mig=0 fallos=0 perf=full ratio_rm=0.0393
[OMPT] tid=975695 ompt_id=45880421203836929 tipo=ompt_thread_worker     last_cpu= 15 numa=0 mig=0 fallos=0 perf=full ratio_rm=0.0188
[OMPT] tid=975673 ompt_id=39687971716202497 tipo=ompt_thread_worker     last_cpu= 49 numa=0 mig=0 fallos=0 perf=full ratio_rm=0.0346
[OMPT] tid=975621 ompt_id=25051272927248385 tipo=ompt_thread_worker     last_cpu=140 numa=0 mig=0 fallos=0 perf=full ratio_rm=0.0029
[OMPT] tid=975582 ompt_id=14073748835532801 tipo=ompt_thread_worker     last_cpu=143 numa=0 mig=0 fallos=0 perf=full ratio_rm=0.0189
[OMPT] tid=975661 ompt_id=36310271995674625 tipo=ompt_thread_worker     last_cpu=138 numa=0 mig=0 fallos=0 perf=full ratio_rm=0.0426
[OMPT] tid=975635 ompt_id=28991922601197569 tipo=ompt_thread_worker     last_cpu=137 numa=0 mig=0 fallos=0 perf=full ratio_rm=0.0243
[OMPT] tid=975747 ompt_id=60517119992791041 tipo=ompt_thread_worker     last_cpu= 14 numa=0 mig=0 fallos=0 perf=full ratio_rm=0.0197
[OMPT] tid=975595 ompt_id=17732923532771329 tipo=ompt_thread_worker     last_cpu=142 numa=0 mig=0 fallos=0 perf=full ratio_rm=0.0182
[OMPT] tid=975761 ompt_id=64457769666740225 tipo=ompt_thread_worker     last_cpu= 12 numa=0 mig=0 fallos=0 perf=full ratio_rm=0.0298
[OMPT] tid=975746 ompt_id=60235645016080385 tipo=ompt_thread_worker     last_cpu= 38 numa=0 mig=0 fallos=0 perf=full ratio_rm=0.0366
[OMPT] tid=975625 ompt_id=26177172834091009 tipo=ompt_thread_worker     last_cpu=164 numa=0 mig=0 fallos=0 perf=full ratio_rm=0.0413
[OMPT] tid=975754 ompt_id=62487444829765633 tipo=ompt_thread_worker     last_cpu= 13 numa=0 mig=0 fallos=0 perf=full ratio_rm=0.0156
[OMPT] tid=975611 ompt_id=22236523160141825 tipo=ompt_thread_worker     last_cpu=141 numa=0 mig=0 fallos=0 perf=full ratio_rm=0.0167
[OMPT] tid=975683 ompt_id=42502721483309057 tipo=ompt_thread_worker     last_cpu=136 numa=0 mig=0 fallos=0 perf=full ratio_rm=0.0256
[OMPT] tid=975768 ompt_id=66428094503714817 tipo=ompt_thread_worker     last_cpu= 11 numa=0 mig=0 fallos=0 perf=full ratio_rm=0.0228
[OMPT] tid=975587 ompt_id=15481123719086081 tipo=ompt_thread_worker     last_cpu= 59 numa=0 mig=0 fallos=0 perf=full ratio_rm=0.0613
[OMPT] tid=975643 ompt_id=31243722414882817 tipo=ompt_thread_worker     last_cpu=163 numa=0 mig=0 fallos=0 perf=full ratio_rm=0.0351
[OMPT] tid=975589 ompt_id=16044073672507393 tipo=ompt_thread_worker     last_cpu= 97 numa=1 mig=0 fallos=0 perf=full ratio_rm=0.0586
[OMPT] ===== Overhead intrínseco =====
  monitor: 5 ticks, 12021.7 us total (max 6356.1 us/tick)
  callbacks implicit_task: 41985, 51077947.9 us total
  migraciones: 0 (0.0 us total)
  resyncs=0  lecturas escaladas por multiplexado=3328
  hilos con perf fallido=0  parcial=0
  ventanas con fills=512
