[OMPT] ompt_initialize (OPCIÓN C: integrador con fugas)  verbose=0  migracion=DESACTIVADA
[HWLOC] Nodos NUMA detectados: 2 (usados: 2)
[HWLOC] Nodo 0: 128 CPUs
[HWLOC] Nodo 1: 128 CPUs
[OMPT] callback 'ompt_callback_thread_begin' registrado (result=5)
[OMPT] callback 'ompt_callback_thread_end' registrado (result=5)
[OMPT] callback 'ompt_callback_parallel_begin' registrado (result=5)
[OMPT] callback 'ompt_callback_parallel_end' registrado (result=5)
[OMPT] callback 'ompt_callback_implicit_task' registrado (result=5)
[OMPT] callback 'ompt_callback_control_tool' registrado (result=5)
[OMPT] Callbacks registrados
[OMPT] Sistema: 0 procesadores lógicos
[OMPT][MON] Monitor (C: integrador con fugas)  período=100ms  warmup=5  referencia=MIN  T=min+max(0.050, 3.00*MAD_bajo)  leak=0.50*margen  cap=8.00*margen  max_mig=1  migracion=DESACTIVADA
[perf_region] tool OMPT detectado: los contadores los lleva el tool, no se abren aqui
[OMPT] control_tool: INICIANDO medicion
[OMPT] control_tool: PAUSANDO medicion
[OMPT] ompt_finalize
[OMPT][MON] Monitor detenido tras 2 ventanas
[OMPT] CSV de ventanas: 0 filas volcadas (0 descartadas)
[OMPT] ===== Tabla final: 128 hilos =====
[OMPT] tid=971575 ompt_id=281474976710657 tipo=ompt_thread_initial    last_cpu=246 numa=1 mig=0 fallos=0 perf=full ratio_rm=0.0025
[OMPT] tid=971578 ompt_id=562949953421313 tipo=ompt_thread_worker     last_cpu=124 numa=1 mig=0 fallos=0 perf=full ratio_rm=0.0017
[OMPT] tid=971577 ompt_id=844424930131969 tipo=ompt_thread_worker     last_cpu=255 numa=1 mig=0 fallos=0 perf=full ratio_rm=0.0017
[OMPT] tid=971580 ompt_id=1407374883553281 tipo=ompt_thread_worker     last_cpu=236 numa=1 mig=0 fallos=0 perf=full ratio_rm=0.0040
[OMPT] tid=971581 ompt_id=1688849860263937 tipo=ompt_thread_worker     last_cpu=172 numa=0 mig=0 fallos=0 perf=full ratio_rm=0.0029
[OMPT] tid=971582 ompt_id=1970324836974593 tipo=ompt_thread_worker     last_cpu=122 numa=1 mig=0 fallos=0 perf=full ratio_rm=0.0024
[OMPT] tid=971583 ompt_id=2251799813685249 tipo=ompt_thread_worker     last_cpu=  9 numa=0 mig=0 fallos=0 perf=full ratio_rm=0.0031
[OMPT] tid=971584 ompt_id=2533274790395905 tipo=ompt_thread_worker     last_cpu=238 numa=1 mig=0 fallos=0 perf=full ratio_rm=0.0035
[OMPT] tid=971587 ompt_id=3377699720527873 tipo=ompt_thread_worker     last_cpu=  8 numa=0 mig=0 fallos=0 perf=full ratio_rm=0.0028
[OMPT] tid=971579 ompt_id=1125899906842625 tipo=ompt_thread_worker     last_cpu=123 numa=1 mig=0 fallos=0 perf=full ratio_rm=0.0022
[OMPT] tid=971588 ompt_id=3659174697238529 tipo=ompt_thread_worker     last_cpu=129 numa=0 mig=0 fallos=0 perf=full ratio_rm=0.0028
[OMPT] tid=971586 ompt_id=3096224743817217 tipo=ompt_thread_worker     last_cpu=121 numa=1 mig=0 fallos=0 perf=full ratio_rm=0.0028
[OMPT] tid=971589 ompt_id=3940649673949185 tipo=ompt_thread_worker     last_cpu= 11 numa=0 mig=0 fallos=0 perf=full ratio_rm=0.0021
[OMPT] tid=971591 ompt_id=4503599627370497 tipo=ompt_thread_worker     last_cpu=235 numa=1 mig=0 fallos=0 perf=full ratio_rm=0.0051
[OMPT] tid=971592 ompt_id=4785074604081153 tipo=ompt_thread_worker     last_cpu=239 numa=1 mig=0 fallos=0 perf=full ratio_rm=0.0024
[OMPT] tid=971590 ompt_id=4222124650659841 tipo=ompt_thread_worker     last_cpu=120 numa=1 mig=0 fallos=0 perf=full ratio_rm=0.0030
[OMPT] tid=971593 ompt_id=5066549580791809 tipo=ompt_thread_worker     last_cpu=234 numa=1 mig=0 fallos=0 perf=full ratio_rm=0.0091
[OMPT] tid=971585 ompt_id=2814749767106561 tipo=ompt_thread_worker     last_cpu=179 numa=0 mig=0 fallos=0 perf=full ratio_rm=0.0028
[OMPT] tid=971596 ompt_id=5910974510923777 tipo=ompt_thread_worker     last_cpu=133 numa=0 mig=0 fallos=0 perf=full ratio_rm=0.0025
[OMPT] tid=971594 ompt_id=5348024557502465 tipo=ompt_thread_worker     last_cpu= 10 numa=0 mig=0 fallos=0 perf=full ratio_rm=0.0020
[OMPT] tid=971595 ompt_id=5629499534213121 tipo=ompt_thread_worker     last_cpu=126 numa=1 mig=0 fallos=0 perf=full ratio_rm=0.0022
[OMPT] tid=971597 ompt_id=6192449487634433 tipo=ompt_thread_worker     last_cpu=128 numa=0 mig=0 fallos=0 perf=full ratio_rm=0.0015
[OMPT] tid=971598 ompt_id=6473924464345089 tipo=ompt_thread_worker     last_cpu=  6 numa=0 mig=0 fallos=0 perf=full ratio_rm=0.0013
[OMPT] tid=971599 ompt_id=6755399441055745 tipo=ompt_thread_worker     last_cpu=135 numa=0 mig=0 fallos=0 perf=full ratio_rm=0.0011
[OMPT] tid=971600 ompt_id=7036874417766401 tipo=ompt_thread_worker     last_cpu=  3 numa=0 mig=0 fallos=0 perf=full ratio_rm=0.0020
[OMPT] tid=971601 ompt_id=7318349394477057 tipo=ompt_thread_worker     last_cpu=132 numa=0 mig=0 fallos=0 perf=full ratio_rm=0.0011
[OMPT] tid=971602 ompt_id=7599824371187713 tipo=ompt_thread_worker     last_cpu=  7 numa=0 mig=0 fallos=0 perf=full ratio_rm=0.0015
[OMPT] tid=971603 ompt_id=7881299347898369 tipo=ompt_thread_worker     last_cpu=  4 numa=0 mig=0 fallos=0 perf=full ratio_rm=0.0013
[OMPT] tid=971604 ompt_id=8162774324609025 tipo=ompt_thread_worker     last_cpu=130 numa=0 mig=0 fallos=0 perf=full ratio_rm=0.0027
[OMPT] tid=971605 ompt_id=8444249301319681 tipo=ompt_thread_worker     last_cpu=242 numa=1 mig=0 fallos=0 perf=full ratio_rm=0.0121
[OMPT] tid=971606 ompt_id=8725724278030337 tipo=ompt_thread_worker     last_cpu=237 numa=1 mig=0 fallos=0 perf=full ratio_rm=0.0035
[OMPT] tid=971607 ompt_id=9007199254740993 tipo=ompt_thread_worker     last_cpu=254 numa=1 mig=0 fallos=0 perf=full ratio_rm=0.0024
[OMPT] tid=971608 ompt_id=9288674231451649 tipo=ompt_thread_worker     last_cpu=125 numa=1 mig=0 fallos=0 perf=full ratio_rm=0.0021
[OMPT] tid=971609 ompt_id=9570149208162305 tipo=ompt_thread_worker     last_cpu=253 numa=1 mig=0 fallos=0 perf=full ratio_rm=0.0016
[OMPT] tid=971610 ompt_id=9851624184872961 tipo=ompt_thread_worker     last_cpu=127 numa=1 mig=0 fallos=0 perf=full ratio_rm=0.0017
[OMPT] tid=971611 ompt_id=10133099161583617 tipo=ompt_thread_worker     last_cpu= 66 numa=1 mig=0 fallos=0 perf=full ratio_rm=0.0077
[OMPT] tid=971624 ompt_id=14073748835532801 tipo=ompt_thread_worker     last_cpu=183 numa=0 mig=0 fallos=0 perf=full ratio_rm=0.0453
[OMPT] tid=971686 ompt_id=31243722414882817 tipo=ompt_thread_worker     last_cpu= 56 numa=0 mig=0 fallos=0 perf=full ratio_rm=0.0122
[OMPT] tid=971666 ompt_id=25614222880669697 tipo=ompt_thread_worker     last_cpu= 13 numa=0 mig=0 fallos=0 perf=full ratio_rm=0.0194
[OMPT] tid=971703 ompt_id=36028797018963969 tipo=ompt_thread_worker     last_cpu=104 numa=1 mig=0 fallos=0 perf=full ratio_rm=0.0443
[OMPT] tid=971645 ompt_id=19703248369745921 tipo=ompt_thread_worker     last_cpu=  2 numa=0 mig=0 fallos=0 perf=full ratio_rm=0.0180
[OMPT] tid=971679 ompt_id=29273397577908225 tipo=ompt_thread_worker     last_cpu= 67 numa=1 mig=0 fallos=0 perf=full ratio_rm=0.0443
[OMPT] tid=971631 ompt_id=15762598695796737 tipo=ompt_thread_worker     last_cpu=161 numa=0 mig=0 fallos=0 perf=full ratio_rm=0.0267
[OMPT] tid=971665 ompt_id=25332747903959041 tipo=ompt_thread_worker     last_cpu= 14 numa=0 mig=0 fallos=0 perf=full ratio_rm=0.0253
[OMPT] tid=971617 ompt_id=11821949021847553 tipo=ompt_thread_worker     last_cpu= 24 numa=0 mig=0 fallos=0 perf=full ratio_rm=0.0290
[OMPT] tid=971695 ompt_id=33776997205278721 tipo=ompt_thread_worker     last_cpu=131 numa=0 mig=0 fallos=0 perf=full ratio_rm=0.0195
[OMPT] tid=971633 ompt_id=16325548649218049 tipo=ompt_thread_worker     last_cpu= 40 numa=0 mig=0 fallos=0 perf=full ratio_rm=0.0190
[OMPT] tid=971619 ompt_id=12384898975268865 tipo=ompt_thread_worker     last_cpu=247 numa=1 mig=0 fallos=0 perf=full ratio_rm=0.0192
[OMPT] tid=971647 ompt_id=20266198323167233 tipo=ompt_thread_worker     last_cpu=245 numa=1 mig=0 fallos=0 perf=full ratio_rm=0.0232
[OMPT] tid=971661 ompt_id=24206847997116417 tipo=ompt_thread_worker     last_cpu=244 numa=1 mig=0 fallos=0 perf=full ratio_rm=0.0295
[OMPT] tid=971701 ompt_id=35465847065542657 tipo=ompt_thread_worker     last_cpu=201 numa=1 mig=0 fallos=0 perf=full ratio_rm=0.1735
[OMPT] tid=971653 ompt_id=21955048183431169 tipo=ompt_thread_worker     last_cpu=205 numa=1 mig=0 fallos=0 perf=full ratio_rm=0.0249
[OMPT] tid=971687 ompt_id=31525197391593473 tipo=ompt_thread_worker     last_cpu=200 numa=1 mig=0 fallos=0 perf=full ratio_rm=0.0661
[OMPT] tid=971669 ompt_id=26458647810801665 tipo=ompt_thread_worker     last_cpu=204 numa=1 mig=0 fallos=0 perf=full ratio_rm=0.0334
[OMPT] tid=971637 ompt_id=17451448556060673 tipo=ompt_thread_worker     last_cpu=206 numa=1 mig=0 fallos=0 perf=full ratio_rm=0.0298
[OMPT] tid=971612 ompt_id=10414574138294273 tipo=ompt_thread_worker     last_cpu=207 numa=1 mig=0 fallos=0 perf=full ratio_rm=0.0027
[OMPT] tid=971674 ompt_id=27866022694354945 tipo=ompt_thread_worker     last_cpu= 25 numa=0 mig=0 fallos=0 perf=full ratio_rm=0.0350
[OMPT] tid=971614 ompt_id=10977524091715585 tipo=ompt_thread_worker     last_cpu=167 numa=0 mig=0 fallos=0 perf=full ratio_rm=0.0225
[OMPT] tid=971690 ompt_id=32369622321725441 tipo=ompt_thread_worker     last_cpu=162 numa=0 mig=0 fallos=0 perf=full ratio_rm=0.0457
[OMPT] tid=971628 ompt_id=14918173765664769 tipo=ompt_thread_worker     last_cpu= 38 numa=0 mig=0 fallos=0 perf=full ratio_rm=0.0343
[OMPT] tid=971630 ompt_id=15481123719086081 tipo=ompt_thread_worker     last_cpu=  1 numa=0 mig=0 fallos=0 perf=full ratio_rm=0.0331
[OMPT] tid=971680 ompt_id=29554872554618881 tipo=ompt_thread_worker     last_cpu= 16 numa=0 mig=0 fallos=0 perf=full ratio_rm=0.0536
[OMPT] tid=971651 ompt_id=21392098230009857 tipo=ompt_thread_worker     last_cpu=197 numa=1 mig=0 fallos=0 perf=full ratio_rm=0.0380
[OMPT] tid=971697 ompt_id=34339947158700033 tipo=ompt_thread_worker     last_cpu=193 numa=1 mig=0 fallos=0 perf=full ratio_rm=0.0806
[OMPT] tid=971681 ompt_id=29836347531329537 tipo=ompt_thread_worker     last_cpu=192 numa=1 mig=0 fallos=0 perf=full ratio_rm=0.0564
[OMPT] tid=971667 ompt_id=25895697857380353 tipo=ompt_thread_worker     last_cpu=196 numa=1 mig=0 fallos=0 perf=full ratio_rm=0.0419
[OMPT] tid=971635 ompt_id=16888498602639361 tipo=ompt_thread_worker     last_cpu=198 numa=1 mig=0 fallos=0 perf=full ratio_rm=0.0338
[OMPT] tid=971623 ompt_id=13229323905400833 tipo=ompt_thread_worker     last_cpu=199 numa=1 mig=0 fallos=0 perf=full ratio_rm=0.0382
[OMPT] tid=971685 ompt_id=30962247438172161 tipo=ompt_thread_worker     last_cpu=211 numa=1 mig=0 fallos=0 perf=full ratio_rm=0.0320
[OMPT] tid=971671 ompt_id=27021597764222977 tipo=ompt_thread_worker     last_cpu=212 numa=1 mig=0 fallos=0 perf=full ratio_rm=0.0292
[OMPT] tid=971639 ompt_id=18014398509481985 tipo=ompt_thread_worker     last_cpu=214 numa=1 mig=0 fallos=0 perf=full ratio_rm=0.0287
[OMPT] tid=971613 ompt_id=10696049115004929 tipo=ompt_thread_worker     last_cpu=215 numa=1 mig=0 fallos=0 perf=full ratio_rm=0.0029
[OMPT] tid=971699 ompt_id=34902897112121345 tipo=ompt_thread_worker     last_cpu=210 numa=1 mig=0 fallos=0 perf=full ratio_rm=0.1312
[OMPT] tid=971655 ompt_id=22517998136852481 tipo=ompt_thread_worker     last_cpu=213 numa=1 mig=0 fallos=0 perf=full ratio_rm=0.0244
[OMPT] tid=971676 ompt_id=28428972647776257 tipo=ompt_thread_worker     last_cpu=251 numa=1 mig=0 fallos=0 perf=full ratio_rm=0.0200
[OMPT] tid=971627 ompt_id=14636698788954113 tipo=ompt_thread_worker     last_cpu=248 numa=1 mig=0 fallos=0 perf=full ratio_rm=0.0248
[OMPT] tid=971691 ompt_id=32651097298436097 tipo=ompt_thread_worker     last_cpu=252 numa=1 mig=0 fallos=0 perf=full ratio_rm=0.0212
[OMPT] tid=971693 ompt_id=33214047251857409 tipo=ompt_thread_worker     last_cpu=217 numa=1 mig=0 fallos=0 perf=full ratio_rm=0.1255
[OMPT] tid=971663 ompt_id=24769797950537729 tipo=ompt_thread_worker     last_cpu=220 numa=1 mig=0 fallos=0 perf=full ratio_rm=0.0262
[OMPT] tid=971683 ompt_id=30399297484750849 tipo=ompt_thread_worker     last_cpu=216 numa=1 mig=0 fallos=0 perf=full ratio_rm=0.0521
[OMPT] tid=971629 ompt_id=15199648742375425 tipo=ompt_thread_worker     last_cpu=222 numa=1 mig=0 fallos=0 perf=full ratio_rm=0.0182
[OMPT] tid=971615 ompt_id=11258999068426241 tipo=ompt_thread_worker     last_cpu=223 numa=1 mig=0 fallos=0 perf=full ratio_rm=0.0233
[OMPT] tid=971649 ompt_id=20829148276588545 tipo=ompt_thread_worker     last_cpu=221 numa=1 mig=0 fallos=0 perf=full ratio_rm=0.0200
[OMPT] tid=971688 ompt_id=31806672368304129 tipo=ompt_thread_worker     last_cpu=155 numa=0 mig=0 fallos=0 perf=full ratio_rm=0.0689
[OMPT] tid=971656 ompt_id=22799473113563137 tipo=ompt_thread_worker     last_cpu=157 numa=0 mig=0 fallos=0 perf=full ratio_rm=0.0534
[OMPT] tid=971672 ompt_id=27303072740933633 tipo=ompt_thread_worker     last_cpu=156 numa=0 mig=0 fallos=0 perf=full ratio_rm=0.0539
[OMPT] tid=971692 ompt_id=32932572275146753 tipo=ompt_thread_worker     last_cpu= 12 numa=0 mig=0 fallos=0 perf=full ratio_rm=0.0509
[OMPT] tid=971644 ompt_id=19421773393035265 tipo=ompt_thread_worker     last_cpu=134 numa=0 mig=0 fallos=0 perf=full ratio_rm=0.0548
[OMPT] tid=971618 ompt_id=12103423998558209 tipo=ompt_thread_worker     last_cpu=  0 numa=0 mig=0 fallos=0 perf=full ratio_rm=0.0528
[OMPT] tid=971682 ompt_id=30117822508040193 tipo=ompt_thread_worker     last_cpu=178 numa=0 mig=0 fallos=0 perf=full ratio_rm=0.0545
[OMPT] tid=971696 ompt_id=34058472181989377 tipo=ompt_thread_worker     last_cpu= 41 numa=0 mig=0 fallos=0 perf=full ratio_rm=0.0589
[OMPT] tid=971620 ompt_id=12947848928690177 tipo=ompt_thread_worker     last_cpu=175 numa=0 mig=0 fallos=0 perf=full ratio_rm=0.0445
[OMPT] tid=971632 ompt_id=16044073672507393 tipo=ompt_thread_worker     last_cpu=174 numa=0 mig=0 fallos=0 perf=full ratio_rm=0.0452
[OMPT] tid=971678 ompt_id=28991922601197569 tipo=ompt_thread_worker     last_cpu= 42 numa=0 mig=0 fallos=0 perf=full ratio_rm=0.0378
[OMPT] tid=971648 ompt_id=20547673299877889 tipo=ompt_thread_worker     last_cpu=173 numa=0 mig=0 fallos=0 perf=full ratio_rm=0.0369
[OMPT] tid=971673 ompt_id=27584547717644289 tipo=ompt_thread_worker     last_cpu=228 numa=1 mig=0 fallos=0 perf=full ratio_rm=0.0416
[OMPT] tid=971641 ompt_id=18577348462903297 tipo=ompt_thread_worker     last_cpu=230 numa=1 mig=0 fallos=0 perf=full ratio_rm=0.0356
[OMPT] tid=971621 ompt_id=12666373951979521 tipo=ompt_thread_worker     last_cpu=231 numa=1 mig=0 fallos=0 perf=full ratio_rm=0.0374
[OMPT] tid=971689 ompt_id=32088147345014785 tipo=ompt_thread_worker     last_cpu=224 numa=1 mig=0 fallos=0 perf=full ratio_rm=0.0700
[OMPT] tid=971657 ompt_id=23080948090273793 tipo=ompt_thread_worker     last_cpu=229 numa=1 mig=0 fallos=0 perf=full ratio_rm=0.0449
[OMPT] tid=971668 ompt_id=26177172834091009 tipo=ompt_thread_worker     last_cpu=188 numa=0 mig=0 fallos=0 perf=full ratio_rm=0.0325
[OMPT] tid=971616 ompt_id=11540474045136897 tipo=ompt_thread_worker     last_cpu=159 numa=0 mig=0 fallos=0 perf=full ratio_rm=0.0420
[OMPT] tid=971642 ompt_id=18858823439613953 tipo=ompt_thread_worker     last_cpu=158 numa=0 mig=0 fallos=0 perf=full ratio_rm=0.0290
[OMPT] tid=971636 ompt_id=17169973579350017 tipo=ompt_thread_worker     last_cpu=150 numa=0 mig=0 fallos=0 perf=full ratio_rm=0.0454
[OMPT] tid=971658 ompt_id=23362423066984449 tipo=ompt_thread_worker     last_cpu=160 numa=0 mig=0 fallos=0 perf=full ratio_rm=0.0596
[OMPT] tid=971677 ompt_id=28710447624486913 tipo=ompt_thread_worker     last_cpu=243 numa=1 mig=0 fallos=0 perf=full ratio_rm=0.0549
[OMPT] tid=971659 ompt_id=23643898043695105 tipo=ompt_thread_worker     last_cpu=250 numa=1 mig=0 fallos=0 perf=full ratio_rm=0.0415
[OMPT] tid=971643 ompt_id=19140298416324609 tipo=ompt_thread_worker     last_cpu=249 numa=1 mig=0 fallos=0 perf=full ratio_rm=0.0401
[OMPT] tid=971650 ompt_id=21110623253299201 tipo=ompt_thread_worker     last_cpu=149 numa=0 mig=0 fallos=0 perf=full ratio_rm=0.0246
[OMPT] tid=971670 ompt_id=26740122787512321 tipo=ompt_thread_worker     last_cpu=148 numa=0 mig=0 fallos=0 perf=full ratio_rm=0.0400
[OMPT] tid=971700 ompt_id=35184372088832001 tipo=ompt_thread_worker     last_cpu=186 numa=0 mig=0 fallos=0 perf=full ratio_rm=0.0406
[OMPT] tid=971634 ompt_id=16607023625928705 tipo=ompt_thread_worker     last_cpu=190 numa=0 mig=0 fallos=0 perf=full ratio_rm=0.0259
[OMPT] tid=971646 ompt_id=19984723346456577 tipo=ompt_thread_worker     last_cpu=189 numa=0 mig=0 fallos=0 perf=full ratio_rm=0.0184
[OMPT] tid=971684 ompt_id=30680772461461505 tipo=ompt_thread_worker     last_cpu=187 numa=0 mig=0 fallos=0 perf=full ratio_rm=0.0285
[OMPT] tid=971640 ompt_id=18295873486192641 tipo=ompt_thread_worker     last_cpu=142 numa=0 mig=0 fallos=0 perf=full ratio_rm=0.0714
[OMPT] tid=971638 ompt_id=17732923532771329 tipo=ompt_thread_worker     last_cpu=182 numa=0 mig=0 fallos=0 perf=full ratio_rm=0.0327
[OMPT] tid=971622 ompt_id=13510798882111489 tipo=ompt_thread_worker     last_cpu=191 numa=0 mig=0 fallos=0 perf=full ratio_rm=0.0222
[OMPT] tid=971694 ompt_id=33495522228568065 tipo=ompt_thread_worker     last_cpu= 15 numa=0 mig=0 fallos=0 perf=full ratio_rm=0.0240
[OMPT] tid=971698 ompt_id=34621422135410689 tipo=ompt_thread_worker     last_cpu=145 numa=0 mig=0 fallos=0 perf=full ratio_rm=0.0411
[OMPT] tid=971652 ompt_id=21673573206720513 tipo=ompt_thread_worker     last_cpu=181 numa=0 mig=0 fallos=0 perf=full ratio_rm=0.0364
[OMPT] tid=971660 ompt_id=23925373020405761 tipo=ompt_thread_worker     last_cpu=  5 numa=0 mig=0 fallos=0 perf=full ratio_rm=0.0476
[OMPT] tid=971625 ompt_id=13792273858822145 tipo=ompt_thread_worker     last_cpu=151 numa=0 mig=0 fallos=0 perf=full ratio_rm=0.0306
[OMPT] tid=971664 ompt_id=25051272927248385 tipo=ompt_thread_worker     last_cpu=140 numa=0 mig=0 fallos=0 perf=full ratio_rm=0.0420
[OMPT] tid=971654 ompt_id=22236523160141825 tipo=ompt_thread_worker     last_cpu=141 numa=0 mig=0 fallos=0 perf=full ratio_rm=0.0278
[OMPT] tid=971675 ompt_id=28147497671065601 tipo=ompt_thread_worker     last_cpu=139 numa=0 mig=0 fallos=0 perf=full ratio_rm=0.0217
[OMPT] tid=971662 ompt_id=24488322973827073 tipo=ompt_thread_worker     last_cpu=180 numa=0 mig=0 fallos=0 perf=full ratio_rm=0.0301
[OMPT] tid=971626 ompt_id=14355223812243457 tipo=ompt_thread_worker     last_cpu=143 numa=0 mig=0 fallos=0 perf=full ratio_rm=0.0217
[OMPT] tid=971702 ompt_id=35747322042253313 tipo=ompt_thread_worker     last_cpu=138 numa=0 mig=0 fallos=0 perf=full ratio_rm=0.0350
[OMPT] ===== Overhead intrínseco =====
  monitor: 2 ticks, 3836.9 us total (max 3835.1 us/tick)
  callbacks implicit_task: 20993, 9074278.4 us total
  migraciones: 0 (0.0 us total)
  resyncs=0  lecturas escaladas por multiplexado=1152
  hilos con perf fallido=0  parcial=0
  ventanas con fills=0

[OMPT] *** AVISO GRAVE ***
  1152 lecturas de contador con exito y NINGUNA ventana con data
  cache fills. Los eventos crudos 0xD044/0xFF44 abrieron pero cuentan
  siempre 0: esta PMU no los implementa (son de AMD Zen). ratio_rm no
  existe y el scheduler NO PUEDE decidir migraciones. Los resultados de
  localidad de esta corrida no son válidos.

