[OMPT] ompt_initialize (OPCIÓN C: integrador con fugas)  verbose=0  migracion=DESACTIVADA
[HWLOC] Nodos NUMA detectados: 2 (usados: 2)
[HWLOC] Nodo 0: 128 CPUs
[HWLOC] Nodo 1: 128 CPUs
[OMPT] callback 'ompt_callback_thread_begin' registrado (result=5)
[OMPT] callback 'ompt_callback_thread_end' registrado (result=5)
[OMPT] callback 'ompt_callback_parallel_begin' registrado (result=5)
[OMPT] callback 'ompt_callback_parallel_end' registrado (result=5)
[OMPT] callback 'ompt_callback_implicit_task' registrado (result=5)
[OMPT] callback 'ompt_callback_control_tool' registrado (result=5)
[OMPT] Callbacks registrados
[OMPT] Sistema: 0 procesadores lógicos
[OMPT][MON] Monitor (C: integrador con fugas)  período=100ms  warmup=5  referencia=MIN  T=min+max(0.050, 3.00*MAD_bajo)  leak=0.50*margen  cap=8.00*margen  max_mig=1  migracion=DESACTIVADA
[perf_region] tool OMPT detectado: los contadores los lleva el tool, no se abren aqui
[OMPT] control_tool: INICIANDO medicion
[OMPT] control_tool: PAUSANDO medicion
[OMPT] ompt_finalize
[OMPT][MON] Monitor detenido tras 2 ventanas
[OMPT] CSV de ventanas: 0 filas volcadas (0 descartadas)
[OMPT] ===== Tabla final: 128 hilos =====
[OMPT] tid=962047 ompt_id=281474976710657 tipo=ompt_thread_initial    last_cpu= 65 numa=1 mig=0 fallos=0 perf=full ratio_rm=0.0001
[OMPT] tid=962049 ompt_id=562949953421313 tipo=ompt_thread_worker     last_cpu=255 numa=1 mig=0 fallos=0 perf=full ratio_rm=0.0000
[OMPT] tid=962050 ompt_id=844424930131969 tipo=ompt_thread_worker     last_cpu=  2 numa=0 mig=0 fallos=0 perf=full ratio_rm=0.0329
[OMPT] tid=962051 ompt_id=1125899906842625 tipo=ompt_thread_worker     last_cpu=250 numa=1 mig=0 fallos=0 perf=full ratio_rm=0.0010
[OMPT] tid=962052 ompt_id=1407374883553281 tipo=ompt_thread_worker     last_cpu=  9 numa=0 mig=0 fallos=0 perf=full ratio_rm=0.1211
[OMPT] tid=962053 ompt_id=1688849860263937 tipo=ompt_thread_worker     last_cpu=239 numa=1 mig=0 fallos=0 perf=full ratio_rm=0.0001
[OMPT] tid=962054 ompt_id=1970324836974593 tipo=ompt_thread_worker     last_cpu=191 numa=0 mig=0 fallos=0 perf=full ratio_rm=0.0349
[OMPT] tid=962055 ompt_id=2251799813685249 tipo=ompt_thread_worker     last_cpu=124 numa=1 mig=0 fallos=0 perf=full ratio_rm=0.0001
[OMPT] tid=962056 ompt_id=2533274790395905 tipo=ompt_thread_worker     last_cpu=184 numa=0 mig=0 fallos=0 perf=full ratio_rm=0.0861
[OMPT] tid=962057 ompt_id=2814749767106561 tipo=ompt_thread_worker     last_cpu=121 numa=1 mig=0 fallos=0 perf=full ratio_rm=0.0001
[OMPT] tid=962058 ompt_id=3096224743817217 tipo=ompt_thread_worker     last_cpu=178 numa=0 mig=0 fallos=0 perf=full ratio_rm=0.1184
[OMPT] tid=962059 ompt_id=3377699720527873 tipo=ompt_thread_worker     last_cpu=  5 numa=0 mig=0 fallos=0 perf=full ratio_rm=0.0813
[OMPT] tid=962061 ompt_id=3659174697238529 tipo=ompt_thread_worker     last_cpu=  8 numa=0 mig=0 fallos=0 perf=full ratio_rm=0.0768
[OMPT] tid=962060 ompt_id=3940649673949185 tipo=ompt_thread_worker     last_cpu= 14 numa=0 mig=0 fallos=0 perf=full ratio_rm=0.0940
[OMPT] tid=962062 ompt_id=4222124650659841 tipo=ompt_thread_worker     last_cpu=120 numa=1 mig=0 fallos=0 perf=full ratio_rm=0.0002
[OMPT] tid=962063 ompt_id=4503599627370497 tipo=ompt_thread_worker     last_cpu=  4 numa=0 mig=0 fallos=0 perf=full ratio_rm=0.0888
[OMPT] tid=962065 ompt_id=5066549580791809 tipo=ompt_thread_worker     last_cpu= 10 numa=0 mig=0 fallos=0 perf=full ratio_rm=0.0911
[OMPT] tid=962064 ompt_id=4785074604081153 tipo=ompt_thread_worker     last_cpu=185 numa=0 mig=0 fallos=0 perf=full ratio_rm=0.1319
[OMPT] tid=962066 ompt_id=5348024557502465 tipo=ompt_thread_worker     last_cpu=126 numa=1 mig=0 fallos=0 perf=full ratio_rm=0.0001
[OMPT] tid=962067 ompt_id=5629499534213121 tipo=ompt_thread_worker     last_cpu=  6 numa=0 mig=0 fallos=0 perf=full ratio_rm=0.0843
[OMPT] tid=962068 ompt_id=5910974510923777 tipo=ompt_thread_worker     last_cpu=183 numa=0 mig=0 fallos=0 perf=full ratio_rm=0.0631
[OMPT] tid=962069 ompt_id=6192449487634433 tipo=ompt_thread_worker     last_cpu=162 numa=0 mig=0 fallos=0 perf=full ratio_rm=0.1289
[OMPT] tid=962070 ompt_id=6473924464345089 tipo=ompt_thread_worker     last_cpu=190 numa=0 mig=0 fallos=0 perf=full ratio_rm=0.0507
[OMPT] tid=962071 ompt_id=6755399441055745 tipo=ompt_thread_worker     last_cpu=254 numa=1 mig=0 fallos=0 perf=full ratio_rm=0.0001
[OMPT] tid=962072 ompt_id=7036874417766401 tipo=ompt_thread_worker     last_cpu=  0 numa=0 mig=0 fallos=0 perf=full ratio_rm=0.1218
[OMPT] tid=962073 ompt_id=7318349394477057 tipo=ompt_thread_worker     last_cpu=163 numa=0 mig=0 fallos=0 perf=full ratio_rm=0.0506
[OMPT] tid=962074 ompt_id=7599824371187713 tipo=ompt_thread_worker     last_cpu= 13 numa=0 mig=0 fallos=0 perf=full ratio_rm=0.0869
[OMPT] tid=962075 ompt_id=7881299347898369 tipo=ompt_thread_worker     last_cpu=253 numa=1 mig=0 fallos=0 perf=full ratio_rm=0.0001
[OMPT] tid=962076 ompt_id=8162774324609025 tipo=ompt_thread_worker     last_cpu=211 numa=1 mig=0 fallos=0 perf=full ratio_rm=0.0002
[OMPT] tid=962077 ompt_id=8444249301319681 tipo=ompt_thread_worker     last_cpu= 15 numa=0 mig=0 fallos=0 perf=full ratio_rm=0.0942
[OMPT] tid=962078 ompt_id=8725724278030337 tipo=ompt_thread_worker     last_cpu=  7 numa=0 mig=0 fallos=0 perf=full ratio_rm=0.0964
[OMPT] tid=962079 ompt_id=9007199254740993 tipo=ompt_thread_worker     last_cpu=251 numa=1 mig=0 fallos=0 perf=full ratio_rm=0.0000
[OMPT] tid=962080 ompt_id=9288674231451649 tipo=ompt_thread_worker     last_cpu=125 numa=1 mig=0 fallos=0 perf=full ratio_rm=0.0001
[OMPT] tid=962081 ompt_id=9570149208162305 tipo=ompt_thread_worker     last_cpu=  3 numa=0 mig=0 fallos=0 perf=full ratio_rm=0.0805
[OMPT] tid=962082 ompt_id=9851624184872961 tipo=ompt_thread_worker     last_cpu=127 numa=1 mig=0 fallos=0 perf=full ratio_rm=0.0001
[OMPT] tid=962083 ompt_id=10133099161583617 tipo=ompt_thread_worker     last_cpu=186 numa=0 mig=0 fallos=0 perf=full ratio_rm=0.1142
[OMPT] tid=962162 ompt_id=32369622321725441 tipo=ompt_thread_worker     last_cpu=177 numa=0 mig=0 fallos=0 perf=full ratio_rm=0.1200
[OMPT] tid=962102 ompt_id=15481123719086081 tipo=ompt_thread_worker     last_cpu=134 numa=0 mig=0 fallos=0 perf=full ratio_rm=0.0782
[OMPT] tid=962146 ompt_id=27866022694354945 tipo=ompt_thread_worker     last_cpu=140 numa=0 mig=0 fallos=0 perf=full ratio_rm=0.0763
[OMPT] tid=962086 ompt_id=10977524091715585 tipo=ompt_thread_worker     last_cpu=187 numa=0 mig=0 fallos=0 perf=full ratio_rm=0.0828
[OMPT] tid=962116 ompt_id=19421773393035265 tipo=ompt_thread_worker     last_cpu=189 numa=0 mig=0 fallos=0 perf=full ratio_rm=0.0567
[OMPT] tid=962107 ompt_id=16888498602639361 tipo=ompt_thread_worker     last_cpu=139 numa=0 mig=0 fallos=0 perf=full ratio_rm=0.0796
[OMPT] tid=962120 ompt_id=20547673299877889 tipo=ompt_thread_worker     last_cpu=166 numa=0 mig=0 fallos=0 perf=full ratio_rm=0.0644
[OMPT] tid=962156 ompt_id=30680772461461505 tipo=ompt_thread_worker     last_cpu=136 numa=0 mig=0 fallos=0 perf=full ratio_rm=0.1106
[OMPT] tid=962108 ompt_id=17169973579350017 tipo=ompt_thread_worker     last_cpu=167 numa=0 mig=0 fallos=0 perf=full ratio_rm=0.1306
[OMPT] tid=962096 ompt_id=13792273858822145 tipo=ompt_thread_worker     last_cpu=165 numa=0 mig=0 fallos=0 perf=full ratio_rm=0.0846
[OMPT] tid=962136 ompt_id=25051272927248385 tipo=ompt_thread_worker     last_cpu=164 numa=0 mig=0 fallos=0 perf=full ratio_rm=0.0812
[OMPT] tid=962174 ompt_id=35747322042253313 tipo=ompt_thread_worker     last_cpu= 32 numa=0 mig=0 fallos=0 perf=full ratio_rm=0.0816
[OMPT] tid=962085 ompt_id=10696049115004929 tipo=ompt_thread_worker     last_cpu= 88 numa=1 mig=0 fallos=0 perf=full ratio_rm=0.0008
[OMPT] tid=962126 ompt_id=22236523160141825 tipo=ompt_thread_worker     last_cpu= 18 numa=0 mig=0 fallos=0 perf=full ratio_rm=0.2390
[OMPT] tid=962170 ompt_id=34621422135410689 tipo=ompt_thread_worker     last_cpu=147 numa=0 mig=0 fallos=0 perf=full ratio_rm=0.0819
[OMPT] tid=962112 ompt_id=18295873486192641 tipo=ompt_thread_worker     last_cpu=148 numa=0 mig=0 fallos=0 perf=full ratio_rm=0.1175
[OMPT] tid=962150 ompt_id=28991922601197569 tipo=ompt_thread_worker     last_cpu=150 numa=0 mig=0 fallos=0 perf=full ratio_rm=0.0663
[OMPT] tid=962092 ompt_id=12947848928690177 tipo=ompt_thread_worker     last_cpu=149 numa=0 mig=0 fallos=0 perf=full ratio_rm=0.1015
[OMPT] tid=962140 ompt_id=26177172834091009 tipo=ompt_thread_worker     last_cpu=151 numa=0 mig=0 fallos=0 perf=full ratio_rm=0.0722
[OMPT] tid=962139 ompt_id=25895697857380353 tipo=ompt_thread_worker     last_cpu=206 numa=1 mig=0 fallos=0 perf=full ratio_rm=0.0035
[OMPT] tid=962121 ompt_id=20829148276588545 tipo=ompt_thread_worker     last_cpu= 97 numa=1 mig=0 fallos=0 perf=full ratio_rm=0.0045
[OMPT] tid=962159 ompt_id=31525197391593473 tipo=ompt_thread_worker     last_cpu=233 numa=1 mig=0 fallos=0 perf=full ratio_rm=0.0038
[OMPT] tid=962103 ompt_id=15762598695796737 tipo=ompt_thread_worker     last_cpu=235 numa=1 mig=0 fallos=0 perf=full ratio_rm=0.0034
[OMPT] tid=962123 ompt_id=21392098230009857 tipo=ompt_thread_worker     last_cpu=104 numa=1 mig=0 fallos=0 perf=full ratio_rm=0.0043
[OMPT] tid=962134 ompt_id=24488322973827073 tipo=ompt_thread_worker     last_cpu=153 numa=0 mig=0 fallos=0 perf=full ratio_rm=0.1734
[OMPT] tid=962088 ompt_id=11540474045136897 tipo=ompt_thread_worker     last_cpu=128 numa=0 mig=0 fallos=0 perf=full ratio_rm=0.0272
[OMPT] tid=962100 ompt_id=14918173765664769 tipo=ompt_thread_worker     last_cpu=  1 numa=0 mig=0 fallos=0 perf=full ratio_rm=0.1638
[OMPT] tid=962167 ompt_id=33776997205278721 tipo=ompt_thread_worker     last_cpu=243 numa=1 mig=0 fallos=0 perf=full ratio_rm=0.0057
[OMPT] tid=962127 ompt_id=22517998136852481 tipo=ompt_thread_worker     last_cpu= 80 numa=1 mig=0 fallos=0 perf=full ratio_rm=0.0077
[OMPT] tid=962173 ompt_id=35465847065542657 tipo=ompt_thread_worker     last_cpu=209 numa=1 mig=0 fallos=0 perf=full ratio_rm=0.0099
[OMPT] tid=962155 ompt_id=30399297484750849 tipo=ompt_thread_worker     last_cpu=214 numa=1 mig=0 fallos=0 perf=full ratio_rm=0.0053
[OMPT] tid=962091 ompt_id=12103423998558209 tipo=ompt_thread_worker     last_cpu=213 numa=1 mig=0 fallos=0 perf=full ratio_rm=0.0066
[OMPT] tid=962145 ompt_id=27584547717644289 tipo=ompt_thread_worker     last_cpu=215 numa=1 mig=0 fallos=0 perf=full ratio_rm=0.0065
[OMPT] tid=962104 ompt_id=16044073672507393 tipo=ompt_thread_worker     last_cpu=137 numa=0 mig=0 fallos=0 perf=full ratio_rm=0.0825
[OMPT] tid=962124 ompt_id=21673573206720513 tipo=ompt_thread_worker     last_cpu= 11 numa=0 mig=0 fallos=0 perf=full ratio_rm=0.0866
[OMPT] tid=962097 ompt_id=14073748835532801 tipo=ompt_thread_worker     last_cpu=174 numa=0 mig=0 fallos=0 perf=full ratio_rm=0.0553
[OMPT] tid=962084 ompt_id=10414574138294273 tipo=ompt_thread_worker     last_cpu=223 numa=1 mig=0 fallos=0 perf=full ratio_rm=0.0059
[OMPT] tid=962142 ompt_id=26740122787512321 tipo=ompt_thread_worker     last_cpu=175 numa=0 mig=0 fallos=0 perf=full ratio_rm=0.0543
[OMPT] tid=962166 ompt_id=33495522228568065 tipo=ompt_thread_worker     last_cpu=158 numa=0 mig=0 fallos=0 perf=full ratio_rm=0.0418
[OMPT] tid=962106 ompt_id=16607023625928705 tipo=ompt_thread_worker     last_cpu=155 numa=0 mig=0 fallos=0 perf=full ratio_rm=0.0499
[OMPT] tid=962094 ompt_id=13229323905400833 tipo=ompt_thread_worker     last_cpu=157 numa=0 mig=0 fallos=0 perf=full ratio_rm=0.0499
[OMPT] tid=962128 ompt_id=22799473113563137 tipo=ompt_thread_worker     last_cpu=154 numa=0 mig=0 fallos=0 perf=full ratio_rm=0.1844
[OMPT] tid=962152 ompt_id=29554872554618881 tipo=ompt_thread_worker     last_cpu=159 numa=0 mig=0 fallos=0 perf=full ratio_rm=0.0494
[OMPT] tid=962158 ompt_id=31243722414882817 tipo=ompt_thread_worker     last_cpu=141 numa=0 mig=0 fallos=0 perf=full ratio_rm=0.0597
[OMPT] tid=962098 ompt_id=14355223812243457 tipo=ompt_thread_worker     last_cpu=182 numa=0 mig=0 fallos=0 perf=full ratio_rm=0.0484
[OMPT] tid=962171 ompt_id=34902897112121345 tipo=ompt_thread_worker     last_cpu=198 numa=1 mig=0 fallos=0 perf=full ratio_rm=0.0079
[OMPT] tid=962105 ompt_id=16325548649218049 tipo=ompt_thread_worker     last_cpu=196 numa=1 mig=0 fallos=0 perf=full ratio_rm=0.0140
[OMPT] tid=962125 ompt_id=21955048183431169 tipo=ompt_thread_worker     last_cpu=195 numa=1 mig=0 fallos=0 perf=full ratio_rm=0.0141
[OMPT] tid=962143 ompt_id=27021597764222977 tipo=ompt_thread_worker     last_cpu=194 numa=1 mig=0 fallos=0 perf=full ratio_rm=0.0223
[OMPT] tid=962093 ompt_id=12666373951979521 tipo=ompt_thread_worker     last_cpu=236 numa=1 mig=0 fallos=0 perf=full ratio_rm=0.0160
[OMPT] tid=962089 ompt_id=11821949021847553 tipo=ompt_thread_worker     last_cpu=112 numa=1 mig=0 fallos=0 perf=full ratio_rm=0.0103
[OMPT] tid=962135 ompt_id=24769797950537729 tipo=ompt_thread_worker     last_cpu=245 numa=1 mig=0 fallos=0 perf=full ratio_rm=0.0069
[OMPT] tid=962122 ompt_id=21110623253299201 tipo=ompt_thread_worker     last_cpu=168 numa=0 mig=0 fallos=0 perf=full ratio_rm=0.1449
[OMPT] tid=962110 ompt_id=17732923532771329 tipo=ompt_thread_worker     last_cpu=172 numa=0 mig=0 fallos=0 perf=full ratio_rm=0.0765
[OMPT] tid=962154 ompt_id=30117822508040193 tipo=ompt_thread_worker     last_cpu=173 numa=0 mig=0 fallos=0 perf=full ratio_rm=0.0558
[OMPT] tid=962168 ompt_id=34058472181989377 tipo=ompt_thread_worker     last_cpu=171 numa=0 mig=0 fallos=0 perf=full ratio_rm=0.0944
[OMPT] tid=962119 ompt_id=20266198323167233 tipo=ompt_thread_worker     last_cpu=246 numa=1 mig=0 fallos=0 perf=full ratio_rm=0.0085
[OMPT] tid=962161 ompt_id=32088147345014785 tipo=ompt_thread_worker     last_cpu=199 numa=1 mig=0 fallos=0 perf=full ratio_rm=0.0118
[OMPT] tid=962090 ompt_id=12384898975268865 tipo=ompt_thread_worker     last_cpu=138 numa=0 mig=0 fallos=0 perf=full ratio_rm=0.0836
[OMPT] tid=962144 ompt_id=27303072740933633 tipo=ompt_thread_worker     last_cpu= 12 numa=0 mig=0 fallos=0 perf=full ratio_rm=0.0870
[OMPT] tid=962172 ompt_id=35184372088832001 tipo=ompt_thread_worker     last_cpu=142 numa=0 mig=0 fallos=0 perf=full ratio_rm=0.0870
[OMPT] tid=962111 ompt_id=18014398509481985 tipo=ompt_thread_worker     last_cpu=247 numa=1 mig=0 fallos=0 perf=full ratio_rm=0.0097
[OMPT] tid=962149 ompt_id=28710447624486913 tipo=ompt_thread_worker     last_cpu=219 numa=1 mig=0 fallos=0 perf=full ratio_rm=0.0120
[OMPT] tid=962165 ompt_id=33214047251857409 tipo=ompt_thread_worker     last_cpu=218 numa=1 mig=0 fallos=0 perf=full ratio_rm=0.0012
[OMPT] tid=962133 ompt_id=24206847997116417 tipo=ompt_thread_worker     last_cpu=220 numa=1 mig=0 fallos=0 perf=full ratio_rm=0.0091
[OMPT] tid=962095 ompt_id=13510798882111489 tipo=ompt_thread_worker     last_cpu=201 numa=1 mig=0 fallos=0 perf=full ratio_rm=0.0212
[OMPT] tid=962157 ompt_id=30962247438172161 tipo=ompt_thread_worker     last_cpu=205 numa=1 mig=0 fallos=0 perf=full ratio_rm=0.0085
[OMPT] tid=962175 ompt_id=36028797018963969 tipo=ompt_thread_worker     last_cpu=204 numa=1 mig=0 fallos=0 perf=full ratio_rm=0.0122
[OMPT] tid=962132 ompt_id=23925373020405761 tipo=ompt_thread_worker     last_cpu=180 numa=0 mig=0 fallos=0 perf=full ratio_rm=0.0700
[OMPT] tid=962129 ompt_id=23080948090273793 tipo=ompt_thread_worker     last_cpu=207 numa=1 mig=0 fallos=0 perf=full ratio_rm=0.0110
[OMPT] tid=962099 ompt_id=14636698788954113 tipo=ompt_thread_worker     last_cpu=248 numa=1 mig=0 fallos=0 perf=full ratio_rm=0.0105
[OMPT] tid=962131 ompt_id=23643898043695105 tipo=ompt_thread_worker     last_cpu=122 numa=1 mig=0 fallos=0 perf=full ratio_rm=0.0199
[OMPT] tid=962163 ompt_id=32651097298436097 tipo=ompt_thread_worker     last_cpu=252 numa=1 mig=0 fallos=0 perf=full ratio_rm=0.0157
[OMPT] tid=962147 ompt_id=28147497671065601 tipo=ompt_thread_worker     last_cpu=123 numa=1 mig=0 fallos=0 perf=full ratio_rm=0.0107
[OMPT] tid=962141 ompt_id=26458647810801665 tipo=ompt_thread_worker     last_cpu=109 numa=1 mig=0 fallos=0 perf=full ratio_rm=0.0323
[OMPT] tid=962113 ompt_id=18577348462903297 tipo=ompt_thread_worker     last_cpu= 72 numa=1 mig=0 fallos=0 perf=full ratio_rm=0.0224
[OMPT] tid=962115 ompt_id=19140298416324609 tipo=ompt_thread_worker     last_cpu=249 numa=1 mig=0 fallos=0 perf=full ratio_rm=0.0170
[OMPT] tid=962151 ompt_id=29273397577908225 tipo=ompt_thread_worker     last_cpu=244 numa=1 mig=0 fallos=0 perf=full ratio_rm=0.0232
[OMPT] tid=962160 ompt_id=31806672368304129 tipo=ompt_thread_worker     last_cpu= 51 numa=0 mig=0 fallos=0 perf=full ratio_rm=0.0855
[OMPT] tid=962118 ompt_id=19984723346456577 tipo=ompt_thread_worker     last_cpu=176 numa=0 mig=0 fallos=0 perf=full ratio_rm=0.0698
[OMPT] tid=962114 ompt_id=18858823439613953 tipo=ompt_thread_worker     last_cpu=181 numa=0 mig=0 fallos=0 perf=full ratio_rm=0.0463
[OMPT] tid=962138 ompt_id=25614222880669697 tipo=ompt_thread_worker     last_cpu=131 numa=0 mig=0 fallos=0 perf=full ratio_rm=0.0596
[OMPT] tid=962087 ompt_id=11258999068426241 tipo=ompt_thread_worker     last_cpu=226 numa=1 mig=0 fallos=0 perf=full ratio_rm=0.0223
[OMPT] tid=962130 ompt_id=23362423066984449 tipo=ompt_thread_worker     last_cpu=130 numa=0 mig=0 fallos=0 perf=full ratio_rm=0.0760
[OMPT] tid=962164 ompt_id=32932572275146753 tipo=ompt_thread_worker     last_cpu=133 numa=0 mig=0 fallos=0 perf=full ratio_rm=0.0877
[OMPT] tid=962169 ompt_id=34339947158700033 tipo=ompt_thread_worker     last_cpu=228 numa=1 mig=0 fallos=0 perf=full ratio_rm=0.0140
[OMPT] tid=962148 ompt_id=28428972647776257 tipo=ompt_thread_worker     last_cpu=132 numa=0 mig=0 fallos=0 perf=full ratio_rm=0.0893
[OMPT] tid=962101 ompt_id=15199648742375425 tipo=ompt_thread_worker     last_cpu=222 numa=1 mig=0 fallos=0 perf=full ratio_rm=0.0195
[OMPT] tid=962137 ompt_id=25332747903959041 tipo=ompt_thread_worker     last_cpu=230 numa=1 mig=0 fallos=0 perf=full ratio_rm=0.0135
[OMPT] tid=962117 ompt_id=19703248369745921 tipo=ompt_thread_worker     last_cpu=221 numa=1 mig=0 fallos=0 perf=full ratio_rm=0.0184
[OMPT] tid=962153 ompt_id=29836347531329537 tipo=ompt_thread_worker     last_cpu=229 numa=1 mig=0 fallos=0 perf=full ratio_rm=0.0111
[OMPT] tid=962109 ompt_id=17451448556060673 tipo=ompt_thread_worker     last_cpu=231 numa=1 mig=0 fallos=0 perf=full ratio_rm=0.0097
[OMPT] ===== Overhead intrínseco =====
  monitor: 2 ticks, 3119.3 us total (max 3117.9 us/tick)
  callbacks implicit_task: 20993, 8679289.6 us total
  migraciones: 0 (0.0 us total)
  resyncs=0  lecturas escaladas por multiplexado=1152
  hilos con perf fallido=0  parcial=0
  ventanas con fills=0

[OMPT] *** AVISO GRAVE ***
  1152 lecturas de contador con exito y NINGUNA ventana con data
  cache fills. Los eventos crudos 0xD044/0xFF44 abrieron pero cuentan
  siempre 0: esta PMU no los implementa (son de AMD Zen). ratio_rm no
  existe y el scheduler NO PUEDE decidir migraciones. Los resultados de
  localidad de esta corrida no son válidos.

