[OMPT] ompt_initialize (OPCIÓN C: integrador con fugas)  verbose=0  migracion=activa
[HWLOC] Nodos NUMA detectados: 2 (usados: 2)
[HWLOC] Nodo 0: 128 CPUs
[HWLOC] Nodo 1: 128 CPUs
[OMPT] callback 'ompt_callback_thread_begin' registrado (result=5)
[OMPT] callback 'ompt_callback_thread_end' registrado (result=5)
[OMPT] callback 'ompt_callback_parallel_begin' registrado (result=5)
[OMPT] callback 'ompt_callback_parallel_end' registrado (result=5)
[OMPT] callback 'ompt_callback_implicit_task' registrado (result=5)
[OMPT] callback 'ompt_callback_control_tool' registrado (result=5)
[OMPT] Callbacks registrados
[OMPT] Sistema: 0 procesadores lógicos
[OMPT][MON] Monitor (C: integrador con fugas)  período=100ms  warmup=5  referencia=MIN  T=min+max(0.050, 3.00*MAD_bajo)  leak=0.50*margen  cap=8.00*margen  max_mig=1  migracion=activa
[perf_region] tool OMPT detectado: los contadores los lleva el tool, no se abren aqui
[OMPT] control_tool: INICIANDO medicion
[OMPT] control_tool: PAUSANDO medicion
[OMPT] ompt_finalize
[OMPT][MON] Monitor detenido tras 44 ventanas
[OMPT] CSV de ventanas: 394 filas volcadas (0 descartadas)
[OMPT] ===== Tabla final: 16 hilos =====
[OMPT] tid=996276 ompt_id=281474976710657 tipo=ompt_thread_initial    last_cpu=121 numa=1 mig=1 fallos=0 perf=full ratio_rm=0.0216
[OMPT] tid=996278 ompt_id=562949953421313 tipo=ompt_thread_worker     last_cpu= 87 numa=1 mig=0 fallos=0 perf=full ratio_rm=0.0000
[OMPT] tid=996279 ompt_id=844424930131969 tipo=ompt_thread_worker     last_cpu=223 numa=1 mig=0 fallos=0 perf=full ratio_rm=0.0000
[OMPT] tid=996280 ompt_id=1125899906842625 tipo=ompt_thread_worker     last_cpu= 97 numa=1 mig=1 fallos=0 perf=full ratio_rm=0.0243
[OMPT] tid=996281 ompt_id=1407374883553281 tipo=ompt_thread_worker     last_cpu=239 numa=1 mig=0 fallos=0 perf=full ratio_rm=0.0000
[OMPT] tid=996282 ompt_id=1688849860263937 tipo=ompt_thread_worker     last_cpu=112 numa=1 mig=0 fallos=0 perf=full ratio_rm=0.0000
[OMPT] tid=996283 ompt_id=1970324836974593 tipo=ompt_thread_worker     last_cpu=192 numa=1 mig=1 fallos=0 perf=full ratio_rm=0.0235
[OMPT] tid=996284 ompt_id=2251799813685249 tipo=ompt_thread_worker     last_cpu=247 numa=1 mig=0 fallos=0 perf=full ratio_rm=0.0000
[OMPT] tid=996285 ompt_id=2533274790395905 tipo=ompt_thread_worker     last_cpu=207 numa=1 mig=0 fallos=0 perf=full ratio_rm=0.0000
[OMPT] tid=996286 ompt_id=2814749767106561 tipo=ompt_thread_worker     last_cpu= 72 numa=1 mig=1 fallos=0 perf=full ratio_rm=0.0203
[OMPT] tid=996287 ompt_id=3096224743817217 tipo=ompt_thread_worker     last_cpu=199 numa=1 mig=0 fallos=0 perf=full ratio_rm=0.0000
[OMPT] tid=996288 ompt_id=3377699720527873 tipo=ompt_thread_worker     last_cpu= 80 numa=1 mig=0 fallos=0 perf=full ratio_rm=0.0000
[OMPT] tid=996289 ompt_id=3659174697238529 tipo=ompt_thread_worker     last_cpu=120 numa=1 mig=1 fallos=0 perf=full ratio_rm=0.0239
[OMPT] tid=996290 ompt_id=3940649673949185 tipo=ompt_thread_worker     last_cpu= 88 numa=1 mig=0 fallos=0 perf=full ratio_rm=0.0000
[OMPT] tid=996291 ompt_id=4222124650659841 tipo=ompt_thread_worker     last_cpu=104 numa=1 mig=0 fallos=0 perf=full ratio_rm=0.0000
[OMPT] tid=996292 ompt_id=4503599627370497 tipo=ompt_thread_worker     last_cpu=231 numa=1 mig=0 fallos=0 perf=full ratio_rm=0.0000
[OMPT] ===== Overhead intrínseco =====
  monitor: 44 ticks, 3225.1 us total (max 227.0 us/tick)
  callbacks implicit_task: 2625, 202532.8 us total
  migraciones: 5 (14659.0 us total)
  resyncs=33  lecturas escaladas por multiplexado=1008
  hilos con perf fallido=0  parcial=0
  ventanas con fills=394
