[OMPT] ompt_initialize (OPCIÓN C: integrador con fugas)  verbose=0  migracion=DESACTIVADA
[HWLOC] Nodos NUMA detectados: 2 (usados: 2)
[HWLOC] Nodo 0: 128 CPUs
[HWLOC] Nodo 1: 128 CPUs
[OMPT] callback 'ompt_callback_thread_begin' registrado (result=5)
[OMPT] callback 'ompt_callback_thread_end' registrado (result=5)
[OMPT] callback 'ompt_callback_parallel_begin' registrado (result=5)
[OMPT] callback 'ompt_callback_parallel_end' registrado (result=5)
[OMPT] callback 'ompt_callback_implicit_task' registrado (result=5)
[OMPT] callback 'ompt_callback_control_tool' registrado (result=5)
[OMPT] Callbacks registrados
[OMPT] Sistema: 0 procesadores lógicos
[OMPT][MON] Monitor (C: integrador con fugas)  período=100ms  warmup=5  referencia=MIN  T=min+max(0.050, 3.00*MAD_bajo)  leak=0.50*margen  cap=8.00*margen  max_mig=1  migracion=DESACTIVADA
[perf_region] tool OMPT detectado: los contadores los lleva el tool, no se abren aqui
[OMPT] control_tool: INICIANDO medicion
[OMPT] control_tool: PAUSANDO medicion
[OMPT] ompt_finalize
[OMPT][MON] Monitor detenido tras 3 ventanas
[OMPT] CSV de ventanas: 0 filas volcadas (0 descartadas)
[OMPT] ===== Tabla final: 128 hilos =====
[OMPT] tid=981105 ompt_id=281474976710657 tipo=ompt_thread_initial    last_cpu=255 numa=1 mig=0 fallos=0 perf=full ratio_rm=0.0007
[OMPT] tid=981107 ompt_id=562949953421313 tipo=ompt_thread_worker     last_cpu=207 numa=1 mig=0 fallos=0 perf=full ratio_rm=0.0008
[OMPT] tid=981108 ompt_id=844424930131969 tipo=ompt_thread_worker     last_cpu=124 numa=1 mig=0 fallos=0 perf=full ratio_rm=0.0008
[OMPT] tid=981109 ompt_id=1125899906842625 tipo=ompt_thread_worker     last_cpu=123 numa=1 mig=0 fallos=0 perf=full ratio_rm=0.0007
[OMPT] tid=981110 ompt_id=1407374883553281 tipo=ompt_thread_worker     last_cpu=224 numa=1 mig=0 fallos=0 perf=full ratio_rm=0.0021
[OMPT] tid=981111 ompt_id=1688849860263937 tipo=ompt_thread_worker     last_cpu=143 numa=0 mig=0 fallos=0 perf=full ratio_rm=0.0011
[OMPT] tid=981112 ompt_id=1970324836974593 tipo=ompt_thread_worker     last_cpu=122 numa=1 mig=0 fallos=0 perf=full ratio_rm=0.0010
[OMPT] tid=981113 ompt_id=2251799813685249 tipo=ompt_thread_worker     last_cpu=  9 numa=0 mig=0 fallos=0 perf=full ratio_rm=0.0017
[OMPT] tid=981114 ompt_id=2533274790395905 tipo=ompt_thread_worker     last_cpu=225 numa=1 mig=0 fallos=0 perf=full ratio_rm=0.0025
[OMPT] tid=981116 ompt_id=2814749767106561 tipo=ompt_thread_worker     last_cpu=121 numa=1 mig=0 fallos=0 perf=full ratio_rm=0.0011
[OMPT] tid=981115 ompt_id=3096224743817217 tipo=ompt_thread_worker     last_cpu= 17 numa=0 mig=0 fallos=0 perf=full ratio_rm=0.0018
[OMPT] tid=981117 ompt_id=3377699720527873 tipo=ompt_thread_worker     last_cpu=  8 numa=0 mig=0 fallos=0 perf=full ratio_rm=0.0014
[OMPT] tid=981119 ompt_id=3940649673949185 tipo=ompt_thread_worker     last_cpu=235 numa=1 mig=0 fallos=0 perf=full ratio_rm=0.0013
[OMPT] tid=981118 ompt_id=3659174697238529 tipo=ompt_thread_worker     last_cpu=228 numa=1 mig=0 fallos=0 perf=full ratio_rm=0.0016
[OMPT] tid=981120 ompt_id=4222124650659841 tipo=ompt_thread_worker     last_cpu=248 numa=1 mig=0 fallos=0 perf=full ratio_rm=0.0011
[OMPT] tid=981121 ompt_id=4503599627370497 tipo=ompt_thread_worker     last_cpu= 12 numa=0 mig=0 fallos=0 perf=full ratio_rm=0.0015
[OMPT] tid=981122 ompt_id=4785074604081153 tipo=ompt_thread_worker     last_cpu=226 numa=1 mig=0 fallos=0 perf=full ratio_rm=0.0032
[OMPT] tid=981123 ompt_id=5066549580791809 tipo=ompt_thread_worker     last_cpu=126 numa=1 mig=0 fallos=0 perf=full ratio_rm=0.0008
[OMPT] tid=981124 ompt_id=5348024557502465 tipo=ompt_thread_worker     last_cpu= 18 numa=0 mig=0 fallos=0 perf=full ratio_rm=0.0018
[OMPT] tid=981125 ompt_id=5629499534213121 tipo=ompt_thread_worker     last_cpu= 11 numa=0 mig=0 fallos=0 perf=full ratio_rm=0.0014
[OMPT] tid=981126 ompt_id=5910974510923777 tipo=ompt_thread_worker     last_cpu=  6 numa=0 mig=0 fallos=0 perf=full ratio_rm=0.0017
[OMPT] tid=981127 ompt_id=6192449487634433 tipo=ompt_thread_worker     last_cpu=128 numa=0 mig=0 fallos=0 perf=full ratio_rm=0.0008
[OMPT] tid=981128 ompt_id=6473924464345089 tipo=ompt_thread_worker     last_cpu=135 numa=0 mig=0 fallos=0 perf=full ratio_rm=0.0009
[OMPT] tid=981129 ompt_id=6755399441055745 tipo=ompt_thread_worker     last_cpu=  7 numa=0 mig=0 fallos=0 perf=full ratio_rm=0.0008
[OMPT] tid=981130 ompt_id=7036874417766401 tipo=ompt_thread_worker     last_cpu= 16 numa=0 mig=0 fallos=0 perf=full ratio_rm=0.0017
[OMPT] tid=981131 ompt_id=7318349394477057 tipo=ompt_thread_worker     last_cpu=152 numa=0 mig=0 fallos=0 perf=full ratio_rm=0.0020
[OMPT] tid=981132 ompt_id=7599824371187713 tipo=ompt_thread_worker     last_cpu= 19 numa=0 mig=0 fallos=0 perf=full ratio_rm=0.0012
[OMPT] tid=981133 ompt_id=7881299347898369 tipo=ompt_thread_worker     last_cpu=254 numa=1 mig=0 fallos=0 perf=full ratio_rm=0.0008
[OMPT] tid=981134 ompt_id=8162774324609025 tipo=ompt_thread_worker     last_cpu=229 numa=1 mig=0 fallos=0 perf=full ratio_rm=0.0012
[OMPT] tid=981135 ompt_id=8444249301319681 tipo=ompt_thread_worker     last_cpu= 14 numa=0 mig=0 fallos=0 perf=full ratio_rm=0.0014
[OMPT] tid=981136 ompt_id=8725724278030337 tipo=ompt_thread_worker     last_cpu= 52 numa=0 mig=0 fallos=0 perf=full ratio_rm=0.0016
[OMPT] tid=981137 ompt_id=9007199254740993 tipo=ompt_thread_worker     last_cpu=253 numa=1 mig=0 fallos=0 perf=full ratio_rm=0.0007
[OMPT] tid=981138 ompt_id=9288674231451649 tipo=ompt_thread_worker     last_cpu=125 numa=1 mig=0 fallos=0 perf=full ratio_rm=0.0007
[OMPT] tid=981139 ompt_id=9570149208162305 tipo=ompt_thread_worker     last_cpu= 51 numa=0 mig=0 fallos=0 perf=full ratio_rm=0.0018
[OMPT] tid=981140 ompt_id=9851624184872961 tipo=ompt_thread_worker     last_cpu=127 numa=1 mig=0 fallos=0 perf=full ratio_rm=0.0008
[OMPT] tid=981141 ompt_id=10133099161583617 tipo=ompt_thread_worker     last_cpu=236 numa=1 mig=0 fallos=0 perf=full ratio_rm=0.0014
[OMPT] tid=981143 ompt_id=10696049115004929 tipo=ompt_thread_worker     last_cpu=106 numa=1 mig=0 fallos=0 perf=full ratio_rm=0.0022
[OMPT] tid=981215 ompt_id=30962247438172161 tipo=ompt_thread_worker     last_cpu=170 numa=0 mig=0 fallos=0 perf=full ratio_rm=0.0013
[OMPT] tid=981231 ompt_id=35465847065542657 tipo=ompt_thread_worker     last_cpu=148 numa=0 mig=0 fallos=0 perf=full ratio_rm=0.0013
[OMPT] tid=981142 ompt_id=10414574138294273 tipo=ompt_thread_worker     last_cpu=231 numa=1 mig=0 fallos=0 perf=full ratio_rm=0.0010
[OMPT] tid=981197 ompt_id=25895697857380353 tipo=ompt_thread_worker     last_cpu= 27 numa=0 mig=0 fallos=0 perf=full ratio_rm=0.0017
[OMPT] tid=981175 ompt_id=19703248369745921 tipo=ompt_thread_worker     last_cpu=230 numa=1 mig=0 fallos=0 perf=full ratio_rm=0.0014
[OMPT] tid=981159 ompt_id=15199648742375425 tipo=ompt_thread_worker     last_cpu=  4 numa=0 mig=0 fallos=0 perf=full ratio_rm=0.0011
[OMPT] tid=981194 ompt_id=25051272927248385 tipo=ompt_thread_worker     last_cpu=158 numa=0 mig=0 fallos=0 perf=full ratio_rm=0.0022
[OMPT] tid=981172 ompt_id=18858823439613953 tipo=ompt_thread_worker     last_cpu= 28 numa=0 mig=0 fallos=0 perf=full ratio_rm=0.0018
[OMPT] tid=981232 ompt_id=35747322042253313 tipo=ompt_thread_worker     last_cpu=154 numa=0 mig=0 fallos=0 perf=full ratio_rm=0.0027
[OMPT] tid=981148 ompt_id=12384898975268865 tipo=ompt_thread_worker     last_cpu=153 numa=0 mig=0 fallos=0 perf=full ratio_rm=0.0018
[OMPT] tid=981176 ompt_id=19984723346456577 tipo=ompt_thread_worker     last_cpu= 48 numa=0 mig=0 fallos=0 perf=full ratio_rm=0.0019
[OMPT] tid=981162 ompt_id=16044073672507393 tipo=ompt_thread_worker     last_cpu= 50 numa=0 mig=0 fallos=0 perf=full ratio_rm=0.0025
[OMPT] tid=981168 ompt_id=17732923532771329 tipo=ompt_thread_worker     last_cpu=166 numa=0 mig=0 fallos=0 perf=full ratio_rm=0.0019
[OMPT] tid=981171 ompt_id=18577348462903297 tipo=ompt_thread_worker     last_cpu=205 numa=1 mig=0 fallos=0 perf=full ratio_rm=0.0007
[OMPT] tid=981227 ompt_id=34339947158700033 tipo=ompt_thread_worker     last_cpu=242 numa=1 mig=0 fallos=0 perf=full ratio_rm=0.0060
[OMPT] tid=981177 ompt_id=20266198323167233 tipo=ompt_thread_worker     last_cpu=104 numa=1 mig=0 fallos=0 perf=full ratio_rm=0.0015
[OMPT] tid=981213 ompt_id=30399297484750849 tipo=ompt_thread_worker     last_cpu=238 numa=1 mig=0 fallos=0 perf=full ratio_rm=0.0012
[OMPT] tid=981205 ompt_id=28147497671065601 tipo=ompt_thread_worker     last_cpu=251 numa=1 mig=0 fallos=0 perf=full ratio_rm=0.0011
[OMPT] tid=981157 ompt_id=14355223812243457 tipo=ompt_thread_worker     last_cpu=120 numa=1 mig=0 fallos=0 perf=full ratio_rm=0.0010
[OMPT] tid=981173 ompt_id=19140298416324609 tipo=ompt_thread_worker     last_cpu=249 numa=1 mig=0 fallos=0 perf=full ratio_rm=0.0012
[OMPT] tid=981221 ompt_id=32651097298436097 tipo=ompt_thread_worker     last_cpu=252 numa=1 mig=0 fallos=0 perf=full ratio_rm=0.0009
[OMPT] tid=981219 ompt_id=32088147345014785 tipo=ompt_thread_worker     last_cpu= 72 numa=1 mig=0 fallos=0 perf=full ratio_rm=0.0015
[OMPT] tid=981149 ompt_id=12103423998558209 tipo=ompt_thread_worker     last_cpu=202 numa=1 mig=0 fallos=0 perf=full ratio_rm=0.0030
[OMPT] tid=981158 ompt_id=14918173765664769 tipo=ompt_thread_worker     last_cpu=  2 numa=0 mig=0 fallos=0 perf=full ratio_rm=0.0024
[OMPT] tid=981190 ompt_id=23925373020405761 tipo=ompt_thread_worker     last_cpu= 20 numa=0 mig=0 fallos=0 perf=full ratio_rm=0.0020
[OMPT] tid=981192 ompt_id=24488322973827073 tipo=ompt_thread_worker     last_cpu=164 numa=0 mig=0 fallos=0 perf=full ratio_rm=0.0022
[OMPT] tid=981226 ompt_id=34058472181989377 tipo=ompt_thread_worker     last_cpu=162 numa=0 mig=0 fallos=0 perf=full ratio_rm=0.0029
[OMPT] tid=981144 ompt_id=10977524091715585 tipo=ompt_thread_worker     last_cpu=  1 numa=0 mig=0 fallos=0 perf=full ratio_rm=0.0020
[OMPT] tid=981206 ompt_id=28428972647776257 tipo=ompt_thread_worker     last_cpu=  5 numa=0 mig=0 fallos=0 perf=full ratio_rm=0.0022
[OMPT] tid=981211 ompt_id=29836347531329537 tipo=ompt_thread_worker     last_cpu=243 numa=1 mig=0 fallos=0 perf=full ratio_rm=0.0015
[OMPT] tid=981145 ompt_id=11258999068426241 tipo=ompt_thread_worker     last_cpu=247 numa=1 mig=0 fallos=0 perf=full ratio_rm=0.0011
[OMPT] tid=981179 ompt_id=20829148276588545 tipo=ompt_thread_worker     last_cpu=245 numa=1 mig=0 fallos=0 perf=full ratio_rm=0.0010
[OMPT] tid=981163 ompt_id=16325548649218049 tipo=ompt_thread_worker     last_cpu=246 numa=1 mig=0 fallos=0 perf=full ratio_rm=0.0012
[OMPT] tid=981193 ompt_id=24769797950537729 tipo=ompt_thread_worker     last_cpu=244 numa=1 mig=0 fallos=0 perf=full ratio_rm=0.0015
[OMPT] tid=981154 ompt_id=13792273858822145 tipo=ompt_thread_worker     last_cpu=177 numa=0 mig=0 fallos=0 perf=full ratio_rm=0.0036
[OMPT] tid=981220 ompt_id=32369622321725441 tipo=ompt_thread_worker     last_cpu=182 numa=0 mig=0 fallos=0 perf=full ratio_rm=0.0021
[OMPT] tid=981191 ompt_id=24206847997116417 tipo=ompt_thread_worker     last_cpu=217 numa=1 mig=0 fallos=0 perf=full ratio_rm=0.0028
[OMPT] tid=981209 ompt_id=29273397577908225 tipo=ompt_thread_worker     last_cpu=216 numa=1 mig=0 fallos=0 perf=full ratio_rm=0.0012
[OMPT] tid=981189 ompt_id=23643898043695105 tipo=ompt_thread_worker     last_cpu=250 numa=1 mig=0 fallos=0 perf=full ratio_rm=0.0010
[OMPT] tid=981224 ompt_id=33495522228568065 tipo=ompt_thread_worker     last_cpu=171 numa=0 mig=0 fallos=0 perf=full ratio_rm=0.0021
[OMPT] tid=981188 ompt_id=23362423066984449 tipo=ompt_thread_worker     last_cpu= 44 numa=0 mig=0 fallos=0 perf=full ratio_rm=0.0021
[OMPT] tid=981212 ompt_id=30117822508040193 tipo=ompt_thread_worker     last_cpu= 21 numa=0 mig=0 fallos=0 perf=full ratio_rm=0.0017
[OMPT] tid=981160 ompt_id=15481123719086081 tipo=ompt_thread_worker     last_cpu=151 numa=0 mig=0 fallos=0 perf=full ratio_rm=0.0018
[OMPT] tid=981186 ompt_id=22799473113563137 tipo=ompt_thread_worker     last_cpu=150 numa=0 mig=0 fallos=0 perf=full ratio_rm=0.0027
[OMPT] tid=981204 ompt_id=27866022694354945 tipo=ompt_thread_worker     last_cpu= 10 numa=0 mig=0 fallos=0 perf=full ratio_rm=0.0026
[OMPT] tid=981218 ompt_id=31806672368304129 tipo=ompt_thread_worker     last_cpu= 13 numa=0 mig=0 fallos=0 perf=full ratio_rm=0.0025
[OMPT] tid=981174 ompt_id=19421773393035265 tipo=ompt_thread_worker     last_cpu=  3 numa=0 mig=0 fallos=0 perf=full ratio_rm=0.0030
[OMPT] tid=981214 ompt_id=30680772461461505 tipo=ompt_thread_worker     last_cpu=168 numa=0 mig=0 fallos=0 perf=full ratio_rm=0.0024
[OMPT] tid=981200 ompt_id=26740122787512321 tipo=ompt_thread_worker     last_cpu= 46 numa=0 mig=0 fallos=0 perf=full ratio_rm=0.0020
[OMPT] tid=981199 ompt_id=26458647810801665 tipo=ompt_thread_worker     last_cpu=193 numa=1 mig=0 fallos=0 perf=full ratio_rm=0.0031
[OMPT] tid=981153 ompt_id=13229323905400833 tipo=ompt_thread_worker     last_cpu=194 numa=1 mig=0 fallos=0 perf=full ratio_rm=0.0023
[OMPT] tid=981181 ompt_id=21392098230009857 tipo=ompt_thread_worker     last_cpu= 69 numa=1 mig=0 fallos=0 perf=full ratio_rm=0.0006
[OMPT] tid=981217 ompt_id=31525197391593473 tipo=ompt_thread_worker     last_cpu=195 numa=1 mig=0 fallos=0 perf=full ratio_rm=0.0007
[OMPT] tid=981170 ompt_id=18295873486192641 tipo=ompt_thread_worker     last_cpu= 47 numa=0 mig=0 fallos=0 perf=full ratio_rm=0.0031
[OMPT] tid=981156 ompt_id=14636698788954113 tipo=ompt_thread_worker     last_cpu=169 numa=0 mig=0 fallos=0 perf=full ratio_rm=0.0032
[OMPT] tid=981230 ompt_id=35184372088832001 tipo=ompt_thread_worker     last_cpu=146 numa=0 mig=0 fallos=0 perf=full ratio_rm=0.0032
[OMPT] tid=981183 ompt_id=21955048183431169 tipo=ompt_thread_worker     last_cpu=208 numa=1 mig=0 fallos=0 perf=full ratio_rm=0.0032
[OMPT] tid=981169 ompt_id=18014398509481985 tipo=ompt_thread_worker     last_cpu=218 numa=1 mig=0 fallos=0 perf=full ratio_rm=0.0029
[OMPT] tid=981225 ompt_id=33776997205278721 tipo=ompt_thread_worker     last_cpu=220 numa=1 mig=0 fallos=0 perf=full ratio_rm=0.0010
[OMPT] tid=981147 ompt_id=11540474045136897 tipo=ompt_thread_worker     last_cpu=219 numa=1 mig=0 fallos=0 perf=full ratio_rm=0.0009
[OMPT] tid=981185 ompt_id=22517998136852481 tipo=ompt_thread_worker     last_cpu=223 numa=1 mig=0 fallos=0 perf=full ratio_rm=0.0008
[OMPT] tid=981151 ompt_id=12666373951979521 tipo=ompt_thread_worker     last_cpu=212 numa=1 mig=0 fallos=0 perf=full ratio_rm=0.0014
[OMPT] tid=981207 ompt_id=28710447624486913 tipo=ompt_thread_worker     last_cpu=214 numa=1 mig=0 fallos=0 perf=full ratio_rm=0.0011
[OMPT] tid=981223 ompt_id=33214047251857409 tipo=ompt_thread_worker     last_cpu=211 numa=1 mig=0 fallos=0 perf=full ratio_rm=0.0014
[OMPT] tid=981201 ompt_id=27021597764222977 tipo=ompt_thread_worker     last_cpu=215 numa=1 mig=0 fallos=0 perf=full ratio_rm=0.0010
[OMPT] tid=981167 ompt_id=17451448556060673 tipo=ompt_thread_worker     last_cpu=213 numa=1 mig=0 fallos=0 perf=full ratio_rm=0.0012
[OMPT] tid=981229 ompt_id=34902897112121345 tipo=ompt_thread_worker     last_cpu=237 numa=1 mig=0 fallos=0 perf=full ratio_rm=0.0019
[OMPT] tid=981161 ompt_id=15762598695796737 tipo=ompt_thread_worker     last_cpu=233 numa=1 mig=0 fallos=0 perf=full ratio_rm=0.0022
[OMPT] tid=981195 ompt_id=25332747903959041 tipo=ompt_thread_worker     last_cpu=239 numa=1 mig=0 fallos=0 perf=full ratio_rm=0.0011
[OMPT] tid=981222 ompt_id=32932572275146753 tipo=ompt_thread_worker     last_cpu=  0 numa=0 mig=0 fallos=0 perf=full ratio_rm=0.0035
[OMPT] tid=981203 ompt_id=27584547717644289 tipo=ompt_thread_worker     last_cpu= 73 numa=1 mig=0 fallos=0 perf=full ratio_rm=0.0033
[OMPT] tid=981187 ompt_id=23080948090273793 tipo=ompt_thread_worker     last_cpu= 76 numa=1 mig=0 fallos=0 perf=full ratio_rm=0.0009
[OMPT] tid=981216 ompt_id=31243722414882817 tipo=ompt_thread_worker     last_cpu=187 numa=0 mig=0 fallos=0 perf=full ratio_rm=0.0028
[OMPT] tid=981164 ompt_id=16607023625928705 tipo=ompt_thread_worker     last_cpu=190 numa=0 mig=0 fallos=0 perf=full ratio_rm=0.0026
[OMPT] tid=981202 ompt_id=27303072740933633 tipo=ompt_thread_worker     last_cpu=188 numa=0 mig=0 fallos=0 perf=full ratio_rm=0.0035
[OMPT] tid=981152 ompt_id=13510798882111489 tipo=ompt_thread_worker     last_cpu=191 numa=0 mig=0 fallos=0 perf=full ratio_rm=0.0028
[OMPT] tid=981233 ompt_id=36028797018963969 tipo=ompt_thread_worker     last_cpu=196 numa=1 mig=0 fallos=0 perf=full ratio_rm=0.0017
[OMPT] tid=981165 ompt_id=16888498602639361 tipo=ompt_thread_worker     last_cpu=192 numa=1 mig=0 fallos=0 perf=full ratio_rm=0.0011
[OMPT] tid=981208 ompt_id=28991922601197569 tipo=ompt_thread_worker     last_cpu=163 numa=0 mig=0 fallos=0 perf=full ratio_rm=0.0034
[OMPT] tid=981182 ompt_id=21673573206720513 tipo=ompt_thread_worker     last_cpu=165 numa=0 mig=0 fallos=0 perf=full ratio_rm=0.0037
[OMPT] tid=981184 ompt_id=22236523160141825 tipo=ompt_thread_worker     last_cpu=159 numa=0 mig=0 fallos=0 perf=full ratio_rm=0.0033
[OMPT] tid=981198 ompt_id=26177172834091009 tipo=ompt_thread_worker     last_cpu=183 numa=0 mig=0 fallos=0 perf=full ratio_rm=0.0043
[OMPT] tid=981178 ompt_id=20547673299877889 tipo=ompt_thread_worker     last_cpu=189 numa=0 mig=0 fallos=0 perf=full ratio_rm=0.0031
[OMPT] tid=981166 ompt_id=17169973579350017 tipo=ompt_thread_worker     last_cpu=140 numa=0 mig=0 fallos=0 perf=full ratio_rm=0.0025
[OMPT] tid=981196 ompt_id=25614222880669697 tipo=ompt_thread_worker     last_cpu=149 numa=0 mig=0 fallos=0 perf=full ratio_rm=0.0024
[OMPT] tid=981146 ompt_id=11821949021847553 tipo=ompt_thread_worker     last_cpu=147 numa=0 mig=0 fallos=0 perf=full ratio_rm=0.0027
[OMPT] tid=981150 ompt_id=12947848928690177 tipo=ompt_thread_worker     last_cpu=167 numa=0 mig=0 fallos=0 perf=full ratio_rm=0.0031
[OMPT] tid=981155 ompt_id=14073748835532801 tipo=ompt_thread_worker     last_cpu=142 numa=0 mig=0 fallos=0 perf=full ratio_rm=0.0024
[OMPT] tid=981210 ompt_id=29554872554618881 tipo=ompt_thread_worker     last_cpu=157 numa=0 mig=0 fallos=0 perf=full ratio_rm=0.0045
[OMPT] tid=981228 ompt_id=34621422135410689 tipo=ompt_thread_worker     last_cpu=136 numa=0 mig=0 fallos=0 perf=full ratio_rm=0.0039
[OMPT] tid=981180 ompt_id=21110623253299201 tipo=ompt_thread_worker     last_cpu= 15 numa=0 mig=0 fallos=0 perf=full ratio_rm=0.0019
[OMPT] ===== Overhead intrínseco =====
  monitor: 3 ticks, 1236.0 us total (max 1229.2 us/tick)
  callbacks implicit_task: 20993, 8783918.8 us total
  migraciones: 0 (0.0 us total)
  resyncs=0  lecturas escaladas por multiplexado=1152
  hilos con perf fallido=0  parcial=0
  ventanas con fills=0

[OMPT] *** AVISO GRAVE ***
  1152 lecturas de contador con exito y NINGUNA ventana con data
  cache fills. Los eventos crudos 0xD044/0xFF44 abrieron pero cuentan
  siempre 0: esta PMU no los implementa (son de AMD Zen). ratio_rm no
  existe y el scheduler NO PUEDE decidir migraciones. Los resultados de
  localidad de esta corrida no son válidos.

