[OMPT] ompt_initialize (OPCIÓN C: integrador con fugas)  verbose=0  migracion=DESACTIVADA
[HWLOC] Nodos NUMA detectados: 2 (usados: 2)
[HWLOC] Nodo 0: 128 CPUs
[HWLOC] Nodo 1: 128 CPUs
[OMPT] callback 'ompt_callback_thread_begin' registrado (result=5)
[OMPT] callback 'ompt_callback_thread_end' registrado (result=5)
[OMPT] callback 'ompt_callback_parallel_begin' registrado (result=5)
[OMPT] callback 'ompt_callback_parallel_end' registrado (result=5)
[OMPT] callback 'ompt_callback_implicit_task' registrado (result=5)
[OMPT] callback 'ompt_callback_control_tool' registrado (result=5)
[OMPT] Callbacks registrados
[OMPT] Sistema: 0 procesadores lógicos
[OMPT][MON] Monitor (C: integrador con fugas)  período=100ms  warmup=5  referencia=MIN  T=min+max(0.050, 3.00*MAD_bajo)  leak=0.50*margen  cap=8.00*margen  max_mig=1  migracion=DESACTIVADA
[perf_region] tool OMPT detectado: los contadores los lleva el tool, no se abren aqui
[OMPT] control_tool: INICIANDO medicion
[OMPT] control_tool: PAUSANDO medicion
[OMPT] ompt_finalize
[OMPT][MON] Monitor detenido tras 2 ventanas
[OMPT] CSV de ventanas: 0 filas volcadas (0 descartadas)
[OMPT] ===== Tabla final: 64 hilos =====
[OMPT] tid=979005 ompt_id=281474976710657 tipo=ompt_thread_initial    last_cpu=255 numa=1 mig=0 fallos=0 perf=full ratio_rm=0.0000
[OMPT] tid=979007 ompt_id=562949953421313 tipo=ompt_thread_worker     last_cpu=121 numa=1 mig=0 fallos=0 perf=full ratio_rm=0.0000
[OMPT] tid=979008 ompt_id=844424930131969 tipo=ompt_thread_worker     last_cpu=248 numa=1 mig=0 fallos=0 perf=full ratio_rm=0.0000
[OMPT] tid=979009 ompt_id=1125899906842625 tipo=ompt_thread_worker     last_cpu=126 numa=1 mig=0 fallos=0 perf=full ratio_rm=0.0000
[OMPT] tid=979010 ompt_id=1407374883553281 tipo=ompt_thread_worker     last_cpu=125 numa=1 mig=0 fallos=0 perf=full ratio_rm=0.0000
[OMPT] tid=979011 ompt_id=1688849860263937 tipo=ompt_thread_worker     last_cpu=252 numa=1 mig=0 fallos=0 perf=full ratio_rm=0.0000
[OMPT] tid=979012 ompt_id=1970324836974593 tipo=ompt_thread_worker     last_cpu=113 numa=1 mig=0 fallos=0 perf=full ratio_rm=0.0000
[OMPT] tid=979013 ompt_id=2251799813685249 tipo=ompt_thread_worker     last_cpu=  2 numa=0 mig=0 fallos=0 perf=full ratio_rm=0.0018
[OMPT] tid=979014 ompt_id=2533274790395905 tipo=ompt_thread_worker     last_cpu=124 numa=1 mig=0 fallos=0 perf=full ratio_rm=0.0000
[OMPT] tid=979016 ompt_id=2814749767106561 tipo=ompt_thread_worker     last_cpu=  3 numa=0 mig=0 fallos=0 perf=full ratio_rm=0.0016
[OMPT] tid=979015 ompt_id=3096224743817217 tipo=ompt_thread_worker     last_cpu=105 numa=1 mig=0 fallos=0 perf=full ratio_rm=0.0000
[OMPT] tid=979018 ompt_id=3659174697238529 tipo=ompt_thread_worker     last_cpu=123 numa=1 mig=0 fallos=0 perf=full ratio_rm=0.0000
[OMPT] tid=979017 ompt_id=3377699720527873 tipo=ompt_thread_worker     last_cpu=251 numa=1 mig=0 fallos=0 perf=full ratio_rm=0.0000
[OMPT] tid=979019 ompt_id=3940649673949185 tipo=ompt_thread_worker     last_cpu=  4 numa=0 mig=0 fallos=0 perf=full ratio_rm=0.0017
[OMPT] tid=979021 ompt_id=4222124650659841 tipo=ompt_thread_worker     last_cpu=112 numa=1 mig=0 fallos=0 perf=full ratio_rm=0.0000
[OMPT] tid=979020 ompt_id=4503599627370497 tipo=ompt_thread_worker     last_cpu= 56 numa=0 mig=0 fallos=0 perf=full ratio_rm=0.0019
[OMPT] tid=979023 ompt_id=5066549580791809 tipo=ompt_thread_worker     last_cpu=253 numa=1 mig=0 fallos=0 perf=full ratio_rm=0.0000
[OMPT] tid=979022 ompt_id=4785074604081153 tipo=ompt_thread_worker     last_cpu=122 numa=1 mig=0 fallos=0 perf=full ratio_rm=0.0000
[OMPT] tid=979024 ompt_id=5348024557502465 tipo=ompt_thread_worker     last_cpu= 97 numa=1 mig=0 fallos=0 perf=full ratio_rm=0.0000
[OMPT] tid=979025 ompt_id=5629499534213121 tipo=ompt_thread_worker     last_cpu= 57 numa=0 mig=0 fallos=0 perf=full ratio_rm=0.0020
[OMPT] tid=979026 ompt_id=5910974510923777 tipo=ompt_thread_worker     last_cpu=104 numa=1 mig=0 fallos=0 perf=full ratio_rm=0.0000
[OMPT] tid=979027 ompt_id=6192449487634433 tipo=ompt_thread_worker     last_cpu=107 numa=1 mig=0 fallos=0 perf=full ratio_rm=0.0000
[OMPT] tid=979028 ompt_id=6473924464345089 tipo=ompt_thread_worker     last_cpu= 74 numa=1 mig=0 fallos=0 perf=full ratio_rm=0.0000
[OMPT] tid=979029 ompt_id=6755399441055745 tipo=ompt_thread_worker     last_cpu=115 numa=1 mig=0 fallos=0 perf=full ratio_rm=0.0000
[OMPT] tid=979030 ompt_id=7036874417766401 tipo=ompt_thread_worker     last_cpu=250 numa=1 mig=0 fallos=0 perf=full ratio_rm=0.0000
[OMPT] tid=979031 ompt_id=7318349394477057 tipo=ompt_thread_worker     last_cpu=136 numa=0 mig=0 fallos=0 perf=full ratio_rm=0.0031
[OMPT] tid=979032 ompt_id=7599824371187713 tipo=ompt_thread_worker     last_cpu= 98 numa=1 mig=0 fallos=0 perf=full ratio_rm=0.0000
[OMPT] tid=979033 ompt_id=7881299347898369 tipo=ompt_thread_worker     last_cpu=106 numa=1 mig=0 fallos=0 perf=full ratio_rm=0.0000
[OMPT] tid=979034 ompt_id=8162774324609025 tipo=ompt_thread_worker     last_cpu=127 numa=1 mig=0 fallos=0 perf=full ratio_rm=0.0000
[OMPT] tid=979035 ompt_id=8444249301319681 tipo=ompt_thread_worker     last_cpu=254 numa=1 mig=0 fallos=0 perf=full ratio_rm=0.0000
[OMPT] tid=979036 ompt_id=8725724278030337 tipo=ompt_thread_worker     last_cpu= 73 numa=1 mig=0 fallos=0 perf=full ratio_rm=0.0000
[OMPT] tid=979037 ompt_id=9007199254740993 tipo=ompt_thread_worker     last_cpu=114 numa=1 mig=0 fallos=0 perf=full ratio_rm=0.0000
[OMPT] tid=979038 ompt_id=9288674231451649 tipo=ompt_thread_worker     last_cpu=120 numa=1 mig=0 fallos=0 perf=full ratio_rm=0.0000
[OMPT] tid=979039 ompt_id=9570149208162305 tipo=ompt_thread_worker     last_cpu= 96 numa=1 mig=0 fallos=0 perf=full ratio_rm=0.0000
[OMPT] tid=979040 ompt_id=9851624184872961 tipo=ompt_thread_worker     last_cpu= 72 numa=1 mig=0 fallos=0 perf=full ratio_rm=0.0000
[OMPT] tid=979041 ompt_id=10133099161583617 tipo=ompt_thread_worker     last_cpu= 58 numa=0 mig=0 fallos=0 perf=full ratio_rm=0.0020
[OMPT] tid=979044 ompt_id=10977524091715585 tipo=ompt_thread_worker     last_cpu=191 numa=0 mig=0 fallos=0 perf=full ratio_rm=0.0014
[OMPT] tid=979060 ompt_id=15481123719086081 tipo=ompt_thread_worker     last_cpu=190 numa=0 mig=0 fallos=0 perf=full ratio_rm=0.0015
[OMPT] tid=979051 ompt_id=12666373951979521 tipo=ompt_thread_worker     last_cpu=231 numa=1 mig=0 fallos=0 perf=full ratio_rm=0.0000
[OMPT] tid=979068 ompt_id=17732923532771329 tipo=ompt_thread_worker     last_cpu=174 numa=0 mig=0 fallos=0 perf=full ratio_rm=0.0045
[OMPT] tid=979055 ompt_id=14073748835532801 tipo=ompt_thread_worker     last_cpu=175 numa=0 mig=0 fallos=0 perf=full ratio_rm=0.0023
[OMPT] tid=979056 ompt_id=14355223812243457 tipo=ompt_thread_worker     last_cpu=183 numa=0 mig=0 fallos=0 perf=full ratio_rm=0.0048
[OMPT] tid=979069 ompt_id=18014398509481985 tipo=ompt_thread_worker     last_cpu=214 numa=1 mig=0 fallos=0 perf=full ratio_rm=0.0000
[OMPT] tid=979045 ompt_id=11258999068426241 tipo=ompt_thread_worker     last_cpu=215 numa=1 mig=0 fallos=0 perf=full ratio_rm=0.0000
[OMPT] tid=979064 ompt_id=16607023625928705 tipo=ompt_thread_worker     last_cpu=158 numa=0 mig=0 fallos=0 perf=full ratio_rm=0.0041
[OMPT] tid=979050 ompt_id=12947848928690177 tipo=ompt_thread_worker     last_cpu=159 numa=0 mig=0 fallos=0 perf=full ratio_rm=0.0028
[OMPT] tid=979062 ompt_id=16044073672507393 tipo=ompt_thread_worker     last_cpu=150 numa=0 mig=0 fallos=0 perf=full ratio_rm=0.0037
[OMPT] tid=979048 ompt_id=12384898975268865 tipo=ompt_thread_worker     last_cpu=151 numa=0 mig=0 fallos=0 perf=full ratio_rm=0.0026
[OMPT] tid=979067 ompt_id=17451448556060673 tipo=ompt_thread_worker     last_cpu=222 numa=1 mig=0 fallos=0 perf=full ratio_rm=0.0000
[OMPT] tid=979043 ompt_id=10696049115004929 tipo=ompt_thread_worker     last_cpu=223 numa=1 mig=0 fallos=0 perf=full ratio_rm=0.0000
[OMPT] tid=979059 ompt_id=15199648742375425 tipo=ompt_thread_worker     last_cpu=198 numa=1 mig=0 fallos=0 perf=full ratio_rm=0.0000
[OMPT] tid=979047 ompt_id=11821949021847553 tipo=ompt_thread_worker     last_cpu=199 numa=1 mig=0 fallos=0 perf=full ratio_rm=0.0000
[OMPT] tid=979066 ompt_id=17169973579350017 tipo=ompt_thread_worker     last_cpu=166 numa=0 mig=0 fallos=0 perf=full ratio_rm=0.0053
[OMPT] tid=979054 ompt_id=13792273858822145 tipo=ompt_thread_worker     last_cpu=167 numa=0 mig=0 fallos=0 perf=full ratio_rm=0.0026
[OMPT] tid=979052 ompt_id=13510798882111489 tipo=ompt_thread_worker     last_cpu= 15 numa=0 mig=0 fallos=0 perf=full ratio_rm=0.0029
[OMPT] tid=979058 ompt_id=14918173765664769 tipo=ompt_thread_worker     last_cpu=  1 numa=0 mig=0 fallos=0 perf=full ratio_rm=0.0025
[OMPT] tid=979046 ompt_id=11540474045136897 tipo=ompt_thread_worker     last_cpu=  0 numa=0 mig=0 fallos=0 perf=full ratio_rm=0.0021
[OMPT] tid=979053 ompt_id=13229323905400833 tipo=ompt_thread_worker     last_cpu=207 numa=1 mig=0 fallos=0 perf=full ratio_rm=0.0000
[OMPT] tid=979061 ompt_id=15762598695796737 tipo=ompt_thread_worker     last_cpu=230 numa=1 mig=0 fallos=0 perf=full ratio_rm=0.0000
[OMPT] tid=979063 ompt_id=16325548649218049 tipo=ompt_thread_worker     last_cpu=246 numa=1 mig=0 fallos=0 perf=full ratio_rm=0.0000
[OMPT] tid=979065 ompt_id=16888498602639361 tipo=ompt_thread_worker     last_cpu=238 numa=1 mig=0 fallos=0 perf=full ratio_rm=0.0000
[OMPT] tid=979042 ompt_id=10414574138294273 tipo=ompt_thread_worker     last_cpu=239 numa=1 mig=0 fallos=0 perf=full ratio_rm=0.0000
[OMPT] tid=979049 ompt_id=12103423998558209 tipo=ompt_thread_worker     last_cpu=247 numa=1 mig=0 fallos=0 perf=full ratio_rm=0.0000
[OMPT] tid=979057 ompt_id=14636698788954113 tipo=ompt_thread_worker     last_cpu=249 numa=1 mig=0 fallos=0 perf=full ratio_rm=0.0000
[OMPT] ===== Overhead intrínseco =====
  monitor: 2 ticks, 1248.8 us total (max 1247.5 us/tick)
  callbacks implicit_task: 10497, 2462407.0 us total
  migraciones: 0 (0.0 us total)
  resyncs=0  lecturas escaladas por multiplexado=576
  hilos con perf fallido=0  parcial=0
  ventanas con fills=0

[OMPT] *** AVISO GRAVE ***
  576 lecturas de contador con exito y NINGUNA ventana con data
  cache fills. Los eventos crudos 0xD044/0xFF44 abrieron pero cuentan
  siempre 0: esta PMU no los implementa (son de AMD Zen). ratio_rm no
  existe y el scheduler NO PUEDE decidir migraciones. Los resultados de
  localidad de esta corrida no son válidos.

