[OMPT] ompt_initialize (OPCIÓN C: integrador con fugas)  verbose=0  migracion=activa
[HWLOC] Nodos NUMA detectados: 2 (usados: 2)
[HWLOC] Nodo 0: 128 CPUs
[HWLOC] Nodo 1: 128 CPUs
[OMPT] callback 'ompt_callback_thread_begin' registrado (result=5)
[OMPT] callback 'ompt_callback_thread_end' registrado (result=5)
[OMPT] callback 'ompt_callback_parallel_begin' registrado (result=5)
[OMPT] callback 'ompt_callback_parallel_end' registrado (result=5)
[OMPT] callback 'ompt_callback_implicit_task' registrado (result=5)
[OMPT] callback 'ompt_callback_control_tool' registrado (result=5)
[OMPT] Callbacks registrados
[OMPT] Sistema: 0 procesadores lógicos
[OMPT][MON] Monitor (C: integrador con fugas)  período=100ms  warmup=5  referencia=MIN  T=min+max(0.050, 3.00*MAD_bajo)  leak=0.50*margen  cap=8.00*margen  max_mig=1  migracion=activa
[perf_region] tool OMPT detectado: los contadores los lleva el tool, no se abren aqui
[OMPT] control_tool: INICIANDO medicion
[OMPT] control_tool: PAUSANDO medicion
[OMPT] ompt_finalize
[OMPT][MON] Monitor detenido tras 47 ventanas
[OMPT] CSV de ventanas: 6841 filas volcadas (0 descartadas)
[OMPT] ===== Tabla final: 256 hilos =====
[OMPT] tid=1004700 ompt_id=281474976710657 tipo=ompt_thread_initial    last_cpu=  3 numa=0 mig=1 fallos=0 perf=full ratio_rm=0.0126
[OMPT] tid=1004702 ompt_id=562949953421313 tipo=ompt_thread_worker     last_cpu=  3 numa=0 mig=1 fallos=0 perf=full ratio_rm=0.0713
[OMPT] tid=1004703 ompt_id=844424930131969 tipo=ompt_thread_worker     last_cpu= 46 numa=0 mig=1 fallos=0 perf=full ratio_rm=0.0669
[OMPT] tid=1004704 ompt_id=1125899906842625 tipo=ompt_thread_worker     last_cpu=135 numa=0 mig=1 fallos=0 perf=full ratio_rm=0.0611
[OMPT] tid=1004705 ompt_id=1407374883553281 tipo=ompt_thread_worker     last_cpu=  0 numa=0 mig=1 fallos=0 perf=full ratio_rm=0.0716
[OMPT] tid=1004706 ompt_id=1688849860263937 tipo=ompt_thread_worker     last_cpu=129 numa=0 mig=1 fallos=0 perf=full ratio_rm=0.0731
[OMPT] tid=1004707 ompt_id=1970324836974593 tipo=ompt_thread_worker     last_cpu=128 numa=0 mig=1 fallos=0 perf=full ratio_rm=0.0714
[OMPT] tid=1004708 ompt_id=2251799813685249 tipo=ompt_thread_worker     last_cpu=  2 numa=0 mig=1 fallos=0 perf=full ratio_rm=0.0098
[OMPT] tid=1004709 ompt_id=2533274790395905 tipo=ompt_thread_worker     last_cpu=  7 numa=0 mig=1 fallos=0 perf=full ratio_rm=0.0690
[OMPT] tid=1004711 ompt_id=2814749767106561 tipo=ompt_thread_worker     last_cpu=  7 numa=0 mig=1 fallos=0 perf=full ratio_rm=0.0732
[OMPT] tid=1004710 ompt_id=3096224743817217 tipo=ompt_thread_worker     last_cpu= 34 numa=0 mig=0 fallos=0 perf=full ratio_rm=0.0004
[OMPT] tid=1004712 ompt_id=3377699720527873 tipo=ompt_thread_worker     last_cpu=  3 numa=0 mig=1 fallos=0 perf=full ratio_rm=0.0690
[OMPT] tid=1004713 ompt_id=3659174697238529 tipo=ompt_thread_worker     last_cpu=132 numa=0 mig=1 fallos=0 perf=full ratio_rm=0.0730
[OMPT] tid=1004714 ompt_id=3940649673949185 tipo=ompt_thread_worker     last_cpu=152 numa=0 mig=1 fallos=0 perf=full ratio_rm=0.0673
[OMPT] tid=1004715 ompt_id=4222124650659841 tipo=ompt_thread_worker     last_cpu=134 numa=0 mig=1 fallos=0 perf=full ratio_rm=0.0712
[OMPT] tid=1004716 ompt_id=4503599627370497 tipo=ompt_thread_worker     last_cpu=130 numa=0 mig=1 fallos=0 perf=full ratio_rm=0.0659
[OMPT] tid=1004717 ompt_id=4785074604081153 tipo=ompt_thread_worker     last_cpu=  1 numa=0 mig=1 fallos=0 perf=full ratio_rm=0.0707
[OMPT] tid=1004718 ompt_id=5066549580791809 tipo=ompt_thread_worker     last_cpu=131 numa=0 mig=1 fallos=0 perf=full ratio_rm=0.0718
[OMPT] tid=1004719 ompt_id=5348024557502465 tipo=ompt_thread_worker     last_cpu=  3 numa=0 mig=1 fallos=0 perf=full ratio_rm=0.0044
[OMPT] tid=1004720 ompt_id=5629499534213121 tipo=ompt_thread_worker     last_cpu=133 numa=0 mig=1 fallos=0 perf=full ratio_rm=0.0651
[OMPT] tid=1004721 ompt_id=5910974510923777 tipo=ompt_thread_worker     last_cpu=132 numa=0 mig=1 fallos=0 perf=full ratio_rm=0.0105
[OMPT] tid=1004722 ompt_id=6192449487634433 tipo=ompt_thread_worker     last_cpu=145 numa=0 mig=1 fallos=0 perf=full ratio_rm=0.0697
[OMPT] tid=1004723 ompt_id=6473924464345089 tipo=ompt_thread_worker     last_cpu=  2 numa=0 mig=1 fallos=0 perf=full ratio_rm=0.0097
[OMPT] tid=1004724 ompt_id=6755399441055745 tipo=ompt_thread_worker     last_cpu= 24 numa=0 mig=0 fallos=0 perf=full ratio_rm=0.0004
[OMPT] tid=1004725 ompt_id=7036874417766401 tipo=ompt_thread_worker     last_cpu=129 numa=0 mig=1 fallos=0 perf=full ratio_rm=0.0068
[OMPT] tid=1004726 ompt_id=7318349394477057 tipo=ompt_thread_worker     last_cpu=130 numa=0 mig=1 fallos=0 perf=full ratio_rm=0.0135
[OMPT] tid=1004727 ompt_id=7599824371187713 tipo=ompt_thread_worker     last_cpu=  2 numa=0 mig=1 fallos=0 perf=full ratio_rm=0.0070
[OMPT] tid=1004728 ompt_id=7881299347898369 tipo=ompt_thread_worker     last_cpu=129 numa=0 mig=1 fallos=0 perf=full ratio_rm=0.0135
[OMPT] tid=1004729 ompt_id=8162774324609025 tipo=ompt_thread_worker     last_cpu=133 numa=0 mig=1 fallos=0 perf=full ratio_rm=0.0095
[OMPT] tid=1004730 ompt_id=8444249301319681 tipo=ompt_thread_worker     last_cpu=  2 numa=0 mig=1 fallos=0 perf=full ratio_rm=0.0047
[OMPT] tid=1004731 ompt_id=8725724278030337 tipo=ompt_thread_worker     last_cpu= 11 numa=0 mig=0 fallos=0 perf=full ratio_rm=0.0003
[OMPT] tid=1004732 ompt_id=9007199254740993 tipo=ompt_thread_worker     last_cpu= 13 numa=0 mig=0 fallos=0 perf=full ratio_rm=0.0002
[OMPT] tid=1004733 ompt_id=9288674231451649 tipo=ompt_thread_worker     last_cpu=131 numa=0 mig=1 fallos=0 perf=full ratio_rm=0.0593
[OMPT] tid=1004734 ompt_id=9570149208162305 tipo=ompt_thread_worker     last_cpu=133 numa=0 mig=1 fallos=0 perf=full ratio_rm=0.0657
[OMPT] tid=1004735 ompt_id=9851624184872961 tipo=ompt_thread_worker     last_cpu=131 numa=0 mig=1 fallos=0 perf=full ratio_rm=0.0666
[OMPT] tid=1004736 ompt_id=10133099161583617 tipo=ompt_thread_worker     last_cpu=135 numa=0 mig=1 fallos=0 perf=full ratio_rm=0.0631
[OMPT] tid=1004860 ompt_id=45035996273704961 tipo=ompt_thread_worker     last_cpu=  1 numa=0 mig=1 fallos=0 perf=full ratio_rm=0.0050
[OMPT] tid=1004748 ompt_id=13229323905400833 tipo=ompt_thread_worker     last_cpu=  7 numa=0 mig=1 fallos=0 perf=full ratio_rm=0.0110
[OMPT] tid=1004761 ompt_id=17169973579350017 tipo=ompt_thread_worker     last_cpu=167 numa=0 mig=0 fallos=0 perf=full ratio_rm=0.0002
[OMPT] tid=1004907 ompt_id=58265320179105793 tipo=ompt_thread_worker     last_cpu= 61 numa=0 mig=0 fallos=0 perf=full ratio_rm=0.0002
[OMPT] tid=1004771 ompt_id=19984723346456577 tipo=ompt_thread_worker     last_cpu=189 numa=0 mig=0 fallos=0 perf=full ratio_rm=0.0002
[OMPT] tid=1004835 ompt_id=37999121855938561 tipo=ompt_thread_worker     last_cpu=  5 numa=0 mig=1 fallos=0 perf=full ratio_rm=0.0066
[OMPT] tid=1004953 ompt_id=71213169107795969 tipo=ompt_thread_worker     last_cpu=169 numa=0 mig=0 fallos=0 perf=full ratio_rm=0.0003
[OMPT] tid=1004893 ompt_id=54324670505156609 tipo=ompt_thread_worker     last_cpu=190 numa=0 mig=0 fallos=0 perf=full ratio_rm=0.0012
[OMPT] tid=1004934 ompt_id=65865144550293505 tipo=ompt_thread_worker     last_cpu=131 numa=0 mig=1 fallos=0 perf=full ratio_rm=0.0711
[OMPT] tid=1004778 ompt_id=21955048183431169 tipo=ompt_thread_worker     last_cpu=153 numa=0 mig=0 fallos=0 perf=full ratio_rm=0.0003
[OMPT] tid=1004936 ompt_id=66428094503714817 tipo=ompt_thread_worker     last_cpu=129 numa=0 mig=1 fallos=0 perf=full ratio_rm=0.0697
[OMPT] tid=1004858 ompt_id=44473046320283649 tipo=ompt_thread_worker     last_cpu=  0 numa=0 mig=1 fallos=0 perf=full ratio_rm=0.0689
[OMPT] tid=1004786 ompt_id=24206847997116417 tipo=ompt_thread_worker     last_cpu=  1 numa=0 mig=1 fallos=0 perf=full ratio_rm=0.0055
[OMPT] tid=1004802 ompt_id=28710447624486913 tipo=ompt_thread_worker     last_cpu=133 numa=0 mig=1 fallos=0 perf=full ratio_rm=0.0710
[OMPT] tid=1004894 ompt_id=54606145481867265 tipo=ompt_thread_worker     last_cpu= 62 numa=0 mig=1 fallos=0 perf=full ratio_rm=0.0662
[OMPT] tid=1004762 ompt_id=17451448556060673 tipo=ompt_thread_worker     last_cpu=135 numa=0 mig=1 fallos=0 perf=full ratio_rm=0.0729
[OMPT] tid=1004833 ompt_id=37436171902517249 tipo=ompt_thread_worker     last_cpu= 26 numa=0 mig=0 fallos=0 perf=full ratio_rm=0.0003
[OMPT] tid=1004753 ompt_id=14918173765664769 tipo=ompt_thread_worker     last_cpu=135 numa=0 mig=1 fallos=0 perf=full ratio_rm=0.0071
[OMPT] tid=1004897 ompt_id=55450570411999233 tipo=ompt_thread_worker     last_cpu=  2 numa=0 mig=1 fallos=0 perf=full ratio_rm=0.0071
[OMPT] tid=1004945 ompt_id=68961369294110721 tipo=ompt_thread_worker     last_cpu= 10 numa=0 mig=0 fallos=0 perf=full ratio_rm=0.0003
[OMPT] tid=1004912 ompt_id=59672695062659073 tipo=ompt_thread_worker     last_cpu= 14 numa=0 mig=0 fallos=0 perf=full ratio_rm=0.0003
[OMPT] tid=1004857 ompt_id=44191571343572993 tipo=ompt_thread_worker     last_cpu= 12 numa=0 mig=0 fallos=0 perf=full ratio_rm=0.0002
[OMPT] tid=1004929 ompt_id=64457769666740225 tipo=ompt_thread_worker     last_cpu=  9 numa=0 mig=0 fallos=0 perf=full ratio_rm=0.0003
[OMPT] tid=1004867 ompt_id=47006321110679553 tipo=ompt_thread_worker     last_cpu=129 numa=0 mig=1 fallos=0 perf=full ratio_rm=0.0052
[OMPT] tid=1004741 ompt_id=11540474045136897 tipo=ompt_thread_worker     last_cpu=130 numa=0 mig=1 fallos=0 perf=full ratio_rm=0.0141
[OMPT] tid=1004825 ompt_id=35184372088832001 tipo=ompt_thread_worker     last_cpu=  2 numa=0 mig=1 fallos=0 perf=full ratio_rm=0.0061
[OMPT] tid=1004837 ompt_id=38562071809359873 tipo=ompt_thread_worker     last_cpu=  5 numa=0 mig=1 fallos=0 perf=full ratio_rm=0.0056
[OMPT] tid=1004803 ompt_id=28991922601197569 tipo=ompt_thread_worker     last_cpu=  5 numa=0 mig=1 fallos=0 perf=full ratio_rm=0.0051
[OMPT] tid=1004883 ompt_id=51509920738050049 tipo=ompt_thread_worker     last_cpu=129 numa=0 mig=1 fallos=0 perf=full ratio_rm=0.0138
[OMPT] tid=1004781 ompt_id=22799473113563137 tipo=ompt_thread_worker     last_cpu= 43 numa=0 mig=0 fallos=0 perf=full ratio_rm=0.0003
[OMPT] tid=1004823 ompt_id=34621422135410689 tipo=ompt_thread_worker     last_cpu=170 numa=0 mig=0 fallos=0 perf=full ratio_rm=0.0003
[OMPT] tid=1004855 ompt_id=43628621390151681 tipo=ompt_thread_worker     last_cpu= 40 numa=0 mig=0 fallos=0 perf=full ratio_rm=0.0003
[OMPT] tid=1004955 ompt_id=71776119061217281 tipo=ompt_thread_worker     last_cpu= 42 numa=0 mig=0 fallos=0 perf=full ratio_rm=0.0002
[OMPT] tid=1004941 ompt_id=67835469387268097 tipo=ompt_thread_worker     last_cpu= 44 numa=0 mig=0 fallos=0 perf=full ratio_rm=0.0003
[OMPT] tid=1004791 ompt_id=25614222880669697 tipo=ompt_thread_worker     last_cpu=168 numa=0 mig=0 fallos=0 perf=full ratio_rm=0.0003
[OMPT] tid=1004909 ompt_id=58828270132527105 tipo=ompt_thread_worker     last_cpu= 47 numa=0 mig=0 fallos=0 perf=full ratio_rm=0.0003
[OMPT] tid=1004767 ompt_id=18858823439613953 tipo=ompt_thread_worker     last_cpu=175 numa=0 mig=0 fallos=0 perf=full ratio_rm=0.0003
[OMPT] tid=1004769 ompt_id=19421773393035265 tipo=ompt_thread_worker     last_cpu=  0 numa=0 mig=1 fallos=0 perf=full ratio_rm=0.0058
[OMPT] tid=1004932 ompt_id=65302194596872193 tipo=ompt_thread_worker     last_cpu=130 numa=0 mig=1 fallos=0 perf=full ratio_rm=0.0582
[OMPT] tid=1004766 ompt_id=18577348462903297 tipo=ompt_thread_worker     last_cpu=134 numa=0 mig=1 fallos=0 perf=full ratio_rm=0.0696
[OMPT] tid=1004878 ompt_id=50102545854496769 tipo=ompt_thread_worker     last_cpu= 30 numa=0 mig=1 fallos=0 perf=full ratio_rm=0.0705
[OMPT] tid=1004840 ompt_id=39406496739491841 tipo=ompt_thread_worker     last_cpu=  5 numa=0 mig=1 fallos=0 perf=full ratio_rm=0.0711
[OMPT] tid=1004814 ompt_id=32088147345014785 tipo=ompt_thread_worker     last_cpu=  3 numa=0 mig=1 fallos=0 perf=full ratio_rm=0.0701
[OMPT] tid=1004756 ompt_id=15762598695796737 tipo=ompt_thread_worker     last_cpu=130 numa=0 mig=1 fallos=0 perf=full ratio_rm=0.0665
[OMPT] tid=1004744 ompt_id=12103423998558209 tipo=ompt_thread_worker     last_cpu=143 numa=0 mig=1 fallos=0 perf=full ratio_rm=0.0669
[OMPT] tid=1004870 ompt_id=47850746040811521 tipo=ompt_thread_worker     last_cpu=186 numa=0 mig=1 fallos=0 perf=full ratio_rm=0.0677
[OMPT] tid=1004908 ompt_id=58546795155816449 tipo=ompt_thread_worker     last_cpu= 58 numa=0 mig=1 fallos=0 perf=full ratio_rm=0.0664
[OMPT] tid=1004954 ompt_id=71494644084506625 tipo=ompt_thread_worker     last_cpu= 17 numa=0 mig=1 fallos=0 perf=full ratio_rm=0.0691
[OMPT] tid=1004782 ompt_id=23080948090273793 tipo=ompt_thread_worker     last_cpu=  7 numa=0 mig=1 fallos=0 perf=full ratio_rm=0.0588
[OMPT] tid=1004924 ompt_id=63050394783186945 tipo=ompt_thread_worker     last_cpu=162 numa=0 mig=1 fallos=0 perf=full ratio_rm=0.0720
[OMPT] tid=1004798 ompt_id=27303072740933633 tipo=ompt_thread_worker     last_cpu= 16 numa=0 mig=1 fallos=0 perf=full ratio_rm=0.0683
[OMPT] tid=1004838 ompt_id=38843546786070529 tipo=ompt_thread_worker     last_cpu=  0 numa=0 mig=1 fallos=0 perf=full ratio_rm=0.0695
[OMPT] tid=1004740 ompt_id=11258999068426241 tipo=ompt_thread_worker     last_cpu= 15 numa=0 mig=1 fallos=0 perf=full ratio_rm=0.0702
[OMPT] tid=1004938 ompt_id=66709569480425473 tipo=ompt_thread_worker     last_cpu= 35 numa=0 mig=0 fallos=0 perf=full ratio_rm=0.0004
[OMPT] tid=1004868 ompt_id=47287796087390209 tipo=ompt_thread_worker     last_cpu=135 numa=0 mig=1 fallos=0 perf=full ratio_rm=0.0698
[OMPT] tid=1004738 ompt_id=10696049115004929 tipo=ompt_thread_worker     last_cpu=128 numa=0 mig=1 fallos=0 perf=full ratio_rm=0.0722
[OMPT] tid=1004906 ompt_id=57983845202395137 tipo=ompt_thread_worker     last_cpu=128 numa=0 mig=1 fallos=0 perf=full ratio_rm=0.0717
[OMPT] tid=1004922 ompt_id=62487444829765633 tipo=ompt_thread_worker     last_cpu=132 numa=0 mig=1 fallos=0 perf=full ratio_rm=0.0753
[OMPT] tid=1004822 ompt_id=34339947158700033 tipo=ompt_thread_worker     last_cpu=131 numa=0 mig=1 fallos=0 perf=full ratio_rm=0.0664
[OMPT] tid=1004891 ompt_id=53761720551735297 tipo=ompt_thread_worker     last_cpu= 22 numa=0 mig=0 fallos=0 perf=full ratio_rm=0.0003
[OMPT] tid=1004765 ompt_id=18295873486192641 tipo=ompt_thread_worker     last_cpu=150 numa=0 mig=0 fallos=0 perf=full ratio_rm=0.0003
[OMPT] tid=1004780 ompt_id=22517998136852481 tipo=ompt_thread_worker     last_cpu=149 numa=0 mig=0 fallos=0 perf=full ratio_rm=0.0003
[OMPT] tid=1004899 ompt_id=56013520365420545 tipo=ompt_thread_worker     last_cpu= 21 numa=0 mig=0 fallos=0 perf=full ratio_rm=0.0003
[OMPT] tid=1004815 ompt_id=32369622321725441 tipo=ompt_thread_worker     last_cpu=139 numa=0 mig=0 fallos=0 perf=full ratio_rm=0.0003
[OMPT] tid=1004777 ompt_id=21673573206720513 tipo=ompt_thread_worker     last_cpu= 25 numa=0 mig=0 fallos=0 perf=full ratio_rm=0.0002
[OMPT] tid=1004745 ompt_id=12947848928690177 tipo=ompt_thread_worker     last_cpu=158 numa=0 mig=0 fallos=0 perf=full ratio_rm=0.0003
[OMPT] tid=1004863 ompt_id=45880421203836929 tipo=ompt_thread_worker     last_cpu= 32 numa=0 mig=0 fallos=0 perf=full ratio_rm=0.0003
[OMPT] tid=1004887 ompt_id=52635820644892673 tipo=ompt_thread_worker     last_cpu=  1 numa=0 mig=1 fallos=0 perf=full ratio_rm=0.0074
[OMPT] tid=1004847 ompt_id=41376821576466433 tipo=ompt_thread_worker     last_cpu=173 numa=0 mig=0 fallos=0 perf=full ratio_rm=0.0002
[OMPT] tid=1004821 ompt_id=34058472181989377 tipo=ompt_thread_worker     last_cpu=154 numa=0 mig=0 fallos=0 perf=full ratio_rm=0.0003
[OMPT] tid=1004851 ompt_id=42502721483309057 tipo=ompt_thread_worker     last_cpu=184 numa=0 mig=0 fallos=0 perf=full ratio_rm=0.0003
[OMPT] tid=1004807 ompt_id=30117822508040193 tipo=ompt_thread_worker     last_cpu=187 numa=0 mig=0 fallos=0 perf=full ratio_rm=0.0003
[OMPT] tid=1004943 ompt_id=68398419340689409 tipo=ompt_thread_worker     last_cpu= 59 numa=0 mig=0 fallos=0 perf=full ratio_rm=0.0003
[OMPT] tid=1004845 ompt_id=40813871623045121 tipo=ompt_thread_worker     last_cpu=172 numa=0 mig=0 fallos=0 perf=full ratio_rm=0.0003
[OMPT] tid=1004927 ompt_id=63894819713318913 tipo=ompt_thread_worker     last_cpu= 45 numa=0 mig=0 fallos=0 perf=full ratio_rm=0.0003
[OMPT] tid=1004865 ompt_id=46443371157258241 tipo=ompt_thread_worker     last_cpu=174 numa=0 mig=0 fallos=0 perf=full ratio_rm=0.0003
[OMPT] tid=1004747 ompt_id=13510798882111489 tipo=ompt_thread_worker     last_cpu=130 numa=0 mig=1 fallos=0 perf=full ratio_rm=0.0059
[OMPT] tid=1004842 ompt_id=39969446692913153 tipo=ompt_thread_worker     last_cpu= 33 numa=0 mig=1 fallos=0 perf=full ratio_rm=0.0726
[OMPT] tid=1004948 ompt_id=69805794224242689 tipo=ompt_thread_worker     last_cpu=  1 numa=0 mig=1 fallos=0 perf=full ratio_rm=0.0650
[OMPT] tid=1004755 ompt_id=15481123719086081 tipo=ompt_thread_worker     last_cpu=142 numa=0 mig=0 fallos=0 perf=full ratio_rm=0.0002
[OMPT] tid=1004799 ompt_id=27866022694354945 tipo=ompt_thread_worker     last_cpu=140 numa=0 mig=0 fallos=0 perf=full ratio_rm=0.0003
[OMPT] tid=1004881 ompt_id=50946970784628737 tipo=ompt_thread_worker     last_cpu=  8 numa=0 mig=0 fallos=0 perf=full ratio_rm=0.0003
[OMPT] tid=1004923 ompt_id=62768919806476289 tipo=ompt_thread_worker     last_cpu= 48 numa=0 mig=0 fallos=0 perf=full ratio_rm=0.0003
[OMPT] tid=1004783 ompt_id=23362423066984449 tipo=ompt_thread_worker     last_cpu=141 numa=0 mig=0 fallos=0 perf=full ratio_rm=0.0002
[OMPT] tid=1004793 ompt_id=26177172834091009 tipo=ompt_thread_worker     last_cpu=164 numa=0 mig=0 fallos=0 perf=full ratio_rm=0.0003
[OMPT] tid=1004925 ompt_id=63331869759897601 tipo=ompt_thread_worker     last_cpu= 36 numa=0 mig=0 fallos=0 perf=full ratio_rm=0.0003
[OMPT] tid=1004937 ompt_id=66991044457136129 tipo=ompt_thread_worker     last_cpu= 20 numa=0 mig=0 fallos=0 perf=full ratio_rm=0.0002
[OMPT] tid=1004749 ompt_id=13792273858822145 tipo=ompt_thread_worker     last_cpu= 39 numa=0 mig=0 fallos=0 perf=full ratio_rm=0.0003
[OMPT] tid=1004871 ompt_id=48132221017522177 tipo=ompt_thread_worker     last_cpu=151 numa=0 mig=0 fallos=0 perf=full ratio_rm=0.0003
[OMPT] tid=1004841 ompt_id=39687971716202497 tipo=ompt_thread_worker     last_cpu=161 numa=0 mig=0 fallos=0 perf=full ratio_rm=0.0003
[OMPT] tid=1004843 ompt_id=40250921669623809 tipo=ompt_thread_worker     last_cpu=177 numa=0 mig=0 fallos=0 perf=full ratio_rm=0.0002
[OMPT] tid=1004951 ompt_id=70650219154374657 tipo=ompt_thread_worker     last_cpu=  3 numa=0 mig=1 fallos=0 perf=full ratio_rm=0.0057
[OMPT] tid=1004775 ompt_id=21110623253299201 tipo=ompt_thread_worker     last_cpu=181 numa=0 mig=0 fallos=0 perf=full ratio_rm=0.0002
[OMPT] tid=1004905 ompt_id=57702370225684481 tipo=ompt_thread_worker     last_cpu= 53 numa=0 mig=0 fallos=0 perf=full ratio_rm=0.0002
[OMPT] tid=1004950 ompt_id=70368744177664001 tipo=ompt_thread_worker     last_cpu= 27 numa=0 mig=0 fallos=0 perf=full ratio_rm=0.0003
[OMPT] tid=1004758 ompt_id=16325548649218049 tipo=ompt_thread_worker     last_cpu=  4 numa=0 mig=1 fallos=0 perf=full ratio_rm=0.0104
[OMPT] tid=1004915 ompt_id=60517119992791041 tipo=ompt_thread_worker     last_cpu=129 numa=0 mig=1 fallos=0 perf=full ratio_rm=0.0090
[OMPT] tid=1004743 ompt_id=12384898975268865 tipo=ompt_thread_worker     last_cpu=128 numa=0 mig=1 fallos=0 perf=full ratio_rm=0.0046
[OMPT] tid=1004869 ompt_id=47569271064100865 tipo=ompt_thread_worker     last_cpu= 23 numa=0 mig=0 fallos=0 perf=full ratio_rm=0.0003
[OMPT] tid=1004754 ompt_id=15199648742375425 tipo=ompt_thread_worker     last_cpu=132 numa=0 mig=1 fallos=0 perf=full ratio_rm=0.0687
[OMPT] tid=1004882 ompt_id=51228445761339393 tipo=ompt_thread_worker     last_cpu= 18 numa=0 mig=1 fallos=0 perf=full ratio_rm=0.0697
[OMPT] tid=1004834 ompt_id=37717646879227905 tipo=ompt_thread_worker     last_cpu=  5 numa=0 mig=1 fallos=0 perf=full ratio_rm=0.0676
[OMPT] tid=1004739 ompt_id=10977524091715585 tipo=ompt_thread_worker     last_cpu=133 numa=0 mig=1 fallos=0 perf=full ratio_rm=0.0030
[OMPT] tid=1004901 ompt_id=56576470318841857 tipo=ompt_thread_worker     last_cpu= 29 numa=0 mig=0 fallos=0 perf=full ratio_rm=0.0003
[OMPT] tid=1004813 ompt_id=31806672368304129 tipo=ompt_thread_worker     last_cpu=155 numa=0 mig=0 fallos=0 perf=full ratio_rm=0.0002
[OMPT] tid=1004789 ompt_id=25051272927248385 tipo=ompt_thread_worker     last_cpu=148 numa=0 mig=0 fallos=0 perf=full ratio_rm=0.0002
[OMPT] tid=1004839 ompt_id=39125021762781185 tipo=ompt_thread_worker     last_cpu=137 numa=0 mig=0 fallos=0 perf=full ratio_rm=0.0003
[OMPT] tid=1004795 ompt_id=26740122787512321 tipo=ompt_thread_worker     last_cpu=188 numa=0 mig=0 fallos=0 perf=full ratio_rm=0.0002
[OMPT] tid=1004896 ompt_id=55169095435288577 tipo=ompt_thread_worker     last_cpu=  3 numa=0 mig=1 fallos=0 perf=full ratio_rm=0.0720
[OMPT] tid=1004832 ompt_id=37154696925806593 tipo=ompt_thread_worker     last_cpu=  4 numa=0 mig=1 fallos=0 perf=full ratio_rm=0.0731
[OMPT] tid=1004944 ompt_id=68679894317400065 tipo=ompt_thread_worker     last_cpu=134 numa=0 mig=1 fallos=0 perf=full ratio_rm=0.0737
[OMPT] tid=1004800 ompt_id=28147497671065601 tipo=ompt_thread_worker     last_cpu=156 numa=0 mig=1 fallos=0 perf=full ratio_rm=0.0756
[OMPT] tid=1004750 ompt_id=14073748835532801 tipo=ompt_thread_worker     last_cpu=191 numa=0 mig=0 fallos=0 perf=full ratio_rm=0.0002
[OMPT] tid=1004875 ompt_id=49258120924364801 tipo=ompt_thread_worker     last_cpu= 63 numa=0 mig=0 fallos=0 perf=full ratio_rm=0.0002
[OMPT] tid=1004819 ompt_id=33495522228568065 tipo=ompt_thread_worker     last_cpu=130 numa=0 mig=1 fallos=0 perf=full ratio_rm=0.0037
[OMPT] tid=1004919 ompt_id=61643019899633665 tipo=ompt_thread_worker     last_cpu= 60 numa=0 mig=0 fallos=0 perf=full ratio_rm=0.0002
[OMPT] tid=1004939 ompt_id=67272519433846785 tipo=ompt_thread_worker     last_cpu= 19 numa=0 mig=0 fallos=0 perf=full ratio_rm=0.0002
[OMPT] tid=1004759 ompt_id=16607023625928705 tipo=ompt_thread_worker     last_cpu=  7 numa=0 mig=1 fallos=0 perf=full ratio_rm=0.0080
[OMPT] tid=1004827 ompt_id=35747322042253313 tipo=ompt_thread_worker     last_cpu=138 numa=0 mig=0 fallos=0 perf=full ratio_rm=0.0003
[OMPT] tid=1004811 ompt_id=31243722414882817 tipo=ompt_thread_worker     last_cpu=163 numa=0 mig=0 fallos=0 perf=full ratio_rm=0.0004
[OMPT] tid=1004889 ompt_id=53198770598313985 tipo=ompt_thread_worker     last_cpu= 38 numa=0 mig=0 fallos=0 perf=full ratio_rm=0.0003
[OMPT] tid=1004773 ompt_id=20547673299877889 tipo=ompt_thread_worker     last_cpu=165 numa=0 mig=0 fallos=0 perf=full ratio_rm=0.0002
[OMPT] tid=1004903 ompt_id=57139420272263169 tipo=ompt_thread_worker     last_cpu= 37 numa=0 mig=0 fallos=0 perf=full ratio_rm=0.0002
[OMPT] tid=1004861 ompt_id=45317471250415617 tipo=ompt_thread_worker     last_cpu=160 numa=0 mig=0 fallos=0 perf=full ratio_rm=0.0005
[OMPT] tid=1004797 ompt_id=27584547717644289 tipo=ompt_thread_worker     last_cpu=  7 numa=0 mig=1 fallos=0 perf=full ratio_rm=0.0093
[OMPT] tid=1004873 ompt_id=48695170970943489 tipo=ompt_thread_worker     last_cpu= 31 numa=0 mig=0 fallos=0 perf=full ratio_rm=0.0002
[OMPT] tid=1004935 ompt_id=66146619527004161 tipo=ompt_thread_worker     last_cpu= 51 numa=0 mig=0 fallos=0 perf=full ratio_rm=0.0003
[OMPT] tid=1004917 ompt_id=61080069946212353 tipo=ompt_thread_worker     last_cpu= 28 numa=0 mig=0 fallos=0 perf=full ratio_rm=0.0003
[OMPT] tid=1004900 ompt_id=56294995342131201 tipo=ompt_thread_worker     last_cpu=129 numa=0 mig=1 fallos=0 perf=full ratio_rm=0.0731
[OMPT] tid=1004920 ompt_id=61924494876344321 tipo=ompt_thread_worker     last_cpu=  6 numa=0 mig=1 fallos=0 perf=full ratio_rm=0.0728
[OMPT] tid=1004809 ompt_id=30680772461461505 tipo=ompt_thread_worker     last_cpu=147 numa=0 mig=0 fallos=0 perf=full ratio_rm=0.0003
[OMPT] tid=1004859 ompt_id=44754521296994305 tipo=ompt_thread_worker     last_cpu=136 numa=0 mig=0 fallos=0 perf=full ratio_rm=0.0003
[OMPT] tid=1004831 ompt_id=36873221949095937 tipo=ompt_thread_worker     last_cpu=178 numa=0 mig=0 fallos=0 perf=full ratio_rm=0.0003
[OMPT] tid=1004737 ompt_id=10414574138294273 tipo=ompt_thread_worker     last_cpu=133 numa=0 mig=1 fallos=0 perf=full ratio_rm=0.0681
[OMPT] tid=1004757 ompt_id=16044073672507393 tipo=ompt_thread_worker     last_cpu=131 numa=0 mig=1 fallos=0 perf=full ratio_rm=0.0705
[OMPT] tid=1004888 ompt_id=52917295621603329 tipo=ompt_thread_worker     last_cpu=  2 numa=0 mig=1 fallos=0 perf=full ratio_rm=0.0691
[OMPT] tid=1004956 ompt_id=72057594037927937 tipo=ompt_thread_worker     last_cpu=157 numa=0 mig=1 fallos=0 perf=full ratio_rm=0.0597
[OMPT] tid=1004848 ompt_id=41658296553177089 tipo=ompt_thread_worker     last_cpu=  5 numa=0 mig=1 fallos=0 perf=full ratio_rm=0.0750
[OMPT] tid=1004928 ompt_id=64176294690029569 tipo=ompt_thread_worker     last_cpu=133 numa=0 mig=1 fallos=0 perf=full ratio_rm=0.0721
[OMPT] tid=1004931 ompt_id=65020719620161537 tipo=ompt_thread_worker     last_cpu=  2 numa=0 mig=1 fallos=0 perf=full ratio_rm=0.0075
[OMPT] tid=1004836 ompt_id=38280596832649217 tipo=ompt_thread_worker     last_cpu=  0 numa=0 mig=1 fallos=0 perf=full ratio_rm=0.0690
[OMPT] tid=1004942 ompt_id=68116944363978753 tipo=ompt_thread_worker     last_cpu=  2 numa=0 mig=1 fallos=0 perf=full ratio_rm=0.0633
[OMPT] tid=1004852 ompt_id=42784196460019713 tipo=ompt_thread_worker     last_cpu=  0 numa=0 mig=1 fallos=0 perf=full ratio_rm=0.0680
[OMPT] tid=1004812 ompt_id=31525197391593473 tipo=ompt_thread_worker     last_cpu=135 numa=0 mig=1 fallos=0 perf=full ratio_rm=0.0641
[OMPT] tid=1004829 ompt_id=36310271995674625 tipo=ompt_thread_worker     last_cpu= 50 numa=0 mig=0 fallos=0 perf=full ratio_rm=0.0003
[OMPT] tid=1004787 ompt_id=24488322973827073 tipo=ompt_thread_worker     last_cpu=180 numa=0 mig=0 fallos=0 perf=full ratio_rm=0.0002
[OMPT] tid=1004751 ompt_id=14355223812243457 tipo=ompt_thread_worker     last_cpu=183 numa=0 mig=0 fallos=0 perf=full ratio_rm=0.0003
[OMPT] tid=1004877 ompt_id=49821070877786113 tipo=ompt_thread_worker     last_cpu= 55 numa=0 mig=0 fallos=0 perf=full ratio_rm=0.0003
[OMPT] tid=1004853 ompt_id=43065671436730369 tipo=ompt_thread_worker     last_cpu=176 numa=0 mig=0 fallos=0 perf=full ratio_rm=0.0003
[OMPT] tid=1004921 ompt_id=62205969853054977 tipo=ompt_thread_worker     last_cpu= 52 numa=0 mig=0 fallos=0 perf=full ratio_rm=0.0003
[OMPT] tid=1004854 ompt_id=43347146413441025 tipo=ompt_thread_worker     last_cpu=132 numa=0 mig=1 fallos=0 perf=full ratio_rm=0.0660
[OMPT] tid=1004818 ompt_id=33214047251857409 tipo=ompt_thread_worker     last_cpu=132 numa=0 mig=1 fallos=0 perf=full ratio_rm=0.0702
[OMPT] tid=1004940 ompt_id=67553994410557441 tipo=ompt_thread_worker     last_cpu=  1 numa=0 mig=1 fallos=0 perf=full ratio_rm=0.0688
[OMPT] tid=1004910 ompt_id=59109745109237761 tipo=ompt_thread_worker     last_cpu=171 numa=0 mig=1 fallos=0 perf=full ratio_rm=0.0676
[OMPT] tid=1004820 ompt_id=33776997205278721 tipo=ompt_thread_worker     last_cpu=  7 numa=0 mig=1 fallos=0 perf=full ratio_rm=0.0711
[OMPT] tid=1004742 ompt_id=11821949021847553 tipo=ompt_thread_worker     last_cpu=131 numa=0 mig=1 fallos=0 perf=full ratio_rm=0.0742
[OMPT] tid=1004872 ompt_id=48413695994232833 tipo=ompt_thread_worker     last_cpu=128 numa=0 mig=1 fallos=0 perf=full ratio_rm=0.0707
[OMPT] tid=1004918 ompt_id=61361544922923009 tipo=ompt_thread_worker     last_cpu=  4 numa=0 mig=1 fallos=0 perf=full ratio_rm=0.0699
[OMPT] tid=1004796 ompt_id=27021597764222977 tipo=ompt_thread_worker     last_cpu=131 numa=0 mig=1 fallos=0 perf=full ratio_rm=0.0676
[OMPT] tid=1004895 ompt_id=54887620458577921 tipo=ompt_thread_worker     last_cpu= 54 numa=0 mig=0 fallos=0 perf=full ratio_rm=0.0002
[OMPT] tid=1004949 ompt_id=70087269200953345 tipo=ompt_thread_worker     last_cpu=133 numa=0 mig=1 fallos=0 perf=full ratio_rm=0.0694
[OMPT] tid=1004904 ompt_id=57420895248973825 tipo=ompt_thread_worker     last_cpu=  0 numa=0 mig=1 fallos=0 perf=full ratio_rm=0.0741
[OMPT] tid=1004890 ompt_id=53480245575024641 tipo=ompt_thread_worker     last_cpu= 57 numa=0 mig=1 fallos=0 perf=full ratio_rm=0.0685
[OMPT] tid=1004926 ompt_id=63613344736608257 tipo=ompt_thread_worker     last_cpu=135 numa=0 mig=1 fallos=0 perf=full ratio_rm=0.0622
[OMPT] tid=1004760 ompt_id=16888498602639361 tipo=ompt_thread_worker     last_cpu=131 numa=0 mig=1 fallos=0 perf=full ratio_rm=0.0702
[OMPT] tid=1004770 ompt_id=19703248369745921 tipo=ompt_thread_worker     last_cpu=135 numa=0 mig=1 fallos=0 perf=full ratio_rm=0.0582
[OMPT] tid=1004864 ompt_id=46161896180547585 tipo=ompt_thread_worker     last_cpu=130 numa=0 mig=1 fallos=0 perf=full ratio_rm=0.0735
[OMPT] tid=1004916 ompt_id=60798594969501697 tipo=ompt_thread_worker     last_cpu=  7 numa=0 mig=1 fallos=0 perf=full ratio_rm=0.0732
[OMPT] tid=1004947 ompt_id=69524319247532033 tipo=ompt_thread_worker     last_cpu=  1 numa=0 mig=1 fallos=0 perf=full ratio_rm=0.0080
[OMPT] tid=1004785 ompt_id=23925373020405761 tipo=ompt_thread_worker     last_cpu= 41 numa=0 mig=0 fallos=0 perf=full ratio_rm=0.0004
[OMPT] tid=1004879 ompt_id=50384020831207425 tipo=ompt_thread_worker     last_cpu=129 numa=0 mig=1 fallos=0 perf=full ratio_rm=0.0067
[OMPT] tid=1004913 ompt_id=59954170039369729 tipo=ompt_thread_worker     last_cpu=135 numa=0 mig=1 fallos=0 perf=full ratio_rm=0.0688
[OMPT] tid=1004849 ompt_id=41939771529887745 tipo=ompt_thread_worker     last_cpu=  1 numa=0 mig=1 fallos=0 perf=full ratio_rm=0.0068
[OMPT] tid=1004801 ompt_id=28428972647776257 tipo=ompt_thread_worker     last_cpu=  4 numa=0 mig=1 fallos=0 perf=full ratio_rm=0.0697
[OMPT] tid=1004817 ompt_id=32932572275146753 tipo=ompt_thread_worker     last_cpu=  3 numa=0 mig=1 fallos=0 perf=full ratio_rm=0.0070
[OMPT] tid=1004885 ompt_id=52072870691471361 tipo=ompt_thread_worker     last_cpu=  5 numa=0 mig=1 fallos=0 perf=full ratio_rm=0.0715
[OMPT] tid=1004902 ompt_id=56857945295552513 tipo=ompt_thread_worker     last_cpu=  4 numa=0 mig=1 fallos=0 perf=full ratio_rm=0.0700
[OMPT] tid=1004874 ompt_id=48976645947654145 tipo=ompt_thread_worker     last_cpu=  4 numa=0 mig=1 fallos=0 perf=full ratio_rm=0.0708
[OMPT] tid=1004884 ompt_id=51791395714760705 tipo=ompt_thread_worker     last_cpu=133 numa=0 mig=1 fallos=0 perf=full ratio_rm=0.0674
[OMPT] tid=1004844 ompt_id=40532396646334465 tipo=ompt_thread_worker     last_cpu=  5 numa=0 mig=1 fallos=0 perf=full ratio_rm=0.0674
[OMPT] tid=1004808 ompt_id=30399297484750849 tipo=ompt_thread_worker     last_cpu=130 numa=0 mig=1 fallos=0 perf=full ratio_rm=0.0161
[OMPT] tid=1004914 ompt_id=60235645016080385 tipo=ompt_thread_worker     last_cpu=  0 numa=0 mig=1 fallos=0 perf=full ratio_rm=0.0677
[OMPT] tid=1004856 ompt_id=43910096366862337 tipo=ompt_thread_worker     last_cpu=133 numa=0 mig=1 fallos=0 perf=full ratio_rm=0.0692
[OMPT] tid=1004846 ompt_id=41095346599755777 tipo=ompt_thread_worker     last_cpu=  0 numa=0 mig=1 fallos=0 perf=full ratio_rm=0.0654
[OMPT] tid=1004776 ompt_id=21392098230009857 tipo=ompt_thread_worker     last_cpu=  0 numa=0 mig=1 fallos=0 perf=full ratio_rm=0.0707
[OMPT] tid=1004898 ompt_id=55732045388709889 tipo=ompt_thread_worker     last_cpu=  5 numa=0 mig=1 fallos=0 perf=full ratio_rm=0.0735
[OMPT] tid=1004866 ompt_id=46724846133968897 tipo=ompt_thread_worker     last_cpu=185 numa=0 mig=1 fallos=0 perf=full ratio_rm=0.0707
[OMPT] tid=1004816 ompt_id=32651097298436097 tipo=ompt_thread_worker     last_cpu=  3 numa=0 mig=1 fallos=0 perf=full ratio_rm=0.0754
[OMPT] tid=1004752 ompt_id=14636698788954113 tipo=ompt_thread_worker     last_cpu= 56 numa=0 mig=1 fallos=0 perf=full ratio_rm=0.0739
[OMPT] tid=1004805 ompt_id=29554872554618881 tipo=ompt_thread_worker     last_cpu=179 numa=0 mig=0 fallos=0 perf=full ratio_rm=0.0004
[OMPT] tid=1004933 ompt_id=65583669573582849 tipo=ompt_thread_worker     last_cpu= 49 numa=0 mig=0 fallos=0 perf=full ratio_rm=0.0003
[OMPT] tid=1004763 ompt_id=17732923532771329 tipo=ompt_thread_worker     last_cpu=182 numa=0 mig=0 fallos=0 perf=full ratio_rm=0.0003
[OMPT] tid=1004792 ompt_id=25895697857380353 tipo=ompt_thread_worker     last_cpu=129 numa=0 mig=1 fallos=0 perf=full ratio_rm=0.0710
[OMPT] tid=1004779 ompt_id=22236523160141825 tipo=ompt_thread_worker     last_cpu=  6 numa=0 mig=1 fallos=0 perf=full ratio_rm=0.0674
[OMPT] tid=1004886 ompt_id=52354345668182017 tipo=ompt_thread_worker     last_cpu=144 numa=0 mig=1 fallos=0 perf=full ratio_rm=0.0708
[OMPT] tid=1004952 ompt_id=70931694131085313 tipo=ompt_thread_worker     last_cpu=  0 numa=0 mig=1 fallos=0 perf=full ratio_rm=0.0601
[OMPT] tid=1004828 ompt_id=36028797018963969 tipo=ompt_thread_worker     last_cpu=  3 numa=0 mig=1 fallos=0 perf=full ratio_rm=0.0694
[OMPT] tid=1004892 ompt_id=54043195528445953 tipo=ompt_thread_worker     last_cpu=128 numa=0 mig=1 fallos=0 perf=full ratio_rm=0.0687
[OMPT] tid=1004826 ompt_id=35465847065542657 tipo=ompt_thread_worker     last_cpu= 16 numa=0 mig=1 fallos=0 perf=full ratio_rm=0.0695
[OMPT] tid=1004790 ompt_id=25332747903959041 tipo=ompt_thread_worker     last_cpu=146 numa=0 mig=1 fallos=0 perf=full ratio_rm=0.0661
[OMPT] tid=1004764 ompt_id=18014398509481985 tipo=ompt_thread_worker     last_cpu=129 numa=0 mig=1 fallos=0 perf=full ratio_rm=0.0716
[OMPT] tid=1004804 ompt_id=29273397577908225 tipo=ompt_thread_worker     last_cpu=  4 numa=0 mig=1 fallos=0 perf=full ratio_rm=0.0721
[OMPT] tid=1004784 ompt_id=23643898043695105 tipo=ompt_thread_worker     last_cpu=  7 numa=0 mig=1 fallos=0 perf=full ratio_rm=0.0723
[OMPT] tid=1004946 ompt_id=69242844270821377 tipo=ompt_thread_worker     last_cpu=  0 numa=0 mig=1 fallos=0 perf=full ratio_rm=0.0688
[OMPT] tid=1004876 ompt_id=49539595901075457 tipo=ompt_thread_worker     last_cpu=  4 numa=0 mig=1 fallos=0 perf=full ratio_rm=0.0720
[OMPT] tid=1004768 ompt_id=19140298416324609 tipo=ompt_thread_worker     last_cpu=166 numa=0 mig=1 fallos=0 perf=full ratio_rm=0.0724
[OMPT] tid=1004862 ompt_id=45598946227126273 tipo=ompt_thread_worker     last_cpu=134 numa=0 mig=1 fallos=0 perf=full ratio_rm=0.0720
[OMPT] tid=1004746 ompt_id=12666373951979521 tipo=ompt_thread_worker     last_cpu=  7 numa=0 mig=1 fallos=0 perf=full ratio_rm=0.0658
[OMPT] tid=1004806 ompt_id=29836347531329537 tipo=ompt_thread_worker     last_cpu=131 numa=0 mig=1 fallos=0 perf=full ratio_rm=0.0674
[OMPT] tid=1004788 ompt_id=24769797950537729 tipo=ompt_thread_worker     last_cpu=  6 numa=0 mig=1 fallos=0 perf=full ratio_rm=0.0707
[OMPT] tid=1004830 ompt_id=36591746972385281 tipo=ompt_thread_worker     last_cpu=128 numa=0 mig=1 fallos=0 perf=full ratio_rm=0.0689
[OMPT] tid=1004824 ompt_id=34902897112121345 tipo=ompt_thread_worker     last_cpu=159 numa=0 mig=1 fallos=0 perf=full ratio_rm=0.0700
[OMPT] tid=1004772 ompt_id=20266198323167233 tipo=ompt_thread_worker     last_cpu=128 numa=0 mig=1 fallos=0 perf=full ratio_rm=0.0725
[OMPT] tid=1004794 ompt_id=26458647810801665 tipo=ompt_thread_worker     last_cpu=144 numa=0 mig=1 fallos=0 perf=full ratio_rm=0.0684
[OMPT] tid=1004930 ompt_id=64739244643450881 tipo=ompt_thread_worker     last_cpu=  5 numa=0 mig=1 fallos=0 perf=full ratio_rm=0.0709
[OMPT] tid=1004880 ompt_id=50665495807918081 tipo=ompt_thread_worker     last_cpu=  0 numa=0 mig=1 fallos=0 perf=full ratio_rm=0.0722
[OMPT] tid=1004911 ompt_id=59391220085948417 tipo=ompt_thread_worker     last_cpu=132 numa=0 mig=1 fallos=0 perf=full ratio_rm=0.0737
[OMPT] tid=1004810 ompt_id=30962247438172161 tipo=ompt_thread_worker     last_cpu=135 numa=0 mig=1 fallos=0 perf=full ratio_rm=0.0680
[OMPT] tid=1004774 ompt_id=20829148276588545 tipo=ompt_thread_worker     last_cpu=  1 numa=0 mig=1 fallos=0 perf=full ratio_rm=0.0701
[OMPT] tid=1004850 ompt_id=42221246506598401 tipo=ompt_thread_worker     last_cpu=128 numa=0 mig=1 fallos=0 perf=full ratio_rm=0.0718
[OMPT] ===== Overhead intrínseco =====
  monitor: 47 ticks, 90950.1 us total (max 14784.4 us/tick)
  callbacks implicit_task: 41985, 45681350.7 us total
  migraciones: 168 (2230682.5 us total)
  resyncs=1695  lecturas escaladas por multiplexado=19712
  hilos con perf fallido=0  parcial=0
  ventanas con fills=6838
