[OMPT] ompt_initialize (OPCIÓN C: integrador con fugas)  verbose=0  migracion=activa
[HWLOC] Nodos NUMA detectados: 2 (usados: 2)
[HWLOC] Nodo 0: 128 CPUs
[HWLOC] Nodo 1: 128 CPUs
[OMPT] callback 'ompt_callback_thread_begin' registrado (result=5)
[OMPT] callback 'ompt_callback_thread_end' registrado (result=5)
[OMPT] callback 'ompt_callback_parallel_begin' registrado (result=5)
[OMPT] callback 'ompt_callback_parallel_end' registrado (result=5)
[OMPT] callback 'ompt_callback_implicit_task' registrado (result=5)
[OMPT] callback 'ompt_callback_control_tool' registrado (result=5)
[OMPT] Callbacks registrados
[OMPT] Sistema: 0 procesadores lógicos
[OMPT][MON] Monitor (C: integrador con fugas)  período=100ms  warmup=5  referencia=MIN  T=min+max(0.050, 3.00*MAD_bajo)  leak=0.50*margen  cap=8.00*margen  max_mig=1  migracion=activa
[perf_region] tool OMPT detectado: los contadores los lleva el tool, no se abren aqui
[OMPT] control_tool: INICIANDO medicion
[OMPT] control_tool: PAUSANDO medicion
[OMPT] ompt_finalize
[OMPT][MON] Monitor detenido tras 7 ventanas
[OMPT] CSV de ventanas: 48 filas volcadas (0 descartadas)
[OMPT] ===== Tabla final: 16 hilos =====
[OMPT] tid=986720 ompt_id=281474976710657 tipo=ompt_thread_initial    last_cpu=255 numa=1 mig=0 fallos=0 perf=full ratio_rm=0.0000
[OMPT] tid=986722 ompt_id=562949953421313 tipo=ompt_thread_worker     last_cpu= 80 numa=1 mig=0 fallos=0 perf=full ratio_rm=0.0000
[OMPT] tid=986723 ompt_id=844424930131969 tipo=ompt_thread_worker     last_cpu=104 numa=1 mig=0 fallos=0 perf=full ratio_rm=0.0000
[OMPT] tid=986724 ompt_id=1125899906842625 tipo=ompt_thread_worker     last_cpu= 32 numa=0 mig=0 fallos=0 perf=full ratio_rm=0.0407
[OMPT] tid=986725 ompt_id=1407374883553281 tipo=ompt_thread_worker     last_cpu= 72 numa=1 mig=0 fallos=0 perf=full ratio_rm=0.0000
[OMPT] tid=986727 ompt_id=1688849860263937 tipo=ompt_thread_worker     last_cpu=113 numa=1 mig=0 fallos=0 perf=full ratio_rm=0.0000
[OMPT] tid=986726 ompt_id=1970324836974593 tipo=ompt_thread_worker     last_cpu=231 numa=1 mig=0 fallos=0 perf=full ratio_rm=0.0000
[OMPT] tid=986728 ompt_id=2251799813685249 tipo=ompt_thread_worker     last_cpu= 95 numa=1 mig=0 fallos=0 perf=full ratio_rm=0.0000
[OMPT] tid=986729 ompt_id=2533274790395905 tipo=ompt_thread_worker     last_cpu=  8 numa=0 mig=0 fallos=0 perf=full ratio_rm=0.0639
[OMPT] tid=986730 ompt_id=2814749767106561 tipo=ompt_thread_worker     last_cpu=199 numa=1 mig=0 fallos=0 perf=full ratio_rm=0.0000
[OMPT] tid=986731 ompt_id=3096224743817217 tipo=ompt_thread_worker     last_cpu=207 numa=1 mig=0 fallos=0 perf=full ratio_rm=0.0000
[OMPT] tid=986732 ompt_id=3377699720527873 tipo=ompt_thread_worker     last_cpu=  2 numa=0 mig=0 fallos=0 perf=full ratio_rm=0.0506
[OMPT] tid=986733 ompt_id=3659174697238529 tipo=ompt_thread_worker     last_cpu= 40 numa=0 mig=0 fallos=0 perf=full ratio_rm=0.0646
[OMPT] tid=986734 ompt_id=3940649673949185 tipo=ompt_thread_worker     last_cpu=215 numa=1 mig=0 fallos=0 perf=full ratio_rm=0.0000
[OMPT] tid=986735 ompt_id=4222124650659841 tipo=ompt_thread_worker     last_cpu=239 numa=1 mig=0 fallos=0 perf=full ratio_rm=0.0000
[OMPT] tid=986736 ompt_id=4503599627370497 tipo=ompt_thread_worker     last_cpu=247 numa=1 mig=0 fallos=0 perf=full ratio_rm=0.0000
[OMPT] ===== Overhead intrínseco =====
  monitor: 7 ticks, 332.6 us total (max 158.2 us/tick)
  callbacks implicit_task: 2625, 94417.9 us total
  migraciones: 0 (0.0 us total)
  resyncs=0  lecturas escaladas por multiplexado=240
  hilos con perf fallido=0  parcial=0
  ventanas con fills=48
