[OMPT] ompt_initialize (OPCIÓN C: integrador con fugas)  verbose=0  migracion=activa
[HWLOC] Nodos NUMA detectados: 2 (usados: 2)
[HWLOC] Nodo 0: 128 CPUs
[HWLOC] Nodo 1: 128 CPUs
[OMPT] callback 'ompt_callback_thread_begin' registrado (result=5)
[OMPT] callback 'ompt_callback_thread_end' registrado (result=5)
[OMPT] callback 'ompt_callback_parallel_begin' registrado (result=5)
[OMPT] callback 'ompt_callback_parallel_end' registrado (result=5)
[OMPT] callback 'ompt_callback_implicit_task' registrado (result=5)
[OMPT] callback 'ompt_callback_control_tool' registrado (result=5)
[OMPT] Callbacks registrados
[OMPT] Sistema: 0 procesadores lógicos
[OMPT][MON] Monitor (C: integrador con fugas)  período=100ms  warmup=5  referencia=MIN  T=min+max(0.050, 3.00*MAD_bajo)  leak=0.50*margen  cap=8.00*margen  max_mig=1  migracion=activa
[perf_region] tool OMPT detectado: los contadores los lleva el tool, no se abren aqui
[OMPT] control_tool: INICIANDO medicion
[OMPT] control_tool: PAUSANDO medicion
[OMPT] ompt_finalize
[OMPT][MON] Monitor detenido tras 24 ventanas
[OMPT] CSV de ventanas: 1325 filas volcadas (0 descartadas)
[OMPT] ===== Tabla final: 128 hilos =====
[OMPT] tid=1000488 ompt_id=281474976710657 tipo=ompt_thread_initial    last_cpu=255 numa=1 mig=0 fallos=0 perf=full ratio_rm=0.0000
[OMPT] tid=1000490 ompt_id=562949953421313 tipo=ompt_thread_worker     last_cpu=212 numa=1 mig=0 fallos=0 perf=full ratio_rm=0.0000
[OMPT] tid=1000491 ompt_id=844424930131969 tipo=ompt_thread_worker     last_cpu= 97 numa=1 mig=0 fallos=0 perf=full ratio_rm=0.0000
[OMPT] tid=1000492 ompt_id=1125899906842625 tipo=ompt_thread_worker     last_cpu= 89 numa=1 mig=0 fallos=0 perf=full ratio_rm=0.0000
[OMPT] tid=1000493 ompt_id=1407374883553281 tipo=ompt_thread_worker     last_cpu= 82 numa=1 mig=0 fallos=0 perf=full ratio_rm=0.0000
[OMPT] tid=1000494 ompt_id=1688849860263937 tipo=ompt_thread_worker     last_cpu=  9 numa=0 mig=0 fallos=0 perf=full ratio_rm=0.0361
[OMPT] tid=1000495 ompt_id=1970324836974593 tipo=ompt_thread_worker     last_cpu=235 numa=1 mig=0 fallos=0 perf=full ratio_rm=0.0000
[OMPT] tid=1000496 ompt_id=2251799813685249 tipo=ompt_thread_worker     last_cpu= 91 numa=1 mig=1 fallos=0 perf=full ratio_rm=0.0661
[OMPT] tid=1000497 ompt_id=2533274790395905 tipo=ompt_thread_worker     last_cpu= 67 numa=1 mig=1 fallos=0 perf=full ratio_rm=0.0610
[OMPT] tid=1000498 ompt_id=2814749767106561 tipo=ompt_thread_worker     last_cpu= 80 numa=1 mig=0 fallos=0 perf=full ratio_rm=0.0000
[OMPT] tid=1000499 ompt_id=3096224743817217 tipo=ompt_thread_worker     last_cpu= 74 numa=1 mig=1 fallos=0 perf=full ratio_rm=0.0731
[OMPT] tid=1000500 ompt_id=3377699720527873 tipo=ompt_thread_worker     last_cpu= 73 numa=1 mig=0 fallos=0 perf=full ratio_rm=0.0000
[OMPT] tid=1000501 ompt_id=3659174697238529 tipo=ompt_thread_worker     last_cpu=  7 numa=0 mig=0 fallos=0 perf=full ratio_rm=0.0464
[OMPT] tid=1000502 ompt_id=3940649673949185 tipo=ompt_thread_worker     last_cpu=215 numa=1 mig=0 fallos=0 perf=full ratio_rm=0.0000
[OMPT] tid=1000503 ompt_id=4222124650659841 tipo=ompt_thread_worker     last_cpu= 65 numa=1 mig=1 fallos=0 perf=full ratio_rm=0.0710
[OMPT] tid=1000504 ompt_id=4503599627370497 tipo=ompt_thread_worker     last_cpu=202 numa=1 mig=1 fallos=0 perf=full ratio_rm=0.0712
[OMPT] tid=1000505 ompt_id=4785074604081153 tipo=ompt_thread_worker     last_cpu=228 numa=1 mig=0 fallos=0 perf=full ratio_rm=0.0000
[OMPT] tid=1000506 ompt_id=5066549580791809 tipo=ompt_thread_worker     last_cpu=236 numa=1 mig=0 fallos=0 perf=full ratio_rm=0.0000
[OMPT] tid=1000507 ompt_id=5348024557502465 tipo=ompt_thread_worker     last_cpu=209 numa=1 mig=0 fallos=0 perf=full ratio_rm=0.0000
[OMPT] tid=1000508 ompt_id=5629499534213121 tipo=ompt_thread_worker     last_cpu=104 numa=1 mig=0 fallos=0 perf=full ratio_rm=0.0000
[OMPT] tid=1000509 ompt_id=5910974510923777 tipo=ompt_thread_worker     last_cpu=204 numa=1 mig=1 fallos=0 perf=full ratio_rm=0.0720
[OMPT] tid=1000510 ompt_id=6192449487634433 tipo=ompt_thread_worker     last_cpu= 72 numa=1 mig=0 fallos=0 perf=full ratio_rm=0.0000
[OMPT] tid=1000511 ompt_id=6473924464345089 tipo=ompt_thread_worker     last_cpu=201 numa=1 mig=1 fallos=0 perf=full ratio_rm=0.0701
[OMPT] tid=1000512 ompt_id=6755399441055745 tipo=ompt_thread_worker     last_cpu= 71 numa=1 mig=1 fallos=0 perf=full ratio_rm=0.0674
[OMPT] tid=1000513 ompt_id=7036874417766401 tipo=ompt_thread_worker     last_cpu=254 numa=1 mig=0 fallos=0 perf=full ratio_rm=0.0000
[OMPT] tid=1000514 ompt_id=7318349394477057 tipo=ompt_thread_worker     last_cpu=193 numa=1 mig=1 fallos=0 perf=full ratio_rm=0.0354
[OMPT] tid=1000515 ompt_id=7599824371187713 tipo=ompt_thread_worker     last_cpu= 88 numa=1 mig=0 fallos=0 perf=full ratio_rm=0.0000
[OMPT] tid=1000516 ompt_id=7881299347898369 tipo=ompt_thread_worker     last_cpu=112 numa=1 mig=0 fallos=0 perf=full ratio_rm=0.0000
[OMPT] tid=1000517 ompt_id=8162774324609025 tipo=ompt_thread_worker     last_cpu=211 numa=1 mig=0 fallos=0 perf=full ratio_rm=0.0000
[OMPT] tid=1000518 ompt_id=8444249301319681 tipo=ompt_thread_worker     last_cpu= 56 numa=0 mig=0 fallos=0 perf=full ratio_rm=0.0486
[OMPT] tid=1000519 ompt_id=8725724278030337 tipo=ompt_thread_worker     last_cpu= 79 numa=1 mig=1 fallos=0 perf=full ratio_rm=0.0685
[OMPT] tid=1000520 ompt_id=9007199254740993 tipo=ompt_thread_worker     last_cpu=127 numa=1 mig=0 fallos=0 perf=full ratio_rm=0.0000
[OMPT] tid=1000521 ompt_id=9288674231451649 tipo=ompt_thread_worker     last_cpu= 93 numa=1 mig=1 fallos=0 perf=full ratio_rm=0.0672
[OMPT] tid=1000522 ompt_id=9570149208162305 tipo=ompt_thread_worker     last_cpu=114 numa=1 mig=0 fallos=0 perf=full ratio_rm=0.0000
[OMPT] tid=1000523 ompt_id=9851624184872961 tipo=ompt_thread_worker     last_cpu=253 numa=1 mig=0 fallos=0 perf=full ratio_rm=0.0000
[OMPT] tid=1000524 ompt_id=10133099161583617 tipo=ompt_thread_worker     last_cpu=116 numa=1 mig=1 fallos=0 perf=full ratio_rm=0.0674
[OMPT] tid=1000527 ompt_id=10977524091715585 tipo=ompt_thread_worker     last_cpu=113 numa=1 mig=0 fallos=0 perf=full ratio_rm=0.0000
[OMPT] tid=1000541 ompt_id=14918173765664769 tipo=ompt_thread_worker     last_cpu=240 numa=1 mig=1 fallos=0 perf=full ratio_rm=0.0703
[OMPT] tid=1000607 ompt_id=33495522228568065 tipo=ompt_thread_worker     last_cpu= 78 numa=1 mig=1 fallos=0 perf=full ratio_rm=0.0717
[OMPT] tid=1000592 ompt_id=29273397577908225 tipo=ompt_thread_worker     last_cpu=193 numa=1 mig=1 fallos=0 perf=full ratio_rm=0.0445
[OMPT] tid=1000582 ompt_id=26458647810801665 tipo=ompt_thread_worker     last_cpu=238 numa=1 mig=0 fallos=0 perf=full ratio_rm=0.0000
[OMPT] tid=1000580 ompt_id=25895697857380353 tipo=ompt_thread_worker     last_cpu=232 numa=1 mig=1 fallos=0 perf=full ratio_rm=0.0688
[OMPT] tid=1000530 ompt_id=11540474045136897 tipo=ompt_thread_worker     last_cpu= 86 numa=1 mig=1 fallos=0 perf=full ratio_rm=0.0719
[OMPT] tid=1000552 ompt_id=18014398509481985 tipo=ompt_thread_worker     last_cpu=206 numa=1 mig=1 fallos=0 perf=full ratio_rm=0.0687
[OMPT] tid=1000570 ompt_id=23080948090273793 tipo=ompt_thread_worker     last_cpu=200 numa=1 mig=1 fallos=0 perf=full ratio_rm=0.0712
[OMPT] tid=1000588 ompt_id=28147497671065601 tipo=ompt_thread_worker     last_cpu=251 numa=1 mig=0 fallos=0 perf=full ratio_rm=0.0000
[OMPT] tid=1000543 ompt_id=15481123719086081 tipo=ompt_thread_worker     last_cpu=217 numa=1 mig=1 fallos=0 perf=full ratio_rm=0.0670
[OMPT] tid=1000593 ompt_id=29554872554618881 tipo=ompt_thread_worker     last_cpu=118 numa=1 mig=1 fallos=0 perf=full ratio_rm=0.0726
[OMPT] tid=1000583 ompt_id=26740122787512321 tipo=ompt_thread_worker     last_cpu=111 numa=1 mig=1 fallos=0 perf=full ratio_rm=0.0697
[OMPT] tid=1000571 ompt_id=23362423066984449 tipo=ompt_thread_worker     last_cpu= 69 numa=1 mig=1 fallos=0 perf=full ratio_rm=0.0680
[OMPT] tid=1000531 ompt_id=12384898975268865 tipo=ompt_thread_worker     last_cpu= 85 numa=1 mig=1 fallos=0 perf=full ratio_rm=0.0694
[OMPT] tid=1000569 ompt_id=22799473113563137 tipo=ompt_thread_worker     last_cpu= 90 numa=1 mig=1 fallos=0 perf=full ratio_rm=0.0703
[OMPT] tid=1000574 ompt_id=24206847997116417 tipo=ompt_thread_worker     last_cpu= 96 numa=1 mig=0 fallos=0 perf=full ratio_rm=0.0000
[OMPT] tid=1000614 ompt_id=35465847065542657 tipo=ompt_thread_worker     last_cpu=107 numa=1 mig=1 fallos=0 perf=full ratio_rm=0.0716
[OMPT] tid=1000594 ompt_id=29836347531329537 tipo=ompt_thread_worker     last_cpu= 77 numa=1 mig=1 fallos=0 perf=full ratio_rm=0.0714
[OMPT] tid=1000586 ompt_id=27584547717644289 tipo=ompt_thread_worker     last_cpu=213 numa=1 mig=0 fallos=0 perf=full ratio_rm=0.0000
[OMPT] tid=1000542 ompt_id=15199648742375425 tipo=ompt_thread_worker     last_cpu=  6 numa=0 mig=0 fallos=0 perf=full ratio_rm=0.0445
[OMPT] tid=1000577 ompt_id=25051272927248385 tipo=ompt_thread_worker     last_cpu=199 numa=1 mig=1 fallos=0 perf=full ratio_rm=0.0685
[OMPT] tid=1000595 ompt_id=30117822508040193 tipo=ompt_thread_worker     last_cpu=207 numa=1 mig=1 fallos=0 perf=full ratio_rm=0.0672
[OMPT] tid=1000553 ompt_id=18295873486192641 tipo=ompt_thread_worker     last_cpu=120 numa=1 mig=1 fallos=0 perf=full ratio_rm=0.0711
[OMPT] tid=1000565 ompt_id=21673573206720513 tipo=ompt_thread_worker     last_cpu= 66 numa=1 mig=1 fallos=0 perf=full ratio_rm=0.0686
[OMPT] tid=1000533 ompt_id=12947848928690177 tipo=ompt_thread_worker     last_cpu= 94 numa=1 mig=1 fallos=0 perf=full ratio_rm=0.0741
[OMPT] tid=1000616 ompt_id=36028797018963969 tipo=ompt_thread_worker     last_cpu=234 numa=1 mig=0 fallos=0 perf=full ratio_rm=0.0000
[OMPT] tid=1000550 ompt_id=17451448556060673 tipo=ompt_thread_worker     last_cpu=105 numa=1 mig=0 fallos=0 perf=full ratio_rm=0.0000
[OMPT] tid=1000526 ompt_id=10696049115004929 tipo=ompt_thread_worker     last_cpu=239 numa=1 mig=0 fallos=0 perf=full ratio_rm=0.0000
[OMPT] tid=1000615 ompt_id=35747322042253313 tipo=ompt_thread_worker     last_cpu=102 numa=1 mig=1 fallos=0 perf=full ratio_rm=0.0727
[OMPT] tid=1000599 ompt_id=31243722414882817 tipo=ompt_thread_worker     last_cpu=233 numa=1 mig=1 fallos=0 perf=full ratio_rm=0.0678
[OMPT] tid=1000525 ompt_id=10414574138294273 tipo=ompt_thread_worker     last_cpu=247 numa=1 mig=0 fallos=0 perf=full ratio_rm=0.0000
[OMPT] tid=1000558 ompt_id=19703248369745921 tipo=ompt_thread_worker     last_cpu= 32 numa=0 mig=0 fallos=0 perf=full ratio_rm=0.0515
[OMPT] tid=1000608 ompt_id=33776997205278721 tipo=ompt_thread_worker     last_cpu=129 numa=0 mig=0 fallos=0 perf=full ratio_rm=0.0456
[OMPT] tid=1000528 ompt_id=11258999068426241 tipo=ompt_thread_worker     last_cpu= 16 numa=0 mig=0 fallos=0 perf=full ratio_rm=0.0434
[OMPT] tid=1000598 ompt_id=30962247438172161 tipo=ompt_thread_worker     last_cpu= 48 numa=0 mig=0 fallos=0 perf=full ratio_rm=0.0497
[OMPT] tid=1000529 ompt_id=11821949021847553 tipo=ompt_thread_worker     last_cpu=205 numa=1 mig=1 fallos=0 perf=full ratio_rm=0.0703
[OMPT] tid=1000581 ompt_id=26177172834091009 tipo=ompt_thread_worker     last_cpu= 76 numa=1 mig=1 fallos=0 perf=full ratio_rm=0.0687
[OMPT] tid=1000556 ompt_id=19140298416324609 tipo=ompt_thread_worker     last_cpu=108 numa=1 mig=1 fallos=0 perf=full ratio_rm=0.0666
[OMPT] tid=1000557 ompt_id=19421773393035265 tipo=ompt_thread_worker     last_cpu=194 numa=1 mig=1 fallos=0 perf=full ratio_rm=0.0699
[OMPT] tid=1000573 ompt_id=23925373020405761 tipo=ompt_thread_worker     last_cpu= 75 numa=1 mig=1 fallos=0 perf=full ratio_rm=0.0732
[OMPT] tid=1000609 ompt_id=34058472181989377 tipo=ompt_thread_worker     last_cpu= 87 numa=1 mig=1 fallos=0 perf=full ratio_rm=0.0670
[OMPT] tid=1000584 ompt_id=27021597764222977 tipo=ompt_thread_worker     last_cpu=244 numa=1 mig=0 fallos=0 perf=full ratio_rm=0.0000
[OMPT] tid=1000566 ompt_id=21955048183431169 tipo=ompt_thread_worker     last_cpu=237 numa=1 mig=0 fallos=0 perf=full ratio_rm=0.0000
[OMPT] tid=1000546 ompt_id=16325548649218049 tipo=ompt_thread_worker     last_cpu= 24 numa=0 mig=0 fallos=0 perf=full ratio_rm=0.0495
[OMPT] tid=1000596 ompt_id=30399297484750849 tipo=ompt_thread_worker     last_cpu=195 numa=1 mig=0 fallos=0 perf=full ratio_rm=0.0000
[OMPT] tid=1000576 ompt_id=24769797950537729 tipo=ompt_thread_worker     last_cpu=196 numa=1 mig=0 fallos=0 perf=full ratio_rm=0.0000
[OMPT] tid=1000540 ompt_id=14355223812243457 tipo=ompt_thread_worker     last_cpu=248 numa=1 mig=0 fallos=0 perf=full ratio_rm=0.0000
[OMPT] tid=1000610 ompt_id=34339947158700033 tipo=ompt_thread_worker     last_cpu=218 numa=1 mig=0 fallos=0 perf=full ratio_rm=0.0000
[OMPT] tid=1000613 ompt_id=35184372088832001 tipo=ompt_thread_worker     last_cpu=100 numa=1 mig=1 fallos=0 perf=full ratio_rm=0.0595
[OMPT] tid=1000547 ompt_id=16607023625928705 tipo=ompt_thread_worker     last_cpu=203 numa=1 mig=1 fallos=0 perf=full ratio_rm=0.0685
[OMPT] tid=1000601 ompt_id=31806672368304129 tipo=ompt_thread_worker     last_cpu=119 numa=1 mig=1 fallos=0 perf=full ratio_rm=0.0698
[OMPT] tid=1000585 ompt_id=27303072740933633 tipo=ompt_thread_worker     last_cpu=241 numa=1 mig=1 fallos=0 perf=full ratio_rm=0.0696
[OMPT] tid=1000539 ompt_id=14636698788954113 tipo=ompt_thread_worker     last_cpu=101 numa=1 mig=1 fallos=0 perf=full ratio_rm=0.0671
[OMPT] tid=1000561 ompt_id=20547673299877889 tipo=ompt_thread_worker     last_cpu=210 numa=1 mig=1 fallos=0 perf=full ratio_rm=0.0681
[OMPT] tid=1000589 ompt_id=28428972647776257 tipo=ompt_thread_worker     last_cpu=115 numa=1 mig=1 fallos=0 perf=full ratio_rm=0.0599
[OMPT] tid=1000611 ompt_id=34621422135410689 tipo=ompt_thread_worker     last_cpu= 81 numa=1 mig=1 fallos=0 perf=full ratio_rm=0.0708
[OMPT] tid=1000605 ompt_id=32932572275146753 tipo=ompt_thread_worker     last_cpu=117 numa=1 mig=1 fallos=0 perf=full ratio_rm=0.0713
[OMPT] tid=1000549 ompt_id=17169973579350017 tipo=ompt_thread_worker     last_cpu=208 numa=1 mig=1 fallos=0 perf=full ratio_rm=0.0678
[OMPT] tid=1000575 ompt_id=24488322973827073 tipo=ompt_thread_worker     last_cpu=197 numa=1 mig=1 fallos=0 perf=full ratio_rm=0.0716
[OMPT] tid=1000591 ompt_id=28991922601197569 tipo=ompt_thread_worker     last_cpu=224 numa=1 mig=1 fallos=0 perf=full ratio_rm=0.0702
[OMPT] tid=1000538 ompt_id=14073748835532801 tipo=ompt_thread_worker     last_cpu= 99 numa=1 mig=1 fallos=0 perf=full ratio_rm=0.0690
[OMPT] tid=1000563 ompt_id=21110623253299201 tipo=ompt_thread_worker     last_cpu= 98 numa=1 mig=1 fallos=0 perf=full ratio_rm=0.0660
[OMPT] tid=1000597 ompt_id=30680772461461505 tipo=ompt_thread_worker     last_cpu=214 numa=1 mig=1 fallos=0 perf=full ratio_rm=0.0670
[OMPT] tid=1000579 ompt_id=25614222880669697 tipo=ompt_thread_worker     last_cpu=192 numa=1 mig=1 fallos=0 perf=full ratio_rm=0.0670
[OMPT] tid=1000567 ompt_id=22236523160141825 tipo=ompt_thread_worker     last_cpu= 70 numa=1 mig=1 fallos=0 perf=full ratio_rm=0.0689
[OMPT] tid=1000551 ompt_id=17732923532771329 tipo=ompt_thread_worker     last_cpu=106 numa=1 mig=1 fallos=0 perf=full ratio_rm=0.0646
[OMPT] tid=1000537 ompt_id=13792273858822145 tipo=ompt_thread_worker     last_cpu=198 numa=1 mig=1 fallos=0 perf=full ratio_rm=0.0688
[OMPT] tid=1000532 ompt_id=12103423998558209 tipo=ompt_thread_worker     last_cpu= 64 numa=1 mig=1 fallos=0 perf=full ratio_rm=0.0477
[OMPT] tid=1000568 ompt_id=22517998136852481 tipo=ompt_thread_worker     last_cpu=245 numa=1 mig=0 fallos=0 perf=full ratio_rm=0.0000
[OMPT] tid=1000590 ompt_id=28710447624486913 tipo=ompt_thread_worker     last_cpu=243 numa=1 mig=0 fallos=0 perf=full ratio_rm=0.0000
[OMPT] tid=1000612 ompt_id=34902897112121345 tipo=ompt_thread_worker     last_cpu=242 numa=1 mig=0 fallos=0 perf=full ratio_rm=0.0000
[OMPT] tid=1000602 ompt_id=32088147345014785 tipo=ompt_thread_worker     last_cpu=227 numa=1 mig=0 fallos=0 perf=full ratio_rm=0.0000
[OMPT] tid=1000536 ompt_id=13229323905400833 tipo=ompt_thread_worker     last_cpu=231 numa=1 mig=0 fallos=0 perf=full ratio_rm=0.0000
[OMPT] tid=1000534 ompt_id=12666373951979521 tipo=ompt_thread_worker     last_cpu=223 numa=1 mig=0 fallos=0 perf=full ratio_rm=0.0000
[OMPT] tid=1000578 ompt_id=25332747903959041 tipo=ompt_thread_worker     last_cpu=220 numa=1 mig=0 fallos=0 perf=full ratio_rm=0.0000
[OMPT] tid=1000554 ompt_id=18577348462903297 tipo=ompt_thread_worker     last_cpu=222 numa=1 mig=0 fallos=0 perf=full ratio_rm=0.0000
[OMPT] tid=1000600 ompt_id=31525197391593473 tipo=ompt_thread_worker     last_cpu=219 numa=1 mig=0 fallos=0 perf=full ratio_rm=0.0000
[OMPT] tid=1000555 ompt_id=18858823439613953 tipo=ompt_thread_worker     last_cpu=249 numa=1 mig=0 fallos=0 perf=full ratio_rm=0.0000
[OMPT] tid=1000572 ompt_id=23643898043695105 tipo=ompt_thread_worker     last_cpu=250 numa=1 mig=0 fallos=0 perf=full ratio_rm=0.0000
[OMPT] tid=1000544 ompt_id=15762598695796737 tipo=ompt_thread_worker     last_cpu= 83 numa=1 mig=1 fallos=0 perf=full ratio_rm=0.0685
[OMPT] tid=1000535 ompt_id=13510798882111489 tipo=ompt_thread_worker     last_cpu=225 numa=1 mig=1 fallos=0 perf=full ratio_rm=0.0670
[OMPT] tid=1000587 ompt_id=27866022694354945 tipo=ompt_thread_worker     last_cpu=103 numa=1 mig=1 fallos=0 perf=full ratio_rm=0.0718
[OMPT] tid=1000603 ompt_id=32369622321725441 tipo=ompt_thread_worker     last_cpu= 68 numa=1 mig=1 fallos=0 perf=full ratio_rm=0.0605
[OMPT] tid=1000559 ompt_id=19984723346456577 tipo=ompt_thread_worker     last_cpu= 84 numa=1 mig=1 fallos=0 perf=full ratio_rm=0.0681
[OMPT] tid=1000560 ompt_id=20266198323167233 tipo=ompt_thread_worker     last_cpu=229 numa=1 mig=0 fallos=0 perf=full ratio_rm=0.0000
[OMPT] tid=1000564 ompt_id=21392098230009857 tipo=ompt_thread_worker     last_cpu=221 numa=1 mig=0 fallos=0 perf=full ratio_rm=0.0000
[OMPT] tid=1000545 ompt_id=16044073672507393 tipo=ompt_thread_worker     last_cpu=230 numa=1 mig=0 fallos=0 perf=full ratio_rm=0.0000
[OMPT] tid=1000604 ompt_id=32651097298436097 tipo=ompt_thread_worker     last_cpu=252 numa=1 mig=0 fallos=0 perf=full ratio_rm=0.0000
[OMPT] tid=1000562 ompt_id=20829148276588545 tipo=ompt_thread_worker     last_cpu=128 numa=0 mig=0 fallos=0 perf=full ratio_rm=0.0476
[OMPT] tid=1000548 ompt_id=16888498602639361 tipo=ompt_thread_worker     last_cpu=246 numa=1 mig=0 fallos=0 perf=full ratio_rm=0.0000
[OMPT] tid=1000606 ompt_id=33214047251857409 tipo=ompt_thread_worker     last_cpu=226 numa=1 mig=0 fallos=0 perf=full ratio_rm=0.0000
[OMPT] ===== Overhead intrínseco =====
  monitor: 24 ticks, 36725.6 us total (max 6860.8 us/tick)
  callbacks implicit_task: 20993, 16194182.2 us total
  migraciones: 65 (1152949.4 us total)
  resyncs=148  lecturas escaladas por multiplexado=4224
  hilos con perf fallido=0  parcial=0
  ventanas con fills=1325
