[OMPT] ompt_initialize (OPCIÓN C: integrador con fugas)  verbose=0  migracion=DESACTIVADA
[HWLOC] Nodos NUMA detectados: 2 (usados: 2)
[HWLOC] Nodo 0: 128 CPUs
[HWLOC] Nodo 1: 128 CPUs
[OMPT] callback 'ompt_callback_thread_begin' registrado (result=5)
[OMPT] callback 'ompt_callback_thread_end' registrado (result=5)
[OMPT] callback 'ompt_callback_parallel_begin' registrado (result=5)
[OMPT] callback 'ompt_callback_parallel_end' registrado (result=5)
[OMPT] callback 'ompt_callback_implicit_task' registrado (result=5)
[OMPT] callback 'ompt_callback_control_tool' registrado (result=5)
[OMPT] Callbacks registrados
[OMPT] Sistema: 0 procesadores lógicos
[OMPT][MON] Monitor (C: integrador con fugas)  período=100ms  warmup=5  referencia=MIN  T=min+max(0.050, 3.00*MAD_bajo)  leak=0.50*margen  cap=8.00*margen  max_mig=1  migracion=DESACTIVADA
[perf_region] tool OMPT detectado: los contadores los lleva el tool, no se abren aqui
[OMPT] control_tool: INICIANDO medicion
[OMPT] control_tool: PAUSANDO medicion
[OMPT] ompt_finalize
[OMPT][MON] Monitor detenido tras 1 ventanas
[OMPT] CSV de ventanas: 0 filas volcadas (0 descartadas)
[OMPT] ===== Tabla final: 64 hilos =====
[OMPT] tid=969475 ompt_id=281474976710657 tipo=ompt_thread_initial    last_cpu=255 numa=1 mig=0 fallos=0 perf=full ratio_rm=0.0011
[OMPT] tid=969477 ompt_id=562949953421313 tipo=ompt_thread_worker     last_cpu=207 numa=1 mig=0 fallos=0 perf=full ratio_rm=0.0019
[OMPT] tid=969478 ompt_id=844424930131969 tipo=ompt_thread_worker     last_cpu=215 numa=1 mig=0 fallos=0 perf=full ratio_rm=0.0031
[OMPT] tid=969479 ompt_id=1125899906842625 tipo=ompt_thread_worker     last_cpu=120 numa=1 mig=0 fallos=0 perf=full ratio_rm=0.0013
[OMPT] tid=969480 ompt_id=1407374883553281 tipo=ompt_thread_worker     last_cpu=125 numa=1 mig=0 fallos=0 perf=full ratio_rm=0.0006
[OMPT] tid=969483 ompt_id=2251799813685249 tipo=ompt_thread_worker     last_cpu=252 numa=1 mig=0 fallos=0 perf=full ratio_rm=0.0008
[OMPT] tid=969485 ompt_id=2814749767106561 tipo=ompt_thread_worker     last_cpu=187 numa=0 mig=0 fallos=0 perf=full ratio_rm=0.0017
[OMPT] tid=969481 ompt_id=1688849860263937 tipo=ompt_thread_worker     last_cpu=254 numa=1 mig=0 fallos=0 perf=full ratio_rm=0.0008
[OMPT] tid=969484 ompt_id=2533274790395905 tipo=ompt_thread_worker     last_cpu=124 numa=1 mig=0 fallos=0 perf=full ratio_rm=0.0009
[OMPT] tid=969488 ompt_id=3659174697238529 tipo=ompt_thread_worker     last_cpu=123 numa=1 mig=0 fallos=0 perf=full ratio_rm=0.0010
[OMPT] tid=969487 ompt_id=3377699720527873 tipo=ompt_thread_worker     last_cpu=251 numa=1 mig=0 fallos=0 perf=full ratio_rm=0.0015
[OMPT] tid=969489 ompt_id=3940649673949185 tipo=ompt_thread_worker     last_cpu= 93 numa=1 mig=0 fallos=0 perf=full ratio_rm=0.0025
[OMPT] tid=969486 ompt_id=3096224743817217 tipo=ompt_thread_worker     last_cpu=194 numa=1 mig=0 fallos=0 perf=full ratio_rm=0.0040
[OMPT] tid=969491 ompt_id=4222124650659841 tipo=ompt_thread_worker     last_cpu=214 numa=1 mig=0 fallos=0 perf=full ratio_rm=0.0033
[OMPT] tid=969490 ompt_id=4503599627370497 tipo=ompt_thread_worker     last_cpu=  1 numa=0 mig=0 fallos=0 perf=full ratio_rm=0.0016
[OMPT] tid=969482 ompt_id=1970324836974593 tipo=ompt_thread_worker     last_cpu=253 numa=1 mig=0 fallos=0 perf=full ratio_rm=0.0011
[OMPT] tid=969493 ompt_id=5066549580791809 tipo=ompt_thread_worker     last_cpu=223 numa=1 mig=0 fallos=0 perf=full ratio_rm=0.0019
[OMPT] tid=969492 ompt_id=4785074604081153 tipo=ompt_thread_worker     last_cpu=122 numa=1 mig=0 fallos=0 perf=full ratio_rm=0.0016
[OMPT] tid=969496 ompt_id=5910974510923777 tipo=ompt_thread_worker     last_cpu= 65 numa=1 mig=0 fallos=0 perf=full ratio_rm=0.0038
[OMPT] tid=969495 ompt_id=5629499534213121 tipo=ompt_thread_worker     last_cpu=167 numa=0 mig=0 fallos=0 perf=full ratio_rm=0.0019
[OMPT] tid=969498 ompt_id=6473924464345089 tipo=ompt_thread_worker     last_cpu=250 numa=1 mig=0 fallos=0 perf=full ratio_rm=0.0015
[OMPT] tid=969497 ompt_id=6192449487634433 tipo=ompt_thread_worker     last_cpu= 34 numa=0 mig=0 fallos=0 perf=full ratio_rm=0.0017
[OMPT] tid=969499 ompt_id=6755399441055745 tipo=ompt_thread_worker     last_cpu=  3 numa=0 mig=0 fallos=0 perf=full ratio_rm=0.0019
[OMPT] tid=969494 ompt_id=5348024557502465 tipo=ompt_thread_worker     last_cpu=  4 numa=0 mig=0 fallos=0 perf=full ratio_rm=0.0023
[OMPT] tid=969500 ompt_id=7036874417766401 tipo=ompt_thread_worker     last_cpu=249 numa=1 mig=0 fallos=0 perf=full ratio_rm=0.0015
[OMPT] tid=969501 ompt_id=7318349394477057 tipo=ompt_thread_worker     last_cpu=136 numa=0 mig=0 fallos=0 perf=full ratio_rm=0.0024
[OMPT] tid=969502 ompt_id=7599824371187713 tipo=ompt_thread_worker     last_cpu=  5 numa=0 mig=0 fallos=0 perf=full ratio_rm=0.0020
[OMPT] tid=969503 ompt_id=7881299347898369 tipo=ompt_thread_worker     last_cpu= 12 numa=0 mig=0 fallos=0 perf=full ratio_rm=0.0021
[OMPT] tid=969504 ompt_id=8162774324609025 tipo=ompt_thread_worker     last_cpu=127 numa=1 mig=0 fallos=0 perf=full ratio_rm=0.0012
[OMPT] tid=969505 ompt_id=8444249301319681 tipo=ompt_thread_worker     last_cpu=189 numa=0 mig=0 fallos=0 perf=full ratio_rm=0.0026
[OMPT] tid=969506 ompt_id=8725724278030337 tipo=ompt_thread_worker     last_cpu= 33 numa=0 mig=0 fallos=0 perf=full ratio_rm=0.0020
[OMPT] tid=969507 ompt_id=9007199254740993 tipo=ompt_thread_worker     last_cpu=  2 numa=0 mig=0 fallos=0 perf=full ratio_rm=0.0027
[OMPT] tid=969508 ompt_id=9288674231451649 tipo=ompt_thread_worker     last_cpu=121 numa=1 mig=0 fallos=0 perf=full ratio_rm=0.0014
[OMPT] tid=969509 ompt_id=9570149208162305 tipo=ompt_thread_worker     last_cpu= 32 numa=0 mig=0 fallos=0 perf=full ratio_rm=0.0022
[OMPT] tid=969510 ompt_id=9851624184872961 tipo=ompt_thread_worker     last_cpu=126 numa=1 mig=0 fallos=0 perf=full ratio_rm=0.0013
[OMPT] tid=969511 ompt_id=10133099161583617 tipo=ompt_thread_worker     last_cpu= 88 numa=1 mig=0 fallos=0 perf=full ratio_rm=0.0037
[OMPT] tid=969519 ompt_id=12384898975268865 tipo=ompt_thread_worker     last_cpu= 89 numa=1 mig=0 fallos=0 perf=full ratio_rm=0.0470
[OMPT] tid=969535 ompt_id=16888498602639361 tipo=ompt_thread_worker     last_cpu= 94 numa=1 mig=0 fallos=0 perf=full ratio_rm=0.0307
[OMPT] tid=969522 ompt_id=13229323905400833 tipo=ompt_thread_worker     last_cpu=188 numa=0 mig=0 fallos=0 perf=full ratio_rm=0.0343
[OMPT] tid=969528 ompt_id=14918173765664769 tipo=ompt_thread_worker     last_cpu=190 numa=0 mig=0 fallos=0 perf=full ratio_rm=0.0577
[OMPT] tid=969526 ompt_id=14355223812243457 tipo=ompt_thread_worker     last_cpu=137 numa=0 mig=0 fallos=0 perf=full ratio_rm=0.0744
[OMPT] tid=969537 ompt_id=17451448556060673 tipo=ompt_thread_worker     last_cpu= 67 numa=1 mig=0 fallos=0 perf=full ratio_rm=0.0341
[OMPT] tid=969512 ompt_id=10414574138294273 tipo=ompt_thread_worker     last_cpu=192 numa=1 mig=0 fallos=0 perf=full ratio_rm=0.0031
[OMPT] tid=969518 ompt_id=12103423998558209 tipo=ompt_thread_worker     last_cpu= 26 numa=0 mig=0 fallos=0 perf=full ratio_rm=0.1459
[OMPT] tid=969523 ompt_id=13510798882111489 tipo=ompt_thread_worker     last_cpu=212 numa=1 mig=0 fallos=0 perf=full ratio_rm=0.0443
[OMPT] tid=969539 ompt_id=18014398509481985 tipo=ompt_thread_worker     last_cpu= 85 numa=1 mig=0 fallos=0 perf=full ratio_rm=0.0470
[OMPT] tid=969530 ompt_id=15481123719086081 tipo=ompt_thread_worker     last_cpu=181 numa=0 mig=0 fallos=0 perf=full ratio_rm=0.0589
[OMPT] tid=969520 ompt_id=12947848928690177 tipo=ompt_thread_worker     last_cpu=182 numa=0 mig=0 fallos=0 perf=full ratio_rm=0.0606
[OMPT] tid=969533 ompt_id=16325548649218049 tipo=ompt_thread_worker     last_cpu=107 numa=1 mig=0 fallos=0 perf=full ratio_rm=0.0940
[OMPT] tid=969517 ompt_id=11821949021847553 tipo=ompt_thread_worker     last_cpu=239 numa=1 mig=0 fallos=0 perf=full ratio_rm=0.0159
[OMPT] tid=969521 ompt_id=12666373951979521 tipo=ompt_thread_worker     last_cpu=202 numa=1 mig=0 fallos=0 perf=full ratio_rm=0.1175
[OMPT] tid=969527 ompt_id=14636698788954113 tipo=ompt_thread_worker     last_cpu=248 numa=1 mig=0 fallos=0 perf=full ratio_rm=0.0199
[OMPT] tid=969525 ompt_id=14073748835532801 tipo=ompt_thread_worker     last_cpu=171 numa=0 mig=0 fallos=0 perf=full ratio_rm=0.0782
[OMPT] tid=969529 ompt_id=15199648742375425 tipo=ompt_thread_worker     last_cpu=230 numa=1 mig=0 fallos=0 perf=full ratio_rm=0.0726
[OMPT] tid=969515 ompt_id=11258999068426241 tipo=ompt_thread_worker     last_cpu=231 numa=1 mig=0 fallos=0 perf=full ratio_rm=0.0401
[OMPT] tid=969516 ompt_id=11540474045136897 tipo=ompt_thread_worker     last_cpu=166 numa=0 mig=0 fallos=0 perf=full ratio_rm=0.0747
[OMPT] tid=969538 ompt_id=17732923532771329 tipo=ompt_thread_worker     last_cpu=175 numa=0 mig=0 fallos=0 perf=full ratio_rm=0.0581
[OMPT] tid=969531 ompt_id=15762598695796737 tipo=ompt_thread_worker     last_cpu=241 numa=1 mig=0 fallos=0 perf=full ratio_rm=0.0670
[OMPT] tid=969513 ompt_id=10696049115004929 tipo=ompt_thread_worker     last_cpu=243 numa=1 mig=0 fallos=0 perf=full ratio_rm=0.0045
[OMPT] tid=969514 ompt_id=10977524091715585 tipo=ompt_thread_worker     last_cpu=  0 numa=0 mig=0 fallos=0 perf=full ratio_rm=0.1370
[OMPT] tid=969524 ompt_id=13792273858822145 tipo=ompt_thread_worker     last_cpu=148 numa=0 mig=0 fallos=0 perf=full ratio_rm=0.1159
[OMPT] tid=969536 ompt_id=17169973579350017 tipo=ompt_thread_worker     last_cpu= 23 numa=0 mig=0 fallos=0 perf=full ratio_rm=0.1061
[OMPT] tid=969532 ompt_id=16044073672507393 tipo=ompt_thread_worker     last_cpu=133 numa=0 mig=0 fallos=0 perf=full ratio_rm=0.0540
[OMPT] tid=969534 ompt_id=16607023625928705 tipo=ompt_thread_worker     last_cpu=165 numa=0 mig=0 fallos=0 perf=full ratio_rm=0.0695
[OMPT] ===== Overhead intrínseco =====
  monitor: 1 ticks, 8.4 us total (max 8.4 us/tick)
  callbacks implicit_task: 10497, 1719899.5 us total
  migraciones: 0 (0.0 us total)
  resyncs=0  lecturas escaladas por multiplexado=448
  hilos con perf fallido=0  parcial=0
  ventanas con fills=0

[OMPT] *** AVISO GRAVE ***
  448 lecturas de contador con exito y NINGUNA ventana con data
  cache fills. Los eventos crudos 0xD044/0xFF44 abrieron pero cuentan
  siempre 0: esta PMU no los implementa (son de AMD Zen). ratio_rm no
  existe y el scheduler NO PUEDE decidir migraciones. Los resultados de
  localidad de esta corrida no son válidos.

