[OMPT] ompt_initialize (OPCIÓN C: integrador con fugas)  verbose=0  migracion=DESACTIVADA
[HWLOC] Nodos NUMA detectados: 2 (usados: 2)
[HWLOC] Nodo 0: 128 CPUs
[HWLOC] Nodo 1: 128 CPUs
[OMPT] callback 'ompt_callback_thread_begin' registrado (result=5)
[OMPT] callback 'ompt_callback_thread_end' registrado (result=5)
[OMPT] callback 'ompt_callback_parallel_begin' registrado (result=5)
[OMPT] callback 'ompt_callback_parallel_end' registrado (result=5)
[OMPT] callback 'ompt_callback_implicit_task' registrado (result=5)
[OMPT] callback 'ompt_callback_control_tool' registrado (result=5)
[OMPT] Callbacks registrados
[OMPT] Sistema: 0 procesadores lógicos
[OMPT][MON] Monitor (C: integrador con fugas)  período=100ms  warmup=5  referencia=MIN  T=min+max(0.050, 3.00*MAD_bajo)  leak=0.50*margen  cap=8.00*margen  max_mig=1  migracion=DESACTIVADA
[perf_region] tool OMPT detectado: los contadores los lleva el tool, no se abren aqui
[OMPT] control_tool: INICIANDO medicion
[OMPT] control_tool: PAUSANDO medicion
[OMPT] ompt_finalize
[OMPT][MON] Monitor detenido tras 5 ventanas
[OMPT] CSV de ventanas: 512 filas volcadas (0 descartadas)
[OMPT] ===== Tabla final: 256 hilos =====
[OMPT] tid=966003 ompt_id=281474976710657 tipo=ompt_thread_initial    last_cpu= 71 numa=1 mig=0 fallos=0 perf=full ratio_rm=0.0001
[OMPT] tid=966005 ompt_id=562949953421313 tipo=ompt_thread_worker     last_cpu= 81 numa=1 mig=0 fallos=0 perf=full ratio_rm=0.0001
[OMPT] tid=966006 ompt_id=844424930131969 tipo=ompt_thread_worker     last_cpu= 93 numa=1 mig=0 fallos=0 perf=full ratio_rm=0.0001
[OMPT] tid=966008 ompt_id=1407374883553281 tipo=ompt_thread_worker     last_cpu= 96 numa=1 mig=0 fallos=0 perf=full ratio_rm=0.0002
[OMPT] tid=966009 ompt_id=1688849860263937 tipo=ompt_thread_worker     last_cpu= 58 numa=0 mig=0 fallos=0 perf=full ratio_rm=0.0905
[OMPT] tid=966007 ompt_id=1125899906842625 tipo=ompt_thread_worker     last_cpu=131 numa=0 mig=0 fallos=0 perf=full ratio_rm=0.1005
[OMPT] tid=966010 ompt_id=1970324836974593 tipo=ompt_thread_worker     last_cpu= 62 numa=0 mig=0 fallos=0 perf=full ratio_rm=0.0707
[OMPT] tid=966011 ompt_id=2251799813685249 tipo=ompt_thread_worker     last_cpu= 97 numa=1 mig=0 fallos=0 perf=full ratio_rm=0.0016
[OMPT] tid=966012 ompt_id=2533274790395905 tipo=ompt_thread_worker     last_cpu=113 numa=1 mig=0 fallos=0 perf=full ratio_rm=0.0002
[OMPT] tid=966013 ompt_id=2814749767106561 tipo=ompt_thread_worker     last_cpu=191 numa=0 mig=0 fallos=0 perf=full ratio_rm=0.0790
[OMPT] tid=966015 ompt_id=3377699720527873 tipo=ompt_thread_worker     last_cpu=184 numa=0 mig=0 fallos=0 perf=full ratio_rm=0.0830
[OMPT] tid=966014 ompt_id=3096224743817217 tipo=ompt_thread_worker     last_cpu= 70 numa=1 mig=0 fallos=0 perf=full ratio_rm=0.0005
[OMPT] tid=966016 ompt_id=3659174697238529 tipo=ompt_thread_worker     last_cpu=251 numa=1 mig=0 fallos=0 perf=full ratio_rm=0.0001
[OMPT] tid=966017 ompt_id=3940649673949185 tipo=ompt_thread_worker     last_cpu= 91 numa=1 mig=0 fallos=0 perf=full ratio_rm=0.0002
[OMPT] tid=966018 ompt_id=4222124650659841 tipo=ompt_thread_worker     last_cpu=146 numa=0 mig=0 fallos=0 perf=full ratio_rm=0.0858
[OMPT] tid=966019 ompt_id=4503599627370497 tipo=ompt_thread_worker     last_cpu=255 numa=1 mig=0 fallos=0 perf=full ratio_rm=0.0001
[OMPT] tid=966020 ompt_id=4785074604081153 tipo=ompt_thread_worker     last_cpu=190 numa=0 mig=0 fallos=0 perf=full ratio_rm=0.0762
[OMPT] tid=966021 ompt_id=5066549580791809 tipo=ompt_thread_worker     last_cpu=188 numa=0 mig=0 fallos=0 perf=full ratio_rm=0.0695
[OMPT] tid=966022 ompt_id=5348024557502465 tipo=ompt_thread_worker     last_cpu= 40 numa=0 mig=0 fallos=0 perf=full ratio_rm=0.1020
[OMPT] tid=966023 ompt_id=5629499534213121 tipo=ompt_thread_worker     last_cpu=234 numa=1 mig=0 fallos=0 perf=full ratio_rm=0.0003
[OMPT] tid=966024 ompt_id=5910974510923777 tipo=ompt_thread_worker     last_cpu=233 numa=1 mig=0 fallos=0 perf=full ratio_rm=0.0002
[OMPT] tid=966025 ompt_id=6192449487634433 tipo=ompt_thread_worker     last_cpu=207 numa=1 mig=0 fallos=0 perf=full ratio_rm=0.0004
[OMPT] tid=966026 ompt_id=6473924464345089 tipo=ompt_thread_worker     last_cpu=236 numa=1 mig=0 fallos=0 perf=full ratio_rm=0.0002
[OMPT] tid=966027 ompt_id=6755399441055745 tipo=ompt_thread_worker     last_cpu= 74 numa=1 mig=0 fallos=0 perf=full ratio_rm=0.0003
[OMPT] tid=966028 ompt_id=7036874417766401 tipo=ompt_thread_worker     last_cpu=121 numa=1 mig=0 fallos=0 perf=full ratio_rm=0.0001
[OMPT] tid=966029 ompt_id=7318349394477057 tipo=ompt_thread_worker     last_cpu=112 numa=1 mig=0 fallos=0 perf=full ratio_rm=0.0003
[OMPT] tid=966030 ompt_id=7599824371187713 tipo=ompt_thread_worker     last_cpu=104 numa=1 mig=0 fallos=0 perf=full ratio_rm=0.0004
[OMPT] tid=966031 ompt_id=7881299347898369 tipo=ompt_thread_worker     last_cpu= 72 numa=1 mig=0 fallos=0 perf=full ratio_rm=0.0003
[OMPT] tid=966032 ompt_id=8162774324609025 tipo=ompt_thread_worker     last_cpu= 27 numa=0 mig=0 fallos=0 perf=full ratio_rm=0.0223
[OMPT] tid=966033 ompt_id=8444249301319681 tipo=ompt_thread_worker     last_cpu= 36 numa=0 mig=0 fallos=0 perf=full ratio_rm=0.0806
[OMPT] tid=966034 ompt_id=8725724278030337 tipo=ompt_thread_worker     last_cpu= 35 numa=0 mig=0 fallos=0 perf=full ratio_rm=0.0766
[OMPT] tid=966035 ompt_id=9007199254740993 tipo=ompt_thread_worker     last_cpu=153 numa=0 mig=0 fallos=0 perf=full ratio_rm=0.1039
[OMPT] tid=966036 ompt_id=9288674231451649 tipo=ompt_thread_worker     last_cpu=120 numa=1 mig=0 fallos=0 perf=full ratio_rm=0.0000
[OMPT] tid=966037 ompt_id=9570149208162305 tipo=ompt_thread_worker     last_cpu=185 numa=0 mig=0 fallos=0 perf=full ratio_rm=0.0815
[OMPT] tid=966038 ompt_id=9851624184872961 tipo=ompt_thread_worker     last_cpu=248 numa=1 mig=0 fallos=0 perf=full ratio_rm=0.0001
[OMPT] tid=966039 ompt_id=10133099161583617 tipo=ompt_thread_worker     last_cpu=105 numa=1 mig=0 fallos=0 perf=full ratio_rm=0.0002
[OMPT] tid=966109 ompt_id=29836347531329537 tipo=ompt_thread_worker     last_cpu=174 numa=0 mig=0 fallos=0 perf=full ratio_rm=0.0667
[OMPT] tid=966095 ompt_id=25895697857380353 tipo=ompt_thread_worker     last_cpu=144 numa=0 mig=0 fallos=0 perf=full ratio_rm=0.1079
[OMPT] tid=966151 ompt_id=41658296553177089 tipo=ompt_thread_worker     last_cpu=250 numa=1 mig=0 fallos=0 perf=full ratio_rm=0.0000
[OMPT] tid=966055 ompt_id=14636698788954113 tipo=ompt_thread_worker     last_cpu= 46 numa=0 mig=0 fallos=0 perf=full ratio_rm=0.0705
[OMPT] tid=966199 ompt_id=55169095435288577 tipo=ompt_thread_worker     last_cpu=122 numa=1 mig=0 fallos=0 perf=full ratio_rm=0.0000
[OMPT] tid=966167 ompt_id=46161896180547585 tipo=ompt_thread_worker     last_cpu=127 numa=1 mig=0 fallos=0 perf=full ratio_rm=0.0001
[OMPT] tid=966087 ompt_id=23643898043695105 tipo=ompt_thread_worker     last_cpu=179 numa=0 mig=0 fallos=0 perf=full ratio_rm=0.0671
[OMPT] tid=966247 ompt_id=68679894317400065 tipo=ompt_thread_worker     last_cpu=123 numa=1 mig=0 fallos=0 perf=full ratio_rm=0.0000
[OMPT] tid=966103 ompt_id=28147497671065601 tipo=ompt_thread_worker     last_cpu= 54 numa=0 mig=0 fallos=0 perf=full ratio_rm=0.0635
[OMPT] tid=966231 ompt_id=64176294690029569 tipo=ompt_thread_worker     last_cpu=159 numa=0 mig=0 fallos=0 perf=full ratio_rm=0.0760
[OMPT] tid=966210 ompt_id=58265320179105793 tipo=ompt_thread_worker     last_cpu= 32 numa=0 mig=0 fallos=0 perf=full ratio_rm=0.0843
[OMPT] tid=966053 ompt_id=14073748835532801 tipo=ompt_thread_worker     last_cpu= 43 numa=0 mig=0 fallos=0 perf=full ratio_rm=0.0733
[OMPT] tid=966137 ompt_id=37717646879227905 tipo=ompt_thread_worker     last_cpu=128 numa=0 mig=0 fallos=0 perf=full ratio_rm=0.0983
[OMPT] tid=966154 ompt_id=42502721483309057 tipo=ompt_thread_worker     last_cpu=  7 numa=0 mig=0 fallos=0 perf=full ratio_rm=0.0902
[OMPT] tid=966172 ompt_id=47569271064100865 tipo=ompt_thread_worker     last_cpu= 56 numa=0 mig=0 fallos=0 perf=full ratio_rm=0.0661
[OMPT] tid=966092 ompt_id=25051272927248385 tipo=ompt_thread_worker     last_cpu= 51 numa=0 mig=0 fallos=0 perf=full ratio_rm=0.0061
[OMPT] tid=966126 ompt_id=34621422135410689 tipo=ompt_thread_worker     last_cpu=137 numa=0 mig=0 fallos=0 perf=full ratio_rm=0.0928
[OMPT] tid=966110 ompt_id=30117822508040193 tipo=ompt_thread_worker     last_cpu= 59 numa=0 mig=0 fallos=0 perf=full ratio_rm=0.0719
[OMPT] tid=966220 ompt_id=61080069946212353 tipo=ompt_thread_worker     last_cpu=187 numa=0 mig=0 fallos=0 perf=full ratio_rm=0.0697
[OMPT] tid=966082 ompt_id=22236523160141825 tipo=ompt_thread_worker     last_cpu=158 numa=0 mig=0 fallos=0 perf=full ratio_rm=0.0737
[OMPT] tid=966066 ompt_id=17732923532771329 tipo=ompt_thread_worker     last_cpu= 61 numa=0 mig=0 fallos=0 perf=full ratio_rm=0.0674
[OMPT] tid=966190 ompt_id=52635820644892673 tipo=ompt_thread_worker     last_cpu=189 numa=0 mig=0 fallos=0 perf=full ratio_rm=0.0690
[OMPT] tid=966232 ompt_id=64457769666740225 tipo=ompt_thread_worker     last_cpu=186 numa=0 mig=0 fallos=0 perf=full ratio_rm=0.0797
[OMPT] tid=966256 ompt_id=71213169107795969 tipo=ompt_thread_worker     last_cpu= 63 numa=0 mig=0 fallos=0 perf=full ratio_rm=0.0755
[OMPT] tid=966080 ompt_id=21673573206720513 tipo=ompt_thread_worker     last_cpu= 29 numa=0 mig=0 fallos=0 perf=full ratio_rm=0.0711
[OMPT] tid=966128 ompt_id=35184372088832001 tipo=ompt_thread_worker     last_cpu= 25 numa=0 mig=0 fallos=0 perf=full ratio_rm=0.0866
[OMPT] tid=966192 ompt_id=53198770598313985 tipo=ompt_thread_worker     last_cpu=181 numa=0 mig=0 fallos=0 perf=full ratio_rm=0.0666
[OMPT] tid=966064 ompt_id=17169973579350017 tipo=ompt_thread_worker     last_cpu= 30 numa=0 mig=0 fallos=0 perf=full ratio_rm=0.0912
[OMPT] tid=966106 ompt_id=28991922601197569 tipo=ompt_thread_worker     last_cpu= 24 numa=0 mig=0 fallos=0 perf=full ratio_rm=0.1081
[OMPT] tid=966054 ompt_id=14355223812243457 tipo=ompt_thread_worker     last_cpu= 28 numa=0 mig=0 fallos=0 perf=full ratio_rm=0.0803
[OMPT] tid=966174 ompt_id=48132221017522177 tipo=ompt_thread_worker     last_cpu= 57 numa=0 mig=0 fallos=0 perf=full ratio_rm=0.0693
[OMPT] tid=966204 ompt_id=56576470318841857 tipo=ompt_thread_worker     last_cpu=152 numa=0 mig=0 fallos=0 perf=full ratio_rm=0.1134
[OMPT] tid=966118 ompt_id=32369622321725441 tipo=ompt_thread_worker     last_cpu=147 numa=0 mig=0 fallos=0 perf=full ratio_rm=0.0874
[OMPT] tid=966206 ompt_id=57139420272263169 tipo=ompt_thread_worker     last_cpu= 19 numa=0 mig=0 fallos=0 perf=full ratio_rm=0.0695
[OMPT] tid=966166 ompt_id=45880421203836929 tipo=ompt_thread_worker     last_cpu= 16 numa=0 mig=0 fallos=0 perf=full ratio_rm=0.0956
[OMPT] tid=966222 ompt_id=61643019899633665 tipo=ompt_thread_worker     last_cpu= 60 numa=0 mig=0 fallos=0 perf=full ratio_rm=0.0626
[OMPT] tid=966094 ompt_id=25614222880669697 tipo=ompt_thread_worker     last_cpu= 67 numa=1 mig=0 fallos=0 perf=full ratio_rm=0.0041
[OMPT] tid=966052 ompt_id=13792273858822145 tipo=ompt_thread_worker     last_cpu= 42 numa=0 mig=0 fallos=0 perf=full ratio_rm=0.0834
[OMPT] tid=966062 ompt_id=16607023625928705 tipo=ompt_thread_worker     last_cpu= 41 numa=0 mig=0 fallos=0 perf=full ratio_rm=0.0804
[OMPT] tid=966202 ompt_id=56013520365420545 tipo=ompt_thread_worker     last_cpu= 47 numa=0 mig=0 fallos=0 perf=full ratio_rm=0.0603
[OMPT] tid=966188 ompt_id=52072870691471361 tipo=ompt_thread_worker     last_cpu=169 numa=0 mig=0 fallos=0 perf=full ratio_rm=0.0909
[OMPT] tid=966254 ompt_id=70650219154374657 tipo=ompt_thread_worker     last_cpu= 44 numa=0 mig=0 fallos=0 perf=full ratio_rm=0.0657
[OMPT] tid=966078 ompt_id=21110623253299201 tipo=ompt_thread_worker     last_cpu=175 numa=0 mig=0 fallos=0 perf=full ratio_rm=0.0636
[OMPT] tid=966085 ompt_id=23080948090273793 tipo=ompt_thread_worker     last_cpu= 68 numa=1 mig=0 fallos=0 perf=full ratio_rm=0.0050
[OMPT] tid=966101 ompt_id=27584547717644289 tipo=ompt_thread_worker     last_cpu=198 numa=1 mig=0 fallos=0 perf=full ratio_rm=0.0040
[OMPT] tid=966197 ompt_id=54606145481867265 tipo=ompt_thread_worker     last_cpu=196 numa=1 mig=0 fallos=0 perf=full ratio_rm=0.0052
[OMPT] tid=966245 ompt_id=68116944363978753 tipo=ompt_thread_worker     last_cpu=192 numa=1 mig=0 fallos=0 perf=full ratio_rm=0.0060
[OMPT] tid=966051 ompt_id=13229323905400833 tipo=ompt_thread_worker     last_cpu=195 numa=1 mig=0 fallos=0 perf=full ratio_rm=0.0035
[OMPT] tid=966229 ompt_id=63613344736608257 tipo=ompt_thread_worker     last_cpu=193 numa=1 mig=0 fallos=0 perf=full ratio_rm=0.0056
[OMPT] tid=966181 ompt_id=50102545854496769 tipo=ompt_thread_worker     last_cpu=197 numa=1 mig=0 fallos=0 perf=full ratio_rm=0.0042
[OMPT] tid=966189 ompt_id=52354345668182017 tipo=ompt_thread_worker     last_cpu=110 numa=1 mig=0 fallos=0 perf=full ratio_rm=0.0036
[OMPT] tid=966153 ompt_id=42221246506598401 tipo=ompt_thread_worker     last_cpu=232 numa=1 mig=0 fallos=0 perf=full ratio_rm=0.0071
[OMPT] tid=966207 ompt_id=57420895248973825 tipo=ompt_thread_worker     last_cpu=109 numa=1 mig=0 fallos=0 perf=full ratio_rm=0.0033
[OMPT] tid=966255 ompt_id=70931694131085313 tipo=ompt_thread_worker     last_cpu=106 numa=1 mig=0 fallos=0 perf=full ratio_rm=0.0039
[OMPT] tid=966044 ompt_id=11540474045136897 tipo=ompt_thread_worker     last_cpu=145 numa=0 mig=0 fallos=0 perf=full ratio_rm=0.0904
[OMPT] tid=966086 ompt_id=23362423066984449 tipo=ompt_thread_worker     last_cpu= 20 numa=0 mig=0 fallos=0 perf=full ratio_rm=0.0680
[OMPT] tid=966225 ompt_id=62487444829765633 tipo=ompt_thread_worker     last_cpu= 77 numa=1 mig=0 fallos=0 perf=full ratio_rm=0.0037
[OMPT] tid=966093 ompt_id=25332747903959041 tipo=ompt_thread_worker     last_cpu=204 numa=1 mig=0 fallos=0 perf=full ratio_rm=0.0063
[OMPT] tid=966075 ompt_id=20266198323167233 tipo=ompt_thread_worker     last_cpu=205 numa=1 mig=0 fallos=0 perf=full ratio_rm=0.0033
[OMPT] tid=966107 ompt_id=29273397577908225 tipo=ompt_thread_worker     last_cpu=201 numa=1 mig=0 fallos=0 perf=full ratio_rm=0.0061
[OMPT] tid=966157 ompt_id=43347146413441025 tipo=ompt_thread_worker     last_cpu=203 numa=1 mig=0 fallos=0 perf=full ratio_rm=0.0047
[OMPT] tid=966253 ompt_id=70368744177664001 tipo=ompt_thread_worker     last_cpu= 75 numa=1 mig=0 fallos=0 perf=full ratio_rm=0.0054
[OMPT] tid=966217 ompt_id=60235645016080385 tipo=ompt_thread_worker     last_cpu= 86 numa=1 mig=0 fallos=0 perf=full ratio_rm=0.0054
[OMPT] tid=966065 ompt_id=17451448556060673 tipo=ompt_thread_worker     last_cpu=211 numa=1 mig=0 fallos=0 perf=full ratio_rm=0.0042
[OMPT] tid=966043 ompt_id=10977524091715585 tipo=ompt_thread_worker     last_cpu=246 numa=1 mig=0 fallos=0 perf=full ratio_rm=0.0051
[OMPT] tid=966159 ompt_id=43910096366862337 tipo=ompt_thread_worker     last_cpu=247 numa=1 mig=0 fallos=0 perf=full ratio_rm=0.0023
[OMPT] tid=966223 ompt_id=61924494876344321 tipo=ompt_thread_worker     last_cpu=119 numa=1 mig=0 fallos=0 perf=full ratio_rm=0.0024
[OMPT] tid=966073 ompt_id=19703248369745921 tipo=ompt_thread_worker     last_cpu=243 numa=1 mig=0 fallos=0 perf=full ratio_rm=0.0042
[OMPT] tid=966121 ompt_id=33214047251857409 tipo=ompt_thread_worker     last_cpu=240 numa=1 mig=0 fallos=0 perf=full ratio_rm=0.0042
[OMPT] tid=966089 ompt_id=24206847997116417 tipo=ompt_thread_worker     last_cpu=244 numa=1 mig=0 fallos=0 perf=full ratio_rm=0.0032
[OMPT] tid=966219 ompt_id=60798594969501697 tipo=ompt_thread_worker     last_cpu= 88 numa=1 mig=0 fallos=0 perf=full ratio_rm=0.0035
[OMPT] tid=966129 ompt_id=35465847065542657 tipo=ompt_thread_worker     last_cpu=217 numa=1 mig=0 fallos=0 perf=full ratio_rm=0.0046
[OMPT] tid=966145 ompt_id=39969446692913153 tipo=ompt_thread_worker     last_cpu=216 numa=1 mig=0 fallos=0 perf=full ratio_rm=0.0040
[OMPT] tid=966251 ompt_id=69805794224242689 tipo=ompt_thread_worker     last_cpu= 94 numa=1 mig=0 fallos=0 perf=full ratio_rm=0.0035
[OMPT] tid=966049 ompt_id=12947848928690177 tipo=ompt_thread_worker     last_cpu=222 numa=1 mig=0 fallos=0 perf=full ratio_rm=0.0034
[OMPT] tid=966187 ompt_id=51791395714760705 tipo=ompt_thread_worker     last_cpu= 90 numa=1 mig=0 fallos=0 perf=full ratio_rm=0.0058
[OMPT] tid=966113 ompt_id=30962247438172161 tipo=ompt_thread_worker     last_cpu=218 numa=1 mig=0 fallos=0 perf=full ratio_rm=0.0027
[OMPT] tid=966248 ompt_id=68961369294110721 tipo=ompt_thread_worker     last_cpu=160 numa=0 mig=0 fallos=0 perf=full ratio_rm=0.0945
[OMPT] tid=966096 ompt_id=26177172834091009 tipo=ompt_thread_worker     last_cpu= 37 numa=0 mig=0 fallos=0 perf=full ratio_rm=0.0780
[OMPT] tid=966226 ompt_id=62768919806476289 tipo=ompt_thread_worker     last_cpu=165 numa=0 mig=0 fallos=0 perf=full ratio_rm=0.0707
[OMPT] tid=966112 ompt_id=30680772461461505 tipo=ompt_thread_worker     last_cpu=163 numa=0 mig=0 fallos=0 perf=full ratio_rm=0.0895
[OMPT] tid=966076 ompt_id=20547673299877889 tipo=ompt_thread_worker     last_cpu= 38 numa=0 mig=0 fallos=0 perf=full ratio_rm=0.0739
[OMPT] tid=966208 ompt_id=57702370225684481 tipo=ompt_thread_worker     last_cpu=166 numa=0 mig=0 fallos=0 perf=full ratio_rm=0.0703
[OMPT] tid=966170 ompt_id=47006321110679553 tipo=ompt_thread_worker     last_cpu= 34 numa=0 mig=0 fallos=0 perf=full ratio_rm=0.0816
[OMPT] tid=966050 ompt_id=13510798882111489 tipo=ompt_thread_worker     last_cpu=162 numa=0 mig=0 fallos=0 perf=full ratio_rm=0.0861
[OMPT] tid=966142 ompt_id=39125021762781185 tipo=ompt_thread_worker     last_cpu=136 numa=0 mig=0 fallos=0 perf=full ratio_rm=0.0927
[OMPT] tid=966060 ompt_id=16044073672507393 tipo=ompt_thread_worker     last_cpu= 39 numa=0 mig=0 fallos=0 perf=full ratio_rm=0.0740
[OMPT] tid=966194 ompt_id=53761720551735297 tipo=ompt_thread_worker     last_cpu=167 numa=0 mig=0 fallos=0 perf=full ratio_rm=0.0676
[OMPT] tid=966130 ompt_id=35747322042253313 tipo=ompt_thread_worker     last_cpu=164 numa=0 mig=0 fallos=0 perf=full ratio_rm=0.0674
[OMPT] tid=966158 ompt_id=43628621390151681 tipo=ompt_thread_worker     last_cpu= 33 numa=0 mig=0 fallos=0 perf=full ratio_rm=0.0756
[OMPT] tid=966238 ompt_id=66146619527004161 tipo=ompt_thread_worker     last_cpu=161 numa=0 mig=0 fallos=0 perf=full ratio_rm=0.0712
[OMPT] tid=966212 ompt_id=58828270132527105 tipo=ompt_thread_worker     last_cpu=141 numa=0 mig=0 fallos=0 perf=full ratio_rm=0.0658
[OMPT] tid=966176 ompt_id=48695170970943489 tipo=ompt_thread_worker     last_cpu=142 numa=0 mig=0 fallos=0 perf=full ratio_rm=0.0744
[OMPT] tid=966058 ompt_id=15481123719086081 tipo=ompt_thread_worker     last_cpu= 13 numa=0 mig=0 fallos=0 perf=full ratio_rm=0.0782
[OMPT] tid=966122 ompt_id=33495522228568065 tipo=ompt_thread_worker     last_cpu=  9 numa=0 mig=0 fallos=0 perf=full ratio_rm=0.0883
[OMPT] tid=966146 ompt_id=40250921669623809 tipo=ompt_thread_worker     last_cpu=  8 numa=0 mig=0 fallos=0 perf=full ratio_rm=0.0797
[OMPT] tid=966074 ompt_id=19984723346456577 tipo=ompt_thread_worker     last_cpu= 12 numa=0 mig=0 fallos=0 perf=full ratio_rm=0.0805
[OMPT] tid=966224 ompt_id=62205969853054977 tipo=ompt_thread_worker     last_cpu=140 numa=0 mig=0 fallos=0 perf=full ratio_rm=0.0761
[OMPT] tid=966179 ompt_id=49539595901075457 tipo=ompt_thread_worker     last_cpu=111 numa=1 mig=0 fallos=0 perf=full ratio_rm=0.0066
[OMPT] tid=966127 ompt_id=34902897112121345 tipo=ompt_thread_worker     last_cpu=239 numa=1 mig=0 fallos=0 perf=full ratio_rm=0.0093
[OMPT] tid=966227 ompt_id=63050394783186945 tipo=ompt_thread_worker     last_cpu=107 numa=1 mig=0 fallos=0 perf=full ratio_rm=0.0076
[OMPT] tid=966079 ompt_id=21392098230009857 tipo=ompt_thread_worker     last_cpu=235 numa=1 mig=0 fallos=0 perf=full ratio_rm=0.0084
[OMPT] tid=966070 ompt_id=18858823439613953 tipo=ompt_thread_worker     last_cpu= 21 numa=0 mig=0 fallos=0 perf=full ratio_rm=0.0737
[OMPT] tid=966102 ompt_id=27866022694354945 tipo=ompt_thread_worker     last_cpu= 18 numa=0 mig=0 fallos=0 perf=full ratio_rm=0.0797
[OMPT] tid=966198 ompt_id=54887620458577921 tipo=ompt_thread_worker     last_cpu=149 numa=0 mig=0 fallos=0 perf=full ratio_rm=0.0697
[OMPT] tid=966134 ompt_id=36873221949095937 tipo=ompt_thread_worker     last_cpu=150 numa=0 mig=0 fallos=0 perf=full ratio_rm=0.0691
[OMPT] tid=966182 ompt_id=50384020831207425 tipo=ompt_thread_worker     last_cpu= 17 numa=0 mig=0 fallos=0 perf=full ratio_rm=0.0858
[OMPT] tid=966236 ompt_id=65583669573582849 tipo=ompt_thread_worker     last_cpu= 23 numa=0 mig=0 fallos=0 perf=full ratio_rm=0.0748
[OMPT] tid=966150 ompt_id=41376821576466433 tipo=ompt_thread_worker     last_cpu=151 numa=0 mig=0 fallos=0 perf=full ratio_rm=0.0754
[OMPT] tid=966218 ompt_id=60517119992791041 tipo=ompt_thread_worker     last_cpu= 22 numa=0 mig=0 fallos=0 perf=full ratio_rm=0.0754
[OMPT] tid=966214 ompt_id=59391220085948417 tipo=ompt_thread_worker     last_cpu=178 numa=0 mig=0 fallos=0 perf=full ratio_rm=0.0629
[OMPT] tid=966196 ompt_id=54324670505156609 tipo=ompt_thread_worker     last_cpu=180 numa=0 mig=0 fallos=0 perf=full ratio_rm=0.0931
[OMPT] tid=966116 ompt_id=31806672368304129 tipo=ompt_thread_worker     last_cpu= 52 numa=0 mig=0 fallos=0 perf=full ratio_rm=0.0784
[OMPT] tid=966234 ompt_id=65020719620161537 tipo=ompt_thread_worker     last_cpu=176 numa=0 mig=0 fallos=0 perf=full ratio_rm=0.0743
[OMPT] tid=966084 ompt_id=22799473113563137 tipo=ompt_thread_worker     last_cpu= 48 numa=0 mig=0 fallos=0 perf=full ratio_rm=0.0820
[OMPT] tid=966100 ompt_id=27303072740933633 tipo=ompt_thread_worker     last_cpu= 53 numa=0 mig=0 fallos=0 perf=full ratio_rm=0.0561
[OMPT] tid=966088 ompt_id=23925373020405761 tipo=ompt_thread_worker     last_cpu=  3 numa=0 mig=0 fallos=0 perf=full ratio_rm=0.0818
[OMPT] tid=966072 ompt_id=19421773393035265 tipo=ompt_thread_worker     last_cpu=  0 numa=0 mig=0 fallos=0 perf=full ratio_rm=0.0983
[OMPT] tid=966168 ompt_id=46443371157258241 tipo=ompt_thread_worker     last_cpu=  5 numa=0 mig=0 fallos=0 perf=full ratio_rm=0.0716
[OMPT] tid=966200 ompt_id=55450570411999233 tipo=ompt_thread_worker     last_cpu=129 numa=0 mig=0 fallos=0 perf=full ratio_rm=0.1017
[OMPT] tid=966042 ompt_id=11258999068426241 tipo=ompt_thread_worker     last_cpu=  1 numa=0 mig=0 fallos=0 perf=full ratio_rm=0.0830
[OMPT] tid=966136 ompt_id=37436171902517249 tipo=ompt_thread_worker     last_cpu=  6 numa=0 mig=0 fallos=0 perf=full ratio_rm=0.0539
[OMPT] tid=966081 ompt_id=21955048183431169 tipo=ompt_thread_worker     last_cpu=209 numa=1 mig=0 fallos=0 perf=full ratio_rm=0.0079
[OMPT] tid=966201 ompt_id=55732045388709889 tipo=ompt_thread_worker     last_cpu= 87 numa=1 mig=0 fallos=0 perf=full ratio_rm=0.0078
[OMPT] tid=966165 ompt_id=45598946227126273 tipo=ompt_thread_worker     last_cpu=215 numa=1 mig=0 fallos=0 perf=full ratio_rm=0.0058
[OMPT] tid=966097 ompt_id=26458647810801665 tipo=ompt_thread_worker     last_cpu=208 numa=1 mig=0 fallos=0 perf=full ratio_rm=0.0092
[OMPT] tid=966147 ompt_id=40532396646334465 tipo=ompt_thread_worker     last_cpu=214 numa=1 mig=0 fallos=0 perf=full ratio_rm=0.0109
[OMPT] tid=966046 ompt_id=12103423998558209 tipo=ompt_thread_worker     last_cpu= 50 numa=0 mig=0 fallos=0 perf=full ratio_rm=0.0597
[OMPT] tid=966133 ompt_id=36591746972385281 tipo=ompt_thread_worker     last_cpu= 65 numa=1 mig=0 fallos=0 perf=full ratio_rm=0.0178
[OMPT] tid=966117 ompt_id=32088147345014785 tipo=ompt_thread_worker     last_cpu= 64 numa=1 mig=0 fallos=0 perf=full ratio_rm=0.0155
[OMPT] tid=966163 ompt_id=45035996273704961 tipo=ompt_thread_worker     last_cpu=199 numa=1 mig=0 fallos=0 perf=full ratio_rm=0.0135
[OMPT] tid=966149 ompt_id=41095346599755777 tipo=ompt_thread_worker     last_cpu= 66 numa=1 mig=0 fallos=0 perf=full ratio_rm=0.0141
[OMPT] tid=966111 ompt_id=30399297484750849 tipo=ompt_thread_worker     last_cpu=242 numa=1 mig=0 fallos=0 perf=full ratio_rm=0.0158
[OMPT] tid=966175 ompt_id=48413695994232833 tipo=ompt_thread_worker     last_cpu=117 numa=1 mig=0 fallos=0 perf=full ratio_rm=0.0094
[OMPT] tid=966193 ompt_id=53480245575024641 tipo=ompt_thread_worker     last_cpu=116 numa=1 mig=0 fallos=0 perf=full ratio_rm=0.0169
[OMPT] tid=966243 ompt_id=67553994410557441 tipo=ompt_thread_worker     last_cpu=118 numa=1 mig=0 fallos=0 perf=full ratio_rm=0.0099
[OMPT] tid=966141 ompt_id=38843546786070529 tipo=ompt_thread_worker     last_cpu=241 numa=1 mig=0 fallos=0 perf=full ratio_rm=0.0139
[OMPT] tid=966259 ompt_id=72057594037927937 tipo=ompt_thread_worker     last_cpu=114 numa=1 mig=0 fallos=0 perf=full ratio_rm=0.0159
[OMPT] tid=966104 ompt_id=28428972647776257 tipo=ompt_thread_worker     last_cpu=  4 numa=0 mig=0 fallos=0 perf=full ratio_rm=0.0856
[OMPT] tid=966186 ompt_id=51509920738050049 tipo=ompt_thread_worker     last_cpu=132 numa=0 mig=0 fallos=0 perf=full ratio_rm=0.0821
[OMPT] tid=966120 ompt_id=32932572275146753 tipo=ompt_thread_worker     last_cpu=133 numa=0 mig=0 fallos=0 perf=full ratio_rm=0.0712
[OMPT] tid=966246 ompt_id=68398419340689409 tipo=ompt_thread_worker     last_cpu=135 numa=0 mig=0 fallos=0 perf=full ratio_rm=0.0560
[OMPT] tid=966056 ompt_id=14918173765664769 tipo=ompt_thread_worker     last_cpu=  2 numa=0 mig=0 fallos=0 perf=full ratio_rm=0.0888
[OMPT] tid=966216 ompt_id=59954170039369729 tipo=ompt_thread_worker     last_cpu=130 numa=0 mig=0 fallos=0 perf=full ratio_rm=0.0701
[OMPT] tid=966152 ompt_id=41939771529887745 tipo=ompt_thread_worker     last_cpu= 83 numa=1 mig=0 fallos=0 perf=full ratio_rm=0.0144
[OMPT] tid=966063 ompt_id=16888498602639361 tipo=ompt_thread_worker     last_cpu=237 numa=1 mig=0 fallos=0 perf=full ratio_rm=0.0216
[OMPT] tid=966173 ompt_id=47850746040811521 tipo=ompt_thread_worker     last_cpu= 73 numa=1 mig=0 fallos=0 perf=full ratio_rm=0.0166
[OMPT] tid=966156 ompt_id=43065671436730369 tipo=ompt_thread_worker     last_cpu=155 numa=0 mig=0 fallos=0 perf=full ratio_rm=0.0674
[OMPT] tid=966240 ompt_id=66709569480425473 tipo=ompt_thread_worker     last_cpu=156 numa=0 mig=0 fallos=0 perf=full ratio_rm=0.0699
[OMPT] tid=966140 ompt_id=38562071809359873 tipo=ompt_thread_worker     last_cpu= 31 numa=0 mig=0 fallos=0 perf=full ratio_rm=0.0708
[OMPT] tid=966215 ompt_id=59672695062659073 tipo=ompt_thread_worker     last_cpu=125 numa=1 mig=0 fallos=0 perf=full ratio_rm=0.0164
[OMPT] tid=966249 ompt_id=69242844270821377 tipo=ompt_thread_worker     last_cpu= 84 numa=1 mig=0 fallos=0 perf=full ratio_rm=0.0119
[OMPT] tid=966185 ompt_id=51228445761339393 tipo=ompt_thread_worker     last_cpu=210 numa=1 mig=0 fallos=0 perf=full ratio_rm=0.0123
[OMPT] tid=966131 ompt_id=36028797018963969 tipo=ompt_thread_worker     last_cpu=212 numa=1 mig=0 fallos=0 perf=full ratio_rm=0.0068
[OMPT] tid=966047 ompt_id=12384898975268865 tipo=ompt_thread_worker     last_cpu=213 numa=1 mig=0 fallos=0 perf=full ratio_rm=0.0108
[OMPT] tid=966115 ompt_id=31525197391593473 tipo=ompt_thread_worker     last_cpu= 82 numa=1 mig=0 fallos=0 perf=full ratio_rm=0.0076
[OMPT] tid=966041 ompt_id=10696049115004929 tipo=ompt_thread_worker     last_cpu=231 numa=1 mig=0 fallos=0 perf=full ratio_rm=0.0089
[OMPT] tid=966177 ompt_id=48976645947654145 tipo=ompt_thread_worker     last_cpu=103 numa=1 mig=0 fallos=0 perf=full ratio_rm=0.0062
[OMPT] tid=966091 ompt_id=24769797950537729 tipo=ompt_thread_worker     last_cpu=228 numa=1 mig=0 fallos=0 perf=full ratio_rm=0.0065
[OMPT] tid=966257 ompt_id=71494644084506625 tipo=ompt_thread_worker     last_cpu= 98 numa=1 mig=0 fallos=0 perf=full ratio_rm=0.0086
[OMPT] tid=966221 ompt_id=61361544922923009 tipo=ompt_thread_worker     last_cpu=100 numa=1 mig=0 fallos=0 perf=full ratio_rm=0.0104
[OMPT] tid=966155 ompt_id=42784196460019713 tipo=ompt_thread_worker     last_cpu=224 numa=1 mig=0 fallos=0 perf=full ratio_rm=0.0143
[OMPT] tid=966228 ompt_id=63331869759897601 tipo=ompt_thread_worker     last_cpu=157 numa=0 mig=0 fallos=0 perf=full ratio_rm=0.0717
[OMPT] tid=966090 ompt_id=24488322973827073 tipo=ompt_thread_worker     last_cpu= 26 numa=0 mig=0 fallos=0 perf=full ratio_rm=0.0643
[OMPT] tid=966250 ompt_id=69524319247532033 tipo=ompt_thread_worker     last_cpu=154 numa=0 mig=0 fallos=0 perf=full ratio_rm=0.0813
[OMPT] tid=966169 ompt_id=46724846133968897 tipo=ompt_thread_worker     last_cpu= 80 numa=1 mig=0 fallos=0 perf=full ratio_rm=0.0132
[OMPT] tid=966239 ompt_id=66428094503714817 tipo=ompt_thread_worker     last_cpu= 99 numa=1 mig=0 fallos=0 perf=full ratio_rm=0.0062
[OMPT] tid=966191 ompt_id=52917295621603329 tipo=ompt_thread_worker     last_cpu=102 numa=1 mig=0 fallos=0 perf=full ratio_rm=0.0091
[OMPT] tid=966160 ompt_id=44191571343572993 tipo=ompt_thread_worker     last_cpu=143 numa=0 mig=0 fallos=0 perf=full ratio_rm=0.0600
[OMPT] tid=966048 ompt_id=12666373951979521 tipo=ompt_thread_worker     last_cpu= 14 numa=0 mig=0 fallos=0 perf=full ratio_rm=0.0700
[OMPT] tid=966244 ompt_id=67835469387268097 tipo=ompt_thread_worker     last_cpu=139 numa=0 mig=0 fallos=0 perf=full ratio_rm=0.0864
[OMPT] tid=966098 ompt_id=26740122787512321 tipo=ompt_thread_worker     last_cpu= 11 numa=0 mig=0 fallos=0 perf=full ratio_rm=0.0691
[OMPT] tid=966252 ompt_id=70087269200953345 tipo=ompt_thread_worker     last_cpu=138 numa=0 mig=0 fallos=0 perf=full ratio_rm=0.0853
[OMPT] tid=966114 ompt_id=31243722414882817 tipo=ompt_thread_worker     last_cpu= 10 numa=0 mig=0 fallos=0 perf=full ratio_rm=0.0801
[OMPT] tid=966184 ompt_id=50946970784628737 tipo=ompt_thread_worker     last_cpu= 15 numa=0 mig=0 fallos=0 perf=full ratio_rm=0.0719
[OMPT] tid=966069 ompt_id=18577348462903297 tipo=ompt_thread_worker     last_cpu= 69 numa=1 mig=0 fallos=0 perf=full ratio_rm=0.0273
[OMPT] tid=966164 ompt_id=45317471250415617 tipo=ompt_thread_worker     last_cpu=183 numa=0 mig=0 fallos=0 perf=full ratio_rm=0.0535
[OMPT] tid=966233 ompt_id=64739244643450881 tipo=ompt_thread_worker     last_cpu= 85 numa=1 mig=0 fallos=0 perf=full ratio_rm=0.0137
[OMPT] tid=966178 ompt_id=49258120924364801 tipo=ompt_thread_worker     last_cpu=170 numa=0 mig=0 fallos=0 perf=full ratio_rm=0.0818
[OMPT] tid=966124 ompt_id=34058472181989377 tipo=ompt_thread_worker     last_cpu=172 numa=0 mig=0 fallos=0 perf=full ratio_rm=0.0660
[OMPT] tid=966071 ompt_id=19140298416324609 tipo=ompt_thread_worker     last_cpu=249 numa=1 mig=0 fallos=0 perf=full ratio_rm=0.0198
[OMPT] tid=966162 ompt_id=44754521296994305 tipo=ompt_thread_worker     last_cpu=168 numa=0 mig=0 fallos=0 perf=full ratio_rm=0.0629
[OMPT] tid=966213 ompt_id=59109745109237761 tipo=ompt_thread_worker     last_cpu=194 numa=1 mig=0 fallos=0 perf=full ratio_rm=0.0280
[OMPT] tid=966045 ompt_id=11821949021847553 tipo=ompt_thread_worker     last_cpu=124 numa=1 mig=0 fallos=0 perf=full ratio_rm=0.0259
[OMPT] tid=966144 ompt_id=39687971716202497 tipo=ompt_thread_worker     last_cpu=171 numa=0 mig=0 fallos=0 perf=full ratio_rm=0.0607
[OMPT] tid=966242 ompt_id=67272519433846785 tipo=ompt_thread_worker     last_cpu= 45 numa=0 mig=0 fallos=0 perf=full ratio_rm=0.0596
[OMPT] tid=966108 ompt_id=29554872554618881 tipo=ompt_thread_worker     last_cpu=173 numa=0 mig=0 fallos=0 perf=full ratio_rm=0.0569
[OMPT] tid=966195 ompt_id=54043195528445953 tipo=ompt_thread_worker     last_cpu= 79 numa=1 mig=0 fallos=0 perf=full ratio_rm=0.0203
[OMPT] tid=966123 ompt_id=33776997205278721 tipo=ompt_thread_worker     last_cpu=226 numa=1 mig=0 fallos=0 perf=full ratio_rm=0.0141
[OMPT] tid=966180 ompt_id=49821070877786113 tipo=ompt_thread_worker     last_cpu=134 numa=0 mig=0 fallos=0 perf=full ratio_rm=0.1034
[OMPT] tid=966230 ompt_id=63894819713318913 tipo=ompt_thread_worker     last_cpu=177 numa=0 mig=0 fallos=0 perf=full ratio_rm=0.0600
[OMPT] tid=966135 ompt_id=37154696925806593 tipo=ompt_thread_worker     last_cpu=254 numa=1 mig=0 fallos=0 perf=full ratio_rm=0.0176
[OMPT] tid=966183 ompt_id=50665495807918081 tipo=ompt_thread_worker     last_cpu=126 numa=1 mig=0 fallos=0 perf=full ratio_rm=0.0166
[OMPT] tid=966040 ompt_id=10414574138294273 tipo=ompt_thread_worker     last_cpu=252 numa=1 mig=0 fallos=0 perf=full ratio_rm=0.0154
[OMPT] tid=966138 ompt_id=37999121855938561 tipo=ompt_thread_worker     last_cpu=238 numa=1 mig=0 fallos=0 perf=full ratio_rm=0.0303
[OMPT] tid=966241 ompt_id=66991044457136129 tipo=ompt_thread_worker     last_cpu=108 numa=1 mig=0 fallos=0 perf=full ratio_rm=0.0316
[OMPT] tid=966059 ompt_id=15762598695796737 tipo=ompt_thread_worker     last_cpu=206 numa=1 mig=0 fallos=0 perf=full ratio_rm=0.0153
[OMPT] tid=966143 ompt_id=39406496739491841 tipo=ompt_thread_worker     last_cpu=202 numa=1 mig=0 fallos=0 perf=full ratio_rm=0.0172
[OMPT] tid=966119 ompt_id=32651097298436097 tipo=ompt_thread_worker     last_cpu=253 numa=1 mig=0 fallos=0 perf=full ratio_rm=0.0194
[OMPT] tid=966105 ompt_id=28710447624486913 tipo=ompt_thread_worker     last_cpu=227 numa=1 mig=0 fallos=0 perf=full ratio_rm=0.0104
[OMPT] tid=966148 ompt_id=40813871623045121 tipo=ompt_thread_worker     last_cpu=182 numa=0 mig=0 fallos=0 perf=full ratio_rm=0.0528
[OMPT] tid=966258 ompt_id=71776119061217281 tipo=ompt_thread_worker     last_cpu= 55 numa=0 mig=0 fallos=0 perf=full ratio_rm=0.0525
[OMPT] tid=966068 ompt_id=18295873486192641 tipo=ompt_thread_worker     last_cpu= 49 numa=0 mig=0 fallos=0 perf=full ratio_rm=0.0795
[OMPT] tid=966132 ompt_id=36310271995674625 tipo=ompt_thread_worker     last_cpu=148 numa=0 mig=0 fallos=0 perf=full ratio_rm=0.1199
[OMPT] tid=966125 ompt_id=34339947158700033 tipo=ompt_thread_worker     last_cpu=200 numa=1 mig=0 fallos=0 perf=full ratio_rm=0.0191
[OMPT] tid=966235 ompt_id=65302194596872193 tipo=ompt_thread_worker     last_cpu= 95 numa=1 mig=0 fallos=0 perf=full ratio_rm=0.0125
[OMPT] tid=966161 ompt_id=44473046320283649 tipo=ompt_thread_worker     last_cpu=223 numa=1 mig=0 fallos=0 perf=full ratio_rm=0.0099
[OMPT] tid=966237 ompt_id=65865144550293505 tipo=ompt_thread_worker     last_cpu= 76 numa=1 mig=0 fallos=0 perf=full ratio_rm=0.0217
[OMPT] tid=966211 ompt_id=58546795155816449 tipo=ompt_thread_worker     last_cpu=101 numa=1 mig=0 fallos=0 perf=full ratio_rm=0.0104
[OMPT] tid=966061 ompt_id=16325548649218049 tipo=ompt_thread_worker     last_cpu=229 numa=1 mig=0 fallos=0 perf=full ratio_rm=0.0136
[OMPT] tid=966083 ompt_id=22517998136852481 tipo=ompt_thread_worker     last_cpu=220 numa=1 mig=0 fallos=0 perf=full ratio_rm=0.0178
[OMPT] tid=966171 ompt_id=47287796087390209 tipo=ompt_thread_worker     last_cpu= 92 numa=1 mig=0 fallos=0 perf=full ratio_rm=0.0136
[OMPT] tid=966139 ompt_id=38280596832649217 tipo=ompt_thread_worker     last_cpu=225 numa=1 mig=0 fallos=0 perf=full ratio_rm=0.0138
[OMPT] tid=966077 ompt_id=20829148276588545 tipo=ompt_thread_worker     last_cpu=230 numa=1 mig=0 fallos=0 perf=full ratio_rm=0.0135
[OMPT] tid=966099 ompt_id=27021597764222977 tipo=ompt_thread_worker     last_cpu=219 numa=1 mig=0 fallos=0 perf=full ratio_rm=0.0247
[OMPT] tid=966203 ompt_id=56294995342131201 tipo=ompt_thread_worker     last_cpu= 89 numa=1 mig=0 fallos=0 perf=full ratio_rm=0.0174
[OMPT] tid=966067 ompt_id=18014398509481985 tipo=ompt_thread_worker     last_cpu=221 numa=1 mig=0 fallos=0 perf=full ratio_rm=0.0184
[OMPT] tid=966209 ompt_id=57983845202395137 tipo=ompt_thread_worker     last_cpu= 78 numa=1 mig=0 fallos=0 perf=full ratio_rm=0.0181
[OMPT] tid=966205 ompt_id=56857945295552513 tipo=ompt_thread_worker     last_cpu=115 numa=1 mig=0 fallos=0 perf=full ratio_rm=0.0233
[OMPT] tid=966057 ompt_id=15199648742375425 tipo=ompt_thread_worker     last_cpu=245 numa=1 mig=0 fallos=0 perf=full ratio_rm=0.0211
[OMPT] ===== Overhead intrínseco =====
  monitor: 5 ticks, 43563.1 us total (max 26724.2 us/tick)
  callbacks implicit_task: 41985, 56632123.6 us total
  migraciones: 0 (0.0 us total)
  resyncs=0  lecturas escaladas por multiplexado=3328
  hilos con perf fallido=0  parcial=0
  ventanas con fills=512
