[OMPT] ompt_initialize (OPCIÓN C: integrador con fugas)  verbose=0  migracion=activa
[HWLOC] Nodos NUMA detectados: 2 (usados: 2)
[HWLOC] Nodo 0: 128 CPUs
[HWLOC] Nodo 1: 128 CPUs
[OMPT] callback 'ompt_callback_thread_begin' registrado (result=5)
[OMPT] callback 'ompt_callback_thread_end' registrado (result=5)
[OMPT] callback 'ompt_callback_parallel_begin' registrado (result=5)
[OMPT] callback 'ompt_callback_parallel_end' registrado (result=5)
[OMPT] callback 'ompt_callback_implicit_task' registrado (result=5)
[OMPT] callback 'ompt_callback_control_tool' registrado (result=5)
[OMPT] Callbacks registrados
[OMPT] Sistema: 0 procesadores lógicos
[OMPT][MON] Monitor (C: integrador con fugas)  período=100ms  warmup=5  referencia=MIN  T=min+max(0.050, 3.00*MAD_bajo)  leak=0.50*margen  cap=8.00*margen  max_mig=1  migracion=activa
[perf_region] tool OMPT detectado: los contadores los lleva el tool, no se abren aqui
[OMPT] control_tool: INICIANDO medicion
[OMPT] control_tool: PAUSANDO medicion
[OMPT] ompt_finalize
[OMPT][MON] Monitor detenido tras 2 ventanas
[OMPT] CSV de ventanas: 0 filas volcadas (0 descartadas)
[OMPT] ===== Tabla final: 128 hilos =====
[OMPT] tid=962335 ompt_id=281474976710657 tipo=ompt_thread_initial    last_cpu=255 numa=1 mig=0 fallos=0 perf=full ratio_rm=0.0000
[OMPT] tid=962337 ompt_id=562949953421313 tipo=ompt_thread_worker     last_cpu=254 numa=1 mig=0 fallos=0 perf=full ratio_rm=0.0000
[OMPT] tid=962338 ompt_id=844424930131969 tipo=ompt_thread_worker     last_cpu=125 numa=1 mig=0 fallos=0 perf=full ratio_rm=0.0000
[OMPT] tid=962339 ompt_id=1125899906842625 tipo=ompt_thread_worker     last_cpu=124 numa=1 mig=0 fallos=0 perf=full ratio_rm=0.0008
[OMPT] tid=962340 ompt_id=1407374883553281 tipo=ompt_thread_worker     last_cpu=123 numa=1 mig=0 fallos=0 perf=full ratio_rm=0.0001
[OMPT] tid=962341 ompt_id=1688849860263937 tipo=ompt_thread_worker     last_cpu=104 numa=1 mig=0 fallos=0 perf=full ratio_rm=0.0001
[OMPT] tid=962342 ompt_id=1970324836974593 tipo=ompt_thread_worker     last_cpu=138 numa=0 mig=0 fallos=0 perf=full ratio_rm=0.0908
[OMPT] tid=962344 ompt_id=2533274790395905 tipo=ompt_thread_worker     last_cpu=122 numa=1 mig=0 fallos=0 perf=full ratio_rm=0.0001
[OMPT] tid=962343 ompt_id=2251799813685249 tipo=ompt_thread_worker     last_cpu= 33 numa=0 mig=0 fallos=0 perf=full ratio_rm=0.1342
[OMPT] tid=962346 ompt_id=2814749767106561 tipo=ompt_thread_worker     last_cpu= 57 numa=0 mig=0 fallos=0 perf=full ratio_rm=0.1028
[OMPT] tid=962345 ompt_id=3096224743817217 tipo=ompt_thread_worker     last_cpu=141 numa=0 mig=0 fallos=0 perf=full ratio_rm=0.0793
[OMPT] tid=962347 ompt_id=3377699720527873 tipo=ompt_thread_worker     last_cpu= 11 numa=0 mig=0 fallos=0 perf=full ratio_rm=0.0698
[OMPT] tid=962348 ompt_id=3659174697238529 tipo=ompt_thread_worker     last_cpu=120 numa=1 mig=0 fallos=0 perf=full ratio_rm=0.0000
[OMPT] tid=962349 ompt_id=3940649673949185 tipo=ompt_thread_worker     last_cpu= 56 numa=0 mig=0 fallos=0 perf=full ratio_rm=0.0847
[OMPT] tid=962350 ompt_id=4222124650659841 tipo=ompt_thread_worker     last_cpu=218 numa=1 mig=0 fallos=0 perf=full ratio_rm=0.0002
[OMPT] tid=962351 ompt_id=4503599627370497 tipo=ompt_thread_worker     last_cpu= 10 numa=0 mig=0 fallos=0 perf=full ratio_rm=0.1026
[OMPT] tid=962352 ompt_id=4785074604081153 tipo=ompt_thread_worker     last_cpu=126 numa=1 mig=0 fallos=0 perf=full ratio_rm=0.0000
[OMPT] tid=962353 ompt_id=5066549580791809 tipo=ompt_thread_worker     last_cpu=143 numa=0 mig=0 fallos=0 perf=full ratio_rm=0.0771
[OMPT] tid=962354 ompt_id=5348024557502465 tipo=ompt_thread_worker     last_cpu=190 numa=0 mig=0 fallos=0 perf=full ratio_rm=0.0535
[OMPT] tid=962355 ompt_id=5629499534213121 tipo=ompt_thread_worker     last_cpu=  8 numa=0 mig=0 fallos=0 perf=full ratio_rm=0.1396
[OMPT] tid=962356 ompt_id=5910974510923777 tipo=ompt_thread_worker     last_cpu=  6 numa=0 mig=0 fallos=0 perf=full ratio_rm=0.1057
[OMPT] tid=962357 ompt_id=6192449487634433 tipo=ompt_thread_worker     last_cpu=128 numa=0 mig=0 fallos=0 perf=full ratio_rm=0.0826
[OMPT] tid=962358 ompt_id=6473924464345089 tipo=ompt_thread_worker     last_cpu=135 numa=0 mig=0 fallos=0 perf=full ratio_rm=0.0637
[OMPT] tid=962359 ompt_id=6755399441055745 tipo=ompt_thread_worker     last_cpu=  7 numa=0 mig=0 fallos=0 perf=full ratio_rm=0.0781
[OMPT] tid=962360 ompt_id=7036874417766401 tipo=ompt_thread_worker     last_cpu=249 numa=1 mig=0 fallos=0 perf=full ratio_rm=0.0001
[OMPT] tid=962361 ompt_id=7318349394477057 tipo=ompt_thread_worker     last_cpu=195 numa=1 mig=0 fallos=0 perf=full ratio_rm=0.0003
[OMPT] tid=962362 ompt_id=7599824371187713 tipo=ompt_thread_worker     last_cpu=223 numa=1 mig=0 fallos=0 perf=full ratio_rm=0.0002
[OMPT] tid=962363 ompt_id=7881299347898369 tipo=ompt_thread_worker     last_cpu=176 numa=0 mig=0 fallos=0 perf=full ratio_rm=0.1273
[OMPT] tid=962364 ompt_id=8162774324609025 tipo=ompt_thread_worker     last_cpu=  9 numa=0 mig=0 fallos=0 perf=full ratio_rm=0.1532
[OMPT] tid=962365 ompt_id=8444249301319681 tipo=ompt_thread_worker     last_cpu=140 numa=0 mig=0 fallos=0 perf=full ratio_rm=0.0611
[OMPT] tid=962366 ompt_id=8725724278030337 tipo=ompt_thread_worker     last_cpu=186 numa=0 mig=0 fallos=0 perf=full ratio_rm=0.1008
[OMPT] tid=962367 ompt_id=9007199254740993 tipo=ompt_thread_worker     last_cpu=127 numa=1 mig=0 fallos=0 perf=full ratio_rm=0.0001
[OMPT] tid=962368 ompt_id=9288674231451649 tipo=ompt_thread_worker     last_cpu=121 numa=1 mig=0 fallos=0 perf=full ratio_rm=0.0001
[OMPT] tid=962369 ompt_id=9570149208162305 tipo=ompt_thread_worker     last_cpu=238 numa=1 mig=0 fallos=0 perf=full ratio_rm=0.0003
[OMPT] tid=962370 ompt_id=9851624184872961 tipo=ompt_thread_worker     last_cpu=253 numa=1 mig=0 fallos=0 perf=full ratio_rm=0.0002
[OMPT] tid=962371 ompt_id=10133099161583617 tipo=ompt_thread_worker     last_cpu=129 numa=0 mig=0 fallos=0 perf=full ratio_rm=0.0989
[OMPT] tid=962402 ompt_id=18858823439613953 tipo=ompt_thread_worker     last_cpu= 12 numa=0 mig=0 fallos=0 perf=full ratio_rm=0.0775
[OMPT] tid=962454 ompt_id=33495522228568065 tipo=ompt_thread_worker     last_cpu= 60 numa=0 mig=0 fallos=0 perf=full ratio_rm=0.0582
[OMPT] tid=962379 ompt_id=12384898975268865 tipo=ompt_thread_worker     last_cpu= 59 numa=0 mig=0 fallos=0 perf=full ratio_rm=0.0461
[OMPT] tid=962463 ompt_id=36028797018963969 tipo=ompt_thread_worker     last_cpu=158 numa=0 mig=0 fallos=0 perf=full ratio_rm=0.0490
[OMPT] tid=962451 ompt_id=32651097298436097 tipo=ompt_thread_worker     last_cpu=182 numa=0 mig=0 fallos=0 perf=full ratio_rm=0.0557
[OMPT] tid=962414 ompt_id=22236523160141825 tipo=ompt_thread_worker     last_cpu=150 numa=0 mig=0 fallos=0 perf=full ratio_rm=0.0574
[OMPT] tid=962462 ompt_id=35747322042253313 tipo=ompt_thread_worker     last_cpu= 25 numa=0 mig=0 fallos=0 perf=full ratio_rm=0.1533
[OMPT] tid=962378 ompt_id=12103423998558209 tipo=ompt_thread_worker     last_cpu= 15 numa=0 mig=0 fallos=0 perf=full ratio_rm=0.0900
[OMPT] tid=962424 ompt_id=25051272927248385 tipo=ompt_thread_worker     last_cpu= 24 numa=0 mig=0 fallos=0 perf=full ratio_rm=0.1108
[OMPT] tid=962400 ompt_id=18295873486192641 tipo=ompt_thread_worker     last_cpu=142 numa=0 mig=0 fallos=0 perf=full ratio_rm=0.1347
[OMPT] tid=962442 ompt_id=30117822508040193 tipo=ompt_thread_worker     last_cpu=139 numa=0 mig=0 fallos=0 perf=full ratio_rm=0.0808
[OMPT] tid=962437 ompt_id=28710447624486913 tipo=ompt_thread_worker     last_cpu=130 numa=0 mig=0 fallos=0 perf=full ratio_rm=0.0918
[OMPT] tid=962380 ompt_id=12666373951979521 tipo=ompt_thread_worker     last_cpu=151 numa=0 mig=0 fallos=0 perf=full ratio_rm=0.1100
[OMPT] tid=962390 ompt_id=15481123719086081 tipo=ompt_thread_worker     last_cpu= 16 numa=0 mig=0 fallos=0 perf=full ratio_rm=0.1977
[OMPT] tid=962412 ompt_id=21673573206720513 tipo=ompt_thread_worker     last_cpu=149 numa=0 mig=0 fallos=0 perf=full ratio_rm=0.0933
[OMPT] tid=962450 ompt_id=32369622321725441 tipo=ompt_thread_worker     last_cpu=147 numa=0 mig=0 fallos=0 perf=full ratio_rm=0.0973
[OMPT] tid=962432 ompt_id=27303072740933633 tipo=ompt_thread_worker     last_cpu=148 numa=0 mig=0 fallos=0 perf=full ratio_rm=0.1224
[OMPT] tid=962391 ompt_id=15762598695796737 tipo=ompt_thread_worker     last_cpu=131 numa=0 mig=0 fallos=0 perf=full ratio_rm=0.0725
[OMPT] tid=962445 ompt_id=30962247438172161 tipo=ompt_thread_worker     last_cpu=227 numa=1 mig=0 fallos=0 perf=full ratio_rm=0.0027
[OMPT] tid=962377 ompt_id=11821949021847553 tipo=ompt_thread_worker     last_cpu=207 numa=1 mig=0 fallos=0 perf=full ratio_rm=0.0037
[OMPT] tid=962393 ompt_id=16325548649218049 tipo=ompt_thread_worker     last_cpu=206 numa=1 mig=0 fallos=0 perf=full ratio_rm=0.0025
[OMPT] tid=962427 ompt_id=25895697857380353 tipo=ompt_thread_worker     last_cpu=204 numa=1 mig=0 fallos=0 perf=full ratio_rm=0.0044
[OMPT] tid=962409 ompt_id=20829148276588545 tipo=ompt_thread_worker     last_cpu=205 numa=1 mig=0 fallos=0 perf=full ratio_rm=0.0042
[OMPT] tid=962461 ompt_id=35465847065542657 tipo=ompt_thread_worker     last_cpu=210 numa=1 mig=0 fallos=0 perf=full ratio_rm=0.0050
[OMPT] tid=962460 ompt_id=35184372088832001 tipo=ompt_thread_worker     last_cpu=154 numa=0 mig=0 fallos=0 perf=full ratio_rm=0.1400
[OMPT] tid=962438 ompt_id=28991922601197569 tipo=ompt_thread_worker     last_cpu=187 numa=0 mig=0 fallos=0 perf=full ratio_rm=0.0445
[OMPT] tid=962376 ompt_id=11540474045136897 tipo=ompt_thread_worker     last_cpu=191 numa=0 mig=0 fallos=0 perf=full ratio_rm=0.0624
[OMPT] tid=962418 ompt_id=23362423066984449 tipo=ompt_thread_worker     last_cpu=189 numa=0 mig=0 fallos=0 perf=full ratio_rm=0.0581
[OMPT] tid=962422 ompt_id=24488322973827073 tipo=ompt_thread_worker     last_cpu=188 numa=0 mig=0 fallos=0 perf=full ratio_rm=0.0555
[OMPT] tid=962439 ompt_id=29273397577908225 tipo=ompt_thread_worker     last_cpu=211 numa=1 mig=0 fallos=0 perf=full ratio_rm=0.0041
[OMPT] tid=962411 ompt_id=21392098230009857 tipo=ompt_thread_worker     last_cpu=213 numa=1 mig=0 fallos=0 perf=full ratio_rm=0.0033
[OMPT] tid=962395 ompt_id=16888498602639361 tipo=ompt_thread_worker     last_cpu=214 numa=1 mig=0 fallos=0 perf=full ratio_rm=0.0048
[OMPT] tid=962453 ompt_id=33214047251857409 tipo=ompt_thread_worker     last_cpu=226 numa=1 mig=0 fallos=0 perf=full ratio_rm=0.0062
[OMPT] tid=962372 ompt_id=10414574138294273 tipo=ompt_thread_worker     last_cpu=231 numa=1 mig=0 fallos=0 perf=full ratio_rm=0.0031
[OMPT] tid=962413 ompt_id=21955048183431169 tipo=ompt_thread_worker     last_cpu=229 numa=1 mig=0 fallos=0 perf=full ratio_rm=0.0032
[OMPT] tid=962381 ompt_id=12947848928690177 tipo=ompt_thread_worker     last_cpu=247 numa=1 mig=0 fallos=0 perf=full ratio_rm=0.0038
[OMPT] tid=962401 ompt_id=18577348462903297 tipo=ompt_thread_worker     last_cpu=246 numa=1 mig=0 fallos=0 perf=full ratio_rm=0.0059
[OMPT] tid=962433 ompt_id=27584547717644289 tipo=ompt_thread_worker     last_cpu=244 numa=1 mig=0 fallos=0 perf=full ratio_rm=0.0049
[OMPT] tid=962443 ompt_id=30399297484750849 tipo=ompt_thread_worker     last_cpu=203 numa=1 mig=0 fallos=0 perf=full ratio_rm=0.0067
[OMPT] tid=962447 ompt_id=31525197391593473 tipo=ompt_thread_worker     last_cpu=219 numa=1 mig=0 fallos=0 perf=full ratio_rm=0.0007
[OMPT] tid=962399 ompt_id=18014398509481985 tipo=ompt_thread_worker     last_cpu=222 numa=1 mig=0 fallos=0 perf=full ratio_rm=0.0053
[OMPT] tid=962431 ompt_id=27021597764222977 tipo=ompt_thread_worker     last_cpu=220 numa=1 mig=0 fallos=0 perf=full ratio_rm=0.0044
[OMPT] tid=962423 ompt_id=24769797950537729 tipo=ompt_thread_worker     last_cpu=196 numa=1 mig=0 fallos=0 perf=full ratio_rm=0.0078
[OMPT] tid=962389 ompt_id=15199648742375425 tipo=ompt_thread_worker     last_cpu=198 numa=1 mig=0 fallos=0 perf=full ratio_rm=0.0059
[OMPT] tid=962455 ompt_id=33776997205278721 tipo=ompt_thread_worker     last_cpu=194 numa=1 mig=0 fallos=0 perf=full ratio_rm=0.0095
[OMPT] tid=962407 ompt_id=20266198323167233 tipo=ompt_thread_worker     last_cpu=197 numa=1 mig=0 fallos=0 perf=full ratio_rm=0.0057
[OMPT] tid=962440 ompt_id=29554872554618881 tipo=ompt_thread_worker     last_cpu=155 numa=0 mig=0 fallos=0 perf=full ratio_rm=0.0916
[OMPT] tid=962428 ompt_id=26177172834091009 tipo=ompt_thread_worker     last_cpu=156 numa=0 mig=0 fallos=0 perf=full ratio_rm=0.0844
[OMPT] tid=962382 ompt_id=13229323905400833 tipo=ompt_thread_worker     last_cpu=159 numa=0 mig=0 fallos=0 perf=full ratio_rm=0.0609
[OMPT] tid=962416 ompt_id=22799473113563137 tipo=ompt_thread_worker     last_cpu=157 numa=0 mig=0 fallos=0 perf=full ratio_rm=0.0753
[OMPT] tid=962392 ompt_id=16044073672507393 tipo=ompt_thread_worker     last_cpu= 31 numa=0 mig=0 fallos=0 perf=full ratio_rm=0.0699
[OMPT] tid=962441 ompt_id=29836347531329537 tipo=ompt_thread_worker     last_cpu=235 numa=1 mig=0 fallos=0 perf=full ratio_rm=0.0069
[OMPT] tid=962405 ompt_id=19703248369745921 tipo=ompt_thread_worker     last_cpu=237 numa=1 mig=0 fallos=0 perf=full ratio_rm=0.0049
[OMPT] tid=962375 ompt_id=11258999068426241 tipo=ompt_thread_worker     last_cpu=239 numa=1 mig=0 fallos=0 perf=full ratio_rm=0.0084
[OMPT] tid=962421 ompt_id=24206847997116417 tipo=ompt_thread_worker     last_cpu=236 numa=1 mig=0 fallos=0 perf=full ratio_rm=0.0108
[OMPT] tid=962459 ompt_id=34902897112121345 tipo=ompt_thread_worker     last_cpu=234 numa=1 mig=0 fallos=0 perf=full ratio_rm=0.0153
[OMPT] tid=962429 ompt_id=26458647810801665 tipo=ompt_thread_worker     last_cpu=228 numa=1 mig=0 fallos=0 perf=full ratio_rm=0.0183
[OMPT] tid=962397 ompt_id=17451448556060673 tipo=ompt_thread_worker     last_cpu=230 numa=1 mig=0 fallos=0 perf=full ratio_rm=0.0119
[OMPT] tid=962456 ompt_id=34058472181989377 tipo=ompt_thread_worker     last_cpu=170 numa=0 mig=0 fallos=0 perf=full ratio_rm=0.2295
[OMPT] tid=962444 ompt_id=30680772461461505 tipo=ompt_thread_worker     last_cpu=171 numa=0 mig=0 fallos=0 perf=full ratio_rm=0.0734
[OMPT] tid=962396 ompt_id=17169973579350017 tipo=ompt_thread_worker     last_cpu=174 numa=0 mig=0 fallos=0 perf=full ratio_rm=0.0610
[OMPT] tid=962430 ompt_id=26740122787512321 tipo=ompt_thread_worker     last_cpu=172 numa=0 mig=0 fallos=0 perf=full ratio_rm=0.0580
[OMPT] tid=962406 ompt_id=19984723346456577 tipo=ompt_thread_worker     last_cpu=173 numa=0 mig=0 fallos=0 perf=full ratio_rm=0.0465
[OMPT] tid=962385 ompt_id=14073748835532801 tipo=ompt_thread_worker     last_cpu= 32 numa=0 mig=0 fallos=0 perf=full ratio_rm=0.0847
[OMPT] tid=962426 ompt_id=25614222880669697 tipo=ompt_thread_worker     last_cpu= 51 numa=0 mig=0 fallos=0 perf=full ratio_rm=0.0705
[OMPT] tid=962410 ompt_id=21110623253299201 tipo=ompt_thread_worker     last_cpu=183 numa=0 mig=0 fallos=0 perf=full ratio_rm=0.0523
[OMPT] tid=962387 ompt_id=14918173765664769 tipo=ompt_thread_worker     last_cpu= 52 numa=0 mig=0 fallos=0 perf=full ratio_rm=0.0776
[OMPT] tid=962448 ompt_id=31806672368304129 tipo=ompt_thread_worker     last_cpu=181 numa=0 mig=0 fallos=0 perf=full ratio_rm=0.0689
[OMPT] tid=962398 ompt_id=17732923532771329 tipo=ompt_thread_worker     last_cpu=175 numa=0 mig=0 fallos=0 perf=full ratio_rm=0.0342
[OMPT] tid=962420 ompt_id=23925373020405761 tipo=ompt_thread_worker     last_cpu=  3 numa=0 mig=0 fallos=0 perf=full ratio_rm=0.0866
[OMPT] tid=962436 ompt_id=28428972647776257 tipo=ompt_thread_worker     last_cpu=  4 numa=0 mig=0 fallos=0 perf=full ratio_rm=0.1196
[OMPT] tid=962417 ompt_id=23080948090273793 tipo=ompt_thread_worker     last_cpu=245 numa=1 mig=0 fallos=0 perf=full ratio_rm=0.0189
[OMPT] tid=962449 ompt_id=32088147345014785 tipo=ompt_thread_worker     last_cpu=243 numa=1 mig=0 fallos=0 perf=full ratio_rm=0.0237
[OMPT] tid=962457 ompt_id=34339947158700033 tipo=ompt_thread_worker     last_cpu= 72 numa=1 mig=0 fallos=0 perf=full ratio_rm=0.0406
[OMPT] tid=962415 ompt_id=22517998136852481 tipo=ompt_thread_worker     last_cpu=221 numa=1 mig=0 fallos=0 perf=full ratio_rm=0.0400
[OMPT] tid=962373 ompt_id=10696049115004929 tipo=ompt_thread_worker     last_cpu=199 numa=1 mig=0 fallos=0 perf=full ratio_rm=0.0386
[OMPT] tid=962446 ompt_id=31243722414882817 tipo=ompt_thread_worker     last_cpu=163 numa=0 mig=0 fallos=0 perf=full ratio_rm=0.0623
[OMPT] tid=962386 ompt_id=14355223812243457 tipo=ompt_thread_worker     last_cpu=248 numa=1 mig=0 fallos=0 perf=full ratio_rm=0.0203
[OMPT] tid=962425 ompt_id=25332747903959041 tipo=ompt_thread_worker     last_cpu=212 numa=1 mig=0 fallos=0 perf=full ratio_rm=0.0294
[OMPT] tid=962458 ompt_id=34621422135410689 tipo=ompt_thread_worker     last_cpu=162 numa=0 mig=0 fallos=0 perf=full ratio_rm=0.1307
[OMPT] tid=962403 ompt_id=19140298416324609 tipo=ompt_thread_worker     last_cpu=250 numa=1 mig=0 fallos=0 perf=full ratio_rm=0.0204
[OMPT] tid=962435 ompt_id=28147497671065601 tipo=ompt_thread_worker     last_cpu=252 numa=1 mig=0 fallos=0 perf=full ratio_rm=0.0159
[OMPT] tid=962419 ompt_id=23643898043695105 tipo=ompt_thread_worker     last_cpu=251 numa=1 mig=0 fallos=0 perf=full ratio_rm=0.0165
[OMPT] tid=962404 ompt_id=19421773393035265 tipo=ompt_thread_worker     last_cpu=  0 numa=0 mig=0 fallos=0 perf=full ratio_rm=0.0836
[OMPT] tid=962452 ompt_id=32932572275146753 tipo=ompt_thread_worker     last_cpu=  5 numa=0 mig=0 fallos=0 perf=full ratio_rm=0.0909
[OMPT] tid=962383 ompt_id=13510798882111489 tipo=ompt_thread_worker     last_cpu=215 numa=1 mig=0 fallos=0 perf=full ratio_rm=0.0316
[OMPT] tid=962388 ompt_id=14636698788954113 tipo=ompt_thread_worker     last_cpu=  2 numa=0 mig=0 fallos=0 perf=full ratio_rm=0.0880
[OMPT] tid=962374 ompt_id=10977524091715585 tipo=ompt_thread_worker     last_cpu=  1 numa=0 mig=0 fallos=0 perf=full ratio_rm=0.0803
[OMPT] tid=962408 ompt_id=20547673299877889 tipo=ompt_thread_worker     last_cpu=165 numa=0 mig=0 fallos=0 perf=full ratio_rm=0.0651
[OMPT] tid=962394 ompt_id=16607023625928705 tipo=ompt_thread_worker     last_cpu=166 numa=0 mig=0 fallos=0 perf=full ratio_rm=0.0528
[OMPT] tid=962434 ompt_id=27866022694354945 tipo=ompt_thread_worker     last_cpu=164 numa=0 mig=0 fallos=0 perf=full ratio_rm=0.0725
[OMPT] tid=962384 ompt_id=13792273858822145 tipo=ompt_thread_worker     last_cpu=167 numa=0 mig=0 fallos=0 perf=full ratio_rm=0.0535
[OMPT] ===== Overhead intrínseco =====
  monitor: 2 ticks, 1336.1 us total (max 1334.9 us/tick)
  callbacks implicit_task: 20993, 8375820.3 us total
  migraciones: 0 (0.0 us total)
  resyncs=0  lecturas escaladas por multiplexado=1152
  hilos con perf fallido=0  parcial=0
  ventanas con fills=0

[OMPT] *** AVISO GRAVE ***
  1152 lecturas de contador con exito y NINGUNA ventana con data
  cache fills. Los eventos crudos 0xD044/0xFF44 abrieron pero cuentan
  siempre 0: esta PMU no los implementa (son de AMD Zen). ratio_rm no
  existe y el scheduler NO PUEDE decidir migraciones. Los resultados de
  localidad de esta corrida no son válidos.

