[OMPT] ompt_initialize (OPCIÓN C: integrador con fugas)  verbose=0  migracion=DESACTIVADA
[HWLOC] Nodos NUMA detectados: 2 (usados: 2)
[HWLOC] Nodo 0: 128 CPUs
[HWLOC] Nodo 1: 128 CPUs
[OMPT] callback 'ompt_callback_thread_begin' registrado (result=5)
[OMPT] callback 'ompt_callback_thread_end' registrado (result=5)
[OMPT] callback 'ompt_callback_parallel_begin' registrado (result=5)
[OMPT] callback 'ompt_callback_parallel_end' registrado (result=5)
[OMPT] callback 'ompt_callback_implicit_task' registrado (result=5)
[OMPT] callback 'ompt_callback_control_tool' registrado (result=5)
[OMPT] Callbacks registrados
[OMPT] Sistema: 0 procesadores lógicos
[OMPT][MON] Monitor (C: integrador con fugas)  período=100ms  warmup=5  referencia=MIN  T=min+max(0.050, 3.00*MAD_bajo)  leak=0.50*margen  cap=8.00*margen  max_mig=1  migracion=DESACTIVADA
[perf_region] tool OMPT detectado: los contadores los lleva el tool, no se abren aqui
[OMPT] control_tool: INICIANDO medicion
[OMPT] control_tool: PAUSANDO medicion
[OMPT] ompt_finalize
[OMPT][MON] Monitor detenido tras 252 ventanas
[OMPT] CSV de ventanas: 5911 filas volcadas (0 descartadas)
[OMPT] ===== Tabla final: 32 hilos =====
[OMPT] tid=1006600 ompt_id=281474976710657 tipo=ompt_thread_initial    last_cpu=255 numa=1 mig=0 fallos=0 perf=full ratio_rm=0.0000
[OMPT] tid=1006602 ompt_id=562949953421313 tipo=ompt_thread_worker     last_cpu=121 numa=1 mig=0 fallos=0 perf=full ratio_rm=0.0000
[OMPT] tid=1006603 ompt_id=844424930131969 tipo=ompt_thread_worker     last_cpu=231 numa=1 mig=0 fallos=0 perf=full ratio_rm=0.0000
[OMPT] tid=1006604 ompt_id=1125899906842625 tipo=ompt_thread_worker     last_cpu= 64 numa=1 mig=0 fallos=0 perf=full ratio_rm=0.0000
[OMPT] tid=1006605 ompt_id=1407374883553281 tipo=ompt_thread_worker     last_cpu=247 numa=1 mig=0 fallos=0 perf=full ratio_rm=0.0000
[OMPT] tid=1006607 ompt_id=1688849860263937 tipo=ompt_thread_worker     last_cpu= 89 numa=1 mig=0 fallos=0 perf=full ratio_rm=0.0000
[OMPT] tid=1006606 ompt_id=1970324836974593 tipo=ompt_thread_worker     last_cpu=114 numa=1 mig=0 fallos=0 perf=full ratio_rm=0.0000
[OMPT] tid=1006608 ompt_id=2251799813685249 tipo=ompt_thread_worker     last_cpu= 73 numa=1 mig=0 fallos=0 perf=full ratio_rm=0.0000
[OMPT] tid=1006609 ompt_id=2533274790395905 tipo=ompt_thread_worker     last_cpu=215 numa=1 mig=0 fallos=0 perf=full ratio_rm=0.0000
[OMPT] tid=1006611 ompt_id=2814749767106561 tipo=ompt_thread_worker     last_cpu= 25 numa=0 mig=0 fallos=0 perf=full ratio_rm=0.5898
[OMPT] tid=1006610 ompt_id=3096224743817217 tipo=ompt_thread_worker     last_cpu=239 numa=1 mig=0 fallos=0 perf=full ratio_rm=0.0000
[OMPT] tid=1006612 ompt_id=3377699720527873 tipo=ompt_thread_worker     last_cpu=199 numa=1 mig=0 fallos=0 perf=full ratio_rm=0.0000
[OMPT] tid=1006613 ompt_id=3659174697238529 tipo=ompt_thread_worker     last_cpu= 49 numa=0 mig=0 fallos=0 perf=full ratio_rm=0.6105
[OMPT] tid=1006614 ompt_id=3940649673949185 tipo=ompt_thread_worker     last_cpu= 41 numa=0 mig=0 fallos=0 perf=full ratio_rm=0.6112
[OMPT] tid=1006615 ompt_id=4222124650659841 tipo=ompt_thread_worker     last_cpu= 48 numa=0 mig=0 fallos=0 perf=full ratio_rm=0.6118
[OMPT] tid=1006616 ompt_id=4503599627370497 tipo=ompt_thread_worker     last_cpu= 32 numa=0 mig=0 fallos=0 perf=full ratio_rm=0.6123
[OMPT] tid=1006617 ompt_id=4785074604081153 tipo=ompt_thread_worker     last_cpu= 79 numa=1 mig=0 fallos=0 perf=full ratio_rm=0.0000
[OMPT] tid=1006618 ompt_id=5066549580791809 tipo=ompt_thread_worker     last_cpu= 33 numa=0 mig=0 fallos=0 perf=full ratio_rm=0.4843
[OMPT] tid=1006620 ompt_id=5348024557502465 tipo=ompt_thread_worker     last_cpu= 96 numa=1 mig=0 fallos=0 perf=full ratio_rm=0.0000
[OMPT] tid=1006619 ompt_id=5629499534213121 tipo=ompt_thread_worker     last_cpu= 17 numa=0 mig=0 fallos=0 perf=full ratio_rm=0.5384
[OMPT] tid=1006621 ompt_id=5910974510923777 tipo=ompt_thread_worker     last_cpu= 16 numa=0 mig=0 fallos=0 perf=full ratio_rm=0.6184
[OMPT] tid=1006622 ompt_id=6192449487634433 tipo=ompt_thread_worker     last_cpu=  9 numa=0 mig=0 fallos=0 perf=full ratio_rm=0.6164
[OMPT] tid=1006623 ompt_id=6473924464345089 tipo=ompt_thread_worker     last_cpu= 62 numa=0 mig=0 fallos=0 perf=full ratio_rm=0.6094
[OMPT] tid=1006624 ompt_id=6755399441055745 tipo=ompt_thread_worker     last_cpu= 40 numa=0 mig=0 fallos=0 perf=full ratio_rm=0.6107
[OMPT] tid=1006625 ompt_id=7036874417766401 tipo=ompt_thread_worker     last_cpu=128 numa=0 mig=0 fallos=0 perf=full ratio_rm=0.6185
[OMPT] tid=1006626 ompt_id=7318349394477057 tipo=ompt_thread_worker     last_cpu= 61 numa=0 mig=0 fallos=0 perf=full ratio_rm=0.6093
[OMPT] tid=1006627 ompt_id=7599824371187713 tipo=ompt_thread_worker     last_cpu= 24 numa=0 mig=0 fallos=0 perf=full ratio_rm=0.6162
[OMPT] tid=1006628 ompt_id=7881299347898369 tipo=ompt_thread_worker     last_cpu=209 numa=1 mig=0 fallos=0 perf=full ratio_rm=0.0000
[OMPT] tid=1006629 ompt_id=8162774324609025 tipo=ompt_thread_worker     last_cpu=238 numa=1 mig=0 fallos=0 perf=full ratio_rm=0.0000
[OMPT] tid=1006630 ompt_id=8444249301319681 tipo=ompt_thread_worker     last_cpu=  2 numa=0 mig=0 fallos=0 perf=full ratio_rm=0.3708
[OMPT] tid=1006631 ompt_id=8725724278030337 tipo=ompt_thread_worker     last_cpu=  8 numa=0 mig=0 fallos=0 perf=full ratio_rm=0.4204
[OMPT] tid=1006632 ompt_id=9007199254740993 tipo=ompt_thread_worker     last_cpu=223 numa=1 mig=0 fallos=0 perf=full ratio_rm=0.0000
[OMPT] ===== Overhead intrínseco =====
  monitor: 252 ticks, 37260.8 us total (max 701.9 us/tick)
  callbacks implicit_task: 5249, 1124101.3 us total
  migraciones: 0 (0.0 us total)
  resyncs=9  lecturas escaladas por multiplexado=12128
  hilos con perf fallido=0  parcial=0
  ventanas con fills=5911
