[OMPT] ompt_initialize (OPCIÓN C: integrador con fugas)  verbose=0  migracion=DESACTIVADA
[HWLOC] Nodos NUMA detectados: 2 (usados: 2)
[HWLOC] Nodo 0: 128 CPUs
[HWLOC] Nodo 1: 128 CPUs
[OMPT] callback 'ompt_callback_thread_begin' registrado (result=5)
[OMPT] callback 'ompt_callback_thread_end' registrado (result=5)
[OMPT] callback 'ompt_callback_parallel_begin' registrado (result=5)
[OMPT] callback 'ompt_callback_parallel_end' registrado (result=5)
[OMPT] callback 'ompt_callback_implicit_task' registrado (result=5)
[OMPT] callback 'ompt_callback_control_tool' registrado (result=5)
[OMPT] Callbacks registrados
[OMPT] Sistema: 0 procesadores lógicos
[OMPT][MON] Monitor (C: integrador con fugas)  período=100ms  warmup=5  referencia=MIN  T=min+max(0.050, 3.00*MAD_bajo)  leak=0.50*margen  cap=8.00*margen  max_mig=1  migracion=DESACTIVADA
[perf_region] tool OMPT detectado: los contadores los lleva el tool, no se abren aqui
[OMPT] control_tool: INICIANDO medicion
[OMPT] control_tool: PAUSANDO medicion
[OMPT] ompt_finalize
[OMPT][MON] Monitor detenido tras 5 ventanas
[OMPT] CSV de ventanas: 128 filas volcadas (0 descartadas)
[OMPT] ===== Tabla final: 128 hilos =====
[OMPT] tid=990636 ompt_id=281474976710657 tipo=ompt_thread_initial    last_cpu=255 numa=1 mig=0 fallos=0 perf=full ratio_rm=0.0002
[OMPT] tid=990639 ompt_id=562949953421313 tipo=ompt_thread_worker     last_cpu=124 numa=1 mig=0 fallos=0 perf=full ratio_rm=0.0002
[OMPT] tid=990640 ompt_id=1125899906842625 tipo=ompt_thread_worker     last_cpu=123 numa=1 mig=0 fallos=0 perf=full ratio_rm=0.0001
[OMPT] tid=990638 ompt_id=844424930131969 tipo=ompt_thread_worker     last_cpu=196 numa=1 mig=0 fallos=0 perf=full ratio_rm=0.0002
[OMPT] tid=990641 ompt_id=1407374883553281 tipo=ompt_thread_worker     last_cpu=226 numa=1 mig=0 fallos=0 perf=full ratio_rm=0.0003
[OMPT] tid=990642 ompt_id=1688849860263937 tipo=ompt_thread_worker     last_cpu= 56 numa=0 mig=0 fallos=0 perf=full ratio_rm=0.0071
[OMPT] tid=990644 ompt_id=2251799813685249 tipo=ompt_thread_worker     last_cpu=122 numa=1 mig=0 fallos=0 perf=full ratio_rm=0.0002
[OMPT] tid=990645 ompt_id=2533274790395905 tipo=ompt_thread_worker     last_cpu=247 numa=1 mig=0 fallos=0 perf=full ratio_rm=0.0002
[OMPT] tid=990643 ompt_id=1970324836974593 tipo=ompt_thread_worker     last_cpu=  7 numa=0 mig=0 fallos=0 perf=full ratio_rm=0.0036
[OMPT] tid=990646 ompt_id=3096224743817217 tipo=ompt_thread_worker     last_cpu= 96 numa=1 mig=0 fallos=0 perf=full ratio_rm=0.0002
[OMPT] tid=990650 ompt_id=3940649673949185 tipo=ompt_thread_worker     last_cpu=120 numa=1 mig=0 fallos=0 perf=full ratio_rm=0.0002
[OMPT] tid=990649 ompt_id=3659174697238529 tipo=ompt_thread_worker     last_cpu=246 numa=1 mig=0 fallos=0 perf=full ratio_rm=0.0002
[OMPT] tid=990651 ompt_id=4222124650659841 tipo=ompt_thread_worker     last_cpu=136 numa=0 mig=0 fallos=0 perf=full ratio_rm=0.0116
[OMPT] tid=990647 ompt_id=2814749767106561 tipo=ompt_thread_worker     last_cpu=121 numa=1 mig=0 fallos=0 perf=full ratio_rm=0.0002
[OMPT] tid=990648 ompt_id=3377699720527873 tipo=ompt_thread_worker     last_cpu=  6 numa=0 mig=0 fallos=0 perf=full ratio_rm=0.0036
[OMPT] tid=990652 ompt_id=4503599627370497 tipo=ompt_thread_worker     last_cpu=  4 numa=0 mig=0 fallos=0 perf=full ratio_rm=0.0071
[OMPT] tid=990654 ompt_id=5066549580791809 tipo=ompt_thread_worker     last_cpu=229 numa=1 mig=0 fallos=0 perf=full ratio_rm=0.0002
[OMPT] tid=990653 ompt_id=4785074604081153 tipo=ompt_thread_worker     last_cpu=224 numa=1 mig=0 fallos=0 perf=full ratio_rm=0.0002
[OMPT] tid=990656 ompt_id=5629499534213121 tipo=ompt_thread_worker     last_cpu=228 numa=1 mig=0 fallos=0 perf=full ratio_rm=0.0002
[OMPT] tid=990655 ompt_id=5348024557502465 tipo=ompt_thread_worker     last_cpu=126 numa=1 mig=0 fallos=0 perf=full ratio_rm=0.0002
[OMPT] tid=990657 ompt_id=5910974510923777 tipo=ompt_thread_worker     last_cpu=231 numa=1 mig=0 fallos=0 perf=full ratio_rm=0.0001
[OMPT] tid=990658 ompt_id=6192449487634433 tipo=ompt_thread_worker     last_cpu=102 numa=1 mig=0 fallos=0 perf=full ratio_rm=0.0002
[OMPT] tid=990659 ompt_id=6473924464345089 tipo=ompt_thread_worker     last_cpu=101 numa=1 mig=0 fallos=0 perf=full ratio_rm=0.0001
[OMPT] tid=990660 ompt_id=6755399441055745 tipo=ompt_thread_worker     last_cpu=100 numa=1 mig=0 fallos=0 perf=full ratio_rm=0.0001
[OMPT] tid=990661 ompt_id=7036874417766401 tipo=ompt_thread_worker     last_cpu=254 numa=1 mig=0 fallos=0 perf=full ratio_rm=0.0001
[OMPT] tid=990662 ompt_id=7318349394477057 tipo=ompt_thread_worker     last_cpu= 72 numa=1 mig=0 fallos=0 perf=full ratio_rm=0.0003
[OMPT] tid=990663 ompt_id=7599824371187713 tipo=ompt_thread_worker     last_cpu=112 numa=1 mig=0 fallos=0 perf=full ratio_rm=0.0003
[OMPT] tid=990664 ompt_id=7881299347898369 tipo=ompt_thread_worker     last_cpu= 97 numa=1 mig=0 fallos=0 perf=full ratio_rm=0.0002
[OMPT] tid=990665 ompt_id=8162774324609025 tipo=ompt_thread_worker     last_cpu=227 numa=1 mig=0 fallos=0 perf=full ratio_rm=0.0002
[OMPT] tid=990666 ompt_id=8444249301319681 tipo=ompt_thread_worker     last_cpu=230 numa=1 mig=0 fallos=0 perf=full ratio_rm=0.0001
[OMPT] tid=990667 ompt_id=8725724278030337 tipo=ompt_thread_worker     last_cpu=253 numa=1 mig=0 fallos=0 perf=full ratio_rm=0.0002
[OMPT] tid=990668 ompt_id=9007199254740993 tipo=ompt_thread_worker     last_cpu=  5 numa=0 mig=0 fallos=0 perf=full ratio_rm=0.0321
[OMPT] tid=990669 ompt_id=9288674231451649 tipo=ompt_thread_worker     last_cpu=125 numa=1 mig=0 fallos=0 perf=full ratio_rm=0.0002
[OMPT] tid=990670 ompt_id=9570149208162305 tipo=ompt_thread_worker     last_cpu=195 numa=1 mig=0 fallos=0 perf=full ratio_rm=0.0003
[OMPT] tid=990671 ompt_id=9851624184872961 tipo=ompt_thread_worker     last_cpu=127 numa=1 mig=0 fallos=0 perf=full ratio_rm=0.0002
[OMPT] tid=990672 ompt_id=10133099161583617 tipo=ompt_thread_worker     last_cpu=113 numa=1 mig=0 fallos=0 perf=full ratio_rm=0.0004
[OMPT] tid=990700 ompt_id=18014398509481985 tipo=ompt_thread_worker     last_cpu= 40 numa=0 mig=0 fallos=0 perf=full ratio_rm=0.0053
[OMPT] tid=990682 ompt_id=12666373951979521 tipo=ompt_thread_worker     last_cpu= 24 numa=0 mig=0 fallos=0 perf=full ratio_rm=0.0136
[OMPT] tid=990734 ompt_id=27584547717644289 tipo=ompt_thread_worker     last_cpu=128 numa=0 mig=0 fallos=0 perf=full ratio_rm=0.0264
[OMPT] tid=990702 ompt_id=18577348462903297 tipo=ompt_thread_worker     last_cpu=  9 numa=0 mig=0 fallos=0 perf=full ratio_rm=0.0054
[OMPT] tid=990750 ompt_id=32088147345014785 tipo=ompt_thread_worker     last_cpu=  1 numa=0 mig=0 fallos=0 perf=full ratio_rm=0.0179
[OMPT] tid=990742 ompt_id=29836347531329537 tipo=ompt_thread_worker     last_cpu=180 numa=0 mig=0 fallos=0 perf=full ratio_rm=0.0045
[OMPT] tid=990722 ompt_id=24206847997116417 tipo=ompt_thread_worker     last_cpu=197 numa=1 mig=0 fallos=0 perf=full ratio_rm=0.0002
[OMPT] tid=990709 ompt_id=20547673299877889 tipo=ompt_thread_worker     last_cpu=173 numa=0 mig=0 fallos=0 perf=full ratio_rm=0.0021
[OMPT] tid=990751 ompt_id=32369622321725441 tipo=ompt_thread_worker     last_cpu=147 numa=0 mig=0 fallos=0 perf=full ratio_rm=0.0109
[OMPT] tid=990735 ompt_id=27866022694354945 tipo=ompt_thread_worker     last_cpu=148 numa=0 mig=0 fallos=0 perf=full ratio_rm=0.0143
[OMPT] tid=990720 ompt_id=23643898043695105 tipo=ompt_thread_worker     last_cpu=250 numa=1 mig=0 fallos=0 perf=full ratio_rm=0.0002
[OMPT] tid=990688 ompt_id=14355223812243457 tipo=ompt_thread_worker     last_cpu=248 numa=1 mig=0 fallos=0 perf=full ratio_rm=0.0002
[OMPT] tid=990704 ompt_id=19140298416324609 tipo=ompt_thread_worker     last_cpu=249 numa=1 mig=0 fallos=0 perf=full ratio_rm=0.0002
[OMPT] tid=990736 ompt_id=28147497671065601 tipo=ompt_thread_worker     last_cpu=251 numa=1 mig=0 fallos=0 perf=full ratio_rm=0.0002
[OMPT] tid=990752 ompt_id=32651097298436097 tipo=ompt_thread_worker     last_cpu=252 numa=1 mig=0 fallos=0 perf=full ratio_rm=0.0002
[OMPT] tid=990748 ompt_id=31525197391593473 tipo=ompt_thread_worker     last_cpu=243 numa=1 mig=0 fallos=0 perf=full ratio_rm=0.0002
[OMPT] tid=990761 ompt_id=35184372088832001 tipo=ompt_thread_worker     last_cpu=154 numa=0 mig=0 fallos=0 perf=full ratio_rm=0.0366
[OMPT] tid=990703 ompt_id=18858823439613953 tipo=ompt_thread_worker     last_cpu=150 numa=0 mig=0 fallos=0 perf=full ratio_rm=0.0140
[OMPT] tid=990738 ompt_id=28710447624486913 tipo=ompt_thread_worker     last_cpu=235 numa=1 mig=0 fallos=0 perf=full ratio_rm=0.0003
[OMPT] tid=990763 ompt_id=35747322042253313 tipo=ompt_thread_worker     last_cpu=138 numa=0 mig=0 fallos=0 perf=full ratio_rm=0.0024
[OMPT] tid=990753 ompt_id=32932572275146753 tipo=ompt_thread_worker     last_cpu=186 numa=0 mig=0 fallos=0 perf=full ratio_rm=0.0086
[OMPT] tid=990707 ompt_id=19984723346456577 tipo=ompt_thread_worker     last_cpu=190 numa=0 mig=0 fallos=0 perf=full ratio_rm=0.0065
[OMPT] tid=990698 ompt_id=17451448556060673 tipo=ompt_thread_worker     last_cpu=206 numa=1 mig=0 fallos=0 perf=full ratio_rm=0.0002
[OMPT] tid=990689 ompt_id=14918173765664769 tipo=ompt_thread_worker     last_cpu=129 numa=0 mig=0 fallos=0 perf=full ratio_rm=0.0214
[OMPT] tid=990733 ompt_id=27303072740933633 tipo=ompt_thread_worker     last_cpu=135 numa=0 mig=0 fallos=0 perf=full ratio_rm=0.0486
[OMPT] tid=990749 ompt_id=31806672368304129 tipo=ompt_thread_worker     last_cpu=134 numa=0 mig=0 fallos=0 perf=full ratio_rm=0.0181
[OMPT] tid=990758 ompt_id=34339947158700033 tipo=ompt_thread_worker     last_cpu=218 numa=1 mig=0 fallos=0 perf=full ratio_rm=0.0007
[OMPT] tid=990740 ompt_id=29273397577908225 tipo=ompt_thread_worker     last_cpu=219 numa=1 mig=0 fallos=0 perf=full ratio_rm=0.0002
[OMPT] tid=990726 ompt_id=25332747903959041 tipo=ompt_thread_worker     last_cpu=220 numa=1 mig=0 fallos=0 perf=full ratio_rm=0.0002
[OMPT] tid=990712 ompt_id=21392098230009857 tipo=ompt_thread_worker     last_cpu=221 numa=1 mig=0 fallos=0 perf=full ratio_rm=0.0002
[OMPT] tid=990678 ompt_id=11821949021847553 tipo=ompt_thread_worker     last_cpu=223 numa=1 mig=0 fallos=0 perf=full ratio_rm=0.0002
[OMPT] tid=990694 ompt_id=16325548649218049 tipo=ompt_thread_worker     last_cpu=222 numa=1 mig=0 fallos=0 perf=full ratio_rm=0.0002
[OMPT] tid=990756 ompt_id=33776997205278721 tipo=ompt_thread_worker     last_cpu=194 numa=1 mig=0 fallos=0 perf=full ratio_rm=0.0007
[OMPT] tid=990674 ompt_id=10696049115004929 tipo=ompt_thread_worker     last_cpu=199 numa=1 mig=0 fallos=0 perf=full ratio_rm=0.0002
[OMPT] tid=990708 ompt_id=20266198323167233 tipo=ompt_thread_worker     last_cpu=198 numa=1 mig=0 fallos=0 perf=full ratio_rm=0.0002
[OMPT] tid=990690 ompt_id=15199648742375425 tipo=ompt_thread_worker     last_cpu=131 numa=0 mig=0 fallos=0 perf=full ratio_rm=0.0279
[OMPT] tid=990724 ompt_id=24769797950537729 tipo=ompt_thread_worker     last_cpu=236 numa=1 mig=0 fallos=0 perf=full ratio_rm=0.0002
[OMPT] tid=990706 ompt_id=19703248369745921 tipo=ompt_thread_worker     last_cpu=237 numa=1 mig=0 fallos=0 perf=full ratio_rm=0.0002
[OMPT] tid=990754 ompt_id=33214047251857409 tipo=ompt_thread_worker     last_cpu=234 numa=1 mig=0 fallos=0 perf=full ratio_rm=0.0008
[OMPT] tid=990692 ompt_id=15762598695796737 tipo=ompt_thread_worker     last_cpu=238 numa=1 mig=0 fallos=0 perf=full ratio_rm=0.0002
[OMPT] tid=990680 ompt_id=12384898975268865 tipo=ompt_thread_worker     last_cpu=239 numa=1 mig=0 fallos=0 perf=full ratio_rm=0.0002
[OMPT] tid=990699 ompt_id=17732923532771329 tipo=ompt_thread_worker     last_cpu=182 numa=0 mig=0 fallos=0 perf=full ratio_rm=0.0027
[OMPT] tid=990741 ompt_id=29554872554618881 tipo=ompt_thread_worker     last_cpu=179 numa=0 mig=0 fallos=0 perf=full ratio_rm=0.0043
[OMPT] tid=990723 ompt_id=24488322973827073 tipo=ompt_thread_worker     last_cpu=189 numa=0 mig=0 fallos=0 perf=full ratio_rm=0.0024
[OMPT] tid=990727 ompt_id=25614222880669697 tipo=ompt_thread_worker     last_cpu=164 numa=0 mig=0 fallos=0 perf=full ratio_rm=0.0263
[OMPT] tid=990713 ompt_id=21673573206720513 tipo=ompt_thread_worker     last_cpu=141 numa=0 mig=0 fallos=0 perf=full ratio_rm=0.0074
[OMPT] tid=990701 ompt_id=18295873486192641 tipo=ompt_thread_worker     last_cpu=142 numa=0 mig=0 fallos=0 perf=full ratio_rm=0.0096
[OMPT] tid=990725 ompt_id=25051272927248385 tipo=ompt_thread_worker     last_cpu=140 numa=0 mig=0 fallos=0 perf=full ratio_rm=0.0034
[OMPT] tid=990737 ompt_id=28428972647776257 tipo=ompt_thread_worker     last_cpu=187 numa=0 mig=0 fallos=0 perf=full ratio_rm=0.0057
[OMPT] tid=990721 ompt_id=23925373020405761 tipo=ompt_thread_worker     last_cpu=188 numa=0 mig=0 fallos=0 perf=full ratio_rm=0.0187
[OMPT] tid=990691 ompt_id=15481123719086081 tipo=ompt_thread_worker     last_cpu=130 numa=0 mig=0 fallos=0 perf=full ratio_rm=0.0305
[OMPT] tid=990684 ompt_id=13229323905400833 tipo=ompt_thread_worker     last_cpu=103 numa=1 mig=0 fallos=0 perf=full ratio_rm=0.0002
[OMPT] tid=990718 ompt_id=23080948090273793 tipo=ompt_thread_worker     last_cpu=225 numa=1 mig=0 fallos=0 perf=full ratio_rm=0.0002
[OMPT] tid=990717 ompt_id=22799473113563137 tipo=ompt_thread_worker     last_cpu=157 numa=0 mig=0 fallos=0 perf=full ratio_rm=0.0139
[OMPT] tid=990747 ompt_id=31243722414882817 tipo=ompt_thread_worker     last_cpu=155 numa=0 mig=0 fallos=0 perf=full ratio_rm=0.0131
[OMPT] tid=990729 ompt_id=26177172834091009 tipo=ompt_thread_worker     last_cpu=156 numa=0 mig=0 fallos=0 perf=full ratio_rm=0.0205
[OMPT] tid=990731 ompt_id=26740122787512321 tipo=ompt_thread_worker     last_cpu=172 numa=0 mig=0 fallos=0 perf=full ratio_rm=0.0109
[OMPT] tid=990745 ompt_id=30680772461461505 tipo=ompt_thread_worker     last_cpu=171 numa=0 mig=0 fallos=0 perf=full ratio_rm=0.0044
[OMPT] tid=990697 ompt_id=17169973579350017 tipo=ompt_thread_worker     last_cpu=174 numa=0 mig=0 fallos=0 perf=full ratio_rm=0.0060
[OMPT] tid=990711 ompt_id=21110623253299201 tipo=ompt_thread_worker     last_cpu=181 numa=0 mig=0 fallos=0 perf=full ratio_rm=0.0042
[OMPT] tid=990677 ompt_id=11540474045136897 tipo=ompt_thread_worker     last_cpu=191 numa=0 mig=0 fallos=0 perf=full ratio_rm=0.0029
[OMPT] tid=990760 ompt_id=34902897112121345 tipo=ompt_thread_worker     last_cpu=202 numa=1 mig=0 fallos=0 perf=full ratio_rm=0.0006
[OMPT] tid=990762 ompt_id=35465847065542657 tipo=ompt_thread_worker     last_cpu=210 numa=1 mig=0 fallos=0 perf=full ratio_rm=0.0009
[OMPT] tid=990686 ompt_id=14073748835532801 tipo=ompt_thread_worker     last_cpu=183 numa=0 mig=0 fallos=0 perf=full ratio_rm=0.0027
[OMPT] tid=990759 ompt_id=34621422135410689 tipo=ompt_thread_worker     last_cpu=170 numa=0 mig=0 fallos=0 perf=full ratio_rm=0.0023
[OMPT] tid=990755 ompt_id=33495522228568065 tipo=ompt_thread_worker     last_cpu=162 numa=0 mig=0 fallos=0 perf=full ratio_rm=0.0026
[OMPT] tid=990743 ompt_id=30117822508040193 tipo=ompt_thread_worker     last_cpu=139 numa=0 mig=0 fallos=0 perf=full ratio_rm=0.0172
[OMPT] tid=990687 ompt_id=14636698788954113 tipo=ompt_thread_worker     last_cpu= 15 numa=0 mig=0 fallos=0 perf=full ratio_rm=0.0205
[OMPT] tid=990728 ompt_id=25895697857380353 tipo=ompt_thread_worker     last_cpu=212 numa=1 mig=0 fallos=0 perf=full ratio_rm=0.0002
[OMPT] tid=990696 ompt_id=16888498602639361 tipo=ompt_thread_worker     last_cpu=214 numa=1 mig=0 fallos=0 perf=full ratio_rm=0.0002
[OMPT] tid=990673 ompt_id=10414574138294273 tipo=ompt_thread_worker     last_cpu=215 numa=1 mig=0 fallos=0 perf=full ratio_rm=0.0002
[OMPT] tid=990744 ompt_id=30399297484750849 tipo=ompt_thread_worker     last_cpu=211 numa=1 mig=0 fallos=0 perf=full ratio_rm=0.0003
[OMPT] tid=990710 ompt_id=20829148276588545 tipo=ompt_thread_worker     last_cpu=213 numa=1 mig=0 fallos=0 perf=full ratio_rm=0.0002
[OMPT] tid=990705 ompt_id=19421773393035265 tipo=ompt_thread_worker     last_cpu=  2 numa=0 mig=0 fallos=0 perf=full ratio_rm=0.0023
[OMPT] tid=990757 ompt_id=34058472181989377 tipo=ompt_thread_worker     last_cpu=  3 numa=0 mig=0 fallos=0 perf=full ratio_rm=0.0053
[OMPT] tid=990679 ompt_id=12103423998558209 tipo=ompt_thread_worker     last_cpu=  8 numa=0 mig=0 fallos=0 perf=full ratio_rm=0.0123
[OMPT] tid=990715 ompt_id=22236523160141825 tipo=ompt_thread_worker     last_cpu=165 numa=0 mig=0 fallos=0 perf=full ratio_rm=0.0414
[OMPT] tid=990719 ompt_id=23362423066984449 tipo=ompt_thread_worker     last_cpu=149 numa=0 mig=0 fallos=0 perf=full ratio_rm=0.0132
[OMPT] tid=990675 ompt_id=10977524091715585 tipo=ompt_thread_worker     last_cpu=151 numa=0 mig=0 fallos=0 perf=full ratio_rm=0.0027
[OMPT] tid=990683 ompt_id=13510798882111489 tipo=ompt_thread_worker     last_cpu=167 numa=0 mig=0 fallos=0 perf=full ratio_rm=0.0218
[OMPT] tid=990695 ompt_id=16607023625928705 tipo=ompt_thread_worker     last_cpu=166 numa=0 mig=0 fallos=0 perf=full ratio_rm=0.0134
[OMPT] tid=990739 ompt_id=28991922601197569 tipo=ompt_thread_worker     last_cpu=163 numa=0 mig=0 fallos=0 perf=full ratio_rm=0.0196
[OMPT] tid=990714 ompt_id=21955048183431169 tipo=ompt_thread_worker     last_cpu=205 numa=1 mig=0 fallos=0 perf=full ratio_rm=0.0003
[OMPT] tid=990746 ompt_id=30962247438172161 tipo=ompt_thread_worker     last_cpu=203 numa=1 mig=0 fallos=0 perf=full ratio_rm=0.0003
[OMPT] tid=990730 ompt_id=26458647810801665 tipo=ompt_thread_worker     last_cpu=204 numa=1 mig=0 fallos=0 perf=full ratio_rm=0.0003
[OMPT] tid=990676 ompt_id=11258999068426241 tipo=ompt_thread_worker     last_cpu=207 numa=1 mig=0 fallos=0 perf=full ratio_rm=0.0002
[OMPT] tid=990764 ompt_id=36028797018963969 tipo=ompt_thread_worker     last_cpu=242 numa=1 mig=0 fallos=0 perf=full ratio_rm=0.0004
[OMPT] tid=990716 ompt_id=22517998136852481 tipo=ompt_thread_worker     last_cpu=245 numa=1 mig=0 fallos=0 perf=full ratio_rm=0.0002
[OMPT] tid=990732 ompt_id=27021597764222977 tipo=ompt_thread_worker     last_cpu=244 numa=1 mig=0 fallos=0 perf=full ratio_rm=0.0003
[OMPT] tid=990681 ompt_id=12947848928690177 tipo=ompt_thread_worker     last_cpu=159 numa=0 mig=0 fallos=0 perf=full ratio_rm=0.0188
[OMPT] tid=990693 ompt_id=16044073672507393 tipo=ompt_thread_worker     last_cpu=158 numa=0 mig=0 fallos=0 perf=full ratio_rm=0.0031
[OMPT] tid=990685 ompt_id=13792273858822145 tipo=ompt_thread_worker     last_cpu=175 numa=0 mig=0 fallos=0 perf=full ratio_rm=0.0121
[OMPT] ===== Overhead intrínseco =====
  monitor: 5 ticks, 4406.9 us total (max 2301.2 us/tick)
  callbacks implicit_task: 20993, 9892456.3 us total
  migraciones: 0 (0.0 us total)
  resyncs=0  lecturas escaladas por multiplexado=1408
  hilos con perf fallido=0  parcial=0
  ventanas con fills=128
