[OMPT] ompt_initialize (OPCIÓN C: integrador con fugas)  verbose=0  migracion=activa
[HWLOC] Nodos NUMA detectados: 2 (usados: 2)
[HWLOC] Nodo 0: 128 CPUs
[HWLOC] Nodo 1: 128 CPUs
[OMPT] callback 'ompt_callback_thread_begin' registrado (result=5)
[OMPT] callback 'ompt_callback_thread_end' registrado (result=5)
[OMPT] callback 'ompt_callback_parallel_begin' registrado (result=5)
[OMPT] callback 'ompt_callback_parallel_end' registrado (result=5)
[OMPT] callback 'ompt_callback_implicit_task' registrado (result=5)
[OMPT] callback 'ompt_callback_control_tool' registrado (result=5)
[OMPT] Callbacks registrados
[OMPT] Sistema: 0 procesadores lógicos
[OMPT][MON] Monitor (C: integrador con fugas)  período=100ms  warmup=5  referencia=MIN  T=min+max(0.050, 3.00*MAD_bajo)  leak=0.50*margen  cap=8.00*margen  max_mig=1  migracion=activa
[perf_region] tool OMPT detectado: los contadores los lleva el tool, no se abren aqui
[OMPT] control_tool: INICIANDO medicion
[OMPT] control_tool: PAUSANDO medicion
[OMPT] ompt_finalize
[OMPT][MON] Monitor detenido tras 292 ventanas
[OMPT] CSV de ventanas: 35439 filas volcadas (0 descartadas)
[OMPT] ===== Tabla final: 256 hilos =====
[OMPT] tid=1014432 ompt_id=281474976710657 tipo=ompt_thread_initial    last_cpu=204 numa=1 mig=1 fallos=0 perf=full ratio_rm=0.0055
[OMPT] tid=1014434 ompt_id=562949953421313 tipo=ompt_thread_worker     last_cpu=244 numa=1 mig=1 fallos=0 perf=full ratio_rm=0.0040
[OMPT] tid=1014435 ompt_id=844424930131969 tipo=ompt_thread_worker     last_cpu=254 numa=1 mig=1 fallos=0 perf=full ratio_rm=0.0073
[OMPT] tid=1014437 ompt_id=1407374883553281 tipo=ompt_thread_worker     last_cpu= 79 numa=1 mig=1 fallos=0 perf=full ratio_rm=0.0248
[OMPT] tid=1014436 ompt_id=1125899906842625 tipo=ompt_thread_worker     last_cpu=235 numa=1 mig=1 fallos=0 perf=full ratio_rm=0.0063
[OMPT] tid=1014438 ompt_id=1688849860263937 tipo=ompt_thread_worker     last_cpu=200 numa=1 mig=1 fallos=0 perf=full ratio_rm=0.0062
[OMPT] tid=1014440 ompt_id=2251799813685249 tipo=ompt_thread_worker     last_cpu= 68 numa=1 mig=1 fallos=0 perf=full ratio_rm=0.0034
[OMPT] tid=1014439 ompt_id=1970324836974593 tipo=ompt_thread_worker     last_cpu=196 numa=1 mig=1 fallos=0 perf=full ratio_rm=0.0058
[OMPT] tid=1014441 ompt_id=2533274790395905 tipo=ompt_thread_worker     last_cpu=233 numa=1 mig=1 fallos=0 perf=full ratio_rm=0.0058
[OMPT] tid=1014443 ompt_id=3096224743817217 tipo=ompt_thread_worker     last_cpu=194 numa=1 mig=1 fallos=0 perf=full ratio_rm=0.0036
[OMPT] tid=1014442 ompt_id=2814749767106561 tipo=ompt_thread_worker     last_cpu=192 numa=1 mig=1 fallos=0 perf=full ratio_rm=0.0061
[OMPT] tid=1014445 ompt_id=3659174697238529 tipo=ompt_thread_worker     last_cpu=232 numa=1 mig=1 fallos=0 perf=full ratio_rm=0.0042
[OMPT] tid=1014444 ompt_id=3377699720527873 tipo=ompt_thread_worker     last_cpu= 98 numa=1 mig=1 fallos=0 perf=full ratio_rm=0.0061
[OMPT] tid=1014447 ompt_id=3940649673949185 tipo=ompt_thread_worker     last_cpu=192 numa=1 mig=1 fallos=0 perf=full ratio_rm=0.0020
[OMPT] tid=1014446 ompt_id=4222124650659841 tipo=ompt_thread_worker     last_cpu=227 numa=1 mig=1 fallos=0 perf=full ratio_rm=0.0248
[OMPT] tid=1014448 ompt_id=4503599627370497 tipo=ompt_thread_worker     last_cpu= 66 numa=1 mig=1 fallos=0 perf=full ratio_rm=0.0060
[OMPT] tid=1014449 ompt_id=4785074604081153 tipo=ompt_thread_worker     last_cpu=253 numa=1 mig=1 fallos=0 perf=full ratio_rm=0.0034
[OMPT] tid=1014450 ompt_id=5066549580791809 tipo=ompt_thread_worker     last_cpu= 77 numa=1 mig=1 fallos=0 perf=full ratio_rm=0.0247
[OMPT] tid=1014451 ompt_id=5348024557502465 tipo=ompt_thread_worker     last_cpu=208 numa=1 mig=1 fallos=0 perf=full ratio_rm=0.0062
[OMPT] tid=1014452 ompt_id=5629499534213121 tipo=ompt_thread_worker     last_cpu=109 numa=1 mig=1 fallos=0 perf=full ratio_rm=0.0033
[OMPT] tid=1014453 ompt_id=5910974510923777 tipo=ompt_thread_worker     last_cpu=113 numa=1 mig=1 fallos=0 perf=full ratio_rm=0.0246
[OMPT] tid=1014454 ompt_id=6192449487634433 tipo=ompt_thread_worker     last_cpu= 68 numa=1 mig=1 fallos=0 perf=full ratio_rm=0.0072
[OMPT] tid=1014455 ompt_id=6473924464345089 tipo=ompt_thread_worker     last_cpu=204 numa=1 mig=1 fallos=0 perf=full ratio_rm=0.0248
[OMPT] tid=1014456 ompt_id=6755399441055745 tipo=ompt_thread_worker     last_cpu= 67 numa=1 mig=1 fallos=0 perf=full ratio_rm=0.0248
[OMPT] tid=1014457 ompt_id=7036874417766401 tipo=ompt_thread_worker     last_cpu=213 numa=1 mig=1 fallos=0 perf=full ratio_rm=0.0250
[OMPT] tid=1014458 ompt_id=7318349394477057 tipo=ompt_thread_worker     last_cpu=195 numa=1 mig=1 fallos=0 perf=full ratio_rm=0.0042
[OMPT] tid=1014459 ompt_id=7599824371187713 tipo=ompt_thread_worker     last_cpu= 96 numa=1 mig=1 fallos=0 perf=full ratio_rm=0.0248
[OMPT] tid=1014460 ompt_id=7881299347898369 tipo=ompt_thread_worker     last_cpu=207 numa=1 mig=1 fallos=0 perf=full ratio_rm=0.0244
[OMPT] tid=1014461 ompt_id=8162774324609025 tipo=ompt_thread_worker     last_cpu= 85 numa=1 mig=1 fallos=0 perf=full ratio_rm=0.0046
[OMPT] tid=1014462 ompt_id=8444249301319681 tipo=ompt_thread_worker     last_cpu=115 numa=1 mig=1 fallos=0 perf=full ratio_rm=0.0246
[OMPT] tid=1014463 ompt_id=8725724278030337 tipo=ompt_thread_worker     last_cpu=114 numa=1 mig=1 fallos=0 perf=full ratio_rm=0.0248
[OMPT] tid=1014464 ompt_id=9007199254740993 tipo=ompt_thread_worker     last_cpu=225 numa=1 mig=1 fallos=0 perf=full ratio_rm=0.0253
[OMPT] tid=1014465 ompt_id=9288674231451649 tipo=ompt_thread_worker     last_cpu= 92 numa=1 mig=1 fallos=0 perf=full ratio_rm=0.0029
[OMPT] tid=1014466 ompt_id=9570149208162305 tipo=ompt_thread_worker     last_cpu= 84 numa=1 mig=1 fallos=0 perf=full ratio_rm=0.0041
[OMPT] tid=1014467 ompt_id=9851624184872961 tipo=ompt_thread_worker     last_cpu=254 numa=1 mig=1 fallos=0 perf=full ratio_rm=0.0248
[OMPT] tid=1014468 ompt_id=10133099161583617 tipo=ompt_thread_worker     last_cpu=226 numa=1 mig=1 fallos=0 perf=full ratio_rm=0.0249
[OMPT] tid=1014608 ompt_id=49539595901075457 tipo=ompt_thread_worker     last_cpu= 76 numa=1 mig=1 fallos=0 perf=full ratio_rm=0.0040
[OMPT] tid=1014471 ompt_id=10977524091715585 tipo=ompt_thread_worker     last_cpu= 90 numa=1 mig=1 fallos=0 perf=full ratio_rm=0.0075
[OMPT] tid=1014515 ompt_id=23362423066984449 tipo=ompt_thread_worker     last_cpu=195 numa=1 mig=1 fallos=0 perf=full ratio_rm=0.0246
[OMPT] tid=1014641 ompt_id=58828270132527105 tipo=ompt_thread_worker     last_cpu=198 numa=1 mig=1 fallos=0 perf=full ratio_rm=0.0059
[OMPT] tid=1014659 ompt_id=63894819713318913 tipo=ompt_thread_worker     last_cpu=212 numa=1 mig=1 fallos=0 perf=full ratio_rm=0.0073
[OMPT] tid=1014548 ompt_id=32651097298436097 tipo=ompt_thread_worker     last_cpu=246 numa=1 mig=1 fallos=0 perf=full ratio_rm=0.0033
[OMPT] tid=1014568 ompt_id=38280596832649217 tipo=ompt_thread_worker     last_cpu=209 numa=1 mig=1 fallos=0 perf=full ratio_rm=0.0060
[OMPT] tid=1014522 ompt_id=25332747903959041 tipo=ompt_thread_worker     last_cpu=117 numa=1 mig=1 fallos=0 perf=full ratio_rm=0.0247
[OMPT] tid=1014678 ompt_id=69242844270821377 tipo=ompt_thread_worker     last_cpu=203 numa=1 mig=1 fallos=0 perf=full ratio_rm=0.0247
[OMPT] tid=1014639 ompt_id=58265320179105793 tipo=ompt_thread_worker     last_cpu= 93 numa=1 mig=1 fallos=0 perf=full ratio_rm=0.0032
[OMPT] tid=1014619 ompt_id=52635820644892673 tipo=ompt_thread_worker     last_cpu= 91 numa=1 mig=1 fallos=0 perf=full ratio_rm=0.0042
[OMPT] tid=1014490 ompt_id=16325548649218049 tipo=ompt_thread_worker     last_cpu=121 numa=1 mig=1 fallos=0 perf=full ratio_rm=0.0251
[OMPT] tid=1014607 ompt_id=49258120924364801 tipo=ompt_thread_worker     last_cpu=207 numa=1 mig=1 fallos=0 perf=full ratio_rm=0.0057
[OMPT] tid=1014474 ompt_id=11821949021847553 tipo=ompt_thread_worker     last_cpu=242 numa=1 mig=1 fallos=0 perf=full ratio_rm=0.0056
[OMPT] tid=1014668 ompt_id=66428094503714817 tipo=ompt_thread_worker     last_cpu=103 numa=1 mig=1 fallos=0 perf=full ratio_rm=0.0047
[OMPT] tid=1014539 ompt_id=30117822508040193 tipo=ompt_thread_worker     last_cpu=119 numa=1 mig=1 fallos=0 perf=full ratio_rm=0.0251
[OMPT] tid=1014473 ompt_id=11540474045136897 tipo=ompt_thread_worker     last_cpu= 73 numa=1 mig=1 fallos=0 perf=full ratio_rm=0.0071
[OMPT] tid=1014623 ompt_id=53761720551735297 tipo=ompt_thread_worker     last_cpu= 98 numa=1 mig=1 fallos=0 perf=full ratio_rm=0.0048
[OMPT] tid=1014492 ompt_id=16888498602639361 tipo=ompt_thread_worker     last_cpu=223 numa=1 mig=1 fallos=0 perf=full ratio_rm=0.0056
[OMPT] tid=1014649 ompt_id=61080069946212353 tipo=ompt_thread_worker     last_cpu=231 numa=1 mig=1 fallos=0 perf=full ratio_rm=0.0043
[OMPT] tid=1014566 ompt_id=37717646879227905 tipo=ompt_thread_worker     last_cpu= 95 numa=1 mig=1 fallos=0 perf=full ratio_rm=0.0041
[OMPT] tid=1014550 ompt_id=33214047251857409 tipo=ompt_thread_worker     last_cpu=102 numa=1 mig=1 fallos=0 perf=full ratio_rm=0.0248
[OMPT] tid=1014686 ompt_id=71494644084506625 tipo=ompt_thread_worker     last_cpu=106 numa=1 mig=1 fallos=0 perf=full ratio_rm=0.0063
[OMPT] tid=1014593 ompt_id=45317471250415617 tipo=ompt_thread_worker     last_cpu=245 numa=1 mig=1 fallos=0 perf=full ratio_rm=0.0247
[OMPT] tid=1014502 ompt_id=19703248369745921 tipo=ompt_thread_worker     last_cpu=224 numa=1 mig=1 fallos=0 perf=full ratio_rm=0.0077
[OMPT] tid=1014635 ompt_id=57139420272263169 tipo=ompt_thread_worker     last_cpu=200 numa=1 mig=1 fallos=0 perf=full ratio_rm=0.0047
[OMPT] tid=1014672 ompt_id=67553994410557441 tipo=ompt_thread_worker     last_cpu=218 numa=1 mig=1 fallos=0 perf=full ratio_rm=0.0061
[OMPT] tid=1014582 ompt_id=42221246506598401 tipo=ompt_thread_worker     last_cpu=113 numa=1 mig=1 fallos=0 perf=full ratio_rm=0.0061
[OMPT] tid=1014601 ompt_id=47569271064100865 tipo=ompt_thread_worker     last_cpu=115 numa=1 mig=1 fallos=0 perf=full ratio_rm=0.0058
[OMPT] tid=1014476 ompt_id=12103423998558209 tipo=ompt_thread_worker     last_cpu=197 numa=1 mig=1 fallos=0 perf=full ratio_rm=0.0038
[OMPT] tid=1014621 ompt_id=53198770598313985 tipo=ompt_thread_worker     last_cpu=232 numa=1 mig=1 fallos=0 perf=full ratio_rm=0.0070
[OMPT] tid=1014498 ompt_id=18577348462903297 tipo=ompt_thread_worker     last_cpu= 65 numa=1 mig=1 fallos=0 perf=full ratio_rm=0.0067
[OMPT] tid=1014584 ompt_id=42784196460019713 tipo=ompt_thread_worker     last_cpu= 67 numa=1 mig=1 fallos=0 perf=full ratio_rm=0.0048
[OMPT] tid=1014530 ompt_id=27584547717644289 tipo=ompt_thread_worker     last_cpu= 75 numa=1 mig=1 fallos=0 perf=full ratio_rm=0.0045
[OMPT] tid=1014657 ompt_id=63331869759897601 tipo=ompt_thread_worker     last_cpu= 97 numa=1 mig=1 fallos=0 perf=full ratio_rm=0.0071
[OMPT] tid=1014663 ompt_id=65020719620161537 tipo=ompt_thread_worker     last_cpu= 84 numa=1 mig=1 fallos=0 perf=full ratio_rm=0.0246
[OMPT] tid=1014585 ompt_id=43065671436730369 tipo=ompt_thread_worker     last_cpu=238 numa=1 mig=1 fallos=0 perf=full ratio_rm=0.0247
[OMPT] tid=1014489 ompt_id=16044073672507393 tipo=ompt_thread_worker     last_cpu=124 numa=1 mig=1 fallos=0 perf=full ratio_rm=0.0250
[OMPT] tid=1014481 ompt_id=13792273858822145 tipo=ompt_thread_worker     last_cpu= 75 numa=1 mig=1 fallos=0 perf=full ratio_rm=0.0247
[OMPT] tid=1014571 ompt_id=39125021762781185 tipo=ompt_thread_worker     last_cpu=215 numa=1 mig=1 fallos=0 perf=full ratio_rm=0.0246
[OMPT] tid=1014644 ompt_id=59672695062659073 tipo=ompt_thread_worker     last_cpu= 89 numa=1 mig=1 fallos=0 perf=full ratio_rm=0.0245
[OMPT] tid=1014628 ompt_id=55169095435288577 tipo=ompt_thread_worker     last_cpu=111 numa=1 mig=1 fallos=0 perf=full ratio_rm=0.0246
[OMPT] tid=1014594 ompt_id=45598946227126273 tipo=ompt_thread_worker     last_cpu= 85 numa=1 mig=1 fallos=0 perf=full ratio_rm=0.0246
[OMPT] tid=1014547 ompt_id=32369622321725441 tipo=ompt_thread_worker     last_cpu=239 numa=1 mig=1 fallos=0 perf=full ratio_rm=0.0247
[OMPT] tid=1014583 ompt_id=42502721483309057 tipo=ompt_thread_worker     last_cpu=217 numa=1 mig=1 fallos=0 perf=full ratio_rm=0.0249
[OMPT] tid=1014526 ompt_id=26458647810801665 tipo=ompt_thread_worker     last_cpu=227 numa=1 mig=1 fallos=0 perf=full ratio_rm=0.0063
[OMPT] tid=1014478 ompt_id=12666373951979521 tipo=ompt_thread_worker     last_cpu=251 numa=1 mig=1 fallos=0 perf=full ratio_rm=0.0042
[OMPT] tid=1014609 ompt_id=49821070877786113 tipo=ompt_thread_worker     last_cpu=126 numa=1 mig=1 fallos=0 perf=full ratio_rm=0.0043
[OMPT] tid=1014662 ompt_id=64739244643450881 tipo=ompt_thread_worker     last_cpu=127 numa=1 mig=1 fallos=0 perf=full ratio_rm=0.0035
[OMPT] tid=1014637 ompt_id=57702370225684481 tipo=ompt_thread_worker     last_cpu= 94 numa=1 mig=1 fallos=0 perf=full ratio_rm=0.0032
[OMPT] tid=1014542 ompt_id=30962247438172161 tipo=ompt_thread_worker     last_cpu= 88 numa=1 mig=1 fallos=0 perf=full ratio_rm=0.0035
[OMPT] tid=1014508 ompt_id=21392098230009857 tipo=ompt_thread_worker     last_cpu= 80 numa=1 mig=1 fallos=0 perf=full ratio_rm=0.0040
[OMPT] tid=1014687 ompt_id=71776119061217281 tipo=ompt_thread_worker     last_cpu=247 numa=1 mig=1 fallos=0 perf=full ratio_rm=0.0249
[OMPT] tid=1014520 ompt_id=24769797950537729 tipo=ompt_thread_worker     last_cpu=213 numa=1 mig=1 fallos=0 perf=full ratio_rm=0.0043
[OMPT] tid=1014573 ompt_id=39687971716202497 tipo=ompt_thread_worker     last_cpu=222 numa=1 mig=1 fallos=0 perf=full ratio_rm=0.0250
[OMPT] tid=1014537 ompt_id=29554872554618881 tipo=ompt_thread_worker     last_cpu=110 numa=1 mig=1 fallos=0 perf=full ratio_rm=0.0248
[OMPT] tid=1014519 ompt_id=24488322973827073 tipo=ompt_thread_worker     last_cpu= 86 numa=1 mig=1 fallos=0 perf=full ratio_rm=0.0249
[OMPT] tid=1014591 ompt_id=44754521296994305 tipo=ompt_thread_worker     last_cpu=220 numa=1 mig=1 fallos=0 perf=full ratio_rm=0.0061
[OMPT] tid=1014506 ompt_id=20829148276588545 tipo=ompt_thread_worker     last_cpu=125 numa=1 mig=1 fallos=0 perf=full ratio_rm=0.0072
[OMPT] tid=1014650 ompt_id=61361544922923009 tipo=ompt_thread_worker     last_cpu=235 numa=1 mig=1 fallos=0 perf=full ratio_rm=0.0070
[OMPT] tid=1014552 ompt_id=33776997205278721 tipo=ompt_thread_worker     last_cpu= 65 numa=1 mig=1 fallos=0 perf=full ratio_rm=0.0032
[OMPT] tid=1014579 ompt_id=41376821576466433 tipo=ompt_thread_worker     last_cpu=116 numa=1 mig=1 fallos=0 perf=full ratio_rm=0.0251
[OMPT] tid=1014563 ompt_id=36873221949095937 tipo=ompt_thread_worker     last_cpu= 83 numa=1 mig=1 fallos=0 perf=full ratio_rm=0.0253
[OMPT] tid=1014624 ompt_id=54043195528445953 tipo=ompt_thread_worker     last_cpu= 66 numa=1 mig=1 fallos=0 perf=full ratio_rm=0.0252
[OMPT] tid=1014531 ompt_id=28147497671065601 tipo=ompt_thread_worker     last_cpu=109 numa=1 mig=1 fallos=0 perf=full ratio_rm=0.0249
[OMPT] tid=1014499 ompt_id=18858823439613953 tipo=ompt_thread_worker     last_cpu= 72 numa=1 mig=1 fallos=0 perf=full ratio_rm=0.0248
[OMPT] tid=1014570 ompt_id=38843546786070529 tipo=ompt_thread_worker     last_cpu= 94 numa=1 mig=1 fallos=0 perf=full ratio_rm=0.0059
[OMPT] tid=1014605 ompt_id=48695170970943489 tipo=ompt_thread_worker     last_cpu=196 numa=1 mig=1 fallos=0 perf=full ratio_rm=0.0068
[OMPT] tid=1014544 ompt_id=31525197391593473 tipo=ompt_thread_worker     last_cpu= 67 numa=1 mig=1 fallos=0 perf=full ratio_rm=0.0069
[OMPT] tid=1014673 ompt_id=67835469387268097 tipo=ompt_thread_worker     last_cpu=108 numa=1 mig=1 fallos=0 perf=full ratio_rm=0.0048
[OMPT] tid=1014574 ompt_id=39969446692913153 tipo=ompt_thread_worker     last_cpu=243 numa=1 mig=1 fallos=0 perf=full ratio_rm=0.0046
[OMPT] tid=1014562 ompt_id=36591746972385281 tipo=ompt_thread_worker     last_cpu=122 numa=1 mig=1 fallos=0 perf=full ratio_rm=0.0057
[OMPT] tid=1014472 ompt_id=11258999068426241 tipo=ompt_thread_worker     last_cpu=221 numa=1 mig=1 fallos=0 perf=full ratio_rm=0.0038
[OMPT] tid=1014496 ompt_id=18014398509481985 tipo=ompt_thread_worker     last_cpu=117 numa=1 mig=1 fallos=0 perf=full ratio_rm=0.0053
[OMPT] tid=1014576 ompt_id=40532396646334465 tipo=ompt_thread_worker     last_cpu=110 numa=1 mig=1 fallos=0 perf=full ratio_rm=0.0034
[OMPT] tid=1014504 ompt_id=20266198323167233 tipo=ompt_thread_worker     last_cpu=250 numa=1 mig=1 fallos=0 perf=full ratio_rm=0.0047
[OMPT] tid=1014629 ompt_id=55450570411999233 tipo=ompt_thread_worker     last_cpu=202 numa=1 mig=1 fallos=0 perf=full ratio_rm=0.0043
[OMPT] tid=1014551 ompt_id=33495522228568065 tipo=ompt_thread_worker     last_cpu=228 numa=1 mig=1 fallos=0 perf=full ratio_rm=0.0253
[OMPT] tid=1014610 ompt_id=50384020831207425 tipo=ompt_thread_worker     last_cpu=199 numa=1 mig=1 fallos=0 perf=full ratio_rm=0.0252
[OMPT] tid=1014642 ompt_id=59109745109237761 tipo=ompt_thread_worker     last_cpu=126 numa=1 mig=1 fallos=0 perf=full ratio_rm=0.0253
[OMPT] tid=1014681 ompt_id=70087269200953345 tipo=ompt_thread_worker     last_cpu=214 numa=1 mig=1 fallos=0 perf=full ratio_rm=0.0253
[OMPT] tid=1014509 ompt_id=21673573206720513 tipo=ompt_thread_worker     last_cpu=251 numa=1 mig=1 fallos=0 perf=full ratio_rm=0.0251
[OMPT] tid=1014622 ompt_id=53480245575024641 tipo=ompt_thread_worker     last_cpu= 64 numa=1 mig=1 fallos=0 perf=full ratio_rm=0.0252
[OMPT] tid=1014495 ompt_id=17732923532771329 tipo=ompt_thread_worker     last_cpu=248 numa=1 mig=1 fallos=0 perf=full ratio_rm=0.0252
[OMPT] tid=1014577 ompt_id=40813871623045121 tipo=ompt_thread_worker     last_cpu=114 numa=1 mig=1 fallos=0 perf=full ratio_rm=0.0247
[OMPT] tid=1014667 ompt_id=66146619527004161 tipo=ompt_thread_worker     last_cpu=199 numa=1 mig=1 fallos=0 perf=full ratio_rm=0.0252
[OMPT] tid=1014541 ompt_id=30680772461461505 tipo=ompt_thread_worker     last_cpu=252 numa=1 mig=1 fallos=0 perf=full ratio_rm=0.0248
[OMPT] tid=1014634 ompt_id=56857945295552513 tipo=ompt_thread_worker     last_cpu=216 numa=1 mig=1 fallos=0 perf=full ratio_rm=0.0249
[OMPT] tid=1014555 ompt_id=34621422135410689 tipo=ompt_thread_worker     last_cpu= 76 numa=1 mig=1 fallos=0 perf=full ratio_rm=0.0250
[OMPT] tid=1014521 ompt_id=25051272927248385 tipo=ompt_thread_worker     last_cpu=241 numa=1 mig=1 fallos=0 perf=full ratio_rm=0.0248
[OMPT] tid=1014597 ompt_id=46443371157258241 tipo=ompt_thread_worker     last_cpu= 99 numa=1 mig=1 fallos=0 perf=full ratio_rm=0.0065
[OMPT] tid=1014469 ompt_id=10414574138294273 tipo=ompt_thread_worker     last_cpu= 65 numa=1 mig=1 fallos=0 perf=full ratio_rm=0.0047
[OMPT] tid=1014578 ompt_id=41095346599755777 tipo=ompt_thread_worker     last_cpu=101 numa=1 mig=1 fallos=0 perf=full ratio_rm=0.0032
[OMPT] tid=1014684 ompt_id=70931694131085313 tipo=ompt_thread_worker     last_cpu=209 numa=1 mig=1 fallos=0 perf=full ratio_rm=0.0033
[OMPT] tid=1014640 ompt_id=58546795155816449 tipo=ompt_thread_worker     last_cpu= 90 numa=1 mig=1 fallos=0 perf=full ratio_rm=0.0072
[OMPT] tid=1014533 ompt_id=28428972647776257 tipo=ompt_thread_worker     last_cpu= 70 numa=1 mig=1 fallos=0 perf=full ratio_rm=0.0029
[OMPT] tid=1014665 ompt_id=65302194596872193 tipo=ompt_thread_worker     last_cpu=214 numa=1 mig=1 fallos=0 perf=full ratio_rm=0.0045
[OMPT] tid=1014615 ompt_id=51509920738050049 tipo=ompt_thread_worker     last_cpu=221 numa=1 mig=1 fallos=0 perf=full ratio_rm=0.0042
[OMPT] tid=1014486 ompt_id=15199648742375425 tipo=ompt_thread_worker     last_cpu= 96 numa=1 mig=1 fallos=0 perf=full ratio_rm=0.0030
[OMPT] tid=1014647 ompt_id=60517119992791041 tipo=ompt_thread_worker     last_cpu= 80 numa=1 mig=1 fallos=0 perf=full ratio_rm=0.0061
[OMPT] tid=1014538 ompt_id=29836347531329537 tipo=ompt_thread_worker     last_cpu= 81 numa=1 mig=1 fallos=0 perf=full ratio_rm=0.0046
[OMPT] tid=1014560 ompt_id=36028797018963969 tipo=ompt_thread_worker     last_cpu=217 numa=1 mig=1 fallos=0 perf=full ratio_rm=0.0047
[OMPT] tid=1014680 ompt_id=69805794224242689 tipo=ompt_thread_worker     last_cpu=229 numa=1 mig=1 fallos=0 perf=full ratio_rm=0.0053
[OMPT] tid=1014480 ompt_id=13229323905400833 tipo=ompt_thread_worker     last_cpu=249 numa=1 mig=1 fallos=0 perf=full ratio_rm=0.0066
[OMPT] tid=1014572 ompt_id=39406496739491841 tipo=ompt_thread_worker     last_cpu=211 numa=1 mig=1 fallos=0 perf=full ratio_rm=0.0036
[OMPT] tid=1014546 ompt_id=32088147345014785 tipo=ompt_thread_worker     last_cpu=195 numa=1 mig=1 fallos=0 perf=full ratio_rm=0.0045
[OMPT] tid=1014670 ompt_id=66991044457136129 tipo=ompt_thread_worker     last_cpu=195 numa=1 mig=1 fallos=0 perf=full ratio_rm=0.0032
[OMPT] tid=1014630 ompt_id=55732045388709889 tipo=ompt_thread_worker     last_cpu=110 numa=1 mig=1 fallos=0 perf=full ratio_rm=0.0073
[OMPT] tid=1014603 ompt_id=48132221017522177 tipo=ompt_thread_worker     last_cpu= 95 numa=1 mig=1 fallos=0 perf=full ratio_rm=0.0047
[OMPT] tid=1014688 ompt_id=72057594037927937 tipo=ompt_thread_worker     last_cpu=102 numa=1 mig=1 fallos=0 perf=full ratio_rm=0.0061
[OMPT] tid=1014514 ompt_id=23080948090273793 tipo=ompt_thread_worker     last_cpu= 71 numa=1 mig=1 fallos=0 perf=full ratio_rm=0.0048
[OMPT] tid=1014554 ompt_id=34339947158700033 tipo=ompt_thread_worker     last_cpu=208 numa=1 mig=1 fallos=0 perf=full ratio_rm=0.0036
[OMPT] tid=1014483 ompt_id=14636698788954113 tipo=ompt_thread_worker     last_cpu=205 numa=1 mig=1 fallos=0 perf=full ratio_rm=0.0249
[OMPT] tid=1014529 ompt_id=27303072740933633 tipo=ompt_thread_worker     last_cpu=218 numa=1 mig=1 fallos=0 perf=full ratio_rm=0.0248
[OMPT] tid=1014654 ompt_id=62487444829765633 tipo=ompt_thread_worker     last_cpu=225 numa=1 mig=1 fallos=0 perf=full ratio_rm=0.0251
[OMPT] tid=1014685 ompt_id=71213169107795969 tipo=ompt_thread_worker     last_cpu= 87 numa=1 mig=1 fallos=0 perf=full ratio_rm=0.0249
[OMPT] tid=1014618 ompt_id=52354345668182017 tipo=ompt_thread_worker     last_cpu=117 numa=1 mig=1 fallos=0 perf=full ratio_rm=0.0249
[OMPT] tid=1014482 ompt_id=14073748835532801 tipo=ompt_thread_worker     last_cpu= 72 numa=1 mig=1 fallos=0 perf=full ratio_rm=0.0248
[OMPT] tid=1014638 ompt_id=57983845202395137 tipo=ompt_thread_worker     last_cpu= 88 numa=1 mig=1 fallos=0 perf=full ratio_rm=0.0248
[OMPT] tid=1014497 ompt_id=18295873486192641 tipo=ompt_thread_worker     last_cpu=123 numa=1 mig=1 fallos=0 perf=full ratio_rm=0.0257
[OMPT] tid=1014535 ompt_id=28991922601197569 tipo=ompt_thread_worker     last_cpu=197 numa=1 mig=1 fallos=0 perf=full ratio_rm=0.0251
[OMPT] tid=1014600 ompt_id=47287796087390209 tipo=ompt_thread_worker     last_cpu=229 numa=1 mig=1 fallos=0 perf=full ratio_rm=0.0248
[OMPT] tid=1014511 ompt_id=22236523160141825 tipo=ompt_thread_worker     last_cpu=201 numa=1 mig=1 fallos=0 perf=full ratio_rm=0.0246
[OMPT] tid=1014565 ompt_id=37436171902517249 tipo=ompt_thread_worker     last_cpu=235 numa=1 mig=1 fallos=0 perf=full ratio_rm=0.0249
[OMPT] tid=1014581 ompt_id=41939771529887745 tipo=ompt_thread_worker     last_cpu= 93 numa=1 mig=1 fallos=0 perf=full ratio_rm=0.0248
[OMPT] tid=1014626 ompt_id=54606145481867265 tipo=ompt_thread_worker     last_cpu=193 numa=1 mig=1 fallos=0 perf=full ratio_rm=0.0256
[OMPT] tid=1014596 ompt_id=46161896180547585 tipo=ompt_thread_worker     last_cpu=240 numa=1 mig=1 fallos=0 perf=full ratio_rm=0.0252
[OMPT] tid=1014534 ompt_id=28710447624486913 tipo=ompt_thread_worker     last_cpu= 86 numa=1 mig=1 fallos=0 perf=full ratio_rm=0.0254
[OMPT] tid=1014517 ompt_id=23925373020405761 tipo=ompt_thread_worker     last_cpu= 83 numa=1 mig=1 fallos=0 perf=full ratio_rm=0.0250
[OMPT] tid=1014505 ompt_id=20547673299877889 tipo=ompt_thread_worker     last_cpu= 78 numa=1 mig=1 fallos=0 perf=full ratio_rm=0.0250
[OMPT] tid=1014675 ompt_id=68116944363978753 tipo=ompt_thread_worker     last_cpu= 64 numa=1 mig=1 fallos=0 perf=full ratio_rm=0.0251
[OMPT] tid=1014661 ompt_id=64457769666740225 tipo=ompt_thread_worker     last_cpu= 91 numa=1 mig=1 fallos=0 perf=full ratio_rm=0.0037
[OMPT] tid=1014627 ompt_id=54887620458577921 tipo=ompt_thread_worker     last_cpu= 77 numa=1 mig=1 fallos=0 perf=full ratio_rm=0.0071
[OMPT] tid=1014564 ompt_id=37154696925806593 tipo=ompt_thread_worker     last_cpu= 92 numa=1 mig=1 fallos=0 perf=full ratio_rm=0.0068
[OMPT] tid=1014532 ompt_id=27866022694354945 tipo=ompt_thread_worker     last_cpu=205 numa=1 mig=1 fallos=0 perf=full ratio_rm=0.0079
[OMPT] tid=1014611 ompt_id=50102545854496769 tipo=ompt_thread_worker     last_cpu= 66 numa=1 mig=1 fallos=0 perf=full ratio_rm=0.0046
[OMPT] tid=1014595 ompt_id=45880421203836929 tipo=ompt_thread_worker     last_cpu=216 numa=1 mig=1 fallos=0 perf=full ratio_rm=0.0067
[OMPT] tid=1014580 ompt_id=41658296553177089 tipo=ompt_thread_worker     last_cpu=112 numa=1 mig=1 fallos=0 perf=full ratio_rm=0.0248
[OMPT] tid=1014651 ompt_id=61643019899633665 tipo=ompt_thread_worker     last_cpu=234 numa=1 mig=1 fallos=0 perf=full ratio_rm=0.0249
[OMPT] tid=1014653 ompt_id=62205969853054977 tipo=ompt_thread_worker     last_cpu= 99 numa=1 mig=1 fallos=0 perf=full ratio_rm=0.0063
[OMPT] tid=1014669 ompt_id=66709569480425473 tipo=ompt_thread_worker     last_cpu=122 numa=1 mig=1 fallos=0 perf=full ratio_rm=0.0251
[OMPT] tid=1014575 ompt_id=40250921669623809 tipo=ompt_thread_worker     last_cpu=233 numa=1 mig=1 fallos=0 perf=full ratio_rm=0.0249
[OMPT] tid=1014491 ompt_id=16607023625928705 tipo=ompt_thread_worker     last_cpu=120 numa=1 mig=1 fallos=0 perf=full ratio_rm=0.0253
[OMPT] tid=1014636 ompt_id=57420895248973825 tipo=ompt_thread_worker     last_cpu=208 numa=1 mig=1 fallos=0 perf=full ratio_rm=0.0250
[OMPT] tid=1014525 ompt_id=26177172834091009 tipo=ompt_thread_worker     last_cpu=104 numa=1 mig=1 fallos=0 perf=full ratio_rm=0.0248
[OMPT] tid=1014592 ompt_id=45035996273704961 tipo=ompt_thread_worker     last_cpu= 82 numa=1 mig=1 fallos=0 perf=full ratio_rm=0.0248
[OMPT] tid=1014656 ompt_id=63050394783186945 tipo=ompt_thread_worker     last_cpu=243 numa=1 mig=1 fallos=0 perf=full ratio_rm=0.0249
[OMPT] tid=1014553 ompt_id=34058472181989377 tipo=ompt_thread_worker     last_cpu= 76 numa=1 mig=1 fallos=0 perf=full ratio_rm=0.0246
[OMPT] tid=1014632 ompt_id=56294995342131201 tipo=ompt_thread_worker     last_cpu= 69 numa=1 mig=1 fallos=0 perf=full ratio_rm=0.0249
[OMPT] tid=1014545 ompt_id=31806672368304129 tipo=ompt_thread_worker     last_cpu=104 numa=1 mig=1 fallos=0 perf=full ratio_rm=0.0248
[OMPT] tid=1014617 ompt_id=52072870691471361 tipo=ompt_thread_worker     last_cpu=247 numa=1 mig=1 fallos=0 perf=full ratio_rm=0.0074
[OMPT] tid=1014682 ompt_id=70368744177664001 tipo=ompt_thread_worker     last_cpu=234 numa=1 mig=1 fallos=0 perf=full ratio_rm=0.0062
[OMPT] tid=1014589 ompt_id=44191571343572993 tipo=ompt_thread_worker     last_cpu=241 numa=1 mig=1 fallos=0 perf=full ratio_rm=0.0052
[OMPT] tid=1014524 ompt_id=25895697857380353 tipo=ompt_thread_worker     last_cpu=223 numa=1 mig=1 fallos=0 perf=full ratio_rm=0.0058
[OMPT] tid=1014488 ompt_id=15762598695796737 tipo=ompt_thread_worker     last_cpu=196 numa=1 mig=1 fallos=0 perf=full ratio_rm=0.0041
[OMPT] tid=1014655 ompt_id=62768919806476289 tipo=ompt_thread_worker     last_cpu=201 numa=1 mig=1 fallos=0 perf=full ratio_rm=0.0037
[OMPT] tid=1014556 ompt_id=34902897112121345 tipo=ompt_thread_worker     last_cpu= 74 numa=1 mig=1 fallos=0 perf=full ratio_rm=0.0071
[OMPT] tid=1014536 ompt_id=29273397577908225 tipo=ompt_thread_worker     last_cpu= 64 numa=1 mig=1 fallos=0 perf=full ratio_rm=0.0045
[OMPT] tid=1014664 ompt_id=65583669573582849 tipo=ompt_thread_worker     last_cpu=242 numa=1 mig=1 fallos=0 perf=full ratio_rm=0.0042
[OMPT] tid=1014599 ompt_id=47006321110679553 tipo=ompt_thread_worker     last_cpu=207 numa=1 mig=1 fallos=0 perf=full ratio_rm=0.0076
[OMPT] tid=1014470 ompt_id=10696049115004929 tipo=ompt_thread_worker     last_cpu=124 numa=1 mig=1 fallos=0 perf=full ratio_rm=0.0049
[OMPT] tid=1014586 ompt_id=43347146413441025 tipo=ompt_thread_worker     last_cpu=235 numa=1 mig=1 fallos=0 perf=full ratio_rm=0.0249
[OMPT] tid=1014676 ompt_id=68679894317400065 tipo=ompt_thread_worker     last_cpu= 69 numa=1 mig=1 fallos=0 perf=full ratio_rm=0.0047
[OMPT] tid=1014643 ompt_id=59391220085948417 tipo=ompt_thread_worker     last_cpu=226 numa=1 mig=1 fallos=0 perf=full ratio_rm=0.0067
[OMPT] tid=1014516 ompt_id=23643898043695105 tipo=ompt_thread_worker     last_cpu=210 numa=1 mig=1 fallos=0 perf=full ratio_rm=0.0035
[OMPT] tid=1014484 ompt_id=14355223812243457 tipo=ompt_thread_worker     last_cpu=224 numa=1 mig=1 fallos=0 perf=full ratio_rm=0.0041
[OMPT] tid=1014500 ompt_id=19140298416324609 tipo=ompt_thread_worker     last_cpu=193 numa=1 mig=1 fallos=0 perf=full ratio_rm=0.0049
[OMPT] tid=1014558 ompt_id=35465847065542657 tipo=ompt_thread_worker     last_cpu=112 numa=1 mig=1 fallos=0 perf=full ratio_rm=0.0250
[OMPT] tid=1014528 ompt_id=27021597764222977 tipo=ompt_thread_worker     last_cpu=105 numa=1 mig=1 fallos=0 perf=full ratio_rm=0.0246
[OMPT] tid=1014625 ompt_id=54324670505156609 tipo=ompt_thread_worker     last_cpu= 85 numa=1 mig=1 fallos=0 perf=full ratio_rm=0.0066
[OMPT] tid=1014510 ompt_id=21955048183431169 tipo=ompt_thread_worker     last_cpu= 66 numa=1 mig=1 fallos=0 perf=full ratio_rm=0.0042
[OMPT] tid=1014494 ompt_id=17451448556060673 tipo=ompt_thread_worker     last_cpu=101 numa=1 mig=1 fallos=0 perf=full ratio_rm=0.0034
[OMPT] tid=1014671 ompt_id=67272519433846785 tipo=ompt_thread_worker     last_cpu=253 numa=1 mig=1 fallos=0 perf=full ratio_rm=0.0249
[OMPT] tid=1014513 ompt_id=22799473113563137 tipo=ompt_thread_worker     last_cpu= 74 numa=1 mig=1 fallos=0 perf=full ratio_rm=0.0248
[OMPT] tid=1014588 ompt_id=43910096366862337 tipo=ompt_thread_worker     last_cpu=250 numa=1 mig=1 fallos=0 perf=full ratio_rm=0.0248
[OMPT] tid=1014645 ompt_id=59954170039369729 tipo=ompt_thread_worker     last_cpu=222 numa=1 mig=1 fallos=0 perf=full ratio_rm=0.0042
[OMPT] tid=1014518 ompt_id=24206847997116417 tipo=ompt_thread_worker     last_cpu=104 numa=1 mig=1 fallos=0 perf=full ratio_rm=0.0054
[OMPT] tid=1014613 ompt_id=50946970784628737 tipo=ompt_thread_worker     last_cpu=105 numa=1 mig=1 fallos=0 perf=full ratio_rm=0.0043
[OMPT] tid=1014512 ompt_id=22517998136852481 tipo=ompt_thread_worker     last_cpu=215 numa=1 mig=1 fallos=0 perf=full ratio_rm=0.0071
[OMPT] tid=1014633 ompt_id=56576470318841857 tipo=ompt_thread_worker     last_cpu=100 numa=1 mig=1 fallos=0 perf=full ratio_rm=0.0075
[OMPT] tid=1014507 ompt_id=21110623253299201 tipo=ompt_thread_worker     last_cpu=206 numa=1 mig=1 fallos=0 perf=full ratio_rm=0.0250
[OMPT] tid=1014666 ompt_id=65865144550293505 tipo=ompt_thread_worker     last_cpu=105 numa=1 mig=1 fallos=0 perf=full ratio_rm=0.0245
[OMPT] tid=1014598 ompt_id=46724846133968897 tipo=ompt_thread_worker     last_cpu=103 numa=1 mig=1 fallos=0 perf=full ratio_rm=0.0046
[OMPT] tid=1014485 ompt_id=14918173765664769 tipo=ompt_thread_worker     last_cpu=212 numa=1 mig=1 fallos=0 perf=full ratio_rm=0.0249
[OMPT] tid=1014569 ompt_id=38562071809359873 tipo=ompt_thread_worker     last_cpu=214 numa=1 mig=1 fallos=0 perf=full ratio_rm=0.0248
[OMPT] tid=1014557 ompt_id=35184372088832001 tipo=ompt_thread_worker     last_cpu=240 numa=1 mig=1 fallos=0 perf=full ratio_rm=0.0254
[OMPT] tid=1014648 ompt_id=60798594969501697 tipo=ompt_thread_worker     last_cpu=202 numa=1 mig=1 fallos=0 perf=full ratio_rm=0.0251
[OMPT] tid=1014587 ompt_id=43628621390151681 tipo=ompt_thread_worker     last_cpu= 87 numa=1 mig=1 fallos=0 perf=full ratio_rm=0.0246
[OMPT] tid=1014674 ompt_id=68398419340689409 tipo=ompt_thread_worker     last_cpu= 97 numa=1 mig=1 fallos=0 perf=full ratio_rm=0.0251
[OMPT] tid=1014614 ompt_id=51228445761339393 tipo=ompt_thread_worker     last_cpu=237 numa=1 mig=1 fallos=0 perf=full ratio_rm=0.0248
[OMPT] tid=1014523 ompt_id=25614222880669697 tipo=ompt_thread_worker     last_cpu=206 numa=1 mig=1 fallos=0 perf=full ratio_rm=0.0250
[OMPT] tid=1014620 ompt_id=52917295621603329 tipo=ompt_thread_worker     last_cpu=118 numa=1 mig=1 fallos=0 perf=full ratio_rm=0.0247
[OMPT] tid=1014606 ompt_id=48976645947654145 tipo=ompt_thread_worker     last_cpu=203 numa=1 mig=1 fallos=0 perf=full ratio_rm=0.0247
[OMPT] tid=1014567 ompt_id=37999121855938561 tipo=ompt_thread_worker     last_cpu=244 numa=1 mig=1 fallos=0 perf=full ratio_rm=0.0250
[OMPT] tid=1014479 ompt_id=13510798882111489 tipo=ompt_thread_worker     last_cpu=106 numa=1 mig=1 fallos=0 perf=full ratio_rm=0.0251
[OMPT] tid=1014602 ompt_id=47850746040811521 tipo=ompt_thread_worker     last_cpu= 71 numa=1 mig=1 fallos=0 perf=full ratio_rm=0.0252
[OMPT] tid=1014590 ompt_id=44473046320283649 tipo=ompt_thread_worker     last_cpu=219 numa=1 mig=1 fallos=0 perf=full ratio_rm=0.0249
[OMPT] tid=1014527 ompt_id=26740122787512321 tipo=ompt_thread_worker     last_cpu=236 numa=1 mig=1 fallos=0 perf=full ratio_rm=0.0247
[OMPT] tid=1014679 ompt_id=69524319247532033 tipo=ompt_thread_worker     last_cpu=108 numa=1 mig=1 fallos=0 perf=full ratio_rm=0.0249
[OMPT] tid=1014652 ompt_id=61924494876344321 tipo=ompt_thread_worker     last_cpu=246 numa=1 mig=1 fallos=0 perf=full ratio_rm=0.0250
[OMPT] tid=1014616 ompt_id=51791395714760705 tipo=ompt_thread_worker     last_cpu= 70 numa=1 mig=1 fallos=0 perf=full ratio_rm=0.0043
[OMPT] tid=1014677 ompt_id=68961369294110721 tipo=ompt_thread_worker     last_cpu=219 numa=1 mig=1 fallos=0 perf=full ratio_rm=0.0252
[OMPT] tid=1014549 ompt_id=32932572275146753 tipo=ompt_thread_worker     last_cpu=230 numa=1 mig=1 fallos=0 perf=full ratio_rm=0.0249
[OMPT] tid=1014660 ompt_id=64176294690029569 tipo=ompt_thread_worker     last_cpu=120 numa=1 mig=1 fallos=0 perf=full ratio_rm=0.0251
[OMPT] tid=1014646 ompt_id=60235645016080385 tipo=ompt_thread_worker     last_cpu=198 numa=1 mig=1 fallos=0 perf=full ratio_rm=0.0250
[OMPT] tid=1014493 ompt_id=17169973579350017 tipo=ompt_thread_worker     last_cpu=123 numa=1 mig=1 fallos=0 perf=full ratio_rm=0.0257
[OMPT] tid=1014631 ompt_id=56013520365420545 tipo=ompt_thread_worker     last_cpu=234 numa=1 mig=1 fallos=0 perf=full ratio_rm=0.0249
[OMPT] tid=1014475 ompt_id=12384898975268865 tipo=ompt_thread_worker     last_cpu=220 numa=1 mig=1 fallos=0 perf=full ratio_rm=0.0250
[OMPT] tid=1014604 ompt_id=48413695994232833 tipo=ompt_thread_worker     last_cpu=230 numa=1 mig=1 fallos=0 perf=full ratio_rm=0.0251
[OMPT] tid=1014561 ompt_id=36310271995674625 tipo=ompt_thread_worker     last_cpu= 82 numa=1 mig=1 fallos=0 perf=full ratio_rm=0.0248
[OMPT] tid=1014503 ompt_id=19984723346456577 tipo=ompt_thread_worker     last_cpu=239 numa=1 mig=1 fallos=0 perf=full ratio_rm=0.0249
[OMPT] tid=1014658 ompt_id=63613344736608257 tipo=ompt_thread_worker     last_cpu=100 numa=1 mig=1 fallos=0 perf=full ratio_rm=0.0252
[OMPT] tid=1014477 ompt_id=12947848928690177 tipo=ompt_thread_worker     last_cpu=255 numa=1 mig=1 fallos=0 perf=full ratio_rm=0.0250
[OMPT] tid=1014501 ompt_id=19421773393035265 tipo=ompt_thread_worker     last_cpu= 73 numa=1 mig=1 fallos=0 perf=full ratio_rm=0.0246
[OMPT] tid=1014559 ompt_id=35747322042253313 tipo=ompt_thread_worker     last_cpu=245 numa=1 mig=1 fallos=0 perf=full ratio_rm=0.0247
[OMPT] tid=1014543 ompt_id=31243722414882817 tipo=ompt_thread_worker     last_cpu=252 numa=1 mig=1 fallos=0 perf=full ratio_rm=0.0251
[OMPT] tid=1014487 ompt_id=15481123719086081 tipo=ompt_thread_worker     last_cpu= 78 numa=1 mig=1 fallos=0 perf=full ratio_rm=0.0265
[OMPT] tid=1014683 ompt_id=70650219154374657 tipo=ompt_thread_worker     last_cpu=210 numa=1 mig=1 fallos=0 perf=full ratio_rm=0.0250
[OMPT] tid=1014540 ompt_id=30399297484750849 tipo=ompt_thread_worker     last_cpu=107 numa=1 mig=1 fallos=0 perf=full ratio_rm=0.0247
[OMPT] tid=1014612 ompt_id=50665495807918081 tipo=ompt_thread_worker     last_cpu= 69 numa=1 mig=1 fallos=0 perf=full ratio_rm=0.0250
[OMPT] ===== Overhead intrínseco =====
  monitor: 292 ticks, 541867.5 us total (max 7204.5 us/tick)
  callbacks implicit_task: 41985, 42992958.1 us total
  migraciones: 256 (18016952.0 us total)
  resyncs=23763  lecturas escaladas por multiplexado=121220
  hilos con perf fallido=0  parcial=0
  ventanas con fills=35403
