[OMPT] ompt_initialize (OPCIÓN C: integrador con fugas)  verbose=0  migracion=activa
[HWLOC] Nodos NUMA detectados: 2 (usados: 2)
[HWLOC] Nodo 0: 128 CPUs
[HWLOC] Nodo 1: 128 CPUs
[OMPT] callback 'ompt_callback_thread_begin' registrado (result=5)
[OMPT] callback 'ompt_callback_thread_end' registrado (result=5)
[OMPT] callback 'ompt_callback_parallel_begin' registrado (result=5)
[OMPT] callback 'ompt_callback_parallel_end' registrado (result=5)
[OMPT] callback 'ompt_callback_implicit_task' registrado (result=5)
[OMPT] callback 'ompt_callback_control_tool' registrado (result=5)
[OMPT] Callbacks registrados
[OMPT] Sistema: 0 procesadores lógicos
[OMPT][MON] Monitor (C: integrador con fugas)  período=100ms  warmup=5  referencia=MIN  T=min+max(0.050, 3.00*MAD_bajo)  leak=0.50*margen  cap=8.00*margen  max_mig=1  migracion=activa
[perf_region] tool OMPT detectado: los contadores los lleva el tool, no se abren aqui
[OMPT] control_tool: INICIANDO medicion
[OMPT] control_tool: PAUSANDO medicion
[OMPT] ompt_finalize
[OMPT][MON] Monitor detenido tras 14 ventanas
[OMPT] CSV de ventanas: 169 filas volcadas (0 descartadas)
[OMPT] ===== Tabla final: 16 hilos =====
[OMPT] tid=996244 ompt_id=281474976710657 tipo=ompt_thread_initial    last_cpu=255 numa=1 mig=0 fallos=0 perf=full ratio_rm=0.0000
[OMPT] tid=996246 ompt_id=562949953421313 tipo=ompt_thread_worker     last_cpu= 72 numa=1 mig=0 fallos=0 perf=full ratio_rm=0.0000
[OMPT] tid=996247 ompt_id=844424930131969 tipo=ompt_thread_worker     last_cpu=215 numa=1 mig=0 fallos=0 perf=full ratio_rm=0.0000
[OMPT] tid=996249 ompt_id=1125899906842625 tipo=ompt_thread_worker     last_cpu=193 numa=1 mig=1 fallos=0 perf=full ratio_rm=0.0615
[OMPT] tid=996248 ompt_id=1407374883553281 tipo=ompt_thread_worker     last_cpu=120 numa=1 mig=0 fallos=0 perf=full ratio_rm=0.0000
[OMPT] tid=996250 ompt_id=1688849860263937 tipo=ompt_thread_worker     last_cpu=112 numa=1 mig=0 fallos=0 perf=full ratio_rm=0.0000
[OMPT] tid=996252 ompt_id=2251799813685249 tipo=ompt_thread_worker     last_cpu= 89 numa=1 mig=0 fallos=0 perf=full ratio_rm=0.0000
[OMPT] tid=996251 ompt_id=1970324836974593 tipo=ompt_thread_worker     last_cpu=111 numa=1 mig=0 fallos=0 perf=full ratio_rm=0.0000
[OMPT] tid=996253 ompt_id=2533274790395905 tipo=ompt_thread_worker     last_cpu=231 numa=1 mig=0 fallos=0 perf=full ratio_rm=0.0000
[OMPT] tid=996254 ompt_id=2814749767106561 tipo=ompt_thread_worker     last_cpu= 96 numa=1 mig=0 fallos=0 perf=full ratio_rm=0.0000
[OMPT] tid=996255 ompt_id=3096224743817217 tipo=ompt_thread_worker     last_cpu=199 numa=1 mig=0 fallos=0 perf=full ratio_rm=0.0000
[OMPT] tid=996256 ompt_id=3377699720527873 tipo=ompt_thread_worker     last_cpu= 80 numa=1 mig=1 fallos=0 perf=full ratio_rm=0.0958
[OMPT] tid=996257 ompt_id=3659174697238529 tipo=ompt_thread_worker     last_cpu= 69 numa=1 mig=1 fallos=0 perf=full ratio_rm=0.0970
[OMPT] tid=996258 ompt_id=3940649673949185 tipo=ompt_thread_worker     last_cpu=247 numa=1 mig=0 fallos=0 perf=full ratio_rm=0.0000
[OMPT] tid=996259 ompt_id=4222124650659841 tipo=ompt_thread_worker     last_cpu=207 numa=1 mig=0 fallos=0 perf=full ratio_rm=0.0000
[OMPT] tid=996260 ompt_id=4503599627370497 tipo=ompt_thread_worker     last_cpu=223 numa=1 mig=0 fallos=0 perf=full ratio_rm=0.0000
[OMPT] ===== Overhead intrínseco =====
  monitor: 14 ticks, 1471.0 us total (max 200.3 us/tick)
  callbacks implicit_task: 2529, 141323.5 us total
  migraciones: 3 (597.2 us total)
  resyncs=5  lecturas escaladas por multiplexado=496
  hilos con perf fallido=0  parcial=0
  ventanas con fills=169
