[OMPT] ompt_initialize (OPCIÓN C: integrador con fugas)  verbose=0  migracion=DESACTIVADA
[HWLOC] Nodos NUMA detectados: 2 (usados: 2)
[HWLOC] Nodo 0: 128 CPUs
[HWLOC] Nodo 1: 128 CPUs
[OMPT] callback 'ompt_callback_thread_begin' registrado (result=5)
[OMPT] callback 'ompt_callback_thread_end' registrado (result=5)
[OMPT] callback 'ompt_callback_parallel_begin' registrado (result=5)
[OMPT] callback 'ompt_callback_parallel_end' registrado (result=5)
[OMPT] callback 'ompt_callback_implicit_task' registrado (result=5)
[OMPT] callback 'ompt_callback_control_tool' registrado (result=5)
[OMPT] Callbacks registrados
[OMPT] Sistema: 0 procesadores lógicos
[OMPT][MON] Monitor (C: integrador con fugas)  período=100ms  warmup=5  referencia=MIN  T=min+max(0.050, 3.00*MAD_bajo)  leak=0.50*margen  cap=8.00*margen  max_mig=1  migracion=DESACTIVADA
[perf_region] tool OMPT detectado: los contadores los lleva el tool, no se abren aqui
[OMPT] control_tool: INICIANDO medicion
[OMPT] control_tool: PAUSANDO medicion
[OMPT] ompt_finalize
[OMPT][MON] Monitor detenido tras 14 ventanas
[OMPT] CSV de ventanas: 576 filas volcadas (0 descartadas)
[OMPT] ===== Tabla final: 64 hilos =====
[OMPT] tid=998015 ompt_id=281474976710657 tipo=ompt_thread_initial    last_cpu=255 numa=1 mig=0 fallos=0 perf=full ratio_rm=0.0000
[OMPT] tid=998017 ompt_id=562949953421313 tipo=ompt_thread_worker     last_cpu= 40 numa=0 mig=0 fallos=0 perf=full ratio_rm=0.1056
[OMPT] tid=998018 ompt_id=844424930131969 tipo=ompt_thread_worker     last_cpu= 65 numa=1 mig=0 fallos=0 perf=full ratio_rm=0.0000
[OMPT] tid=998020 ompt_id=1125899906842625 tipo=ompt_thread_worker     last_cpu= 97 numa=1 mig=0 fallos=0 perf=full ratio_rm=0.0000
[OMPT] tid=998019 ompt_id=1407374883553281 tipo=ompt_thread_worker     last_cpu= 88 numa=1 mig=0 fallos=0 perf=full ratio_rm=0.0000
[OMPT] tid=998021 ompt_id=1688849860263937 tipo=ompt_thread_worker     last_cpu=232 numa=1 mig=0 fallos=0 perf=full ratio_rm=0.0000
[OMPT] tid=998023 ompt_id=2251799813685249 tipo=ompt_thread_worker     last_cpu=  4 numa=0 mig=0 fallos=0 perf=full ratio_rm=0.2002
[OMPT] tid=998022 ompt_id=1970324836974593 tipo=ompt_thread_worker     last_cpu=106 numa=1 mig=0 fallos=0 perf=full ratio_rm=0.0000
[OMPT] tid=998024 ompt_id=2533274790395905 tipo=ompt_thread_worker     last_cpu=112 numa=1 mig=0 fallos=0 perf=full ratio_rm=0.0000
[OMPT] tid=998025 ompt_id=2814749767106561 tipo=ompt_thread_worker     last_cpu= 75 numa=1 mig=0 fallos=0 perf=full ratio_rm=0.0000
[OMPT] tid=998026 ompt_id=3096224743817217 tipo=ompt_thread_worker     last_cpu=200 numa=1 mig=0 fallos=0 perf=full ratio_rm=0.0001
[OMPT] tid=998027 ompt_id=3377699720527873 tipo=ompt_thread_worker     last_cpu= 12 numa=0 mig=0 fallos=0 perf=full ratio_rm=0.1941
[OMPT] tid=998028 ompt_id=3659174697238529 tipo=ompt_thread_worker     last_cpu= 96 numa=1 mig=0 fallos=0 perf=full ratio_rm=0.0000
[OMPT] tid=998029 ompt_id=3940649673949185 tipo=ompt_thread_worker     last_cpu=254 numa=1 mig=0 fallos=0 perf=full ratio_rm=0.0000
[OMPT] tid=998030 ompt_id=4222124650659841 tipo=ompt_thread_worker     last_cpu=252 numa=1 mig=0 fallos=0 perf=full ratio_rm=0.0000
[OMPT] tid=998031 ompt_id=4503599627370497 tipo=ompt_thread_worker     last_cpu=113 numa=1 mig=0 fallos=0 perf=full ratio_rm=0.0000
[OMPT] tid=998032 ompt_id=4785074604081153 tipo=ompt_thread_worker     last_cpu= 74 numa=1 mig=0 fallos=0 perf=full ratio_rm=0.0000
[OMPT] tid=998033 ompt_id=5066549580791809 tipo=ompt_thread_worker     last_cpu= 67 numa=1 mig=0 fallos=0 perf=full ratio_rm=0.0000
[OMPT] tid=998034 ompt_id=5348024557502465 tipo=ompt_thread_worker     last_cpu=192 numa=1 mig=0 fallos=0 perf=full ratio_rm=0.0000
[OMPT] tid=998035 ompt_id=5629499534213121 tipo=ompt_thread_worker     last_cpu=  5 numa=0 mig=0 fallos=0 perf=full ratio_rm=0.1999
[OMPT] tid=998036 ompt_id=5910974510923777 tipo=ompt_thread_worker     last_cpu= 13 numa=0 mig=0 fallos=0 perf=full ratio_rm=0.2030
[OMPT] tid=998037 ompt_id=6192449487634433 tipo=ompt_thread_worker     last_cpu= 32 numa=0 mig=0 fallos=0 perf=full ratio_rm=0.1622
[OMPT] tid=998038 ompt_id=6473924464345089 tipo=ompt_thread_worker     last_cpu=253 numa=1 mig=0 fallos=0 perf=full ratio_rm=0.0000
[OMPT] tid=998039 ompt_id=6755399441055745 tipo=ompt_thread_worker     last_cpu= 50 numa=0 mig=0 fallos=0 perf=full ratio_rm=0.2011
[OMPT] tid=998040 ompt_id=7036874417766401 tipo=ompt_thread_worker     last_cpu= 17 numa=0 mig=0 fallos=0 perf=full ratio_rm=0.2066
[OMPT] tid=998041 ompt_id=7318349394477057 tipo=ompt_thread_worker     last_cpu= 51 numa=0 mig=0 fallos=0 perf=full ratio_rm=0.2067
[OMPT] tid=998042 ompt_id=7599824371187713 tipo=ompt_thread_worker     last_cpu=  7 numa=0 mig=0 fallos=0 perf=full ratio_rm=0.2095
[OMPT] tid=998043 ompt_id=7881299347898369 tipo=ompt_thread_worker     last_cpu=251 numa=1 mig=0 fallos=0 perf=full ratio_rm=0.0000
[OMPT] tid=998044 ompt_id=8162774324609025 tipo=ompt_thread_worker     last_cpu= 81 numa=1 mig=0 fallos=0 perf=full ratio_rm=0.0000
[OMPT] tid=998045 ompt_id=8444249301319681 tipo=ompt_thread_worker     last_cpu= 56 numa=0 mig=0 fallos=0 perf=full ratio_rm=0.1535
[OMPT] tid=998046 ompt_id=8725724278030337 tipo=ompt_thread_worker     last_cpu= 48 numa=0 mig=0 fallos=0 perf=full ratio_rm=0.2059
[OMPT] tid=998047 ompt_id=9007199254740993 tipo=ompt_thread_worker     last_cpu=  6 numa=0 mig=0 fallos=0 perf=full ratio_rm=0.2073
[OMPT] tid=998048 ompt_id=9288674231451649 tipo=ompt_thread_worker     last_cpu= 80 numa=1 mig=0 fallos=0 perf=full ratio_rm=0.0000
[OMPT] tid=998049 ompt_id=9570149208162305 tipo=ompt_thread_worker     last_cpu= 41 numa=0 mig=0 fallos=0 perf=full ratio_rm=0.1905
[OMPT] tid=998050 ompt_id=9851624184872961 tipo=ompt_thread_worker     last_cpu= 76 numa=1 mig=0 fallos=0 perf=full ratio_rm=0.0000
[OMPT] tid=998051 ompt_id=10133099161583617 tipo=ompt_thread_worker     last_cpu=105 numa=1 mig=0 fallos=0 perf=full ratio_rm=0.0000
[OMPT] tid=998077 ompt_id=17451448556060673 tipo=ompt_thread_worker     last_cpu=206 numa=1 mig=0 fallos=0 perf=full ratio_rm=0.0000
[OMPT] tid=998074 ompt_id=16607023625928705 tipo=ompt_thread_worker     last_cpu=150 numa=0 mig=0 fallos=0 perf=full ratio_rm=0.1571
[OMPT] tid=998062 ompt_id=13229323905400833 tipo=ompt_thread_worker     last_cpu=151 numa=0 mig=0 fallos=0 perf=full ratio_rm=0.1439
[OMPT] tid=998056 ompt_id=11821949021847553 tipo=ompt_thread_worker     last_cpu= 49 numa=0 mig=0 fallos=0 perf=full ratio_rm=0.1913
[OMPT] tid=998073 ompt_id=16325548649218049 tipo=ompt_thread_worker     last_cpu=246 numa=1 mig=0 fallos=0 perf=full ratio_rm=0.0000
[OMPT] tid=998063 ompt_id=13510798882111489 tipo=ompt_thread_worker     last_cpu=247 numa=1 mig=0 fallos=0 perf=full ratio_rm=0.0000
[OMPT] tid=998059 ompt_id=12103423998558209 tipo=ompt_thread_worker     last_cpu=239 numa=1 mig=0 fallos=0 perf=full ratio_rm=0.0000
[OMPT] tid=998075 ompt_id=16888498602639361 tipo=ompt_thread_worker     last_cpu=198 numa=1 mig=0 fallos=0 perf=full ratio_rm=0.0000
[OMPT] tid=998066 ompt_id=14355223812243457 tipo=ompt_thread_worker     last_cpu=175 numa=0 mig=0 fallos=0 perf=full ratio_rm=0.0696
[OMPT] tid=998069 ompt_id=15199648742375425 tipo=ompt_thread_worker     last_cpu=214 numa=1 mig=0 fallos=0 perf=full ratio_rm=0.0000
[OMPT] tid=998052 ompt_id=10414574138294273 tipo=ompt_thread_worker     last_cpu=215 numa=1 mig=0 fallos=0 perf=full ratio_rm=0.0000
[OMPT] tid=998070 ompt_id=15481123719086081 tipo=ompt_thread_worker     last_cpu=190 numa=0 mig=0 fallos=0 perf=full ratio_rm=0.1188
[OMPT] tid=998058 ompt_id=12384898975268865 tipo=ompt_thread_worker     last_cpu=191 numa=0 mig=0 fallos=0 perf=full ratio_rm=0.1129
[OMPT] tid=998055 ompt_id=11258999068426241 tipo=ompt_thread_worker     last_cpu=199 numa=1 mig=0 fallos=0 perf=full ratio_rm=0.0000
[OMPT] tid=998064 ompt_id=13792273858822145 tipo=ompt_thread_worker     last_cpu=159 numa=0 mig=0 fallos=0 perf=full ratio_rm=0.1283
[OMPT] tid=998076 ompt_id=17169973579350017 tipo=ompt_thread_worker     last_cpu=158 numa=0 mig=0 fallos=0 perf=full ratio_rm=0.1209
[OMPT] tid=998072 ompt_id=16044073672507393 tipo=ompt_thread_worker     last_cpu=142 numa=0 mig=0 fallos=0 perf=full ratio_rm=0.1997
[OMPT] tid=998060 ompt_id=12947848928690177 tipo=ompt_thread_worker     last_cpu=143 numa=0 mig=0 fallos=0 perf=full ratio_rm=0.2106
[OMPT] tid=998079 ompt_id=18014398509481985 tipo=ompt_thread_worker     last_cpu=222 numa=1 mig=0 fallos=0 perf=full ratio_rm=0.0000
[OMPT] tid=998053 ompt_id=10696049115004929 tipo=ompt_thread_worker     last_cpu=223 numa=1 mig=0 fallos=0 perf=full ratio_rm=0.0000
[OMPT] tid=998078 ompt_id=17732923532771329 tipo=ompt_thread_worker     last_cpu=166 numa=0 mig=0 fallos=0 perf=full ratio_rm=0.1092
[OMPT] tid=998065 ompt_id=14073748835532801 tipo=ompt_thread_worker     last_cpu=167 numa=0 mig=0 fallos=0 perf=full ratio_rm=0.1147
[OMPT] tid=998068 ompt_id=14918173765664769 tipo=ompt_thread_worker     last_cpu= 24 numa=0 mig=0 fallos=0 perf=full ratio_rm=0.1444
[OMPT] tid=998054 ompt_id=10977524091715585 tipo=ompt_thread_worker     last_cpu=144 numa=0 mig=0 fallos=0 perf=full ratio_rm=0.1742
[OMPT] tid=998057 ompt_id=11540474045136897 tipo=ompt_thread_worker     last_cpu=207 numa=1 mig=0 fallos=0 perf=full ratio_rm=0.0000
[OMPT] tid=998067 ompt_id=14636698788954113 tipo=ompt_thread_worker     last_cpu= 66 numa=1 mig=0 fallos=0 perf=full ratio_rm=0.0000
[OMPT] tid=998061 ompt_id=12666373951979521 tipo=ompt_thread_worker     last_cpu=231 numa=1 mig=0 fallos=0 perf=full ratio_rm=0.0000
[OMPT] tid=998071 ompt_id=15762598695796737 tipo=ompt_thread_worker     last_cpu=230 numa=1 mig=0 fallos=0 perf=full ratio_rm=0.0000
[OMPT] ===== Overhead intrínseco =====
  monitor: 14 ticks, 7334.2 us total (max 1237.2 us/tick)
  callbacks implicit_task: 10113, 3098340.0 us total
  migraciones: 0 (0.0 us total)
  resyncs=0  lecturas escaladas por multiplexado=1728
  hilos con perf fallido=0  parcial=0
  ventanas con fills=576
