[OMPT] ompt_initialize (OPCIÓN C: integrador con fugas)  verbose=0  migracion=activa
[HWLOC] Nodos NUMA detectados: 2 (usados: 2)
[HWLOC] Nodo 0: 128 CPUs
[HWLOC] Nodo 1: 128 CPUs
[OMPT] callback 'ompt_callback_thread_begin' registrado (result=5)
[OMPT] callback 'ompt_callback_thread_end' registrado (result=5)
[OMPT] callback 'ompt_callback_parallel_begin' registrado (result=5)
[OMPT] callback 'ompt_callback_parallel_end' registrado (result=5)
[OMPT] callback 'ompt_callback_implicit_task' registrado (result=5)
[OMPT] callback 'ompt_callback_control_tool' registrado (result=5)
[OMPT] Callbacks registrados
[OMPT] Sistema: 0 procesadores lógicos
[OMPT][MON] Monitor (C: integrador con fugas)  período=100ms  warmup=5  referencia=MIN  T=min+max(0.050, 3.00*MAD_bajo)  leak=0.50*margen  cap=8.00*margen  max_mig=1  migracion=activa
[perf_region] tool OMPT detectado: los contadores los lleva el tool, no se abren aqui
[OMPT] control_tool: INICIANDO medicion
[OMPT] control_tool: PAUSANDO medicion
[OMPT] ompt_finalize
[OMPT][MON] Monitor detenido tras 35 ventanas
[OMPT] CSV de ventanas: 5985 filas volcadas (0 descartadas)
[OMPT] ===== Tabla final: 256 hilos =====
[OMPT] tid=1004428 ompt_id=281474976710657 tipo=ompt_thread_initial    last_cpu=215 numa=1 mig=0 fallos=0 perf=full ratio_rm=0.0000
[OMPT] tid=1004431 ompt_id=562949953421313 tipo=ompt_thread_worker     last_cpu=231 numa=1 mig=0 fallos=0 perf=full ratio_rm=0.0000
[OMPT] tid=1004430 ompt_id=844424930131969 tipo=ompt_thread_worker     last_cpu= 90 numa=1 mig=0 fallos=0 perf=full ratio_rm=0.0000
[OMPT] tid=1004432 ompt_id=1125899906842625 tipo=ompt_thread_worker     last_cpu= 66 numa=1 mig=1 fallos=0 perf=full ratio_rm=0.0879
[OMPT] tid=1004433 ompt_id=1407374883553281 tipo=ompt_thread_worker     last_cpu=194 numa=1 mig=1 fallos=0 perf=full ratio_rm=0.0069
[OMPT] tid=1004434 ompt_id=1688849860263937 tipo=ompt_thread_worker     last_cpu=239 numa=1 mig=0 fallos=0 perf=full ratio_rm=0.0000
[OMPT] tid=1004435 ompt_id=1970324836974593 tipo=ompt_thread_worker     last_cpu=199 numa=1 mig=1 fallos=0 perf=full ratio_rm=0.0819
[OMPT] tid=1004436 ompt_id=2251799813685249 tipo=ompt_thread_worker     last_cpu=235 numa=1 mig=0 fallos=0 perf=full ratio_rm=0.0000
[OMPT] tid=1004437 ompt_id=2533274790395905 tipo=ompt_thread_worker     last_cpu=201 numa=1 mig=0 fallos=0 perf=full ratio_rm=0.0000
[OMPT] tid=1004438 ompt_id=2814749767106561 tipo=ompt_thread_worker     last_cpu= 72 numa=1 mig=1 fallos=0 perf=full ratio_rm=0.0108
[OMPT] tid=1004439 ompt_id=3096224743817217 tipo=ompt_thread_worker     last_cpu=233 numa=1 mig=0 fallos=0 perf=full ratio_rm=0.0000
[OMPT] tid=1004440 ompt_id=3377699720527873 tipo=ompt_thread_worker     last_cpu=107 numa=1 mig=0 fallos=0 perf=full ratio_rm=0.0000
[OMPT] tid=1004441 ompt_id=3659174697238529 tipo=ompt_thread_worker     last_cpu=255 numa=1 mig=0 fallos=0 perf=full ratio_rm=0.0002
[OMPT] tid=1004442 ompt_id=3940649673949185 tipo=ompt_thread_worker     last_cpu= 98 numa=1 mig=0 fallos=0 perf=full ratio_rm=0.0000
[OMPT] tid=1004443 ompt_id=4222124650659841 tipo=ompt_thread_worker     last_cpu= 69 numa=1 mig=1 fallos=0 perf=full ratio_rm=0.0087
[OMPT] tid=1004444 ompt_id=4503599627370497 tipo=ompt_thread_worker     last_cpu= 24 numa=0 mig=0 fallos=0 perf=full ratio_rm=0.0226
[OMPT] tid=1004445 ompt_id=4785074604081153 tipo=ompt_thread_worker     last_cpu=249 numa=1 mig=0 fallos=0 perf=full ratio_rm=0.0000
[OMPT] tid=1004446 ompt_id=5066549580791809 tipo=ompt_thread_worker     last_cpu=105 numa=1 mig=0 fallos=0 perf=full ratio_rm=0.0000
[OMPT] tid=1004447 ompt_id=5348024557502465 tipo=ompt_thread_worker     last_cpu=209 numa=1 mig=0 fallos=0 perf=full ratio_rm=0.0000
[OMPT] tid=1004448 ompt_id=5629499534213121 tipo=ompt_thread_worker     last_cpu= 87 numa=1 mig=0 fallos=0 perf=full ratio_rm=0.0002
[OMPT] tid=1004450 ompt_id=6192449487634433 tipo=ompt_thread_worker     last_cpu= 89 numa=1 mig=0 fallos=0 perf=full ratio_rm=0.0000
[OMPT] tid=1004451 ompt_id=6473924464345089 tipo=ompt_thread_worker     last_cpu=  7 numa=0 mig=0 fallos=0 perf=full ratio_rm=0.0219
[OMPT] tid=1004449 ompt_id=5910974510923777 tipo=ompt_thread_worker     last_cpu=100 numa=1 mig=0 fallos=0 perf=full ratio_rm=0.0000
[OMPT] tid=1004452 ompt_id=6755399441055745 tipo=ompt_thread_worker     last_cpu= 32 numa=0 mig=0 fallos=0 perf=full ratio_rm=0.0056
[OMPT] tid=1004453 ompt_id=7036874417766401 tipo=ompt_thread_worker     last_cpu=110 numa=1 mig=0 fallos=0 perf=full ratio_rm=0.0000
[OMPT] tid=1004454 ompt_id=7318349394477057 tipo=ompt_thread_worker     last_cpu=112 numa=1 mig=0 fallos=0 perf=full ratio_rm=0.0000
[OMPT] tid=1004455 ompt_id=7599824371187713 tipo=ompt_thread_worker     last_cpu=237 numa=1 mig=0 fallos=0 perf=full ratio_rm=0.0002
[OMPT] tid=1004456 ompt_id=7881299347898369 tipo=ompt_thread_worker     last_cpu=108 numa=1 mig=0 fallos=0 perf=full ratio_rm=0.0000
[OMPT] tid=1004457 ompt_id=8162774324609025 tipo=ompt_thread_worker     last_cpu= 69 numa=1 mig=1 fallos=0 perf=full ratio_rm=0.0715
[OMPT] tid=1004458 ompt_id=8444249301319681 tipo=ompt_thread_worker     last_cpu=194 numa=1 mig=1 fallos=0 perf=full ratio_rm=0.0743
[OMPT] tid=1004459 ompt_id=8725724278030337 tipo=ompt_thread_worker     last_cpu= 71 numa=1 mig=1 fallos=0 perf=full ratio_rm=0.0825
[OMPT] tid=1004460 ompt_id=9007199254740993 tipo=ompt_thread_worker     last_cpu= 66 numa=1 mig=1 fallos=0 perf=full ratio_rm=0.0843
[OMPT] tid=1004461 ompt_id=9288674231451649 tipo=ompt_thread_worker     last_cpu=248 numa=1 mig=0 fallos=0 perf=full ratio_rm=0.0000
[OMPT] tid=1004462 ompt_id=9570149208162305 tipo=ompt_thread_worker     last_cpu=238 numa=1 mig=0 fallos=0 perf=full ratio_rm=0.0000
[OMPT] tid=1004463 ompt_id=9851624184872961 tipo=ompt_thread_worker     last_cpu= 69 numa=1 mig=1 fallos=0 perf=full ratio_rm=0.0730
[OMPT] tid=1004464 ompt_id=10133099161583617 tipo=ompt_thread_worker     last_cpu= 48 numa=0 mig=0 fallos=0 perf=full ratio_rm=0.0102
[OMPT] tid=1004598 ompt_id=47850746040811521 tipo=ompt_thread_worker     last_cpu=193 numa=1 mig=1 fallos=0 perf=full ratio_rm=0.0530
[OMPT] tid=1004526 ompt_id=27584547717644289 tipo=ompt_thread_worker     last_cpu= 70 numa=1 mig=1 fallos=0 perf=full ratio_rm=0.0792
[OMPT] tid=1004620 ompt_id=54043195528445953 tipo=ompt_thread_worker     last_cpu=192 numa=1 mig=1 fallos=0 perf=full ratio_rm=0.0774
[OMPT] tid=1004490 ompt_id=17451448556060673 tipo=ompt_thread_worker     last_cpu= 86 numa=1 mig=0 fallos=0 perf=full ratio_rm=0.0000
[OMPT] tid=1004586 ompt_id=44473046320283649 tipo=ompt_thread_worker     last_cpu=144 numa=0 mig=0 fallos=0 perf=full ratio_rm=0.0281
[OMPT] tid=1004636 ompt_id=58546795155816449 tipo=ompt_thread_worker     last_cpu=199 numa=1 mig=1 fallos=0 perf=full ratio_rm=0.0778
[OMPT] tid=1004522 ompt_id=26458647810801665 tipo=ompt_thread_worker     last_cpu= 67 numa=1 mig=1 fallos=0 perf=full ratio_rm=0.0786
[OMPT] tid=1004556 ompt_id=36028797018963969 tipo=ompt_thread_worker     last_cpu=192 numa=1 mig=1 fallos=0 perf=full ratio_rm=0.0882
[OMPT] tid=1004666 ompt_id=66991044457136129 tipo=ompt_thread_worker     last_cpu= 67 numa=1 mig=1 fallos=0 perf=full ratio_rm=0.0776
[OMPT] tid=1004658 ompt_id=64739244643450881 tipo=ompt_thread_worker     last_cpu=192 numa=1 mig=1 fallos=0 perf=full ratio_rm=0.0789
[OMPT] tid=1004530 ompt_id=28710447624486913 tipo=ompt_thread_worker     last_cpu= 64 numa=1 mig=1 fallos=0 perf=full ratio_rm=0.0772
[OMPT] tid=1004482 ompt_id=15199648742375425 tipo=ompt_thread_worker     last_cpu=113 numa=1 mig=0 fallos=0 perf=full ratio_rm=0.0000
[OMPT] tid=1004628 ompt_id=56294995342131201 tipo=ompt_thread_worker     last_cpu=198 numa=1 mig=1 fallos=0 perf=full ratio_rm=0.0729
[OMPT] tid=1004514 ompt_id=24206847997116417 tipo=ompt_thread_worker     last_cpu= 65 numa=1 mig=1 fallos=0 perf=full ratio_rm=0.0694
[OMPT] tid=1004594 ompt_id=46724846133968897 tipo=ompt_thread_worker     last_cpu= 64 numa=1 mig=1 fallos=0 perf=full ratio_rm=0.0804
[OMPT] tid=1004546 ompt_id=33214047251857409 tipo=ompt_thread_worker     last_cpu=194 numa=1 mig=1 fallos=0 perf=full ratio_rm=0.0098
[OMPT] tid=1004568 ompt_id=39406496739491841 tipo=ompt_thread_worker     last_cpu=226 numa=1 mig=0 fallos=0 perf=full ratio_rm=0.0000
[OMPT] tid=1004684 ompt_id=72057594037927937 tipo=ompt_thread_worker     last_cpu= 97 numa=1 mig=0 fallos=0 perf=full ratio_rm=0.0000
[OMPT] tid=1004469 ompt_id=11540474045136897 tipo=ompt_thread_worker     last_cpu=244 numa=1 mig=0 fallos=0 perf=full ratio_rm=0.0000
[OMPT] tid=1004650 ompt_id=62487444829765633 tipo=ompt_thread_worker     last_cpu=116 numa=1 mig=0 fallos=0 perf=full ratio_rm=0.0000
[OMPT] tid=1004614 ompt_id=52354345668182017 tipo=ompt_thread_worker     last_cpu=246 numa=1 mig=0 fallos=0 perf=full ratio_rm=0.0000
[OMPT] tid=1004540 ompt_id=31525197391593473 tipo=ompt_thread_worker     last_cpu=118 numa=1 mig=0 fallos=0 perf=full ratio_rm=0.0000
[OMPT] tid=1004662 ompt_id=65865144550293505 tipo=ompt_thread_worker     last_cpu=115 numa=1 mig=0 fallos=0 perf=full ratio_rm=0.0000
[OMPT] tid=1004574 ompt_id=41095346599755777 tipo=ompt_thread_worker     last_cpu=243 numa=1 mig=0 fallos=0 perf=full ratio_rm=0.0000
[OMPT] tid=1004576 ompt_id=41658296553177089 tipo=ompt_thread_worker     last_cpu=253 numa=1 mig=0 fallos=0 perf=full ratio_rm=0.0000
[OMPT] tid=1004480 ompt_id=14636698788954113 tipo=ompt_thread_worker     last_cpu=120 numa=1 mig=0 fallos=0 perf=full ratio_rm=0.0000
[OMPT] tid=1004519 ompt_id=25614222880669697 tipo=ompt_thread_worker     last_cpu=198 numa=1 mig=1 fallos=0 perf=full ratio_rm=0.0710
[OMPT] tid=1004583 ompt_id=43628621390151681 tipo=ompt_thread_worker     last_cpu= 70 numa=1 mig=1 fallos=0 perf=full ratio_rm=0.0771
[OMPT] tid=1004487 ompt_id=16607023625928705 tipo=ompt_thread_worker     last_cpu= 70 numa=1 mig=1 fallos=0 perf=full ratio_rm=0.0706
[OMPT] tid=1004562 ompt_id=37717646879227905 tipo=ompt_thread_worker     last_cpu=197 numa=1 mig=1 fallos=0 perf=full ratio_rm=0.0091
[OMPT] tid=1004523 ompt_id=26740122787512321 tipo=ompt_thread_worker     last_cpu= 67 numa=1 mig=1 fallos=0 perf=full ratio_rm=0.0802
[OMPT] tid=1004647 ompt_id=61643019899633665 tipo=ompt_thread_worker     last_cpu= 70 numa=1 mig=1 fallos=0 perf=full ratio_rm=0.0802
[OMPT] tid=1004579 ompt_id=42502721483309057 tipo=ompt_thread_worker     last_cpu= 65 numa=1 mig=1 fallos=0 perf=full ratio_rm=0.0765
[OMPT] tid=1004667 ompt_id=67272519433846785 tipo=ompt_thread_worker     last_cpu=195 numa=1 mig=1 fallos=0 perf=full ratio_rm=0.0812
[OMPT] tid=1004537 ompt_id=30680772461461505 tipo=ompt_thread_worker     last_cpu=199 numa=1 mig=1 fallos=0 perf=full ratio_rm=0.0639
[OMPT] tid=1004471 ompt_id=12103423998558209 tipo=ompt_thread_worker     last_cpu= 70 numa=1 mig=1 fallos=0 perf=full ratio_rm=0.0866
[OMPT] tid=1004615 ompt_id=52635820644892673 tipo=ompt_thread_worker     last_cpu=194 numa=1 mig=1 fallos=0 perf=full ratio_rm=0.0855
[OMPT] tid=1004507 ompt_id=22236523160141825 tipo=ompt_thread_worker     last_cpu=195 numa=1 mig=1 fallos=0 perf=full ratio_rm=0.0804
[OMPT] tid=1004637 ompt_id=58828270132527105 tipo=ompt_thread_worker     last_cpu= 66 numa=1 mig=1 fallos=0 perf=full ratio_rm=0.0795
[OMPT] tid=1004571 ompt_id=40250921669623809 tipo=ompt_thread_worker     last_cpu= 64 numa=1 mig=1 fallos=0 perf=full ratio_rm=0.0752
[OMPT] tid=1004493 ompt_id=18295873486192641 tipo=ompt_thread_worker     last_cpu=196 numa=1 mig=1 fallos=0 perf=full ratio_rm=0.0717
[OMPT] tid=1004607 ompt_id=50384020831207425 tipo=ompt_thread_worker     last_cpu= 69 numa=1 mig=1 fallos=0 perf=full ratio_rm=0.0774
[OMPT] tid=1004549 ompt_id=34058472181989377 tipo=ompt_thread_worker     last_cpu=198 numa=1 mig=1 fallos=0 perf=full ratio_rm=0.0701
[OMPT] tid=1004675 ompt_id=69524319247532033 tipo=ompt_thread_worker     last_cpu=195 numa=1 mig=1 fallos=0 perf=full ratio_rm=0.0691
[OMPT] tid=1004590 ompt_id=45598946227126273 tipo=ompt_thread_worker     last_cpu=245 numa=1 mig=0 fallos=0 perf=full ratio_rm=0.0000
[OMPT] tid=1004506 ompt_id=21955048183431169 tipo=ompt_thread_worker     last_cpu=241 numa=1 mig=0 fallos=0 perf=full ratio_rm=0.0001
[OMPT] tid=1004630 ompt_id=56857945295552513 tipo=ompt_thread_worker     last_cpu=117 numa=1 mig=0 fallos=0 perf=full ratio_rm=0.0000
[OMPT] tid=1004680 ompt_id=70931694131085313 tipo=ompt_thread_worker     last_cpu=114 numa=1 mig=0 fallos=0 perf=full ratio_rm=0.0001
[OMPT] tid=1004486 ompt_id=16325548649218049 tipo=ompt_thread_worker     last_cpu=242 numa=1 mig=0 fallos=0 perf=full ratio_rm=0.0001
[OMPT] tid=1004533 ompt_id=29554872554618881 tipo=ompt_thread_worker     last_cpu=196 numa=1 mig=1 fallos=0 perf=full ratio_rm=0.0780
[OMPT] tid=1004627 ompt_id=56013520365420545 tipo=ompt_thread_worker     last_cpu=192 numa=1 mig=1 fallos=0 perf=full ratio_rm=0.0833
[OMPT] tid=1004503 ompt_id=21110623253299201 tipo=ompt_thread_worker     last_cpu=196 numa=1 mig=1 fallos=0 perf=full ratio_rm=0.0508
[OMPT] tid=1004517 ompt_id=25051272927248385 tipo=ompt_thread_worker     last_cpu= 70 numa=1 mig=1 fallos=0 perf=full ratio_rm=0.0834
[OMPT] tid=1004566 ompt_id=38843546786070529 tipo=ompt_thread_worker     last_cpu= 84 numa=1 mig=0 fallos=0 perf=full ratio_rm=0.0001
[OMPT] tid=1004674 ompt_id=69242844270821377 tipo=ompt_thread_worker     last_cpu=202 numa=1 mig=0 fallos=0 perf=full ratio_rm=0.0001
[OMPT] tid=1004500 ompt_id=20266198323167233 tipo=ompt_thread_worker     last_cpu=  8 numa=0 mig=0 fallos=0 perf=full ratio_rm=0.0182
[OMPT] tid=1004516 ompt_id=24769797950537729 tipo=ompt_thread_worker     last_cpu= 74 numa=1 mig=0 fallos=0 perf=full ratio_rm=0.0001
[OMPT] tid=1004660 ompt_id=65302194596872193 tipo=ompt_thread_worker     last_cpu=203 numa=1 mig=0 fallos=0 perf=full ratio_rm=0.0000
[OMPT] tid=1004608 ompt_id=50665495807918081 tipo=ompt_thread_worker     last_cpu=125 numa=1 mig=0 fallos=0 perf=full ratio_rm=0.0001
[OMPT] tid=1004512 ompt_id=23643898043695105 tipo=ompt_thread_worker     last_cpu=250 numa=1 mig=0 fallos=0 perf=full ratio_rm=0.0001
[OMPT] tid=1004569 ompt_id=39687971716202497 tipo=ompt_thread_worker     last_cpu=198 numa=1 mig=1 fallos=0 perf=full ratio_rm=0.0817
[OMPT] tid=1004475 ompt_id=13229323905400833 tipo=ompt_thread_worker     last_cpu=194 numa=1 mig=1 fallos=0 perf=full ratio_rm=0.0822
[OMPT] tid=1004631 ompt_id=57139420272263169 tipo=ompt_thread_worker     last_cpu=192 numa=1 mig=1 fallos=0 perf=full ratio_rm=0.0862
[OMPT] tid=1004550 ompt_id=34339947158700033 tipo=ompt_thread_worker     last_cpu=194 numa=1 mig=1 fallos=0 perf=full ratio_rm=0.0166
[OMPT] tid=1004670 ompt_id=68116944363978753 tipo=ompt_thread_worker     last_cpu=212 numa=1 mig=0 fallos=0 perf=full ratio_rm=0.0000
[OMPT] tid=1004524 ompt_id=27021597764222977 tipo=ompt_thread_worker     last_cpu=119 numa=1 mig=0 fallos=0 perf=full ratio_rm=0.0001
[OMPT] tid=1004552 ompt_id=34902897112121345 tipo=ompt_thread_worker     last_cpu=240 numa=1 mig=0 fallos=0 perf=full ratio_rm=0.0001
[OMPT] tid=1004606 ompt_id=50102545854496769 tipo=ompt_thread_worker     last_cpu=247 numa=1 mig=0 fallos=0 perf=full ratio_rm=0.0002
[OMPT] tid=1004496 ompt_id=19140298416324609 tipo=ompt_thread_worker     last_cpu=121 numa=1 mig=0 fallos=0 perf=full ratio_rm=0.0001
[OMPT] tid=1004642 ompt_id=60235645016080385 tipo=ompt_thread_worker     last_cpu=204 numa=1 mig=0 fallos=0 perf=full ratio_rm=0.0001
[OMPT] tid=1004532 ompt_id=29273397577908225 tipo=ompt_thread_worker     last_cpu= 75 numa=1 mig=0 fallos=0 perf=full ratio_rm=0.0001
[OMPT] tid=1004560 ompt_id=37154696925806593 tipo=ompt_thread_worker     last_cpu=197 numa=1 mig=1 fallos=0 perf=full ratio_rm=0.0755
[OMPT] tid=1004653 ompt_id=63331869759897601 tipo=ompt_thread_worker     last_cpu= 71 numa=1 mig=1 fallos=0 perf=full ratio_rm=0.0846
[OMPT] tid=1004629 ompt_id=56576470318841857 tipo=ompt_thread_worker     last_cpu=197 numa=1 mig=1 fallos=0 perf=full ratio_rm=0.0789
[OMPT] tid=1004554 ompt_id=35465847065542657 tipo=ompt_thread_worker     last_cpu=225 numa=1 mig=0 fallos=0 perf=full ratio_rm=0.0001
[OMPT] tid=1004518 ompt_id=25332747903959041 tipo=ompt_thread_worker     last_cpu=102 numa=1 mig=0 fallos=0 perf=full ratio_rm=0.0001
[OMPT] tid=1004580 ompt_id=42784196460019713 tipo=ompt_thread_worker     last_cpu= 73 numa=1 mig=0 fallos=0 perf=full ratio_rm=0.0001
[OMPT] tid=1004613 ompt_id=52072870691471361 tipo=ompt_thread_worker     last_cpu=197 numa=1 mig=1 fallos=0 perf=full ratio_rm=0.0707
[OMPT] tid=1004477 ompt_id=13792273858822145 tipo=ompt_thread_worker     last_cpu= 68 numa=1 mig=1 fallos=0 perf=full ratio_rm=0.0732
[OMPT] tid=1004605 ompt_id=49821070877786113 tipo=ompt_thread_worker     last_cpu= 71 numa=1 mig=1 fallos=0 perf=full ratio_rm=0.0774
[OMPT] tid=1004643 ompt_id=60517119992791041 tipo=ompt_thread_worker     last_cpu=193 numa=1 mig=1 fallos=0 perf=full ratio_rm=0.0709
[OMPT] tid=1004508 ompt_id=22517998136852481 tipo=ompt_thread_worker     last_cpu=208 numa=1 mig=0 fallos=0 perf=full ratio_rm=0.0001
[OMPT] tid=1004638 ompt_id=59109745109237761 tipo=ompt_thread_worker     last_cpu= 83 numa=1 mig=0 fallos=0 perf=full ratio_rm=0.0001
[OMPT] tid=1004622 ompt_id=54606145481867265 tipo=ompt_thread_worker     last_cpu= 85 numa=1 mig=0 fallos=0 perf=full ratio_rm=0.0001
[OMPT] tid=1004476 ompt_id=13510798882111489 tipo=ompt_thread_worker     last_cpu=213 numa=1 mig=0 fallos=0 perf=full ratio_rm=0.0001
[OMPT] tid=1004525 ompt_id=27303072740933633 tipo=ompt_thread_worker     last_cpu= 70 numa=1 mig=1 fallos=0 perf=full ratio_rm=0.0816
[OMPT] tid=1004681 ompt_id=71213169107795969 tipo=ompt_thread_worker     last_cpu=193 numa=1 mig=1 fallos=0 perf=full ratio_rm=0.0526
[OMPT] tid=1004619 ompt_id=53761720551735297 tipo=ompt_thread_worker     last_cpu=196 numa=1 mig=1 fallos=0 perf=full ratio_rm=0.0875
[OMPT] tid=1004485 ompt_id=16044073672507393 tipo=ompt_thread_worker     last_cpu=199 numa=1 mig=1 fallos=0 perf=full ratio_rm=0.0533
[OMPT] tid=1004655 ompt_id=63894819713318913 tipo=ompt_thread_worker     last_cpu= 65 numa=1 mig=1 fallos=0 perf=full ratio_rm=0.0847
[OMPT] tid=1004497 ompt_id=19421773393035265 tipo=ompt_thread_worker     last_cpu=194 numa=1 mig=1 fallos=0 perf=full ratio_rm=0.0874
[OMPT] tid=1004671 ompt_id=68398419340689409 tipo=ompt_thread_worker     last_cpu= 68 numa=1 mig=1 fallos=0 perf=full ratio_rm=0.0816
[OMPT] tid=1004611 ompt_id=51509920738050049 tipo=ompt_thread_worker     last_cpu= 66 numa=1 mig=1 fallos=0 perf=full ratio_rm=0.0817
[OMPT] tid=1004513 ompt_id=23925373020405761 tipo=ompt_thread_worker     last_cpu= 68 numa=1 mig=1 fallos=0 perf=full ratio_rm=0.0771
[OMPT] tid=1004595 ompt_id=47006321110679553 tipo=ompt_thread_worker     last_cpu= 64 numa=1 mig=1 fallos=0 perf=full ratio_rm=0.0715
[OMPT] tid=1004589 ompt_id=45317471250415617 tipo=ompt_thread_worker     last_cpu=192 numa=1 mig=1 fallos=0 perf=full ratio_rm=0.0753
[OMPT] tid=1004596 ompt_id=47287796087390209 tipo=ompt_thread_worker     last_cpu= 79 numa=1 mig=0 fallos=0 perf=full ratio_rm=0.0001
[OMPT] tid=1004467 ompt_id=10977524091715585 tipo=ompt_thread_worker     last_cpu=207 numa=1 mig=0 fallos=0 perf=full ratio_rm=0.0001
[OMPT] tid=1004588 ompt_id=45035996273704961 tipo=ompt_thread_worker     last_cpu=222 numa=1 mig=0 fallos=0 perf=full ratio_rm=0.0001
[OMPT] tid=1004621 ompt_id=54324670505156609 tipo=ompt_thread_worker     last_cpu= 71 numa=1 mig=1 fallos=0 perf=full ratio_rm=0.0740
[OMPT] tid=1004509 ompt_id=22799473113563137 tipo=ompt_thread_worker     last_cpu=196 numa=1 mig=1 fallos=0 perf=full ratio_rm=0.0776
[OMPT] tid=1004535 ompt_id=30117822508040193 tipo=ompt_thread_worker     last_cpu= 70 numa=1 mig=1 fallos=0 perf=full ratio_rm=0.0657
[OMPT] tid=1004561 ompt_id=37436171902517249 tipo=ompt_thread_worker     last_cpu= 67 numa=1 mig=1 fallos=0 perf=full ratio_rm=0.0825
[OMPT] tid=1004601 ompt_id=48695170970943489 tipo=ompt_thread_worker     last_cpu= 64 numa=1 mig=1 fallos=0 perf=full ratio_rm=0.0838
[OMPT] tid=1004536 ompt_id=30399297484750849 tipo=ompt_thread_worker     last_cpu= 99 numa=1 mig=0 fallos=0 perf=full ratio_rm=0.0001
[OMPT] tid=1004494 ompt_id=18577348462903297 tipo=ompt_thread_worker     last_cpu= 96 numa=1 mig=0 fallos=0 perf=full ratio_rm=0.0001
[OMPT] tid=1004664 ompt_id=66428094503714817 tipo=ompt_thread_worker     last_cpu=101 numa=1 mig=0 fallos=0 perf=full ratio_rm=0.0001
[OMPT] tid=1004584 ompt_id=43910096366862337 tipo=ompt_thread_worker     last_cpu=229 numa=1 mig=0 fallos=0 perf=full ratio_rm=0.0001
[OMPT] tid=1004558 ompt_id=36591746972385281 tipo=ompt_thread_worker     last_cpu=218 numa=1 mig=0 fallos=0 perf=full ratio_rm=0.0001
[OMPT] tid=1004570 ompt_id=39969446692913153 tipo=ompt_thread_worker     last_cpu=221 numa=1 mig=0 fallos=0 perf=full ratio_rm=0.0001
[OMPT] tid=1004682 ompt_id=71494644084506625 tipo=ompt_thread_worker     last_cpu= 92 numa=1 mig=0 fallos=0 perf=full ratio_rm=0.0001
[OMPT] tid=1004470 ompt_id=11821949021847553 tipo=ompt_thread_worker     last_cpu=220 numa=1 mig=0 fallos=0 perf=full ratio_rm=0.0002
[OMPT] tid=1004602 ompt_id=48976645947654145 tipo=ompt_thread_worker     last_cpu=111 numa=1 mig=0 fallos=0 perf=full ratio_rm=0.0002
[OMPT] tid=1004564 ompt_id=38280596832649217 tipo=ompt_thread_worker     last_cpu= 77 numa=1 mig=0 fallos=0 perf=full ratio_rm=0.0002
[OMPT] tid=1004548 ompt_id=33776997205278721 tipo=ompt_thread_worker     last_cpu= 76 numa=1 mig=0 fallos=0 perf=full ratio_rm=0.0002
[OMPT] tid=1004626 ompt_id=55732045388709889 tipo=ompt_thread_worker     last_cpu=205 numa=1 mig=0 fallos=0 perf=full ratio_rm=0.0001
[OMPT] tid=1004610 ompt_id=51228445761339393 tipo=ompt_thread_worker     last_cpu= 78 numa=1 mig=0 fallos=0 perf=full ratio_rm=0.0001
[OMPT] tid=1004484 ompt_id=15762598695796737 tipo=ompt_thread_worker     last_cpu=206 numa=1 mig=0 fallos=0 perf=full ratio_rm=0.0002
[OMPT] tid=1004528 ompt_id=28147497671065601 tipo=ompt_thread_worker     last_cpu=123 numa=1 mig=0 fallos=0 perf=full ratio_rm=0.0001
[OMPT] tid=1004544 ompt_id=32651097298436097 tipo=ompt_thread_worker     last_cpu=252 numa=1 mig=0 fallos=0 perf=full ratio_rm=0.0002
[OMPT] tid=1004534 ompt_id=29836347531329537 tipo=ompt_thread_worker     last_cpu= 81 numa=1 mig=0 fallos=0 perf=full ratio_rm=0.0002
[OMPT] tid=1004531 ompt_id=28991922601197569 tipo=ompt_thread_worker     last_cpu=192 numa=1 mig=1 fallos=0 perf=full ratio_rm=0.0695
[OMPT] tid=1004577 ompt_id=41939771529887745 tipo=ompt_thread_worker     last_cpu= 71 numa=1 mig=1 fallos=0 perf=full ratio_rm=0.0770
[OMPT] tid=1004625 ompt_id=55450570411999233 tipo=ompt_thread_worker     last_cpu=197 numa=1 mig=1 fallos=0 perf=full ratio_rm=0.0741
[OMPT] tid=1004603 ompt_id=49258120924364801 tipo=ompt_thread_worker     last_cpu= 69 numa=1 mig=1 fallos=0 perf=full ratio_rm=0.0709
[OMPT] tid=1004473 ompt_id=12947848928690177 tipo=ompt_thread_worker     last_cpu=199 numa=1 mig=1 fallos=0 perf=full ratio_rm=0.0756
[OMPT] tid=1004679 ompt_id=70650219154374657 tipo=ompt_thread_worker     last_cpu= 69 numa=1 mig=1 fallos=0 perf=full ratio_rm=0.0758
[OMPT] tid=1004575 ompt_id=41376821576466433 tipo=ompt_thread_worker     last_cpu= 64 numa=1 mig=1 fallos=0 perf=full ratio_rm=0.0739
[OMPT] tid=1004557 ompt_id=36310271995674625 tipo=ompt_thread_worker     last_cpu=198 numa=1 mig=1 fallos=0 perf=full ratio_rm=0.0780
[OMPT] tid=1004501 ompt_id=20547673299877889 tipo=ompt_thread_worker     last_cpu= 72 numa=1 mig=1 fallos=0 perf=full ratio_rm=0.0737
[OMPT] tid=1004635 ompt_id=58265320179105793 tipo=ompt_thread_worker     last_cpu=193 numa=1 mig=1 fallos=0 perf=full ratio_rm=0.0868
[OMPT] tid=1004483 ompt_id=15481123719086081 tipo=ompt_thread_worker     last_cpu=192 numa=1 mig=1 fallos=0 perf=full ratio_rm=0.0787
[OMPT] tid=1004617 ompt_id=53198770598313985 tipo=ompt_thread_worker     last_cpu=192 numa=1 mig=1 fallos=0 perf=full ratio_rm=0.0724
[OMPT] tid=1004652 ompt_id=63050394783186945 tipo=ompt_thread_worker     last_cpu=234 numa=1 mig=0 fallos=0 perf=full ratio_rm=0.0003
[OMPT] tid=1004641 ompt_id=59954170039369729 tipo=ompt_thread_worker     last_cpu=197 numa=1 mig=1 fallos=0 perf=full ratio_rm=0.0752
[OMPT] tid=1004541 ompt_id=31806672368304129 tipo=ompt_thread_worker     last_cpu=198 numa=1 mig=1 fallos=0 perf=full ratio_rm=0.0705
[OMPT] tid=1004555 ompt_id=35747322042253313 tipo=ompt_thread_worker     last_cpu=198 numa=1 mig=1 fallos=0 perf=full ratio_rm=0.0726
[OMPT] tid=1004612 ompt_id=51791395714760705 tipo=ompt_thread_worker     last_cpu= 66 numa=1 mig=1 fallos=0 perf=full ratio_rm=0.0071
[OMPT] tid=1004657 ompt_id=64457769666740225 tipo=ompt_thread_worker     last_cpu=195 numa=1 mig=1 fallos=0 perf=full ratio_rm=0.0834
[OMPT] tid=1004587 ompt_id=44754521296994305 tipo=ompt_thread_worker     last_cpu= 71 numa=1 mig=1 fallos=0 perf=full ratio_rm=0.0847
[OMPT] tid=1004567 ompt_id=39125021762781185 tipo=ompt_thread_worker     last_cpu=194 numa=1 mig=1 fallos=0 perf=full ratio_rm=0.0759
[OMPT] tid=1004478 ompt_id=14073748835532801 tipo=ompt_thread_worker     last_cpu= 64 numa=1 mig=1 fallos=0 perf=full ratio_rm=0.0837
[OMPT] tid=1004542 ompt_id=32088147345014785 tipo=ompt_thread_worker     last_cpu= 88 numa=1 mig=0 fallos=0 perf=full ratio_rm=0.0001
[OMPT] tid=1004632 ompt_id=57420895248973825 tipo=ompt_thread_worker     last_cpu=216 numa=1 mig=0 fallos=0 perf=full ratio_rm=0.0001
[OMPT] tid=1004488 ompt_id=16888498602639361 tipo=ompt_thread_worker     last_cpu=217 numa=1 mig=0 fallos=0 perf=full ratio_rm=0.0002
[OMPT] tid=1004668 ompt_id=67553994410557441 tipo=ompt_thread_worker     last_cpu= 93 numa=1 mig=0 fallos=0 perf=full ratio_rm=0.0002
[OMPT] tid=1004538 ompt_id=30962247438172161 tipo=ompt_thread_worker     last_cpu=106 numa=1 mig=0 fallos=0 perf=full ratio_rm=0.0002
[OMPT] tid=1004504 ompt_id=21392098230009857 tipo=ompt_thread_worker     last_cpu=109 numa=1 mig=0 fallos=0 perf=full ratio_rm=0.0003
[OMPT] tid=1004578 ompt_id=42221246506598401 tipo=ompt_thread_worker     last_cpu= 66 numa=1 mig=1 fallos=0 perf=full ratio_rm=0.0183
[OMPT] tid=1004573 ompt_id=40813871623045121 tipo=ompt_thread_worker     last_cpu=199 numa=1 mig=1 fallos=0 perf=full ratio_rm=0.0764
[OMPT] tid=1004648 ompt_id=61924494876344321 tipo=ompt_thread_worker     last_cpu=224 numa=1 mig=0 fallos=0 perf=full ratio_rm=0.0003
[OMPT] tid=1004597 ompt_id=47569271064100865 tipo=ompt_thread_worker     last_cpu= 40 numa=0 mig=0 fallos=0 perf=full ratio_rm=0.0216
[OMPT] tid=1004591 ompt_id=45880421203836929 tipo=ompt_thread_worker     last_cpu=198 numa=1 mig=1 fallos=0 perf=full ratio_rm=0.0535
[OMPT] tid=1004468 ompt_id=11258999068426241 tipo=ompt_thread_worker     last_cpu= 66 numa=1 mig=1 fallos=0 perf=full ratio_rm=0.0114
[OMPT] tid=1004499 ompt_id=19984723346456577 tipo=ompt_thread_worker     last_cpu=195 numa=1 mig=1 fallos=0 perf=full ratio_rm=0.0804
[OMPT] tid=1004495 ompt_id=18858823439613953 tipo=ompt_thread_worker     last_cpu= 71 numa=1 mig=1 fallos=0 perf=full ratio_rm=0.0795
[OMPT] tid=1004563 ompt_id=37999121855938561 tipo=ompt_thread_worker     last_cpu= 68 numa=1 mig=1 fallos=0 perf=full ratio_rm=0.0875
[OMPT] tid=1004661 ompt_id=65583669573582849 tipo=ompt_thread_worker     last_cpu=192 numa=1 mig=1 fallos=0 perf=full ratio_rm=0.0789
[OMPT] tid=1004669 ompt_id=67835469387268097 tipo=ompt_thread_worker     last_cpu=196 numa=1 mig=1 fallos=0 perf=full ratio_rm=0.0730
[OMPT] tid=1004511 ompt_id=23362423066984449 tipo=ompt_thread_worker     last_cpu= 65 numa=1 mig=1 fallos=0 perf=full ratio_rm=0.0716
[OMPT] tid=1004572 ompt_id=40532396646334465 tipo=ompt_thread_worker     last_cpu=104 numa=1 mig=0 fallos=0 perf=full ratio_rm=0.0004
[OMPT] tid=1004474 ompt_id=12666373951979521 tipo=ompt_thread_worker     last_cpu=236 numa=1 mig=0 fallos=0 perf=full ratio_rm=0.0004
[OMPT] tid=1004547 ompt_id=33495522228568065 tipo=ompt_thread_worker     last_cpu= 69 numa=1 mig=1 fallos=0 perf=full ratio_rm=0.0823
[OMPT] tid=1004659 ompt_id=65020719620161537 tipo=ompt_thread_worker     last_cpu=193 numa=1 mig=1 fallos=0 perf=full ratio_rm=0.0805
[OMPT] tid=1004491 ompt_id=17732923532771329 tipo=ompt_thread_worker     last_cpu= 67 numa=1 mig=1 fallos=0 perf=full ratio_rm=0.0733
[OMPT] tid=1004623 ompt_id=54887620458577921 tipo=ompt_thread_worker     last_cpu=194 numa=1 mig=1 fallos=0 perf=full ratio_rm=0.0807
[OMPT] tid=1004649 ompt_id=62205969853054977 tipo=ompt_thread_worker     last_cpu=193 numa=1 mig=1 fallos=0 perf=full ratio_rm=0.0667
[OMPT] tid=1004515 ompt_id=24488322973827073 tipo=ompt_thread_worker     last_cpu= 68 numa=1 mig=1 fallos=0 perf=full ratio_rm=0.0658
[OMPT] tid=1004663 ompt_id=66146619527004161 tipo=ompt_thread_worker     last_cpu= 69 numa=1 mig=1 fallos=0 perf=full ratio_rm=0.0792
[OMPT] tid=1004479 ompt_id=14355223812243457 tipo=ompt_thread_worker     last_cpu=199 numa=1 mig=1 fallos=0 perf=full ratio_rm=0.0800
[OMPT] tid=1004593 ompt_id=46443371157258241 tipo=ompt_thread_worker     last_cpu= 71 numa=1 mig=1 fallos=0 perf=full ratio_rm=0.0740
[OMPT] tid=1004545 ompt_id=32932572275146753 tipo=ompt_thread_worker     last_cpu= 68 numa=1 mig=1 fallos=0 perf=full ratio_rm=0.0680
[OMPT] tid=1004481 ompt_id=14918173765664769 tipo=ompt_thread_worker     last_cpu= 66 numa=1 mig=1 fallos=0 perf=full ratio_rm=0.0723
[OMPT] tid=1004565 ompt_id=38562071809359873 tipo=ompt_thread_worker     last_cpu=199 numa=1 mig=1 fallos=0 perf=full ratio_rm=0.0716
[OMPT] tid=1004466 ompt_id=10696049115004929 tipo=ompt_thread_worker     last_cpu= 63 numa=0 mig=0 fallos=0 perf=full ratio_rm=0.0194
[OMPT] tid=1004645 ompt_id=61080069946212353 tipo=ompt_thread_worker     last_cpu=196 numa=1 mig=1 fallos=0 perf=full ratio_rm=0.0812
[OMPT] tid=1004581 ompt_id=43065671436730369 tipo=ompt_thread_worker     last_cpu=196 numa=1 mig=1 fallos=0 perf=full ratio_rm=0.0769
[OMPT] tid=1004599 ompt_id=48132221017522177 tipo=ompt_thread_worker     last_cpu=192 numa=1 mig=1 fallos=0 perf=full ratio_rm=0.0813
[OMPT] tid=1004539 ompt_id=31243722414882817 tipo=ompt_thread_worker     last_cpu=199 numa=1 mig=1 fallos=0 perf=full ratio_rm=0.0832
[OMPT] tid=1004551 ompt_id=34621422135410689 tipo=ompt_thread_worker     last_cpu=194 numa=1 mig=1 fallos=0 perf=full ratio_rm=0.0720
[OMPT] tid=1004624 ompt_id=55169095435288577 tipo=ompt_thread_worker     last_cpu=126 numa=1 mig=0 fallos=0 perf=full ratio_rm=0.0003
[OMPT] tid=1004592 ompt_id=46161896180547585 tipo=ompt_thread_worker     last_cpu=127 numa=1 mig=0 fallos=0 perf=full ratio_rm=0.0004
[OMPT] tid=1004673 ompt_id=68961369294110721 tipo=ompt_thread_worker     last_cpu=122 numa=1 mig=0 fallos=0 perf=full ratio_rm=0.0004
[OMPT] tid=1004656 ompt_id=64176294690029569 tipo=ompt_thread_worker     last_cpu=251 numa=1 mig=0 fallos=0 perf=full ratio_rm=0.0003
[OMPT] tid=1004559 ompt_id=36873221949095937 tipo=ompt_thread_worker     last_cpu=254 numa=1 mig=0 fallos=0 perf=full ratio_rm=0.0004
[OMPT] tid=1004676 ompt_id=69805794224242689 tipo=ompt_thread_worker     last_cpu= 65 numa=1 mig=1 fallos=0 perf=full ratio_rm=0.0121
[OMPT] tid=1004600 ompt_id=48413695994232833 tipo=ompt_thread_worker     last_cpu= 68 numa=1 mig=1 fallos=0 perf=full ratio_rm=0.0073
[OMPT] tid=1004498 ompt_id=19703248369745921 tipo=ompt_thread_worker     last_cpu=194 numa=1 mig=1 fallos=0 perf=full ratio_rm=0.0115
[OMPT] tid=1004646 ompt_id=61361544922923009 tipo=ompt_thread_worker     last_cpu= 94 numa=1 mig=0 fallos=0 perf=full ratio_rm=0.0003
[OMPT] tid=1004654 ompt_id=63613344736608257 tipo=ompt_thread_worker     last_cpu= 80 numa=1 mig=0 fallos=0 perf=full ratio_rm=0.0005
[OMPT] tid=1004582 ompt_id=43347146413441025 tipo=ompt_thread_worker     last_cpu=214 numa=1 mig=0 fallos=0 perf=full ratio_rm=0.0004
[OMPT] tid=1004492 ompt_id=18014398509481985 tipo=ompt_thread_worker     last_cpu=211 numa=1 mig=0 fallos=0 perf=full ratio_rm=0.0004
[OMPT] tid=1004618 ompt_id=53480245575024641 tipo=ompt_thread_worker     last_cpu=219 numa=1 mig=0 fallos=0 perf=full ratio_rm=0.0003
[OMPT] tid=1004644 ompt_id=60798594969501697 tipo=ompt_thread_worker     last_cpu=193 numa=1 mig=1 fallos=0 perf=full ratio_rm=0.0132
[OMPT] tid=1004543 ompt_id=32369622321725441 tipo=ompt_thread_worker     last_cpu=197 numa=1 mig=1 fallos=0 perf=full ratio_rm=0.0804
[OMPT] tid=1004585 ompt_id=44191571343572993 tipo=ompt_thread_worker     last_cpu=197 numa=1 mig=1 fallos=0 perf=full ratio_rm=0.0776
[OMPT] tid=1004677 ompt_id=70087269200953345 tipo=ompt_thread_worker     last_cpu= 64 numa=1 mig=1 fallos=0 perf=full ratio_rm=0.0728
[OMPT] tid=1004521 ompt_id=26177172834091009 tipo=ompt_thread_worker     last_cpu= 67 numa=1 mig=1 fallos=0 perf=full ratio_rm=0.0697
[OMPT] tid=1004465 ompt_id=10414574138294273 tipo=ompt_thread_worker     last_cpu=200 numa=1 mig=1 fallos=0 perf=full ratio_rm=0.0166
[OMPT] tid=1004651 ompt_id=62768919806476289 tipo=ompt_thread_worker     last_cpu=210 numa=1 mig=1 fallos=0 perf=full ratio_rm=0.0858
[OMPT] tid=1004510 ompt_id=23080948090273793 tipo=ompt_thread_worker     last_cpu=103 numa=1 mig=0 fallos=0 perf=full ratio_rm=0.0003
[OMPT] tid=1004604 ompt_id=49539595901075457 tipo=ompt_thread_worker     last_cpu=223 numa=1 mig=0 fallos=0 perf=full ratio_rm=0.0003
[OMPT] tid=1004520 ompt_id=25895697857380353 tipo=ompt_thread_worker     last_cpu= 95 numa=1 mig=0 fallos=0 perf=full ratio_rm=0.0003
[OMPT] tid=1004678 ompt_id=70368744177664001 tipo=ompt_thread_worker     last_cpu=232 numa=1 mig=0 fallos=0 perf=full ratio_rm=0.0007
[OMPT] tid=1004640 ompt_id=59672695062659073 tipo=ompt_thread_worker     last_cpu=124 numa=1 mig=0 fallos=0 perf=full ratio_rm=0.0003
[OMPT] tid=1004527 ompt_id=27866022694354945 tipo=ompt_thread_worker     last_cpu=195 numa=1 mig=1 fallos=0 perf=full ratio_rm=0.0750
[OMPT] tid=1004529 ompt_id=28428972647776257 tipo=ompt_thread_worker     last_cpu=198 numa=1 mig=1 fallos=0 perf=full ratio_rm=0.0716
[OMPT] tid=1004609 ompt_id=50946970784628737 tipo=ompt_thread_worker     last_cpu=197 numa=1 mig=1 fallos=0 perf=full ratio_rm=0.0769
[OMPT] tid=1004672 ompt_id=68679894317400065 tipo=ompt_thread_worker     last_cpu= 82 numa=1 mig=0 fallos=0 perf=full ratio_rm=0.0006
[OMPT] tid=1004502 ompt_id=20829148276588545 tipo=ompt_thread_worker     last_cpu= 91 numa=1 mig=0 fallos=0 perf=full ratio_rm=0.0004
[OMPT] tid=1004505 ompt_id=21673573206720513 tipo=ompt_thread_worker     last_cpu=197 numa=1 mig=1 fallos=0 perf=full ratio_rm=0.0758
[OMPT] tid=1004616 ompt_id=52917295621603329 tipo=ompt_thread_worker     last_cpu=230 numa=1 mig=0 fallos=0 perf=full ratio_rm=0.0004
[OMPT] tid=1004633 ompt_id=57702370225684481 tipo=ompt_thread_worker     last_cpu= 67 numa=1 mig=1 fallos=0 perf=full ratio_rm=0.0584
[OMPT] tid=1004489 ompt_id=17169973579350017 tipo=ompt_thread_worker     last_cpu= 65 numa=1 mig=1 fallos=0 perf=full ratio_rm=0.0710
[OMPT] tid=1004472 ompt_id=12384898975268865 tipo=ompt_thread_worker     last_cpu=228 numa=1 mig=0 fallos=0 perf=full ratio_rm=0.0004
[OMPT] tid=1004553 ompt_id=35184372088832001 tipo=ompt_thread_worker     last_cpu=197 numa=1 mig=1 fallos=0 perf=full ratio_rm=0.0811
[OMPT] tid=1004683 ompt_id=71776119061217281 tipo=ompt_thread_worker     last_cpu= 65 numa=1 mig=1 fallos=0 perf=full ratio_rm=0.0654
[OMPT] tid=1004665 ompt_id=66709569480425473 tipo=ompt_thread_worker     last_cpu= 67 numa=1 mig=1 fallos=0 perf=full ratio_rm=0.0805
[OMPT] tid=1004639 ompt_id=59391220085948417 tipo=ompt_thread_worker     last_cpu=195 numa=1 mig=1 fallos=0 perf=full ratio_rm=0.0750
[OMPT] tid=1004634 ompt_id=57983845202395137 tipo=ompt_thread_worker     last_cpu=227 numa=1 mig=0 fallos=0 perf=full ratio_rm=0.0003
[OMPT] ===== Overhead intrínseco =====
  monitor: 35 ticks, 75811.4 us total (max 8017.3 us/tick)
  callbacks implicit_task: 40449, 51426269.5 us total
  migraciones: 139 (823602.9 us total)
  resyncs=1556  lecturas escaladas por multiplexado=17664
  hilos con perf fallido=0  parcial=0
  ventanas con fills=5985
