[OMPT] ompt_initialize (OPCIÓN C: integrador con fugas)  verbose=0  migracion=activa
[HWLOC] Nodos NUMA detectados: 2 (usados: 2)
[HWLOC] Nodo 0: 128 CPUs
[HWLOC] Nodo 1: 128 CPUs
[OMPT] callback 'ompt_callback_thread_begin' registrado (result=5)
[OMPT] callback 'ompt_callback_thread_end' registrado (result=5)
[OMPT] callback 'ompt_callback_parallel_begin' registrado (result=5)
[OMPT] callback 'ompt_callback_parallel_end' registrado (result=5)
[OMPT] callback 'ompt_callback_implicit_task' registrado (result=5)
[OMPT] callback 'ompt_callback_control_tool' registrado (result=5)
[OMPT] Callbacks registrados
[OMPT] Sistema: 0 procesadores lógicos
[OMPT][MON] Monitor (C: integrador con fugas)  período=100ms  warmup=5  referencia=MIN  T=min+max(0.050, 3.00*MAD_bajo)  leak=0.50*margen  cap=8.00*margen  max_mig=1  migracion=activa
[perf_region] tool OMPT detectado: los contadores los lleva el tool, no se abren aqui
[OMPT] control_tool: INICIANDO medicion
[OMPT] control_tool: PAUSANDO medicion
[OMPT] ompt_finalize
[OMPT][MON] Monitor detenido tras 2 ventanas
[OMPT] CSV de ventanas: 0 filas volcadas (0 descartadas)
[OMPT] ===== Tabla final: 128 hilos =====
[OMPT] tid=962191 ompt_id=281474976710657 tipo=ompt_thread_initial    last_cpu=255 numa=1 mig=0 fallos=0 perf=full ratio_rm=0.0000
[OMPT] tid=962193 ompt_id=562949953421313 tipo=ompt_thread_worker     last_cpu= 16 numa=0 mig=0 fallos=0 perf=full ratio_rm=0.1401
[OMPT] tid=962194 ompt_id=844424930131969 tipo=ompt_thread_worker     last_cpu=124 numa=1 mig=0 fallos=0 perf=full ratio_rm=0.0000
[OMPT] tid=962195 ompt_id=1125899906842625 tipo=ompt_thread_worker     last_cpu=123 numa=1 mig=0 fallos=0 perf=full ratio_rm=0.0005
[OMPT] tid=962196 ompt_id=1407374883553281 tipo=ompt_thread_worker     last_cpu= 14 numa=0 mig=0 fallos=0 perf=full ratio_rm=0.0924
[OMPT] tid=962197 ompt_id=1688849860263937 tipo=ompt_thread_worker     last_cpu= 10 numa=0 mig=0 fallos=0 perf=full ratio_rm=0.0688
[OMPT] tid=962198 ompt_id=1970324836974593 tipo=ompt_thread_worker     last_cpu=122 numa=1 mig=0 fallos=0 perf=full ratio_rm=0.0004
[OMPT] tid=962200 ompt_id=2251799813685249 tipo=ompt_thread_worker     last_cpu= 13 numa=0 mig=0 fallos=0 perf=full ratio_rm=0.1152
[OMPT] tid=962199 ompt_id=2533274790395905 tipo=ompt_thread_worker     last_cpu=244 numa=1 mig=0 fallos=0 perf=full ratio_rm=0.0000
[OMPT] tid=962201 ompt_id=2814749767106561 tipo=ompt_thread_worker     last_cpu= 48 numa=0 mig=0 fallos=0 perf=full ratio_rm=0.1008
[OMPT] tid=962202 ompt_id=3096224743817217 tipo=ompt_thread_worker     last_cpu=121 numa=1 mig=0 fallos=0 perf=full ratio_rm=0.0000
[OMPT] tid=962203 ompt_id=3377699720527873 tipo=ompt_thread_worker     last_cpu= 15 numa=0 mig=0 fallos=0 perf=full ratio_rm=0.1073
[OMPT] tid=962204 ompt_id=3659174697238529 tipo=ompt_thread_worker     last_cpu= 49 numa=0 mig=0 fallos=0 perf=full ratio_rm=0.1527
[OMPT] tid=962205 ompt_id=3940649673949185 tipo=ompt_thread_worker     last_cpu=  9 numa=0 mig=0 fallos=0 perf=full ratio_rm=0.1163
[OMPT] tid=962206 ompt_id=4222124650659841 tipo=ompt_thread_worker     last_cpu=120 numa=1 mig=0 fallos=0 perf=full ratio_rm=0.0001
[OMPT] tid=962207 ompt_id=4503599627370497 tipo=ompt_thread_worker     last_cpu=  7 numa=0 mig=0 fallos=0 perf=full ratio_rm=0.1008
[OMPT] tid=962208 ompt_id=4785074604081153 tipo=ompt_thread_worker     last_cpu=126 numa=1 mig=0 fallos=0 perf=full ratio_rm=0.0000
[OMPT] tid=962209 ompt_id=5066549580791809 tipo=ompt_thread_worker     last_cpu= 11 numa=0 mig=0 fallos=0 perf=full ratio_rm=0.1038
[OMPT] tid=962210 ompt_id=5348024557502465 tipo=ompt_thread_worker     last_cpu=247 numa=1 mig=0 fallos=0 perf=full ratio_rm=0.0004
[OMPT] tid=962211 ompt_id=5629499534213121 tipo=ompt_thread_worker     last_cpu=  8 numa=0 mig=0 fallos=0 perf=full ratio_rm=0.1082
[OMPT] tid=962212 ompt_id=5910974510923777 tipo=ompt_thread_worker     last_cpu=  5 numa=0 mig=0 fallos=0 perf=full ratio_rm=0.1107
[OMPT] tid=962213 ompt_id=6192449487634433 tipo=ompt_thread_worker     last_cpu=104 numa=1 mig=0 fallos=0 perf=full ratio_rm=0.0001
[OMPT] tid=962214 ompt_id=6473924464345089 tipo=ompt_thread_worker     last_cpu= 80 numa=1 mig=0 fallos=0 perf=full ratio_rm=0.0002
[OMPT] tid=962215 ompt_id=6755399441055745 tipo=ompt_thread_worker     last_cpu=  6 numa=0 mig=0 fallos=0 perf=full ratio_rm=0.0663
[OMPT] tid=962216 ompt_id=7036874417766401 tipo=ompt_thread_worker     last_cpu=  3 numa=0 mig=0 fallos=0 perf=full ratio_rm=0.0997
[OMPT] tid=962217 ompt_id=7318349394477057 tipo=ompt_thread_worker     last_cpu=243 numa=1 mig=0 fallos=0 perf=full ratio_rm=0.0000
[OMPT] tid=962218 ompt_id=7599824371187713 tipo=ompt_thread_worker     last_cpu= 64 numa=1 mig=0 fallos=0 perf=full ratio_rm=0.0001
[OMPT] tid=962219 ompt_id=7881299347898369 tipo=ompt_thread_worker     last_cpu=  4 numa=0 mig=0 fallos=0 perf=full ratio_rm=0.1232
[OMPT] tid=962220 ompt_id=8162774324609025 tipo=ompt_thread_worker     last_cpu=138 numa=0 mig=0 fallos=0 perf=full ratio_rm=0.0930
[OMPT] tid=962221 ompt_id=8444249301319681 tipo=ompt_thread_worker     last_cpu= 12 numa=0 mig=0 fallos=0 perf=full ratio_rm=0.0634
[OMPT] tid=962222 ompt_id=8725724278030337 tipo=ompt_thread_worker     last_cpu=253 numa=1 mig=0 fallos=0 perf=full ratio_rm=0.0001
[OMPT] tid=962223 ompt_id=9007199254740993 tipo=ompt_thread_worker     last_cpu=156 numa=0 mig=0 fallos=0 perf=full ratio_rm=0.1139
[OMPT] tid=962224 ompt_id=9288674231451649 tipo=ompt_thread_worker     last_cpu=125 numa=1 mig=0 fallos=0 perf=full ratio_rm=0.0000
[OMPT] tid=962225 ompt_id=9570149208162305 tipo=ompt_thread_worker     last_cpu=254 numa=1 mig=0 fallos=0 perf=full ratio_rm=0.0000
[OMPT] tid=962226 ompt_id=9851624184872961 tipo=ompt_thread_worker     last_cpu=127 numa=1 mig=0 fallos=0 perf=full ratio_rm=0.0001
[OMPT] tid=962227 ompt_id=10133099161583617 tipo=ompt_thread_worker     last_cpu= 72 numa=1 mig=0 fallos=0 perf=full ratio_rm=0.0002
[OMPT] tid=962303 ompt_id=31525197391593473 tipo=ompt_thread_worker     last_cpu=203 numa=1 mig=0 fallos=0 perf=full ratio_rm=0.0002
[OMPT] tid=962237 ompt_id=12666373951979521 tipo=ompt_thread_worker     last_cpu=199 numa=1 mig=0 fallos=0 perf=full ratio_rm=0.0003
[OMPT] tid=962299 ompt_id=30399297484750849 tipo=ompt_thread_worker     last_cpu=195 numa=1 mig=0 fallos=0 perf=full ratio_rm=0.0001
[OMPT] tid=962287 ompt_id=27021597764222977 tipo=ompt_thread_worker     last_cpu=164 numa=0 mig=0 fallos=0 perf=full ratio_rm=0.0881
[OMPT] tid=962236 ompt_id=12947848928690177 tipo=ompt_thread_worker     last_cpu=151 numa=0 mig=0 fallos=0 perf=full ratio_rm=0.0962
[OMPT] tid=962255 ompt_id=18014398509481985 tipo=ompt_thread_worker     last_cpu= 50 numa=0 mig=0 fallos=0 perf=full ratio_rm=0.0837
[OMPT] tid=962316 ompt_id=35184372088832001 tipo=ompt_thread_worker     last_cpu=154 numa=0 mig=0 fallos=0 perf=full ratio_rm=0.2500
[OMPT] tid=962238 ompt_id=13510798882111489 tipo=ompt_thread_worker     last_cpu=159 numa=0 mig=0 fallos=0 perf=full ratio_rm=0.0766
[OMPT] tid=962288 ompt_id=27303072740933633 tipo=ompt_thread_worker     last_cpu=137 numa=0 mig=0 fallos=0 perf=full ratio_rm=0.1198
[OMPT] tid=962302 ompt_id=31243722414882817 tipo=ompt_thread_worker     last_cpu=155 numa=0 mig=0 fallos=0 perf=full ratio_rm=0.0815
[OMPT] tid=962246 ompt_id=15481123719086081 tipo=ompt_thread_worker     last_cpu=158 numa=0 mig=0 fallos=0 perf=full ratio_rm=0.0708
[OMPT] tid=962262 ompt_id=19984723346456577 tipo=ompt_thread_worker     last_cpu=157 numa=0 mig=0 fallos=0 perf=full ratio_rm=0.0711
[OMPT] tid=962293 ompt_id=28710447624486913 tipo=ompt_thread_worker     last_cpu=236 numa=1 mig=0 fallos=0 perf=full ratio_rm=0.0002
[OMPT] tid=962311 ompt_id=33776997205278721 tipo=ompt_thread_worker     last_cpu=234 numa=1 mig=0 fallos=0 perf=full ratio_rm=0.0001
[OMPT] tid=962261 ompt_id=19703248369745921 tipo=ompt_thread_worker     last_cpu=238 numa=1 mig=0 fallos=0 perf=full ratio_rm=0.0001
[OMPT] tid=962277 ompt_id=24206847997116417 tipo=ompt_thread_worker     last_cpu=237 numa=1 mig=0 fallos=0 perf=full ratio_rm=0.0001
[OMPT] tid=962284 ompt_id=26177172834091009 tipo=ompt_thread_worker     last_cpu=180 numa=0 mig=0 fallos=0 perf=full ratio_rm=0.0902
[OMPT] tid=962314 ompt_id=34621422135410689 tipo=ompt_thread_worker     last_cpu=178 numa=0 mig=0 fallos=0 perf=full ratio_rm=0.0734
[OMPT] tid=962264 ompt_id=20547673299877889 tipo=ompt_thread_worker     last_cpu=165 numa=0 mig=0 fallos=0 perf=full ratio_rm=0.0803
[OMPT] tid=962248 ompt_id=16044073672507393 tipo=ompt_thread_worker     last_cpu=166 numa=0 mig=0 fallos=0 perf=full ratio_rm=0.0931
[OMPT] tid=962312 ompt_id=34058472181989377 tipo=ompt_thread_worker     last_cpu=162 numa=0 mig=0 fallos=0 perf=full ratio_rm=0.2254
[OMPT] tid=962300 ompt_id=30680772461461505 tipo=ompt_thread_worker     last_cpu=163 numa=0 mig=0 fallos=0 perf=full ratio_rm=0.0995
[OMPT] tid=962240 ompt_id=13792273858822145 tipo=ompt_thread_worker     last_cpu=167 numa=0 mig=0 fallos=0 perf=full ratio_rm=0.1008
[OMPT] tid=962285 ompt_id=26458647810801665 tipo=ompt_thread_worker     last_cpu=220 numa=1 mig=0 fallos=0 perf=full ratio_rm=0.0006
[OMPT] tid=962297 ompt_id=29836347531329537 tipo=ompt_thread_worker     last_cpu=219 numa=1 mig=0 fallos=0 perf=full ratio_rm=0.0004
[OMPT] tid=962309 ompt_id=33214047251857409 tipo=ompt_thread_worker     last_cpu=218 numa=1 mig=0 fallos=0 perf=full ratio_rm=0.0002
[OMPT] tid=962269 ompt_id=21955048183431169 tipo=ompt_thread_worker     last_cpu=221 numa=1 mig=0 fallos=0 perf=full ratio_rm=0.0002
[OMPT] tid=962250 ompt_id=16607023625928705 tipo=ompt_thread_worker     last_cpu=174 numa=0 mig=0 fallos=0 perf=full ratio_rm=0.0716
[OMPT] tid=962272 ompt_id=22799473113563137 tipo=ompt_thread_worker     last_cpu=149 numa=0 mig=0 fallos=0 perf=full ratio_rm=0.1110
[OMPT] tid=962242 ompt_id=14355223812243457 tipo=ompt_thread_worker     last_cpu=183 numa=0 mig=0 fallos=0 perf=full ratio_rm=0.0743
[OMPT] tid=962294 ompt_id=28991922601197569 tipo=ompt_thread_worker     last_cpu= 51 numa=0 mig=0 fallos=0 perf=full ratio_rm=0.0933
[OMPT] tid=962274 ompt_id=23362423066984449 tipo=ompt_thread_worker     last_cpu=181 numa=0 mig=0 fallos=0 perf=full ratio_rm=0.0652
[OMPT] tid=962252 ompt_id=17169973579350017 tipo=ompt_thread_worker     last_cpu=182 numa=0 mig=0 fallos=0 perf=full ratio_rm=0.0818
[OMPT] tid=962310 ompt_id=33495522228568065 tipo=ompt_thread_worker     last_cpu=146 numa=0 mig=0 fallos=0 perf=full ratio_rm=0.1880
[OMPT] tid=962282 ompt_id=25614222880669697 tipo=ompt_thread_worker     last_cpu=148 numa=0 mig=0 fallos=0 perf=full ratio_rm=0.1158
[OMPT] tid=962298 ompt_id=30117822508040193 tipo=ompt_thread_worker     last_cpu=147 numa=0 mig=0 fallos=0 perf=full ratio_rm=0.1065
[OMPT] tid=962254 ompt_id=17732923532771329 tipo=ompt_thread_worker     last_cpu=150 numa=0 mig=0 fallos=0 perf=full ratio_rm=0.0858
[OMPT] tid=962308 ompt_id=32932572275146753 tipo=ompt_thread_worker     last_cpu=139 numa=0 mig=0 fallos=0 perf=full ratio_rm=0.1008
[OMPT] tid=962278 ompt_id=24488322973827073 tipo=ompt_thread_worker     last_cpu=140 numa=0 mig=0 fallos=0 perf=full ratio_rm=0.0947
[OMPT] tid=962232 ompt_id=11821949021847553 tipo=ompt_thread_worker     last_cpu=143 numa=0 mig=0 fallos=0 perf=full ratio_rm=0.1034
[OMPT] tid=962268 ompt_id=21673573206720513 tipo=ompt_thread_worker     last_cpu=141 numa=0 mig=0 fallos=0 perf=full ratio_rm=0.0954
[OMPT] tid=962256 ompt_id=18295873486192641 tipo=ompt_thread_worker     last_cpu=142 numa=0 mig=0 fallos=0 perf=full ratio_rm=0.1187
[OMPT] tid=962292 ompt_id=28428972647776257 tipo=ompt_thread_worker     last_cpu=136 numa=0 mig=0 fallos=0 perf=full ratio_rm=0.1121
[OMPT] tid=962273 ompt_id=23080948090273793 tipo=ompt_thread_worker     last_cpu=213 numa=1 mig=0 fallos=0 perf=full ratio_rm=0.0046
[OMPT] tid=962289 ompt_id=27584547717644289 tipo=ompt_thread_worker     last_cpu=212 numa=1 mig=0 fallos=0 perf=full ratio_rm=0.0060
[OMPT] tid=962279 ompt_id=24769797950537729 tipo=ompt_thread_worker     last_cpu=204 numa=1 mig=0 fallos=0 perf=full ratio_rm=0.0041
[OMPT] tid=962318 ompt_id=35747322042253313 tipo=ompt_thread_worker     last_cpu=170 numa=0 mig=0 fallos=0 perf=full ratio_rm=0.2133
[OMPT] tid=962296 ompt_id=29554872554618881 tipo=ompt_thread_worker     last_cpu=171 numa=0 mig=0 fallos=0 perf=full ratio_rm=0.0975
[OMPT] tid=962241 ompt_id=14073748835532801 tipo=ompt_thread_worker     last_cpu=175 numa=0 mig=0 fallos=0 perf=full ratio_rm=0.0566
[OMPT] tid=962270 ompt_id=22236523160141825 tipo=ompt_thread_worker     last_cpu=173 numa=0 mig=0 fallos=0 perf=full ratio_rm=0.0594
[OMPT] tid=962280 ompt_id=25051272927248385 tipo=ompt_thread_worker     last_cpu=172 numa=0 mig=0 fallos=0 perf=full ratio_rm=0.0812
[OMPT] tid=962258 ompt_id=18858823439613953 tipo=ompt_thread_worker     last_cpu=  1 numa=0 mig=0 fallos=0 perf=full ratio_rm=0.1626
[OMPT] tid=962286 ompt_id=26740122787512321 tipo=ompt_thread_worker     last_cpu=240 numa=1 mig=0 fallos=0 perf=full ratio_rm=0.0082
[OMPT] tid=962234 ompt_id=12103423998558209 tipo=ompt_thread_worker     last_cpu=191 numa=0 mig=0 fallos=0 perf=full ratio_rm=0.0869
[OMPT] tid=962260 ompt_id=19421773393035265 tipo=ompt_thread_worker     last_cpu=189 numa=0 mig=0 fallos=0 perf=full ratio_rm=0.0883
[OMPT] tid=962304 ompt_id=31806672368304129 tipo=ompt_thread_worker     last_cpu=187 numa=0 mig=0 fallos=0 perf=full ratio_rm=0.1024
[OMPT] tid=962244 ompt_id=14918173765664769 tipo=ompt_thread_worker     last_cpu=190 numa=0 mig=0 fallos=0 perf=full ratio_rm=0.0887
[OMPT] tid=962276 ompt_id=23925373020405761 tipo=ompt_thread_worker     last_cpu=188 numa=0 mig=0 fallos=0 perf=full ratio_rm=0.0872
[OMPT] tid=962283 ompt_id=25895697857380353 tipo=ompt_thread_worker     last_cpu=196 numa=1 mig=0 fallos=0 perf=full ratio_rm=0.0096
[OMPT] tid=962317 ompt_id=35465847065542657 tipo=ompt_thread_worker     last_cpu=226 numa=1 mig=0 fallos=0 perf=full ratio_rm=0.0126
[OMPT] tid=962245 ompt_id=15199648742375425 tipo=ompt_thread_worker     last_cpu=235 numa=1 mig=0 fallos=0 perf=full ratio_rm=0.0196
[OMPT] tid=962313 ompt_id=34339947158700033 tipo=ompt_thread_worker     last_cpu=194 numa=1 mig=0 fallos=0 perf=full ratio_rm=0.0184
[OMPT] tid=962315 ompt_id=34902897112121345 tipo=ompt_thread_worker     last_cpu=202 numa=1 mig=0 fallos=0 perf=full ratio_rm=0.0155
[OMPT] tid=962249 ompt_id=16325548649218049 tipo=ompt_thread_worker     last_cpu=206 numa=1 mig=0 fallos=0 perf=full ratio_rm=0.0120
[OMPT] tid=962265 ompt_id=20829148276588545 tipo=ompt_thread_worker     last_cpu=205 numa=1 mig=0 fallos=0 perf=full ratio_rm=0.0101
[OMPT] tid=962267 ompt_id=21392098230009857 tipo=ompt_thread_worker     last_cpu=229 numa=1 mig=0 fallos=0 perf=full ratio_rm=0.0090
[OMPT] tid=962229 ompt_id=10696049115004929 tipo=ompt_thread_worker     last_cpu=231 numa=1 mig=0 fallos=0 perf=full ratio_rm=0.0046
[OMPT] tid=962235 ompt_id=12384898975268865 tipo=ompt_thread_worker     last_cpu=215 numa=1 mig=0 fallos=0 perf=full ratio_rm=0.0087
[OMPT] tid=962305 ompt_id=32088147345014785 tipo=ompt_thread_worker     last_cpu=211 numa=1 mig=0 fallos=0 perf=full ratio_rm=0.0165
[OMPT] tid=962257 ompt_id=18577348462903297 tipo=ompt_thread_worker     last_cpu=214 numa=1 mig=0 fallos=0 perf=full ratio_rm=0.0115
[OMPT] tid=962243 ompt_id=14636698788954113 tipo=ompt_thread_worker     last_cpu=248 numa=1 mig=0 fallos=0 perf=full ratio_rm=0.0126
[OMPT] tid=962247 ompt_id=15762598695796737 tipo=ompt_thread_worker     last_cpu=198 numa=1 mig=0 fallos=0 perf=full ratio_rm=0.0144
[OMPT] tid=962239 ompt_id=13229323905400833 tipo=ompt_thread_worker     last_cpu=207 numa=1 mig=0 fallos=0 perf=full ratio_rm=0.0097
[OMPT] tid=962253 ompt_id=17451448556060673 tipo=ompt_thread_worker     last_cpu=230 numa=1 mig=0 fallos=0 perf=full ratio_rm=0.0066
[OMPT] tid=962266 ompt_id=21110623253299201 tipo=ompt_thread_worker     last_cpu=  2 numa=0 mig=0 fallos=0 perf=full ratio_rm=0.1321
[OMPT] tid=962281 ompt_id=25332747903959041 tipo=ompt_thread_worker     last_cpu=228 numa=1 mig=0 fallos=0 perf=full ratio_rm=0.0068
[OMPT] tid=962233 ompt_id=11540474045136897 tipo=ompt_thread_worker     last_cpu=117 numa=1 mig=0 fallos=0 perf=full ratio_rm=0.0062
[OMPT] tid=962319 ompt_id=36028797018963969 tipo=ompt_thread_worker     last_cpu=242 numa=1 mig=0 fallos=0 perf=full ratio_rm=0.0127
[OMPT] tid=962295 ompt_id=29273397577908225 tipo=ompt_thread_worker     last_cpu=241 numa=1 mig=0 fallos=0 perf=full ratio_rm=0.0102
[OMPT] tid=962271 ompt_id=22517998136852481 tipo=ompt_thread_worker     last_cpu=246 numa=1 mig=0 fallos=0 perf=full ratio_rm=0.0072
[OMPT] tid=962291 ompt_id=28147497671065601 tipo=ompt_thread_worker     last_cpu=251 numa=1 mig=0 fallos=0 perf=full ratio_rm=0.0114
[OMPT] tid=962290 ompt_id=27866022694354945 tipo=ompt_thread_worker     last_cpu=135 numa=0 mig=0 fallos=0 perf=full ratio_rm=0.0994
[OMPT] tid=962306 ompt_id=32369622321725441 tipo=ompt_thread_worker     last_cpu=134 numa=0 mig=0 fallos=0 perf=full ratio_rm=0.0927
[OMPT] tid=962230 ompt_id=10977524091715585 tipo=ompt_thread_worker     last_cpu=  0 numa=0 mig=0 fallos=0 perf=full ratio_rm=0.1159
[OMPT] tid=962251 ompt_id=16888498602639361 tipo=ompt_thread_worker     last_cpu=222 numa=1 mig=0 fallos=0 perf=full ratio_rm=0.0191
[OMPT] tid=962263 ompt_id=20266198323167233 tipo=ompt_thread_worker     last_cpu=197 numa=1 mig=0 fallos=0 perf=full ratio_rm=0.0123
[OMPT] tid=962228 ompt_id=10414574138294273 tipo=ompt_thread_worker     last_cpu=223 numa=1 mig=0 fallos=0 perf=full ratio_rm=0.0198
[OMPT] tid=962301 ompt_id=30962247438172161 tipo=ompt_thread_worker     last_cpu=227 numa=1 mig=0 fallos=0 perf=full ratio_rm=0.0070
[OMPT] tid=962307 ompt_id=32651097298436097 tipo=ompt_thread_worker     last_cpu=252 numa=1 mig=0 fallos=0 perf=full ratio_rm=0.0067
[OMPT] tid=962231 ompt_id=11258999068426241 tipo=ompt_thread_worker     last_cpu=239 numa=1 mig=0 fallos=0 perf=full ratio_rm=0.0193
[OMPT] tid=962275 ompt_id=23643898043695105 tipo=ompt_thread_worker     last_cpu=250 numa=1 mig=0 fallos=0 perf=full ratio_rm=0.0081
[OMPT] tid=962259 ompt_id=19140298416324609 tipo=ompt_thread_worker     last_cpu=249 numa=1 mig=0 fallos=0 perf=full ratio_rm=0.0097
[OMPT] ===== Overhead intrínseco =====
  monitor: 2 ticks, 1141.5 us total (max 1140.2 us/tick)
  callbacks implicit_task: 20225, 8643598.9 us total
  migraciones: 0 (0.0 us total)
  resyncs=0  lecturas escaladas por multiplexado=1152
  hilos con perf fallido=0  parcial=0
  ventanas con fills=0

[OMPT] *** AVISO GRAVE ***
  1152 lecturas de contador con exito y NINGUNA ventana con data
  cache fills. Los eventos crudos 0xD044/0xFF44 abrieron pero cuentan
  siempre 0: esta PMU no los implementa (son de AMD Zen). ratio_rm no
  existe y el scheduler NO PUEDE decidir migraciones. Los resultados de
  localidad de esta corrida no son válidos.

