[OMPT] ompt_initialize (OPCIÓN C: integrador con fugas)  verbose=0  migracion=activa
[HWLOC] Nodos NUMA detectados: 2 (usados: 2)
[HWLOC] Nodo 0: 128 CPUs
[HWLOC] Nodo 1: 128 CPUs
[OMPT] callback 'ompt_callback_thread_begin' registrado (result=5)
[OMPT] callback 'ompt_callback_thread_end' registrado (result=5)
[OMPT] callback 'ompt_callback_parallel_begin' registrado (result=5)
[OMPT] callback 'ompt_callback_parallel_end' registrado (result=5)
[OMPT] callback 'ompt_callback_implicit_task' registrado (result=5)
[OMPT] callback 'ompt_callback_control_tool' registrado (result=5)
[OMPT] Callbacks registrados
[OMPT] Sistema: 0 procesadores lógicos
[OMPT][MON] Monitor (C: integrador con fugas)  período=100ms  warmup=5  referencia=MIN  T=min+max(0.050, 3.00*MAD_bajo)  leak=0.50*margen  cap=8.00*margen  max_mig=1  migracion=activa
[perf_region] tool OMPT detectado: los contadores los lleva el tool, no se abren aqui
[OMPT] control_tool: INICIANDO medicion
[OMPT] control_tool: PAUSANDO medicion
[OMPT] ompt_finalize
[OMPT][MON] Monitor detenido tras 65 ventanas
[OMPT] CSV de ventanas: 1634 filas volcadas (0 descartadas)
[OMPT] ===== Tabla final: 32 hilos =====
[OMPT] tid=1006649 ompt_id=281474976710657 tipo=ompt_thread_initial    last_cpu=127 numa=1 mig=0 fallos=0 perf=full ratio_rm=0.0000
[OMPT] tid=1006651 ompt_id=562949953421313 tipo=ompt_thread_worker     last_cpu= 82 numa=1 mig=0 fallos=0 perf=full ratio_rm=0.0000
[OMPT] tid=1006652 ompt_id=844424930131969 tipo=ompt_thread_worker     last_cpu= 90 numa=1 mig=0 fallos=0 perf=full ratio_rm=0.0000
[OMPT] tid=1006653 ompt_id=1125899906842625 tipo=ompt_thread_worker     last_cpu=104 numa=1 mig=0 fallos=0 perf=full ratio_rm=0.0000
[OMPT] tid=1006654 ompt_id=1407374883553281 tipo=ompt_thread_worker     last_cpu= 89 numa=1 mig=0 fallos=0 perf=full ratio_rm=0.0000
[OMPT] tid=1006655 ompt_id=1688849860263937 tipo=ompt_thread_worker     last_cpu=126 numa=1 mig=0 fallos=0 perf=full ratio_rm=0.0000
[OMPT] tid=1006656 ompt_id=1970324836974593 tipo=ompt_thread_worker     last_cpu=125 numa=1 mig=0 fallos=0 perf=full ratio_rm=0.0000
[OMPT] tid=1006658 ompt_id=2533274790395905 tipo=ompt_thread_worker     last_cpu= 97 numa=1 mig=1 fallos=0 perf=full ratio_rm=0.0169
[OMPT] tid=1006657 ompt_id=2251799813685249 tipo=ompt_thread_worker     last_cpu=114 numa=1 mig=0 fallos=0 perf=full ratio_rm=0.0000
[OMPT] tid=1006661 ompt_id=2814749767106561 tipo=ompt_thread_worker     last_cpu= 69 numa=1 mig=1 fallos=0 perf=full ratio_rm=0.0114
[OMPT] tid=1006659 ompt_id=3377699720527873 tipo=ompt_thread_worker     last_cpu= 88 numa=1 mig=0 fallos=0 perf=full ratio_rm=0.0000
[OMPT] tid=1006662 ompt_id=3659174697238529 tipo=ompt_thread_worker     last_cpu=239 numa=1 mig=0 fallos=0 perf=full ratio_rm=0.0000
[OMPT] tid=1006660 ompt_id=3096224743817217 tipo=ompt_thread_worker     last_cpu= 98 numa=1 mig=1 fallos=0 perf=full ratio_rm=0.0201
[OMPT] tid=1006663 ompt_id=3940649673949185 tipo=ompt_thread_worker     last_cpu= 80 numa=1 mig=0 fallos=0 perf=full ratio_rm=0.0000
[OMPT] tid=1006664 ompt_id=4222124650659841 tipo=ompt_thread_worker     last_cpu=247 numa=1 mig=0 fallos=0 perf=full ratio_rm=0.0000
[OMPT] tid=1006665 ompt_id=4503599627370497 tipo=ompt_thread_worker     last_cpu=192 numa=1 mig=1 fallos=0 perf=full ratio_rm=0.0201
[OMPT] tid=1006666 ompt_id=4785074604081153 tipo=ompt_thread_worker     last_cpu=207 numa=1 mig=0 fallos=0 perf=full ratio_rm=0.0000
[OMPT] tid=1006667 ompt_id=5066549580791809 tipo=ompt_thread_worker     last_cpu=231 numa=1 mig=0 fallos=0 perf=full ratio_rm=0.0000
[OMPT] tid=1006668 ompt_id=5348024557502465 tipo=ompt_thread_worker     last_cpu= 81 numa=1 mig=0 fallos=0 perf=full ratio_rm=0.0000
[OMPT] tid=1006669 ompt_id=5629499534213121 tipo=ompt_thread_worker     last_cpu=223 numa=1 mig=0 fallos=0 perf=full ratio_rm=0.0000
[OMPT] tid=1006670 ompt_id=5910974510923777 tipo=ompt_thread_worker     last_cpu=112 numa=1 mig=0 fallos=0 perf=full ratio_rm=0.0000
[OMPT] tid=1006671 ompt_id=6192449487634433 tipo=ompt_thread_worker     last_cpu= 68 numa=1 mig=1 fallos=0 perf=full ratio_rm=0.0202
[OMPT] tid=1006672 ompt_id=6473924464345089 tipo=ompt_thread_worker     last_cpu= 78 numa=1 mig=0 fallos=0 perf=full ratio_rm=0.0000
[OMPT] tid=1006673 ompt_id=6755399441055745 tipo=ompt_thread_worker     last_cpu=106 numa=1 mig=0 fallos=0 perf=full ratio_rm=0.0000
[OMPT] tid=1006674 ompt_id=7036874417766401 tipo=ompt_thread_worker     last_cpu= 96 numa=1 mig=0 fallos=0 perf=full ratio_rm=0.0000
[OMPT] tid=1006675 ompt_id=7318349394477057 tipo=ompt_thread_worker     last_cpu=205 numa=1 mig=0 fallos=0 perf=full ratio_rm=0.0000
[OMPT] tid=1006676 ompt_id=7599824371187713 tipo=ompt_thread_worker     last_cpu=120 numa=1 mig=0 fallos=0 perf=full ratio_rm=0.0000
[OMPT] tid=1006677 ompt_id=7881299347898369 tipo=ompt_thread_worker     last_cpu=113 numa=1 mig=0 fallos=0 perf=full ratio_rm=0.0000
[OMPT] tid=1006678 ompt_id=8162774324609025 tipo=ompt_thread_worker     last_cpu=199 numa=1 mig=0 fallos=0 perf=full ratio_rm=0.0000
[OMPT] tid=1006679 ompt_id=8444249301319681 tipo=ompt_thread_worker     last_cpu=105 numa=1 mig=0 fallos=0 perf=full ratio_rm=0.0000
[OMPT] tid=1006680 ompt_id=8725724278030337 tipo=ompt_thread_worker     last_cpu=200 numa=1 mig=0 fallos=0 perf=full ratio_rm=0.0000
[OMPT] tid=1006681 ompt_id=9007199254740993 tipo=ompt_thread_worker     last_cpu=215 numa=1 mig=0 fallos=0 perf=full ratio_rm=0.0000
[OMPT] ===== Overhead intrínseco =====
  monitor: 65 ticks, 17400.4 us total (max 395.0 us/tick)
  callbacks implicit_task: 5057, 824406.2 us total
  migraciones: 5 (8853.4 us total)
  resyncs=153  lecturas escaladas por multiplexado=3872
  hilos con perf fallido=0  parcial=0
  ventanas con fills=1634
