[OMPT] ompt_initialize (OPCIÓN C: integrador con fugas)  verbose=0  migracion=activa
[HWLOC] Nodos NUMA detectados: 2 (usados: 2)
[HWLOC] Nodo 0: 128 CPUs
[HWLOC] Nodo 1: 128 CPUs
[OMPT] callback 'ompt_callback_thread_begin' registrado (result=5)
[OMPT] callback 'ompt_callback_thread_end' registrado (result=5)
[OMPT] callback 'ompt_callback_parallel_begin' registrado (result=5)
[OMPT] callback 'ompt_callback_parallel_end' registrado (result=5)
[OMPT] callback 'ompt_callback_implicit_task' registrado (result=5)
[OMPT] callback 'ompt_callback_control_tool' registrado (result=5)
[OMPT] Callbacks registrados
[OMPT] Sistema: 0 procesadores lógicos
[OMPT][MON] Monitor (C: integrador con fugas)  período=100ms  warmup=5  referencia=MIN  T=min+max(0.050, 3.00*MAD_bajo)  leak=0.50*margen  cap=8.00*margen  max_mig=1  migracion=activa
[perf_region] tool OMPT detectado: los contadores los lleva el tool, no se abren aqui
[OMPT] control_tool: INICIANDO medicion
[OMPT] control_tool: PAUSANDO medicion
[OMPT] ompt_finalize
[OMPT][MON] Monitor detenido tras 68 ventanas
[OMPT] CSV de ventanas: 6386 filas volcadas (0 descartadas)
[OMPT] ===== Tabla final: 128 hilos =====
[OMPT] tid=1010067 ompt_id=281474976710657 tipo=ompt_thread_initial    last_cpu=255 numa=1 mig=0 fallos=0 perf=full ratio_rm=0.0002
[OMPT] tid=1010069 ompt_id=562949953421313 tipo=ompt_thread_worker     last_cpu=254 numa=1 mig=0 fallos=0 perf=full ratio_rm=0.0001
[OMPT] tid=1010070 ompt_id=844424930131969 tipo=ompt_thread_worker     last_cpu= 72 numa=1 mig=0 fallos=0 perf=full ratio_rm=0.0001
[OMPT] tid=1010071 ompt_id=1125899906842625 tipo=ompt_thread_worker     last_cpu=105 numa=1 mig=0 fallos=0 perf=full ratio_rm=0.0001
[OMPT] tid=1010073 ompt_id=1688849860263937 tipo=ompt_thread_worker     last_cpu= 96 numa=1 mig=0 fallos=0 perf=full ratio_rm=0.0001
[OMPT] tid=1010074 ompt_id=1970324836974593 tipo=ompt_thread_worker     last_cpu= 80 numa=1 mig=0 fallos=0 perf=full ratio_rm=0.0002
[OMPT] tid=1010072 ompt_id=1407374883553281 tipo=ompt_thread_worker     last_cpu=250 numa=1 mig=0 fallos=0 perf=full ratio_rm=0.0001
[OMPT] tid=1010076 ompt_id=2533274790395905 tipo=ompt_thread_worker     last_cpu=114 numa=1 mig=1 fallos=0 perf=full ratio_rm=0.0222
[OMPT] tid=1010075 ompt_id=2251799813685249 tipo=ompt_thread_worker     last_cpu= 69 numa=1 mig=1 fallos=0 perf=full ratio_rm=0.0258
[OMPT] tid=1010081 ompt_id=3940649673949185 tipo=ompt_thread_worker     last_cpu=113 numa=1 mig=0 fallos=0 perf=full ratio_rm=0.0002
[OMPT] tid=1010080 ompt_id=3659174697238529 tipo=ompt_thread_worker     last_cpu= 78 numa=1 mig=1 fallos=0 perf=full ratio_rm=0.0256
[OMPT] tid=1010078 ompt_id=2814749767106561 tipo=ompt_thread_worker     last_cpu= 79 numa=1 mig=1 fallos=0 perf=full ratio_rm=0.0251
[OMPT] tid=1010082 ompt_id=4222124650659841 tipo=ompt_thread_worker     last_cpu=118 numa=1 mig=1 fallos=0 perf=full ratio_rm=0.0184
[OMPT] tid=1010083 ompt_id=4503599627370497 tipo=ompt_thread_worker     last_cpu=253 numa=1 mig=1 fallos=0 perf=full ratio_rm=0.0258
[OMPT] tid=1010077 ompt_id=3096224743817217 tipo=ompt_thread_worker     last_cpu=241 numa=1 mig=1 fallos=0 perf=full ratio_rm=0.0063
[OMPT] tid=1010084 ompt_id=4785074604081153 tipo=ompt_thread_worker     last_cpu=202 numa=1 mig=0 fallos=0 perf=full ratio_rm=0.0001
[OMPT] tid=1010085 ompt_id=5066549580791809 tipo=ompt_thread_worker     last_cpu= 97 numa=1 mig=0 fallos=0 perf=full ratio_rm=0.0002
[OMPT] tid=1010079 ompt_id=3377699720527873 tipo=ompt_thread_worker     last_cpu=232 numa=1 mig=1 fallos=0 perf=full ratio_rm=0.0248
[OMPT] tid=1010087 ompt_id=5629499534213121 tipo=ompt_thread_worker     last_cpu=127 numa=1 mig=1 fallos=0 perf=full ratio_rm=0.0241
[OMPT] tid=1010088 ompt_id=5910974510923777 tipo=ompt_thread_worker     last_cpu=208 numa=1 mig=1 fallos=0 perf=full ratio_rm=0.0197
[OMPT] tid=1010086 ompt_id=5348024557502465 tipo=ompt_thread_worker     last_cpu=197 numa=1 mig=1 fallos=0 perf=full ratio_rm=0.0200
[OMPT] tid=1010089 ompt_id=6192449487634433 tipo=ompt_thread_worker     last_cpu= 77 numa=1 mig=1 fallos=0 perf=full ratio_rm=0.0214
[OMPT] tid=1010090 ompt_id=6473924464345089 tipo=ompt_thread_worker     last_cpu=121 numa=1 mig=1 fallos=0 perf=full ratio_rm=0.0183
[OMPT] tid=1010091 ompt_id=6755399441055745 tipo=ompt_thread_worker     last_cpu=200 numa=1 mig=1 fallos=0 perf=full ratio_rm=0.0183
[OMPT] tid=1010092 ompt_id=7036874417766401 tipo=ompt_thread_worker     last_cpu=115 numa=1 mig=1 fallos=0 perf=full ratio_rm=0.0252
[OMPT] tid=1010093 ompt_id=7318349394477057 tipo=ompt_thread_worker     last_cpu=240 numa=1 mig=1 fallos=0 perf=full ratio_rm=0.0242
[OMPT] tid=1010094 ompt_id=7599824371187713 tipo=ompt_thread_worker     last_cpu=251 numa=1 mig=1 fallos=0 perf=full ratio_rm=0.0246
[OMPT] tid=1010095 ompt_id=7881299347898369 tipo=ompt_thread_worker     last_cpu=194 numa=1 mig=1 fallos=0 perf=full ratio_rm=0.0252
[OMPT] tid=1010096 ompt_id=8162774324609025 tipo=ompt_thread_worker     last_cpu=243 numa=1 mig=0 fallos=0 perf=full ratio_rm=0.0001
[OMPT] tid=1010097 ompt_id=8444249301319681 tipo=ompt_thread_worker     last_cpu=217 numa=1 mig=1 fallos=0 perf=full ratio_rm=0.0102
[OMPT] tid=1010098 ompt_id=8725724278030337 tipo=ompt_thread_worker     last_cpu= 86 numa=1 mig=1 fallos=0 perf=full ratio_rm=0.0260
[OMPT] tid=1010099 ompt_id=9007199254740993 tipo=ompt_thread_worker     last_cpu=100 numa=1 mig=1 fallos=0 perf=full ratio_rm=0.0249
[OMPT] tid=1010100 ompt_id=9288674231451649 tipo=ompt_thread_worker     last_cpu=252 numa=1 mig=0 fallos=0 perf=full ratio_rm=0.0002
[OMPT] tid=1010101 ompt_id=9570149208162305 tipo=ompt_thread_worker     last_cpu= 88 numa=1 mig=0 fallos=0 perf=full ratio_rm=0.0002
[OMPT] tid=1010102 ompt_id=9851624184872961 tipo=ompt_thread_worker     last_cpu= 89 numa=1 mig=0 fallos=0 perf=full ratio_rm=0.0001
[OMPT] tid=1010103 ompt_id=10133099161583617 tipo=ompt_thread_worker     last_cpu=104 numa=1 mig=0 fallos=0 perf=full ratio_rm=0.0002
[OMPT] tid=1010151 ompt_id=23643898043695105 tipo=ompt_thread_worker     last_cpu= 98 numa=1 mig=1 fallos=0 perf=full ratio_rm=0.0262
[OMPT] tid=1010183 ompt_id=32651097298436097 tipo=ompt_thread_worker     last_cpu= 85 numa=1 mig=1 fallos=0 perf=full ratio_rm=0.0252
[OMPT] tid=1010194 ompt_id=35747322042253313 tipo=ompt_thread_worker     last_cpu= 71 numa=1 mig=1 fallos=0 perf=full ratio_rm=0.0224
[OMPT] tid=1010146 ompt_id=22236523160141825 tipo=ompt_thread_worker     last_cpu=106 numa=1 mig=1 fallos=0 perf=full ratio_rm=0.0223
[OMPT] tid=1010148 ompt_id=22799473113563137 tipo=ompt_thread_worker     last_cpu= 73 numa=1 mig=1 fallos=0 perf=full ratio_rm=0.0248
[OMPT] tid=1010166 ompt_id=27866022694354945 tipo=ompt_thread_worker     last_cpu=101 numa=1 mig=1 fallos=0 perf=full ratio_rm=0.0240
[OMPT] tid=1010132 ompt_id=18295873486192641 tipo=ompt_thread_worker     last_cpu=124 numa=1 mig=1 fallos=0 perf=full ratio_rm=0.0259
[OMPT] tid=1010193 ompt_id=35465847065542657 tipo=ompt_thread_worker     last_cpu=203 numa=1 mig=0 fallos=0 perf=full ratio_rm=0.0001
[OMPT] tid=1010175 ompt_id=30399297484750849 tipo=ompt_thread_worker     last_cpu=112 numa=1 mig=0 fallos=0 perf=full ratio_rm=0.0002
[OMPT] tid=1010147 ompt_id=22517998136852481 tipo=ompt_thread_worker     last_cpu=245 numa=1 mig=0 fallos=0 perf=full ratio_rm=0.0001
[OMPT] tid=1010165 ompt_id=27584547717644289 tipo=ompt_thread_worker     last_cpu=244 numa=1 mig=0 fallos=0 perf=full ratio_rm=0.0001
[OMPT] tid=1010130 ompt_id=17732923532771329 tipo=ompt_thread_worker     last_cpu=246 numa=1 mig=0 fallos=0 perf=full ratio_rm=0.0001
[OMPT] tid=1010189 ompt_id=34339947158700033 tipo=ompt_thread_worker     last_cpu=242 numa=1 mig=0 fallos=0 perf=full ratio_rm=0.0001
[OMPT] tid=1010114 ompt_id=12947848928690177 tipo=ompt_thread_worker     last_cpu=247 numa=1 mig=0 fallos=0 perf=full ratio_rm=0.0001
[OMPT] tid=1010180 ompt_id=31806672368304129 tipo=ompt_thread_worker     last_cpu= 81 numa=1 mig=1 fallos=0 perf=full ratio_rm=0.0235
[OMPT] tid=1010187 ompt_id=33776997205278721 tipo=ompt_thread_worker     last_cpu=210 numa=1 mig=0 fallos=0 perf=full ratio_rm=0.0001
[OMPT] tid=1010171 ompt_id=29273397577908225 tipo=ompt_thread_worker     last_cpu=211 numa=1 mig=0 fallos=0 perf=full ratio_rm=0.0001
[OMPT] tid=1010112 ompt_id=12384898975268865 tipo=ompt_thread_worker     last_cpu=215 numa=1 mig=0 fallos=0 perf=full ratio_rm=0.0001
[OMPT] tid=1010122 ompt_id=15481123719086081 tipo=ompt_thread_worker     last_cpu=214 numa=1 mig=0 fallos=0 perf=full ratio_rm=0.0001
[OMPT] tid=1010161 ompt_id=26458647810801665 tipo=ompt_thread_worker     last_cpu=212 numa=1 mig=0 fallos=0 perf=full ratio_rm=0.0001
[OMPT] tid=1010137 ompt_id=19703248369745921 tipo=ompt_thread_worker     last_cpu=213 numa=1 mig=0 fallos=0 perf=full ratio_rm=0.0001
[OMPT] tid=1010145 ompt_id=21955048183431169 tipo=ompt_thread_worker     last_cpu=237 numa=1 mig=0 fallos=0 perf=full ratio_rm=0.0001
[OMPT] tid=1010140 ompt_id=20547673299877889 tipo=ompt_thread_worker     last_cpu=201 numa=1 mig=1 fallos=0 perf=full ratio_rm=0.0249
[OMPT] tid=1010116 ompt_id=13792273858822145 tipo=ompt_thread_worker     last_cpu= 92 numa=1 mig=1 fallos=0 perf=full ratio_rm=0.0267
[OMPT] tid=1010156 ompt_id=25051272927248385 tipo=ompt_thread_worker     last_cpu=196 numa=1 mig=1 fallos=0 perf=full ratio_rm=0.0255
[OMPT] tid=1010186 ompt_id=33495522228568065 tipo=ompt_thread_worker     last_cpu=227 numa=1 mig=1 fallos=0 perf=full ratio_rm=0.0259
[OMPT] tid=1010150 ompt_id=23362423066984449 tipo=ompt_thread_worker     last_cpu=108 numa=1 mig=1 fallos=0 perf=full ratio_rm=0.0248
[OMPT] tid=1010104 ompt_id=10414574138294273 tipo=ompt_thread_worker     last_cpu=223 numa=1 mig=0 fallos=0 perf=full ratio_rm=0.0001
[OMPT] tid=1010143 ompt_id=21392098230009857 tipo=ompt_thread_worker     last_cpu=221 numa=1 mig=0 fallos=0 perf=full ratio_rm=0.0001
[OMPT] tid=1010126 ompt_id=16607023625928705 tipo=ompt_thread_worker     last_cpu=222 numa=1 mig=0 fallos=0 perf=full ratio_rm=0.0001
[OMPT] tid=1010163 ompt_id=27021597764222977 tipo=ompt_thread_worker     last_cpu=220 numa=1 mig=0 fallos=0 perf=full ratio_rm=0.0001
[OMPT] tid=1010179 ompt_id=31525197391593473 tipo=ompt_thread_worker     last_cpu=219 numa=1 mig=0 fallos=0 perf=full ratio_rm=0.0001
[OMPT] tid=1010191 ompt_id=34902897112121345 tipo=ompt_thread_worker     last_cpu=234 numa=1 mig=0 fallos=0 perf=full ratio_rm=0.0001
[OMPT] tid=1010153 ompt_id=24206847997116417 tipo=ompt_thread_worker     last_cpu=236 numa=1 mig=0 fallos=0 perf=full ratio_rm=0.0001
[OMPT] tid=1010181 ompt_id=32088147345014785 tipo=ompt_thread_worker     last_cpu=235 numa=1 mig=0 fallos=0 perf=full ratio_rm=0.0001
[OMPT] tid=1010105 ompt_id=10696049115004929 tipo=ompt_thread_worker     last_cpu=239 numa=1 mig=0 fallos=0 perf=full ratio_rm=0.0001
[OMPT] tid=1010170 ompt_id=28991922601197569 tipo=ompt_thread_worker     last_cpu= 70 numa=1 mig=1 fallos=0 perf=full ratio_rm=0.0257
[OMPT] tid=1010149 ompt_id=23080948090273793 tipo=ompt_thread_worker     last_cpu=229 numa=1 mig=0 fallos=0 perf=full ratio_rm=0.0001
[OMPT] tid=1010128 ompt_id=17169973579350017 tipo=ompt_thread_worker     last_cpu=238 numa=1 mig=0 fallos=0 perf=full ratio_rm=0.0001
[OMPT] tid=1010155 ompt_id=24769797950537729 tipo=ompt_thread_worker     last_cpu=110 numa=1 mig=1 fallos=0 perf=full ratio_rm=0.0055
[OMPT] tid=1010139 ompt_id=20266198323167233 tipo=ompt_thread_worker     last_cpu=199 numa=1 mig=1 fallos=0 perf=full ratio_rm=0.0108
[OMPT] tid=1010131 ompt_id=18014398509481985 tipo=ompt_thread_worker     last_cpu= 64 numa=1 mig=1 fallos=0 perf=full ratio_rm=0.0261
[OMPT] tid=1010160 ompt_id=26177172834091009 tipo=ompt_thread_worker     last_cpu= 95 numa=1 mig=1 fallos=0 perf=full ratio_rm=0.0251
[OMPT] tid=1010190 ompt_id=34621422135410689 tipo=ompt_thread_worker     last_cpu=195 numa=1 mig=1 fallos=0 perf=full ratio_rm=0.0249
[OMPT] tid=1010178 ompt_id=31243722414882817 tipo=ompt_thread_worker     last_cpu=231 numa=1 mig=1 fallos=0 perf=full ratio_rm=0.0254
[OMPT] tid=1010115 ompt_id=13510798882111489 tipo=ompt_thread_worker     last_cpu= 68 numa=1 mig=1 fallos=0 perf=full ratio_rm=0.0258
[OMPT] tid=1010144 ompt_id=21673573206720513 tipo=ompt_thread_worker     last_cpu=122 numa=1 mig=1 fallos=0 perf=full ratio_rm=0.0254
[OMPT] tid=1010142 ompt_id=21110623253299201 tipo=ompt_thread_worker     last_cpu= 76 numa=1 mig=1 fallos=0 perf=full ratio_rm=0.0228
[OMPT] tid=1010185 ompt_id=33214047251857409 tipo=ompt_thread_worker     last_cpu= 91 numa=1 mig=1 fallos=0 perf=full ratio_rm=0.0079
[OMPT] tid=1010169 ompt_id=28710447624486913 tipo=ompt_thread_worker     last_cpu= 65 numa=1 mig=1 fallos=0 perf=full ratio_rm=0.0054
[OMPT] tid=1010106 ompt_id=10977524091715585 tipo=ompt_thread_worker     last_cpu=218 numa=1 mig=1 fallos=0 perf=full ratio_rm=0.0091
[OMPT] tid=1010120 ompt_id=14918173765664769 tipo=ompt_thread_worker     last_cpu=198 numa=1 mig=0 fallos=0 perf=full ratio_rm=0.0001
[OMPT] tid=1010121 ompt_id=15199648742375425 tipo=ompt_thread_worker     last_cpu=125 numa=1 mig=1 fallos=0 perf=full ratio_rm=0.0261
[OMPT] tid=1010154 ompt_id=24488322973827073 tipo=ompt_thread_worker     last_cpu=123 numa=1 mig=1 fallos=0 perf=full ratio_rm=0.0241
[OMPT] tid=1010138 ompt_id=19984723346456577 tipo=ompt_thread_worker     last_cpu=117 numa=1 mig=1 fallos=0 perf=full ratio_rm=0.0248
[OMPT] tid=1010177 ompt_id=30962247438172161 tipo=ompt_thread_worker     last_cpu=116 numa=1 mig=1 fallos=0 perf=full ratio_rm=0.0172
[OMPT] tid=1010157 ompt_id=25332747903959041 tipo=ompt_thread_worker     last_cpu=204 numa=1 mig=0 fallos=0 perf=full ratio_rm=0.0001
[OMPT] tid=1010108 ompt_id=11540474045136897 tipo=ompt_thread_worker     last_cpu=207 numa=1 mig=0 fallos=0 perf=full ratio_rm=0.0001
[OMPT] tid=1010141 ompt_id=20829148276588545 tipo=ompt_thread_worker     last_cpu=205 numa=1 mig=0 fallos=0 perf=full ratio_rm=0.0001
[OMPT] tid=1010124 ompt_id=16044073672507393 tipo=ompt_thread_worker     last_cpu=206 numa=1 mig=0 fallos=0 perf=full ratio_rm=0.0001
[OMPT] tid=1010111 ompt_id=12666373951979521 tipo=ompt_thread_worker     last_cpu=209 numa=1 mig=1 fallos=0 perf=full ratio_rm=0.0260
[OMPT] tid=1010162 ompt_id=26740122787512321 tipo=ompt_thread_worker     last_cpu=103 numa=1 mig=1 fallos=0 perf=full ratio_rm=0.0249
[OMPT] tid=1010192 ompt_id=35184372088832001 tipo=ompt_thread_worker     last_cpu= 99 numa=1 mig=1 fallos=0 perf=full ratio_rm=0.0248
[OMPT] tid=1010117 ompt_id=14073748835532801 tipo=ompt_thread_worker     last_cpu=119 numa=1 mig=1 fallos=0 perf=full ratio_rm=0.0255
[OMPT] tid=1010182 ompt_id=32369622321725441 tipo=ompt_thread_worker     last_cpu=224 numa=1 mig=1 fallos=0 perf=full ratio_rm=0.0235
[OMPT] tid=1010127 ompt_id=16888498602639361 tipo=ompt_thread_worker     last_cpu= 87 numa=1 mig=1 fallos=0 perf=full ratio_rm=0.0206
[OMPT] tid=1010174 ompt_id=30117822508040193 tipo=ompt_thread_worker     last_cpu=120 numa=1 mig=1 fallos=0 perf=full ratio_rm=0.0234
[OMPT] tid=1010167 ompt_id=28147497671065601 tipo=ompt_thread_worker     last_cpu=192 numa=1 mig=1 fallos=0 perf=full ratio_rm=0.0121
[OMPT] tid=1010184 ompt_id=32932572275146753 tipo=ompt_thread_worker     last_cpu= 75 numa=1 mig=1 fallos=0 perf=full ratio_rm=0.0213
[OMPT] tid=1010119 ompt_id=14636698788954113 tipo=ompt_thread_worker     last_cpu=126 numa=1 mig=1 fallos=0 perf=full ratio_rm=0.0229
[OMPT] tid=1010152 ompt_id=23925373020405761 tipo=ompt_thread_worker     last_cpu= 83 numa=1 mig=1 fallos=0 perf=full ratio_rm=0.0227
[OMPT] tid=1010176 ompt_id=30680772461461505 tipo=ompt_thread_worker     last_cpu=193 numa=1 mig=1 fallos=0 perf=full ratio_rm=0.0175
[OMPT] tid=1010109 ompt_id=12103423998558209 tipo=ompt_thread_worker     last_cpu=230 numa=1 mig=1 fallos=0 perf=full ratio_rm=0.0218
[OMPT] tid=1010129 ompt_id=17451448556060673 tipo=ompt_thread_worker     last_cpu=109 numa=1 mig=1 fallos=0 perf=full ratio_rm=0.0259
[OMPT] tid=1010118 ompt_id=14355223812243457 tipo=ompt_thread_worker     last_cpu=248 numa=1 mig=0 fallos=0 perf=full ratio_rm=0.0001
[OMPT] tid=1010135 ompt_id=19140298416324609 tipo=ompt_thread_worker     last_cpu=249 numa=1 mig=0 fallos=0 perf=full ratio_rm=0.0002
[OMPT] tid=1010107 ompt_id=11258999068426241 tipo=ompt_thread_worker     last_cpu= 74 numa=1 mig=1 fallos=0 perf=full ratio_rm=0.0203
[OMPT] tid=1010172 ompt_id=29554872554618881 tipo=ompt_thread_worker     last_cpu= 82 numa=1 mig=1 fallos=0 perf=full ratio_rm=0.0254
[OMPT] tid=1010125 ompt_id=16325548649218049 tipo=ompt_thread_worker     last_cpu= 90 numa=1 mig=1 fallos=0 perf=full ratio_rm=0.0261
[OMPT] tid=1010188 ompt_id=34058472181989377 tipo=ompt_thread_worker     last_cpu=102 numa=1 mig=1 fallos=0 perf=full ratio_rm=0.0202
[OMPT] tid=1010133 ompt_id=18577348462903297 tipo=ompt_thread_worker     last_cpu=216 numa=1 mig=1 fallos=0 perf=full ratio_rm=0.0087
[OMPT] tid=1010173 ompt_id=29836347531329537 tipo=ompt_thread_worker     last_cpu=233 numa=1 mig=1 fallos=0 perf=full ratio_rm=0.0121
[OMPT] tid=1010195 ompt_id=36028797018963969 tipo=ompt_thread_worker     last_cpu=226 numa=1 mig=0 fallos=0 perf=full ratio_rm=0.0001
[OMPT] tid=1010110 ompt_id=11821949021847553 tipo=ompt_thread_worker     last_cpu= 93 numa=1 mig=1 fallos=0 perf=full ratio_rm=0.0087
[OMPT] tid=1010159 ompt_id=25895697857380353 tipo=ompt_thread_worker     last_cpu=228 numa=1 mig=0 fallos=0 perf=full ratio_rm=0.0001
[OMPT] tid=1010158 ompt_id=25614222880669697 tipo=ompt_thread_worker     last_cpu= 84 numa=1 mig=1 fallos=0 perf=full ratio_rm=0.0227
[OMPT] tid=1010136 ompt_id=19421773393035265 tipo=ompt_thread_worker     last_cpu=107 numa=1 mig=1 fallos=0 perf=full ratio_rm=0.0226
[OMPT] tid=1010168 ompt_id=28428972647776257 tipo=ompt_thread_worker     last_cpu= 67 numa=1 mig=1 fallos=0 perf=full ratio_rm=0.0185
[OMPT] tid=1010113 ompt_id=13229323905400833 tipo=ompt_thread_worker     last_cpu=111 numa=1 mig=1 fallos=0 perf=full ratio_rm=0.0221
[OMPT] tid=1010134 ompt_id=18858823439613953 tipo=ompt_thread_worker     last_cpu= 66 numa=1 mig=1 fallos=0 perf=full ratio_rm=0.0248
[OMPT] tid=1010123 ompt_id=15762598695796737 tipo=ompt_thread_worker     last_cpu= 94 numa=1 mig=1 fallos=0 perf=full ratio_rm=0.0222
[OMPT] tid=1010164 ompt_id=27303072740933633 tipo=ompt_thread_worker     last_cpu=225 numa=1 mig=1 fallos=0 perf=full ratio_rm=0.0175
[OMPT] ===== Overhead intrínseco =====
  monitor: 68 ticks, 152324.0 us total (max 5273.3 us/tick)
  callbacks implicit_task: 20225, 23941069.2 us total
  migraciones: 79 (2208224.1 us total)
  resyncs=1087  lecturas escaladas por multiplexado=16256
  hilos con perf fallido=0  parcial=0
  ventanas con fills=6386
