[OMPT] ompt_initialize (OPCIÓN C: integrador con fugas)  verbose=0  migracion=DESACTIVADA
[HWLOC] Nodos NUMA detectados: 2 (usados: 2)
[HWLOC] Nodo 0: 128 CPUs
[HWLOC] Nodo 1: 128 CPUs
[OMPT] callback 'ompt_callback_thread_begin' registrado (result=5)
[OMPT] callback 'ompt_callback_thread_end' registrado (result=5)
[OMPT] callback 'ompt_callback_parallel_begin' registrado (result=5)
[OMPT] callback 'ompt_callback_parallel_end' registrado (result=5)
[OMPT] callback 'ompt_callback_implicit_task' registrado (result=5)
[OMPT] callback 'ompt_callback_control_tool' registrado (result=5)
[OMPT] Callbacks registrados
[OMPT] Sistema: 0 procesadores lógicos
[OMPT][MON] Monitor (C: integrador con fugas)  período=100ms  warmup=5  referencia=MIN  T=min+max(0.050, 3.00*MAD_bajo)  leak=0.50*margen  cap=8.00*margen  max_mig=1  migracion=DESACTIVADA
[perf_region] tool OMPT detectado: los contadores los lleva el tool, no se abren aqui
[OMPT] control_tool: INICIANDO medicion
[OMPT] control_tool: PAUSANDO medicion
[OMPT] ompt_finalize
[OMPT][MON] Monitor detenido tras 1 ventanas
[OMPT] CSV de ventanas: 0 filas volcadas (0 descartadas)
[OMPT] ===== Tabla final: 64 hilos =====
[OMPT] tid=959867 ompt_id=281474976710657 tipo=ompt_thread_initial    last_cpu=255 numa=1 mig=0 fallos=0 perf=full ratio_rm=0.0000
[OMPT] tid=959869 ompt_id=562949953421313 tipo=ompt_thread_worker     last_cpu=122 numa=1 mig=0 fallos=0 perf=full ratio_rm=0.0000
[OMPT] tid=959870 ompt_id=844424930131969 tipo=ompt_thread_worker     last_cpu=121 numa=1 mig=0 fallos=0 perf=full ratio_rm=0.0000
[OMPT] tid=959871 ompt_id=1125899906842625 tipo=ompt_thread_worker     last_cpu=248 numa=1 mig=0 fallos=0 perf=full ratio_rm=0.0006
[OMPT] tid=959872 ompt_id=1407374883553281 tipo=ompt_thread_worker     last_cpu=126 numa=1 mig=0 fallos=0 perf=full ratio_rm=0.0000
[OMPT] tid=959874 ompt_id=1970324836974593 tipo=ompt_thread_worker     last_cpu=254 numa=1 mig=0 fallos=0 perf=full ratio_rm=0.0001
[OMPT] tid=959873 ompt_id=1688849860263937 tipo=ompt_thread_worker     last_cpu=113 numa=1 mig=0 fallos=0 perf=full ratio_rm=0.0001
[OMPT] tid=959875 ompt_id=2251799813685249 tipo=ompt_thread_worker     last_cpu=198 numa=1 mig=0 fallos=0 perf=full ratio_rm=0.0003
[OMPT] tid=959876 ompt_id=2533274790395905 tipo=ompt_thread_worker     last_cpu=  5 numa=0 mig=0 fallos=0 perf=full ratio_rm=0.1123
[OMPT] tid=959879 ompt_id=2814749767106561 tipo=ompt_thread_worker     last_cpu=125 numa=1 mig=0 fallos=0 perf=full ratio_rm=0.0004
[OMPT] tid=959877 ompt_id=3096224743817217 tipo=ompt_thread_worker     last_cpu=  3 numa=0 mig=0 fallos=0 perf=full ratio_rm=0.1033
[OMPT] tid=959878 ompt_id=3377699720527873 tipo=ompt_thread_worker     last_cpu= 73 numa=1 mig=0 fallos=0 perf=full ratio_rm=0.0000
[OMPT] tid=959881 ompt_id=3940649673949185 tipo=ompt_thread_worker     last_cpu=252 numa=1 mig=0 fallos=0 perf=full ratio_rm=0.0002
[OMPT] tid=959880 ompt_id=3659174697238529 tipo=ompt_thread_worker     last_cpu=124 numa=1 mig=0 fallos=0 perf=full ratio_rm=0.0000
[OMPT] tid=959882 ompt_id=4222124650659841 tipo=ompt_thread_worker     last_cpu=127 numa=1 mig=0 fallos=0 perf=full ratio_rm=0.0000
[OMPT] tid=959883 ompt_id=4503599627370497 tipo=ompt_thread_worker     last_cpu= 17 numa=0 mig=0 fallos=0 perf=full ratio_rm=0.1678
[OMPT] tid=959884 ompt_id=4785074604081153 tipo=ompt_thread_worker     last_cpu=  4 numa=0 mig=0 fallos=0 perf=full ratio_rm=0.1652
[OMPT] tid=959885 ompt_id=5066549580791809 tipo=ompt_thread_worker     last_cpu=123 numa=1 mig=0 fallos=0 perf=full ratio_rm=0.0000
[OMPT] tid=959886 ompt_id=5348024557502465 tipo=ompt_thread_worker     last_cpu=  2 numa=0 mig=0 fallos=0 perf=full ratio_rm=0.1690
[OMPT] tid=959887 ompt_id=5629499534213121 tipo=ompt_thread_worker     last_cpu= 18 numa=0 mig=0 fallos=0 perf=full ratio_rm=0.1387
[OMPT] tid=959888 ompt_id=5910974510923777 tipo=ompt_thread_worker     last_cpu=253 numa=1 mig=0 fallos=0 perf=full ratio_rm=0.0001
[OMPT] tid=959889 ompt_id=6192449487634433 tipo=ompt_thread_worker     last_cpu= 75 numa=1 mig=0 fallos=0 perf=full ratio_rm=0.0001
[OMPT] tid=959890 ompt_id=6473924464345089 tipo=ompt_thread_worker     last_cpu= 80 numa=1 mig=0 fallos=0 perf=full ratio_rm=0.0001
[OMPT] tid=959891 ompt_id=6755399441055745 tipo=ompt_thread_worker     last_cpu=  6 numa=0 mig=0 fallos=0 perf=full ratio_rm=0.1018
[OMPT] tid=959892 ompt_id=7036874417766401 tipo=ompt_thread_worker     last_cpu=112 numa=1 mig=0 fallos=0 perf=full ratio_rm=0.0000
[OMPT] tid=959893 ompt_id=7318349394477057 tipo=ompt_thread_worker     last_cpu=116 numa=1 mig=0 fallos=0 perf=full ratio_rm=0.0001
[OMPT] tid=959894 ompt_id=7599824371187713 tipo=ompt_thread_worker     last_cpu=115 numa=1 mig=0 fallos=0 perf=full ratio_rm=0.0000
[OMPT] tid=959895 ompt_id=7881299347898369 tipo=ompt_thread_worker     last_cpu=242 numa=1 mig=0 fallos=0 perf=full ratio_rm=0.0001
[OMPT] tid=959896 ompt_id=8162774324609025 tipo=ompt_thread_worker     last_cpu= 72 numa=1 mig=0 fallos=0 perf=full ratio_rm=0.0002
[OMPT] tid=959897 ompt_id=8444249301319681 tipo=ompt_thread_worker     last_cpu= 81 numa=1 mig=0 fallos=0 perf=full ratio_rm=0.0000
[OMPT] tid=959898 ompt_id=8725724278030337 tipo=ompt_thread_worker     last_cpu= 74 numa=1 mig=0 fallos=0 perf=full ratio_rm=0.0002
[OMPT] tid=959899 ompt_id=9007199254740993 tipo=ompt_thread_worker     last_cpu=114 numa=1 mig=0 fallos=0 perf=full ratio_rm=0.0001
[OMPT] tid=959900 ompt_id=9288674231451649 tipo=ompt_thread_worker     last_cpu=120 numa=1 mig=0 fallos=0 perf=full ratio_rm=0.0000
[OMPT] tid=959901 ompt_id=9570149208162305 tipo=ompt_thread_worker     last_cpu=251 numa=1 mig=0 fallos=0 perf=full ratio_rm=0.0000
[OMPT] tid=959902 ompt_id=9851624184872961 tipo=ompt_thread_worker     last_cpu= 16 numa=0 mig=0 fallos=0 perf=full ratio_rm=0.1610
[OMPT] tid=959903 ompt_id=10133099161583617 tipo=ompt_thread_worker     last_cpu= 88 numa=1 mig=0 fallos=0 perf=full ratio_rm=0.0002
[OMPT] tid=959907 ompt_id=11258999068426241 tipo=ompt_thread_worker     last_cpu=215 numa=1 mig=0 fallos=0 perf=full ratio_rm=0.0002
[OMPT] tid=959931 ompt_id=18014398509481985 tipo=ompt_thread_worker     last_cpu=214 numa=1 mig=0 fallos=0 perf=full ratio_rm=0.0001
[OMPT] tid=959917 ompt_id=14073748835532801 tipo=ompt_thread_worker     last_cpu=191 numa=0 mig=0 fallos=0 perf=full ratio_rm=0.0962
[OMPT] tid=959922 ompt_id=15481123719086081 tipo=ompt_thread_worker     last_cpu=190 numa=0 mig=0 fallos=0 perf=full ratio_rm=0.1560
[OMPT] tid=959914 ompt_id=13510798882111489 tipo=ompt_thread_worker     last_cpu= 13 numa=0 mig=0 fallos=0 perf=full ratio_rm=0.2050
[OMPT] tid=959930 ompt_id=17732923532771329 tipo=ompt_thread_worker     last_cpu=143 numa=0 mig=0 fallos=0 perf=full ratio_rm=0.1837
[OMPT] tid=959929 ompt_id=17451448556060673 tipo=ompt_thread_worker     last_cpu=206 numa=1 mig=0 fallos=0 perf=full ratio_rm=0.0002
[OMPT] tid=959921 ompt_id=15199648742375425 tipo=ompt_thread_worker     last_cpu=  1 numa=0 mig=0 fallos=0 perf=full ratio_rm=0.2004
[OMPT] tid=959908 ompt_id=11540474045136897 tipo=ompt_thread_worker     last_cpu=  0 numa=0 mig=0 fallos=0 perf=full ratio_rm=0.1922
[OMPT] tid=959928 ompt_id=17169973579350017 tipo=ompt_thread_worker     last_cpu=174 numa=0 mig=0 fallos=0 perf=full ratio_rm=0.1972
[OMPT] tid=959916 ompt_id=13792273858822145 tipo=ompt_thread_worker     last_cpu=175 numa=0 mig=0 fallos=0 perf=full ratio_rm=0.1152
[OMPT] tid=959923 ompt_id=15762598695796737 tipo=ompt_thread_worker     last_cpu=230 numa=1 mig=0 fallos=0 perf=full ratio_rm=0.0019
[OMPT] tid=959911 ompt_id=12103423998558209 tipo=ompt_thread_worker     last_cpu=231 numa=1 mig=0 fallos=0 perf=full ratio_rm=0.0011
[OMPT] tid=959906 ompt_id=10977524091715585 tipo=ompt_thread_worker     last_cpu=151 numa=0 mig=0 fallos=0 perf=full ratio_rm=0.1186
[OMPT] tid=959910 ompt_id=12384898975268865 tipo=ompt_thread_worker     last_cpu=159 numa=0 mig=0 fallos=0 perf=full ratio_rm=0.1259
[OMPT] tid=959924 ompt_id=16044073672507393 tipo=ompt_thread_worker     last_cpu=158 numa=0 mig=0 fallos=0 perf=full ratio_rm=0.1920
[OMPT] tid=959926 ompt_id=16607023625928705 tipo=ompt_thread_worker     last_cpu=166 numa=0 mig=0 fallos=0 perf=full ratio_rm=0.1805
[OMPT] tid=959912 ompt_id=12666373951979521 tipo=ompt_thread_worker     last_cpu=167 numa=0 mig=0 fallos=0 perf=full ratio_rm=0.1189
[OMPT] tid=959918 ompt_id=14355223812243457 tipo=ompt_thread_worker     last_cpu=183 numa=0 mig=0 fallos=0 perf=full ratio_rm=0.2838
[OMPT] tid=959927 ompt_id=16888498602639361 tipo=ompt_thread_worker     last_cpu=238 numa=1 mig=0 fallos=0 perf=full ratio_rm=0.0071
[OMPT] tid=959904 ompt_id=10414574138294273 tipo=ompt_thread_worker     last_cpu=239 numa=1 mig=0 fallos=0 perf=full ratio_rm=0.0044
[OMPT] tid=959909 ompt_id=11821949021847553 tipo=ompt_thread_worker     last_cpu=247 numa=1 mig=0 fallos=0 perf=full ratio_rm=0.0119
[OMPT] tid=959915 ompt_id=13229323905400833 tipo=ompt_thread_worker     last_cpu=223 numa=1 mig=0 fallos=0 perf=full ratio_rm=0.0050
[OMPT] tid=959925 ompt_id=16325548649218049 tipo=ompt_thread_worker     last_cpu=222 numa=1 mig=0 fallos=0 perf=full ratio_rm=0.0108
[OMPT] tid=959913 ompt_id=12947848928690177 tipo=ompt_thread_worker     last_cpu=199 numa=1 mig=0 fallos=0 perf=full ratio_rm=0.0175
[OMPT] tid=959905 ompt_id=10696049115004929 tipo=ompt_thread_worker     last_cpu=207 numa=1 mig=0 fallos=0 perf=full ratio_rm=0.0154
[OMPT] tid=959919 ompt_id=14636698788954113 tipo=ompt_thread_worker     last_cpu=249 numa=1 mig=0 fallos=0 perf=full ratio_rm=0.0077
[OMPT] tid=959920 ompt_id=14918173765664769 tipo=ompt_thread_worker     last_cpu=250 numa=1 mig=0 fallos=0 perf=full ratio_rm=0.0080
[OMPT] ===== Overhead intrínseco =====
  monitor: 1 ticks, 17.2 us total (max 17.2 us/tick)
  callbacks implicit_task: 10113, 2274678.2 us total
  migraciones: 0 (0.0 us total)
  resyncs=0  lecturas escaladas por multiplexado=448
  hilos con perf fallido=0  parcial=0
  ventanas con fills=0

[OMPT] *** AVISO GRAVE ***
  448 lecturas de contador con exito y NINGUNA ventana con data
  cache fills. Los eventos crudos 0xD044/0xFF44 abrieron pero cuentan
  siempre 0: esta PMU no los implementa (son de AMD Zen). ratio_rm no
  existe y el scheduler NO PUEDE decidir migraciones. Los resultados de
  localidad de esta corrida no son válidos.

