[OMPT] ompt_initialize (OPCIÓN C: integrador con fugas)  verbose=0  migracion=DESACTIVADA
[HWLOC] Nodos NUMA detectados: 2 (usados: 2)
[HWLOC] Nodo 0: 128 CPUs
[HWLOC] Nodo 1: 128 CPUs
[OMPT] callback 'ompt_callback_thread_begin' registrado (result=5)
[OMPT] callback 'ompt_callback_thread_end' registrado (result=5)
[OMPT] callback 'ompt_callback_parallel_begin' registrado (result=5)
[OMPT] callback 'ompt_callback_parallel_end' registrado (result=5)
[OMPT] callback 'ompt_callback_implicit_task' registrado (result=5)
[OMPT] callback 'ompt_callback_control_tool' registrado (result=5)
[OMPT] Callbacks registrados
[OMPT] Sistema: 0 procesadores lógicos
[OMPT][MON] Monitor (C: integrador con fugas)  período=100ms  warmup=5  referencia=MIN  T=min+max(0.050, 3.00*MAD_bajo)  leak=0.50*margen  cap=8.00*margen  max_mig=1  migracion=DESACTIVADA
[perf_region] tool OMPT detectado: los contadores los lleva el tool, no se abren aqui
[OMPT] control_tool: INICIANDO medicion
[OMPT] control_tool: PAUSANDO medicion
[OMPT] ompt_finalize
[OMPT][MON] Monitor detenido tras 64 ventanas
[OMPT] CSV de ventanas: 3452 filas volcadas (0 descartadas)
[OMPT] ===== Tabla final: 64 hilos =====
[OMPT] tid=1007717 ompt_id=281474976710657 tipo=ompt_thread_initial    last_cpu=255 numa=1 mig=0 fallos=0 perf=full ratio_rm=0.0002
[OMPT] tid=1007719 ompt_id=562949953421313 tipo=ompt_thread_worker     last_cpu=249 numa=1 mig=0 fallos=0 perf=full ratio_rm=0.0000
[OMPT] tid=1007720 ompt_id=844424930131969 tipo=ompt_thread_worker     last_cpu= 76 numa=1 mig=0 fallos=0 perf=full ratio_rm=0.0000
[OMPT] tid=1007722 ompt_id=1407374883553281 tipo=ompt_thread_worker     last_cpu=113 numa=1 mig=0 fallos=0 perf=full ratio_rm=0.0001
[OMPT] tid=1007721 ompt_id=1125899906842625 tipo=ompt_thread_worker     last_cpu=114 numa=1 mig=0 fallos=0 perf=full ratio_rm=0.0001
[OMPT] tid=1007723 ompt_id=1688849860263937 tipo=ompt_thread_worker     last_cpu= 97 numa=1 mig=0 fallos=0 perf=full ratio_rm=0.0001
[OMPT] tid=1007724 ompt_id=1970324836974593 tipo=ompt_thread_worker     last_cpu=106 numa=1 mig=0 fallos=0 perf=full ratio_rm=0.0001
[OMPT] tid=1007726 ompt_id=2533274790395905 tipo=ompt_thread_worker     last_cpu=112 numa=1 mig=0 fallos=0 perf=full ratio_rm=0.0001
[OMPT] tid=1007725 ompt_id=2251799813685249 tipo=ompt_thread_worker     last_cpu= 49 numa=0 mig=0 fallos=0 perf=full ratio_rm=0.2297
[OMPT] tid=1007728 ompt_id=3096224743817217 tipo=ompt_thread_worker     last_cpu=144 numa=0 mig=0 fallos=0 perf=full ratio_rm=0.3418
[OMPT] tid=1007729 ompt_id=3377699720527873 tipo=ompt_thread_worker     last_cpu=  8 numa=0 mig=0 fallos=0 perf=full ratio_rm=0.1260
[OMPT] tid=1007727 ompt_id=2814749767106561 tipo=ompt_thread_worker     last_cpu=251 numa=1 mig=0 fallos=0 perf=full ratio_rm=0.0000
[OMPT] tid=1007730 ompt_id=3659174697238529 tipo=ompt_thread_worker     last_cpu= 65 numa=1 mig=0 fallos=0 perf=full ratio_rm=0.0001
[OMPT] tid=1007731 ompt_id=3940649673949185 tipo=ompt_thread_worker     last_cpu= 18 numa=0 mig=0 fallos=0 perf=full ratio_rm=0.3402
[OMPT] tid=1007732 ompt_id=4222124650659841 tipo=ompt_thread_worker     last_cpu= 64 numa=1 mig=0 fallos=0 perf=full ratio_rm=0.0000
[OMPT] tid=1007733 ompt_id=4503599627370497 tipo=ompt_thread_worker     last_cpu= 81 numa=1 mig=0 fallos=0 perf=full ratio_rm=0.0001
[OMPT] tid=1007734 ompt_id=4785074604081153 tipo=ompt_thread_worker     last_cpu=108 numa=1 mig=0 fallos=0 perf=full ratio_rm=0.0000
[OMPT] tid=1007735 ompt_id=5066549580791809 tipo=ompt_thread_worker     last_cpu=105 numa=1 mig=0 fallos=0 perf=full ratio_rm=0.0001
[OMPT] tid=1007736 ompt_id=5348024557502465 tipo=ompt_thread_worker     last_cpu=250 numa=1 mig=0 fallos=0 perf=full ratio_rm=0.0000
[OMPT] tid=1007737 ompt_id=5629499534213121 tipo=ompt_thread_worker     last_cpu= 74 numa=1 mig=0 fallos=0 perf=full ratio_rm=0.0001
[OMPT] tid=1007738 ompt_id=5910974510923777 tipo=ompt_thread_worker     last_cpu= 40 numa=0 mig=0 fallos=0 perf=full ratio_rm=0.0273
[OMPT] tid=1007739 ompt_id=6192449487634433 tipo=ompt_thread_worker     last_cpu= 98 numa=1 mig=0 fallos=0 perf=full ratio_rm=0.0001
[OMPT] tid=1007740 ompt_id=6473924464345089 tipo=ompt_thread_worker     last_cpu= 80 numa=1 mig=0 fallos=0 perf=full ratio_rm=0.0001
[OMPT] tid=1007741 ompt_id=6755399441055745 tipo=ompt_thread_worker     last_cpu= 90 numa=1 mig=0 fallos=0 perf=full ratio_rm=0.0001
[OMPT] tid=1007742 ompt_id=7036874417766401 tipo=ompt_thread_worker     last_cpu= 24 numa=0 mig=0 fallos=0 perf=full ratio_rm=0.3351
[OMPT] tid=1007743 ompt_id=7318349394477057 tipo=ompt_thread_worker     last_cpu=169 numa=0 mig=0 fallos=0 perf=full ratio_rm=0.3125
[OMPT] tid=1007744 ompt_id=7599824371187713 tipo=ompt_thread_worker     last_cpu= 48 numa=0 mig=0 fallos=0 perf=full ratio_rm=0.3239
[OMPT] tid=1007745 ompt_id=7881299347898369 tipo=ompt_thread_worker     last_cpu= 99 numa=1 mig=0 fallos=0 perf=full ratio_rm=0.0000
[OMPT] tid=1007746 ompt_id=8162774324609025 tipo=ompt_thread_worker     last_cpu= 66 numa=1 mig=0 fallos=0 perf=full ratio_rm=0.0001
[OMPT] tid=1007747 ompt_id=8444249301319681 tipo=ompt_thread_worker     last_cpu= 91 numa=1 mig=0 fallos=0 perf=full ratio_rm=0.0000
[OMPT] tid=1007748 ompt_id=8725724278030337 tipo=ompt_thread_worker     last_cpu= 75 numa=1 mig=0 fallos=0 perf=full ratio_rm=0.0000
[OMPT] tid=1007749 ompt_id=9007199254740993 tipo=ompt_thread_worker     last_cpu=107 numa=1 mig=0 fallos=0 perf=full ratio_rm=0.0000
[OMPT] tid=1007750 ompt_id=9288674231451649 tipo=ompt_thread_worker     last_cpu= 92 numa=1 mig=0 fallos=0 perf=full ratio_rm=0.0000
[OMPT] tid=1007751 ompt_id=9570149208162305 tipo=ompt_thread_worker     last_cpu=104 numa=1 mig=0 fallos=0 perf=full ratio_rm=0.0000
[OMPT] tid=1007752 ompt_id=9851624184872961 tipo=ompt_thread_worker     last_cpu= 82 numa=1 mig=0 fallos=0 perf=full ratio_rm=0.0000
[OMPT] tid=1007753 ompt_id=10133099161583617 tipo=ompt_thread_worker     last_cpu=  3 numa=0 mig=0 fallos=0 perf=full ratio_rm=0.1399
[OMPT] tid=1007773 ompt_id=15762598695796737 tipo=ompt_thread_worker     last_cpu=198 numa=1 mig=0 fallos=0 perf=full ratio_rm=0.0000
[OMPT] tid=1007765 ompt_id=13510798882111489 tipo=ompt_thread_worker     last_cpu=199 numa=1 mig=0 fallos=0 perf=full ratio_rm=0.0000
[OMPT] tid=1007763 ompt_id=12947848928690177 tipo=ompt_thread_worker     last_cpu=239 numa=1 mig=0 fallos=0 perf=full ratio_rm=0.0000
[OMPT] tid=1007757 ompt_id=11258999068426241 tipo=ompt_thread_worker     last_cpu=247 numa=1 mig=0 fallos=0 perf=full ratio_rm=0.0000
[OMPT] tid=1007771 ompt_id=15199648742375425 tipo=ompt_thread_worker     last_cpu=246 numa=1 mig=0 fallos=0 perf=full ratio_rm=0.0000
[OMPT] tid=1007754 ompt_id=10414574138294273 tipo=ompt_thread_worker     last_cpu=215 numa=1 mig=0 fallos=0 perf=full ratio_rm=0.0000
[OMPT] tid=1007775 ompt_id=16325548649218049 tipo=ompt_thread_worker     last_cpu=214 numa=1 mig=0 fallos=0 perf=full ratio_rm=0.0000
[OMPT] tid=1007759 ompt_id=11821949021847553 tipo=ompt_thread_worker     last_cpu=207 numa=1 mig=0 fallos=0 perf=full ratio_rm=0.0000
[OMPT] tid=1007779 ompt_id=17451448556060673 tipo=ompt_thread_worker     last_cpu=206 numa=1 mig=0 fallos=0 perf=full ratio_rm=0.0000
[OMPT] tid=1007766 ompt_id=13792273858822145 tipo=ompt_thread_worker     last_cpu=183 numa=0 mig=0 fallos=0 perf=full ratio_rm=0.3209
[OMPT] tid=1007772 ompt_id=15481123719086081 tipo=ompt_thread_worker     last_cpu= 62 numa=0 mig=0 fallos=0 perf=full ratio_rm=0.3258
[OMPT] tid=1007764 ompt_id=13229323905400833 tipo=ompt_thread_worker     last_cpu=191 numa=0 mig=0 fallos=0 perf=full ratio_rm=0.3336
[OMPT] tid=1007767 ompt_id=14073748835532801 tipo=ompt_thread_worker     last_cpu= 32 numa=0 mig=0 fallos=0 perf=full ratio_rm=0.3401
[OMPT] tid=1007761 ompt_id=12384898975268865 tipo=ompt_thread_worker     last_cpu=223 numa=1 mig=0 fallos=0 perf=full ratio_rm=0.0000
[OMPT] tid=1007781 ompt_id=18014398509481985 tipo=ompt_thread_worker     last_cpu=222 numa=1 mig=0 fallos=0 perf=full ratio_rm=0.0000
[OMPT] tid=1007755 ompt_id=10696049115004929 tipo=ompt_thread_worker     last_cpu=231 numa=1 mig=0 fallos=0 perf=full ratio_rm=0.0000
[OMPT] tid=1007777 ompt_id=16888498602639361 tipo=ompt_thread_worker     last_cpu=230 numa=1 mig=0 fallos=0 perf=full ratio_rm=0.0000
[OMPT] tid=1007768 ompt_id=14355223812243457 tipo=ompt_thread_worker     last_cpu=143 numa=0 mig=0 fallos=0 perf=full ratio_rm=0.3290
[OMPT] tid=1007780 ompt_id=17732923532771329 tipo=ompt_thread_worker     last_cpu=142 numa=0 mig=0 fallos=0 perf=full ratio_rm=0.3276
[OMPT] tid=1007769 ompt_id=14636698788954113 tipo=ompt_thread_worker     last_cpu=248 numa=1 mig=0 fallos=0 perf=full ratio_rm=0.0000
[OMPT] tid=1007770 ompt_id=14918173765664769 tipo=ompt_thread_worker     last_cpu= 56 numa=0 mig=0 fallos=0 perf=full ratio_rm=0.3138
[OMPT] tid=1007778 ompt_id=17169973579350017 tipo=ompt_thread_worker     last_cpu=175 numa=0 mig=0 fallos=0 perf=full ratio_rm=0.3287
[OMPT] tid=1007762 ompt_id=12666373951979521 tipo=ompt_thread_worker     last_cpu=167 numa=0 mig=0 fallos=0 perf=full ratio_rm=0.3323
[OMPT] tid=1007776 ompt_id=16607023625928705 tipo=ompt_thread_worker     last_cpu= 38 numa=0 mig=0 fallos=0 perf=full ratio_rm=0.3416
[OMPT] tid=1007760 ompt_id=12103423998558209 tipo=ompt_thread_worker     last_cpu= 31 numa=0 mig=0 fallos=0 perf=full ratio_rm=0.3452
[OMPT] tid=1007774 ompt_id=16044073672507393 tipo=ompt_thread_worker     last_cpu=158 numa=0 mig=0 fallos=0 perf=full ratio_rm=0.3331
[OMPT] tid=1007758 ompt_id=11540474045136897 tipo=ompt_thread_worker     last_cpu=128 numa=0 mig=0 fallos=0 perf=full ratio_rm=0.2716
[OMPT] tid=1007756 ompt_id=10977524091715585 tipo=ompt_thread_worker     last_cpu= 23 numa=0 mig=0 fallos=0 perf=full ratio_rm=0.3426
[OMPT] ===== Overhead intrínseco =====
  monitor: 64 ticks, 35666.1 us total (max 1082.4 us/tick)
  callbacks implicit_task: 10113, 4077643.5 us total
  migraciones: 0 (0.0 us total)
  resyncs=4  lecturas escaladas por multiplexado=7488
  hilos con perf fallido=0  parcial=0
  ventanas con fills=3452
