[OMPT] ompt_initialize (OPCIÓN C: integrador con fugas)  verbose=0  migracion=activa
[HWLOC] Nodos NUMA detectados: 2 (usados: 2)
[HWLOC] Nodo 0: 128 CPUs
[HWLOC] Nodo 1: 128 CPUs
[OMPT] callback 'ompt_callback_thread_begin' registrado (result=5)
[OMPT] callback 'ompt_callback_thread_end' registrado (result=5)
[OMPT] callback 'ompt_callback_parallel_begin' registrado (result=5)
[OMPT] callback 'ompt_callback_parallel_end' registrado (result=5)
[OMPT] callback 'ompt_callback_implicit_task' registrado (result=5)
[OMPT] callback 'ompt_callback_control_tool' registrado (result=5)
[OMPT] Callbacks registrados
[OMPT] Sistema: 0 procesadores lógicos
[OMPT][MON] Monitor (C: integrador con fugas)  período=100ms  warmup=5  referencia=MIN  T=min+max(0.050, 3.00*MAD_bajo)  leak=0.50*margen  cap=8.00*margen  max_mig=1  migracion=activa
[perf_region] tool OMPT detectado: los contadores los lleva el tool, no se abren aqui
[OMPT] control_tool: INICIANDO medicion
[OMPT] control_tool: PAUSANDO medicion
[OMPT] ompt_finalize
[OMPT][MON] Monitor detenido tras 15 ventanas
[OMPT] CSV de ventanas: 628 filas volcadas (0 descartadas)
[OMPT] ===== Tabla final: 64 hilos =====
[OMPT] tid=998176 ompt_id=281474976710657 tipo=ompt_thread_initial    last_cpu=255 numa=1 mig=0 fallos=0 perf=full ratio_rm=0.0000
[OMPT] tid=998178 ompt_id=562949953421313 tipo=ompt_thread_worker     last_cpu= 91 numa=1 mig=1 fallos=0 perf=full ratio_rm=0.0788
[OMPT] tid=998179 ompt_id=844424930131969 tipo=ompt_thread_worker     last_cpu= 81 numa=1 mig=0 fallos=0 perf=full ratio_rm=0.0000
[OMPT] tid=998180 ompt_id=1125899906842625 tipo=ompt_thread_worker     last_cpu=245 numa=1 mig=1 fallos=0 perf=full ratio_rm=0.1005
[OMPT] tid=998181 ompt_id=1407374883553281 tipo=ompt_thread_worker     last_cpu=119 numa=1 mig=1 fallos=0 perf=full ratio_rm=0.1015
[OMPT] tid=998182 ompt_id=1688849860263937 tipo=ompt_thread_worker     last_cpu= 90 numa=1 mig=0 fallos=0 perf=full ratio_rm=0.0000
[OMPT] tid=998183 ompt_id=1970324836974593 tipo=ompt_thread_worker     last_cpu=104 numa=1 mig=0 fallos=0 perf=full ratio_rm=0.0000
[OMPT] tid=998184 ompt_id=2251799813685249 tipo=ompt_thread_worker     last_cpu= 68 numa=1 mig=1 fallos=0 perf=full ratio_rm=0.0986
[OMPT] tid=998185 ompt_id=2533274790395905 tipo=ompt_thread_worker     last_cpu= 65 numa=1 mig=0 fallos=0 perf=full ratio_rm=0.0000
[OMPT] tid=998188 ompt_id=2814749767106561 tipo=ompt_thread_worker     last_cpu=253 numa=1 mig=0 fallos=0 perf=full ratio_rm=0.0000
[OMPT] tid=998187 ompt_id=3096224743817217 tipo=ompt_thread_worker     last_cpu=243 numa=1 mig=1 fallos=0 perf=full ratio_rm=0.0764
[OMPT] tid=998186 ompt_id=3377699720527873 tipo=ompt_thread_worker     last_cpu=194 numa=1 mig=1 fallos=0 perf=full ratio_rm=0.1067
[OMPT] tid=998189 ompt_id=3659174697238529 tipo=ompt_thread_worker     last_cpu= 89 numa=1 mig=0 fallos=0 perf=full ratio_rm=0.0000
[OMPT] tid=998190 ompt_id=3940649673949185 tipo=ompt_thread_worker     last_cpu=254 numa=1 mig=0 fallos=0 perf=full ratio_rm=0.0000
[OMPT] tid=998191 ompt_id=4222124650659841 tipo=ompt_thread_worker     last_cpu=251 numa=1 mig=0 fallos=0 perf=full ratio_rm=0.0000
[OMPT] tid=998192 ompt_id=4503599627370497 tipo=ompt_thread_worker     last_cpu=250 numa=1 mig=0 fallos=0 perf=full ratio_rm=0.0000
[OMPT] tid=998193 ompt_id=4785074604081153 tipo=ompt_thread_worker     last_cpu= 97 numa=1 mig=0 fallos=0 perf=full ratio_rm=0.0000
[OMPT] tid=998194 ompt_id=5066549580791809 tipo=ompt_thread_worker     last_cpu=201 numa=1 mig=1 fallos=0 perf=full ratio_rm=0.0945
[OMPT] tid=998195 ompt_id=5348024557502465 tipo=ompt_thread_worker     last_cpu=241 numa=1 mig=1 fallos=0 perf=full ratio_rm=0.1009
[OMPT] tid=998196 ompt_id=5629499534213121 tipo=ompt_thread_worker     last_cpu= 69 numa=1 mig=1 fallos=0 perf=full ratio_rm=0.1040
[OMPT] tid=998197 ompt_id=5910974510923777 tipo=ompt_thread_worker     last_cpu=244 numa=1 mig=1 fallos=0 perf=full ratio_rm=0.1030
[OMPT] tid=998198 ompt_id=6192449487634433 tipo=ompt_thread_worker     last_cpu= 98 numa=1 mig=1 fallos=0 perf=full ratio_rm=0.1006
[OMPT] tid=998199 ompt_id=6473924464345089 tipo=ompt_thread_worker     last_cpu=252 numa=1 mig=0 fallos=0 perf=full ratio_rm=0.0000
[OMPT] tid=998200 ompt_id=6755399441055745 tipo=ompt_thread_worker     last_cpu= 67 numa=1 mig=0 fallos=0 perf=full ratio_rm=0.0000
[OMPT] tid=998201 ompt_id=7036874417766401 tipo=ompt_thread_worker     last_cpu= 82 numa=1 mig=1 fallos=0 perf=full ratio_rm=0.0989
[OMPT] tid=998202 ompt_id=7318349394477057 tipo=ompt_thread_worker     last_cpu=240 numa=1 mig=1 fallos=0 perf=full ratio_rm=0.0890
[OMPT] tid=998203 ompt_id=7599824371187713 tipo=ompt_thread_worker     last_cpu=  1 numa=0 mig=0 fallos=0 perf=full ratio_rm=0.0088
[OMPT] tid=998204 ompt_id=7881299347898369 tipo=ompt_thread_worker     last_cpu= 88 numa=1 mig=0 fallos=0 perf=full ratio_rm=0.0000
[OMPT] tid=998205 ompt_id=8162774324609025 tipo=ompt_thread_worker     last_cpu=118 numa=1 mig=1 fallos=0 perf=full ratio_rm=0.1065
[OMPT] tid=998206 ompt_id=8444249301319681 tipo=ompt_thread_worker     last_cpu= 72 numa=1 mig=0 fallos=0 perf=full ratio_rm=0.0000
[OMPT] tid=998207 ompt_id=8725724278030337 tipo=ompt_thread_worker     last_cpu= 66 numa=1 mig=1 fallos=0 perf=full ratio_rm=0.1031
[OMPT] tid=998208 ompt_id=9007199254740993 tipo=ompt_thread_worker     last_cpu=242 numa=1 mig=1 fallos=0 perf=full ratio_rm=0.0876
[OMPT] tid=998209 ompt_id=9288674231451649 tipo=ompt_thread_worker     last_cpu= 74 numa=1 mig=1 fallos=0 perf=full ratio_rm=0.1067
[OMPT] tid=998210 ompt_id=9570149208162305 tipo=ompt_thread_worker     last_cpu= 80 numa=1 mig=0 fallos=0 perf=full ratio_rm=0.0000
[OMPT] tid=998211 ompt_id=9851624184872961 tipo=ompt_thread_worker     last_cpu=105 numa=1 mig=0 fallos=0 perf=full ratio_rm=0.0000
[OMPT] tid=998212 ompt_id=10133099161583617 tipo=ompt_thread_worker     last_cpu= 96 numa=1 mig=0 fallos=0 perf=full ratio_rm=0.0000
[OMPT] tid=998214 ompt_id=10696049115004929 tipo=ompt_thread_worker     last_cpu=215 numa=1 mig=0 fallos=0 perf=full ratio_rm=0.0000
[OMPT] tid=998236 ompt_id=16888498602639361 tipo=ompt_thread_worker     last_cpu=214 numa=1 mig=0 fallos=0 perf=full ratio_rm=0.0000
[OMPT] tid=998237 ompt_id=17169973579350017 tipo=ompt_thread_worker     last_cpu=166 numa=0 mig=0 fallos=0 perf=full ratio_rm=0.0506
[OMPT] tid=998225 ompt_id=13792273858822145 tipo=ompt_thread_worker     last_cpu=167 numa=0 mig=0 fallos=0 perf=full ratio_rm=0.0520
[OMPT] tid=998235 ompt_id=16607023625928705 tipo=ompt_thread_worker     last_cpu=158 numa=0 mig=0 fallos=0 perf=full ratio_rm=0.0217
[OMPT] tid=998223 ompt_id=13510798882111489 tipo=ompt_thread_worker     last_cpu=159 numa=0 mig=0 fallos=0 perf=full ratio_rm=0.0207
[OMPT] tid=998230 ompt_id=15199648742375425 tipo=ompt_thread_worker     last_cpu=206 numa=1 mig=0 fallos=0 perf=full ratio_rm=0.0000
[OMPT] tid=998218 ompt_id=11821949021847553 tipo=ompt_thread_worker     last_cpu=207 numa=1 mig=0 fallos=0 perf=full ratio_rm=0.0000
[OMPT] tid=998227 ompt_id=14636698788954113 tipo=ompt_thread_worker     last_cpu=183 numa=0 mig=0 fallos=0 perf=full ratio_rm=0.0476
[OMPT] tid=998239 ompt_id=17732923532771329 tipo=ompt_thread_worker     last_cpu= 40 numa=0 mig=0 fallos=0 perf=full ratio_rm=0.0491
[OMPT] tid=998220 ompt_id=12103423998558209 tipo=ompt_thread_worker     last_cpu=199 numa=1 mig=0 fallos=0 perf=full ratio_rm=0.0000
[OMPT] tid=998233 ompt_id=16044073672507393 tipo=ompt_thread_worker     last_cpu=150 numa=0 mig=0 fallos=0 perf=full ratio_rm=0.0578
[OMPT] tid=998221 ompt_id=12666373951979521 tipo=ompt_thread_worker     last_cpu=151 numa=0 mig=0 fallos=0 perf=full ratio_rm=0.0508
[OMPT] tid=998228 ompt_id=14355223812243457 tipo=ompt_thread_worker     last_cpu=249 numa=1 mig=0 fallos=0 perf=full ratio_rm=0.0000
[OMPT] tid=998219 ompt_id=12384898975268865 tipo=ompt_thread_worker     last_cpu= 70 numa=1 mig=1 fallos=0 perf=full ratio_rm=0.1042
[OMPT] tid=998217 ompt_id=11540474045136897 tipo=ompt_thread_worker     last_cpu=192 numa=1 mig=1 fallos=0 perf=full ratio_rm=0.0971
[OMPT] tid=998232 ompt_id=15762598695796737 tipo=ompt_thread_worker     last_cpu=230 numa=1 mig=0 fallos=0 perf=full ratio_rm=0.0000
[OMPT] tid=998224 ompt_id=13229323905400833 tipo=ompt_thread_worker     last_cpu=231 numa=1 mig=0 fallos=0 perf=full ratio_rm=0.0000
[OMPT] tid=998222 ompt_id=12947848928690177 tipo=ompt_thread_worker     last_cpu=223 numa=1 mig=0 fallos=0 perf=full ratio_rm=0.0000
[OMPT] tid=998234 ompt_id=16325548649218049 tipo=ompt_thread_worker     last_cpu=238 numa=1 mig=0 fallos=0 perf=full ratio_rm=0.0000
[OMPT] tid=998215 ompt_id=10977524091715585 tipo=ompt_thread_worker     last_cpu=239 numa=1 mig=0 fallos=0 perf=full ratio_rm=0.0000
[OMPT] tid=998240 ompt_id=18014398509481985 tipo=ompt_thread_worker     last_cpu=198 numa=1 mig=0 fallos=0 perf=full ratio_rm=0.0000
[OMPT] tid=998213 ompt_id=10414574138294273 tipo=ompt_thread_worker     last_cpu=120 numa=1 mig=1 fallos=0 perf=full ratio_rm=0.0872
[OMPT] tid=998229 ompt_id=14918173765664769 tipo=ompt_thread_worker     last_cpu=196 numa=1 mig=1 fallos=0 perf=full ratio_rm=0.0985
[OMPT] tid=998238 ompt_id=17451448556060673 tipo=ompt_thread_worker     last_cpu=246 numa=1 mig=0 fallos=0 perf=full ratio_rm=0.0000
[OMPT] tid=998216 ompt_id=11258999068426241 tipo=ompt_thread_worker     last_cpu=247 numa=1 mig=0 fallos=0 perf=full ratio_rm=0.0000
[OMPT] tid=998226 ompt_id=14073748835532801 tipo=ompt_thread_worker     last_cpu=191 numa=0 mig=0 fallos=0 perf=full ratio_rm=0.0476
[OMPT] tid=998231 ompt_id=15481123719086081 tipo=ompt_thread_worker     last_cpu=190 numa=0 mig=0 fallos=0 perf=full ratio_rm=0.0398
[OMPT] ===== Overhead intrínseco =====
  monitor: 15 ticks, 7994.4 us total (max 1257.4 us/tick)
  callbacks implicit_task: 10113, 3710272.9 us total
  migraciones: 21 (241349.5 us total)
  resyncs=55  lecturas escaladas por multiplexado=1984
  hilos con perf fallido=0  parcial=0
  ventanas con fills=628
