[OMPT] ompt_initialize (OPCIÓN C: integrador con fugas)  verbose=0  migracion=activa
[HWLOC] Nodos NUMA detectados: 2 (usados: 2)
[HWLOC] Nodo 0: 128 CPUs
[HWLOC] Nodo 1: 128 CPUs
[OMPT] callback 'ompt_callback_thread_begin' registrado (result=5)
[OMPT] callback 'ompt_callback_thread_end' registrado (result=5)
[OMPT] callback 'ompt_callback_parallel_begin' registrado (result=5)
[OMPT] callback 'ompt_callback_parallel_end' registrado (result=5)
[OMPT] callback 'ompt_callback_implicit_task' registrado (result=5)
[OMPT] callback 'ompt_callback_control_tool' registrado (result=5)
[OMPT] Callbacks registrados
[OMPT] Sistema: 0 procesadores lógicos
[OMPT][MON] Monitor (C: integrador con fugas)  período=100ms  warmup=5  referencia=MIN  T=min+max(0.050, 3.00*MAD_bajo)  leak=0.50*margen  cap=8.00*margen  max_mig=1  migracion=activa
[perf_region] tool OMPT detectado: los contadores los lleva el tool, no se abren aqui
[OMPT] control_tool: INICIANDO medicion
[OMPT] control_tool: PAUSANDO medicion
[OMPT] ompt_finalize
[OMPT][MON] Monitor detenido tras 68 ventanas
[OMPT] CSV de ventanas: 3063 filas volcadas (0 descartadas)
[OMPT] ===== Tabla final: 64 hilos =====
[OMPT] tid=1007878 ompt_id=281474976710657 tipo=ompt_thread_initial    last_cpu=255 numa=1 mig=0 fallos=0 perf=full ratio_rm=0.0002
[OMPT] tid=1007880 ompt_id=562949953421313 tipo=ompt_thread_worker     last_cpu=101 numa=1 mig=1 fallos=0 perf=full ratio_rm=0.0288
[OMPT] tid=1007881 ompt_id=844424930131969 tipo=ompt_thread_worker     last_cpu= 90 numa=1 mig=1 fallos=0 perf=full ratio_rm=0.0075
[OMPT] tid=1007882 ompt_id=1125899906842625 tipo=ompt_thread_worker     last_cpu=194 numa=1 mig=1 fallos=0 perf=full ratio_rm=0.0265
[OMPT] tid=1007883 ompt_id=1407374883553281 tipo=ompt_thread_worker     last_cpu= 96 numa=1 mig=0 fallos=0 perf=full ratio_rm=0.0001
[OMPT] tid=1007884 ompt_id=1688849860263937 tipo=ompt_thread_worker     last_cpu=211 numa=1 mig=1 fallos=0 perf=full ratio_rm=0.0277
[OMPT] tid=1007885 ompt_id=1970324836974593 tipo=ompt_thread_worker     last_cpu=106 numa=1 mig=0 fallos=0 perf=full ratio_rm=0.0001
[OMPT] tid=1007887 ompt_id=2533274790395905 tipo=ompt_thread_worker     last_cpu= 88 numa=1 mig=0 fallos=0 perf=full ratio_rm=0.0001
[OMPT] tid=1007886 ompt_id=2251799813685249 tipo=ompt_thread_worker     last_cpu=253 numa=1 mig=0 fallos=0 perf=full ratio_rm=0.0001
[OMPT] tid=1007891 ompt_id=3659174697238529 tipo=ompt_thread_worker     last_cpu=209 numa=1 mig=0 fallos=0 perf=full ratio_rm=0.0001
[OMPT] tid=1007889 ompt_id=3096224743817217 tipo=ompt_thread_worker     last_cpu=196 numa=1 mig=1 fallos=0 perf=full ratio_rm=0.0265
[OMPT] tid=1007892 ompt_id=3940649673949185 tipo=ompt_thread_worker     last_cpu=254 numa=1 mig=0 fallos=0 perf=full ratio_rm=0.0000
[OMPT] tid=1007888 ompt_id=2814749767106561 tipo=ompt_thread_worker     last_cpu= 85 numa=1 mig=1 fallos=0 perf=full ratio_rm=0.0285
[OMPT] tid=1007890 ompt_id=3377699720527873 tipo=ompt_thread_worker     last_cpu= 97 numa=1 mig=0 fallos=0 perf=full ratio_rm=0.0001
[OMPT] tid=1007894 ompt_id=4503599627370497 tipo=ompt_thread_worker     last_cpu= 73 numa=1 mig=0 fallos=0 perf=full ratio_rm=0.0001
[OMPT] tid=1007893 ompt_id=4222124650659841 tipo=ompt_thread_worker     last_cpu=105 numa=1 mig=1 fallos=0 perf=full ratio_rm=0.0267
[OMPT] tid=1007895 ompt_id=4785074604081153 tipo=ompt_thread_worker     last_cpu=116 numa=1 mig=0 fallos=0 perf=full ratio_rm=0.0001
[OMPT] tid=1007896 ompt_id=5066549580791809 tipo=ompt_thread_worker     last_cpu=114 numa=1 mig=1 fallos=0 perf=full ratio_rm=0.0284
[OMPT] tid=1007897 ompt_id=5348024557502465 tipo=ompt_thread_worker     last_cpu= 89 numa=1 mig=0 fallos=0 perf=full ratio_rm=0.0001
[OMPT] tid=1007898 ompt_id=5629499534213121 tipo=ompt_thread_worker     last_cpu=252 numa=1 mig=0 fallos=0 perf=full ratio_rm=0.0001
[OMPT] tid=1007899 ompt_id=5910974510923777 tipo=ompt_thread_worker     last_cpu=113 numa=1 mig=0 fallos=0 perf=full ratio_rm=0.0001
[OMPT] tid=1007900 ompt_id=6192449487634433 tipo=ompt_thread_worker     last_cpu= 77 numa=1 mig=1 fallos=0 perf=full ratio_rm=0.0244
[OMPT] tid=1007901 ompt_id=6473924464345089 tipo=ompt_thread_worker     last_cpu=120 numa=1 mig=0 fallos=0 perf=full ratio_rm=0.0001
[OMPT] tid=1007902 ompt_id=6755399441055745 tipo=ompt_thread_worker     last_cpu= 75 numa=1 mig=1 fallos=0 perf=full ratio_rm=0.0273
[OMPT] tid=1007903 ompt_id=7036874417766401 tipo=ompt_thread_worker     last_cpu=251 numa=1 mig=0 fallos=0 perf=full ratio_rm=0.0000
[OMPT] tid=1007904 ompt_id=7318349394477057 tipo=ompt_thread_worker     last_cpu=107 numa=1 mig=0 fallos=0 perf=full ratio_rm=0.0001
[OMPT] tid=1007905 ompt_id=7599824371187713 tipo=ompt_thread_worker     last_cpu= 76 numa=1 mig=1 fallos=0 perf=full ratio_rm=0.0251
[OMPT] tid=1007906 ompt_id=7881299347898369 tipo=ompt_thread_worker     last_cpu=117 numa=1 mig=1 fallos=0 perf=full ratio_rm=0.0257
[OMPT] tid=1007907 ompt_id=8162774324609025 tipo=ompt_thread_worker     last_cpu= 99 numa=1 mig=1 fallos=0 perf=full ratio_rm=0.0240
[OMPT] tid=1007908 ompt_id=8444249301319681 tipo=ompt_thread_worker     last_cpu=199 numa=1 mig=1 fallos=0 perf=full ratio_rm=0.0238
[OMPT] tid=1007909 ompt_id=8725724278030337 tipo=ompt_thread_worker     last_cpu=212 numa=1 mig=1 fallos=0 perf=full ratio_rm=0.0239
[OMPT] tid=1007910 ompt_id=9007199254740993 tipo=ompt_thread_worker     last_cpu=100 numa=1 mig=1 fallos=0 perf=full ratio_rm=0.0237
[OMPT] tid=1007911 ompt_id=9288674231451649 tipo=ompt_thread_worker     last_cpu=112 numa=1 mig=0 fallos=0 perf=full ratio_rm=0.0001
[OMPT] tid=1007912 ompt_id=9570149208162305 tipo=ompt_thread_worker     last_cpu=210 numa=1 mig=0 fallos=0 perf=full ratio_rm=0.0001
[OMPT] tid=1007913 ompt_id=9851624184872961 tipo=ompt_thread_worker     last_cpu=109 numa=1 mig=0 fallos=0 perf=full ratio_rm=0.0001
[OMPT] tid=1007914 ompt_id=10133099161583617 tipo=ompt_thread_worker     last_cpu=108 numa=1 mig=0 fallos=0 perf=full ratio_rm=0.0001
[OMPT] tid=1007926 ompt_id=13229323905400833 tipo=ompt_thread_worker     last_cpu=111 numa=1 mig=0 fallos=0 perf=full ratio_rm=0.0000
[OMPT] tid=1007932 ompt_id=15199648742375425 tipo=ompt_thread_worker     last_cpu=230 numa=1 mig=0 fallos=0 perf=full ratio_rm=0.0000
[OMPT] tid=1007922 ompt_id=12384898975268865 tipo=ompt_thread_worker     last_cpu=231 numa=1 mig=0 fallos=0 perf=full ratio_rm=0.0000
[OMPT] tid=1007942 ompt_id=18014398509481985 tipo=ompt_thread_worker     last_cpu=206 numa=1 mig=0 fallos=0 perf=full ratio_rm=0.0001
[OMPT] tid=1007924 ompt_id=12666373951979521 tipo=ompt_thread_worker     last_cpu= 79 numa=1 mig=0 fallos=0 perf=full ratio_rm=0.0000
[OMPT] tid=1007923 ompt_id=12947848928690177 tipo=ompt_thread_worker     last_cpu= 91 numa=1 mig=1 fallos=0 perf=full ratio_rm=0.0253
[OMPT] tid=1007919 ompt_id=11540474045136897 tipo=ompt_thread_worker     last_cpu=193 numa=1 mig=1 fallos=0 perf=full ratio_rm=0.0291
[OMPT] tid=1007931 ompt_id=14918173765664769 tipo=ompt_thread_worker     last_cpu=208 numa=1 mig=1 fallos=0 perf=full ratio_rm=0.0278
[OMPT] tid=1007936 ompt_id=16325548649218049 tipo=ompt_thread_worker     last_cpu=214 numa=1 mig=0 fallos=0 perf=full ratio_rm=0.0000
[OMPT] tid=1007916 ompt_id=10696049115004929 tipo=ompt_thread_worker     last_cpu=215 numa=1 mig=0 fallos=0 perf=full ratio_rm=0.0001
[OMPT] tid=1007938 ompt_id=16888498602639361 tipo=ompt_thread_worker     last_cpu= 93 numa=1 mig=1 fallos=0 perf=full ratio_rm=0.0075
[OMPT] tid=1007915 ompt_id=10414574138294273 tipo=ompt_thread_worker     last_cpu=192 numa=1 mig=1 fallos=0 perf=full ratio_rm=0.0078
[OMPT] tid=1007934 ompt_id=15762598695796737 tipo=ompt_thread_worker     last_cpu= 94 numa=1 mig=0 fallos=0 perf=full ratio_rm=0.0000
[OMPT] tid=1007918 ompt_id=11258999068426241 tipo=ompt_thread_worker     last_cpu=223 numa=1 mig=0 fallos=0 perf=full ratio_rm=0.0000
[OMPT] tid=1007921 ompt_id=12103423998558209 tipo=ompt_thread_worker     last_cpu=115 numa=1 mig=1 fallos=0 perf=full ratio_rm=0.0289
[OMPT] tid=1007933 ompt_id=15481123719086081 tipo=ompt_thread_worker     last_cpu=121 numa=1 mig=1 fallos=0 perf=full ratio_rm=0.0292
[OMPT] tid=1007937 ompt_id=16607023625928705 tipo=ompt_thread_worker     last_cpu= 74 numa=1 mig=1 fallos=0 perf=full ratio_rm=0.0291
[OMPT] tid=1007927 ompt_id=13792273858822145 tipo=ompt_thread_worker     last_cpu=122 numa=1 mig=1 fallos=0 perf=full ratio_rm=0.0287
[OMPT] tid=1007939 ompt_id=17169973579350017 tipo=ompt_thread_worker     last_cpu= 92 numa=1 mig=1 fallos=0 perf=full ratio_rm=0.0266
[OMPT] tid=1007928 ompt_id=14073748835532801 tipo=ompt_thread_worker     last_cpu= 72 numa=1 mig=1 fallos=0 perf=full ratio_rm=0.0293
[OMPT] tid=1007941 ompt_id=17732923532771329 tipo=ompt_thread_worker     last_cpu=197 numa=1 mig=1 fallos=0 perf=full ratio_rm=0.0285
[OMPT] tid=1007930 ompt_id=14636698788954113 tipo=ompt_thread_worker     last_cpu= 98 numa=1 mig=1 fallos=0 perf=full ratio_rm=0.0107
[OMPT] tid=1007935 ompt_id=16044073672507393 tipo=ompt_thread_worker     last_cpu=198 numa=1 mig=1 fallos=0 perf=full ratio_rm=0.0253
[OMPT] tid=1007940 ompt_id=17451448556060673 tipo=ompt_thread_worker     last_cpu=246 numa=1 mig=0 fallos=0 perf=full ratio_rm=0.0001
[OMPT] tid=1007920 ompt_id=11821949021847553 tipo=ompt_thread_worker     last_cpu=247 numa=1 mig=0 fallos=0 perf=full ratio_rm=0.0001
[OMPT] tid=1007929 ompt_id=14355223812243457 tipo=ompt_thread_worker     last_cpu=232 numa=1 mig=1 fallos=0 perf=full ratio_rm=0.0285
[OMPT] tid=1007925 ompt_id=13510798882111489 tipo=ompt_thread_worker     last_cpu=195 numa=1 mig=1 fallos=0 perf=full ratio_rm=0.0265
[OMPT] tid=1007917 ompt_id=10977524091715585 tipo=ompt_thread_worker     last_cpu=238 numa=1 mig=1 fallos=0 perf=full ratio_rm=0.0290
[OMPT] ===== Overhead intrínseco =====
  monitor: 68 ticks, 46258.2 us total (max 2113.1 us/tick)
  callbacks implicit_task: 10113, 5871287.0 us total
  migraciones: 33 (342707.5 us total)
  resyncs=680  lecturas escaladas por multiplexado=8128
  hilos con perf fallido=0  parcial=0
  ventanas con fills=3063
