[OMPT] ompt_initialize (OPCIÓN C: integrador con fugas)  verbose=0  migracion=DESACTIVADA
[HWLOC] Nodos NUMA detectados: 2 (usados: 2)
[HWLOC] Nodo 0: 128 CPUs
[HWLOC] Nodo 1: 128 CPUs
[OMPT] callback 'ompt_callback_thread_begin' registrado (result=5)
[OMPT] callback 'ompt_callback_thread_end' registrado (result=5)
[OMPT] callback 'ompt_callback_parallel_begin' registrado (result=5)
[OMPT] callback 'ompt_callback_parallel_end' registrado (result=5)
[OMPT] callback 'ompt_callback_implicit_task' registrado (result=5)
[OMPT] callback 'ompt_callback_control_tool' registrado (result=5)
[OMPT] Callbacks registrados
[OMPT] Sistema: 0 procesadores lógicos
[OMPT][MON] Monitor (C: integrador con fugas)  período=100ms  warmup=5  referencia=MIN  T=min+max(0.050, 3.00*MAD_bajo)  leak=0.50*margen  cap=8.00*margen  max_mig=1  migracion=DESACTIVADA
[perf_region] tool OMPT detectado: los contadores los lleva el tool, no se abren aqui
[OMPT] control_tool: INICIANDO medicion
[OMPT] control_tool: PAUSANDO medicion
[OMPT] ompt_finalize
[OMPT][MON] Monitor detenido tras 1 ventanas
[OMPT] CSV de ventanas: 0 filas volcadas (0 descartadas)
[OMPT] ===== Tabla final: 16 hilos =====
[OMPT] tid=967563 ompt_id=281474976710657 tipo=ompt_thread_initial    last_cpu=255 numa=1 mig=0 fallos=0 perf=full ratio_rm=0.0000
[OMPT] tid=967565 ompt_id=562949953421313 tipo=ompt_thread_worker     last_cpu=215 numa=1 mig=0 fallos=0 perf=full ratio_rm=0.0000
[OMPT] tid=967566 ompt_id=844424930131969 tipo=ompt_thread_worker     last_cpu= 96 numa=1 mig=0 fallos=0 perf=full ratio_rm=0.0000
[OMPT] tid=967567 ompt_id=1125899906842625 tipo=ompt_thread_worker     last_cpu=  0 numa=0 mig=0 fallos=0 perf=full ratio_rm=0.0089
[OMPT] tid=967568 ompt_id=1407374883553281 tipo=ompt_thread_worker     last_cpu=223 numa=1 mig=0 fallos=0 perf=full ratio_rm=0.0000
[OMPT] tid=967570 ompt_id=1688849860263937 tipo=ompt_thread_worker     last_cpu=239 numa=1 mig=0 fallos=0 perf=full ratio_rm=0.0000
[OMPT] tid=967571 ompt_id=2251799813685249 tipo=ompt_thread_worker     last_cpu=  1 numa=0 mig=0 fallos=0 perf=full ratio_rm=0.0092
[OMPT] tid=967569 ompt_id=1970324836974593 tipo=ompt_thread_worker     last_cpu=112 numa=1 mig=0 fallos=0 perf=full ratio_rm=0.0000
[OMPT] tid=967572 ompt_id=2533274790395905 tipo=ompt_thread_worker     last_cpu=199 numa=1 mig=0 fallos=0 perf=full ratio_rm=0.0000
[OMPT] tid=967574 ompt_id=2814749767106561 tipo=ompt_thread_worker     last_cpu=207 numa=1 mig=0 fallos=0 perf=full ratio_rm=0.0000
[OMPT] tid=967573 ompt_id=3096224743817217 tipo=ompt_thread_worker     last_cpu=191 numa=0 mig=0 fallos=0 perf=full ratio_rm=0.0140
[OMPT] tid=967576 ompt_id=3659174697238529 tipo=ompt_thread_worker     last_cpu=231 numa=1 mig=0 fallos=0 perf=full ratio_rm=0.0000
[OMPT] tid=967577 ompt_id=3940649673949185 tipo=ompt_thread_worker     last_cpu= 88 numa=1 mig=0 fallos=0 perf=full ratio_rm=0.0000
[OMPT] tid=967575 ompt_id=3377699720527873 tipo=ompt_thread_worker     last_cpu= 80 numa=1 mig=0 fallos=0 perf=full ratio_rm=0.0000
[OMPT] tid=967578 ompt_id=4222124650659841 tipo=ompt_thread_worker     last_cpu= 47 numa=0 mig=0 fallos=0 perf=full ratio_rm=0.0136
[OMPT] tid=967579 ompt_id=4503599627370497 tipo=ompt_thread_worker     last_cpu=247 numa=1 mig=0 fallos=0 perf=full ratio_rm=0.0000
[OMPT] ===== Overhead intrínseco =====
  monitor: 1 ticks, 9.6 us total (max 9.6 us/tick)
  callbacks implicit_task: 2529, 49493.9 us total
  migraciones: 0 (0.0 us total)
  resyncs=0  lecturas escaladas por multiplexado=112
  hilos con perf fallido=0  parcial=0
  ventanas con fills=0

[OMPT] *** AVISO GRAVE ***
  112 lecturas de contador con exito y NINGUNA ventana con data
  cache fills. Los eventos crudos 0xD044/0xFF44 abrieron pero cuentan
  siempre 0: esta PMU no los implementa (son de AMD Zen). ratio_rm no
  existe y el scheduler NO PUEDE decidir migraciones. Los resultados de
  localidad de esta corrida no son válidos.

