[OMPT] ompt_initialize (OPCIÓN C: integrador con fugas)  verbose=0  migracion=activa
[HWLOC] Nodos NUMA detectados: 2 (usados: 2)
[HWLOC] Nodo 0: 128 CPUs
[HWLOC] Nodo 1: 128 CPUs
[OMPT] callback 'ompt_callback_thread_begin' registrado (result=5)
[OMPT] callback 'ompt_callback_thread_end' registrado (result=5)
[OMPT] callback 'ompt_callback_parallel_begin' registrado (result=5)
[OMPT] callback 'ompt_callback_parallel_end' registrado (result=5)
[OMPT] callback 'ompt_callback_implicit_task' registrado (result=5)
[OMPT] callback 'ompt_callback_control_tool' registrado (result=5)
[OMPT] Callbacks registrados
[OMPT] Sistema: 0 procesadores lógicos
[OMPT][MON] Monitor (C: integrador con fugas)  período=100ms  warmup=5  referencia=MIN  T=min+max(0.050, 3.00*MAD_bajo)  leak=0.50*margen  cap=8.00*margen  max_mig=1  migracion=activa
[perf_region] tool OMPT detectado: los contadores los lleva el tool, no se abren aqui
[OMPT] control_tool: INICIANDO medicion
[OMPT] control_tool: PAUSANDO medicion
[OMPT] ompt_finalize
[OMPT][MON] Monitor detenido tras 16 ventanas
[OMPT] CSV de ventanas: 1316 filas volcadas (0 descartadas)
[OMPT] ===== Tabla final: 128 hilos =====
[OMPT] tid=1000344 ompt_id=281474976710657 tipo=ompt_thread_initial    last_cpu=255 numa=1 mig=0 fallos=0 perf=full ratio_rm=0.0000
[OMPT] tid=1000346 ompt_id=562949953421313 tipo=ompt_thread_worker     last_cpu= 98 numa=1 mig=0 fallos=0 perf=full ratio_rm=0.0000
[OMPT] tid=1000347 ompt_id=844424930131969 tipo=ompt_thread_worker     last_cpu= 88 numa=1 mig=0 fallos=0 perf=full ratio_rm=0.0000
[OMPT] tid=1000348 ompt_id=1125899906842625 tipo=ompt_thread_worker     last_cpu= 56 numa=0 mig=0 fallos=0 perf=full ratio_rm=0.0152
[OMPT] tid=1000349 ompt_id=1407374883553281 tipo=ompt_thread_worker     last_cpu= 75 numa=1 mig=0 fallos=0 perf=full ratio_rm=0.0000
[OMPT] tid=1000350 ompt_id=1688849860263937 tipo=ompt_thread_worker     last_cpu=219 numa=1 mig=1 fallos=0 perf=full ratio_rm=0.0871
[OMPT] tid=1000351 ompt_id=1970324836974593 tipo=ompt_thread_worker     last_cpu= 79 numa=1 mig=1 fallos=0 perf=full ratio_rm=0.0928
[OMPT] tid=1000352 ompt_id=2251799813685249 tipo=ompt_thread_worker     last_cpu=215 numa=1 mig=0 fallos=0 perf=full ratio_rm=0.0000
[OMPT] tid=1000353 ompt_id=2533274790395905 tipo=ompt_thread_worker     last_cpu=207 numa=1 mig=0 fallos=0 perf=full ratio_rm=0.0000
[OMPT] tid=1000354 ompt_id=2814749767106561 tipo=ompt_thread_worker     last_cpu=198 numa=1 mig=1 fallos=0 perf=full ratio_rm=0.0916
[OMPT] tid=1000355 ompt_id=3096224743817217 tipo=ompt_thread_worker     last_cpu=  8 numa=0 mig=0 fallos=0 perf=full ratio_rm=0.0238
[OMPT] tid=1000357 ompt_id=3659174697238529 tipo=ompt_thread_worker     last_cpu=210 numa=1 mig=1 fallos=0 perf=full ratio_rm=0.0860
[OMPT] tid=1000356 ompt_id=3377699720527873 tipo=ompt_thread_worker     last_cpu= 91 numa=1 mig=0 fallos=0 perf=full ratio_rm=0.0000
[OMPT] tid=1000358 ompt_id=4222124650659841 tipo=ompt_thread_worker     last_cpu=100 numa=1 mig=1 fallos=0 perf=full ratio_rm=0.0998
[OMPT] tid=1000361 ompt_id=4785074604081153 tipo=ompt_thread_worker     last_cpu=104 numa=1 mig=0 fallos=0 perf=full ratio_rm=0.0001
[OMPT] tid=1000360 ompt_id=4503599627370497 tipo=ompt_thread_worker     last_cpu=116 numa=1 mig=0 fallos=0 perf=full ratio_rm=0.0000
[OMPT] tid=1000359 ompt_id=3940649673949185 tipo=ompt_thread_worker     last_cpu= 97 numa=1 mig=0 fallos=0 perf=full ratio_rm=0.0000
[OMPT] tid=1000362 ompt_id=5066549580791809 tipo=ompt_thread_worker     last_cpu=114 numa=1 mig=0 fallos=0 perf=full ratio_rm=0.0000
[OMPT] tid=1000363 ompt_id=5348024557502465 tipo=ompt_thread_worker     last_cpu= 71 numa=1 mig=1 fallos=0 perf=full ratio_rm=0.1109
[OMPT] tid=1000364 ompt_id=5629499534213121 tipo=ompt_thread_worker     last_cpu= 73 numa=1 mig=1 fallos=0 perf=full ratio_rm=0.1047
[OMPT] tid=1000365 ompt_id=5910974510923777 tipo=ompt_thread_worker     last_cpu=117 numa=1 mig=1 fallos=0 perf=full ratio_rm=0.1100
[OMPT] tid=1000366 ompt_id=6192449487634433 tipo=ompt_thread_worker     last_cpu=200 numa=1 mig=1 fallos=0 perf=full ratio_rm=0.0830
[OMPT] tid=1000367 ompt_id=6473924464345089 tipo=ompt_thread_worker     last_cpu= 89 numa=1 mig=1 fallos=0 perf=full ratio_rm=0.0944
[OMPT] tid=1000368 ompt_id=6755399441055745 tipo=ompt_thread_worker     last_cpu=197 numa=1 mig=1 fallos=0 perf=full ratio_rm=0.0813
[OMPT] tid=1000369 ompt_id=7036874417766401 tipo=ompt_thread_worker     last_cpu= 64 numa=1 mig=1 fallos=0 perf=full ratio_rm=0.1014
[OMPT] tid=1000370 ompt_id=7318349394477057 tipo=ompt_thread_worker     last_cpu= 78 numa=1 mig=1 fallos=0 perf=full ratio_rm=0.1063
[OMPT] tid=1000371 ompt_id=7599824371187713 tipo=ompt_thread_worker     last_cpu=254 numa=1 mig=0 fallos=0 perf=full ratio_rm=0.0000
[OMPT] tid=1000372 ompt_id=7881299347898369 tipo=ompt_thread_worker     last_cpu=193 numa=1 mig=1 fallos=0 perf=full ratio_rm=0.0838
[OMPT] tid=1000373 ompt_id=8162774324609025 tipo=ompt_thread_worker     last_cpu= 81 numa=1 mig=1 fallos=0 perf=full ratio_rm=0.1002
[OMPT] tid=1000374 ompt_id=8444249301319681 tipo=ompt_thread_worker     last_cpu=253 numa=1 mig=0 fallos=0 perf=full ratio_rm=0.0000
[OMPT] tid=1000375 ompt_id=8725724278030337 tipo=ompt_thread_worker     last_cpu=211 numa=1 mig=1 fallos=0 perf=full ratio_rm=0.0968
[OMPT] tid=1000376 ompt_id=9007199254740993 tipo=ompt_thread_worker     last_cpu= 93 numa=1 mig=0 fallos=0 perf=full ratio_rm=0.0000
[OMPT] tid=1000377 ompt_id=9288674231451649 tipo=ompt_thread_worker     last_cpu= 16 numa=0 mig=0 fallos=0 perf=full ratio_rm=0.0172
[OMPT] tid=1000378 ompt_id=9570149208162305 tipo=ompt_thread_worker     last_cpu= 67 numa=1 mig=1 fallos=0 perf=full ratio_rm=0.0933
[OMPT] tid=1000379 ompt_id=9851624184872961 tipo=ompt_thread_worker     last_cpu=127 numa=1 mig=0 fallos=0 perf=full ratio_rm=0.0000
[OMPT] tid=1000380 ompt_id=10133099161583617 tipo=ompt_thread_worker     last_cpu=115 numa=1 mig=0 fallos=0 perf=full ratio_rm=0.0000
[OMPT] tid=1000426 ompt_id=23080948090273793 tipo=ompt_thread_worker     last_cpu=247 numa=1 mig=0 fallos=0 perf=full ratio_rm=0.0000
[OMPT] tid=1000408 ompt_id=18014398509481985 tipo=ompt_thread_worker     last_cpu=112 numa=1 mig=0 fallos=0 perf=full ratio_rm=0.0000
[OMPT] tid=1000468 ompt_id=34902897112121345 tipo=ompt_thread_worker     last_cpu=244 numa=1 mig=0 fallos=0 perf=full ratio_rm=0.0000
[OMPT] tid=1000390 ompt_id=12947848928690177 tipo=ompt_thread_worker     last_cpu=113 numa=1 mig=0 fallos=0 perf=full ratio_rm=0.0000
[OMPT] tid=1000399 ompt_id=15481123719086081 tipo=ompt_thread_worker     last_cpu=199 numa=1 mig=1 fallos=0 perf=full ratio_rm=0.0930
[OMPT] tid=1000428 ompt_id=23643898043695105 tipo=ompt_thread_worker     last_cpu=250 numa=1 mig=0 fallos=0 perf=full ratio_rm=0.0000
[OMPT] tid=1000451 ompt_id=30117822508040193 tipo=ompt_thread_worker     last_cpu= 77 numa=1 mig=1 fallos=0 perf=full ratio_rm=0.0819
[OMPT] tid=1000401 ompt_id=16044073672507393 tipo=ompt_thread_worker     last_cpu= 70 numa=1 mig=1 fallos=0 perf=full ratio_rm=0.0815
[OMPT] tid=1000394 ompt_id=14073748835532801 tipo=ompt_thread_worker     last_cpu=192 numa=1 mig=1 fallos=0 perf=full ratio_rm=0.0894
[OMPT] tid=1000449 ompt_id=29554872554618881 tipo=ompt_thread_worker     last_cpu= 49 numa=0 mig=0 fallos=0 perf=full ratio_rm=0.0633
[OMPT] tid=1000437 ompt_id=26177172834091009 tipo=ompt_thread_worker     last_cpu=155 numa=0 mig=0 fallos=0 perf=full ratio_rm=0.0805
[OMPT] tid=1000421 ompt_id=21673573206720513 tipo=ompt_thread_worker     last_cpu=157 numa=0 mig=0 fallos=0 perf=full ratio_rm=0.0713
[OMPT] tid=1000405 ompt_id=17169973579350017 tipo=ompt_thread_worker     last_cpu=159 numa=0 mig=0 fallos=0 perf=full ratio_rm=0.0834
[OMPT] tid=1000432 ompt_id=24769797950537729 tipo=ompt_thread_worker     last_cpu=  0 numa=0 mig=0 fallos=0 perf=full ratio_rm=0.0244
[OMPT] tid=1000446 ompt_id=28710447624486913 tipo=ompt_thread_worker     last_cpu= 65 numa=1 mig=1 fallos=0 perf=full ratio_rm=0.0227
[OMPT] tid=1000462 ompt_id=33214047251857409 tipo=ompt_thread_worker     last_cpu=195 numa=1 mig=0 fallos=0 perf=full ratio_rm=0.0000
[OMPT] tid=1000465 ompt_id=34058472181989377 tipo=ompt_thread_worker     last_cpu= 82 numa=1 mig=1 fallos=0 perf=full ratio_rm=0.0896
[OMPT] tid=1000419 ompt_id=21110623253299201 tipo=ompt_thread_worker     last_cpu=233 numa=1 mig=1 fallos=0 perf=full ratio_rm=0.0753
[OMPT] tid=1000439 ompt_id=26740122787512321 tipo=ompt_thread_worker     last_cpu=145 numa=0 mig=0 fallos=0 perf=full ratio_rm=0.0508
[OMPT] tid=1000403 ompt_id=16607023625928705 tipo=ompt_thread_worker     last_cpu=149 numa=0 mig=0 fallos=0 perf=full ratio_rm=0.0805
[OMPT] tid=1000393 ompt_id=13792273858822145 tipo=ompt_thread_worker     last_cpu=103 numa=1 mig=1 fallos=0 perf=full ratio_rm=0.0752
[OMPT] tid=1000455 ompt_id=31243722414882817 tipo=ompt_thread_worker     last_cpu=150 numa=0 mig=0 fallos=0 perf=full ratio_rm=0.0468
[OMPT] tid=1000441 ompt_id=27303072740933633 tipo=ompt_thread_worker     last_cpu=101 numa=1 mig=1 fallos=0 perf=full ratio_rm=0.0803
[OMPT] tid=1000423 ompt_id=22236523160141825 tipo=ompt_thread_worker     last_cpu= 66 numa=1 mig=1 fallos=0 perf=full ratio_rm=0.1109
[OMPT] tid=1000469 ompt_id=35184372088832001 tipo=ompt_thread_worker     last_cpu=217 numa=1 mig=1 fallos=0 perf=full ratio_rm=0.0920
[OMPT] tid=1000391 ompt_id=13510798882111489 tipo=ompt_thread_worker     last_cpu= 99 numa=1 mig=1 fallos=0 perf=full ratio_rm=0.1170
[OMPT] tid=1000431 ompt_id=24488322973827073 tipo=ompt_thread_worker     last_cpu= 84 numa=1 mig=1 fallos=0 perf=full ratio_rm=0.0957
[OMPT] tid=1000415 ompt_id=19984723346456577 tipo=ompt_thread_worker     last_cpu=196 numa=1 mig=1 fallos=0 perf=full ratio_rm=0.1006
[OMPT] tid=1000459 ompt_id=32369622321725441 tipo=ompt_thread_worker     last_cpu= 95 numa=1 mig=1 fallos=0 perf=full ratio_rm=0.0943
[OMPT] tid=1000397 ompt_id=14918173765664769 tipo=ompt_thread_worker     last_cpu=190 numa=0 mig=0 fallos=0 perf=full ratio_rm=0.0812
[OMPT] tid=1000387 ompt_id=12103423998558209 tipo=ompt_thread_worker     last_cpu=107 numa=1 mig=1 fallos=0 perf=full ratio_rm=0.1073
[OMPT] tid=1000456 ompt_id=31525197391593473 tipo=ompt_thread_worker     last_cpu=205 numa=1 mig=0 fallos=0 perf=full ratio_rm=0.0000
[OMPT] tid=1000420 ompt_id=21392098230009857 tipo=ompt_thread_worker     last_cpu=202 numa=1 mig=0 fallos=0 perf=full ratio_rm=0.0000
[OMPT] tid=1000472 ompt_id=36028797018963969 tipo=ompt_thread_worker     last_cpu= 72 numa=1 mig=0 fallos=0 perf=full ratio_rm=0.0000
[OMPT] tid=1000402 ompt_id=16325548649218049 tipo=ompt_thread_worker     last_cpu=204 numa=1 mig=0 fallos=0 perf=full ratio_rm=0.0000
[OMPT] tid=1000384 ompt_id=10977524091715585 tipo=ompt_thread_worker     last_cpu=206 numa=1 mig=0 fallos=0 perf=full ratio_rm=0.0000
[OMPT] tid=1000440 ompt_id=27021597764222977 tipo=ompt_thread_worker     last_cpu=201 numa=1 mig=0 fallos=0 perf=full ratio_rm=0.0000
[OMPT] tid=1000400 ompt_id=15762598695796737 tipo=ompt_thread_worker     last_cpu=106 numa=1 mig=1 fallos=0 perf=full ratio_rm=0.0199
[OMPT] tid=1000416 ompt_id=20266198323167233 tipo=ompt_thread_worker     last_cpu=105 numa=1 mig=1 fallos=0 perf=full ratio_rm=0.0223
[OMPT] tid=1000429 ompt_id=23925373020405761 tipo=ompt_thread_worker     last_cpu= 94 numa=1 mig=1 fallos=0 perf=full ratio_rm=0.0968
[OMPT] tid=1000458 ompt_id=32088147345014785 tipo=ompt_thread_worker     last_cpu= 11 numa=0 mig=0 fallos=0 perf=full ratio_rm=0.0100
[OMPT] tid=1000404 ompt_id=16888498602639361 tipo=ompt_thread_worker     last_cpu=212 numa=1 mig=0 fallos=0 perf=full ratio_rm=0.0000
[OMPT] tid=1000438 ompt_id=26458647810801665 tipo=ompt_thread_worker     last_cpu=  6 numa=0 mig=0 fallos=0 perf=full ratio_rm=0.0251
[OMPT] tid=1000386 ompt_id=11821949021847553 tipo=ompt_thread_worker     last_cpu=  5 numa=0 mig=0 fallos=0 perf=full ratio_rm=0.0183
[OMPT] tid=1000418 ompt_id=20829148276588545 tipo=ompt_thread_worker     last_cpu=209 numa=1 mig=0 fallos=0 perf=full ratio_rm=0.0000
[OMPT] tid=1000470 ompt_id=35465847065542657 tipo=ompt_thread_worker     last_cpu=234 numa=1 mig=0 fallos=0 perf=full ratio_rm=0.0000
[OMPT] tid=1000382 ompt_id=10696049115004929 tipo=ompt_thread_worker     last_cpu= 48 numa=0 mig=0 fallos=0 perf=full ratio_rm=0.0079
[OMPT] tid=1000411 ompt_id=18858823439613953 tipo=ompt_thread_worker     last_cpu= 76 numa=1 mig=1 fallos=0 perf=full ratio_rm=0.0863
[OMPT] tid=1000395 ompt_id=14636698788954113 tipo=ompt_thread_worker     last_cpu= 92 numa=1 mig=1 fallos=0 perf=full ratio_rm=0.0907
[OMPT] tid=1000417 ompt_id=20547673299877889 tipo=ompt_thread_worker     last_cpu=224 numa=1 mig=1 fallos=0 perf=full ratio_rm=0.0980
[OMPT] tid=1000464 ompt_id=33776997205278721 tipo=ompt_thread_worker     last_cpu= 90 numa=1 mig=1 fallos=0 perf=full ratio_rm=0.0952
[OMPT] tid=1000410 ompt_id=18577348462903297 tipo=ompt_thread_worker     last_cpu=227 numa=1 mig=0 fallos=0 perf=full ratio_rm=0.0000
[OMPT] tid=1000406 ompt_id=17451448556060673 tipo=ompt_thread_worker     last_cpu=236 numa=1 mig=0 fallos=0 perf=full ratio_rm=0.0000
[OMPT] tid=1000436 ompt_id=25895697857380353 tipo=ompt_thread_worker     last_cpu=238 numa=1 mig=0 fallos=0 perf=full ratio_rm=0.0000
[OMPT] tid=1000388 ompt_id=12384898975268865 tipo=ompt_thread_worker     last_cpu=237 numa=1 mig=0 fallos=0 perf=full ratio_rm=0.0000
[OMPT] tid=1000407 ompt_id=17732923532771329 tipo=ompt_thread_worker     last_cpu=221 numa=1 mig=1 fallos=0 perf=full ratio_rm=0.0996
[OMPT] tid=1000435 ompt_id=25614222880669697 tipo=ompt_thread_worker     last_cpu=226 numa=1 mig=1 fallos=0 perf=full ratio_rm=0.0912
[OMPT] tid=1000457 ompt_id=31806672368304129 tipo=ompt_thread_worker     last_cpu= 68 numa=1 mig=1 fallos=0 perf=full ratio_rm=0.0940
[OMPT] tid=1000471 ompt_id=35747322042253313 tipo=ompt_thread_worker     last_cpu=225 numa=1 mig=1 fallos=0 perf=full ratio_rm=0.0860
[OMPT] tid=1000452 ompt_id=30399297484750849 tipo=ompt_thread_worker     last_cpu=245 numa=1 mig=0 fallos=0 perf=full ratio_rm=0.0000
[OMPT] tid=1000434 ompt_id=25332747903959041 tipo=ompt_thread_worker     last_cpu=246 numa=1 mig=0 fallos=0 perf=full ratio_rm=0.0000
[OMPT] tid=1000433 ompt_id=25051272927248385 tipo=ompt_thread_worker     last_cpu= 80 numa=1 mig=1 fallos=0 perf=full ratio_rm=0.1044
[OMPT] tid=1000461 ompt_id=32932572275146753 tipo=ompt_thread_worker     last_cpu=120 numa=1 mig=1 fallos=0 perf=full ratio_rm=0.0937
[OMPT] tid=1000447 ompt_id=28991922601197569 tipo=ompt_thread_worker     last_cpu= 74 numa=1 mig=1 fallos=0 perf=full ratio_rm=0.1111
[OMPT] tid=1000427 ompt_id=23362423066984449 tipo=ompt_thread_worker     last_cpu= 85 numa=1 mig=1 fallos=0 perf=full ratio_rm=0.0857
[OMPT] tid=1000385 ompt_id=11540474045136897 tipo=ompt_thread_worker     last_cpu= 87 numa=1 mig=1 fallos=0 perf=full ratio_rm=0.0785
[OMPT] tid=1000383 ompt_id=11258999068426241 tipo=ompt_thread_worker     last_cpu= 83 numa=1 mig=1 fallos=0 perf=full ratio_rm=0.0967
[OMPT] tid=1000466 ompt_id=34339947158700033 tipo=ompt_thread_worker     last_cpu=228 numa=1 mig=0 fallos=0 perf=full ratio_rm=0.0000
[OMPT] tid=1000442 ompt_id=27584547717644289 tipo=ompt_thread_worker     last_cpu=231 numa=1 mig=0 fallos=0 perf=full ratio_rm=0.0000
[OMPT] tid=1000454 ompt_id=30962247438172161 tipo=ompt_thread_worker     last_cpu=235 numa=1 mig=0 fallos=0 perf=full ratio_rm=0.0000
[OMPT] tid=1000443 ompt_id=27866022694354945 tipo=ompt_thread_worker     last_cpu=102 numa=1 mig=1 fallos=0 perf=full ratio_rm=0.1112
[OMPT] tid=1000409 ompt_id=18295873486192641 tipo=ompt_thread_worker     last_cpu=213 numa=1 mig=1 fallos=0 perf=full ratio_rm=0.1071
[OMPT] tid=1000453 ompt_id=30680772461461505 tipo=ompt_thread_worker     last_cpu=203 numa=1 mig=1 fallos=0 perf=full ratio_rm=0.1000
[OMPT] tid=1000425 ompt_id=22799473113563137 tipo=ompt_thread_worker     last_cpu=214 numa=1 mig=1 fallos=0 perf=full ratio_rm=0.1039
[OMPT] tid=1000414 ompt_id=19703248369745921 tipo=ompt_thread_worker     last_cpu=220 numa=1 mig=0 fallos=0 perf=full ratio_rm=0.0000
[OMPT] tid=1000448 ompt_id=29273397577908225 tipo=ompt_thread_worker     last_cpu= 86 numa=1 mig=0 fallos=0 perf=full ratio_rm=0.0000
[OMPT] tid=1000460 ompt_id=32651097298436097 tipo=ompt_thread_worker     last_cpu=252 numa=1 mig=0 fallos=0 perf=full ratio_rm=0.0000
[OMPT] tid=1000444 ompt_id=28147497671065601 tipo=ompt_thread_worker     last_cpu=251 numa=1 mig=0 fallos=0 perf=full ratio_rm=0.0000
[OMPT] tid=1000392 ompt_id=13229323905400833 tipo=ompt_thread_worker     last_cpu=229 numa=1 mig=0 fallos=0 perf=full ratio_rm=0.0000
[OMPT] tid=1000424 ompt_id=22517998136852481 tipo=ompt_thread_worker     last_cpu= 96 numa=1 mig=0 fallos=0 perf=full ratio_rm=0.0000
[OMPT] tid=1000396 ompt_id=14355223812243457 tipo=ompt_thread_worker     last_cpu=248 numa=1 mig=0 fallos=0 perf=full ratio_rm=0.0000
[OMPT] tid=1000467 ompt_id=34621422135410689 tipo=ompt_thread_worker     last_cpu=121 numa=1 mig=1 fallos=0 perf=full ratio_rm=0.0960
[OMPT] tid=1000413 ompt_id=19421773393035265 tipo=ompt_thread_worker     last_cpu=216 numa=1 mig=1 fallos=0 perf=full ratio_rm=0.0958
[OMPT] tid=1000430 ompt_id=24206847997116417 tipo=ompt_thread_worker     last_cpu= 32 numa=0 mig=0 fallos=0 perf=full ratio_rm=0.0167
[OMPT] tid=1000422 ompt_id=21955048183431169 tipo=ompt_thread_worker     last_cpu=239 numa=1 mig=0 fallos=0 perf=full ratio_rm=0.0000
[OMPT] tid=1000450 ompt_id=29836347531329537 tipo=ompt_thread_worker     last_cpu=230 numa=1 mig=0 fallos=0 perf=full ratio_rm=0.0000
[OMPT] tid=1000412 ompt_id=19140298416324609 tipo=ompt_thread_worker     last_cpu=249 numa=1 mig=0 fallos=0 perf=full ratio_rm=0.0000
[OMPT] tid=1000445 ompt_id=28428972647776257 tipo=ompt_thread_worker     last_cpu= 69 numa=1 mig=1 fallos=0 perf=full ratio_rm=0.0961
[OMPT] tid=1000463 ompt_id=33495522228568065 tipo=ompt_thread_worker     last_cpu=222 numa=1 mig=0 fallos=0 perf=full ratio_rm=0.0000
[OMPT] tid=1000398 ompt_id=15199648742375425 tipo=ompt_thread_worker     last_cpu=218 numa=1 mig=0 fallos=0 perf=full ratio_rm=0.0000
[OMPT] tid=1000389 ompt_id=12666373951979521 tipo=ompt_thread_worker     last_cpu=208 numa=1 mig=1 fallos=0 perf=full ratio_rm=0.0889
[OMPT] tid=1000381 ompt_id=10414574138294273 tipo=ompt_thread_worker     last_cpu=223 numa=1 mig=0 fallos=0 perf=full ratio_rm=0.0000
[OMPT] ===== Overhead intrínseco =====
  monitor: 16 ticks, 25717.3 us total (max 2967.2 us/tick)
  callbacks implicit_task: 20225, 15453400.6 us total
  migraciones: 58 (577089.3 us total)
  resyncs=162  lecturas escaladas por multiplexado=4224
  hilos con perf fallido=0  parcial=0
  ventanas con fills=1316
