[OMPT] ompt_initialize (OPCIÓN C: integrador con fugas)  verbose=0  migracion=DESACTIVADA
[HWLOC] Nodos NUMA detectados: 2 (usados: 2)
[HWLOC] Nodo 0: 128 CPUs
[HWLOC] Nodo 1: 128 CPUs
[OMPT] callback 'ompt_callback_thread_begin' registrado (result=5)
[OMPT] callback 'ompt_callback_thread_end' registrado (result=5)
[OMPT] callback 'ompt_callback_parallel_begin' registrado (result=5)
[OMPT] callback 'ompt_callback_parallel_end' registrado (result=5)
[OMPT] callback 'ompt_callback_implicit_task' registrado (result=5)
[OMPT] callback 'ompt_callback_control_tool' registrado (result=5)
[OMPT] Callbacks registrados
[OMPT] Sistema: 0 procesadores lógicos
[OMPT][MON] Monitor (C: integrador con fugas)  período=100ms  warmup=5  referencia=MIN  T=min+max(0.050, 3.00*MAD_bajo)  leak=0.50*margen  cap=8.00*margen  max_mig=1  migracion=DESACTIVADA
[perf_region] tool OMPT detectado: los contadores los lleva el tool, no se abren aqui
[OMPT] control_tool: INICIANDO medicion
[OMPT] control_tool: PAUSANDO medicion
[OMPT] ompt_finalize
[OMPT][MON] Monitor detenido tras 13 ventanas
[OMPT] CSV de ventanas: 1146 filas volcadas (0 descartadas)
[OMPT] ===== Tabla final: 128 hilos =====
[OMPT] tid=1000056 ompt_id=281474976710657 tipo=ompt_thread_initial    last_cpu=255 numa=1 mig=0 fallos=0 perf=full ratio_rm=0.0000
[OMPT] tid=1000058 ompt_id=562949953421313 tipo=ompt_thread_worker     last_cpu=112 numa=1 mig=0 fallos=0 perf=full ratio_rm=0.0000
[OMPT] tid=1000059 ompt_id=844424930131969 tipo=ompt_thread_worker     last_cpu= 81 numa=1 mig=0 fallos=0 perf=full ratio_rm=0.0000
[OMPT] tid=1000060 ompt_id=1125899906842625 tipo=ompt_thread_worker     last_cpu= 72 numa=1 mig=0 fallos=0 perf=full ratio_rm=0.0001
[OMPT] tid=1000061 ompt_id=1407374883553281 tipo=ompt_thread_worker     last_cpu= 68 numa=1 mig=0 fallos=0 perf=full ratio_rm=0.0544
[OMPT] tid=1000062 ompt_id=1688849860263937 tipo=ompt_thread_worker     last_cpu=225 numa=1 mig=0 fallos=0 perf=full ratio_rm=0.0000
[OMPT] tid=1000063 ompt_id=1970324836974593 tipo=ompt_thread_worker     last_cpu= 69 numa=1 mig=0 fallos=0 perf=full ratio_rm=0.0001
[OMPT] tid=1000065 ompt_id=2251799813685249 tipo=ompt_thread_worker     last_cpu=128 numa=0 mig=0 fallos=0 perf=full ratio_rm=0.1646
[OMPT] tid=1000064 ompt_id=2533274790395905 tipo=ompt_thread_worker     last_cpu=136 numa=0 mig=0 fallos=0 perf=full ratio_rm=0.1384
[OMPT] tid=1000066 ompt_id=2814749767106561 tipo=ompt_thread_worker     last_cpu=  6 numa=0 mig=0 fallos=0 perf=full ratio_rm=0.1545
[OMPT] tid=1000067 ompt_id=3096224743817217 tipo=ompt_thread_worker     last_cpu= 97 numa=1 mig=0 fallos=0 perf=full ratio_rm=0.0000
[OMPT] tid=1000068 ompt_id=3377699720527873 tipo=ompt_thread_worker     last_cpu= 43 numa=0 mig=0 fallos=0 perf=full ratio_rm=0.1566
[OMPT] tid=1000069 ompt_id=3659174697238529 tipo=ompt_thread_worker     last_cpu=247 numa=1 mig=0 fallos=0 perf=full ratio_rm=0.0001
[OMPT] tid=1000070 ompt_id=3940649673949185 tipo=ompt_thread_worker     last_cpu= 10 numa=0 mig=0 fallos=0 perf=full ratio_rm=0.1795
[OMPT] tid=1000071 ompt_id=4222124650659841 tipo=ompt_thread_worker     last_cpu=248 numa=1 mig=0 fallos=0 perf=full ratio_rm=0.0000
[OMPT] tid=1000072 ompt_id=4503599627370497 tipo=ompt_thread_worker     last_cpu= 41 numa=0 mig=0 fallos=0 perf=full ratio_rm=0.1705
[OMPT] tid=1000073 ompt_id=4785074604081153 tipo=ompt_thread_worker     last_cpu=242 numa=1 mig=0 fallos=0 perf=full ratio_rm=0.0000
[OMPT] tid=1000074 ompt_id=5066549580791809 tipo=ompt_thread_worker     last_cpu= 67 numa=1 mig=0 fallos=0 perf=full ratio_rm=0.0000
[OMPT] tid=1000075 ompt_id=5348024557502465 tipo=ompt_thread_worker     last_cpu= 82 numa=1 mig=0 fallos=0 perf=full ratio_rm=0.0000
[OMPT] tid=1000076 ompt_id=5629499534213121 tipo=ompt_thread_worker     last_cpu=  9 numa=0 mig=0 fallos=0 perf=full ratio_rm=0.1694
[OMPT] tid=1000077 ompt_id=5910974510923777 tipo=ompt_thread_worker     last_cpu= 98 numa=1 mig=0 fallos=0 perf=full ratio_rm=0.0000
[OMPT] tid=1000078 ompt_id=6192449487634433 tipo=ompt_thread_worker     last_cpu= 80 numa=1 mig=0 fallos=0 perf=full ratio_rm=0.0000
[OMPT] tid=1000079 ompt_id=6473924464345089 tipo=ompt_thread_worker     last_cpu= 88 numa=1 mig=0 fallos=0 perf=full ratio_rm=0.0000
[OMPT] tid=1000080 ompt_id=6755399441055745 tipo=ompt_thread_worker     last_cpu=104 numa=1 mig=0 fallos=0 perf=full ratio_rm=0.0000
[OMPT] tid=1000081 ompt_id=7036874417766401 tipo=ompt_thread_worker     last_cpu=245 numa=1 mig=0 fallos=0 perf=full ratio_rm=0.0000
[OMPT] tid=1000082 ompt_id=7318349394477057 tipo=ompt_thread_worker     last_cpu=254 numa=1 mig=0 fallos=0 perf=full ratio_rm=0.0000
[OMPT] tid=1000083 ompt_id=7599824371187713 tipo=ompt_thread_worker     last_cpu= 42 numa=0 mig=0 fallos=0 perf=full ratio_rm=0.1835
[OMPT] tid=1000084 ompt_id=7881299347898369 tipo=ompt_thread_worker     last_cpu=  7 numa=0 mig=0 fallos=0 perf=full ratio_rm=0.1740
[OMPT] tid=1000085 ompt_id=8162774324609025 tipo=ompt_thread_worker     last_cpu=200 numa=1 mig=0 fallos=0 perf=full ratio_rm=0.0000
[OMPT] tid=1000086 ompt_id=8444249301319681 tipo=ompt_thread_worker     last_cpu= 96 numa=1 mig=0 fallos=0 perf=full ratio_rm=0.0000
[OMPT] tid=1000087 ompt_id=8725724278030337 tipo=ompt_thread_worker     last_cpu= 73 numa=1 mig=0 fallos=0 perf=full ratio_rm=0.0000
[OMPT] tid=1000088 ompt_id=9007199254740993 tipo=ompt_thread_worker     last_cpu=127 numa=1 mig=0 fallos=0 perf=full ratio_rm=0.0000
[OMPT] tid=1000089 ompt_id=9288674231451649 tipo=ompt_thread_worker     last_cpu= 89 numa=1 mig=0 fallos=0 perf=full ratio_rm=0.0000
[OMPT] tid=1000090 ompt_id=9570149208162305 tipo=ompt_thread_worker     last_cpu= 33 numa=0 mig=0 fallos=0 perf=full ratio_rm=0.1575
[OMPT] tid=1000091 ompt_id=9851624184872961 tipo=ompt_thread_worker     last_cpu= 13 numa=0 mig=0 fallos=0 perf=full ratio_rm=0.1312
[OMPT] tid=1000092 ompt_id=10133099161583617 tipo=ompt_thread_worker     last_cpu=105 numa=1 mig=0 fallos=0 perf=full ratio_rm=0.0000
[OMPT] tid=1000180 ompt_id=34902897112121345 tipo=ompt_thread_worker     last_cpu=115 numa=1 mig=0 fallos=0 perf=full ratio_rm=0.0000
[OMPT] tid=1000098 ompt_id=11821949021847553 tipo=ompt_thread_worker     last_cpu=113 numa=1 mig=0 fallos=0 perf=full ratio_rm=0.0000
[OMPT] tid=1000136 ompt_id=22517998136852481 tipo=ompt_thread_worker     last_cpu= 32 numa=0 mig=0 fallos=0 perf=full ratio_rm=0.1624
[OMPT] tid=1000158 ompt_id=28710447624486913 tipo=ompt_thread_worker     last_cpu=227 numa=1 mig=0 fallos=0 perf=full ratio_rm=0.0000
[OMPT] tid=1000182 ompt_id=35465847065542657 tipo=ompt_thread_worker     last_cpu=218 numa=1 mig=0 fallos=0 perf=full ratio_rm=0.0000
[OMPT] tid=1000144 ompt_id=24769797950537729 tipo=ompt_thread_worker     last_cpu=220 numa=1 mig=0 fallos=0 perf=full ratio_rm=0.0000
[OMPT] tid=1000173 ompt_id=32932572275146753 tipo=ompt_thread_worker     last_cpu=186 numa=0 mig=0 fallos=0 perf=full ratio_rm=0.1649
[OMPT] tid=1000113 ompt_id=16044073672507393 tipo=ompt_thread_worker     last_cpu=190 numa=0 mig=0 fallos=0 perf=full ratio_rm=0.1141
[OMPT] tid=1000127 ompt_id=19984723346456577 tipo=ompt_thread_worker     last_cpu=189 numa=0 mig=0 fallos=0 perf=full ratio_rm=0.1789
[OMPT] tid=1000103 ompt_id=13510798882111489 tipo=ompt_thread_worker     last_cpu=191 numa=0 mig=0 fallos=0 perf=full ratio_rm=0.1700
[OMPT] tid=1000143 ompt_id=24488322973827073 tipo=ompt_thread_worker     last_cpu=188 numa=0 mig=0 fallos=0 perf=full ratio_rm=0.1797
[OMPT] tid=1000157 ompt_id=28428972647776257 tipo=ompt_thread_worker     last_cpu=187 numa=0 mig=0 fallos=0 perf=full ratio_rm=0.0906
[OMPT] tid=1000094 ompt_id=10696049115004929 tipo=ompt_thread_worker     last_cpu=231 numa=1 mig=0 fallos=0 perf=full ratio_rm=0.0000
[OMPT] tid=1000128 ompt_id=20266198323167233 tipo=ompt_thread_worker     last_cpu=229 numa=1 mig=0 fallos=0 perf=full ratio_rm=0.0000
[OMPT] tid=1000183 ompt_id=35747322042253313 tipo=ompt_thread_worker     last_cpu=171 numa=0 mig=0 fallos=0 perf=full ratio_rm=0.1526
[OMPT] tid=1000109 ompt_id=14918173765664769 tipo=ompt_thread_worker     last_cpu= 40 numa=0 mig=0 fallos=0 perf=full ratio_rm=0.1870
[OMPT] tid=1000105 ompt_id=13792273858822145 tipo=ompt_thread_worker     last_cpu=159 numa=0 mig=0 fallos=0 perf=full ratio_rm=0.2009
[OMPT] tid=1000161 ompt_id=29554872554618881 tipo=ompt_thread_worker     last_cpu=155 numa=0 mig=0 fallos=0 perf=full ratio_rm=0.0752
[OMPT] tid=1000175 ompt_id=33495522228568065 tipo=ompt_thread_worker     last_cpu= 26 numa=0 mig=0 fallos=0 perf=full ratio_rm=0.1608
[OMPT] tid=1000147 ompt_id=25614222880669697 tipo=ompt_thread_worker     last_cpu=156 numa=0 mig=0 fallos=0 perf=full ratio_rm=0.1847
[OMPT] tid=1000131 ompt_id=21110623253299201 tipo=ompt_thread_worker     last_cpu=157 numa=0 mig=0 fallos=0 perf=full ratio_rm=0.1549
[OMPT] tid=1000119 ompt_id=17732923532771329 tipo=ompt_thread_worker     last_cpu=158 numa=0 mig=0 fallos=0 perf=full ratio_rm=0.1202
[OMPT] tid=1000160 ompt_id=29273397577908225 tipo=ompt_thread_worker     last_cpu=211 numa=1 mig=0 fallos=0 perf=full ratio_rm=0.0000
[OMPT] tid=1000148 ompt_id=25895697857380353 tipo=ompt_thread_worker     last_cpu=212 numa=1 mig=0 fallos=0 perf=full ratio_rm=0.0000
[OMPT] tid=1000102 ompt_id=12947848928690177 tipo=ompt_thread_worker     last_cpu=215 numa=1 mig=0 fallos=0 perf=full ratio_rm=0.0000
[OMPT] tid=1000118 ompt_id=17451448556060673 tipo=ompt_thread_worker     last_cpu=214 numa=1 mig=0 fallos=0 perf=full ratio_rm=0.0000
[OMPT] tid=1000104 ompt_id=13229323905400833 tipo=ompt_thread_worker     last_cpu=223 numa=1 mig=0 fallos=0 perf=full ratio_rm=0.0000
[OMPT] tid=1000116 ompt_id=16888498602639361 tipo=ompt_thread_worker     last_cpu=222 numa=1 mig=0 fallos=0 perf=full ratio_rm=0.0000
[OMPT] tid=1000099 ompt_id=12384898975268865 tipo=ompt_thread_worker     last_cpu=143 numa=0 mig=0 fallos=0 perf=full ratio_rm=0.1627
[OMPT] tid=1000112 ompt_id=15762598695796737 tipo=ompt_thread_worker     last_cpu=198 numa=1 mig=0 fallos=0 perf=full ratio_rm=0.0000
[OMPT] tid=1000146 ompt_id=25332747903959041 tipo=ompt_thread_worker     last_cpu=193 numa=1 mig=0 fallos=0 perf=full ratio_rm=0.0000
[OMPT] tid=1000130 ompt_id=20829148276588545 tipo=ompt_thread_worker     last_cpu=192 numa=1 mig=0 fallos=0 perf=full ratio_rm=0.0000
[OMPT] tid=1000162 ompt_id=29836347531329537 tipo=ompt_thread_worker     last_cpu=235 numa=1 mig=0 fallos=0 perf=full ratio_rm=0.0000
[OMPT] tid=1000150 ompt_id=26458647810801665 tipo=ompt_thread_worker     last_cpu=236 numa=1 mig=0 fallos=0 perf=full ratio_rm=0.0000
[OMPT] tid=1000176 ompt_id=33776997205278721 tipo=ompt_thread_worker     last_cpu=234 numa=1 mig=0 fallos=0 perf=full ratio_rm=0.0000
[OMPT] tid=1000126 ompt_id=19703248369745921 tipo=ompt_thread_worker     last_cpu=237 numa=1 mig=0 fallos=0 perf=full ratio_rm=0.0000
[OMPT] tid=1000135 ompt_id=22236523160141825 tipo=ompt_thread_worker     last_cpu=149 numa=0 mig=0 fallos=0 perf=full ratio_rm=0.1435
[OMPT] tid=1000149 ompt_id=26177172834091009 tipo=ompt_thread_worker     last_cpu=148 numa=0 mig=0 fallos=0 perf=full ratio_rm=0.1142
[OMPT] tid=1000117 ompt_id=17169973579350017 tipo=ompt_thread_worker     last_cpu=150 numa=0 mig=0 fallos=0 perf=full ratio_rm=0.0931
[OMPT] tid=1000167 ompt_id=31243722414882817 tipo=ompt_thread_worker     last_cpu=147 numa=0 mig=0 fallos=0 perf=full ratio_rm=0.1712
[OMPT] tid=1000101 ompt_id=12666373951979521 tipo=ompt_thread_worker     last_cpu=151 numa=0 mig=0 fallos=0 perf=full ratio_rm=0.1353
[OMPT] tid=1000164 ompt_id=30399297484750849 tipo=ompt_thread_worker     last_cpu=194 numa=1 mig=0 fallos=0 perf=full ratio_rm=0.0000
[OMPT] tid=1000141 ompt_id=23925373020405761 tipo=ompt_thread_worker     last_cpu=  3 numa=0 mig=0 fallos=0 perf=full ratio_rm=0.1595
[OMPT] tid=1000115 ompt_id=16607023625928705 tipo=ompt_thread_worker     last_cpu=142 numa=0 mig=0 fallos=0 perf=full ratio_rm=0.1707
[OMPT] tid=1000165 ompt_id=30680772461461505 tipo=ompt_thread_worker     last_cpu=139 numa=0 mig=0 fallos=0 perf=full ratio_rm=0.1533
[OMPT] tid=1000153 ompt_id=27303072740933633 tipo=ompt_thread_worker     last_cpu=140 numa=0 mig=0 fallos=0 perf=full ratio_rm=0.1357
[OMPT] tid=1000137 ompt_id=22799473113563137 tipo=ompt_thread_worker     last_cpu=141 numa=0 mig=0 fallos=0 perf=full ratio_rm=0.1400
[OMPT] tid=1000125 ompt_id=19421773393035265 tipo=ompt_thread_worker     last_cpu=  2 numa=0 mig=0 fallos=0 perf=full ratio_rm=0.1681
[OMPT] tid=1000174 ompt_id=33214047251857409 tipo=ompt_thread_worker     last_cpu=210 numa=1 mig=0 fallos=0 perf=full ratio_rm=0.0000
[OMPT] tid=1000134 ompt_id=21955048183431169 tipo=ompt_thread_worker     last_cpu=213 numa=1 mig=0 fallos=0 perf=full ratio_rm=0.0000
[OMPT] tid=1000152 ompt_id=27021597764222977 tipo=ompt_thread_worker     last_cpu=204 numa=1 mig=0 fallos=0 perf=full ratio_rm=0.0000
[OMPT] tid=1000142 ompt_id=24206847997116417 tipo=ompt_thread_worker     last_cpu=228 numa=1 mig=0 fallos=0 perf=full ratio_rm=0.0000
[OMPT] tid=1000166 ompt_id=30962247438172161 tipo=ompt_thread_worker     last_cpu=219 numa=1 mig=0 fallos=0 perf=full ratio_rm=0.0000
[OMPT] tid=1000177 ompt_id=34058472181989377 tipo=ompt_thread_worker     last_cpu=162 numa=0 mig=0 fallos=0 perf=full ratio_rm=0.1339
[OMPT] tid=1000096 ompt_id=11258999068426241 tipo=ompt_thread_worker     last_cpu=199 numa=1 mig=0 fallos=0 perf=full ratio_rm=0.0000
[OMPT] tid=1000178 ompt_id=34339947158700033 tipo=ompt_thread_worker     last_cpu=196 numa=1 mig=0 fallos=0 perf=full ratio_rm=0.0000
[OMPT] tid=1000097 ompt_id=11540474045136897 tipo=ompt_thread_worker     last_cpu= 16 numa=0 mig=0 fallos=0 perf=full ratio_rm=0.1556
[OMPT] tid=1000159 ompt_id=28991922601197569 tipo=ompt_thread_worker     last_cpu=  4 numa=0 mig=0 fallos=0 perf=full ratio_rm=0.1595
[OMPT] tid=1000111 ompt_id=15481123719086081 tipo=ompt_thread_worker     last_cpu=  1 numa=0 mig=0 fallos=0 perf=full ratio_rm=0.1726
[OMPT] tid=1000181 ompt_id=35184372088832001 tipo=ompt_thread_worker     last_cpu=  5 numa=0 mig=0 fallos=0 perf=full ratio_rm=0.1598
[OMPT] tid=1000179 ompt_id=34621422135410689 tipo=ompt_thread_worker     last_cpu=178 numa=0 mig=0 fallos=0 perf=full ratio_rm=0.1124
[OMPT] tid=1000120 ompt_id=18014398509481985 tipo=ompt_thread_worker     last_cpu=182 numa=0 mig=0 fallos=0 perf=full ratio_rm=0.1664
[OMPT] tid=1000107 ompt_id=14355223812243457 tipo=ompt_thread_worker     last_cpu=183 numa=0 mig=0 fallos=0 perf=full ratio_rm=0.1543
[OMPT] tid=1000129 ompt_id=20547673299877889 tipo=ompt_thread_worker     last_cpu=181 numa=0 mig=0 fallos=0 perf=full ratio_rm=0.1463
[OMPT] tid=1000151 ompt_id=26740122787512321 tipo=ompt_thread_worker     last_cpu=180 numa=0 mig=0 fallos=0 perf=full ratio_rm=0.1561
[OMPT] tid=1000169 ompt_id=31806672368304129 tipo=ompt_thread_worker     last_cpu=179 numa=0 mig=0 fallos=0 perf=full ratio_rm=0.1515
[OMPT] tid=1000132 ompt_id=21392098230009857 tipo=ompt_thread_worker     last_cpu=221 numa=1 mig=0 fallos=0 perf=full ratio_rm=0.0001
[OMPT] tid=1000121 ompt_id=18295873486192641 tipo=ompt_thread_worker     last_cpu=246 numa=1 mig=0 fallos=0 perf=full ratio_rm=0.0001
[OMPT] tid=1000163 ompt_id=30117822508040193 tipo=ompt_thread_worker     last_cpu=163 numa=0 mig=0 fallos=0 perf=full ratio_rm=0.1548
[OMPT] tid=1000123 ompt_id=18858823439613953 tipo=ompt_thread_worker     last_cpu=167 numa=0 mig=0 fallos=0 perf=full ratio_rm=0.1509
[OMPT] tid=1000145 ompt_id=25051272927248385 tipo=ompt_thread_worker     last_cpu=164 numa=0 mig=0 fallos=0 perf=full ratio_rm=0.1506
[OMPT] tid=1000154 ompt_id=27584547717644289 tipo=ompt_thread_worker     last_cpu=244 numa=1 mig=0 fallos=0 perf=full ratio_rm=0.0001
[OMPT] tid=1000106 ompt_id=14073748835532801 tipo=ompt_thread_worker     last_cpu=166 numa=0 mig=0 fallos=0 perf=full ratio_rm=0.1717
[OMPT] tid=1000133 ompt_id=21673573206720513 tipo=ompt_thread_worker     last_cpu=165 numa=0 mig=0 fallos=0 perf=full ratio_rm=0.1612
[OMPT] tid=1000171 ompt_id=32369622321725441 tipo=ompt_thread_worker     last_cpu=173 numa=0 mig=0 fallos=0 perf=full ratio_rm=0.1647
[OMPT] tid=1000184 ompt_id=36028797018963969 tipo=ompt_thread_worker     last_cpu=202 numa=1 mig=0 fallos=0 perf=full ratio_rm=0.0000
[OMPT] tid=1000138 ompt_id=23080948090273793 tipo=ompt_thread_worker     last_cpu=205 numa=1 mig=0 fallos=0 perf=full ratio_rm=0.0000
[OMPT] tid=1000156 ompt_id=28147497671065601 tipo=ompt_thread_worker     last_cpu=252 numa=1 mig=0 fallos=0 perf=full ratio_rm=0.0000
[OMPT] tid=1000172 ompt_id=32651097298436097 tipo=ompt_thread_worker     last_cpu=253 numa=1 mig=0 fallos=0 perf=full ratio_rm=0.0000
[OMPT] tid=1000108 ompt_id=14636698788954113 tipo=ompt_thread_worker     last_cpu=249 numa=1 mig=0 fallos=0 perf=full ratio_rm=0.0000
[OMPT] tid=1000168 ompt_id=31525197391593473 tipo=ompt_thread_worker     last_cpu=243 numa=1 mig=0 fallos=0 perf=full ratio_rm=0.0001
[OMPT] tid=1000140 ompt_id=23643898043695105 tipo=ompt_thread_worker     last_cpu=251 numa=1 mig=0 fallos=0 perf=full ratio_rm=0.0000
[OMPT] tid=1000095 ompt_id=10977524091715585 tipo=ompt_thread_worker     last_cpu=172 numa=0 mig=0 fallos=0 perf=full ratio_rm=0.1475
[OMPT] tid=1000155 ompt_id=27866022694354945 tipo=ompt_thread_worker     last_cpu=174 numa=0 mig=0 fallos=0 perf=full ratio_rm=0.1711
[OMPT] tid=1000139 ompt_id=23362423066984449 tipo=ompt_thread_worker     last_cpu=175 numa=0 mig=0 fallos=0 perf=full ratio_rm=0.1702
[OMPT] tid=1000110 ompt_id=15199648742375425 tipo=ompt_thread_worker     last_cpu=230 numa=1 mig=0 fallos=0 perf=full ratio_rm=0.0001
[OMPT] tid=1000114 ompt_id=16325548649218049 tipo=ompt_thread_worker     last_cpu=238 numa=1 mig=0 fallos=0 perf=full ratio_rm=0.0001
[OMPT] tid=1000093 ompt_id=10414574138294273 tipo=ompt_thread_worker     last_cpu=239 numa=1 mig=0 fallos=0 perf=full ratio_rm=0.0001
[OMPT] tid=1000124 ompt_id=19140298416324609 tipo=ompt_thread_worker     last_cpu=250 numa=1 mig=0 fallos=0 perf=full ratio_rm=0.0001
[OMPT] tid=1000122 ompt_id=18577348462903297 tipo=ompt_thread_worker     last_cpu=206 numa=1 mig=0 fallos=0 perf=full ratio_rm=0.0000
[OMPT] tid=1000170 ompt_id=32088147345014785 tipo=ompt_thread_worker     last_cpu=203 numa=1 mig=0 fallos=0 perf=full ratio_rm=0.0000
[OMPT] tid=1000100 ompt_id=12103423998558209 tipo=ompt_thread_worker     last_cpu=207 numa=1 mig=0 fallos=0 perf=full ratio_rm=0.0000
[OMPT] ===== Overhead intrínseco =====
  monitor: 13 ticks, 28211.9 us total (max 5846.6 us/tick)
  callbacks implicit_task: 20225, 17846581.8 us total
  migraciones: 0 (0.0 us total)
  resyncs=6  lecturas escaladas por multiplexado=3456
  hilos con perf fallido=0  parcial=0
  ventanas con fills=1146
