[OMPT] ompt_initialize (OPCIÓN C: integrador con fugas)  verbose=0  migracion=activa
[HWLOC] Nodos NUMA detectados: 2 (usados: 2)
[HWLOC] Nodo 0: 128 CPUs
[HWLOC] Nodo 1: 128 CPUs
[OMPT] callback 'ompt_callback_thread_begin' registrado (result=5)
[OMPT] callback 'ompt_callback_thread_end' registrado (result=5)
[OMPT] callback 'ompt_callback_parallel_begin' registrado (result=5)
[OMPT] callback 'ompt_callback_parallel_end' registrado (result=5)
[OMPT] callback 'ompt_callback_implicit_task' registrado (result=5)
[OMPT] callback 'ompt_callback_control_tool' registrado (result=5)
[OMPT] Callbacks registrados
[OMPT] Sistema: 0 procesadores lógicos
[OMPT][MON] Monitor (C: integrador con fugas)  período=100ms  warmup=5  referencia=MIN  T=min+max(0.050, 3.00*MAD_bajo)  leak=0.50*margen  cap=8.00*margen  max_mig=1  migracion=activa
[perf_region] tool OMPT detectado: los contadores los lleva el tool, no se abren aqui
[OMPT] control_tool: INICIANDO medicion
[OMPT] control_tool: PAUSANDO medicion
[OMPT] ompt_finalize
[OMPT][MON] Monitor detenido tras 5 ventanas
[OMPT] CSV de ventanas: 512 filas volcadas (0 descartadas)
[OMPT] ===== Tabla final: 256 hilos =====
[OMPT] tid=966275 ompt_id=281474976710657 tipo=ompt_thread_initial    last_cpu=158 numa=0 mig=0 fallos=0 perf=full ratio_rm=0.2796
[OMPT] tid=966278 ompt_id=562949953421313 tipo=ompt_thread_worker     last_cpu= 48 numa=0 mig=0 fallos=0 perf=full ratio_rm=0.0840
[OMPT] tid=966279 ompt_id=844424930131969 tipo=ompt_thread_worker     last_cpu= 49 numa=0 mig=0 fallos=0 perf=full ratio_rm=0.0793
[OMPT] tid=966277 ompt_id=1125899906842625 tipo=ompt_thread_worker     last_cpu= 89 numa=1 mig=0 fallos=0 perf=full ratio_rm=0.0091
[OMPT] tid=966280 ompt_id=1407374883553281 tipo=ompt_thread_worker     last_cpu=157 numa=0 mig=0 fallos=0 perf=full ratio_rm=0.0401
[OMPT] tid=966281 ompt_id=1688849860263937 tipo=ompt_thread_worker     last_cpu=113 numa=1 mig=0 fallos=0 perf=full ratio_rm=0.0166
[OMPT] tid=966282 ompt_id=1970324836974593 tipo=ompt_thread_worker     last_cpu= 97 numa=1 mig=0 fallos=0 perf=full ratio_rm=0.0175
[OMPT] tid=966283 ompt_id=2251799813685249 tipo=ompt_thread_worker     last_cpu= 40 numa=0 mig=0 fallos=0 perf=full ratio_rm=0.0842
[OMPT] tid=966284 ompt_id=2533274790395905 tipo=ompt_thread_worker     last_cpu= 41 numa=0 mig=0 fallos=0 perf=full ratio_rm=0.0767
[OMPT] tid=966286 ompt_id=2814749767106561 tipo=ompt_thread_worker     last_cpu= 30 numa=0 mig=0 fallos=0 perf=full ratio_rm=0.0611
[OMPT] tid=966285 ompt_id=3096224743817217 tipo=ompt_thread_worker     last_cpu= 65 numa=1 mig=0 fallos=0 perf=full ratio_rm=0.0244
[OMPT] tid=966287 ompt_id=3377699720527873 tipo=ompt_thread_worker     last_cpu=154 numa=0 mig=0 fallos=0 perf=full ratio_rm=0.0728
[OMPT] tid=966288 ompt_id=3659174697238529 tipo=ompt_thread_worker     last_cpu= 31 numa=0 mig=0 fallos=0 perf=full ratio_rm=0.0661
[OMPT] tid=966289 ompt_id=3940649673949185 tipo=ompt_thread_worker     last_cpu= 88 numa=1 mig=0 fallos=0 perf=full ratio_rm=0.0197
[OMPT] tid=966290 ompt_id=4222124650659841 tipo=ompt_thread_worker     last_cpu=112 numa=1 mig=0 fallos=0 perf=full ratio_rm=0.0163
[OMPT] tid=966291 ompt_id=4503599627370497 tipo=ompt_thread_worker     last_cpu=255 numa=1 mig=0 fallos=0 perf=full ratio_rm=0.0181
[OMPT] tid=966292 ompt_id=4785074604081153 tipo=ompt_thread_worker     last_cpu= 29 numa=0 mig=0 fallos=0 perf=full ratio_rm=0.0517
[OMPT] tid=966293 ompt_id=5066549580791809 tipo=ompt_thread_worker     last_cpu= 64 numa=1 mig=0 fallos=0 perf=full ratio_rm=0.0196
[OMPT] tid=966294 ompt_id=5348024557502465 tipo=ompt_thread_worker     last_cpu=104 numa=1 mig=0 fallos=0 perf=full ratio_rm=0.0159
[OMPT] tid=966295 ompt_id=5629499534213121 tipo=ompt_thread_worker     last_cpu= 26 numa=0 mig=0 fallos=0 perf=full ratio_rm=0.0549
[OMPT] tid=966296 ompt_id=5910974510923777 tipo=ompt_thread_worker     last_cpu= 16 numa=0 mig=0 fallos=0 perf=full ratio_rm=0.0965
[OMPT] tid=966297 ompt_id=6192449487634433 tipo=ompt_thread_worker     last_cpu= 24 numa=0 mig=0 fallos=0 perf=full ratio_rm=0.0647
[OMPT] tid=966298 ompt_id=6473924464345089 tipo=ompt_thread_worker     last_cpu= 18 numa=0 mig=0 fallos=0 perf=full ratio_rm=0.0532
[OMPT] tid=966299 ompt_id=6755399441055745 tipo=ompt_thread_worker     last_cpu= 17 numa=0 mig=0 fallos=0 perf=full ratio_rm=0.0932
[OMPT] tid=966300 ompt_id=7036874417766401 tipo=ompt_thread_worker     last_cpu= 34 numa=0 mig=0 fallos=0 perf=full ratio_rm=0.0721
[OMPT] tid=966301 ompt_id=7318349394477057 tipo=ompt_thread_worker     last_cpu= 10 numa=0 mig=0 fallos=0 perf=full ratio_rm=0.0796
[OMPT] tid=966302 ompt_id=7599824371187713 tipo=ompt_thread_worker     last_cpu=  9 numa=0 mig=0 fallos=0 perf=full ratio_rm=0.0588
[OMPT] tid=966303 ompt_id=7881299347898369 tipo=ompt_thread_worker     last_cpu= 35 numa=0 mig=0 fallos=0 perf=full ratio_rm=0.0538
[OMPT] tid=966304 ompt_id=8162774324609025 tipo=ompt_thread_worker     last_cpu=121 numa=1 mig=0 fallos=0 perf=full ratio_rm=0.0158
[OMPT] tid=966305 ompt_id=8444249301319681 tipo=ompt_thread_worker     last_cpu=106 numa=1 mig=0 fallos=0 perf=full ratio_rm=0.0156
[OMPT] tid=966306 ompt_id=8725724278030337 tipo=ompt_thread_worker     last_cpu= 72 numa=1 mig=0 fallos=0 perf=full ratio_rm=0.0186
[OMPT] tid=966307 ompt_id=9007199254740993 tipo=ompt_thread_worker     last_cpu=105 numa=1 mig=0 fallos=0 perf=full ratio_rm=0.0161
[OMPT] tid=966308 ompt_id=9288674231451649 tipo=ompt_thread_worker     last_cpu= 25 numa=0 mig=0 fallos=0 perf=full ratio_rm=0.0649
[OMPT] tid=966309 ompt_id=9570149208162305 tipo=ompt_thread_worker     last_cpu= 27 numa=0 mig=0 fallos=0 perf=full ratio_rm=0.0743
[OMPT] tid=966310 ompt_id=9851624184872961 tipo=ompt_thread_worker     last_cpu=120 numa=1 mig=0 fallos=0 perf=full ratio_rm=0.0170
[OMPT] tid=966311 ompt_id=10133099161583617 tipo=ompt_thread_worker     last_cpu=247 numa=1 mig=0 fallos=0 perf=full ratio_rm=0.0147
[OMPT] tid=966406 ompt_id=36873221949095937 tipo=ompt_thread_worker     last_cpu= 70 numa=1 mig=0 fallos=0 perf=full ratio_rm=0.0128
[OMPT] tid=966356 ompt_id=22799473113563137 tipo=ompt_thread_worker     last_cpu= 57 numa=0 mig=0 fallos=0 perf=full ratio_rm=0.0634
[OMPT] tid=966462 ompt_id=52635820644892673 tipo=ompt_thread_worker     last_cpu=171 numa=0 mig=0 fallos=0 perf=full ratio_rm=0.0599
[OMPT] tid=966334 ompt_id=16607023625928705 tipo=ompt_thread_worker     last_cpu= 19 numa=0 mig=0 fallos=0 perf=full ratio_rm=0.0687
[OMPT] tid=966506 ompt_id=65020719620161537 tipo=ompt_thread_worker     last_cpu=  0 numa=0 mig=0 fallos=0 perf=full ratio_rm=0.0915
[OMPT] tid=966478 ompt_id=57139420272263169 tipo=ompt_thread_worker     last_cpu=144 numa=0 mig=0 fallos=0 perf=full ratio_rm=0.1107
[OMPT] tid=966384 ompt_id=30680772461461505 tipo=ompt_thread_worker     last_cpu=149 numa=0 mig=0 fallos=0 perf=full ratio_rm=0.0794
[OMPT] tid=966446 ompt_id=48132221017522177 tipo=ompt_thread_worker     last_cpu=178 numa=0 mig=0 fallos=0 perf=full ratio_rm=0.0702
[OMPT] tid=966320 ompt_id=12947848928690177 tipo=ompt_thread_worker     last_cpu=159 numa=0 mig=0 fallos=0 perf=full ratio_rm=0.0547
[OMPT] tid=966323 ompt_id=13229323905400833 tipo=ompt_thread_worker     last_cpu=155 numa=0 mig=0 fallos=0 perf=full ratio_rm=0.0691
[OMPT] tid=966498 ompt_id=62768919806476289 tipo=ompt_thread_worker     last_cpu= 28 numa=0 mig=0 fallos=0 perf=full ratio_rm=0.0494
[OMPT] tid=966429 ompt_id=43347146413441025 tipo=ompt_thread_worker     last_cpu=208 numa=1 mig=0 fallos=0 perf=full ratio_rm=0.0187
[OMPT] tid=966415 ompt_id=39406496739491841 tipo=ompt_thread_worker     last_cpu=209 numa=1 mig=0 fallos=0 perf=full ratio_rm=0.0194
[OMPT] tid=966389 ompt_id=32088147345014785 tipo=ompt_thread_worker     last_cpu= 96 numa=1 mig=0 fallos=0 perf=full ratio_rm=0.0188
[OMPT] tid=966453 ompt_id=50102545854496769 tipo=ompt_thread_worker     last_cpu=224 numa=1 mig=0 fallos=0 perf=full ratio_rm=0.0091
[OMPT] tid=966401 ompt_id=35465847065542657 tipo=ompt_thread_worker     last_cpu=227 numa=1 mig=0 fallos=0 perf=full ratio_rm=0.0187
[OMPT] tid=966491 ompt_id=60798594969501697 tipo=ompt_thread_worker     last_cpu=101 numa=1 mig=0 fallos=0 perf=full ratio_rm=0.0001
[OMPT] tid=966369 ompt_id=26458647810801665 tipo=ompt_thread_worker     last_cpu=228 numa=1 mig=0 fallos=0 perf=full ratio_rm=0.0161
[OMPT] tid=966459 ompt_id=51791395714760705 tipo=ompt_thread_worker     last_cpu=103 numa=1 mig=0 fallos=0 perf=full ratio_rm=0.0002
[OMPT] tid=966513 ompt_id=66991044457136129 tipo=ompt_thread_worker     last_cpu=100 numa=1 mig=0 fallos=0 perf=full ratio_rm=0.0001
[OMPT] tid=966409 ompt_id=37717646879227905 tipo=ompt_thread_worker     last_cpu=226 numa=1 mig=0 fallos=0 perf=full ratio_rm=0.0161
[OMPT] tid=966312 ompt_id=10414574138294273 tipo=ompt_thread_worker     last_cpu=231 numa=1 mig=0 fallos=0 perf=full ratio_rm=0.0165
[OMPT] tid=966529 ompt_id=71494644084506625 tipo=ompt_thread_worker     last_cpu= 99 numa=1 mig=0 fallos=0 perf=full ratio_rm=0.0003
[OMPT] tid=966425 ompt_id=42221246506598401 tipo=ompt_thread_worker     last_cpu=225 numa=1 mig=0 fallos=0 perf=full ratio_rm=0.0145
[OMPT] tid=966485 ompt_id=59109745109237761 tipo=ompt_thread_worker     last_cpu=102 numa=1 mig=0 fallos=0 perf=full ratio_rm=0.0001
[OMPT] tid=966353 ompt_id=21955048183431169 tipo=ompt_thread_worker     last_cpu=229 numa=1 mig=0 fallos=0 perf=full ratio_rm=0.0185
[OMPT] tid=966479 ompt_id=57420895248973825 tipo=ompt_thread_worker     last_cpu= 93 numa=1 mig=0 fallos=0 perf=full ratio_rm=0.0001
[OMPT] tid=966381 ompt_id=29836347531329537 tipo=ompt_thread_worker     last_cpu=219 numa=1 mig=0 fallos=0 perf=full ratio_rm=0.0172
[OMPT] tid=966417 ompt_id=39969446692913153 tipo=ompt_thread_worker     last_cpu=217 numa=1 mig=0 fallos=0 perf=full ratio_rm=0.0192
[OMPT] tid=966404 ompt_id=36310271995674625 tipo=ompt_thread_worker     last_cpu=146 numa=0 mig=0 fallos=0 perf=full ratio_rm=0.1096
[OMPT] tid=966469 ompt_id=54606145481867265 tipo=ompt_thread_worker     last_cpu=166 numa=0 mig=0 fallos=0 perf=full ratio_rm=0.0563
[OMPT] tid=966455 ompt_id=50665495807918081 tipo=ompt_thread_worker     last_cpu=124 numa=1 mig=0 fallos=0 perf=full ratio_rm=0.0003
[OMPT] tid=966423 ompt_id=41658296553177089 tipo=ompt_thread_worker     last_cpu=252 numa=1 mig=0 fallos=0 perf=full ratio_rm=0.0171
[OMPT] tid=966327 ompt_id=14636698788954113 tipo=ompt_thread_worker     last_cpu=248 numa=1 mig=0 fallos=0 perf=full ratio_rm=0.0153
[OMPT] tid=966419 ompt_id=40532396646334465 tipo=ompt_thread_worker     last_cpu=201 numa=1 mig=0 fallos=0 perf=full ratio_rm=0.0181
[OMPT] tid=966319 ompt_id=12103423998558209 tipo=ompt_thread_worker     last_cpu=215 numa=1 mig=0 fallos=0 perf=full ratio_rm=0.0165
[OMPT] tid=966385 ompt_id=30962247438172161 tipo=ompt_thread_worker     last_cpu=211 numa=1 mig=0 fallos=0 perf=full ratio_rm=0.0141
[OMPT] tid=966525 ompt_id=70368744177664001 tipo=ompt_thread_worker     last_cpu= 82 numa=1 mig=0 fallos=0 perf=full ratio_rm=0.0001
[OMPT] tid=966475 ompt_id=56294995342131201 tipo=ompt_thread_worker     last_cpu= 85 numa=1 mig=0 fallos=0 perf=full ratio_rm=0.0002
[OMPT] tid=966399 ompt_id=34902897112121345 tipo=ompt_thread_worker     last_cpu=210 numa=1 mig=0 fallos=0 perf=full ratio_rm=0.0190
[OMPT] tid=966521 ompt_id=69242844270821377 tipo=ompt_thread_worker     last_cpu= 74 numa=1 mig=0 fallos=0 perf=full ratio_rm=0.0003
[OMPT] tid=966403 ompt_id=36028797018963969 tipo=ompt_thread_worker     last_cpu=202 numa=1 mig=0 fallos=0 perf=full ratio_rm=0.0211
[OMPT] tid=966431 ompt_id=43910096366862337 tipo=ompt_thread_worker     last_cpu=200 numa=1 mig=0 fallos=0 perf=full ratio_rm=0.0176
[OMPT] tid=966428 ompt_id=43065671436730369 tipo=ompt_thread_worker     last_cpu=176 numa=0 mig=0 fallos=0 perf=full ratio_rm=0.0778
[OMPT] tid=966338 ompt_id=17732923532771329 tipo=ompt_thread_worker     last_cpu=182 numa=0 mig=0 fallos=0 perf=full ratio_rm=0.0612
[OMPT] tid=966466 ompt_id=53761720551735297 tipo=ompt_thread_worker     last_cpu= 54 numa=0 mig=0 fallos=0 perf=full ratio_rm=0.0605
[OMPT] tid=966364 ompt_id=25051272927248385 tipo=ompt_thread_worker     last_cpu=188 numa=0 mig=0 fallos=0 perf=full ratio_rm=0.0579
[OMPT] tid=966492 ompt_id=61080069946212353 tipo=ompt_thread_worker     last_cpu= 60 numa=0 mig=0 fallos=0 perf=full ratio_rm=0.0682
[OMPT] tid=966378 ompt_id=28991922601197569 tipo=ompt_thread_worker     last_cpu=187 numa=0 mig=0 fallos=0 perf=full ratio_rm=0.0559
[OMPT] tid=966510 ompt_id=66146619527004161 tipo=ompt_thread_worker     last_cpu= 59 numa=0 mig=0 fallos=0 perf=full ratio_rm=0.0637
[OMPT] tid=966470 ompt_id=54887620458577921 tipo=ompt_thread_worker     last_cpu= 62 numa=0 mig=0 fallos=0 perf=full ratio_rm=0.0534
[OMPT] tid=966416 ompt_id=39687971716202497 tipo=ompt_thread_worker     last_cpu=145 numa=0 mig=0 fallos=0 perf=full ratio_rm=0.0835
[OMPT] tid=966372 ompt_id=27303072740933633 tipo=ompt_thread_worker     last_cpu=148 numa=0 mig=0 fallos=0 perf=full ratio_rm=0.0729
[OMPT] tid=966476 ompt_id=56576470318841857 tipo=ompt_thread_worker     last_cpu= 21 numa=0 mig=0 fallos=0 perf=full ratio_rm=0.0884
[OMPT] tid=966332 ompt_id=16044073672507393 tipo=ompt_thread_worker     last_cpu=150 numa=0 mig=0 fallos=0 perf=full ratio_rm=0.0334
[OMPT] tid=966464 ompt_id=53198770598313985 tipo=ompt_thread_worker     last_cpu= 22 numa=0 mig=0 fallos=0 perf=full ratio_rm=0.0694
[OMPT] tid=966432 ompt_id=44191571343572993 tipo=ompt_thread_worker     last_cpu=196 numa=1 mig=0 fallos=0 perf=full ratio_rm=0.0205
[OMPT] tid=966354 ompt_id=22236523160141825 tipo=ompt_thread_worker     last_cpu=129 numa=0 mig=0 fallos=0 perf=full ratio_rm=0.0713
[OMPT] tid=966512 ompt_id=66709569480425473 tipo=ompt_thread_worker     last_cpu= 20 numa=0 mig=0 fallos=0 perf=full ratio_rm=0.0689
[OMPT] tid=966507 ompt_id=65302194596872193 tipo=ompt_thread_worker     last_cpu=115 numa=1 mig=0 fallos=0 perf=full ratio_rm=0.0024
[OMPT] tid=966481 ompt_id=57983845202395137 tipo=ompt_thread_worker     last_cpu=117 numa=1 mig=0 fallos=0 perf=full ratio_rm=0.0008
[OMPT] tid=966379 ompt_id=29273397577908225 tipo=ompt_thread_worker     last_cpu=243 numa=1 mig=0 fallos=0 perf=full ratio_rm=0.0164
[OMPT] tid=966474 ompt_id=56013520365420545 tipo=ompt_thread_worker     last_cpu=  7 numa=0 mig=0 fallos=0 perf=full ratio_rm=0.0825
[OMPT] tid=966424 ompt_id=41939771529887745 tipo=ompt_thread_worker     last_cpu=135 numa=0 mig=0 fallos=0 perf=full ratio_rm=0.0849
[OMPT] tid=966362 ompt_id=24488322973827073 tipo=ompt_thread_worker     last_cpu= 80 numa=1 mig=0 fallos=0 perf=full ratio_rm=0.0137
[OMPT] tid=966314 ompt_id=10977524091715585 tipo=ompt_thread_worker     last_cpu=  1 numa=0 mig=0 fallos=0 perf=full ratio_rm=0.0831
[OMPT] tid=966522 ompt_id=69524319247532033 tipo=ompt_thread_worker     last_cpu=130 numa=0 mig=0 fallos=0 perf=full ratio_rm=0.0786
[OMPT] tid=966328 ompt_id=14918173765664769 tipo=ompt_thread_worker     last_cpu=  2 numa=0 mig=0 fallos=0 perf=full ratio_rm=0.0939
[OMPT] tid=966456 ompt_id=50946970784628737 tipo=ompt_thread_worker     last_cpu=133 numa=0 mig=0 fallos=0 perf=full ratio_rm=0.0906
[OMPT] tid=966408 ompt_id=37436171902517249 tipo=ompt_thread_worker     last_cpu=  5 numa=0 mig=0 fallos=0 perf=full ratio_rm=0.0747
[OMPT] tid=966344 ompt_id=19421773393035265 tipo=ompt_thread_worker     last_cpu=  3 numa=0 mig=0 fallos=0 perf=full ratio_rm=0.0743
[OMPT] tid=966504 ompt_id=64457769666740225 tipo=ompt_thread_worker     last_cpu=131 numa=0 mig=0 fallos=0 perf=full ratio_rm=0.0585
[OMPT] tid=966433 ompt_id=44473046320283649 tipo=ompt_thread_worker     last_cpu=216 numa=1 mig=0 fallos=0 perf=full ratio_rm=0.0218
[OMPT] tid=966348 ompt_id=20547673299877889 tipo=ompt_thread_worker     last_cpu= 36 numa=0 mig=0 fallos=0 perf=full ratio_rm=0.0661
[OMPT] tid=966502 ompt_id=63894819713318913 tipo=ompt_thread_worker     last_cpu= 38 numa=0 mig=0 fallos=0 perf=full ratio_rm=0.0551
[OMPT] tid=966382 ompt_id=30117822508040193 tipo=ompt_thread_worker     last_cpu=164 numa=0 mig=0 fallos=0 perf=full ratio_rm=0.0963
[OMPT] tid=966342 ompt_id=18858823439613953 tipo=ompt_thread_worker     last_cpu=167 numa=0 mig=0 fallos=0 perf=full ratio_rm=0.0692
[OMPT] tid=966393 ompt_id=33214047251857409 tipo=ompt_thread_worker     last_cpu=242 numa=1 mig=0 fallos=0 perf=full ratio_rm=0.0191
[OMPT] tid=966336 ompt_id=17169973579350017 tipo=ompt_thread_worker     last_cpu=174 numa=0 mig=0 fallos=0 perf=full ratio_rm=0.0602
[OMPT] tid=966452 ompt_id=49821070877786113 tipo=ompt_thread_worker     last_cpu= 47 numa=0 mig=0 fallos=0 perf=full ratio_rm=0.0687
[OMPT] tid=966322 ompt_id=13510798882111489 tipo=ompt_thread_worker     last_cpu=175 numa=0 mig=0 fallos=0 perf=full ratio_rm=0.0621
[OMPT] tid=966457 ompt_id=51228445761339393 tipo=ompt_thread_worker     last_cpu=110 numa=1 mig=0 fallos=0 perf=full ratio_rm=0.0033
[OMPT] tid=966341 ompt_id=18577348462903297 tipo=ompt_thread_worker     last_cpu=238 numa=1 mig=0 fallos=0 perf=full ratio_rm=0.0183
[OMPT] tid=966373 ompt_id=27584547717644289 tipo=ompt_thread_worker     last_cpu=236 numa=1 mig=0 fallos=0 perf=full ratio_rm=0.0189
[OMPT] tid=966357 ompt_id=23080948090273793 tipo=ompt_thread_worker     last_cpu=237 numa=1 mig=0 fallos=0 perf=full ratio_rm=0.0175
[OMPT] tid=966515 ompt_id=67553994410557441 tipo=ompt_thread_worker     last_cpu=107 numa=1 mig=0 fallos=0 perf=full ratio_rm=0.0045
[OMPT] tid=966472 ompt_id=55450570411999233 tipo=ompt_thread_worker     last_cpu=109 numa=1 mig=0 fallos=0 perf=full ratio_rm=0.0032
[OMPT] tid=966437 ompt_id=45598946227126273 tipo=ompt_thread_worker     last_cpu=232 numa=1 mig=0 fallos=0 perf=full ratio_rm=0.0182
[OMPT] tid=966349 ompt_id=20829148276588545 tipo=ompt_thread_worker     last_cpu=213 numa=1 mig=0 fallos=0 perf=full ratio_rm=0.0230
[OMPT] tid=966499 ompt_id=63050394783186945 tipo=ompt_thread_worker     last_cpu= 84 numa=1 mig=0 fallos=0 perf=full ratio_rm=0.0048
[OMPT] tid=966517 ompt_id=68116944363978753 tipo=ompt_thread_worker     last_cpu= 83 numa=1 mig=0 fallos=0 perf=full ratio_rm=0.0069
[OMPT] tid=966335 ompt_id=16888498602639361 tipo=ompt_thread_worker     last_cpu=214 numa=1 mig=0 fallos=0 perf=full ratio_rm=0.0215
[OMPT] tid=966463 ompt_id=52917295621603329 tipo=ompt_thread_worker     last_cpu= 86 numa=1 mig=0 fallos=0 perf=full ratio_rm=0.0050
[OMPT] tid=966443 ompt_id=47287796087390209 tipo=ompt_thread_worker     last_cpu= 87 numa=1 mig=0 fallos=0 perf=full ratio_rm=0.0202
[OMPT] tid=966363 ompt_id=24769797950537729 tipo=ompt_thread_worker     last_cpu=212 numa=1 mig=0 fallos=0 perf=full ratio_rm=0.0087
[OMPT] tid=966392 ompt_id=32932572275146753 tipo=ompt_thread_worker     last_cpu=134 numa=0 mig=0 fallos=0 perf=full ratio_rm=0.0834
[OMPT] tid=966440 ompt_id=46443371157258241 tipo=ompt_thread_worker     last_cpu=  6 numa=0 mig=0 fallos=0 perf=full ratio_rm=0.0747
[OMPT] tid=966376 ompt_id=28428972647776257 tipo=ompt_thread_worker     last_cpu=  4 numa=0 mig=0 fallos=0 perf=full ratio_rm=0.0807
[OMPT] tid=966488 ompt_id=59954170039369729 tipo=ompt_thread_worker     last_cpu=132 numa=0 mig=0 fallos=0 perf=full ratio_rm=0.0735
[OMPT] tid=966508 ompt_id=65583669573582849 tipo=ompt_thread_worker     last_cpu= 11 numa=0 mig=0 fallos=0 perf=full ratio_rm=0.0903
[OMPT] tid=966386 ompt_id=31243722414882817 tipo=ompt_thread_worker     last_cpu=139 numa=0 mig=0 fallos=0 perf=full ratio_rm=0.0768
[OMPT] tid=966414 ompt_id=39125021762781185 tipo=ompt_thread_worker     last_cpu=137 numa=0 mig=0 fallos=0 perf=full ratio_rm=0.0793
[OMPT] tid=966316 ompt_id=11821949021847553 tipo=ompt_thread_worker     last_cpu=143 numa=0 mig=0 fallos=0 perf=full ratio_rm=0.0627
[OMPT] tid=966434 ompt_id=44754521296994305 tipo=ompt_thread_worker     last_cpu=136 numa=0 mig=0 fallos=0 perf=full ratio_rm=0.0831
[OMPT] tid=966520 ompt_id=68961369294110721 tipo=ompt_thread_worker     last_cpu=  8 numa=0 mig=0 fallos=0 perf=full ratio_rm=0.1054
[OMPT] tid=966361 ompt_id=24206847997116417 tipo=ompt_thread_worker     last_cpu= 73 numa=1 mig=0 fallos=0 perf=full ratio_rm=0.0262
[OMPT] tid=966497 ompt_id=62487444829765633 tipo=ompt_thread_worker     last_cpu= 68 numa=1 mig=0 fallos=0 perf=full ratio_rm=0.0072
[OMPT] tid=966377 ompt_id=28710447624486913 tipo=ompt_thread_worker     last_cpu=195 numa=1 mig=0 fallos=0 perf=full ratio_rm=0.0206
[OMPT] tid=966421 ompt_id=41095346599755777 tipo=ompt_thread_worker     last_cpu=193 numa=1 mig=0 fallos=0 perf=full ratio_rm=0.0228
[OMPT] tid=966347 ompt_id=20266198323167233 tipo=ompt_thread_worker     last_cpu=197 numa=1 mig=0 fallos=0 perf=full ratio_rm=0.0233
[OMPT] tid=966483 ompt_id=58546795155816449 tipo=ompt_thread_worker     last_cpu= 69 numa=1 mig=0 fallos=0 perf=full ratio_rm=0.0048
[OMPT] tid=966494 ompt_id=61643019899633665 tipo=ompt_thread_worker     last_cpu= 56 numa=0 mig=0 fallos=0 perf=full ratio_rm=0.0698
[OMPT] tid=966388 ompt_id=31806672368304129 tipo=ompt_thread_worker     last_cpu=147 numa=0 mig=0 fallos=0 perf=full ratio_rm=0.0777
[OMPT] tid=966448 ompt_id=48413695994232833 tipo=ompt_thread_worker     last_cpu= 23 numa=0 mig=0 fallos=0 perf=full ratio_rm=0.0693
[OMPT] tid=966318 ompt_id=12384898975268865 tipo=ompt_thread_worker     last_cpu=151 numa=0 mig=0 fallos=0 perf=full ratio_rm=0.0610
[OMPT] tid=966438 ompt_id=45880421203836929 tipo=ompt_thread_worker     last_cpu=184 numa=0 mig=0 fallos=0 perf=full ratio_rm=0.0695
[OMPT] tid=966402 ompt_id=35747322042253313 tipo=ompt_thread_worker     last_cpu=138 numa=0 mig=0 fallos=0 perf=full ratio_rm=0.0790
[OMPT] tid=966330 ompt_id=15481123719086081 tipo=ompt_thread_worker     last_cpu=142 numa=0 mig=0 fallos=0 perf=full ratio_rm=0.0651
[OMPT] tid=966458 ompt_id=51509920738050049 tipo=ompt_thread_worker     last_cpu= 14 numa=0 mig=0 fallos=0 perf=full ratio_rm=0.0637
[OMPT] tid=966450 ompt_id=49258120924364801 tipo=ompt_thread_worker     last_cpu= 15 numa=0 mig=0 fallos=0 perf=full ratio_rm=0.0713
[OMPT] tid=966374 ompt_id=27866022694354945 tipo=ompt_thread_worker     last_cpu=140 numa=0 mig=0 fallos=0 perf=full ratio_rm=0.0632
[OMPT] tid=966496 ompt_id=62205969853054977 tipo=ompt_thread_worker     last_cpu= 12 numa=0 mig=0 fallos=0 perf=full ratio_rm=0.0729
[OMPT] tid=966358 ompt_id=23362423066984449 tipo=ompt_thread_worker     last_cpu=141 numa=0 mig=0 fallos=0 perf=full ratio_rm=0.0625
[OMPT] tid=966484 ompt_id=58828270132527105 tipo=ompt_thread_worker     last_cpu= 13 numa=0 mig=0 fallos=0 perf=full ratio_rm=0.0631
[OMPT] tid=966477 ompt_id=56857945295552513 tipo=ompt_thread_worker     last_cpu= 77 numa=1 mig=0 fallos=0 perf=full ratio_rm=0.0057
[OMPT] tid=966467 ompt_id=54043195528445953 tipo=ompt_thread_worker     last_cpu=118 numa=1 mig=0 fallos=0 perf=full ratio_rm=0.0035
[OMPT] tid=966329 ompt_id=15199648742375425 tipo=ompt_thread_worker     last_cpu=246 numa=1 mig=0 fallos=0 perf=full ratio_rm=0.0159
[OMPT] tid=966527 ompt_id=70931694131085313 tipo=ompt_thread_worker     last_cpu=114 numa=1 mig=0 fallos=0 perf=full ratio_rm=0.0081
[OMPT] tid=966313 ompt_id=10696049115004929 tipo=ompt_thread_worker     last_cpu=207 numa=1 mig=0 fallos=0 perf=full ratio_rm=0.0228
[OMPT] tid=966447 ompt_id=48695170970943489 tipo=ompt_thread_worker     last_cpu= 79 numa=1 mig=0 fallos=0 perf=full ratio_rm=0.0231
[OMPT] tid=966444 ompt_id=47569271064100865 tipo=ompt_thread_worker     last_cpu= 55 numa=0 mig=0 fallos=0 perf=full ratio_rm=0.0544
[OMPT] tid=966324 ompt_id=13792273858822145 tipo=ompt_thread_worker     last_cpu=183 numa=0 mig=0 fallos=0 perf=full ratio_rm=0.0625
[OMPT] tid=966528 ompt_id=71213169107795969 tipo=ompt_thread_worker     last_cpu= 50 numa=0 mig=0 fallos=0 perf=full ratio_rm=0.0706
[OMPT] tid=966400 ompt_id=35184372088832001 tipo=ompt_thread_worker     last_cpu=128 numa=0 mig=0 fallos=0 perf=full ratio_rm=0.0977
[OMPT] tid=966390 ompt_id=32369622321725441 tipo=ompt_thread_worker     last_cpu=179 numa=0 mig=0 fallos=0 perf=full ratio_rm=0.0628
[OMPT] tid=966352 ompt_id=21673573206720513 tipo=ompt_thread_worker     last_cpu=181 numa=0 mig=0 fallos=0 perf=full ratio_rm=0.0483
[OMPT] tid=966366 ompt_id=25614222880669697 tipo=ompt_thread_worker     last_cpu=180 numa=0 mig=0 fallos=0 perf=full ratio_rm=0.0448
[OMPT] tid=966505 ompt_id=64739244643450881 tipo=ompt_thread_worker     last_cpu= 67 numa=1 mig=0 fallos=0 perf=full ratio_rm=0.0080
[OMPT] tid=966333 ompt_id=16325548649218049 tipo=ompt_thread_worker     last_cpu=198 numa=1 mig=0 fallos=0 perf=full ratio_rm=0.0219
[OMPT] tid=966427 ompt_id=42784196460019713 tipo=ompt_thread_worker     last_cpu=192 numa=1 mig=0 fallos=0 perf=full ratio_rm=0.0263
[OMPT] tid=966413 ompt_id=38843546786070529 tipo=ompt_thread_worker     last_cpu=233 numa=1 mig=0 fallos=0 perf=full ratio_rm=0.0247
[OMPT] tid=966501 ompt_id=63613344736608257 tipo=ompt_thread_worker     last_cpu=108 numa=1 mig=0 fallos=0 perf=full ratio_rm=0.0098
[OMPT] tid=966383 ompt_id=30399297484750849 tipo=ompt_thread_worker     last_cpu=235 numa=1 mig=0 fallos=0 perf=full ratio_rm=0.0225
[OMPT] tid=966451 ompt_id=49539595901075457 tipo=ompt_thread_worker     last_cpu=111 numa=1 mig=0 fallos=0 perf=full ratio_rm=0.0219
[OMPT] tid=966397 ompt_id=34339947158700033 tipo=ompt_thread_worker     last_cpu=234 numa=1 mig=0 fallos=0 perf=full ratio_rm=0.0216
[OMPT] tid=966500 ompt_id=63331869759897601 tipo=ompt_thread_worker     last_cpu= 52 numa=0 mig=0 fallos=0 perf=full ratio_rm=0.0662
[OMPT] tid=966412 ompt_id=38562071809359873 tipo=ompt_thread_worker     last_cpu=177 numa=0 mig=0 fallos=0 perf=full ratio_rm=0.0621
[OMPT] tid=966516 ompt_id=67835469387268097 tipo=ompt_thread_worker     last_cpu= 51 numa=0 mig=0 fallos=0 perf=full ratio_rm=0.0731
[OMPT] tid=966480 ompt_id=57702370225684481 tipo=ompt_thread_worker     last_cpu= 53 numa=0 mig=0 fallos=0 perf=full ratio_rm=0.0565
[OMPT] tid=966370 ompt_id=26740122787512321 tipo=ompt_thread_worker     last_cpu=156 numa=0 mig=0 fallos=0 perf=full ratio_rm=0.0726
[OMPT] tid=966422 ompt_id=41376821576466433 tipo=ompt_thread_worker     last_cpu=169 numa=0 mig=0 fallos=0 perf=full ratio_rm=0.0552
[OMPT] tid=966380 ompt_id=29554872554618881 tipo=ompt_thread_worker     last_cpu= 98 numa=1 mig=0 fallos=0 perf=full ratio_rm=0.0527
[OMPT] tid=966514 ompt_id=67272519433846785 tipo=ompt_thread_worker     last_cpu= 43 numa=0 mig=0 fallos=0 perf=full ratio_rm=0.0645
[OMPT] tid=966486 ompt_id=59391220085948417 tipo=ompt_thread_worker     last_cpu= 45 numa=0 mig=0 fallos=0 perf=full ratio_rm=0.0508
[OMPT] tid=966350 ompt_id=21110623253299201 tipo=ompt_thread_worker     last_cpu=173 numa=0 mig=0 fallos=0 perf=full ratio_rm=0.0591
[OMPT] tid=966460 ompt_id=52072870691471361 tipo=ompt_thread_worker     last_cpu= 46 numa=0 mig=0 fallos=0 perf=full ratio_rm=0.0634
[OMPT] tid=966490 ompt_id=60235645016080385 tipo=ompt_thread_worker     last_cpu= 44 numa=0 mig=0 fallos=0 perf=full ratio_rm=0.0477
[OMPT] tid=966368 ompt_id=26177172834091009 tipo=ompt_thread_worker     last_cpu=172 numa=0 mig=0 fallos=0 perf=full ratio_rm=0.0570
[OMPT] tid=966436 ompt_id=45317471250415617 tipo=ompt_thread_worker     last_cpu=168 numa=0 mig=0 fallos=0 perf=full ratio_rm=0.0668
[OMPT] tid=966530 ompt_id=71776119061217281 tipo=ompt_thread_worker     last_cpu= 42 numa=0 mig=0 fallos=0 perf=full ratio_rm=0.0587
[OMPT] tid=966396 ompt_id=34058472181989377 tipo=ompt_thread_worker     last_cpu=170 numa=0 mig=0 fallos=0 perf=full ratio_rm=0.0700
[OMPT] tid=966468 ompt_id=54324670505156609 tipo=ompt_thread_worker     last_cpu= 39 numa=0 mig=0 fallos=0 perf=full ratio_rm=0.0798
[OMPT] tid=966526 ompt_id=70650219154374657 tipo=ompt_thread_worker     last_cpu= 81 numa=1 mig=0 fallos=0 perf=full ratio_rm=0.0522
[OMPT] tid=966326 ompt_id=14355223812243457 tipo=ompt_thread_worker     last_cpu=165 numa=0 mig=0 fallos=0 perf=full ratio_rm=0.0535
[OMPT] tid=966518 ompt_id=68398419340689409 tipo=ompt_thread_worker     last_cpu= 37 numa=0 mig=0 fallos=0 perf=full ratio_rm=0.0617
[OMPT] tid=966439 ompt_id=46161896180547585 tipo=ompt_thread_worker     last_cpu=127 numa=1 mig=0 fallos=0 perf=full ratio_rm=0.0282
[OMPT] tid=966426 ompt_id=42502721483309057 tipo=ompt_thread_worker     last_cpu=152 numa=0 mig=0 fallos=0 perf=full ratio_rm=0.0745
[OMPT] tid=966493 ompt_id=61361544922923009 tipo=ompt_thread_worker     last_cpu=116 numa=1 mig=0 fallos=0 perf=full ratio_rm=0.0116
[OMPT] tid=966346 ompt_id=19984723346456577 tipo=ompt_thread_worker     last_cpu=189 numa=0 mig=0 fallos=0 perf=full ratio_rm=0.0475
[OMPT] tid=966340 ompt_id=18295873486192641 tipo=ompt_thread_worker     last_cpu=190 numa=0 mig=0 fallos=0 perf=full ratio_rm=0.0748
[OMPT] tid=966410 ompt_id=37999121855938561 tipo=ompt_thread_worker     last_cpu=185 numa=0 mig=0 fallos=0 perf=full ratio_rm=0.0629
[OMPT] tid=966321 ompt_id=12666373951979521 tipo=ompt_thread_worker     last_cpu=223 numa=1 mig=0 fallos=0 perf=full ratio_rm=0.0259
[OMPT] tid=966445 ompt_id=47850746040811521 tipo=ompt_thread_worker     last_cpu= 95 numa=1 mig=0 fallos=0 perf=full ratio_rm=0.0203
[OMPT] tid=966418 ompt_id=40250921669623809 tipo=ompt_thread_worker     last_cpu=153 numa=0 mig=0 fallos=0 perf=full ratio_rm=0.0783
[OMPT] tid=966420 ompt_id=40813871623045121 tipo=ompt_thread_worker     last_cpu=162 numa=0 mig=0 fallos=0 perf=full ratio_rm=0.0785
[OMPT] tid=966411 ompt_id=38280596832649217 tipo=ompt_thread_worker     last_cpu=241 numa=1 mig=0 fallos=0 perf=full ratio_rm=0.0271
[OMPT] tid=966365 ompt_id=25332747903959041 tipo=ompt_thread_worker     last_cpu=244 numa=1 mig=0 fallos=0 perf=full ratio_rm=0.0259
[OMPT] tid=966449 ompt_id=48976645947654145 tipo=ompt_thread_worker     last_cpu=119 numa=1 mig=0 fallos=0 perf=full ratio_rm=0.0200
[OMPT] tid=966430 ompt_id=43628621390151681 tipo=ompt_thread_worker     last_cpu=161 numa=0 mig=0 fallos=0 perf=full ratio_rm=0.0583
[OMPT] tid=966519 ompt_id=68679894317400065 tipo=ompt_thread_worker     last_cpu=122 numa=1 mig=0 fallos=0 perf=full ratio_rm=0.0144
[OMPT] tid=966359 ompt_id=23643898043695105 tipo=ompt_thread_worker     last_cpu=250 numa=1 mig=0 fallos=0 perf=full ratio_rm=0.0229
[OMPT] tid=966407 ompt_id=37154696925806593 tipo=ompt_thread_worker     last_cpu=254 numa=1 mig=0 fallos=0 perf=full ratio_rm=0.0208
[OMPT] tid=966471 ompt_id=55169095435288577 tipo=ompt_thread_worker     last_cpu=126 numa=1 mig=0 fallos=0 perf=full ratio_rm=0.0168
[OMPT] tid=966343 ompt_id=19140298416324609 tipo=ompt_thread_worker     last_cpu=249 numa=1 mig=0 fallos=0 perf=full ratio_rm=0.0294
[OMPT] tid=966442 ompt_id=47006321110679553 tipo=ompt_thread_worker     last_cpu=160 numa=0 mig=0 fallos=0 perf=full ratio_rm=0.0707
[OMPT] tid=966360 ompt_id=23925373020405761 tipo=ompt_thread_worker     last_cpu= 32 numa=0 mig=0 fallos=0 perf=full ratio_rm=0.0640
[OMPT] tid=966473 ompt_id=55732045388709889 tipo=ompt_thread_worker     last_cpu= 33 numa=0 mig=0 fallos=0 perf=full ratio_rm=0.0639
[OMPT] tid=966398 ompt_id=34621422135410689 tipo=ompt_thread_worker     last_cpu=163 numa=0 mig=0 fallos=0 perf=full ratio_rm=0.0618
[OMPT] tid=966351 ompt_id=21392098230009857 tipo=ompt_thread_worker     last_cpu=245 numa=1 mig=0 fallos=0 perf=full ratio_rm=0.0203
[OMPT] tid=966454 ompt_id=50384020831207425 tipo=ompt_thread_worker     last_cpu= 63 numa=0 mig=0 fallos=0 perf=full ratio_rm=0.0542
[OMPT] tid=966325 ompt_id=14073748835532801 tipo=ompt_thread_worker     last_cpu=191 numa=0 mig=0 fallos=0 perf=full ratio_rm=0.0470
[OMPT] tid=966435 ompt_id=45035996273704961 tipo=ompt_thread_worker     last_cpu=240 numa=1 mig=0 fallos=0 perf=full ratio_rm=0.0287
[OMPT] tid=966524 ompt_id=70087269200953345 tipo=ompt_thread_worker     last_cpu= 58 numa=0 mig=0 fallos=0 perf=full ratio_rm=0.0737
[OMPT] tid=966394 ompt_id=33495522228568065 tipo=ompt_thread_worker     last_cpu=186 numa=0 mig=0 fallos=0 perf=full ratio_rm=0.0572
[OMPT] tid=966482 ompt_id=58265320179105793 tipo=ompt_thread_worker     last_cpu= 61 numa=0 mig=0 fallos=0 perf=full ratio_rm=0.0498
[OMPT] tid=966511 ompt_id=66428094503714817 tipo=ompt_thread_worker     last_cpu= 91 numa=1 mig=0 fallos=0 perf=full ratio_rm=0.0127
[OMPT] tid=966465 ompt_id=53480245575024641 tipo=ompt_thread_worker     last_cpu= 94 numa=1 mig=0 fallos=0 perf=full ratio_rm=0.0130
[OMPT] tid=966315 ompt_id=11258999068426241 tipo=ompt_thread_worker     last_cpu=239 numa=1 mig=0 fallos=0 perf=full ratio_rm=0.0423
[OMPT] tid=966487 ompt_id=59672695062659073 tipo=ompt_thread_worker     last_cpu=125 numa=1 mig=0 fallos=0 perf=full ratio_rm=0.0062
[OMPT] tid=966391 ompt_id=32651097298436097 tipo=ompt_thread_worker     last_cpu=253 numa=1 mig=0 fallos=0 perf=full ratio_rm=0.0182
[OMPT] tid=966503 ompt_id=64176294690029569 tipo=ompt_thread_worker     last_cpu=123 numa=1 mig=0 fallos=0 perf=full ratio_rm=0.0101
[OMPT] tid=966331 ompt_id=15762598695796737 tipo=ompt_thread_worker     last_cpu=222 numa=1 mig=0 fallos=0 perf=full ratio_rm=0.0227
[OMPT] tid=966345 ompt_id=19703248369745921 tipo=ompt_thread_worker     last_cpu=221 numa=1 mig=0 fallos=0 perf=full ratio_rm=0.0227
[OMPT] tid=966337 ompt_id=17451448556060673 tipo=ompt_thread_worker     last_cpu=230 numa=1 mig=0 fallos=0 perf=full ratio_rm=0.0716
[OMPT] tid=966495 ompt_id=61924494876344321 tipo=ompt_thread_worker     last_cpu= 76 numa=1 mig=0 fallos=0 perf=full ratio_rm=0.0177
[OMPT] tid=966371 ompt_id=27021597764222977 tipo=ompt_thread_worker     last_cpu=204 numa=1 mig=0 fallos=0 perf=full ratio_rm=0.0287
[OMPT] tid=966461 ompt_id=52354345668182017 tipo=ompt_thread_worker     last_cpu= 78 numa=1 mig=0 fallos=0 perf=full ratio_rm=0.0094
[OMPT] tid=966355 ompt_id=22517998136852481 tipo=ompt_thread_worker     last_cpu=205 numa=1 mig=0 fallos=0 perf=full ratio_rm=0.0230
[OMPT] tid=966395 ompt_id=33776997205278721 tipo=ompt_thread_worker     last_cpu=218 numa=1 mig=0 fallos=0 perf=full ratio_rm=0.0238
[OMPT] tid=966523 ompt_id=69805794224242689 tipo=ompt_thread_worker     last_cpu= 90 numa=1 mig=0 fallos=0 perf=full ratio_rm=0.0133
[OMPT] tid=966367 ompt_id=25895697857380353 tipo=ompt_thread_worker     last_cpu=220 numa=1 mig=0 fallos=0 perf=full ratio_rm=0.0229
[OMPT] tid=966375 ompt_id=28147497671065601 tipo=ompt_thread_worker     last_cpu=251 numa=1 mig=0 fallos=0 perf=full ratio_rm=0.0254
[OMPT] tid=966509 ompt_id=65865144550293505 tipo=ompt_thread_worker     last_cpu= 75 numa=1 mig=0 fallos=0 perf=full ratio_rm=0.0155
[OMPT] tid=966387 ompt_id=31525197391593473 tipo=ompt_thread_worker     last_cpu=203 numa=1 mig=0 fallos=0 perf=full ratio_rm=0.0300
[OMPT] tid=966339 ompt_id=18014398509481985 tipo=ompt_thread_worker     last_cpu=206 numa=1 mig=0 fallos=0 perf=full ratio_rm=0.0284
[OMPT] tid=966489 ompt_id=60517119992791041 tipo=ompt_thread_worker     last_cpu= 92 numa=1 mig=0 fallos=0 perf=full ratio_rm=0.0102
[OMPT] tid=966441 ompt_id=46724846133968897 tipo=ompt_thread_worker     last_cpu= 71 numa=1 mig=0 fallos=0 perf=full ratio_rm=0.0300
[OMPT] tid=966405 ompt_id=36591746972385281 tipo=ompt_thread_worker     last_cpu=194 numa=1 mig=0 fallos=0 perf=full ratio_rm=0.0273
[OMPT] tid=966531 ompt_id=72057594037927937 tipo=ompt_thread_worker     last_cpu= 66 numa=1 mig=0 fallos=0 perf=full ratio_rm=0.0180
[OMPT] tid=966317 ompt_id=11540474045136897 tipo=ompt_thread_worker     last_cpu=199 numa=1 mig=0 fallos=0 perf=full ratio_rm=0.0296
[OMPT] ===== Overhead intrínseco =====
  monitor: 5 ticks, 15466.3 us total (max 7273.1 us/tick)
  callbacks implicit_task: 40449, 48881043.1 us total
  migraciones: 0 (0.0 us total)
  resyncs=0  lecturas escaladas por multiplexado=3328
  hilos con perf fallido=0  parcial=0
  ventanas con fills=512
